v VICTORYDEVICE
# silvaco.file ASCII version=1.14.29 format=1 contents=SDB,Tables=1

Copyright "###################################################################"
Copyright "#                    Copyright Silvaco Inc. (c)                   #"
Copyright "#                            1992-2014                            #"
Copyright "#                                                                 #"
Copyright "# This file format and the following Key are copyright Silvaco    #"
Copyright "# International. You may not use, this format or key without      #"
Copyright "# reproducing this message in full and obtaining                  #"
Copyright "# express written permission from Silvaco Inc.                    #"
Copyright "#                                                                 #"
Copyright "# To obtain such permission please contact: Silvaco Inc.          #"
Copyright "#                                           support@silvaco.com   #"
Copyright "#                                                                 #"
Copyright "# KEY=SVC86hn7562asdx                       PROD=345              #"
Copyright "###################################################################"
#This file was created by VICTORYDEVICE version 1.24.0.R
#victoryd 1.24.0.R (Wed Jun 26 14:38:19 PDT 2024)
#libSDB 1.12.65 (Thu Dec  7 08:14:05 PST 2023)
a VICTORYDEVICE
j 1 9
k 4
r 1 92
x 3 43 42 46
w source 1 1
r 2 92
x 3 43 42 46
w gate 1 2
r 3 92
x 3 43 42 46
w drain 1 3
r 4 92
x 3 43 42 46
w substrate 1 4
y 1 15
z 300
f 4 source gate drain substrate
p 12 2 601 20 3 602 21 4 603 22 5 604 23
d 0 0 -0.002373947491262796 4 4 0.00011884557268787003 0.1 0.1 0.0022551019185749034 0 0 0
d 0 0 -0.0046324403029726615 4 4 0.00010463714294970131 0.2 0.2 0.0045278031600229588 0 0 0
d 0 0 -0.0068905373958046889 4 4 9.2547325108097094e-05 0.3 0.3 0.0067979900706965912 0 0 0
d 0 0 -0.0091477931328423009 4 4 8.2308688911121155e-05 0.4 0.4 0.0090654844439299921 0 0 0
d 0 0 -0.011403661733644278 4 4 7.3668680223221717e-05 0.5 0.5 0.011329993053421056 0 0 0
d 0 0 -0.013657377450428795 4 4 6.6388777995488672e-05 0.60000000000000009 0.60000000000000009 0.013590988672433187 0 0 0
d 0 0 -0.015908352411885898 4 4 6.0245588312036345e-05 0.7 0.7 0.015848106823573859 0 0 0
d 0 0 -0.018156277725060871 4 4 5.5035553970406627e-05 0.8 0.8 0.018101242171090465 0 0 0
d 0 0 -0.020400924519662297 4 4 5.0580014158296375e-05 0.9 0.9 0.020350344505503999 0 0 0
d 0 0 -0.022642133897702484 4 4 4.6727712621206133e-05 1 1 0.022595406185081171 0 0 0
d 0 0 -0.02487975702516506 4 4 4.3354994455758082e-05 1.1000000000000001 1.1000000000000001 0.024836402030709241 0 0 0
d 0 0 -0.027113658448575936 4 4 4.0363750966127533e-05 1.2000000000000002 1.2000000000000002 0.02707329469760978 0 0 0
d 0 0 -0.029343741330649174 4 4 3.7677993986122901e-05 1.3 1.3 0.029306063336663031 0 0 0
d 0 0 -0.031569926513675441 4 4 3.5239952999348299e-05 1.4000000000000001 1.4000000000000001 0.031534686560676088 0 0 0
d 0 0 -0.033792141017149731 4 4 3.3006234381529486e-05 1.5 1.5 0.033759134782768194 0 0 0
d 0 0 -0.036010314930604637 4 4 3.094442492148318e-05 1.6000000000000001 1.6000000000000001 0.035979370505683152 0 0 0
d 0 0 -0.038224379674780838 4 4 2.9030296875188961e-05 1.7000000000000002 1.7000000000000002 0.038195349377905648 0 0 0
d 0 0 -0.040434266483606915 4 4 2.7245617085450891e-05 1.8 1.8 0.040407020866521461 0 0 0
d 0 0 -0.042639905186856557 4 4 2.557648742880885e-05 1.9000000000000001 1.9000000000000001 0.042614328699427745 0 0 0
d 0 0 -0.044841223356700453 4 4 2.4012118247276526e-05 2 2 0.044817211238453177 0 0 0
d 0 0 -0.066598655723618075 4 4 1.2765568128598637e-05 3 3 0.066585890155489463 0 0 0
d 0 0 -0.087821468464440527 4 4 6.9435044506592402e-06 4 4 0.08781452495998987 0 0 0
d 0 0 -0.10838652916905139 4 4 4.0584338409963402e-06 5 5 0.1083824707352104 0 0 0
d 0 0 -0.12813256397998798 4 4 2.5915954809311433e-06 6 6 0.12812997238450702 0 0 0
d 0 0 -0.14683675229859516 4 4 1.7823912663393101e-06 7 7 0.14683496990732881 0 0 0
d 0 0 -0.16419753642006632 4 4 1.2972319796360882e-06 8 8 0.16419623918808671 0 0 0
d 0 0 -0.1798243511023776 4 4 9.8658647529627833e-07 9 9 0.17982336451590231 0 0 0
d 0 0 -0.19318679610748166 4 4 7.8098728095150201e-07 10 10 0.1931860151202007 0 0 0
d 0 0 -0.20372089936039584 4 4 6.4661004133241743e-07 11 11 0.20372025275035446 0 0 0
d 0 0 -0.21133339899843048 4 4 5.6151483110195e-07 12 12 0.21133283748359932 0 0 0
d 0 0 -0.21673176806328079 4 4 5.0640312612615766e-07 13 13 0.21673126166015466 0 0 0
d 0 0 -0.22075877983624759 4 4 4.6784745360880506e-07 14 14 0.22075831198879398 0 0 0
d 0 0 -0.2239708078907923 4 4 4.3855553058275281e-07 15 15 0.22397036933526171 0 0 0
d 0 0 -0.22663697982665643 4 4 4.1517717570249081e-07 16 16 0.22663656464948073 0 0 0
d 0 0 -0.22889643860516234 4 4 3.9600364760137353e-07 17 17 0.22889604260151475 0 0 0
d 0 0 -0.23082953505766751 4 4 3.8005000648752833e-07 18 18 0.23082915500766102 0 0 0
d 0 0 -0.23248597292556186 4 4 3.6670152875215404e-07 19 19 0.23248560622403311 0 0 0
d 0 0 -0.23390552146523674 4 4 3.5549341826041951e-07 20 20 0.23390516597181843 0 0 0
Q 2 13 "Source Voltage"
Q 3 13 "Gate Voltage"
Q 4 13 "Drain Voltage"
Q 5 13 "Substrate Voltage"
Q 20 13 "Source Current"
Q 21 13 "Gate Current"
Q 22 13 "Drain Current"
Q 23 13 "Substrate Current"
Q 92 21 Contact
Q 601 13 "Source Int. Voltage"
Q 602 13 "Gate Int. Voltage"
Q 603 13 "Drain Int. Voltage"
Q 604 13 "Substrate Int. Voltage"
EOF 871817200
