v VICTORYDEVICE
# silvaco.file ASCII version=1.14.29 format=1 contents=SDB,Tables=1

Copyright "###################################################################"
Copyright "#                    Copyright Silvaco Inc. (c)                   #"
Copyright "#                            1992-2014                            #"
Copyright "#                                                                 #"
Copyright "# This file format and the following Key are copyright Silvaco    #"
Copyright "# International. You may not use, this format or key without      #"
Copyright "# reproducing this message in full and obtaining                  #"
Copyright "# express written permission from Silvaco Inc.                    #"
Copyright "#                                                                 #"
Copyright "# To obtain such permission please contact: Silvaco Inc.          #"
Copyright "#                                           support@silvaco.com   #"
Copyright "#                                                                 #"
Copyright "# KEY=SVC86hn7562asdx                       PROD=345              #"
Copyright "###################################################################"
#This file was created by VICTORYDEVICE version 1.24.0.R
#victoryd 1.24.0.R (Wed Jun 26 14:38:19 PDT 2024)
#libSDB 1.12.65 (Thu Dec  7 08:14:05 PST 2023)
a VICTORYDEVICE
j 1 9
k 4
r 1 92
x 3 43 42 46
w source 1 1
r 2 92
x 3 43 42 46
w gate 1 2
r 3 92
x 3 43 42 46
w drain 1 3
r 4 92
x 3 43 42 46
w substrate 1 4
y 1 15
z 300
f 4 source gate drain substrate
p 12 2 601 20 3 602 21 4 603 22 5 604 23
d 0 0 -0.0017564392973910426 4 4 0.00012313624674098345 0.1 0.1 0.0016333030506500592 0 0 0
d 0 0 -0.0033921813426671093 4 4 0.0001121597056031606 0.2 0.2 0.0032800216370639486 0 0 0
d 0 0 -0.0050279419408462457 4 4 0.00010237454182696304 0.3 0.3 0.0049255673990188211 0 0 0
d 0 0 -0.0066635094211763288 4 4 9.367493242096452e-05 0.4 0.4 0.0065698344887553635 0 0 0
d 0 0 -0.0082986778972870458 4 4 8.5959859778718552e-05 0.5 0.5 0.0082127180375083271 0 0 0
d 0 0 -0.0099332099731745775 4 4 7.9132332844509035e-05 0.60000000000000009 0.60000000000000009 0.0098540776403300678 0 0 0
d 0 0 -0.011566695025334459 4 4 7.3099458720306544e-05 0.7 0.7 0.01149359556661415 0 0 0
d 0 0 -0.013198566134829002 4 4 6.7772277220278689e-05 0.8 0.8 0.013130793857608536 0 0 0
d 0 0 -0.014828633420756755 4 4 6.3064800265612598e-05 0.9 0.9 0.014765568620491141 0 0 0
d 0 0 -0.016456894757475804 4 4 5.8896112724864626e-05 1 1 0.016397998644749969 0 0 0
d 0 0 -0.018083303042673401 4 4 5.5192026939698318e-05 1.1000000000000001 1.1000000000000001 0.018028111015733657 0 0 0
d 0 0 -0.019707790739463788 4 4 5.1885656057632816e-05 1.2000000000000002 1.2000000000000002 0.019655905083406144 0 0 0
d 0 0 -0.021330300399810011 4 4 4.8917746252911692e-05 1.3 1.3 0.021281382653557092 0 0 0
d 0 0 -0.022950782852710513 4 4 4.6236756833921904e-05 1.4000000000000001 1.4000000000000001 0.022904546095876589 0 0 0
d 0 0 -0.024569185804743265 4 4 4.3798621149554382e-05 1.5 1.5 0.024525387183593709 0 0 0
d 0 0 -0.026185462781459789 4 4 4.1566207860526881e-05 1.6000000000000001 1.6000000000000001 0.026143896573599262 0 0 0
d 0 0 -0.02779957755589817 4 4 3.9508619436513125e-05 1.7000000000000002 1.7000000000000002 0.027760068936461657 0 0 0
d 0 0 -0.029411500383033935 4 4 3.7600414022994408e-05 1.8 1.8 0.029373899969010939 0 0 0
d 0 0 -0.031021204854431567 4 4 3.5820809739924878e-05 1.9000000000000001 1.9000000000000001 0.030985384044691644 0 0 0
d 0 0 -0.032628666634059673 4 4 3.4152924510269617e-05 2 2 0.032594513709549404 0 0 0
d 0 0 -0.064273342378816503 4 4 1.3663889524697042e-05 4 4 0.064259678489291802 0 0 0
d 0 0 -0.094813299026303227 4 4 5.7403199150710629e-06 6 6 0.094807558706388156 0 0 0
d 0 0 -0.12395993747021364 4 4 2.8345522635584099e-06 8 8 0.12395710291795008 0 0 0
d 0 0 -0.15125033609267319 4 4 1.6405072138823695e-06 10 10 0.15124869558545931 0 0 0
d 0 0 -0.1758915180752299 4 4 1.0564494660704603e-06 12 12 0.17589046162576347 0 0 0
d 0 0 -0.19644929411001424 4 4 7.3705867428894096e-07 14 14 0.19644855705133443 0 0 0
d 0 0 -0.21083883759235472 4 4 5.6675078553453762e-07 16 16 0.21083827084144352 0 0 0
d 0 0 -0.21949957186977787 4 4 4.796617833237991e-07 18 18 0.21949909220798908 0 0 0
d 0 0 -0.22520649259832734 4 4 4.2760159934347463e-07 20 20 0.22520606499672516 0 0 0
d 0 0 -0.22939778918262074 4 4 3.9181233699292407e-07 22 22 0.22939739737028364 0 0 0
d 0 0 -0.23257635307657709 4 4 3.659682022407116e-07 24 24 0.23257598710837482 0 0 0
d 0 0 -0.23499543184081537 4 4 3.4701768150663714e-07 26 26 0.23499508482313386 0 0 0
d 0 0 -0.23691333048253491 4 4 3.3242112824160098e-07 28 28 0.23691299806140667 0 0 0
d 0 0 -0.23853194225977467 4 4 3.2039002441106705e-07 30 30 0.23853162186975024 0 0 0
d 0 0 -0.23995352427358596 4 4 3.1003667652937288e-07 32 32 0.23995321423690943 0 0 0
d 0 0 -0.24122283239648504 4 4 3.0095831216068308e-07 34 34 0.24122253143817288 0 0 0
d 0 0 -0.24235927289867973 4 4 2.9296139694074066e-07 36 36 0.24235897993728278 0 0 0
d 0 0 -0.24337179302596515 4 4 2.8593971721035985e-07 38 38 0.24337150708624794 0 0 0
d 0 0 -0.24426682501485464 4 4 2.7981304131767323e-07 40 40 0.24426654520181332 0 0 0
Q 2 13 "Source Voltage"
Q 3 13 "Gate Voltage"
Q 4 13 "Drain Voltage"
Q 5 13 "Substrate Voltage"
Q 20 13 "Source Current"
Q 21 13 "Gate Current"
Q 22 13 "Drain Current"
Q 23 13 "Substrate Current"
Q 92 21 Contact
Q 601 13 "Source Int. Voltage"
Q 602 13 "Gate Int. Voltage"
Q 603 13 "Drain Int. Voltage"
Q 604 13 "Substrate Int. Voltage"
EOF 812040128
