v VICTORYDEVICE
# silvaco.file ASCII version=1.14.29 format=1 contents=SDB,Tables=1

Copyright "###################################################################"
Copyright "#                    Copyright Silvaco Inc. (c)                   #"
Copyright "#                            1992-2014                            #"
Copyright "#                                                                 #"
Copyright "# This file format and the following Key are copyright Silvaco    #"
Copyright "# International. You may not use, this format or key without      #"
Copyright "# reproducing this message in full and obtaining                  #"
Copyright "# express written permission from Silvaco Inc.                    #"
Copyright "#                                                                 #"
Copyright "# To obtain such permission please contact: Silvaco Inc.          #"
Copyright "#                                           support@silvaco.com   #"
Copyright "#                                                                 #"
Copyright "# KEY=SVC86hn7562asdx                       PROD=345              #"
Copyright "###################################################################"
#This file was created by VICTORYDEVICE version 1.24.0.R
#victoryd 1.24.0.R (Wed Jun 26 14:38:19 PDT 2024)
#libSDB 1.12.65 (Thu Dec  7 08:14:05 PST 2023)
a VICTORYDEVICE
j 1 9
k 4
r 1 92
x 3 43 42 46
w source 1 1
r 2 92
x 3 43 42 46
w gate 1 2
r 3 92
x 3 43 42 46
w drain 1 3
r 4 92
x 3 43 42 46
w substrate 1 4
y 1 15
z 300
f 4 source gate drain substrate
p 12 2 601 20 3 602 21 4 603 22 5 604 23
d 0 0 -0.0023739795799769424 4 4 0.00011884486823435148 0.1 0.1 0.0022551347117425887 0 0 0
d 0 0 -0.0046325574365389281 4 4 0.00010463621738300017 0.2 0.2 0.0045279212191559242 0 0 0
d 0 0 -0.0068906975978754422 4 4 9.254643849049934e-05 0.3 0.3 0.0067981511593849424 0 0 0
d 0 0 -0.0091479690047312715 4 4 8.2307914889899432e-05 0.4 0.4 0.0090656610898413731 0 0 0
d 0 0 -0.011403962944248542 4 4 7.3667583138043317e-05 0.5 0.5 0.011330295361110498 0 0 0
d 0 0 -0.01365815330372866 4 4 6.6386423579235581e-05 0.60000000000000009 0.60000000000000009 0.013591766880149424 0 0 0
d 0 0 -0.015909759319518844 4 4 6.024198599809555e-05 0.7 0.7 0.015849517333520618 0 0 0
d 0 0 -0.018158231879909316 4 4 5.5031289397671268e-05 0.8 0.8 0.018103200590511643 0 0 0
d 0 0 -0.020403370076304505 4 4 5.0575418426090295e-05 0.9 0.9 0.020352794657878415 0 0 0
d 0 0 -0.022645040508687774 4 4 4.6722952460801822e-05 1 1 0.02259831755622688 0 0 0
d 0 0 -0.024883120898649469 4 4 4.3350131450063057e-05 1.1000000000000001 1.1000000000000001 0.024839770767199391 0 0 0
d 0 0 -0.027117487047228377 4 4 4.0358802609146146e-05 1.2000000000000002 1.2000000000000002 0.027077128244619223 0 0 0
d 0 0 -0.02934804251118963 4 4 3.7672965164759625e-05 1.3 1.3 0.029310369546024864 0 0 0
d 0 0 -0.031574708062839456 4 4 3.5234844114425746e-05 1.4000000000000001 1.4000000000000001 0.031539473218725023 0 0 0
d 0 0 -0.033797410670110682 4 4 3.3001045565876645e-05 1.5 1.5 0.033764409624544807 0 0 0
d 0 0 -0.036016080254412108 4 4 3.0939158144494993e-05 1.6000000000000001 1.6000000000000001 0.03598514109626761 0 0 0
d 0 0 -0.038230647935222524 4 4 2.902495672572053e-05 1.7000000000000002 1.7000000000000002 0.038201622978496809 0 0 0
d 0 0 -0.040441044507910841 4 4 2.7240210910129198e-05 1.8 1.8 0.040413804297000706 0 0 0
d 0 0 -0.042647199286793655 4 4 2.557102510931597e-05 1.9000000000000001 1.9000000000000001 0.042621628261684336 0 0 0
d 0 0 -0.044849039341032397 4 4 2.4006611746815409e-05 2 2 0.044825032729285584 0 0 0
d 0 0 -0.06661197583300256 4 4 1.2760380666681014e-05 3 3 0.06659921545233588 0 0 0
d 0 0 -0.087841042528662247 4 4 6.9394924329030056e-06 4 4 0.087834103036229336 0 0 0
d 0 0 -0.10841329500059935 4 4 4.0555825712740001e-06 5 5 0.10840923941802806 0 0 0
d 0 0 -0.12816697247897035 4 4 2.5895461863884023e-06 6 6 0.12816438293278393 0 0 0
d 0 0 -0.14687843707075668 4 4 1.7808596089478502e-06 7 7 0.1468766562111477 0 0 0
d 0 0 -0.16424491993714002 4 4 1.296051729984458e-06 8 8 0.16424362388541003 0 0 0
d 0 0 -0.17987422767773859 4 4 9.8566431177855496e-07 9 9 0.1798732420134268 0 0 0
d 0 0 -0.19323387475392953 4 4 7.8028684495650994e-07 10 10 0.19323309446708459 0 0 0
d 0 0 -0.20375927447765266 4 4 6.4611600054271726e-07 11 11 0.20375862836165204 0 0 0
d 0 0 -0.21136101513765909 4 4 5.6118664956972651e-07 12 12 0.2113604539510095 0 0 0
d 0 0 -0.21675119632910317 4 4 5.0618001631577733e-07 13 13 0.21675069014908685 0 0 0
d 0 0 -0.22077307379738556 4 4 4.6768480274740844e-07 14 14 0.22077260611258281 0 0 0
d 0 0 -0.22398176323062563 4 4 4.3843016316335184e-07 15 15 0.22398132480046246 0 0 0
d 0 0 -0.22664542836531307 4 4 4.1507830057932089e-07 16 16 0.2266450132870125 0 0 0
d 0 0 -0.22890284911112949 4 4 3.9592517197142691e-07 17 17 0.22890245318595753 0 0 0
d 0 0 -0.2308341630848201 4 4 3.799884114686941e-07 18 18 0.23083378309640865 0 0 0
d 0 0 -0.23248897092579715 4 4 3.6665457590438136e-07 19 19 0.23248860427122123 0 0 0
d 0 0 -0.23390707991167231 4 4 3.5545886186385982e-07 20 20 0.23390672445281038 0 0 0
Q 2 13 "Source Voltage"
Q 3 13 "Gate Voltage"
Q 4 13 "Drain Voltage"
Q 5 13 "Substrate Voltage"
Q 20 13 "Source Current"
Q 21 13 "Gate Current"
Q 22 13 "Drain Current"
Q 23 13 "Substrate Current"
Q 92 21 Contact
Q 601 13 "Source Int. Voltage"
Q 602 13 "Gate Int. Voltage"
Q 603 13 "Drain Int. Voltage"
Q 604 13 "Substrate Int. Voltage"
EOF 871817200
