v VICTORYDEVICE
# silvaco.file ASCII version=1.14.29 format=1 contents=SDB,Tables=1

Copyright "###################################################################"
Copyright "#                    Copyright Silvaco Inc. (c)                   #"
Copyright "#                            1992-2014                            #"
Copyright "#                                                                 #"
Copyright "# This file format and the following Key are copyright Silvaco    #"
Copyright "# International. You may not use, this format or key without      #"
Copyright "# reproducing this message in full and obtaining                  #"
Copyright "# express written permission from Silvaco Inc.                    #"
Copyright "#                                                                 #"
Copyright "# To obtain such permission please contact: Silvaco Inc.          #"
Copyright "#                                           support@silvaco.com   #"
Copyright "#                                                                 #"
Copyright "# KEY=SVC86hn7562asdx                       PROD=345              #"
Copyright "###################################################################"
#This file was created by VICTORYDEVICE version 1.24.0.R
#victoryd 1.24.0.R (Wed Jun 26 14:38:19 PDT 2024)
#libSDB 1.12.65 (Thu Dec  7 08:14:05 PST 2023)
a VICTORYDEVICE
j 1 9
k 4
r 1 92
x 3 43 42 46
w source 1 1
r 2 92
x 3 43 42 46
w gate 1 2
r 3 92
x 3 43 42 46
w drain 1 3
r 4 92
x 3 43 42 46
w substrate 1 4
y 1 15
z 300
f 4 source gate drain substrate
p 12 2 601 20 3 602 21 4 603 22 5 604 23
d 0 0 -0.0023739554729939622 4 4 0.00011884542671689323 0.1 0.1 0.002255110046277061 0 0 0
d 0 0 -0.0046324703177877498 4 4 0.00010463691431243298 0.2 0.2 0.0045278334034753159 0 0 0
d 0 0 -0.0068905888459402818 4 4 9.2547043207762665e-05 0.3 0.3 0.0067980418027325197 0 0 0
d 0 0 -0.0091478738094083554 4 4 8.2308335842328677e-05 0.4 0.4 0.0090655654735660261 0 0 0
d 0 0 -0.011403842591353153 4 4 7.3668028697738101e-05 0.5 0.5 0.011330174562655415 0 0 0
d 0 0 -0.013657795338265083 4 4 6.6387519481225424e-05 0.60000000000000009 0.60000000000000009 0.013591407818783818 0 0 0
d 0 0 -0.015909015856478307 4 4 6.0243898711408074e-05 0.7 0.7 0.015848771957766895 0 0 0
d 0 0 -0.018157155903209536 4 4 5.5033646370684549e-05 0.8 0.8 0.018102122256838851 0 0 0
d 0 0 -0.020402004799242156 4 4 5.0577992380766247e-05 0.9 0.9 0.020351426806861389 0 0 0
d 0 0 -0.022643410099691251 4 4 4.6725630028365718e-05 1 1 0.022596684469662821 0 0 0
d 0 0 -0.024881230113747897 4 4 4.335287125860415e-05 1.1000000000000001 1.1000000000000001 0.024837877242489266 0 0 0
d 0 0 -0.027115333751160209 4 4 4.0361590986413854e-05 1.2000000000000002 1.2000000000000002 0.02707497216017378 0 0 0
d 0 0 -0.029345624526306104 4 4 3.7675796530792659e-05 1.3 1.3 0.0293079487297753 0 0 0
d 0 0 -0.031572022726185714 4 4 3.5237716791027468e-05 1.4000000000000001 1.4000000000000001 0.031536785009394677 0 0 0
d 0 0 -0.033794454882913834 4 4 3.3003958879025337e-05 1.5 1.5 0.033761450924034805 0 0 0
d 0 0 -0.036012850744213308 4 4 3.0942110772147866e-05 1.6000000000000001 1.6000000000000001 0.035981908633441161 0 0 0
d 0 0 -0.038227141447737104 4 4 2.9027946014638992e-05 1.7000000000000002 1.7000000000000002 0.038198113501722461 0 0 0
d 0 0 -0.040437257926998725 4 4 2.7243232712886087e-05 1.8 1.8 0.040410014694285838 0 0 0
d 0 0 -0.042643129682386684 4 4 2.5574073903070979e-05 1.9000000000000001 1.9000000000000001 0.042617555608483612 0 0 0
d 0 0 -0.044844683956426684 4 4 2.4009680902365649e-05 2 2 0.044820674275524316 0 0 0
d 0 0 -0.06660460720379674 4 4 1.2763242373427384e-05 3 3 0.066591843961423314 0 0 0
d 0 0 -0.087830209624298494 4 4 6.9416957168916598e-06 4 4 0.087823267928581597 0 0 0
d 0 0 -0.10839844857801935 4 4 4.0571438010852696e-06 5 5 0.10839439143421827 0 0 0
d 0 0 -0.12814783186961132 4 4 2.5906657467031221e-06 6 6 0.12814524120386456 0 0 0
d 0 0 -0.14685514850519896 4 4 1.7816969916062763e-06 7 7 0.14685336680820732 0 0 0
d 0 0 -0.16421825167284523 4 4 1.2967007534286981e-06 8 8 0.16421695497209179 0 0 0
d 0 0 -0.17984577208652597 4 4 9.8617780416475779e-07 9 9 0.1798447859087218 0 0 0
d 0 0 -0.19320628485906127 4 4 7.8068631900150393e-07 10 10 0.19320550417274227 0 0 0
d 0 0 -0.20373554806305605 4 4 6.4641087825298771e-07 11 11 0.20373490165217775 0 0 0
d 0 0 -0.21134227422237767 4 4 5.6139794927482281e-07 12 12 0.21134171282442835 0 0 0
d 0 0 -0.21673626226042286 4 4 5.0633828969888912e-07 13 13 0.21673575592213318 0 0 0
d 0 0 -0.22076049175062468 4 4 4.6781242388136537e-07 14 14 0.22076002393820079 0 0 0
d 0 0 -0.2239706770877134 4 4 4.3853878130071298e-07 15 15 0.22397023854893211 0 0 0
d 0 0 -0.22663545142213193 4 4 4.1517334707746566e-07 16 16 0.22663503624878484 0 0 0
d 0 0 -0.22889376433132427 4 4 3.960097615814663e-07 17 17 0.22889336832156268 0 0 0
d 0 0 -0.23082585497778682 4 4 3.8006437307823679e-07 18 18 0.23082547491341374 0 0 0
d 0 0 -0.23248137497359703 4 4 3.667230782303525e-07 19 19 0.23248100825051879 0 0 0
d 0 0 -0.23390011247458403 4 4 3.5552105942816136e-07 20 20 0.23389975695352455 0 0 0
Q 2 13 "Source Voltage"
Q 3 13 "Gate Voltage"
Q 4 13 "Drain Voltage"
Q 5 13 "Substrate Voltage"
Q 20 13 "Source Current"
Q 21 13 "Gate Current"
Q 22 13 "Drain Current"
Q 23 13 "Substrate Current"
Q 92 21 Contact
Q 601 13 "Source Int. Voltage"
Q 602 13 "Gate Int. Voltage"
Q 603 13 "Drain Int. Voltage"
Q 604 13 "Substrate Int. Voltage"
EOF 871817200
