v VICTORYDEVICE
# silvaco.file ASCII version=1.14.29 format=1 contents=SDB,Tables=1

Copyright "###################################################################"
Copyright "#                    Copyright Silvaco Inc. (c)                   #"
Copyright "#                            1992-2014                            #"
Copyright "#                                                                 #"
Copyright "# This file format and the following Key are copyright Silvaco    #"
Copyright "# International. You may not use, this format or key without      #"
Copyright "# reproducing this message in full and obtaining                  #"
Copyright "# express written permission from Silvaco Inc.                    #"
Copyright "#                                                                 #"
Copyright "# To obtain such permission please contact: Silvaco Inc.          #"
Copyright "#                                           support@silvaco.com   #"
Copyright "#                                                                 #"
Copyright "# KEY=SVC86hn7562asdx                       PROD=345              #"
Copyright "###################################################################"
#This file was created by VICTORYDEVICE version 1.24.0.R
#victoryd 1.24.0.R (Wed Jun 26 14:38:19 PDT 2024)
#libSDB 1.12.65 (Thu Dec  7 08:14:05 PST 2023)
a VICTORYDEVICE
j 1 9
k 4
r 1 92
x 3 43 42 46
w source 1 1
r 2 92
x 3 43 42 46
w gate 1 2
r 3 92
x 3 43 42 46
w drain 1 3
r 4 92
x 3 43 42 46
w substrate 1 4
y 1 15
z 300
f 4 source gate drain substrate
p 12 2 601 20 3 602 21 4 603 22 5 604 23
d 0 0 -0.0033866648210619881 4 4 0.0001711518463805054 0.1 0.1 0.0032155129231982026 0 0 0
d 0 0 -0.0066098435082926829 4 4 0.00015171585988213185 0.2 0.2 0.0064581276484226117 0 0 0
d 0 0 -0.0098340584551855261 4 4 0.00013475637393612057 0.3 0.3 0.0096993020812486605 0 0 0
d 0 0 -0.013059008543258144 4 4 0.00012002447802855179 0.4 0.4 0.012938984065229215 0 0 0
d 0 0 -0.01628440918393078 4 4 0.00010729295363315355 0.5 0.5 0.016177116230297502 0 0 0
d 0 0 -0.019509989980559476 4 4 9.6340681746294701e-05 0.60000000000000009 0.60000000000000009 0.01941364929881316 0 0 0
d 0 0 -0.02273549506926879 4 4 8.6946086667197687e-05 0.7 0.7 0.022648548982601605 0 0 0
d 0 0 -0.025960685814607681 4 4 7.888913693079889e-05 0.8 0.8 0.025881796677676899 0 0 0
d 0 0 -0.029185344572761111 4 4 7.1958656352871824e-05 0.9 0.9 0.029113385916408253 0 0 0
d 0 0 -0.032409277848227405 4 4 6.596084358737629e-05 1 1 0.032343317004640035 0 0 0
d 0 0 -0.035632317562549004 4 4 6.0725803926732699e-05 1.1000000000000001 1.1000000000000001 0.035571591758622276 0 0 0
d 0 0 -0.038854320022566717 4 4 5.6110637939420571e-05 1.2000000000000002 1.2000000000000002 0.038798209384627295 0 0 0
d 0 0 -0.042075162993118156 4 4 5.1999208486498053e-05 1.3 1.3 0.042023163784631661 0 0 0
d 0 0 -0.045294741696992845 4 4 4.8299579650378999e-05 1.4000000000000001 1.4000000000000001 0.045246442117342467 0 0 0
d 0 0 -0.048512964565639707 4 4 4.4940290677533381e-05 1.5 1.5 0.048468024274962176 0 0 0
d 0 0 -0.051729749328583693 4 4 4.1866385390018267e-05 1.6000000000000001 1.6000000000000001 0.051687882943193673 0 0 0
d 0 0 -0.054945019747797134 4 4 3.9035757460537918e-05 1.7000000000000002 1.7000000000000002 0.054905983990336596 0 0 0
d 0 0 -0.058158703081904579 4 4 3.6416065005471849e-05 1.8 1.8 0.058122287016899109 0 0 0
d 0 0 -0.061370728230923634 4 4 3.3982267039929754e-05 1.9000000000000001 1.9000000000000001 0.061336745963883707 0 0 0
d 0 0 -0.06458102445033799 4 4 3.1714728370790881e-05 2 2 0.064549309721967207 0 0 0
d 0 0 -0.096572589759497868 4 4 1.5741066559227053e-05 3 3 0.096556848692938638 0 0 0
d 0 0 -0.12830401453169585 4 4 7.7652596764547684e-06 4 4 0.12829624927201941 0 0 0
d 0 0 -0.15968122129321827 4 4 4.0736921388341764e-06 5 5 0.15967714760107943 0 0 0
d 0 0 -0.19059637506965135 4 4 2.385196408336207e-06 6 6 0.19059398987324302 0 0 0
d 0 0 -0.22092572850376252 4 4 1.5369483586915172e-06 7 7 0.22092419155540383 0 0 0
d 0 0 -0.25053630188458464 4 4 1.0464460778577676e-06 8 8 0.25053525543850674 0 0 0
d 0 0 -0.27929768485637296 4 4 7.2591066888782114e-07 9 9 0.27929695894570405 0 0 0
d 0 0 -0.30707007609500536 4 4 4.9892450730289503e-07 10 10 0.30706957717049804 0 0 0
d 0 0 -0.33367334989852071 4 4 3.3180562423636763e-07 11 11 0.33367301809289651 0 0 0
d 0 0 -0.35887639081791367 4 4 2.0834904317566585e-07 12 12 0.35887618246887049 0 0 0
d 0 0 -0.38239267324565013 4 4 1.203860909743387e-07 13 13 0.38239255285955914 0 0 0
d 0 0 -0.40387794460122045 4 4 6.3007875570381055e-08 14 14 0.40387788159334487 0 0 0
d 0 0 -0.42299168008853583 4 4 3.0427108496985266e-08 15 15 0.42299164966142733 0 0 0
d 0 0 -0.43956160861577859 4 4 1.4393610324634535e-08 16 16 0.43956159422216823 0 0 0
d 0 0 -0.45367770569206034 4 4 7.1166816557623705e-09 17 17 0.45367769857537871 0 0 0
d 0 0 -0.46569714875244156 4 4 3.793335315414058e-09 18 18 0.46569714495910625 0 0 0
d 0 0 -0.47611906219425554 4 4 2.1751900569922957e-09 19 19 0.47611906001906545 0 0 0
d 0 0 -0.48537006033676061 4 4 1.3247765770599647e-09 20 20 0.48537005901198399 0 0 0
Q 2 13 "Source Voltage"
Q 3 13 "Gate Voltage"
Q 4 13 "Drain Voltage"
Q 5 13 "Substrate Voltage"
Q 20 13 "Source Current"
Q 21 13 "Gate Current"
Q 22 13 "Drain Current"
Q 23 13 "Substrate Current"
Q 92 21 Contact
Q 601 13 "Source Int. Voltage"
Q 602 13 "Gate Int. Voltage"
Q 603 13 "Drain Int. Voltage"
Q 604 13 "Substrate Int. Voltage"
EOF 871817200
