v VICTORYDEVICE
# silvaco.file ASCII version=1.14.29 format=1 contents=SDB,Tables=1

Copyright "###################################################################"
Copyright "#                    Copyright Silvaco Inc. (c)                   #"
Copyright "#                            1992-2014                            #"
Copyright "#                                                                 #"
Copyright "# This file format and the following Key are copyright Silvaco    #"
Copyright "# International. You may not use, this format or key without      #"
Copyright "# reproducing this message in full and obtaining                  #"
Copyright "# express written permission from Silvaco Inc.                    #"
Copyright "#                                                                 #"
Copyright "# To obtain such permission please contact: Silvaco Inc.          #"
Copyright "#                                           support@silvaco.com   #"
Copyright "#                                                                 #"
Copyright "# KEY=SVC86hn7562asdx                       PROD=345              #"
Copyright "###################################################################"
#This file was created by VICTORYDEVICE version 1.24.0.R
#victoryd 1.24.0.R (Wed Jun 26 14:38:19 PDT 2024)
#libSDB 1.12.65 (Thu Dec  7 08:14:05 PST 2023)
a VICTORYDEVICE
j 1 9
k 4
r 1 92
x 3 43 42 46
w source 1 1
r 2 92
x 3 43 42 46
w gate 1 2
r 3 92
x 3 43 42 46
w drain 1 3
r 4 92
x 3 43 42 46
w substrate 1 4
y 1 15
z 300
f 4 source gate drain substrate
p 12 2 601 20 3 602 21 4 603 22 5 604 23
d 0 0 -0.0023307578757419925 4 4 0.00013770092247152995 0.1 0.1 0.0021930569532704622 0 0 0
d 0 0 -0.0045247968786641928 4 4 0.00012552508107006627 0.2 0.2 0.0043992717975899712 0 0 0
d 0 0 -0.006716958932531626 4 4 0.00011464102292609786 0.3 0.3 0.0066023179096054456 0 0 0
d 0 0 -0.0089067861610965995 4 4 0.00010493380049025304 0.4 0.4 0.0088018523606062677 0 0 0
d 0 0 -0.011093844756554543 4 4 9.629516496121797e-05 0.5 0.5 0.010997549591593261 0 0 0
d 0 0 -0.013277733492599452 4 4 8.8622328956263955e-05 0.60000000000000009 0.60000000000000009 0.013189111163643139 0 0 0
d 0 0 -0.015458089135735601 4 4 8.1817223707851566e-05 0.7 0.7 0.015376271912027716 0 0 0
d 0 0 -0.017634589426999712 4 4 7.5786258551163195e-05 0.8 0.8 0.017558803168448527 0 0 0
d 0 0 -0.019806954244098916 4 4 7.0440528594651729e-05 0.9 0.9 0.01973651371550425 0 0 0
d 0 0 -0.021974945343006098 4 4 6.5696354644699854e-05 1 1 0.021909248988361392 0 0 0
d 0 0 -0.024138365290392875 4 4 6.1475991663063098e-05 1.1000000000000001 1.1000000000000001 0.024076889298729805 0 0 0
d 0 0 -0.026297058409298791 4 4 5.7708322996935666e-05 1.2000000000000002 1.2000000000000002 0.026239350086301853 0 0 0
d 0 0 -0.028450928757486629 4 4 5.4329365333133992e-05 1.3 1.3 0.028396599392153197 0 0 0
d 0 0 -0.030600050737794884 4 4 5.1282395898841299e-05 1.4000000000000001 1.4000000000000001 0.030548768341790631 0 0 0
d 0 0 -0.032745070423355768 4 4 4.8517490976256568e-05 1.5 1.5 0.032696552932370622 0 0 0
d 0 0 -0.034887143557866818 4 4 4.5991518049503015e-05 1.6000000000000001 1.6000000000000001 0.034841152039817268 0 0 0
d 0 0 -0.037026892413100768 4 4 4.3668791966626166e-05 1.7000000000000002 1.7000000000000002 0.036983223621120227 0 0 0
d 0 0 -0.039165289832720579 4 4 4.1519206919244827e-05 1.8 1.8 0.03912377062580133 0 0 0
d 0 0 -0.041301707618011593 4 4 3.9519340249488055e-05 1.9000000000000001 1.9000000000000001 0.041262188277762048 0 0 0
d 0 0 -0.043437395623002445 4 4 3.7648263757882644e-05 2 2 0.043399747359223195 0 0 0
d 0 0 -0.054097268377495254 4 4 2.975902695398945e-05 2.5 2.5 0.054067509350522444 0 0 0
d 0 0 -0.064730817917404496 4 4 2.3597916403026401e-05 3 3 0.064707220000997046 0 0 0
d 0 0 -0.075340079699224613 4 4 1.8674322005714987e-05 3.5 3.5 0.07532140537721374 0 0 0
d 0 0 -0.08591766586648264 4 4 1.4743500241178075e-05 4 4 0.085902922366241391 0 0 0
d 0 0 -0.10700272046182534 4 4 9.194027811373227e-06 5 5 0.10699352643399823 0 0 0
d 0 0 -0.12791910218384722 4 4 5.8639704529001521e-06 6 6 0.1279132382133378 0 0 0
d 0 0 -0.16906337794486348 4 4 2.7349366916001631e-06 8 8 0.1690606430081128 0 0 0
d 0 0 -0.20884892003789887 4 4 1.5038853874851726e-06 10 10 0.20884741615248972 0 0 0
d 0 0 -0.2465896290579726 4 4 8.9907255908572702e-07 12 12 0.24658872998531256 0 0 0
d 0 0 -0.28117518781650092 4 4 5.5102394576670694e-07 14 14 0.28117463679255245 0 0 0
d 0 0 -0.3099770831690743 4 4 3.4470022025512575e-07 16 16 0.30997673846885127 0 0 0
d 0 0 -0.3279527965105189 4 4 2.4367913448710388e-07 18 18 0.32795255283138103 0 0 0
d 0 0 -0.33504293169922256 4 4 2.0897328089552618e-07 20 20 0.33504272272594166 0 0 0
d 0 0 -0.33828493506887886 4 4 1.9403883148146483e-07 22 22 0.33828474103004735 0 0 0
d 0 0 -0.34038735192316344 4 4 1.8466428377930039e-07 24 24 0.34038716725887924 0 0 0
d 0 0 -0.34194140420074637 4 4 1.7789101812500242e-07 26 26 0.3419412263097279 0 0 0
d 0 0 -0.34313714731072081 4 4 1.727695419178749e-07 28 28 0.3431369745411767 0 0 0
d 0 0 -0.34402123564430725 4 4 1.6903323620371842e-07 30 30 0.34402106661107107 0 0 0
d 0 0 -0.34468819787649502 4 4 1.662426336932487e-07 32 32 0.3446880316338613 0 0 0
d 0 0 -0.34523360553869203 4 4 1.6397836779129526e-07 34 34 0.34523344156032421 0 0 0
d 0 0 -0.34570003033086155 4 4 1.6205455667400895e-07 36 36 0.34569986827630489 0 0 0
d 0 0 -0.34610125586454865 4 4 1.6040886159668226e-07 38 38 0.34610109545568707 0 0 0
d 0 0 -0.34644179913977319 4 4 1.5901866568687183e-07 40 40 0.34644164012110751 0 0 0
Q 2 13 "Source Voltage"
Q 3 13 "Gate Voltage"
Q 4 13 "Drain Voltage"
Q 5 13 "Substrate Voltage"
Q 20 13 "Source Current"
Q 21 13 "Gate Current"
Q 22 13 "Drain Current"
Q 23 13 "Substrate Current"
Q 92 21 Contact
Q 601 13 "Source Int. Voltage"
Q 602 13 "Gate Int. Voltage"
Q 603 13 "Drain Int. Voltage"
Q 604 13 "Substrate Int. Voltage"
EOF 2092904960
