v VICTORYDEVICE
# silvaco.file ASCII version=1.14.29 format=1 contents=SDB,Tables=1

Copyright "###################################################################"
Copyright "#                    Copyright Silvaco Inc. (c)                   #"
Copyright "#                            1992-2014                            #"
Copyright "#                                                                 #"
Copyright "# This file format and the following Key are copyright Silvaco    #"
Copyright "# International. You may not use, this format or key without      #"
Copyright "# reproducing this message in full and obtaining                  #"
Copyright "# express written permission from Silvaco Inc.                    #"
Copyright "#                                                                 #"
Copyright "# To obtain such permission please contact: Silvaco Inc.          #"
Copyright "#                                           support@silvaco.com   #"
Copyright "#                                                                 #"
Copyright "# KEY=SVC86hn7562asdx                       PROD=345              #"
Copyright "###################################################################"
#This file was created by VICTORYDEVICE version 1.24.0.R
#victoryd 1.24.0.R (Wed Jun 26 14:38:19 PDT 2024)
#libSDB 1.12.65 (Thu Dec  7 08:14:05 PST 2023)
a VICTORYDEVICE
j 1 9
k 4
r 1 92
x 3 43 42 46
w source 1 1
r 2 92
x 3 43 42 46
w gate 1 2
r 3 92
x 3 43 42 46
w drain 1 3
r 4 92
x 3 43 42 46
w substrate 1 4
y 1 15
z 300
f 4 source gate drain substrate
p 12 2 601 20 3 602 21 4 603 22 5 604 23
d 0 0 -0.0011897802977514683 4 4 6.328614299793339e-05 0.1 0.1 0.0011264941547535349 0 0 0
d 0 0 -0.0023157564834625677 4 4 5.8847345993651102e-05 0.2 0.2 0.0022569091374689161 0 0 0
d 0 0 -0.0034399962225015609 4 4 5.4841715254610191e-05 0.3 0.3 0.0033851545072454232 0 0 0
d 0 0 -0.0045620458696322723 4 4 5.1232200228728359e-05 0.4 0.4 0.0045108136694035437 0 0 0
d 0 0 -0.005681463674068749 4 4 4.7982934763235372e-05 0.5 0.5 0.0056334807393055132 0 0 0
d 0 0 -0.0067978737203886509 4 4 4.5059348311567858e-05 0.60000000000000009 0.60000000000000009 0.0067528143720755824 0 0 0
d 0 0 -0.0079109979112865925 4 4 4.2428390558277431e-05 0.7 0.7 0.0078685695207281504 0 0 0
d 0 0 -0.0090206204936656396 4 4 4.0058891648126483e-05 0.8 0.8 0.0089805616020175016 0 0 0
d 0 0 -0.010126517466274815 4 4 3.792188717496664e-05 0.9 0.9 0.010088595579099595 0 0 0
d 0 0 -0.011228491108113643 4 4 3.5990645685513797e-05 1 1 0.011192500462427963 0 0 0
d 0 0 -0.012326397150525888 4 4 3.4240704682247251e-05 1.1000000000000001 1.1000000000000001 0.01229215644584322 0 0 0
d 0 0 -0.013420102062836288 4 4 3.2649974574198698e-05 1.2000000000000002 1.2000000000000002 0.013387452088241551 0 0 0
d 0 0 -0.014509354783394211 4 4 3.1198863866627925e-05 1.3 1.3 0.014478155919527523 0 0 0
d 0 0 -0.01559325513545393 4 4 2.9870757160111834e-05 1.4000000000000001 1.4000000000000001 0.015563384378177942 0 0 0
d 0 0 -0.016669793616977541 4 4 2.86521226484414e-05 1.5 1.5 0.016641141493983977 0 0 0
d 0 0 -0.017737734169262907 4 4 2.7530110494829126e-05 1.6000000000000001 1.6000000000000001 0.01771020405876798 0 0 0
d 0 0 -0.018796941369587195 4 4 2.6492491920167554e-05 1.7000000000000002 1.7000000000000002 0.018770448877625034 0 0 0
d 0 0 -0.019847558442085717 4 4 2.5528579849101491e-05 1.8 1.8 0.019822029862220123 0 0 0
d 0 0 -0.020889682292192888 4 4 2.4629344052452236e-05 1.9000000000000001 1.9000000000000001 0.020865052948129629 0 0 0
d 0 0 -0.021923414916012639 4 4 2.3787129432787304e-05 2 2 0.021899627786575348 0 0 0
d 0 0 -0.031809762246116223 4 4 1.7467534798062074e-05 3 3 0.031792294711247469 0 0 0
d 0 0 -0.040890738617196491 4 4 1.3393393118951311e-05 4 4 0.040877345224077474 0 0 0
d 0 0 -0.049212231557908305 4 4 1.0594601425995596e-05 5 5 0.049201636888353634 0 0 0
d 0 0 -0.056867600210745779 4 4 8.6132842677365426e-06 6 6 0.056858986926477631 0 0 0
d 0 0 -0.063945750492925182 4 4 7.1742774414069416e-06 7 7 0.063938576215466225 0 0 0
d 0 0 -0.070523588704340848 4 4 6.1017737218741452e-06 8 8 0.070517486930543383 0 0 0
d 0 0 -0.07660700602567054 4 4 5.2886359944775661e-06 9 9 0.076601717389676055 0 0 0
d 0 0 -0.082283048930508779 4 4 4.6529808031651529e-06 10 10 0.082278395949612407 0 0 0
d 0 0 -0.087547090823675441 4 4 4.1488481365839878e-06 11 11 0.087542941975538455 0 0 0
d 0 0 -0.09238541156988006 4 4 3.7447455610131065e-06 12 12 0.092381666824319031 0 0 0
d 0 0 -0.096943262875594655 4 4 3.4073333197716333e-06 13 13 0.096939855542271289 0 0 0
d 0 0 -0.10109996514686131 4 4 3.1307734970389437e-06 14 14 0.10109683437320537 0 0 0
d 0 0 -0.10487368921122416 4 4 2.9021048299008417e-06 15 15 0.10487078710087659 0 0 0
d 0 0 -0.10841465264544801 4 4 2.7047955148497498e-06 16 16 0.10841194784993308 0 0 0
d 0 0 -0.1116658852630707 4 4 2.536961465576319e-06 17 17 0.11166334830108432 0 0 0
d 0 0 -0.11459114489295007 4 4 2.3959852816645578e-06 18 18 0.11458874890764251 0 0 0
d 0 0 -0.11719859520629561 4 4 2.27778220013245e-06 19 19 0.11719631742409203 0 0 0
d 0 0 -0.11953931589928329 4 4 2.1772983917443193e-06 20 20 0.11953713860086382 0 0 0
d 0 0 -0.12172321448561708 4 4 2.0880888504840064e-06 21 21 0.12172112639676543 0 0 0
d 0 0 -0.12370602353811309 4 4 2.0107025245419989e-06 22 22 0.12370401282670743 0 0 0
d 0 0 -0.12546723601461485 4 4 1.9447122218947319e-06 23 23 0.12546529130239295 0 0 0
d 0 0 -0.1270142938851474 4 4 1.8887883041868548e-06 24 24 0.12701240509489198 0 0 0
d 0 0 -0.12835893651423155 4 4 1.8416737363902405e-06 25 25 0.12835709483794322 0 0 0
d 0 0 -0.12951675956869202 4 4 1.8021792369304618e-06 26 26 0.12951495738174731 0 0 0
d 0 0 -0.13050577089731633 4 4 1.7692065923553002e-06 27 27 0.13050400166833753 0 0 0
d 0 0 -0.13134536631175681 4 4 1.7417529784016491e-06 28 28 0.13134362450627232 0 0 0
d 0 0 -0.13205809407389629 4 4 1.7188264597378692e-06 29 29 0.13205637514620219 0 0 0
d 0 0 -0.13266911135704645 4 4 1.6994431481452541e-06 30 30 0.13266741191389833 0 0 0
d 0 0 -0.13319833568788805 4 4 1.6828536671045183e-06 31 31 0.13319665283422094 0 0 0
d 0 0 -0.13365824059895226 4 4 1.6685850241927613e-06 32 32 0.13365657201392808 0 0 0
d 0 0 -0.13405425455620454 4 4 1.656407402126139e-06 33 33 0.13405259814880238 0 0 0
d 0 0 -0.13439159151579744 4 4 1.6461126484176232e-06 34 34 0.13438994540314902 0 0 0
d 0 0 -0.13467758874862723 4 4 1.6374407134691688e-06 35 35 0.13467595130791374 0 0 0
d 0 0 -0.1349199005492491 4 4 1.6301333189432159e-06 36 36 0.13491827041592985 0 0 0
d 0 0 -0.13512567990702157 4 4 1.6239561906968571e-06 37 37 0.13512405595083088 0 0 0
d 0 0 -0.13530143163960712 4 4 1.6187010840254944e-06 38 38 0.13529981293852308 0 0 0
d 0 0 -0.13545271451627763 4 4 1.6141927709934106e-06 39 39 0.13545110032350663 0 0 0
d 0 0 -0.13558409658775947 4 4 1.6102888409099823e-06 40 40 0.13558248629891853 0 0 0
Q 2 13 "Source Voltage"
Q 3 13 "Gate Voltage"
Q 4 13 "Drain Voltage"
Q 5 13 "Substrate Voltage"
Q 20 13 "Source Current"
Q 21 13 "Gate Current"
Q 22 13 "Drain Current"
Q 23 13 "Substrate Current"
Q 92 21 Contact
Q 601 13 "Source Int. Voltage"
Q 602 13 "Gate Int. Voltage"
Q 603 13 "Drain Int. Voltage"
Q 604 13 "Substrate Int. Voltage"
EOF 2108532016
