v VICTORYDEVICE
# silvaco.file ASCII version=1.14.29 format=1 contents=SDB,Tables=1

Copyright "###################################################################"
Copyright "#                    Copyright Silvaco Inc. (c)                   #"
Copyright "#                            1992-2014                            #"
Copyright "#                                                                 #"
Copyright "# This file format and the following Key are copyright Silvaco    #"
Copyright "# International. You may not use, this format or key without      #"
Copyright "# reproducing this message in full and obtaining                  #"
Copyright "# express written permission from Silvaco Inc.                    #"
Copyright "#                                                                 #"
Copyright "# To obtain such permission please contact: Silvaco Inc.          #"
Copyright "#                                           support@silvaco.com   #"
Copyright "#                                                                 #"
Copyright "# KEY=SVC86hn7562asdx                       PROD=345              #"
Copyright "###################################################################"
#This file was created by VICTORYDEVICE version 1.24.0.R
#victoryd 1.24.0.R (Wed Jun 26 14:38:19 PDT 2024)
#libSDB 1.12.65 (Thu Dec  7 08:14:05 PST 2023)
a VICTORYDEVICE
j 1 9
k 4
r 1 92
x 3 43 42 46
w source 1 1
r 2 92
x 3 43 42 46
w gate 1 2
r 3 92
x 3 43 42 46
w drain 1 3
r 4 92
x 3 43 42 46
w substrate 1 4
y 1 15
z 300
f 4 source gate drain substrate
p 12 2 601 20 3 602 21 4 603 22 5 604 23
d 0 0 -0.0017564853619004238 4 4 0.00012313534723519076 0.1 0.1 0.001633350014665233 0 0 0
d 0 0 -0.0033923348371384327 4 4 0.00011215837207648555 0.2 0.2 0.0032801764650619456 0 0 0
d 0 0 -0.0050281609732101828 4 4 0.00010237311487766695 0.3 0.3 0.0049257878583325162 0 0 0
d 0 0 -0.0066637412119522265 4 4 9.36736844129746e-05 0.4 0.4 0.0065700675275392516 0 0 0
d 0 0 -0.0082988922019781777 4 4 8.5958871192169653e-05 0.5 0.5 0.0082129333307860066 0 0 0
d 0 0 -0.0099334519230239587 4 4 7.9131360532009736e-05 0.60000000000000009 0.60000000000000009 0.0098543205624919486 0 0 0
d 0 0 -0.011567225545882655 4 4 7.3097593003703699e-05 0.7 0.7 0.011494127952878953 0 0 0
d 0 0 -0.013199852377164773 4 4 6.7768297621854955e-05 0.8 0.8 0.01313208407954292 0 0 0
d 0 0 -0.014830712096297799 4 4 6.3059110719806188e-05 0.9 0.9 0.014767652985577914 0 0 0
d 0 0 -0.016459536354927671 4 4 5.8889690496529269e-05 1 1 0.016400646664431071 0 0 0
d 0 0 -0.018086414989515021 4 4 5.5185278943388883e-05 1.1000000000000001 1.1000000000000001 0.018031229710565692 0 0 0
d 0 0 -0.019711347592781585 4 4 5.1878742337581048e-05 1.2000000000000002 1.2000000000000002 0.019659468850443833 0 0 0
d 0 0 -0.021334291496587884 4 4 4.8910750976646718e-05 1.3 1.3 0.021285380745611225 0 0 0
d 0 0 -0.022955204826589044 4 4 4.6229722566255324e-05 1.4000000000000001 1.4000000000000001 0.022908975104022785 0 0 0
d 0 0 -0.024574041570414283 4 4 4.3791563032919639e-05 1.5 1.5 0.024530250007381363 0 0 0
d 0 0 -0.026190756694376895 4 4 4.1559129095312151e-05 1.6000000000000001 1.6000000000000001 0.026149197565281581 0 0 0
d 0 0 -0.027805313575515894 4 4 3.9501518255970664e-05 1.7000000000000002 1.7000000000000002 0.027765812057259923 0 0 0
d 0 0 -0.029417682252940818 4 4 3.7593286298472753e-05 1.8 1.8 0.029380088966642345 0 0 0
d 0 0 -0.031027836286632113 4 4 3.581365076899514e-05 1.9000000000000001 1.9000000000000001 0.030992022635863117 0 0 0
d 0 0 -0.032635751322667515 4 4 3.4145730297820128e-05 2 2 0.032601605592369701 0 0 0
d 0 0 -0.064290189435099301 4 4 1.3657041119337774e-05 4 4 0.064276532393979971 0 0 0
d 0 0 -0.09484149331284214 4 4 5.7358792505764596e-06 6 6 0.094835757433591558 0 0 0
d 0 0 -0.12400111015550896 4 4 2.8319277080807638e-06 8 8 0.12399827822780089 0 0 0
d 0 0 -0.15130454805728508 4 4 1.6388024862119812e-06 10 10 0.15130290925479886 0 0 0
d 0 0 -0.17595528961913745 4 4 1.0552446930688884e-06 12 12 0.17595423437444399 0 0 0
d 0 0 -0.1965119914371613 4 4 7.3621535276203302e-07 14 14 0.19651125522180288 0 0 0
d 0 0 -0.21088555431978531 4 4 5.6623734183722177e-07 16 16 0.21088498808231632 0 0 0
d 0 0 -0.21953232666894659 4 4 4.7933870290839382e-07 18 18 0.21953184733023823 0 0 0
d 0 0 -0.22523234886993437 4 4 4.2736335088951023e-07 20 20 0.22523192150658058 0 0 0
d 0 0 -0.22941918330252473 4 4 3.9162441312912268e-07 22 22 0.22941879167811147 0 0 0
d 0 0 -0.23259408038673443 4 4 3.6581749791486245e-07 24 24 0.2325937145692365 0 0 0
d 0 0 -0.23501026916278253 4 4 3.4689421674402691e-07 26 26 0.23500992226856579 0 0 0
d 0 0 -0.23692647702066436 4 4 3.3231363162551031e-07 28 28 0.23692614470703274 0 0 0
d 0 0 -0.23854417111355586 4 4 3.2029170004132609e-07 30 30 0.23854385082185581 0 0 0
d 0 0 -0.23996518886457288 4 4 3.099443885087459e-07 32 32 0.23996487892018437 0 0 0
d 0 0 -0.24123406255038579 4 4 3.0087076591925308e-07 34 34 0.24123376167961988 0 0 0
d 0 0 -0.24237010265795084 4 4 2.9287806808193307e-07 36 36 0.24236980977988276 0 0 0
d 0 0 -0.24338220794895327 4 4 2.8586045946567607e-07 38 38 0.2433819220884938 0 0 0
d 0 0 -0.2442768240294842 4 4 2.797376407748316e-07 40 40 0.24427654429184342 0 0 0
Q 2 13 "Source Voltage"
Q 3 13 "Gate Voltage"
Q 4 13 "Drain Voltage"
Q 5 13 "Substrate Voltage"
Q 20 13 "Source Current"
Q 21 13 "Gate Current"
Q 22 13 "Drain Current"
Q 23 13 "Substrate Current"
Q 92 21 Contact
Q 601 13 "Source Int. Voltage"
Q 602 13 "Gate Int. Voltage"
Q 603 13 "Drain Int. Voltage"
Q 604 13 "Substrate Int. Voltage"
EOF 812040128
