v VICTORYDEVICE
# silvaco.file ASCII version=1.14.29 format=1 contents=SDB,Tables=1

Copyright "###################################################################"
Copyright "#                    Copyright Silvaco Inc. (c)                   #"
Copyright "#                            1992-2014                            #"
Copyright "#                                                                 #"
Copyright "# This file format and the following Key are copyright Silvaco    #"
Copyright "# International. You may not use, this format or key without      #"
Copyright "# reproducing this message in full and obtaining                  #"
Copyright "# express written permission from Silvaco Inc.                    #"
Copyright "#                                                                 #"
Copyright "# To obtain such permission please contact: Silvaco Inc.          #"
Copyright "#                                           support@silvaco.com   #"
Copyright "#                                                                 #"
Copyright "# KEY=SVC86hn7562asdx                       PROD=345              #"
Copyright "###################################################################"
#This file was created by VICTORYDEVICE version 1.24.0.R
#victoryd 1.24.0.R (Wed Jun 26 14:38:19 PDT 2024)
#libSDB 1.12.65 (Thu Dec  7 08:14:05 PST 2023)
a VICTORYDEVICE
j 1 9
k 4
r 1 92
x 3 43 42 46
w source 1 1
r 2 92
x 3 43 42 46
w gate 1 2
r 3 92
x 3 43 42 46
w drain 1 3
r 4 92
x 3 43 42 46
w substrate 1 4
y 1 15
z 300
f 4 source gate drain substrate
p 12 2 601 20 3 602 21 4 603 22 5 604 23
d 0 0 -0.0023310274463026635 4 4 0.00013769949166517927 0.1 0.1 0.0021933279546374842 0 0 0
d 0 0 -0.0045253768813696563 4 4 0.00012552226278450681 0.2 0.2 0.004399854618580409 0 0 0
d 0 0 -0.0067178748440334538 4 4 0.00011463701559058555 0.3 0.3 0.0066032378284427732 0 0 0
d 0 0 -0.0089080531109503522 4 4 0.00010492883761501616 0.4 0.4 0.0088031242733352423 0 0 0
d 0 0 -0.011095468053174734 4 4 9.6289491195129004e-05 0.5 0.5 0.010999178561979527 0 0 0
d 0 0 -0.01327971013947433 4 4 8.8616178427429088e-05 0.60000000000000009 0.60000000000000009 0.01319109396104684 0 0 0
d 0 0 -0.015460409687362729 4 4 8.1810804273931028e-05 0.7 0.7 0.015378598883088755 0 0 0
d 0 0 -0.017637239718442294 4 4 7.5779742891933456e-05 0.8 0.8 0.017561459975550336 0 0 0
d 0 0 -0.019809916786088677 4 4 7.0434051294326463e-05 0.9 0.9 0.019739482734794336 0 0 0
d 0 0 -0.021978200340268927 4 4 6.569001374506882e-05 1 1 0.021912510326523849 0 0 0
d 0 0 -0.024141891185510304 4 4 6.1469853357265294e-05 1.1000000000000001 1.1000000000000001 0.024080421332153035 0 0 0
d 0 0 -0.0263008311725434 4 4 5.7702429320592658e-05 1.2000000000000002 1.2000000000000002 0.026243128743222807 0 0 0
d 0 0 -0.028454915517271539 4 4 5.432374951783941e-05 1.3 1.3 0.028400591767753593 0 0 0
d 0 0 -0.030604177361733906 4 4 5.1277128069221363e-05 1.4000000000000001 1.4000000000000001 0.030552900233624284 0 0 0
d 0 0 -0.032749147388247003 4 4 4.8512756579906112e-05 1.5 1.5 0.032700634631659849 0 0 0
d 0 0 -0.034891034590251044 4 4 4.5987390115351704e-05 1.6000000000000001 1.6000000000000001 0.034845047200135613 0 0 0
d 0 0 -0.037030491612629828 4 4 4.3665290289609458e-05 1.7000000000000002 1.7000000000000002 0.036986826322313267 0 0 0
d 0 0 -0.039168615203392737 4 4 4.1516224145125278e-05 1.8 1.8 0.039127098979247578 0 0 0
d 0 0 -0.041304802645544057 4 4 3.9516766309365734e-05 1.9000000000000001 1.9000000000000001 0.041265285879234656 0 0 0
d 0 0 -0.043440137143884623 4 4 3.7646150373468755e-05 2 2 0.043402490993476164 0 0 0
d 0 0 -0.054099204909499807 4 4 2.97579230538554e-05 2.5 2.5 0.05406944698644349 0 0 0
d 0 0 -0.064732178778670463 4 4 2.3597304649858181e-05 3 3 0.064708581474018353 0 0 0
d 0 0 -0.075340509189050081 4 4 1.8674178790230597e-05 3.5 3.5 0.075321835010259006 0 0 0
d 0 0 -0.085918053675205067 4 4 1.4743358647309414e-05 4 4 0.085903310316557679 0 0 0
d 0 0 -0.10700259106419489 4 4 9.1939803903941386e-06 5 5 0.10699339708374407 0 0 0
d 0 0 -0.12792070888631404 4 4 5.8636803920240976e-06 6 6 0.12791484520587901 0 0 0
d 0 0 -0.1690710425482754 4 4 2.7345211829563262e-06 8 8 0.16906830802708461 0 0 0
d 0 0 -0.20888090292805395 4 4 1.5031704526445637e-06 10 10 0.20887939975760028 0 0 0
d 0 0 -0.24662398886219702 4 4 8.9862507790414528e-07 12 12 0.24662309023711895 0 0 0
d 0 0 -0.28123203582573836 4 4 5.5053045865752628e-07 14 14 0.28123148529515851 0 0 0
d 0 0 -0.31004205643947336 4 4 3.4427994173564913e-07 16 16 0.31004171215953158 0 0 0
d 0 0 -0.32798874336385414 4 4 2.4348208242080125e-07 18 18 0.3279884998817717 0 0 0
d 0 0 -0.33506442168896627 4 4 2.0886225452124719e-07 20 20 0.33506421282671173 0 0 0
d 0 0 -0.33830084101818386 4 4 1.9395936311008007e-07 22 22 0.33830064705882074 0 0 0
d 0 0 -0.34040783561020083 4 4 1.8456850943618619e-07 24 24 0.34040765104169096 0 0 0
d 0 0 -0.34197761815720168 4 4 1.7773073657241982e-07 26 26 0.34197744042646411 0 0 0
d 0 0 -0.34319427845661776 4 4 1.7252415266143094e-07 28 28 0.34319410593246485 0 0 0
d 0 0 -0.34408124899443443 4 4 1.6877964823105418e-07 30 30 0.34408108021478623 0 0 0
d 0 0 -0.34474901503301353 4 4 1.6598884363848558e-07 32 32 0.34474884904416986 0 0 0
d 0 0 -0.34529506746357386 4 4 1.6372454728518685e-07 34 34 0.34529490373902655 0 0 0
d 0 0 -0.34576271588065705 4 4 1.6179799422052694e-07 36 36 0.34576255408266282 0 0 0
d 0 0 -0.34616596486784307 4 4 1.6014603942917224e-07 38 38 0.34616580472180364 0 0 0
d 0 0 -0.34650901127944767 4 4 1.587474303213893e-07 40 40 0.34650885253201735 0 0 0
Q 2 13 "Source Voltage"
Q 3 13 "Gate Voltage"
Q 4 13 "Drain Voltage"
Q 5 13 "Substrate Voltage"
Q 20 13 "Source Current"
Q 21 13 "Gate Current"
Q 22 13 "Drain Current"
Q 23 13 "Substrate Current"
Q 92 21 Contact
Q 601 13 "Source Int. Voltage"
Q 602 13 "Gate Int. Voltage"
Q 603 13 "Drain Int. Voltage"
Q 604 13 "Substrate Int. Voltage"
EOF 2092904960
