v VICTORYDEVICE
# silvaco.file ASCII version=1.14.29 format=1 contents=SDB,Tables=1

Copyright "###################################################################"
Copyright "#                    Copyright Silvaco Inc. (c)                   #"
Copyright "#                            1992-2014                            #"
Copyright "#                                                                 #"
Copyright "# This file format and the following Key are copyright Silvaco    #"
Copyright "# International. You may not use, this format or key without      #"
Copyright "# reproducing this message in full and obtaining                  #"
Copyright "# express written permission from Silvaco Inc.                    #"
Copyright "#                                                                 #"
Copyright "# To obtain such permission please contact: Silvaco Inc.          #"
Copyright "#                                           support@silvaco.com   #"
Copyright "#                                                                 #"
Copyright "# KEY=SVC86hn7562asdx                       PROD=345              #"
Copyright "###################################################################"
#This file was created by VICTORYDEVICE version 1.24.0.R
#victoryd 1.24.0.R (Wed Jun 26 14:38:19 PDT 2024)
#libSDB 1.12.65 (Thu Dec  7 08:14:05 PST 2023)
a VICTORYDEVICE
j 1 9
k 4
r 1 92
x 3 43 42 46
w source 1 3
r 2 92
x 3 43 42 46
w gate 1 4
r 3 92
x 3 43 42 46
w drain 1 5
r 4 92
x 3 43 42 46
w substrate 1 6
y 1 15
z 300
f 6 "#1" "#2" source gate drain substrate
p 12 4 603 22 5 604 23 6 605 24 7 606 25
d 0 0 -0.0015197291312609204 4 4 6.1938253518442231e-05 0.1 0.1 0.0014577908777424781 0 0 0
d 0 0 -0.0029766537071841616 4 4 5.6421178662352613e-05 0.2 0.2 0.0029202325285218084 0 0 0
d 0 0 -0.0044309387830511193 4 4 5.159480248362957e-05 0.3 0.3 0.00437934398056749 0 0 0
d 0 0 -0.0058818725050936447 4 4 4.7380330010452264e-05 0.4 0.4 0.005834492175083192 0 0 0
d 0 0 -0.0073287695950499856 4 4 4.3703052073485597e-05 0.5 0.5 0.0072850665429744854 0 0 0
d 0 0 -0.0087710465006486365 4 4 4.0492937759750154e-05 0.60000000000000009 0.60000000000000009 0.0087305535628888556 0 0 0
d 0 0 -0.01020824168934923 4 4 3.7685359160386987e-05 0.7 0.7 0.010170556330187926 0 0 0
d 0 0 -0.011639993439807558 4 4 3.522173335600981e-05 0.8 0.8 0.011604771706451548 0 0 0
d 0 0 -0.013066000095320499 4 4 3.3049933355093979e-05 0.9 0.9 0.013032950161965394 0 0 0
d 0 0 -0.014486005311030866 4 4 3.1124380464904267e-05 1 1 0.014454880930565782 0 0 0
d 0 0 -0.015899803696849076 4 4 2.9405864143799944e-05 1.1000000000000001 1.1000000000000001 0.015870397832705271 0 0 0
d 0 0 -0.017307210163295044 4 4 2.7861195872250937e-05 1.2000000000000002 1.2000000000000002 0.017279348967412508 0 0 0
d 0 0 -0.018707946933871261 4 4 2.6462765745568454e-05 1.3 1.3 0.018681484168125487 0 0 0
d 0 0 -0.02010114267863174 4 4 2.5188297651520673e-05 1.4000000000000001 1.4000000000000001 0.020075954380977715 0 0 0
d 0 0 -0.021484423061097928 4 4 2.4020728648576707e-05 1.5 1.5 0.021460402328444116 0 0 0
d 0 0 -0.022855798465281189 4 4 2.2945766336145205e-05 1.6000000000000001 1.6000000000000001 0.022832852698944681 0 0 0
d 0 0 -0.024214907574403206 4 4 2.1950645911750638e-05 1.7000000000000002 1.7000000000000002 0.024192956928491393 0 0 0
d 0 0 -0.02556193885989607 4 4 2.1024721393619825e-05 1.8 1.8 0.025540914138482293 0 0 0
d 0 0 -0.0268970455964638 4 4 2.015943228429495e-05 1.9000000000000001 1.9000000000000001 0.026876886164165118 0 0 0
d 0 0 -0.028220527638476701 4 4 1.9347752152031945e-05 2 2 0.028201179886318272 0 0 0
d 0 0 -0.040828813041755362 4 4 1.3302375889056327e-05 3 3 0.040815510665760675 0 0 0
d 0 0 -0.052327966783690602 4 4 9.6327227726908055e-06 4 4 0.052318334060917904 0 0 0
d 0 0 -0.062811677992335307 4 4 7.3089636807591662e-06 5 5 0.06280436902865455 0 0 0
d 0 0 -0.072437197861973321 4 4 5.7725158560589833e-06 6 6 0.072431425346117156 0 0 0
d 0 0 -0.081158987329007184 4 4 4.7265417906142087e-06 7 7 0.081154260787216534 0 0 0
d 0 0 -0.089160144087899032 4 4 3.9734101273262372e-06 8 8 0.089156170677741217 0 0 0
d 0 0 -0.096362506039285992 4 4 3.4197545863419723e-06 9 9 0.096359086284518475 0 0 0
d 0 0 -0.10277449850650629 4 4 3.002971444407198e-06 10 10 0.10277149552797965 0 0 0
d 0 0 -0.10860825485386334 4 4 2.6740740928847073e-06 11 11 0.1086055807790746 0 0 0
d 0 0 -0.11368149986500974 4 4 2.4210643975219861e-06 12 12 0.1136790788005556 0 0 0
d 0 0 -0.1180191865497681 4 4 2.2261559887492425e-06 13 13 0.11801696039366932 0 0 0
d 0 0 -0.12183600999504164 4 4 2.0693754498969764e-06 14 14 0.12183394061958373 0 0 0
d 0 0 -0.12504225608525957 4 4 1.9474296552850438e-06 15 15 0.12504030865559571 0 0 0
d 0 0 -0.12766826080881208 4 4 1.8536959084899094e-06 16 16 0.12766640711289795 0 0 0
d 0 0 -0.12977393071833029 4 4 1.7822765910500615e-06 17 17 0.1297721484416956 0 0 0
d 0 0 -0.13143622464955082 4 4 1.728121331862547e-06 18 18 0.13143449652771907 0 0 0
d 0 0 -0.13273946218678559 4 4 1.6869765442281474e-06 19 19 0.13273777518907967 0 0 0
d 0 0 -0.13377182515084637 4 4 1.6551735158312091e-06 20 20 0.13377016997732963 0 0 0
d 0 0 -0.13464265835891354 4 4 1.6288737557759973e-06 21 21 0.13464102948515447 0 0 0
d 0 0 -0.13537257836352151 4 4 1.6071923414023355e-06 22 22 0.1353709711711801 0 0 0
d 0 0 -0.13595385591349329 4 4 1.5901579737744816e-06 23 23 0.13595226574330221 0 0 0
d 0 0 -0.13641965072635603 4 4 1.5766537109910174e-06 24 24 0.13641807404562828 0 0 0
d 0 0 -0.13679576730743712 4 4 1.5658428393283279e-06 25 25 0.13679420144159429 0 0 0
d 0 0 -0.13710146384354724 4 4 1.5571169275950673e-06 26 26 0.13709990670378644 0 0 0
d 0 0 -0.13735124516316402 4 4 1.5500272299014838e-06 27 27 0.1373496951180265 0 0 0
d 0 0 -0.13755629305201392 4 4 1.5442340222465954e-06 28 28 0.13755474880724206 0 0 0
d 0 0 -0.13772531926158263 4 4 1.5394765908763664e-06 29 29 0.13772377977918845 0 0 0
d 0 0 -0.13786516783837083 4 4 1.5355526727612673e-06 30 30 0.13786363228280007 0 0 0
Q 4 13 "Source Voltage"
Q 5 13 "Gate Voltage"
Q 6 13 "Drain Voltage"
Q 7 13 "Substrate Voltage"
Q 22 13 "Source Current"
Q 23 13 "Gate Current"
Q 24 13 "Drain Current"
Q 25 13 "Substrate Current"
Q 92 21 Contact
Q 603 13 "Source Int. Voltage"
Q 604 13 "Gate Int. Voltage"
Q 605 13 "Drain Int. Voltage"
Q 606 13 "Substrate Int. Voltage"
EOF 300355526
