v VICTORYDEVICE
# silvaco.file ASCII version=1.14.29 format=1 contents=SDB,Tables=1

Copyright "###################################################################"
Copyright "#                    Copyright Silvaco Inc. (c)                   #"
Copyright "#                            1992-2014                            #"
Copyright "#                                                                 #"
Copyright "# This file format and the following Key are copyright Silvaco    #"
Copyright "# International. You may not use, this format or key without      #"
Copyright "# reproducing this message in full and obtaining                  #"
Copyright "# express written permission from Silvaco Inc.                    #"
Copyright "#                                                                 #"
Copyright "# To obtain such permission please contact: Silvaco Inc.          #"
Copyright "#                                           support@silvaco.com   #"
Copyright "#                                                                 #"
Copyright "# KEY=SVC86hn7562asdx                       PROD=345              #"
Copyright "###################################################################"
#This file was created by VICTORYDEVICE version 1.24.0.R
#victoryd 1.24.0.R (Wed Jun 26 14:38:19 PDT 2024)
#libSDB 1.12.65 (Thu Dec  7 08:14:05 PST 2023)
a VICTORYDEVICE
j 1 9
k 4
r 1 92
x 3 43 42 46
w source 1 1
r 2 92
x 3 43 42 46
w gate 1 2
r 3 92
x 3 43 42 46
w drain 1 3
r 4 92
x 3 43 42 46
w substrate 1 4
y 1 15
z 300
f 4 source gate drain substrate
p 12 2 601 20 3 602 21 4 603 22 5 604 23
d 0 0 -1.7087542111810531e-16 0 0 -5.1915142013753439e-35 0.01 0.01 1.7082523709945225e-16 0 0 0
d 0 0 -7.3927694437160111e-16 0 0 -3.9979562705455801e-35 0.1 0.1 7.3927695078347852e-16 0 0 0
d 0 0 -8.5892208535639255e-16 0 0 8.2087875962511671e-35 0.5 0.5 8.5892208535683618e-16 0 0 0
d 0 0 -8.7686349165567466e-16 0 0 -1.5311595642293537e-36 1 1 8.7686349165567485e-16 0 0 0
d 0 0 -8.9038055917272865e-16 0 0 -1.9249379529538352e-36 2 2 8.9038055917272905e-16 0 0 0
d 0 0 -9.0852689638510363e-16 0 0 4.1716505112284967e-36 4 4 9.0852689638582288e-16 0 0 0
d 0 0 -9.2150673241715191e-16 0 0 1.0724991030700767e-34 6 6 9.2150673241715566e-16 0 0 0
d 0 0 -9.3269141079471259e-16 0 0 2.2794605226275739e-34 8 8 9.3269141079512063e-16 0 0 0
d 0 0 -9.4033736078436942e-16 0 0 1.969926117923336e-31 10 10 9.4033736078671332e-16 0 0 0
d 0 0 -9.4564387207598629e-16 0 0 4.2522646201185755e-33 12 12 9.456438720717789e-16 0 0 0
d 0 0 -9.5084677891077148e-16 0 0 5.6573736705978726e-33 14 14 9.5084677890934837e-16 0 0 0
d 0 0 -9.5638829461690928e-16 0 0 4.4490538468863984e-30 16 16 9.5638829466846016e-16 0 0 0
d 0 0 -9.6264309827003497e-16 0 0 1.186646237753998e-33 18 18 9.6264309826984052e-16 0 0 0
d 0 0 -9.6862621426256969e-16 0 0 3.2244389627814487e-32 20 20 9.6862621426145522e-16 0 0 0
d 0 0 -9.7425819493115622e-16 0 0 1.087766758839746e-30 22 22 9.7425819542842238e-16 0 0 0
d 0 0 -9.7847337493755307e-16 0 0 1.9625728332840975e-31 24 24 9.7847337533905704e-16 0 0 0
d 0 0 -9.8215136109303733e-16 0 0 2.0599101250786357e-30 26 26 9.8215136264314389e-16 0 0 0
d 0 0 -9.8578506378339435e-16 0 0 1.0501933740267635e-33 28 28 9.8578506337444136e-16 0 0 0
d 0 0 -9.893575000446387e-16 0 0 6.0548870288005584e-33 30 30 9.893574997478998e-16 0 0 0
d 0 0 -9.9283755491374144e-16 0 0 1.8009389758368816e-31 32 32 9.9283755411059229e-16 0 0 0
d 0 0 -9.9623499271681044e-16 0 0 5.8176834843552344e-31 34 34 9.9623499069121344e-16 0 0 0
d 0 0 -9.9955940912716833e-16 0 0 5.0976698841150836e-32 36 36 9.9955940855579401e-16 0 0 0
d 0 0 -1.0028169913435991e-15 0 0 1.7090081510066599e-31 38 38 1.0028169902372114e-15 0 0 0
d 0 0 -1.0059920460789125e-15 0 0 -5.3147898372172372e-32 40 40 1.0059920454033604e-15 0 0 0
d 0 0 -1.0090883965461872e-15 0 0 -1.3486220895952369e-31 42 42 1.0090883960261111e-15 0 0 0
d 0 0 -1.0120312967564901e-15 0 0 -2.4862092409043752e-32 44 44 1.0120312960050711e-15 0 0 0
d 0 0 -1.0145886972245775e-15 0 0 -3.1982809768623903e-31 46 46 1.0145886973104624e-15 0 0 0
d 0 0 -1.0167995212546828e-15 0 0 2.6920617717391078e-31 48 48 1.0167995233936092e-15 0 0 0
d 0 0 -1.0189161657707588e-15 0 0 9.9987063463797106e-30 50 50 1.0189161722749923e-15 0 0 0
d 0 0 -1.0210014648160149e-15 0 0 8.181644921672884e-31 52 52 1.0210014692829601e-15 0 0 0
d 0 0 -1.0230547413523455e-15 0 0 -4.7541569620202132e-30 54 54 1.0230547500844143e-15 0 0 0
d 0 0 -1.0250811600814066e-15 0 0 3.7820401126397333e-30 56 56 1.0250811514851566e-15 0 0 0
d 0 0 -1.0270844981375527e-15 0 0 -1.1563265501142053e-29 58 58 1.0270845030953179e-15 0 0 0
d 0 0 -1.0290645346222017e-15 0 0 -1.9389475723311298e-29 60 60 1.029064537101925e-15 0 0 0
d 0 0 -1.0310222772521315e-15 0 0 -3.0044367052334875e-29 62 62 1.0310222771244002e-15 0 0 0
d 0 0 -1.0329586514353937e-15 0 0 -4.5246089403631288e-29 64 64 1.0329586494135083e-15 0 0 0
d 0 0 -1.03487447551457e-15 0 0 -7.5904500207568739e-29 66 66 1.0348744861183917e-15 0 0 0
d 0 0 -1.0367707312654516e-15 0 0 -1.1986029852608483e-28 68 68 1.0367707295515848e-15 0 0 0
d 0 0 -1.0386485725184945e-15 0 0 -1.8230387646812339e-28 70 70 1.0386485682073178e-15 0 0 0
d 0 0 -1.0405092225552703e-15 0 0 -2.7407703891191804e-28 72 72 1.0405092158681183e-15 0 0 0
d 0 0 -1.0423541120336678e-15 0 0 -4.1163668534530216e-28 74 74 1.0423541000515845e-15 0 0 0
d 0 0 -1.0441856696082887e-15 0 0 -6.1874930435276557e-28 76 76 1.0441856512769908e-15 0 0 0
d 0 0 -1.0460048906440422e-15 0 0 -9.0727530825630102e-28 78 78 1.0460048780962011e-15 0 0 0
d 0 0 -1.0478074002070522e-15 0 0 -1.3206729087219321e-27 80 80 1.047807386374912e-15 0 0 0
d 0 0 -1.0495282431513203e-15 0 0 -1.8458221680899923e-27 82 82 1.049528217101389e-15 0 0 0
d 0 0 -1.0511440140273122e-15 0 0 -2.5296118772980846e-27 84 84 1.0511440001966753e-15 0 0 0
d 0 0 -1.0525994268654244e-15 0 0 -3.1240109526811176e-27 86 86 1.052599404342944e-15 0 0 0
d 0 0 -1.0539889860681342e-15 0 0 -3.3932817997724794e-27 88 88 1.0539889588976286e-15 0 0 0
d 0 0 -1.0553698909705534e-15 0 0 -5.0306660429183803e-27 90 90 1.055369890899578e-15 0 0 0
d 0 0 -1.056743139847126e-15 0 0 -6.2616467566476657e-27 92 92 1.0567431438261029e-15 0 0 0
d 0 0 -1.058109533251008e-15 0 0 -7.725455932809965e-27 94 94 1.0581095504756309e-15 0 0 0
d 0 0 -1.0594695038999119e-15 0 0 -9.5118163358615727e-27 96 96 1.0594695223588139e-15 0 0 0
d 0 0 -1.0608232160445149e-15 0 0 -1.1739091160225125e-26 98 98 1.0608232271091945e-15 0 0 0
d 0 0 -1.0621706821367954e-15 0 0 -1.4371261579113899e-26 100 100 1.0621707008237107e-15 0 0 0
d 0 0 -1.0655114126245305e-15 0 0 -2.3733975695155643e-26 105 105 1.0655113872450687e-15 0 0 0
d 0 0 -1.0688103545136342e-15 0 0 -3.8485789936895725e-26 110 110 1.0688103326537743e-15 0 0 0
d 0 0 -1.0720651228672587e-15 0 0 -6.1335615572361748e-26 115 115 1.0720650813112152e-15 0 0 0
d 0 0 -1.0752743990067273e-15 0 0 -9.622734417641009e-26 120 120 1.0752743703801931e-15 0 0 0
d 0 0 -1.078440200019461e-15 0 0 -1.4851720425256774e-25 125 125 1.0784401586403842e-15 0 0 0
d 0 0 -1.0815933638409928e-15 0 0 -2.2659077948157571e-25 130 130 1.0815933393932698e-15 0 0 0
d 0 0 -1.0847393492874187e-15 0 0 -3.4229027476594518e-25 135 135 1.084739314654225e-15 0 0 0
d 0 0 -1.0878547610470707e-15 0 0 -5.1086756664391873e-25 140 140 1.0878546292993632e-15 0 0 0
d 0 0 -1.0909387591763607e-15 0 0 -7.5352334808293718e-25 145 145 1.0909386418436535e-15 0 0 0
d 0 0 -1.0938506263914496e-15 0 0 -1.0686050730279307e-24 150 150 1.093850788452591e-15 0 0 0
d 0 0 -1.096368929403711e-15 0 0 -1.398918046150537e-24 155 155 1.0963687395809389e-15 0 0 0
d 0 0 -1.0986490308493837e-15 0 0 -1.7476075118388059e-24 160 160 1.0986486930311866e-15 0 0 0
d 0 0 -1.1009149871404976e-15 0 0 -2.1765362884286965e-24 165 165 1.1009145295086422e-15 0 0 0
d 0 0 -1.1031752097707817e-15 0 0 -2.7041121618491655e-24 170 170 1.1031745270006646e-15 0 0 0
d 0 0 -1.1054315766610425e-15 0 0 -3.3525902810827631e-24 175 175 1.105430856866958e-15 0 0 0
d 0 0 -1.1076673307216864e-15 0 0 -4.1488913473052755e-24 180 180 1.1076666468686365e-15 0 0 0
d 0 0 -1.1098825094284659e-15 0 0 -5.1256515127755573e-24 185 185 1.1098817464826845e-15 0 0 0
d 0 0 -1.1120780119797936e-15 0 0 -6.3225543455276221e-24 190 190 1.1120772442837001e-15 0 0 0
d 0 0 -1.1142537490649804e-15 0 0 -7.7871244315522571e-24 195 195 1.1142530411671291e-15 0 0 0
d 0 0 -1.1164083164373588e-15 0 0 -9.5751254013258454e-24 200 200 1.1164076431048354e-15 0 0 0
d 0 0 -1.1185391965832738e-15 0 0 -1.1750762849417099e-23 205 205 1.1185385606354538e-15 0 0 0
d 0 0 -1.1206440595979352e-15 0 0 -1.4388565505300417e-23 210 210 1.1206431559088974e-15 0 0 0
d 0 0 -1.1227238205779845e-15 0 0 -1.7581434575653987e-23 215 215 1.1227229156626265e-15 0 0 0
d 0 0 -1.1247806624961476e-15 0 0 -2.144341958851494e-23 220 220 1.1247787324811777e-15 0 0 0
d 0 0 -1.126815493938696e-15 0 0 -2.6107770187122639e-23 225 225 1.1268129687561402e-15 0 0 0
d 0 0 -1.1288286107123658e-15 0 0 -3.172966321229815e-23 230 230 1.128825673525139e-15 0 0 0
d 0 0 -1.1308201768327707e-15 0 0 -3.8492900812996983e-23 235 235 1.1308186273161806e-15 0 0 0
d 0 0 -1.132789798345796e-15 0 0 -4.6603138693205769e-23 240 240 1.1327877375709204e-15 0 0 0
d 0 0 -1.1347014773990653e-15 0 0 -5.6042873256292871e-23 245 245 1.1346994255359582e-15 0 0 0
d 0 0 -1.1365958535785173e-15 0 0 -6.7288919076497459e-23 250 250 1.1365971603482812e-15 0 0 0
d 0 0 -1.1384220850975165e-15 0 0 -8.012547885818871e-23 255 255 1.1384184204373488e-15 0 0 0
d 0 0 -1.1402062217395763e-15 0 0 -9.492862668313925e-23 260 260 1.1402002217579361e-15 0 0 0
d 0 0 -1.1419808704061187e-15 0 0 -1.1236826055019329e-22 265 265 1.1419755058762173e-15 0 0 0
d 0 0 -1.1437486480254973e-15 0 0 -1.3290998717076613e-22 270 270 1.143743171377893e-15 0 0 0
d 0 0 -1.1455115925646099e-15 0 0 -1.5709313591135306e-22 275 275 1.1455057839866278e-15 0 0 0
d 0 0 -1.1472579016812829e-15 0 0 -1.8519211569677308e-22 280 280 1.1472532800301278e-15 0 0 0
d 0 0 -1.1489553292703856e-15 0 0 -2.1680037970512722e-22 285 285 1.1489572247782208e-15 0 0 0
d 0 0 -1.1505874846729687e-15 0 0 -2.516843164611635e-22 290 290 1.1505865938748276e-15 0 0 0
d 0 0 -1.1521787878798361e-15 0 0 -2.9055054982720991e-22 295 295 1.152180277447641e-15 0 0 0
d 0 0 -1.153545002349175e-15 0 0 -3.2688285553161091e-22 300 300 1.1535432404325772e-15 0 0 0
d 0 0 -1.1548894491749663e-15 0 0 -3.6650765784552931e-22 305 305 1.1548865054435859e-15 0 0 0
d 0 0 -1.1562261622744822e-15 0 0 -4.1007785873519544e-22 310 310 1.1562239578539999e-15 0 0 0
d 0 0 -1.157560068996661e-15 0 0 -4.5789466344085281e-22 315 315 1.1575538739829896e-15 0 0 0
d 0 0 -1.1588951393074062e-15 0 0 -5.1034393641525777e-22 320 320 1.1588908681835452e-15 0 0 0
d 0 0 -1.1602682362197292e-15 0 0 -5.6774133599456442e-22 325 325 1.1602656893051007e-15 0 0 0
d 0 0 -1.1618307872191202e-15 0 0 -6.3065214766458575e-22 330 330 1.1618212372816914e-15 0 0 0
d 0 0 -1.1633838837259404e-15 0 0 -6.9953988608449282e-22 335 335 1.1633789977124016e-15 0 0 0
d 0 0 -1.1649203539313616e-15 0 0 -7.7487018701402649e-22 340 340 1.164915192779486e-15 0 0 0
d 0 0 -1.1664442481918303e-15 0 0 -8.5722181565924606e-22 345 345 1.166440097909239e-15 0 0 0
d 0 0 -1.1679578232873176e-15 0 0 -9.4722906112796407e-22 350 350 1.1679525145721044e-15 0 0 0
d 0 0 -1.169462877420312e-15 0 0 -1.0455190622792967e-21 355 355 1.1694578886732555e-15 0 0 0
d 0 0 -1.1709609184379263e-15 0 0 -1.1527651827791979e-21 360 360 1.170959806308814e-15 0 0 0
d 0 0 -1.1724532915082288e-15 0 0 -1.269694010298078e-21 365 365 1.1724524108351429e-15 0 0 0
d 0 0 -1.1739412858425274e-15 0 0 -1.397098107001838e-21 370 370 1.1739419293118014e-15 0 0 0
d 0 0 -1.1754262082768857e-15 0 0 -1.5358488554991259e-21 375 375 1.1754217270421157e-15 0 0 0
d 0 0 -1.176909368638401e-15 0 0 -1.6869035986709856e-21 380 380 1.1769085725075836e-15 0 0 0
d 0 0 -1.1783918983564727e-15 0 0 -1.8512915751936047e-21 385 385 1.1783893024970314e-15 0 0 0
d 0 0 -1.1798741791032454e-15 0 0 -2.0300358997077759e-21 390 390 1.179870093077276e-15 0 0 0
d 0 0 -1.1813155581574582e-15 0 0 -2.218172207709669e-21 395 395 1.1813146499201876e-15 0 0 0
d 0 0 -1.1827463541031868e-15 0 0 -2.4201551041387015e-21 400 400 1.1827502742095569e-15 0 0 0
d 0 0 -1.1841072458051642e-15 0 0 -2.6264393152206466e-21 405 405 1.1841068419494658e-15 0 0 0
d 0 0 -1.1853450717792505e-15 0 0 -2.8256895507597434e-21 410 410 1.1853428551162338e-15 0 0 0
d 0 0 -1.1865774540107928e-15 0 0 -3.0372563063667383e-21 415 415 1.18657820182169e-15 0 0 0
d 0 0 -1.187812117679037e-15 0 0 -3.2633067206337249e-21 420 420 1.1878136707198677e-15 0 0 0
d 0 0 -1.1890519914425315e-15 0 0 -3.505399164564956e-21 425 425 1.1890508477844904e-15 0 0 0
d 0 0 -1.1902988601541291e-15 0 0 -3.7650875876043906e-21 430 430 1.1902995325052161e-15 0 0 0
d 0 0 -1.1915539475415713e-15 0 0 -4.0440770565267614e-21 435 435 1.1915537007314769e-15 0 0 0
d 0 0 -1.1928174583035392e-15 0 0 -4.3443011186847581e-21 440 440 1.1928189238292824e-15 0 0 0
d 0 0 -1.1940894586605094e-15 0 0 -4.6678643013344458e-21 445 445 1.1940920086484664e-15 0 0 0
d 0 0 -1.1955222200116575e-15 0 0 -5.0183105674213666e-21 450 450 1.195525002653655e-15 0 0 0
d 0 0 -1.1969201677893862e-15 0 0 -5.3784461024746265e-21 455 455 1.196926966586606e-15 0 0 0
d 0 0 -1.1982911972017605e-15 0 0 -5.7522430618220361e-21 460 460 1.1982979430114822e-15 0 0 0
d 0 0 -1.1996486073176037e-15 0 0 -6.1429663803107887e-21 465 465 1.1996554970221016e-15 0 0 0
d 0 0 -1.2009955233745815e-15 0 0 -6.551424219756777e-21 470 470 1.2010024225283047e-15 0 0 0
d 0 0 -1.2023324368353296e-15 0 0 -6.978000838413454e-21 475 475 1.2023371395308493e-15 0 0 0
d 0 0 -1.2036432880372221e-15 0 0 -7.4130295405272874e-21 480 480 1.203651260604206e-15 0 0 0
d 0 0 -1.2049348481605077e-15 0 0 -7.8559201808505873e-21 485 485 1.2049394482894604e-15 0 0 0
d 0 0 -1.2061831220512585e-15 0 0 -8.303020422647231e-21 490 490 1.2061852948530473e-15 0 0 0
d 0 0 -1.2073154051366576e-15 0 0 -8.7234022201278819e-21 495 495 1.2073163033682346e-15 0 0 0
d 0 0 -1.2084389407187363e-15 0 0 -9.155482289951107e-21 500 500 1.2084444660545171e-15 0 0 0
d 0 0 -1.2095587302681799e-15 0 0 -9.6016485075058652e-21 505 505 1.2095651853538894e-15 0 0 0
d 0 0 -1.2106771195777582e-15 0 0 -1.0062971446524752e-20 510 510 1.2106866722060238e-15 0 0 0
d 0 0 -1.2117948473328475e-15 0 0 -1.053991194675672e-20 515 515 1.2117993507855114e-15 0 0 0
d 0 0 -1.2129073580813969e-15 0 0 -1.1030566679664397e-20 520 520 1.2128568201910431e-15 0 0 0
d 0 0 -1.2139545603114264e-15 0 0 -1.1506832019585629e-20 525 525 1.2139218246267649e-15 0 0 0
d 0 0 -1.2150249258454069e-15 0 0 -1.2008600651389476e-20 530 530 1.2149756238582125e-15 0 0 0
d 0 0 -1.216028188323435e-15 0 0 -1.2492321039303372e-20 535 535 1.2159855471392246e-15 0 0 0
d 0 0 -1.2170309746439928e-15 0 0 -1.2989174599071745e-20 540 540 1.2169625098683102e-15 0 0 0
d 0 0 -1.2180351442530578e-15 0 0 -1.3500190734290936e-20 545 545 1.2178107842156102e-15 0 0 0
d 0 0 -1.2190414213382632e-15 0 0 -1.4025878251263101e-20 550 550 1.2185792168988633e-15 0 0 0
d 0 0 -1.220049989168001e-15 0 0 -1.4566476555602362e-20 555 555 1.2173870246287833e-15 0 0 0
d 0 0 -1.2205550562828767e-15 0 0 -1.4842367514711517e-20 557.5 557.5 1.2178135774907886e-15 0 0 0
d 0 0 -1.2210605788982994e-15 0 0 -1.5121968841704065e-20 560 560 1.2171652239960229e-15 0 0 0
d 0 0 -1.2215665775537454e-15 0 0 -1.5405303708078589e-20 562.5 562.5 1.2206907284494866e-15 0 0 0
d 0 0 -1.2220731653700538e-15 0 0 -1.5692447924098842e-20 565 565 1.2210649190247672e-15 0 0 0
d 0 0 -1.223088603309236e-15 0 0 -1.6278503096178904e-20 570 570 1.2213741100273325e-15 0 0 0
d 0 0 -1.2241074080887939e-15 0 0 -1.6880552155720854e-20 575 575 1.2180202864332961e-15 0 0 0
d 0 0 -1.2246181883826832e-15 0 0 -1.7187680446446481e-20 577.5 577.5 1.2219664015684305e-15 0 0 0
d 0 0 -1.225129957561968e-15 0 0 -1.7498940853748892e-20 580 580 1.2218661693098337e-15 0 0 0
d 0 0 -1.2256427602259531e-15 0 0 -1.7814376075883895e-20 582.5 582.5 1.2194366468627128e-15 0 0 0
d 0 0 -1.2261566323137367e-15 0 0 -1.8134023322656668e-20 585 585 1.2207970887347594e-15 0 0 0
d 0 0 -1.2271877223984167e-15 0 0 -1.8786101125340333e-20 590 590 1.2207881270510636e-15 0 0 0
d 0 0 -1.228223701028111e-15 0 0 -1.9455597741015195e-20 595 595 1.2222971985224811e-15 0 0 0
d 0 0 -1.2292648042166774e-15 0 0 -2.0142791224562359e-20 600 600 1.2178020854067107e-15 0 0 0
d 0 0 -1.2303103916282442e-15 0 0 -2.0847364860743816e-20 605 605 1.2195949786612309e-15 0 0 0
d 0 0 -1.2313609858564367e-15 0 0 -2.1569760965274398e-20 610 610 1.2231562316734572e-15 0 0 0
d 0 0 -1.2324170744254591e-15 0 0 -2.2310415306755089e-20 615 615 1.2272279014614721e-15 0 0 0
d 0 0 -1.2334790015488358e-15 0 0 -2.3069677911275866e-20 620 620 1.2177611240730885e-15 0 0 0
d 0 0 -1.2345468597551814e-15 0 0 -2.3847726581822009e-20 625 625 1.2227173242620798e-15 0 0 0
d 0 0 -1.2356208394649251e-15 0 0 -2.4644810326294906e-20 630 630 1.2284336009925291e-15 0 0 0
d 0 0 -1.2367011812233611e-15 0 0 -2.5461220165134172e-20 635 635 1.2198857863176566e-15 0 0 0
d 0 0 -1.2377882165903427e-15 0 0 -2.6297325265490022e-20 640 640 1.2304761910746383e-15 0 0 0
d 0 0 -1.2388825503966803e-15 0 0 -2.7153720895312432e-20 645 645 1.2288367267204708e-15 0 0 0
d 0 0 -1.2399847479527878e-15 0 0 -2.8030994082968477e-20 650 650 1.2274901434710623e-15 0 0 0
d 0 0 -1.2410951874540339e-15 0 0 -2.8929598481330658e-20 655 655 1.2266179557082054e-15 0 0 0
d 0 0 -1.242214444503795e-15 0 0 -2.9850155738092948e-20 660 660 1.2278060719968636e-15 0 0 0
d 0 0 -1.243343165376409e-15 0 0 -3.0793356212092537e-20 665 665 1.2296772775589681e-15 0 0 0
d 0 0 -1.2444819219111403e-15 0 0 -3.1759836156970023e-20 670 670 1.2319828368826446e-15 0 0 0
d 0 0 -1.2456313043147178e-15 0 0 -3.2750249131578762e-20 675 675 1.235072229542735e-15 0 0 0
d 0 0 -1.2467919335003036e-15 0 0 -3.3765274043613826e-20 680 680 1.2385440905186167e-15 0 0 0
d 0 0 -1.2479644029660194e-15 0 0 -3.4805560776179911e-20 685 685 1.2418561181320479e-15 0 0 0
d 0 0 -1.2491492388825637e-15 0 0 -3.5871685862917355e-20 690 690 1.2428500173942515e-15 0 0 0
d 0 0 -1.2503469169213229e-15 0 0 -3.6964156140181064e-20 695 695 1.2437807611295781e-15 0 0 0
d 0 0 -1.2515579672129195e-15 0 0 -3.808350080764422e-20 700 700 1.2468272762880725e-15 0 0 0
d 0 0 -1.2527829902418792e-15 0 0 -3.9230286197632247e-20 705 705 1.2468848715930135e-15 0 0 0
d 0 0 -1.2540226471838931e-15 0 0 -4.0405102272354817e-20 710 710 1.2496641151175589e-15 0 0 0
d 0 0 -1.2552776907944756e-15 0 0 -4.1608587366129176e-20 715 715 1.2540268414406252e-15 0 0 0
d 0 0 -1.2565489797334536e-15 0 0 -4.284144171621609e-20 720 720 1.2474316854297806e-15 0 0 0
d 0 0 -1.2578374869781429e-15 0 0 -4.4104437600766594e-20 725 725 1.2568893746475087e-15 0 0 0
d 0 0 -1.2591443808176421e-15 0 0 -4.5398487704769936e-20 730 730 1.2567136462869355e-15 0 0 0
d 0 0 -1.2604710815791829e-15 0 0 -4.672470034359482e-20 735 735 1.2596688136661974e-15 0 0 0
d 0 0 -1.2618192396937048e-15 0 0 -4.8084354527085761e-20 740 740 1.2611312757243341e-15 0 0 0
d 0 0 -1.2631907119385079e-15 0 0 -4.9478856027422219e-20 745 745 1.2620504123020328e-15 0 0 0
d 0 0 -1.2645875154664852e-15 0 0 -5.0909681138094182e-20 750 750 1.261039447048825e-15 0 0 0
d 0 0 -1.2660118006559405e-15 0 0 -5.2378327673704774e-20 755 755 1.2569373826690388e-15 0 0 0
d 0 0 -1.2674658635419983e-15 0 0 -5.3886306496548242e-20 760 760 1.2647013667331682e-15 0 0 0
d 0 0 -1.2689521373247051e-15 0 0 -5.5435109343996571e-20 765 765 1.2677981878059873e-15 0 0 0
d 0 0 -1.270473198929634e-15 0 0 -5.7026190214792512e-20 770 770 1.2614994588901528e-15 0 0 0
d 0 0 -1.2720317933480621e-15 0 0 -5.8660961077669352e-20 775 775 1.2596780819479251e-15 0 0 0
d 0 0 -1.273630862354931e-15 0 0 -6.034079215098059e-20 780 780 1.2684482768456149e-15 0 0 0
d 0 0 -1.2752735793519477e-15 0 0 -6.2067017030025635e-20 785 785 1.2743618213666944e-15 0 0 0
d 0 0 -1.2769634124415503e-15 0 0 -6.3840946328137162e-20 790 790 1.273813992508991e-15 0 0 0
d 0 0 -1.2787041584791703e-15 0 0 -6.5663889997231563e-20 795 795 1.2728418900750738e-15 0 0 0
d 0 0 -1.2804999732087302e-15 0 0 -6.7537176846732848e-20 800 800 1.272158595222304e-15 0 0 0
d 0 0 -1.2823554074335985e-15 0 0 -6.946216299462569e-20 805 805 1.272098541251188e-15 0 0 0
d 0 0 -1.2842754481593073e-15 0 0 -7.1440236479143358e-20 810 810 1.2818355707126141e-15 0 0 0
d 0 0 -1.2862655604459491e-15 0 0 -7.34728234766134e-20 815 815 1.2835823443977712e-15 0 0 0
d 0 0 -1.2883317208733752e-15 0 0 -7.5561393799991225e-20 820 820 1.2855273635398633e-15 0 0 0
d 0 0 -1.2904804512438007e-15 0 0 -7.7707466179714351e-20 825 825 1.2876541450630455e-15 0 0 0
d 0 0 -1.2927188467055934e-15 0 0 -7.9912611532512836e-20 830 830 1.2899433091643421e-15 0 0 0
d 0 0 -1.2950545998479372e-15 0 0 -8.2178454918865589e-20 835 835 1.2923803020552921e-15 0 0 0
d 0 0 -1.2974960204772139e-15 0 0 -8.4506676510259801e-20 840 840 1.2870081933869087e-15 0 0 0
d 0 0 -1.3000520418835317e-15 0 0 -8.6899011028590456e-20 845 845 1.2900385725074157e-15 0 0 0
d 0 0 -1.3027322307943273e-15 0 0 -8.9357248024438978e-20 850 850 1.2935578219639693e-15 0 0 0
d 0 0 -1.3055467757636194e-15 0 0 -9.1883230657864874e-20 855 855 1.2976789347699623e-15 0 0 0
d 0 0 -1.3085064718854885e-15 0 0 -9.4478855508600436e-20 860 860 1.3009043159307976e-15 0 0 0
d 0 0 -1.3116226919330087e-15 0 0 -9.714607276909593e-20 865 865 1.3089186696302944e-15 0 0 0
d 0 0 -1.3149073657750114e-15 0 0 -9.9886889158865381e-20 870 870 1.3062900317709343e-15 0 0 0
d 0 0 -1.3183729268918983e-15 0 0 -1.027033710449561e-19 875 875 1.3101797324407204e-15 0 0 0
d 0 0 -1.3220323148398302e-15 0 0 -1.0559765433425268e-19 880 880 1.3141926312089265e-15 0 0 0
d 0 0 -1.3258989626512007e-15 0 0 -1.0857195586714704e-19 885 885 1.3183485045104892e-15 0 0 0
d 0 0 -1.3299868259051273e-15 0 0 -1.1162857599013295e-19 890 890 1.322679857324373e-15 0 0 0
d 0 0 -1.334310479991351e-15 0 0 -1.1476995327555061e-19 895 895 1.3272308263785389e-15 0 0 0
d 0 0 -1.3388851909388338e-15 0 0 -1.179986025392136e-19 900 900 1.3320608317720548e-15 0 0 0
d 0 0 -1.3437271007000444e-15 0 0 -1.2131720695077886e-19 905 905 1.3372376115380335e-15 0 0 0
d 0 0 -1.3488533088971324e-15 0 0 -1.2472854302288108e-19 910 910 1.3428206183129743e-15 0 0 0
d 0 0 -1.3542819889301747e-15 0 0 -1.2823549941321021e-19 915 915 1.3488371090906425e-15 0 0 0
d 0 0 -1.3600323736999011e-15 0 0 -1.3184104334414772e-19 920 920 1.3552722100232503e-15 0 0 0
d 0 0 -1.3661243192135651e-15 0 0 -1.3554815603952653e-19 925 925 1.3620843487010483e-15 0 0 0
d 0 0 -1.3725783252757343e-15 0 0 -1.3935977327159776e-19 930 930 1.3687051516914481e-15 0 0 0
d 0 0 -1.3794150678122514e-15 0 0 -1.4327871565969502e-19 935 935 1.3763499011943705e-15 0 0 0
d 0 0 -1.3866550437623773e-15 0 0 -1.4730761946538122e-19 940 940 1.3841594378705789e-15 0 0 0
d 0 0 -1.3943182679624138e-15 0 0 -1.5144886870243506e-19 945 945 1.3851947184646789e-15 0 0 0
d 0 0 -1.4024238982793024e-15 0 0 -1.5570452682071494e-19 950 950 1.394843231668499e-15 0 0 0
d 0 0 -1.4109902907066924e-15 0 0 -1.6007626991652218e-19 955 955 1.4046178115260744e-15 0 0 0
d 0 0 -1.4200349300807397e-15 0 0 -1.6456531579918288e-19 960 960 1.4146109780179668e-15 0 0 0
d 0 0 -1.4295746413767353e-15 0 0 -1.6917235015529123e-19 965 965 1.4249008461960445e-15 0 0 0
d 0 0 -1.4396259472962065e-15 0 0 -1.7389744792316596e-19 970 970 1.4355509329883148e-15 0 0 0
d 0 0 -1.4502055851312546e-15 0 0 -1.7873998895101938e-19 975 975 1.4464420347051407e-15 0 0 0
d 0 0 -1.4613311552912766e-15 0 0 -1.83698566420308e-19 980 980 1.4576647791567292e-15 0 0 0
d 0 0 -1.4730218516277467e-15 0 0 -1.8877088571694303e-19 985 985 1.4699485855012243e-15 0 0 0
d 0 0 -1.4852993386968008e-15 0 0 -1.9395365008346321e-19 990 990 1.4821300507503354e-15 0 0 0
d 0 0 -1.4981884031828099e-15 0 0 -1.9924242740833603e-19 995 995 1.4953108155144754e-15 0 0 0
d 0 0 -1.5117177430607393e-15 0 0 -2.0463149383125894e-19 1000 1000 1.509078806616312e-15 0 0 0
d 0 0 -1.525920209802635e-15 0 0 -2.1011363760670176e-19 1005 1005 1.5234758222335524e-15 0 0 0
d 0 0 -1.5408338093168754e-15 0 0 -2.1567995251789262e-19 1010 1010 1.5385465524218278e-15 0 0 0
d 0 0 -1.5565027629673408e-15 0 0 -2.2131958848606994e-19 1015 1015 1.5464647000360103e-15 0 0 0
d 0 0 -1.5729773841541256e-15 0 0 -2.2701943624312581e-19 1020 1020 1.5632519319705017e-15 0 0 0
d 0 0 -1.590315410355666e-15 0 0 -2.3276375854518698e-19 1025 1025 1.580765778321331e-15 0 0 0
d 0 0 -1.6085761149227789e-15 0 0 -2.3853367685369803e-19 1030 1030 1.5990775619977973e-15 0 0 0
d 0 0 -1.627833958322859e-15 0 0 -2.4430681297732404e-19 1035 1035 1.6182539242511001e-15 0 0 0
d 0 0 -1.6481773498343394e-15 0 0 -2.5005651325782866e-19 1040 1040 1.6383699726411233e-15 0 0 0
d 0 0 -1.6697109457627588e-15 0 0 -2.5575083889788778e-19 1045 1045 1.6676711332217759e-15 0 0 0
d 0 0 -1.6925634520248271e-15 0 0 -2.6135107487174397e-19 1050 1050 1.6905017778862155e-15 0 0 0
d 0 0 -1.7168967760823479e-15 0 0 -2.6680932139368923e-19 1055 1055 1.7147839097431508e-15 0 0 0
d 0 0 -1.7429255973573384e-15 0 0 -2.7206438520751142e-19 1060 1060 1.7407177607609441e-15 0 0 0
d 0 0 -1.7709488781750215e-15 0 0 -2.7703445147622867e-19 1065 1065 1.7685751919186041e-15 0 0 0
d 0 0 -1.8014059699559884e-15 0 0 -2.8160339363981319e-19 1070 1070 1.7987386665977612e-15 0 0 0
d 0 0 -1.8349805188635855e-15 0 0 -2.8559349014627626e-19 1075 1075 1.8317549717021312e-15 0 0 0
d 0 0 -1.8728283374080551e-15 0 0 -2.8870658538632947e-19 1080 1080 1.8684097688949419e-15 0 0 0
d 0 0 -1.9179270359908599e-15 0 0 -2.9054225111265079e-19 1085 1085 1.9105825869097683e-15 0 0 0
d 0 0 -1.975178497364294e-15 0 0 -2.8992299763903708e-19 1090 1090 1.9732238872931897e-15 0 0 0
d 0 0 -2.0651905022728769e-15 0 0 -2.8203903306287076e-19 1095 1095 2.0652164504799823e-15 0 0 0
d 0 0 -2.1113681637486431e-15 0 0 -2.7493142554843362e-19 1096.25 1096.25 2.1062624553431908e-15 0 0 0
d 0 0 -2.1212756509223638e-15 0 0 -2.7316489809562587e-19 1096.40625 1096.40625 2.1204409228278045e-15 0 0 0
d 0 0 -2.1274725196027712e-15 0 0 -2.7201916520011169e-19 1096.484375 1096.484375 2.1192745813410357e-15 0 0 0
d 0 0 -2.1311326274328387e-15 0 0 -2.7132861853478678e-19 1096.5234375 1096.5234375 2.1219722143066114e-15 0 0 0
d 0 0 -2.1331748971313154e-15 0 0 -2.7093879329047079e-19 1096.54296875 1096.54296875 2.1235144382825414e-15 0 0 0
d 0 0 -2.1342655904151423e-15 0 0 -2.7072933684182522e-19 1096.552734375 1096.552734375 2.1268071656750429e-15 0 0 0
d 0 0 -2.1354113246321789e-15 0 0 -2.7050827107091879e-19 1096.5625 1096.5625 2.1272126259288593e-15 0 0 0
d 0 0 -2.136007786999092e-15 0 0 -2.703927924155278e-19 1096.5673828125 1096.5673828125 2.127559790220169e-15 0 0 0
d 0 0 -2.1366217274337689e-15 0 0 -2.7027363730837107e-19 1096.572265625 1096.572265625 2.1273742613314841e-15 0 0 0
d 0 0 -2.1372551251357918e-15 0 0 -2.7015045339232741e-19 1096.5771484375 1096.5771484375 2.1295983453193743e-15 0 0 0
d 0 0 -2.1375794351943903e-15 0 0 -2.7008723727813978e-19 1096.57958984375 1096.57958984375 2.1294184259161851e-15 0 0 0
d 0 0 -2.1379094211868031e-15 0 0 -2.70022857245506e-19 1096.58203125 1096.58203125 2.1303987082767778e-15 0 0 0
d 0 0 -2.1382449083120255e-15 0 0 -2.6995726766008958e-19 1096.58447265625 1096.58447265625 2.1287999359204688e-15 0 0 0
d 0 0 -2.1385868301979624e-15 0 0 -2.6989038190246343e-19 1096.5869140625 1096.5869140625 2.1296799176845031e-15 0 0 0
d 0 0 -2.1389352189996889e-15 0 0 -2.6982213773762065e-19 1096.58935546875 1096.58935546875 2.1304108572601024e-15 0 0 0
d 0 0 -2.1392904547617514e-15 0 0 -2.6975245552978097e-19 1096.591796875 1096.591796875 2.1310025013441291e-15 0 0 0
d 0 0 -2.1394706299055441e-15 0 0 -2.6971705298216717e-19 1096.593017578125 1096.593017578125 2.1300919061796554e-15 0 0 0
d 0 0 -2.1396529779307526e-15 0 0 -2.6968124678083559e-19 1096.59423828125 1096.59423828125 2.1316310654042108e-15 0 0 0
d 0 0 -2.1398369653693867e-15 0 0 -2.6964504533386242e-19 1096.595458984375 1096.595458984375 2.1307493347064375e-15 0 0 0
d 0 0 -2.1400232351917427e-15 0 0 -2.6960841499944502e-19 1096.5966796875 1096.5966796875 2.1321644617292319e-15 0 0 0
d 0 0 -2.1402112796193591e-15 0 0 -2.6957136240506677e-19 1096.597900390625 1096.597900390625 2.1312548354279468e-15 0 0 0
d 0 0 -2.1404017361571492e-15 0 0 -2.6953385255535419e-19 1096.59912109375 1096.59912109375 2.1325663113266382e-15 0 0 0
d 0 0 -2.1405941155817545e-15 0 0 -2.6949589039991204e-19 1096.600341796875 1096.600341796875 2.1316078575617401e-15 0 0 0
d 0 0 -2.1407890545378458e-15 0 0 -2.6945743917081329e-19 1096.6015625 1096.6015625 2.1328312560980626e-15 0 0 0
Q 2 13 "Source Voltage"
Q 3 13 "Gate Voltage"
Q 4 13 "Drain Voltage"
Q 5 13 "Substrate Voltage"
Q 20 13 "Source Current"
Q 21 13 "Gate Current"
Q 22 13 "Drain Current"
Q 23 13 "Substrate Current"
Q 92 21 Contact
Q 601 13 "Source Int. Voltage"
Q 602 13 "Gate Int. Voltage"
Q 603 13 "Drain Int. Voltage"
Q 604 13 "Substrate Int. Voltage"
EOF 1608317216
