v VICTORYDEVICE
# silvaco.file ASCII version=1.14.29 format=1 contents=SDB,Tables=1

Copyright "###################################################################"
Copyright "#                    Copyright Silvaco Inc. (c)                   #"
Copyright "#                            1992-2014                            #"
Copyright "#                                                                 #"
Copyright "# This file format and the following Key are copyright Silvaco    #"
Copyright "# International. You may not use, this format or key without      #"
Copyright "# reproducing this message in full and obtaining                  #"
Copyright "# express written permission from Silvaco Inc.                    #"
Copyright "#                                                                 #"
Copyright "# To obtain such permission please contact: Silvaco Inc.          #"
Copyright "#                                           support@silvaco.com   #"
Copyright "#                                                                 #"
Copyright "# KEY=SVC86hn7562asdx                       PROD=345              #"
Copyright "###################################################################"
#This file was created by VICTORYDEVICE version 1.24.0.R
#victoryd 1.24.0.R (Wed Jun 26 14:38:19 PDT 2024)
#libSDB 1.12.65 (Thu Dec  7 08:14:05 PST 2023)
a VICTORYDEVICE
j 1 9
k 4
r 1 92
x 3 43 42 46
w source 1 1
r 2 92
x 3 43 42 46
w gate 1 2
r 3 92
x 3 43 42 46
w drain 1 3
r 4 92
x 3 43 42 46
w substrate 1 4
y 1 15
z 300
f 4 source gate drain substrate
p 12 2 601 20 3 602 21 4 603 22 5 604 23
d 0 0 -1.3163896526078979e-28 0 0 -3.414474439370485e-37 0.01 0.01 1.3163896560482628e-28 0 0 -1.3961681404054518e-43
d 0 0 -6.3072311493730801e-28 0 0 -4.0629343246973594e-36 0.1 0.1 6.3072311900031116e-28 0 0 -1.4400758735875457e-41
d 0 0 -5.6782052698512112e-28 0 0 -1.0674194439764084e-35 0.3 0.3 5.6782053769464504e-28 0 0 -3.4714039462569297e-38
d 0 0 -5.3648349907913797e-28 0 0 -1.7643578009674862e-35 0.5 0.5 5.3648358447587736e-28 0 0 -6.7753162502366617e-35
d 0 0 -5.293538076450405e-28 0 0 -2.4629705293682931e-35 0.75 0.75 5.293571811079859e-28 0 0 -3.3488507841342442e-33
d 0 0 -5.2294230875958546e-28 0 0 -1.5405079761169711e-34 1 1 5.2307223990213647e-28 0 0 -1.297770917129478e-31
d 0 0 -5.2136048517121926e-28 0 0 -1.1068594317889105e-33 1.0625 1.0625 5.2165695448253544e-28 0 0 -2.9536246551989626e-31
d 0 0 -5.1986289386912786e-28 0 0 -8.5183667672631855e-33 1.125 1.125 5.2041557434024459e-28 0 0 -5.4416220642685601e-31
d 0 0 -5.1664541798024089e-28 0 0 -1.1035543387044374e-31 1.25 1.25 5.1780726945580796e-28 0 0 -1.0515520807716781e-30
d 0 0 -5.1109421331302498e-28 0 0 -2.9230212381122009e-31 1.5 1.5 5.1808930234797644e-28 0 0 -6.7027909782789549e-30
d 0 0 -5.0456505432436079e-28 0 0 -4.1361359592270838e-31 1.75 1.75 5.1793438938512874e-28 0 0 -1.2955505038241223e-29
d 0 0 -4.9790148713004985e-28 0 0 -5.0859052540567009e-31 2 2 5.1232468016918134e-28 0 0 -1.3914401914948631e-29
d 0 0 -4.9111065450574793e-28 0 0 -6.1110531556234427e-31 2.25 2.25 5.0635022017298683e-28 0 0 -1.4628283168348496e-29
d 0 0 -4.8435977569006309e-28 0 0 -7.148184385425727e-31 2.5 2.5 5.0058235252592609e-28 0 0 -1.5507601430337225e-29
d 0 0 -4.7777558775311681e-28 0 0 -8.3075935123382965e-31 2.75 2.75 4.955379223463467e-28 0 0 -1.6931430118858232e-29
d 0 0 -4.7150580336933206e-28 0 0 -9.2778866551935274e-31 3 3 4.9182924516481541e-28 0 0 -1.9395658975231746e-29
d 0 0 -4.6558067486565325e-28 0 0 -1.0100510967661985e-30 3.25 3.25 4.9122268307807755e-28 0 0 -2.4631962614573635e-29
d 0 0 -4.6010965550568088e-28 0 0 -1.0871857228062965e-30 3.5 3.5 4.9144622353731174e-28 0 0 -3.0249226442163949e-29
d 0 0 -4.5518397614472797e-28 0 0 -1.1736085823627063e-30 3.75 3.75 4.8863093411859721e-28 0 0 -3.2273181567434531e-29
d 0 0 -4.5074364036630185e-28 0 0 -1.2375824812207361e-30 4 4 4.8509226994020914e-28 0 0 -3.3110872036942614e-29
d 0 0 -4.4316654940203356e-28 0 0 -1.3348465578198231e-30 4.5 4.5 4.7827501712201977e-28 0 0 -3.3773755353443716e-29
d 0 0 -4.3702612683226129e-28 0 0 -1.4360102972394753e-30 5 5 4.7260051312527943e-28 0 0 -3.4138491163592565e-29
d 0 0 -4.3217221084836554e-28 0 0 -1.532644989167112e-30 5.5 5.5 4.6816236865330244e-28 0 0 -3.4457607687578629e-29
d 0 0 -4.2882225471675653e-28 0 0 -1.5955750774599886e-30 6 6 4.6584878323970669e-28 0 0 -3.5430953467044749e-29
d 0 0 -4.2771769315320649e-28 0 0 -1.6235339175610113e-30 6.25 6.25 4.664939919884451e-28 0 0 -3.7152637231237859e-29
d 0 0 -4.2700190200144463e-28 0 0 -1.6519967036923154e-30 6.5 6.5 4.6710884587637685e-28 0 0 -3.8454812851358695e-29
d 0 0 -4.2638944416739369e-28 0 0 -1.7226077073066639e-30 7 7 4.6759245481948063e-28 0 0 -3.9480402979624302e-29
d 0 0 -4.2620553335481007e-28 0 0 -1.7674747851198779e-30 7.5 7.5 4.6802691143462506e-28 0 0 -4.0053901140198188e-29
d 0 0 -4.2610220774234193e-28 0 0 -1.8030591402305264e-30 8 8 4.6837123337168113e-28 0 0 -4.0466089531431255e-29
d 0 0 -4.2601236608803829e-28 0 0 -1.8366410004458526e-30 8.5 8.5 4.6862213947330812e-28 0 0 -4.0773250860277027e-29
d 0 0 -4.2592838732177019e-28 0 0 -1.8772772893306735e-30 9 9 4.6892581925301352e-28 0 0 -4.1120246979149839e-29
d 0 0 -4.2585179272126138e-28 0 0 -1.9135161922762033e-30 9.5 9.5 4.6915572519880172e-28 0 0 -4.1390490767113563e-29
d 0 0 -4.2577762805667767e-28 0 0 -1.9437079450574811e-30 10 10 4.6933199030202926e-28 0 0 -4.1610724459185161e-29
d 0 0 -4.2570491671465135e-28 0 0 -1.9925554262342183e-30 10.5 10.5 4.6963700990734506e-28 0 0 -4.1939602475404828e-29
d 0 0 -4.2563343259908866e-28 0 0 -2.0213471868982661e-30 11 11 4.7050298531346568e-28 0 0 -4.2848205545369843e-29
d 0 0 -4.2556383273163328e-28 0 0 -2.0512275362893977e-30 11.5 11.5 4.71879362903716e-28 0 0 -4.426430263561731e-29
d 0 0 -4.254987839146882e-28 0 0 -2.0772324742787506e-30 12 12 4.7259806216860155e-28 0 0 -4.5022044987201738e-29
d 0 0 -4.2544270494110527e-28 0 0 -2.0991811196103454e-30 12.5 12.5 4.7306829441678243e-28 0 0 -4.5526446033365894e-29
d 0 0 -4.2539921922020443e-28 0 0 -2.1180441814154826e-30 13 13 4.7355738586229469e-28 0 0 -4.6040152407630803e-29
d 0 0 -4.2535828061678619e-28 0 0 -2.1349329745434021e-30 13.5 13.5 4.7430974535625033e-28 0 0 -4.6816531371237429e-29
d 0 0 -4.2530981733426121e-28 0 0 -2.1510098483645597e-30 14 14 4.7574992478072132e-28 0 0 -4.8289097602970309e-29
d 0 0 -4.2525780918602334e-28 0 0 -2.1665433918352441e-30 14.5 14.5 4.7715909139937981e-28 0 0 -4.9734746712042736e-29
d 0 0 -4.2520612309597251e-28 0 0 -2.1816624329304954e-30 15 15 4.7771879141135934e-28 0 0 -5.0331003856236353e-29
d 0 0 -4.2515559695210319e-28 0 0 -2.1972459579153536e-30 15.5 15.5 4.7789638784180978e-28 0 0 -5.054420899135458e-29
d 0 0 -4.2510635364818784e-28 0 0 -2.2125268867178261e-30 16 16 4.7797725433935395e-28 0 0 -5.0659566062948874e-29
d 0 0 -4.2505824367893297e-28 0 0 -2.2276203334929677e-30 16.5 16.5 4.7804174379403472e-28 0 0 -5.0757587341023991e-29
d 0 0 -4.2501115702939566e-28 0 0 -2.2424820484117911e-30 17 17 4.7808975315132626e-28 0 0 -5.0838312892846094e-29
d 0 0 -4.2492243149197585e-28 0 0 -2.2432481099308979e-30 18 18 4.7812727654566634e-28 0 0 -5.0935673293526832e-29
d 0 0 -4.2488168036136484e-28 0 0 -2.2875360396309408e-30 18.5 18.5 4.7815213766901411e-28 0 0 -5.0986641929863843e-29
d 0 0 -4.24841888603851e-28 0 0 -2.3022056895461546e-30 19 19 4.7819422324779925e-28 0 0 -5.1054609204301106e-29
d 0 0 -4.2476130916702131e-28 0 0 -2.3244898203438342e-30 20 20 4.7862014820021716e-28 0 0 -5.153804944673737e-29
d 0 0 -4.2468651025753492e-28 0 0 -2.3384827388610876e-30 21 21 4.793627102307715e-28 0 0 -5.2336013692617975e-29
d 0 0 -4.2461997341095645e-28 0 0 -2.3597450179240095e-30 22 22 4.7960250948210909e-28 0 0 -5.2625791875790214e-29
d 0 0 -4.2456129012891177e-28 0 0 -2.3775621956776151e-30 23 23 4.7968392885583754e-28 0 0 -5.2751490317924155e-29
d 0 0 -4.2451149478942665e-28 0 0 -2.3930513934709976e-30 24 24 4.7971239403194958e-28 0 0 -5.2814806426501954e-29
d 0 0 -4.244670482733473e-28 0 0 -2.4431280351545397e-30 25 25 4.7979201086263042e-28 0 0 -5.2889978490828047e-29
d 0 0 -4.244235770948996e-28 0 0 -2.4565840782828214e-30 26 26 4.7980701069970296e-28 0 0 -5.2934401409636631e-29
d 0 0 -4.2437986937151418e-28 0 0 -2.446162314713246e-30 27 27 4.7982344004794985e-28 0 0 -5.2981907225894771e-29
d 0 0 -4.2433481347541874e-28 0 0 -2.4556620913452751e-30 28 28 4.7982857451642939e-28 0 0 -5.302040841180843e-29
d 0 0 -4.2428771470966659e-28 0 0 -2.465861208416531e-30 29 29 4.7979853064910167e-28 0 0 -5.3026592337596595e-29
d 0 0 -4.242382320805458e-28 0 0 -2.4757107075980758e-30 30 30 4.7974951645146866e-28 0 0 -5.3016906971422207e-29
d 0 0 -4.2418628070731984e-28 0 0 -2.4975029883000547e-30 31 31 4.7970803247142422e-28 0 0 -5.3017852256489548e-29
d 0 0 -4.2413193862766154e-28 0 0 -2.4959468810794599e-30 32 32 4.7967598775799702e-28 0 0 -5.3031184735171139e-29
d 0 0 -4.2407537482080852e-28 0 0 -2.5215126963782757e-30 33 33 4.7965844033433569e-28 0 0 -5.3061723780382938e-29
d 0 0 -4.2401680342687546e-28 0 0 -2.5294025900767596e-30 34 34 4.7968460124634191e-28 0 0 -5.3138395230609438e-29
d 0 0 -4.2398683840821707e-28 0 0 -2.5163630695469432e-30 34.5 34.5 4.7972892077849876e-28 0 0 -5.3208781764436598e-29
d 0 0 -4.2395646188125112e-28 0 0 -2.5364935359326206e-30 35 35 4.7980705112777359e-28 0 0 -5.3313464038951625e-29
d 0 0 -4.239257069344257e-28 0 0 -2.540222393800388e-30 35.5 35.5 4.7992833882885553e-28 0 0 -5.3461744125083147e-29
d 0 0 -4.2389461118223704e-28 0 0 -2.5434744805757318e-30 36 36 4.8008128143399254e-28 0 0 -5.3642069496385256e-29
d 0 0 -4.2386322117875024e-28 0 0 -2.5471212761931337e-30 36.5 36.5 4.8022852539398857e-28 0 0 -5.3817026189816506e-29
d 0 0 -4.2383160275003583e-28 0 0 -2.5507572246033162e-30 37 37 4.8033883061492047e-28 0 0 -5.3955287352481013e-29
d 0 0 -4.2376872838411606e-28 0 0 -2.559556921431332e-30 38 38 4.8044635848297216e-28 0 0 -5.41180731778653e-29
d 0 0 -4.2371003407325903e-28 0 0 -2.5686672936350213e-30 39 39 4.8047995728075805e-28 0 0 -5.4201255751728033e-29
d 0 0 -4.2364849986597978e-28 0 0 -2.5771573431242135e-30 40 40 4.8049973775327289e-28 0 0 -5.4274082538111107e-29
d 0 0 -4.2358250246997443e-28 0 0 -2.5848053497604291e-30 41 41 4.8049943633066992e-28 0 0 -5.4332227879286261e-29
d 0 0 -4.2351578190703763e-28 0 0 -2.5925083044859579e-30 42 42 4.8047098345658821e-28 0 0 -5.4362700167718713e-29
d 0 0 -4.234488347974847e-28 0 0 -2.6007311027166868e-30 43 43 4.8043326856670097e-28 0 0 -5.4383713174955547e-29
d 0 0 -4.233818745423463e-28 0 0 -2.6093418647456014e-30 44 44 4.8040011921184772e-28 0 0 -5.4408818956423822e-29
d 0 0 -4.2331500533973229e-28 0 0 -2.6186861761422783e-30 45 45 4.8036310535529389e-28 0 0 -5.4429481583429448e-29
d 0 0 -4.2324858133277132e-28 0 0 -2.6280480595746113e-30 46 46 4.8031546173241648e-28 0 0 -5.4438959213524829e-29
d 0 0 -4.2318299210342851e-28 0 0 -2.6372219055099878e-30 47 47 4.8026243906439864e-28 0 0 -5.4442270571030692e-29
d 0 0 -4.2312328742464954e-28 0 0 -2.6476371632261991e-30 48 48 4.8021542293738621e-28 0 0 -5.4444446115533536e-29
d 0 0 -4.2306679462587037e-28 0 0 -2.6996438478809253e-30 49 49 4.8022834007316816e-28 0 0 -5.4461934280585178e-29
d 0 0 -4.2300913991733657e-28 0 0 -2.71054672450721e-30 50 50 4.8019368170664321e-28 0 0 -5.4474047099976872e-29
d 0 0 -4.2289292558567599e-28 0 0 -2.6315582366337349e-30 52 52 4.8010814742245931e-28 0 0 -5.4484763467039989e-29
d 0 0 -4.2277548057033675e-28 0 0 -2.7465863095955749e-30 54 54 4.8002295393693421e-28 0 0 -5.4498816339555149e-29
d 0 0 -4.2274593408083085e-28 0 0 -2.6678527058272448e-30 54.5 54.5 4.8000437084278338e-28 0 0 -5.4505503696367033e-29
d 0 0 -4.2271631749974533e-28 0 0 -2.7475490689003977e-30 55 55 4.7998584270840546e-28 0 0 -5.4512421814143538e-29
d 0 0 -4.2268663324201381e-28 0 0 -2.747592459538433e-30 55.5 55.5 4.7996664650695843e-28 0 0 -5.4518843157542577e-29
d 0 0 -4.226568838504839e-28 0 0 -2.613660403364899e-30 56 56 4.7994620263163537e-28 0 0 -5.4524183026120068e-29
d 0 0 -4.2262707195827799e-28 0 0 -2.2642738561382865e-30 56.5 56.5 4.7992408381987986e-28 0 0 -5.4528008812284889e-29
d 0 0 -4.2259720026142241e-28 0 0 -2.7737597978449089e-30 57 57 4.7990003580108148e-28 0 0 -5.4530061373401424e-29
d 0 0 -4.225672714965606e-28 0 0 -2.7776618068140755e-30 57.5 57.5 4.798740576289099e-28 0 0 -5.4530333159457082e-29
d 0 0 -4.225372884298498e-28 0 0 -2.7813824735778361e-30 58 58 4.7984643590201529e-28 0 0 -5.4529105523895646e-29
d 0 0 -4.2250725386085432e-28 0 0 -2.7848832403910201e-30 58.5 58.5 4.7981768355537218e-28 0 0 -5.4526885720220486e-29
d 0 0 -4.2247717063633776e-28 0 0 -2.7881220146471806e-30 59 59 4.797884335458685e-28 0 0 -5.4524301006993266e-29
d 0 0 -4.2244704166727468e-28 0 0 -2.7910550388090942e-30 59.5 59.5 4.7975936414108177e-28 0 0 -5.4522023934953501e-29
d 0 0 -4.22416869945348e-28 0 0 -2.7936509084582139e-30 60 60 4.7973117588729115e-28 0 0 -5.4520749288983974e-29
d 0 0 -4.2229581817528267e-28 0 0 -2.80493139065246e-30 62 62 4.7964382198118382e-28 0 0 -5.4542134114843366e-29
d 0 0 -4.2226548064126858e-28 0 0 -2.7243878147382129e-30 62.5 62.5 4.7963415922917631e-28 0 0 -5.4559889661213005e-29
d 0 0 -4.2223512128795994e-28 0 0 -2.706907952077251e-30 63 63 4.7963262931545727e-28 0 0 -5.4585858699502234e-29
d 0 0 -4.2220474494587194e-28 0 0 -2.685924047912323e-30 63.5 63.5 4.796407271822951e-28 0 0 -5.4621532331346112e-29
d 0 0 -4.2217435683599108e-28 0 0 -2.6629238730320196e-30 64 64 4.7965864312128984e-28 0 0 -5.4667094946852474e-29
d 0 0 -4.221135692664559e-28 0 0 -2.8225038765909194e-30 65 65 4.7971319949515972e-28 0 0 -5.4777126350919934e-29
d 0 0 -4.2205281411217947e-28 0 0 -2.8276022617743692e-30 66 66 4.7976096170216113e-28 0 0 -5.4880545328232437e-29
d 0 0 -4.2199216098152736e-28 0 0 -2.8321699249949077e-30 67 67 4.7977912173923867e-28 0 0 -5.4954455987599545e-29
d 0 0 -4.2193170869499647e-28 0 0 -2.8372353184366727e-30 68 68 4.7977251702143526e-28 0 0 -5.5003574071103641e-29
d 0 0 -4.2181415159030685e-28 0 0 -2.8464689318578713e-30 70 70 4.7972710881599427e-28 0 0 -5.5066341973076205e-29
d 0 0 -4.2176080334531151e-28 0 0 -2.7816433300481185e-30 71 71 4.797041594335567e-28 0 0 -5.5091518227692676e-29
d 0 0 -4.2170517250375067e-28 0 0 -2.7614758338101827e-30 72 72 4.7968183765064431e-28 0 0 -5.5120114007720064e-29
d 0 0 -4.2167578395742922e-28 0 0 -2.8549142705136948e-30 72.5 72.5 4.7967008622206518e-28 0 0 -5.513568700369233e-29
d 0 0 -4.2164621279369001e-28 0 0 -2.5334509167116532e-30 73 73 4.796576050391298e-28 0 0 -5.5150777936510717e-29
d 0 0 -4.2161659658452775e-28 0 0 -2.8293927983968228e-30 73.5 73.5 4.7964366065003609e-28 0 0 -5.5164494093473261e-29
d 0 0 -4.2158697602298197e-28 0 0 -2.8550594279285663e-30 74 74 4.7962767213654483e-28 0 0 -5.5176205543609856e-29
d 0 0 -4.2152778297705851e-28 0 0 -2.8682416323072768e-30 75 75 4.7958883116242074e-28 0 0 -5.5192806553027117e-29
d 0 0 -4.2146868038911472e-28 0 0 -2.8718800056011588e-30 76 76 4.7954222104223424e-28 0 0 -5.520165171942279e-29
d 0 0 -4.2140965451156671e-28 0 0 -2.8754437468440153e-30 77 77 4.7949094049865154e-28 0 0 -5.5205842679421793e-29
d 0 0 -4.2138016161130114e-28 0 0 -2.5746699196488099e-30 77.5 77.5 4.7946444385446438e-28 0 0 -5.5207094333240522e-29
d 0 0 -4.2135067682030702e-28 0 0 -2.6580005804432008e-30 78 78 4.7943773726142007e-28 0 0 -5.5208149059038757e-29
d 0 0 -4.2129171830226374e-28 0 0 -2.8822966529355941e-30 79 79 4.7938455050268063e-28 0 0 -5.5210535428203374e-29
d 0 0 -4.2126223924627321e-28 0 0 -2.8822258184312252e-30 79.5 79.5 4.7935842852473639e-28 0 0 -5.521222971489304e-29
d 0 0 -4.2123275856507484e-28 0 0 -2.8831928251467483e-30 80 80 4.7933276860113421e-28 0 0 -5.5214406807048897e-29
d 0 0 -4.2120327669915848e-28 0 0 -2.8843902462896445e-30 80.5 80.5 4.7930756369238017e-28 0 0 -5.5217058347672824e-29
d 0 0 -4.2117379579561983e-28 0 0 -2.8843830754970174e-30 81 81 4.7928270607217336e-28 0 0 -5.5220073352916379e-29
d 0 0 -4.2114432016617829e-28 0 0 -2.8877092900575152e-30 81.5 81.5 4.7925803538486896e-28 0 0 -5.5223285924683598e-29
d 0 0 -4.211148574847543e-28 0 0 -2.8897654988893056e-30 82 82 4.7923341239948988e-28 0 0 -5.52265475482066e-29
d 0 0 -4.2108542156815258e-28 0 0 -2.8921203783128286e-30 82.5 82.5 4.7920877523056181e-28 0 0 -5.5229780100625936e-29
d 0 0 -4.2105603999645788e-28 0 0 -2.8950398852114886e-30 83 83 4.7918415096281581e-28 0 0 -5.5232978782013025e-29
d 0 0 -4.2099787528967429e-28 0 0 -2.8984896069200791e-30 84 84 4.7913547279042489e-28 0 0 -5.523930901326429e-29
d 0 0 -4.2089938490044861e-28 0 0 -2.9495554509095501e-30 86 86 4.7912109952840013e-28 0 0 -5.5272159177139129e-29
d 0 0 -4.2085100724889197e-28 0 0 -2.9558273855681439e-30 87 87 4.7908181060273429e-28 0 0 -5.5274975969386452e-29
d 0 0 -4.2082674620909507e-28 0 0 -2.907142607458743e-30 87.5 87.5 4.790599988657708e-28 0 0 -5.5275238027582982e-29
d 0 0 -4.2080247162481985e-28 0 0 -2.5895107947446005e-30 88 88 4.7903773577561368e-28 0 0 -5.5275085119048429e-29
d 0 0 -4.2077818287543448e-28 0 0 -2.8952137847654293e-30 88.5 88.5 4.7901507002667407e-28 0 0 -5.5274566249924831e-29
d 0 0 -4.2075387937780348e-28 0 0 -2.8975398233425703e-30 89 89 4.7899208539226778e-28 0 0 -5.527376551580616e-29
d 0 0 -4.2072956056261789e-28 0 0 -2.9417450318088611e-30 89.5 89.5 4.7896888940451263e-28 0 0 -5.5272790869469232e-29
d 0 0 -4.2070522589915338e-28 0 0 -2.9321562218453711e-30 90 90 4.7894559845263877e-28 0 0 -5.5271759162978354e-29
d 0 0 -4.2068087491063611e-28 0 0 -2.9410820501347317e-30 90.5 90.5 4.7892232110694989e-28 0 0 -5.5270779400754884e-29
d 0 0 -4.2065650718112742e-28 0 0 -2.9725278641266078e-30 91 91 4.788991410032216e-28 0 0 -5.5269935612838035e-29
d 0 0 -4.2063212236015356e-28 0 0 -2.9745279428150889e-30 91.5 91.5 4.7887610153237541e-28 0 0 -5.5269271532391309e-29
d 0 0 -4.2060772016500746e-28 0 0 -2.9764211743848814e-30 92 92 4.7885319586955237e-28 0 0 -5.5268780605177598e-29
d 0 0 -4.2058330038075057e-28 0 0 -2.9785169331600534e-30 92.5 92.5 4.7883036637109482e-28 0 0 -5.5268405387153189e-29
d 0 0 -4.2055886285814563e-28 0 0 -2.9804374800616978e-30 93 93 4.7880751570219917e-28 0 0 -5.5268048667454567e-29
d 0 0 -4.2053440751007404e-28 0 0 -2.9815130894566277e-30 93.5 93.5 4.7878452785737765e-28 0 0 -5.5267594488108381e-29
d 0 0 -4.205099343073355e-28 0 0 -2.9842046505052535e-30 94 94 4.7876129278286623e-28 0 0 -5.5266932767015481e-29
d 0 0 -4.2048544327488373e-28 0 0 -2.9084072417874256e-30 94.5 94.5 4.7873772671774368e-28 0 0 -5.5265979643768095e-29
d 0 0 -4.2046093448942502e-28 0 0 -2.9097362488218243e-30 95 95 4.787137828808279e-28 0 0 -5.5264688158904849e-29
d 0 0 -4.2043640807897521e-28 0 0 -2.9024320044672484e-30 95.5 95.5 4.7868945168312892e-28 0 0 -5.5263048478080039e-29
d 0 0 -4.2041186422458347e-28 0 0 -2.9115982118608772e-30 96 96 4.7866475340099643e-28 0 0 -5.5261080554940003e-29
d 0 0 -4.203873031640581e-28 0 0 -2.9932749205311498e-30 96.5 96.5 4.7863972747561342e-28 0 0 -5.5258823427896102e-29
d 0 0 -4.2036272519713804e-28 0 0 -2.9948995615544919e-30 97 97 4.7861442204135855e-28 0 0 -5.5256324748244147e-29
d 0 0 -4.2033813069111749e-28 0 0 -2.9916585465801164e-30 97.5 97.5 4.7858888594644413e-28 0 0 -5.5253632786253121e-29
d 0 0 -4.2031352008551243e-28 0 0 -2.9887122262240099e-30 98 98 4.7856316416113654e-28 0 0 -5.5250791839914277e-29
d 0 0 -4.2028889389412847e-28 0 0 -2.9853003640276485e-30 98.5 98.5 4.7853729649780787e-28 0 0 -5.5247840953017095e-29
d 0 0 -4.2026425270304512e-28 0 0 -2.9820661411078512e-30 99 99 4.7851131886126305e-28 0 0 -5.524481516818347e-29
d 0 0 -4.2023959716367767e-28 0 0 -2.9819525896189518e-30 99.5 99.5 4.7848526590167306e-28 0 0 -5.5241748189198032e-29
d 0 0 -4.2021492798112846e-28 0 0 -2.9834621220029539e-30 100 100 4.7845917391180734e-28 0 0 -5.5238675293385305e-29
d 0 0 -4.2018407345259085e-28 0 0 -3.0072771635092421e-30 100.625 100.625 4.7842656565984822e-28 0 0 -5.5234885847741698e-29
d 0 0 -4.2015320026741498e-28 0 0 -3.0069776310385303e-30 101.25 101.25 4.7839404842290782e-28 0 0 -5.5231235350695938e-29
d 0 0 -4.2012230993131449e-28 0 0 -3.0057122430815055e-30 101.875 101.875 4.7836172065951481e-28 0 0 -5.5227820104851473e-29
d 0 0 -4.2009140392376128e-28 0 0 -3.0091251019932176e-30 102.5 102.5 4.7832968372286862e-28 0 0 -5.5224739336921517e-29
d 0 0 -4.2006048367762873e-28 0 0 -3.0144274740427099e-30 103.125 103.125 4.7829803188403095e-28 0 0 -5.522208524616505e-29
d 0 0 -4.2002955057252184e-28 0 0 -3.0129795575825446e-30 103.75 103.75 4.782668408736301e-28 0 0 -5.5219931555366405e-29
d 0 0 -4.1999860593869967e-28 0 0 -3.0168335507227873e-30 104.375 104.375 4.7823615697088486e-28 0 0 -5.5218322592948285e-29
d 0 0 -4.1996765106805699e-28 0 0 -3.018719088155851e-30 105 105 4.7820598869326218e-28 0 0 -5.5217264972915231e-29
d 0 0 -4.1993668722935219e-28 0 0 -3.0225408591447033e-30 105.625 105.625 4.7817630309568136e-28 0 0 -5.5216723872722757e-29
d 0 0 -4.1990571568602594e-28 0 0 -3.0246741145817035e-30 106.25 106.25 4.7814702841302201e-28 0 0 -5.5216625656390746e-29
d 0 0 -4.1987473771616673e-28 0 0 -3.025908371510694e-30 106.875 106.875 4.7811806378305536e-28 0 0 -5.5216867571634137e-29
d 0 0 -4.1984375463539401e-28 0 0 -3.028205675707363e-30 107.5 107.5 4.7808929442682208e-28 0 0 -5.5217332901456677e-29
d 0 0 -4.1981276782467391e-28 0 0 -3.0294082713489137e-30 108.125 108.125 4.7806060806720563e-28 0 0 -5.521790735402391e-29
d 0 0 -4.1978177876642156e-28 0 0 -3.0316041733022523e-30 108.75 108.75 4.7803190818188385e-28 0 0 -5.5218492268767941e-29
d 0 0 -4.1975078909403557e-28 0 0 -3.0333189961762208e-30 109.375 109.375 4.7800312278342774e-28 0 0 -5.521901334780565e-29
d 0 0 -4.197198006631941e-28 0 0 -3.0349558037256735e-30 110 110 4.7797421123662532e-28 0 0 -5.5219427390296139e-29
d 0 0 -4.1959591256698994e-28 0 0 -3.0414471141162174e-30 112.5 112.5 4.7785813502940026e-28 0 0 -5.5220775478807593e-29
d 0 0 -4.1958044259951563e-28 0 0 -3.042200618862746e-30 112.8125 112.8125 4.7784388482041276e-28 0 0 -5.5221206406562078e-29
d 0 0 -4.1956497918204622e-28 0 0 -3.0429794038724486e-30 113.125 113.125 4.7782980733802412e-28 0 0 -5.5221807255165744e-29
d 0 0 -4.1953407904285834e-28 0 0 -3.0443878391150264e-30 113.75 113.75 4.7780238392134841e-28 0 0 -5.5223724110989303e-29
d 0 0 -4.1947249548897286e-28 0 0 -3.0476711977611325e-30 115 115 4.7775234805527998e-28 0 0 -5.5232181369776564e-29
d 0 0 -4.193599515858835e-28 0 0 -3.054633544167158e-30 117.5 117.5 4.7769663298775246e-28 0 0 -5.5282077164742883e-29
d 0 0 -4.193302786441759e-28 0 0 -3.0561763229258406e-30 118.125 118.125 4.7768955911497953e-28 0 0 -5.5303104571547472e-29
d 0 0 -4.1929975496475281e-28 0 0 -3.057507601948376e-30 118.75 118.75 4.7768399279799896e-28 0 0 -5.5326569734835042e-29
d 0 0 -4.1926896961295491e-28 0 0 -3.0589754417552199e-30 119.375 119.375 4.7767927432267075e-28 0 0 -5.5351170394153128e-29
d 0 0 -4.1923807497809269e-28 0 0 -3.0605907196205235e-30 120 120 4.7767415984512685e-28 0 0 -5.5375494155701957e-29
d 0 0 -4.1917613550397149e-28 0 0 -3.0634964435613755e-30 121.25 121.25 4.7765826085078305e-28 0 0 -5.5418628903697716e-29
d 0 0 -4.19145127051318e-28 0 0 -3.0648949483283145e-30 121.875 121.875 4.7764613663084829e-28 0 0 -5.5436063279130532e-29
d 0 0 -4.1911410510991581e-28 0 0 -3.0663165065171418e-30 122.5 122.5 4.7763099056793851e-28 0 0 -5.5450493230506381e-29
d 0 0 -4.1905204141908098e-28 0 0 -3.0692617821826426e-30 123.75 123.75 4.7759258067000055e-28 0 0 -5.547127748111443e-29
d 0 0 -4.1902100689253199e-28 0 0 -3.0706316620192592e-30 124.375 124.375 4.775701004428115e-28 0 0 -5.5478413418772434e-29
d 0 0 -4.1898997404812087e-28 0 0 -3.0720621355937116e-30 125 125 4.7754596977533742e-28 0 0 -5.5483910847458643e-29
d 0 0 -4.1874195346055054e-28 0 0 -3.0827460589232751e-30 130 130 4.7731810457489107e-28 0 0 -5.5493395869638247e-29
d 0 0 -4.1849489089905609e-28 0 0 -3.092432884263027e-30 135 135 4.7707859908027371e-28 0 0 -5.5491266877101806e-29
d 0 0 -4.1827805814131566e-28 0 0 -3.1463679409472904e-30 140 140 4.7697376623238304e-28 0 0 -5.5550499883645743e-29
d 0 0 -4.1825420618570554e-28 0 0 -3.1469709900686322e-30 140.625 140.625 4.7695060363252382e-28 0 0 -5.5549516592131826e-29
d 0 0 -4.1823036025741131e-28 0 0 -3.1485294810528665e-30 141.25 141.25 4.7692733168471106e-28 0 0 -5.5548441050494844e-29
d 0 0 -4.1820652112778585e-28 0 0 -3.1501583785605138e-30 141.875 141.875 4.7690401432964956e-28 0 0 -5.5547330898930127e-29
d 0 0 -4.1818268904255441e-28 0 0 -3.1517568052028405e-30 142.5 142.5 4.7688070162598447e-28 0 0 -5.5546235343139917e-29
d 0 0 -4.1815886423844863e-28 0 0 -3.1533661094338179e-30 143.125 143.125 4.7685744036763656e-28 0 0 -5.5545200430624167e-29
d 0 0 -4.1813504694561803e-28 0 0 -3.1549576204445223e-30 143.75 143.75 4.7683427380029414e-28 0 0 -5.5544268736643124e-29
d 0 0 -4.1812314118637132e-28 0 0 -3.1556684583763725e-30 144.0625 144.0625 4.7682273862403146e-28 0 0 -5.5543854001264377e-29
d 0 0 -4.181112373888656e-28 0 0 -3.1564564797184085e-30 144.375 144.375 4.7681124186542669e-28 0 0 -5.5543479588306832e-29
d 0 0 -4.1809933558046309e-28 0 0 -3.157241520082915e-30 144.6875 144.6875 4.767997880766912e-28 0 0 -5.5543149980034706e-29
d 0 0 -4.1808743578824801e-28 0 0 -3.1580236549825831e-30 145 145 4.7678838165991654e-28 0 0 -5.5542869510467229e-29
d 0 0 -4.1807553803902842e-28 0 0 -3.1588029585549905e-30 145.3125 145.3125 4.7677702687455382e-28 0 0 -5.5542642372902412e-29
d 0 0 -4.1806364235933932e-28 0 0 -3.1595795047291852e-30 145.625 145.625 4.7676572783960424e-28 0 0 -5.5542472621934808e-29
d 0 0 -4.1805174877544413e-28 0 0 -3.1603533556818695e-30 145.9375 145.9375 4.7675448852945156e-28 0 0 -5.554236416914238e-29
d 0 0 -4.1803985731333714e-28 0 0 -3.1611245795073438e-30 146.25 146.25 4.767433127629116e-28 0 0 -5.5542320772008948e-29
d 0 0 -4.1802796799874493e-28 0 0 -3.1618932336006869e-30 146.5625 146.5625 4.7673220418545077e-28 0 0 -5.5542346016033822e-29
d 0 0 -4.1801608085713024e-28 0 0 -3.1626593750002199e-30 146.875 146.875 4.767211662448849e-28 0 0 -5.5542443290334723e-29
d 0 0 -4.1800419591369546e-28 0 0 -3.1634230565699343e-30 147.1875 147.1875 4.7671020216116854e-28 0 0 -5.554261575735152e-29
d 0 0 -4.1799231319338747e-28 0 0 -3.1641843222449694e-30 147.5 147.5 4.7669931489111516e-28 0 0 -5.5542866317491272e-29
d 0 0 -4.1798043272090346e-28 0 0 -3.1649432174774987e-30 147.8125 147.8125 4.7668850708904638e-28 0 0 -5.5543197569708798e-29
d 0 0 -4.179685545206976e-28 0 0 -3.1656997819780373e-30 148.125 148.125 4.766777810644366e-28 0 0 -5.5543611769089638e-29
d 0 0 -4.1795667861698863e-28 0 0 -3.1664540499395941e-30 148.4375 148.4375 4.7666713873761526e-28 0 0 -5.554411078249625e-29
d 0 0 -4.1794480503376777e-28 0 0 -3.1672060531090959e-30 148.75 148.75 4.7665658159451659e-28 0 0 -5.5544696043265904e-29
d 0 0 -4.1793293379480749e-28 0 0 -3.167955812053099e-30 149.0625 149.0625 4.7664611064133824e-28 0 0 -5.5545368505822367e-29
d 0 0 -4.1792106492367096e-28 0 0 -3.1687033589079768e-30 149.375 149.375 4.7663572635981597e-28 0 0 -5.5546128600906729e-29
d 0 0 -4.1790919844372116e-28 0 0 -3.1694487067996375e-30 149.6875 149.6875 4.7662542866365454e-28 0 0 -5.5546976191968416e-29
d 0 0 -4.1789733437813095e-28 0 0 -3.1701918809679096e-30 150 150 4.7661521685651506e-28 0 0 -5.5547910533115562e-29
d 0 0 -4.1787361358183034e-28 0 0 -3.1713950938312523e-30 150.625 150.625 4.7659504483361138e-28 0 0 -5.5550033196508661e-29
d 0 0 -4.1786175689660543e-28 0 0 -3.1721058799154278e-30 150.9375 150.9375 4.7658507982630451e-28 0 0 -5.5551216630014517e-29
d 0 0 -4.1784990271673159e-28 0 0 -3.1728109127121978e-30 151.25 151.25 4.7657519105491464e-28 0 0 -5.5552476968673833e-29
d 0 0 -4.1783805106458234e-28 0 0 -3.1735127936440126e-30 151.5625 151.5625 4.7656537422254025e-28 0 0 -5.5553809869071437e-29
d 0 0 -4.1782620196240187e-28 0 0 -3.1742115464535409e-30 151.875 151.875 4.7655562422748356e-28 0 0 -5.5555210183532658e-29
d 0 0 -4.1780251149633122e-28 0 0 -3.1755135674290324e-30 152.5 152.5 4.765363002498075e-28 0 0 -5.5558188374053142e-29
d 0 0 -4.1779067017636307e-28 0 0 -3.1762892676392818e-30 152.8125 152.8125 4.7652671198055594e-28 0 0 -5.5559751873384369e-29
d 0 0 -4.1777883149422247e-28 0 0 -3.1769757376329039e-30 153.125 153.125 4.7651716201766501e-28 0 0 -5.5561354077117289e-29
d 0 0 -4.177551621302262e-28 0 0 -3.1782809445101265e-30 153.75 153.75 4.7649814018147722e-28 0 0 -5.5564637593488553e-29
d 0 0 -4.1773150357708679e-28 0 0 -3.1796069247727157e-30 154.375 154.375 4.7647915530515543e-28 0 0 -5.5567959142694434e-29
d 0 0 -4.1770785600618495e-28 0 0 -3.1810261443006524e-30 155 155 4.7646012169479922e-28 0 0 -5.5571232692860969e-29
d 0 0 -4.1769603639224742e-28 0 0 -3.1816977895586578e-30 155.3125 155.3125 4.7645055942425042e-28 0 0 -5.5572824174668104e-29
d 0 0 -4.1768421958749744e-28 0 0 -3.1823607246791085e-30 155.625 155.625 4.7644095277435533e-28 0 0 -5.5574371337172096e-29
d 0 0 -4.1766059448954866e-28 0 0 -3.1836780918898743e-30 156.25 156.25 4.7642156733761555e-28 0 0 -5.5577293543488515e-29
d 0 0 -4.1763698087946766e-28 0 0 -3.1849831811563172e-30 156.875 156.875 4.7640189556602557e-28 0 0 -5.557992917287649e-29
d 0 0 -4.17613378923273e-28 0 0 -3.1862046804748431e-30 157.5 157.5 4.7638188364408264e-28 0 0 -5.5582224094418064e-29
d 0 0 -4.1758978878647413e-28 0 0 -3.1875528374213616e-30 158.125 158.125 4.763614961617325e-28 0 0 -5.558414258558962e-29
d 0 0 -4.175662106350221e-28 0 0 -3.1888146050367527e-30 158.75 158.75 4.7634071611157721e-28 0 0 -5.5585667330516551e-29
d 0 0 -4.1754264463658961e-28 0 0 -3.1901936180058698e-30 159.375 159.375 4.7631954289780312e-28 0 0 -5.5586797424434149e-29
d 0 0 -4.1751909096213327e-28 0 0 -3.1913200044383572e-30 160 160 4.762979890996662e-28 0 0 -5.5587545140340021e-29
d 0 0 -4.1733112851173909e-28 0 0 -3.2009351536637021e-30 165 165 4.7611520461901438e-28 0 0 -5.5583069155944449e-29
d 0 0 -4.1730769512451119e-28 0 0 -3.2021695896133463e-30 165.625 165.625 4.7609151671049234e-28 0 0 -5.5581651424980325e-29
d 0 0 -4.1729598395236573e-28 0 0 -3.2027441680407104e-30 165.9375 165.9375 4.760796358127673e-28 0 0 -5.5580903577915248e-29
d 0 0 -4.1728427652914943e-28 0 0 -3.2033198633792162e-30 166.25 166.25 4.7606773444631173e-28 0 0 -5.5580133815270214e-29
d 0 0 -4.172608731584886e-28 0 0 -3.2044680370497093e-30 166.875 166.875 4.7604388247846363e-28 0 0 -5.5578540425179864e-29
d 0 0 -4.1723748552249326e-28 0 0 -3.2056029274052341e-30 167.5 167.5 4.7601998468198725e-28 0 0 -5.5576894498362958e-29
d 0 0 -4.1721411423317373e-28 0 0 -3.2067282212743123e-30 168.125 168.125 4.7599606420955815e-28 0 0 -5.5575218452041815e-29
d 0 0 -4.1719076004025392e-28 0 0 -3.2078408913689412e-30 168.75 168.75 4.7597214348277942e-28 0 0 -5.5573533831301979e-29
d 0 0 -4.1716742388370126e-28 0 0 -3.2089485092603661e-30 169.375 169.375 4.7594824413928999e-28 0 0 -5.5571861201550487e-29
d 0 0 -4.1714410697369189e-28 0 0 -3.2100331069139157e-30 170 170 4.759243869607874e-28 0 0 -5.557021999362728e-29
d 0 0 -4.1712081091721848e-28 0 0 -3.2111208880318109e-30 170.625 170.625 4.7590059181711064e-28 0 0 -5.5568628316148758e-29
d 0 0 -4.1710917136873456e-28 0 0 -3.2116897657630851e-30 170.9375 170.9375 4.7588872346869735e-28 0 0 -5.556785629822919e-29
d 0 0 -4.1709753792826338e-28 0 0 -3.2122308648541278e-30 171.25 171.25 4.7587687767854334e-28 0 0 -5.5567102749822684e-29
d 0 0 -4.1708591102746792e-28 0 0 -3.2127699772248175e-30 171.5625 171.5625 4.7586505670558763e-28 0 0 -5.5566369470536412e-29
d 0 0 -4.1707429119768667e-28 0 0 -3.2133071345304723e-30 171.875 171.875 4.7585326279097408e-28 0 0 -5.5565658138928666e-29
d 0 0 -4.1706267910387058e-28 0 0 -3.2138423735154607e-30 172.1875 172.1875 4.7584149818754265e-28 0 0 -5.5564970306674152e-29
d 0 0 -4.1705107559423697e-28 0 0 -3.214375737825579e-30 172.5 172.5 4.7582976520561579e-28 0 0 -5.5564307392817412e-29
d 0 0 -4.1703948177522373e-28 0 0 -3.2149072807748779e-30 172.8125 172.8125 4.7581806628467411e-28 0 0 -5.5563670677658261e-29
d 0 0 -4.1702789912889436e-28 0 0 -3.2154370699255329e-30 173.125 173.125 4.7580640410770116e-28 0 0 -5.5563061295252034e-29
d 0 0 -4.170163297051512e-28 0 0 -3.2159651944311244e-30 173.4375 173.4375 4.7579478178964378e-28 0 0 -5.5562480222392993e-29
d 0 0 -4.1700477645390079e-28 0 0 -3.216491777682485e-30 173.75 173.75 4.7578320320310134e-28 0 0 -5.5561928259589389e-29
d 0 0 -4.1699324383919333e-28 0 0 -3.217017000675985e-30 174.0625 174.0625 4.7577167357868749e-28 0 0 -5.5561405994096103e-29
d 0 0 -4.16981739077928e-28 0 0 -3.2175411495873227e-30 174.375 174.375 4.7576020071162254e-28 0 0 -5.556091372104926e-29
d 0 0 -4.1697027494712466e-28 0 0 -3.218064723291419e-30 174.6875 174.6875 4.7574879768851726e-28 0 0 -5.5560451257068082e-29
d 0 0 -4.1695887728583705e-28 0 0 -3.2185887217517227e-30 175 175 4.7573749016228792e-28 0 0 -5.5560017430375482e-29
d 0 0 -4.1694761077903922e-28 0 0 -3.219115642447474e-30 175.3125 175.3125 4.7572634134079184e-28 0 0 -5.5559608313869059e-29
d 0 0 -4.1693671299452832e-28 0 0 -3.2196547022434176e-30 175.625 175.625 4.7571558187949851e-28 0 0 -5.5559208034240215e-29
d 0 0 -4.1691891522441551e-28 0 0 -3.2208819242917575e-30 176.25 176.25 4.7569802314291209e-28 0 0 -5.5558225998122709e-29
d 0 0 -4.1690990309397884e-28 0 0 -3.2214790190598403e-30 176.5625 176.5625 4.7568916755783967e-28 0 0 -5.5557779606463075e-29
d 0 0 -4.1689919655581034e-28 0 0 -3.2220159979986683e-30 176.875 176.875 4.7567870073758043e-28 0 0 -5.555748171692049e-29
d 0 0 -4.1688798007509245e-28 0 0 -3.2225324698617087e-30 177.1875 177.1875 4.7566777390220607e-28 0 0 -5.5557254778136239e-29
d 0 0 -4.1687660773625569e-28 0 0 -3.2230412337995865e-30 177.5 177.5 4.7565673091805582e-28 0 0 -5.5557075367684654e-29
d 0 0 -4.1686516473943095e-28 0 0 -3.2235454004076969e-30 177.8125 177.8125 4.7564565495389234e-28 0 0 -5.5556938277704553e-29
d 0 0 -4.1685368284189522e-28 0 0 -3.224046139016795e-30 178.125 178.125 4.7563457733367118e-28 0 0 -5.5556841887999563e-29
d 0 0 -4.1683065594746463e-28 0 0 -3.2250448133237757e-30 178.75 178.75 4.7561247103927531e-28 0 0 -5.5556769501817145e-29
d 0 0 -4.1680758555512707e-28 0 0 -3.2260280740241264e-30 179.375 179.375 4.7559047208093045e-28 0 0 -5.5556857520950206e-29
d 0 0 -4.1678449505072321e-28 0 0 -3.2270028220307358e-30 180 180 4.7556860507737596e-28 0 0 -5.5557106246033028e-29
d 0 0 -4.1676139613597404e-28 0 0 -3.2279694853740489e-30 180.625 180.625 4.7554688105548615e-28 0 0 -5.5557514501256361e-29
d 0 0 -4.1673829551613771e-28 0 0 -3.2289282915851008e-30 181.25 181.25 4.7552530292803632e-28 0 0 -5.5558078177310001e-29
d 0 0 -4.1671519740482725e-28 0 0 -3.2298795133037774e-30 181.875 181.875 4.7550386699278993e-28 0 0 -5.5558789133336789e-29
d 0 0 -4.1669210463569207e-28 0 0 -3.2308234685073439e-30 182.5 182.5 4.7548256337018698e-28 0 0 -5.555963448204823e-29
d 0 0 -4.1668056090506001e-28 0 0 -3.231290070002875e-30 182.8125 182.8125 4.7547195648510201e-28 0 0 -5.5560102166322315e-29
d 0 0 -4.1666901921739135e-28 0 0 -3.2317577370372841e-30 183.125 183.125 4.7546137637549098e-28 0 0 -5.5560596386516826e-29
d 0 0 -4.1664594263579783e-28 0 0 -3.2326895411775988e-30 183.75 183.75 4.7544028522912082e-28 0 0 -5.5561652457120559e-29
d 0 0 -4.1662287602996926e-28 0 0 -3.2334865046085885e-30 184.375 184.375 4.7541926522185833e-28 0 0 -5.5562776734996042e-29
d 0 0 -4.1659982030024782e-28 0 0 -3.2344416951120927e-30 185 185 4.753982892663382e-28 0 0 -5.5563941128934253e-29
d 0 0 -4.1641583430021728e-28 0 0 -3.2416102505107797e-30 190 190 4.7522920909661991e-28 0 0 -5.5571763011860714e-29
d 0 0 -4.1640436502015219e-28 0 0 -3.2419585570875019e-30 190.3125 190.3125 4.7521846022754473e-28 0 0 -5.5572054228638368e-29
d 0 0 -4.1639289948830518e-28 0 0 -3.2424050086073498e-30 190.625 190.625 4.7520768420292167e-28 0 0 -5.5572316075050428e-29
d 0 0 -4.1638143773920009e-28 0 0 -3.2428473642533421e-30 190.9375 190.9375 4.7519688075609497e-28 0 0 -5.5572548241150234e-29
d 0 0 -4.1636997980703857e-28 0 0 -3.2432854541916202e-30 191.25 191.25 4.7518604970463791e-28 0 0 -5.5572750500605449e-29
d 0 0 -4.1635852572584972e-28 0 0 -3.2437425714264521e-30 191.5625 191.5625 4.7517519093749672e-28 0 0 -5.5572922698394696e-29
d 0 0 -4.1634707552963884e-28 0 0 -3.2441492014145452e-30 191.875 191.875 4.7516430440385425e-28 0 0 -5.5573064740818214e-29
d 0 0 -4.163356292525361e-28 0 0 -3.2445753966255193e-30 192.1875 192.1875 4.7515339010825097e-28 0 0 -5.5573176587867418e-29
d 0 0 -4.1632418692894833e-28 0 0 -3.2449982900391367e-30 192.5 192.5 4.7514244810282157e-28 0 0 -5.5573258247904853e-29
d 0 0 -4.1631274859371517e-28 0 0 -3.2454182682169094e-30 192.8125 192.8125 4.7513147848561299e-28 0 0 -5.5573309774522518e-29
d 0 0 -4.1630131428227284e-28 0 0 -3.2458356961419183e-30 193.125 193.125 4.751204813993236e-28 0 0 -5.5573331265373092e-29
d 0 0 -4.1628988403082686e-28 0 0 -3.2462508950883034e-30 193.4375 193.4375 4.7510945703201976e-28 0 0 -5.557332286270829e-29
d 0 0 -4.1627845787653759e-28 0 0 -3.2461253474737549e-30 193.75 193.75 4.7509840561400911e-28 0 0 -5.5573284755310827e-29
d 0 0 -4.162670358577209e-28 0 0 -3.2466100135880175e-30 194.0625 194.0625 4.7508732744178003e-28 0 0 -5.5573217181473873e-29
d 0 0 -4.1625561801406808e-28 0 0 -3.2471070588511175e-30 194.375 194.375 4.7507622285191591e-28 0 0 -5.5573120432665188e-29
d 0 0 -4.1624420438688836e-28 0 0 -3.2476033673842167e-30 194.6875 194.6875 4.7506509224358097e-28 0 0 -5.5572994857510789e-29
d 0 0 -4.1623279501937966e-28 0 0 -3.2480894223560876e-30 195 195 4.7505393607913808e-28 0 0 -5.5572840865747535e-29
d 0 0 -4.1622138995693301e-28 0 0 -3.2485602804446705e-30 195.3125 195.3125 4.7504275488803275e-28 0 0 -5.5572658931833091e-29
d 0 0 -4.1620998924747669e-28 0 0 -3.2490150654518611e-30 195.625 195.625 4.7503154927000854e-28 0 0 -5.5572449597843612e-29
d 0 0 -4.1618720109435185e-28 0 0 -3.2493755437842419e-30 196.25 196.25 4.7500906751083517e-28 0 0 -5.5571951247984849e-29
d 0 0 -4.1617581376306865e-28 0 0 -3.2502979500609927e-30 196.5625 196.5625 4.7499779295230084e-28 0 0 -5.5571663668042793e-29
d 0 0 -4.1616443101067584e-28 0 0 -3.2507069864138854e-30 196.875 196.875 4.749864970962148e-28 0 0 -5.5571351558402441e-29
d 0 0 -4.16141679520142e-28 0 0 -3.2507626405652019e-30 197.5 197.5 4.7496384544142484e-28 0 0 -5.5570657369523317e-29
d 0 0 -4.1613031093694476e-28 0 0 -3.2519057839286833e-30 197.8125 197.8125 4.7495249180105346e-28 0 0 -5.557027725207299e-29
d 0 0 -4.1611894724471322e-28 0 0 -3.252299757648453e-30 198.125 198.125 4.7494112112772364e-28 0 0 -5.5569876517605972e-29
d 0 0 -4.1610758854238462e-28 0 0 -3.2520985094427351e-30 198.4375 198.4375 4.7492973463887955e-28 0 0 -5.5569456272946575e-29
d 0 0 -4.1609623494032137e-28 0 0 -3.2526451062816194e-30 198.75 198.75 4.7491833362267293e-28 0 0 -5.5569017662547217e-29
d 0 0 -4.160848865624396e-28 0 0 -3.2531620903280698e-30 199.0625 199.0625 4.7490691937772372e-28 0 0 -5.5568561860500884e-29
d 0 0 -4.1607354354883427e-28 0 0 -3.2536461164427095e-30 199.375 199.375 4.7489549325198659e-28 0 0 -5.5568090062219769e-29
d 0 0 -4.1606220605904695e-28 0 0 -3.2541077802959113e-30 199.6875 199.6875 4.7488405662618824e-28 0 0 -5.5567603475951669e-29
d 0 0 -4.1605087427617367e-28 0 0 -3.2545467476041871e-30 200 200 4.7487261091083355e-28 0 0 -5.5567103314296545e-29
d 0 0 -4.1603954841208333e-28 0 0 -3.2549676597758208e-30 200.3125 200.3125 4.7486115754209918e-28 0 0 -5.5566590785868952e-29
d 0 0 -4.1602822871412451e-28 0 0 -3.2553748839296914e-30 200.625 200.625 4.748496979806078e-28 0 0 -5.5566067087237997e-29
d 0 0 -4.1601691547385357e-28 0 0 -3.255772093482353e-30 200.9375 200.9375 4.7483823371309764e-28 0 0 -5.5565533395252929e-29
d 0 0 -4.1600560903855029e-28 0 0 -3.2561621586833445e-30 201.25 201.25 4.7482676625784027e-28 0 0 -5.5564990859839088e-29
d 0 0 -4.1599430982664258e-28 0 0 -3.2565471932468715e-30 201.5625 201.5625 4.7481529717297531e-28 0 0 -5.556444059731936e-29
d 0 0 -4.1598301834871428e-28 0 0 -3.2569287146188273e-30 201.875 201.875 4.7480382807241472e-28 0 0 -5.5563883684280213e-29
d 0 0 -4.1597173523664686e-28 0 0 -3.2573077400889049e-30 202.1875 202.1875 4.7479236065085363e-28 0 0 -5.5563321151952198e-29
d 0 0 -4.1596046128488158e-28 0 0 -3.2576849525487872e-30 202.5 202.5 4.7478089672149674e-28 0 0 -5.5562753981005279e-29
d 0 0 -4.1594919751018034e-28 0 0 -3.25731023986713e-30 202.8125 202.8125 4.7476943825830256e-28 0 0 -5.5562183096552869e-29
d 0 0 -4.1593794524038594e-28 0 0 -3.2578673686930568e-30 203.125 203.125 4.7475798754337924e-28 0 0 -5.5561609362985208e-29
d 0 0 -4.159267062499642e-28 0 0 -3.2583832893351837e-30 203.4375 203.4375 4.7474654720812664e-28 0 0 -5.5561033577958108e-29
d 0 0 -4.1591548297332972e-28 0 0 -3.2588679115825041e-30 203.75 203.75 4.7473512051129533e-28 0 0 -5.5560456464338701e-29
d 0 0 -4.1590427885141534e-28 0 0 -3.2593270886897324e-30 204.0625 204.0625 4.7472371167057413e-28 0 0 -5.5559878657950493e-29
d 0 0 -4.1589309891226638e-28 0 0 -3.2597654845420036e-30 204.375 204.375 4.7471232644543615e-28 0 0 -5.5559300687187341e-29
d 0 0 -4.1588195076642467e-28 0 0 -3.2601873360124225e-30 204.6875 204.6875 4.747009731358582e-28 0 0 -5.5558722937418957e-29
d 0 0 -4.158708463127073e-28 0 0 -3.2605965757937779e-30 205 205 4.7468966429245225e-28 0 0 -5.5558145588470586e-29
d 0 0 -4.1585980449538856e-28 0 0 -3.2609969011864761e-30 205.3125 205.3125 4.7467841947848592e-28 0 0 -5.5557568510968246e-29
d 0 0 -4.1584885519039457e-28 0 0 -3.261391911797202e-30 205.625 205.625 4.7466726915949441e-28 0 0 -5.5556991115481901e-29
d 0 0 -4.1583804673865261e-28 0 0 -3.2617854603651742e-30 205.9375 205.9375 4.7465626223884872e-28 0 0 -5.5556412052880717e-29
d 0 0 -4.1582749074885154e-28 0 0 -3.2621835294796163e-30 206.25 206.25 4.746455108958355e-28 0 0 -5.5555827473884648e-29
d 0 0 -4.1581752831522844e-28 0 0 -3.2626006075128282e-30 206.5625 206.5625 4.7463535691637929e-28 0 0 -5.5555224579835456e-29
d 0 0 -4.1580803247144022e-28 0 0 -3.2630323047030207e-30 206.875 206.875 4.7462567342296086e-28 0 0 -5.5554608467304005e-29
d 0 0 -4.1579915783752758e-28 0 0 -3.2634867219571621e-30 207.1875 207.1875 4.7461661984783633e-28 0 0 -5.5553976937604992e-29
d 0 0 -4.1579072881955977e-28 0 0 -3.2640573657100154e-30 207.5 207.5 4.7460846452121334e-28 0 0 -5.5553680721121285e-29
d 0 0 -4.1578472576531543e-28 0 0 -3.2763814467841572e-30 207.8125 207.8125 4.7465440340672635e-28 0 0 -5.5593299028701573e-29
d 0 0 -4.157801038379816e-28 0 0 -3.29671090467407e-30 208.125 208.125 4.7473688957938354e-28 0 0 -5.5660077835215497e-29
d 0 0 -4.1577217273011245e-28 0 0 -3.2977089875000777e-30 208.4375 208.4375 4.7473097533549187e-28 0 0 -5.5661096589508997e-29
d 0 0 -4.1576417067108512e-28 0 0 -3.2982718118458428e-30 208.75 208.75 4.7472311423364405e-28 0 0 -5.5660674582642602e-29
d 0 0 -4.1575615989246648e-28 0 0 -3.298198900347761e-30 209.0625 209.0625 4.7471497336091519e-28 0 0 -5.5660047450115819e-29
d 0 0 -4.1574815088839052e-28 0 0 -3.2987809816417016e-30 209.375 209.375 4.7470683456679319e-28 0 0 -5.5659423155002435e-29
d 0 0 -4.1574014377995382e-28 0 0 -3.2993443722803254e-30 209.6875 209.6875 4.7469870124308489e-28 0 0 -5.5658804272043362e-29
d 0 0 -4.1573213857937587e-28 0 0 -3.2998934837961305e-30 210 210 4.7469057388497894e-28 0 0 -5.5658191225143862e-29
d 0 0 -4.1572413529706099e-28 0 0 -3.3004311135415401e-30 210.3125 210.3125 4.7468245294180238e-28 0 0 -5.5657584405110248e-29
d 0 0 -4.1571613394245613e-28 0 0 -3.3009591805440995e-30 210.625 210.625 4.7467433883912487e-28 0 0 -5.5656984185745812e-29
d 0 0 -4.1570813452424459e-28 0 0 -3.301479088232545e-30 210.9375 210.9375 4.7466623198281964e-28 0 0 -5.5656390926569125e-29
d 0 0 -4.1570013705049346e-28 0 0 -3.3019919277059319e-30 211.25 211.25 4.7465813276162833e-28 0 0 -5.5655804974361041e-29
d 0 0 -4.1569214152876857e-28 0 0 -3.3024985925573467e-30 211.5625 211.5625 4.7465004154864277e-28 0 0 -5.5655226663853637e-29
d 0 0 -4.1568414796622584e-28 0 0 -3.3029998197348528e-30 211.875 211.875 4.7464195870194678e-28 0 0 -5.5654656317745255e-29
d 0 0 -4.1567615636968512e-28 0 0 -3.3034962394045568e-30 212.1875 212.1875 4.7463388456460361e-28 0 0 -5.565409424618488e-29
d 0 0 -4.1566816674568988e-28 0 0 -3.3039883886995361e-30 212.5 212.5 4.7462581946413262e-28 0 0 -5.5653540745843844e-29
d 0 0 -4.1566017910055649e-28 0 0 -3.3044767301369236e-30 212.8125 212.8125 4.7461776371160316e-28 0 0 -5.5652996098676479e-29
d 0 0 -4.1565219344041569e-28 0 0 -3.304961661553993e-30 213.125 213.125 4.7460971760045034e-28 0 0 -5.565246057046219e-29
d 0 0 -4.156442097712472e-28 0 0 -3.3054435236361268e-30 213.4375 213.4375 4.7460168140511541e-28 0 0 -5.5651934409216028e-29
d 0 0 -4.1563622809890955e-28 0 0 -3.3059226134011701e-30 213.75 213.75 4.7459365537960171e-28 0 0 -5.5651417843552092e-29
d 0 0 -4.156282484291657e-28 0 0 -3.3063991852539992e-30 214.0625 214.0625 4.7458563975603906e-28 0 0 -5.5650911081083365e-29
d 0 0 -4.156202707677055e-28 0 0 -3.3068734588183584e-30 214.375 214.375 4.7457763474334389e-28 0 0 -5.5650414306941117e-29
d 0 0 -4.1561229512016563e-28 0 0 -3.3073456260957539e-30 214.6875 214.6875 4.7456964052606321e-28 0 0 -5.5649927682496792e-29
d 0 0 -4.1560432149214733e-28 0 0 -3.3078158559584335e-30 215 215 4.7456165726348866e-28 0 0 -5.5649451344368809e-29
d 0 0 -4.1559634988923265e-28 0 0 -3.3082842921084268e-30 215.3125 215.3125 4.7455368508912232e-28 0 0 -5.564898540379503e-29
d 0 0 -4.1558838031699882e-28 0 0 -3.3087510605641712e-30 215.625 215.625 4.7454572411057737e-28 0 0 -5.564852994644905e-29
d 0 0 -4.1558041278103201e-28 0 0 -3.3092162738632532e-30 215.9375 215.9375 4.7453777440998666e-28 0 0 -5.5648085032774129e-29
d 0 0 -4.1557244728694037e-28 0 0 -3.3115116615696161e-30 216.25 216.25 4.7452983613654754e-28 0 0 -5.5647650698902827e-29
d 0 0 -4.1556448384036516e-28 0 0 -3.3120511783910089e-30 216.5625 216.5625 4.7452190914620304e-28 0 0 -5.5647226958223104e-29
d 0 0 -4.155565224469929e-28 0 0 -3.3125905748057177e-30 216.875 216.875 4.7451399354055065e-28 0 0 -5.5646813803641599e-29
d 0 0 -4.1554856311256601e-28 0 0 -3.3131298948266095e-30 217.1875 217.1875 4.7450608931633129e-28 0 0 -5.5646411210585266e-29
d 0 0 -4.1554060584289317e-28 0 0 -3.3136691698964313e-30 217.5 217.5 4.7449819645661171e-28 0 0 -5.564601914076907e-29
d 0 0 -4.1553265064385983e-28 0 0 -3.3142084254152893e-30 217.8125 217.8125 4.7449031493537997e-28 0 0 -5.5645637546745104e-29
d 0 0 -4.1552469752143818e-28 0 0 -3.3147476773231714e-30 218.125 218.125 4.7448244472291919e-28 0 0 -5.5645266377234027e-29
d 0 0 -4.1551674648169724e-28 0 0 -3.3152869367937688e-30 218.4375 218.4375 4.7447458579194905e-28 0 0 -5.5644905583225772e-29
d 0 0 -4.1550879753081251e-28 0 0 -3.3158262080645619e-30 218.75 218.75 4.74466738124507e-28 0 0 -5.5644555124822693e-29
d 0 0 -4.1550085067507642e-28 0 0 -3.3163654905493153e-30 219.0625 219.0625 4.7445890171952958e-28 0 0 -5.5644214978784737e-29
d 0 0 -4.1549290592090769e-28 0 0 -3.3169047792182069e-30 219.375 219.375 4.7445107660108181e-28 0 0 -5.5643885146724697e-29
d 0 0 -4.1548496327486204e-28 0 0 -3.3174440630799125e-30 219.6875 219.6875 4.7444326282717306e-28 0 0 -5.5643565663891194e-29
d 0 0 -4.1547702274364214e-28 0 0 -3.3179833282567578e-30 220 220 4.7443546049908783e-28 0 0 -5.5643256608468768e-29
d 0 0 -4.1546908433410838e-28 0 0 -3.3185225571198074e-30 220.3125 220.3125 4.744276697711555e-28 0 0 -5.5642958111318494e-29
d 0 0 -4.1546114805328967e-28 0 0 -3.3190617286309541e-30 220.625 220.625 4.7441989086087893e-28 0 0 -5.5642670366079081e-29
d 0 0 -4.1545321390839474e-28 0 0 -3.3196008183667877e-30 220.9375 220.9375 4.7441212405934059e-28 0 0 -5.5642393639547195e-29
d 0 0 -4.1544528190682362e-28 0 0 -3.3201398000227984e-30 221.25 221.25 4.7440436974180606e-28 0 0 -5.564212828225692e-29
d 0 0 -4.1543735205618017e-28 0 0 -3.3206786437349643e-30 221.5625 221.5625 4.743966283784477e-28 0 0 -5.5641874739181121e-29
d 0 0 -4.154294243642844e-28 0 0 -3.3212173188067666e-30 221.875 221.875 4.743889005451165e-28 0 0 -5.5641633560482489e-29
d 0 0 -4.1542149883918636e-28 0 0 -3.3217557923504371e-30 222.1875 222.1875 4.7438118693409388e-28 0 0 -5.5641405412247533e-29
d 0 0 -4.1541357548917976e-28 0 0 -3.322294028322233e-30 222.5 222.5 4.7437348836476511e-28 0 0 -5.5641191087142567e-29
d 0 0 -4.1540565432281758e-28 0 0 -3.3228319910992933e-30 222.8125 222.8125 4.7436580579415688e-28 0 0 -5.5640991514937384e-29
d 0 0 -4.1539773534892779e-28 0 0 -3.3233696430755653e-30 223.125 223.125 4.7435814032729152e-28 0 0 -5.564080777284639e-29
d 0 0 -4.1538981857663026e-28 0 0 -3.3239069447637208e-30 223.4375 223.4375 4.74350493227309e-28 0 0 -5.5640641095640879e-29
d 0 0 -4.1538190401535571e-28 0 0 -3.3244438577069838e-30 223.75 223.75 4.7434286592531394e-28 0 0 -5.5640492885486865e-29
d 0 0 -4.1537399167486524e-28 0 0 -3.3249803408096724e-30 224.0625 224.0625 4.7433526002989655e-28 0 0 -5.564036472146093e-29
d 0 0 -4.1536608156527215e-28 0 0 -3.3255163536279181e-30 224.375 224.375 4.7432767733627862e-28 0 0 -5.5640258368690915e-29
d 0 0 -4.1535817369706505e-28 0 0 -3.326051854801764e-30 224.6875 224.6875 4.7432011983501802e-28 0 0 -5.5640175787058783e-29
d 0 0 -4.1535026808113399e-28 0 0 -3.326586804021088e-30 225 225 4.7431258972019778e-28 0 0 -5.5640119139388537e-29
d 0 0 -4.1534236472879859e-28 0 0 -3.3271211592100076e-30 225.3125 225.3125 4.743050893970019e-28 0 0 -5.5640090799023232e-29
d 0 0 -4.1533446365183926e-28 0 0 -3.3276548798807482e-30 225.625 225.625 4.7429762148855976e-28 0 0 -5.5640093356670566e-29
d 0 0 -4.1532656486253182e-28 0 0 -3.3281879246840343e-30 225.9375 225.9375 4.7429018884190763e-28 0 0 -5.5640129626367197e-29
d 0 0 -4.1531866837368608e-28 0 0 -3.3287202535393401e-30 226.25 226.25 4.7428279453288512e-28 0 0 -5.564020265037718e-29
d 0 0 -4.1531077419868902e-28 0 0 -3.3292518250851435e-30 226.5625 226.5625 4.7427544186974117e-28 0 0 -5.5640315702799725e-29
d 0 0 -4.1530288235155337e-28 0 0 -3.3297826015534549e-30 226.875 226.875 4.7426813439518275e-28 0 0 -5.5640472291617415e-29
d 0 0 -4.1529499284697208e-28 0 0 -3.3303125435320059e-30 227.1875 227.1875 4.7426087588654822e-28 0 0 -5.5640676158867188e-29
d 0 0 -4.1528710570037997e-28 0 0 -3.3308545203495662e-30 227.5 227.5 4.7425367035455772e-28 0 0 -5.5640931278564987e-29
d 0 0 -4.152792209280244e-28 0 0 -3.3313833944570681e-30 227.8125 227.8125 4.7424652203535642e-28 0 0 -5.5641241851962012e-29
d 0 0 -4.1527133854704425e-28 0 0 -3.3304873445526655e-30 228.125 228.125 4.7423943529877407e-28 0 0 -5.5641612299657771e-29
d 0 0 -4.1526345857556179e-28 0 0 -3.3268425402300897e-30 228.4375 228.4375 4.7423241475325704e-28 0 0 -5.564204725004494e-29
d 0 0 -4.1525558103278634e-28 0 0 -3.3272695141970531e-30 228.75 228.75 4.7422546563208354e-28 0 0 -5.56425515235172e-29
d 0 0 -4.1524770593913451e-28 0 0 -3.3276961456846504e-30 229.0625 229.0625 4.7421859273804733e-28 0 0 -5.5643130111837136e-29
d 0 0 -4.1523983331636764e-28 0 0 -3.3281224544849396e-30 229.375 229.375 4.7421180124816214e-28 0 0 -5.5643788152039935e-29
d 0 0 -4.1523196318775079e-28 0 0 -3.3285484594228031e-30 229.6875 229.6875 4.742050964534352e-28 0 0 -5.5644530894249412e-29
d 0 0 -4.1522409557823703e-28 0 0 -3.3289055658352056e-30 230 230 4.7419848371650972e-28 0 0 -5.5645363662807096e-29
d 0 0 -4.1509858864745005e-28 0 0 -3.3357216202925045e-30 235 235 4.7410887288662249e-28 0 0 -5.5674562618853199e-29
d 0 0 -4.1497443048933871e-28 0 0 -3.342313889240655e-30 240 240 4.7404602980410692e-28 0 0 -5.5729285426044376e-29
d 0 0 -4.1485748869645773e-28 0 0 -3.3487800355948935e-30 245 245 4.739798336908681e-28 0 0 -5.5773564932055169e-29
d 0 0 -4.1484198547764472e-28 0 0 -3.3495765161017184e-30 245.625 245.625 4.7396889828357283e-28 0 0 -5.577733634470042e-29
d 0 0 -4.1482648025354706e-28 0 0 -3.3503737437161675e-30 246.25 246.25 4.7395757835661959e-28 0 0 -5.578072803099779e-29
d 0 0 -4.1481097561263736e-28 0 0 -3.3511615303000773e-30 246.875 246.875 4.7394589610744582e-28 0 0 -5.5783759650037316e-29
d 0 0 -4.1479547330953222e-28 0 0 -3.3519495747915205e-30 247.5 247.5 4.739338749627597e-28 0 0 -5.5786452916822846e-29
d 0 0 -4.1477997458870415e-28 0 0 -3.3527337054932876e-30 248.125 248.125 4.7392153942129787e-28 0 0 -5.578883112303651e-29
d 0 0 -4.1477222686720633e-28 0 0 -3.353099855278879e-30 248.4375 248.4375 4.7391526167166414e-28 0 0 -5.5789909714084001e-29
d 0 0 -4.1476448036522256e-28 0 0 -3.356624029847127e-30 248.75 248.75 4.7390891511804318e-28 0 0 -5.5790918842904099e-29
d 0 0 -4.147489913321356e-28 0 0 -3.3542947809390512e-30 249.375 249.375 4.7389602781541927e-28 0 0 -5.5792741702340896e-29
d 0 0 -4.1473350802755496e-28 0 0 -3.3550706915620878e-30 250 250 4.7388290498527451e-28 0 0 -5.5794326124928076e-29
d 0 0 -4.1471803087835123e-28 0 0 -3.3558437111711279e-30 250.625 250.625 4.7386957375965817e-28 0 0 -5.5795699008528442e-29
d 0 0 -4.1470256022964553e-28 0 0 -3.3566138518345099e-30 251.25 251.25 4.73856061440346e-28 0 0 -5.5796887321214558e-29
d 0 0 -4.1468709636533678e-28 0 0 -3.3573808741356296e-30 251.875 251.875 4.7384239486995148e-28 0 0 -5.5797917629180265e-29
d 0 0 -4.1467936705300925e-28 0 0 -3.3577632169223651e-30 252.1875 252.1875 4.7383551188065424e-28 0 0 -5.5798381597123965e-29
d 0 0 -4.1467163952278549e-28 0 0 -3.358146598822524e-30 252.5 252.5 4.7382859993136367e-28 0 0 -5.5798815581773742e-29
d 0 0 -4.1465618990357615e-28 0 0 -3.3589057068162268e-30 253.125 253.125 4.7381470102850511e-28 0 0 -5.5799605382392363e-29
d 0 0 -4.1464074768157853e-28 0 0 -3.3596636350932262e-30 253.75 253.75 4.7380072057923095e-28 0 0 -5.5800309272690142e-29
d 0 0 -4.1463302939283519e-28 0 0 -3.3600436930044158e-30 254.0625 254.0625 4.7379370611979825e-28 0 0 -5.5800635296877945e-29
d 0 0 -4.1462531300910388e-28 0 0 -3.3604208513183062e-30 254.375 254.375 4.7378667854267386e-28 0 0 -5.5800947054979765e-29
d 0 0 -4.1460988602168407e-28 0 0 -3.3611457809514208e-30 255 255 4.7377259200769724e-28 0 0 -5.5801535676108045e-29
d 0 0 -4.1448675989723219e-28 0 0 -3.3670082141146411e-30 260 260 4.736592566771009e-28 0 0 -5.5805419319967666e-29
d 0 0 -4.1436418310151031e-28 0 0 -3.3727981744770786e-30 265 265 4.7354379632234408e-28 0 0 -5.5806814317275023e-29
d 0 0 -4.143489020931639e-28 0 0 -3.3735017473105608e-30 265.625 265.625 4.7352908270869543e-28 0 0 -5.5806679151202604e-29
d 0 0 -4.143412651497686e-28 0 0 -3.3738629564601686e-30 265.9375 265.9375 4.7352170103510406e-28 0 0 -5.5806584169929012e-29
d 0 0 -4.1433363060322541e-28 0 0 -3.374212637151803e-30 266.25 266.25 4.7351430309875057e-28 0 0 -5.5806471213153193e-29
d 0 0 -4.1431836877512756e-28 0 0 -3.3748989201000136e-30 266.875 266.875 4.7349945971622792e-28 0 0 -5.5806192566557006e-29
d 0 0 -4.1430311676859262e-28 0 0 -3.3755980592116124e-30 267.5 267.5 4.7348455556368508e-28 0 0 -5.5805846033227124e-29
d 0 0 -4.1428787476381036e-28 0 0 -3.3763015349265743e-30 268.125 268.125 4.7346959422159943e-28 0 0 -5.580543499535864e-29
d 0 0 -4.142726429668138e-28 0 0 -3.3769734523241816e-30 268.75 268.75 4.7345457968187938e-28 0 0 -5.5804963221816889e-29
d 0 0 -4.1425742161649702e-28 0 0 -3.3776601767097553e-30 269.375 269.375 4.734395162173982e-28 0 0 -5.5804434724705332e-29
d 0 0 -4.1424221099392346e-28 0 0 -3.378353512074972e-30 270 270 4.7342440827210478e-28 0 0 -5.580385364775321e-29
d 0 0 -4.1422701143489221e-28 0 0 -3.3789971092629089e-30 270.625 270.625 4.7340926039296824e-28 0 0 -5.5803224184928828e-29
d 0 0 -4.1421182334722964e-28 0 0 -3.3797101128221893e-30 271.25 271.25 4.733940771980688e-28 0 0 -5.5802550525751455e-29
d 0 0 -4.1419664723510033e-28 0 0 -3.3803613483580834e-30 271.875 271.875 4.733788633632112e-28 0 0 -5.5801836822817593e-29
d 0 0 -4.1418148373401023e-28 0 0 -3.3810548846856975e-30 272.5 272.5 4.7336362364892746e-28 0 0 -5.580108717681744e-29
d 0 0 -4.1416633366257942e-28 0 0 -3.3817375637258862e-30 273.125 273.125 4.733483629379599e-28 0 0 -5.5800305634553534e-29
d 0 0 -4.1415876398748546e-28 0 0 -3.3819423920935837e-30 273.4375 273.4375 4.7334072628602429e-28 0 0 -5.5799904153818673e-29
d 0 0 -4.1415119810148686e-28 0 0 -3.3822765851425818e-30 273.75 273.75 4.7333308632853555e-28 0 0 -5.5799496195989641e-29
d 0 0 -4.1413607851810028e-28 0 0 -3.3830578620284438e-30 274.375 274.375 4.7331779929596533e-28 0 0 -5.5798662827008737e-29
d 0 0 -4.1412097697116461e-28 0 0 -3.3826588837589142e-30 275 275 4.7330250779935075e-28 0 0 -5.5797809475260966e-29
d 0 0 -4.1410589646232009e-28 0 0 -3.3843860846198315e-30 275.625 275.625 4.7328721898871798e-28 0 0 -5.5796940087213666e-29
d 0 0 -4.1409084156991604e-28 0 0 -3.3850409815409405e-30 276.25 276.25 4.7327194127538163e-28 0 0 -5.5796058625348154e-29
d 0 0 -4.1407581964755955e-28 0 0 -3.3856978570253636e-30 276.875 276.875 4.7325668611273333e-28 0 0 -5.5795169085564454e-29
d 0 0 -4.1406084315282027e-28 0 0 -3.3863514092908533e-30 277.5 277.5 4.7324147007632014e-28 0 0 -5.5794275516349183e-29
d 0 0 -4.1404593387398675e-28 0 0 -3.3870051221405193e-30 278.125 278.125 4.7322631918810479e-28 0 0 -5.579338204049466e-29
d 0 0 -4.1403112733585269e-28 0 0 -3.3876540570827374e-30 278.75 278.75 4.7321127334626951e-28 0 0 -5.5792492855770463e-29
d 0 0 -4.1401646596373552e-28 0 0 -3.3883011474694291e-30 279.375 279.375 4.7319637935974085e-28 0 0 -5.5791612114472027e-29
d 0 0 -4.1400201442443964e-28 0 0 -3.3889480859301937e-30 280 280 4.7318170636346261e-28 0 0 -5.5790743900987449e-29
d 0 0 -4.1391881387151075e-28 0 0 -3.4130979333733446e-30 285 285 4.7328341471932999e-28 0 0 -5.5951505439668103e-29
d 0 0 -4.1383767170904583e-28 0 0 -3.4183314049359578e-30 290 290 4.7320296764587488e-28 0 0 -5.5946964521211826e-29
d 0 0 -4.1375698024678695e-28 0 0 -3.4233908438150436e-30 295 295 4.7312388029386369e-28 0 0 -5.5943509203255127e-29
d 0 0 -4.1371875532020951e-28 0 0 -3.4258054325529761e-30 297.5 297.5 4.7308637830505943e-28 0 0 -5.5941817533904466e-29
d 0 0 -4.1368147378971228e-28 0 0 -3.4281639022160912e-30 300 300 4.7304958748334787e-28 0 0 -5.593995118145039e-29
d 0 0 -4.1364134157913544e-28 0 0 -3.4305699628277593e-30 302.5 302.5 4.73009664846187e-28 0 0 -5.5937753625076782e-29
d 0 0 -4.1360115065652317e-28 0 0 -3.4329476400983563e-30 305 305 4.7296935122816256e-28 0 0 -5.5935253157054723e-29
d 0 0 -4.1356097770742939e-28 0 0 -3.4352949374996359e-30 307.5 307.5 4.7292875798176056e-28 0 0 -5.5932485332035324e-29
d 0 0 -4.1352084490646142e-28 0 0 -3.4376127947457317e-30 310 310 4.7288796259251052e-28 0 0 -5.5929504863550099e-29
d 0 0 -4.13480762175865e-28 0 0 -3.4399038612135895e-30 312.5 312.5 4.7284703205071643e-28 0 0 -5.5926367963174742e-29
d 0 0 -4.1344073516327124e-28 0 0 -3.4421631069542573e-30 315 315 4.7280602337459424e-28 0 0 -5.5923125110332687e-29
d 0 0 -4.1340076772167369e-28 0 0 -3.444397412719647e-30 317.5 317.5 4.727649851228845e-28 0 0 -5.5919820148091197e-29
d 0 0 -4.133608629458268e-28 0 0 -3.4466053992948772e-30 320 320 4.7272395960131967e-28 0 0 -5.5916491478560127e-29
d 0 0 -4.1328125336389844e-28 0 0 -3.4509452286094761e-30 325 325 4.726420934651692e-28 0 0 -5.5909894872655946e-29
d 0 0 -4.1320193780264309e-28 0 0 -3.4551880324684497e-30 330 330 4.7256068079658099e-28 0 0 -5.590355496145894e-29
d 0 0 -4.1319204680498824e-28 0 0 -3.455565426495192e-30 330.625 330.625 4.7255054686887113e-28 0 0 -5.5902788379343463e-29
d 0 0 -4.1318216168507258e-28 0 0 -3.4562276482526412e-30 331.25 331.25 4.7254042378132027e-28 0 0 -5.590202825536852e-29
d 0 0 -4.1317228276917059e-28 0 0 -3.4567222954617948e-30 331.875 331.875 4.7253031200854271e-28 0 0 -5.5901274741481298e-29
d 0 0 -4.1316241046981028e-28 0 0 -3.4571883536401233e-30 332.5 332.5 4.725202120810902e-28 0 0 -5.5900527972104826e-29
d 0 0 -4.1315254532150283e-28 0 0 -3.4577900306536148e-30 333.125 333.125 4.7251012463090442e-28 0 0 -5.5899788068152028e-29
d 0 0 -4.1314268803802414e-28 0 0 -3.4582968798335574e-30 333.75 333.75 4.725000504465573e-28 0 0 -5.5899055143866494e-29
d 0 0 -4.1313776264035092e-28 0 0 -3.4585621155531081e-30 334.0625 334.0625 4.7249501864364717e-28 0 0 -5.5898691335814464e-29
d 0 0 -4.1313283961024835e-28 0 0 -3.4588174757009512e-30 334.375 334.375 4.7248999058012823e-28 0 0 -5.5898329319140195e-29
d 0 0 -4.1312791914431463e-28 0 0 -3.4590717511165743e-30 334.6875 334.6875 4.7248496645875136e-28 0 0 -5.5897969113613328e-29
d 0 0 -4.1312300148813024e-28 0 0 -3.4593248085382264e-30 335 335 4.7247994653124538e-28 0 0 -5.5897610743673889e-29
d 0 0 -4.1308385653850096e-28 0 0 -3.4613575032852766e-30 337.5 337.5 4.7244003604073206e-28 0 0 -5.5894821998874305e-29
d 0 0 -4.1307904838410085e-28 0 0 -3.4616039417564239e-30 337.8125 337.8125 4.7243514106657007e-28 0 0 -5.5894492322226213e-29
d 0 0 -4.1307430053427747e-28 0 0 -3.4618758255081638e-30 338.125 338.125 4.7243030997850252e-28 0 0 -5.5894173213019687e-29
d 0 0 -4.1306958159883549e-28 0 0 -3.4621600795160178e-30 338.4375 338.4375 4.72425509918905e-28 0 0 -5.5893859180087136e-29
d 0 0 -4.1306486238315704e-28 0 0 -3.4624583189479156e-30 338.75 338.75 4.724207103611308e-28 0 0 -5.5893545168361221e-29
d 0 0 -4.1306010436942668e-28 0 0 -3.4625413767821323e-30 339.0625 339.0625 4.7241587111844168e-28 0 0 -5.5893224769728097e-29
d 0 0 -4.1305530954948276e-28 0 0 -3.4627855714741204e-30 339.375 339.375 4.7241099429196222e-28 0 0 -5.5892898317056148e-29
d 0 0 -4.1305050383038962e-28 0 0 -3.4630319004062712e-30 339.6875 339.6875 4.7240610686235833e-28 0 0 -5.58925699690296e-29
d 0 0 -4.1304569933957067e-28 0 0 -3.4632789238318691e-30 340 340 4.7240122144513661e-28 0 0 -5.58922416498059e-29
d 0 0 -4.1304090059139821e-28 0 0 -3.4635260686584193e-30 340.3125 340.3125 4.7239634273553613e-28 0 0 -5.5891914112444594e-29
d 0 0 -4.1303610927116201e-28 0 0 -3.4637730807738789e-30 340.625 340.625 4.7239147248787431e-28 0 0 -5.5891587682602353e-29
d 0 0 -4.1303132645049281e-28 0 0 -3.4640198278091985e-30 340.9375 340.9375 4.7238661180180902e-28 0 0 -5.5891262527327308e-29
d 0 0 -4.1302655388501437e-28 0 0 -3.464266216531227e-30 341.25 341.25 4.7238176244946778e-28 0 0 -5.5890938767724861e-29
d 0 0 -4.1302179499869595e-28 0 0 -3.4645121494891087e-30 341.5625 341.5625 4.7237692787473657e-28 0 0 -5.5890616537829479e-29
d 0 0 -4.1301705653847548e-28 0 0 -3.4647574818165306e-30 341.875 341.875 4.7237211486296775e-28 0 0 -5.5890296045111293e-29
d 0 0 -4.1301235315245236e-28 0 0 -3.4650019264250579e-30 342.1875 342.1875 4.7236733815321551e-28 0 0 -5.5889977705818871e-29
d 0 0 -4.130077210972019e-28 0 0 -3.4652447879715865e-30 342.5 342.5 4.7236263424342298e-28 0 0 -5.5889662531980791e-29
d 0 0 -4.1300323899707869e-28 0 0 -3.4654845011425151e-30 342.8125 342.8125 4.7235808230339245e-28 0 0 -5.5889352715866924e-29
d 0 0 -4.1299898093446927e-28 0 0 -3.4657196910374208e-30 343.125 343.125 4.7235375717772945e-28 0 0 -5.5889050555968913e-29
d 0 0 -4.1299521786435216e-28 0 0 -3.4659448737622439e-30 343.4375 343.4375 4.7234994780184126e-28 0 0 -5.5888779125063887e-29
d 0 0 -4.129915494444175e-28 0 0 -3.4661999145008454e-30 343.75 343.75 4.7234706071087516e-28 0 0 -5.5889305954781904e-29
d 0 0 -4.1298953566482582e-28 0 0 -3.4701958127299511e-30 344.0625 344.0625 4.7244438079154381e-28 0 0 -5.5984649315812709e-29
d 0 0 -4.1298773639425837e-28 0 0 -3.4747583266955327e-30 344.375 344.375 4.7255697135924616e-28 0 0 -5.6094471303433794e-29
d 0 0 -4.1298458758023943e-28 0 0 -3.4750708940750681e-30 344.6875 344.6875 4.725560937574674e-28 0 0 -5.6096429988196888e-29
d 0 0 -4.1298141547769836e-28 0 0 -3.4753100373880517e-30 345 345 4.7255334490234833e-28 0 0 -5.6096614211195028e-29
d 0 0 -4.1297823731740815e-28 0 0 -3.4755314714740455e-30 345.3125 345.3125 4.7255015594605647e-28 0 0 -5.6096385086186828e-29
d 0 0 -4.1297505838284041e-28 0 0 -3.4757511444848006e-30 345.625 345.625 4.7254695805687263e-28 0 0 -5.6096148529934479e-29
d 0 0 -4.1297187887691212e-28 0 0 -3.4759684939698208e-30 345.9375 345.9375 4.7254375628567708e-28 0 0 -5.6095909170847519e-29
d 0 0 -4.1296869892815791e-28 0 0 -3.4762080623939174e-30 346.25 346.25 4.7254055140798327e-28 0 0 -5.609566763022023e-29
d 0 0 -4.1296551864493156e-28 0 0 -3.4764257312059012e-30 346.5625 346.5625 4.7253734402173258e-28 0 0 -5.6095424378325789e-29
d 0 0 -4.1296233812029444e-28 0 0 -3.4765789856441426e-30 346.875 346.875 4.7253413460749853e-28 0 0 -5.6095179787400589e-29
d 0 0 -4.1295915743556474e-28 0 0 -3.4768318731516752e-30 347.1875 347.1875 4.7253092355784218e-28 0 0 -5.6094934156449976e-29
d 0 0 -4.1295597666309976e-28 0 0 -3.477047123083638e-30 347.5 347.5 4.7252771119839804e-28 0 0 -5.6094687728817835e-29
d 0 0 -4.129527958685591e-28 0 0 -3.4772618597571378e-30 347.8125 347.8125 4.7252449780320563e-28 0 0 -5.6094440704936819e-29
d 0 0 -4.1294961511283285e-28 0 0 -3.4774681748724495e-30 348.125 348.125 4.7252128360655149e-28 0 0 -5.609419325176322e-29
d 0 0 -4.1294643445378067e-28 0 0 -3.4776815978660096e-30 348.4375 348.4375 4.7251806881205015e-28 0 0 -5.6093945509889335e-29
d 0 0 -4.1294325394791539e-28 0 0 -3.4778946729444253e-30 348.75 348.75 4.7251485359970044e-28 0 0 -5.6093697599007018e-29
d 0 0 -4.1294007365216722e-28 0 0 -3.4781074061081584e-30 349.0625 349.0625 4.7251163813211272e-28 0 0 -5.6093449622192487e-29
d 0 0 -4.1293689362589677e-28 0 0 -3.4783197997150636e-30 349.375 349.375 4.7250842255987136e-28 0 0 -5.6093201669352917e-29
d 0 0 -4.1293371393338117e-28 0 0 -3.4785318539872356e-30 349.6875 349.6875 4.7250520702673031e-28 0 0 -5.6092953820095727e-29
d 0 0 -4.1293053464712025e-28 0 0 -3.4787435669634711e-30 350 350 4.7250199167513288e-28 0 0 -5.6092706146239446e-29
d 0 0 -4.129051353622058e-28 0 0 -3.4804099534847545e-30 352.5 352.5 4.7247630249873595e-28 0 0 -5.6090739671152107e-29
d 0 0 -4.1290197417392943e-28 0 0 -3.4806301383052962e-30 352.8125 352.8125 4.7247310586402741e-28 0 0 -5.6090497806801814e-29
d 0 0 -4.1289882683256773e-28 0 0 -3.4808351682286658e-30 353.125 353.125 4.7246992383192183e-28 0 0 -5.6090258767017334e-29
d 0 0 -4.1289570737539055e-28 0 0 -3.4810363627715889e-30 353.4375 353.4375 4.7246677109498187e-28 0 0 -5.6090025004178588e-29
d 0 0 -4.128926121632256e-28 0 0 -3.4812341015442752e-30 353.75 353.75 4.7246364385769347e-28 0 0 -5.6089795901675117e-29
d 0 0 -4.1288952011750532e-28 0 0 -3.481431056255558e-30 354.0625 354.0625 4.7246052009473677e-28 0 0 -5.6089567812136485e-29
d 0 0 -4.1288641181980743e-28 0 0 -3.4816296993047484e-30 354.375 354.375 4.7245737952243075e-28 0 0 -5.6089337366944362e-29
d 0 0 -4.1288327326381394e-28 0 0 -3.4818318275989991e-30 354.6875 354.6875 4.7245420752207542e-28 0 0 -5.6089102137034025e-29
d 0 0 -4.1288011705769808e-28 0 0 -3.4820358076571466e-30 355 355 4.7245101729995465e-28 0 0 -5.6088864336310628e-29
d 0 0 -4.1285475818547423e-28 0 0 -3.4836701294077424e-30 357.5 357.5 4.7242539138085865e-28 0 0 -5.6086962539594804e-29
d 0 0 -4.1284207762964094e-28 0 0 -3.4844793052140871e-30 358.75 358.75 4.7241258584523382e-28 0 0 -5.6086026319461412e-29
d 0 0 -4.1282945288543605e-28 0 0 -3.4852803015626379e-30 360 360 4.7239984597485502e-28 0 0 -5.6085112173568124e-29
d 0 0 -4.1280419930946653e-28 0 0 -3.4868692420079389e-30 362.5 362.5 4.7237438378592685e-28 0 0 -5.6083315234477849e-29
d 0 0 -4.1277885888418902e-28 0 0 -3.4884564436180106e-30 365 365 4.7234887916362761e-28 0 0 -5.6081563835710037e-29
d 0 0 -4.1275352965474178e-28 0 0 -3.4900292189717574e-30 367.5 367.5 4.7232344206813632e-28 0 0 -5.6079883194225085e-29
d 0 0 -4.1275036506777091e-28 0 0 -3.4902272409136834e-30 367.8125 367.8125 4.7232026853795282e-28 0 0 -5.6079678734487903e-29
d 0 0 -4.1274720086056771e-28 0 0 -3.4904200134413813e-30 368.125 368.125 4.7231709648149963e-28 0 0 -5.6079475607986393e-29
d 0 0 -4.1274087361498619e-28 0 0 -3.4908098512919643e-30 368.75 368.75 4.7231075692467571e-28 0 0 -5.6079073457970792e-29
d 0 0 -4.1273771059055951e-28 0 0 -3.4910044147694176e-30 369.0625 369.0625 4.7230758949146542e-28 0 0 -5.6078874486507283e-29
d 0 0 -4.1273454797396298e-28 0 0 -3.4911987404409933e-30 369.375 369.375 4.723044236664169e-28 0 0 -5.607867695235062e-29
d 0 0 -4.1272822399018717e-28 0 0 -3.4915866783398644e-30 370 370 4.722980969749314e-28 0 0 -5.6078286301515717e-29
d 0 0 -4.1267769827727815e-28 0 0 -3.4946568959414498e-30 375 375 4.722477524461031e-28 0 0 -5.6075397272773306e-29
d 0 0 -4.1262732131995979e-28 0 0 -3.4976703768518513e-30 380 380 4.7219799156993295e-28 0 0 -5.6072999873162955e-29
d 0 0 -4.1257729505177825e-28 0 0 -3.5006291293211342e-30 385 385 4.7214909383487396e-28 0 0 -5.607116972805469e-29
d 0 0 -4.1252839573708926e-28 0 0 -3.5035162458997055e-30 390 390 4.7210183720029883e-28 0 0 -5.6069925217305019e-29
d 0 0 -4.1249658274737245e-28 0 0 -3.5086941948009285e-30 395 395 4.7231904488026574e-28 0 0 -5.6313767938044348e-29
d 0 0 -4.1248106414786705e-28 0 0 -3.5097706538186406e-30 397.5 397.5 4.7230448832151839e-28 0 0 -5.6313653519796918e-29
d 0 0 -4.1246555393174535e-28 0 0 -3.5108372611511063e-30 400 400 4.722900403187576e-28 0 0 -5.6313649125826027e-29
d 0 0 -4.1243456365325325e-28 0 0 -3.5129416249920502e-30 405 405 4.7226192996954966e-28 0 0 -5.6314423869922063e-29
d 0 0 -4.1241908688456487e-28 0 0 -3.5139814793794657e-30 407.5 407.5 4.7224867555381841e-28 0 0 -5.6315607189842286e-29
d 0 0 -4.12403626123171e-28 0 0 -3.5150117173322371e-30 410 410 4.7223646707428868e-28 0 0 -5.6317829233767483e-29
d 0 0 -4.1237278940868895e-28 0 0 -3.5170451509393467e-30 415 415 4.7221830537065437e-28 0 0 -5.6328470809429846e-29
d 0 0 -4.1234244791643826e-28 0 0 -3.5190231554025339e-30 420 420 4.7221694873481585e-28 0 0 -5.635547769090586e-29
d 0 0 -4.1231663591891129e-28 0 0 -3.5215470901074332e-30 425 425 4.7250390738520641e-28 0 0 -5.6665724376106804e-29
d 0 0 -4.1230708805180701e-28 0 0 -3.5222190987017898e-30 427.5 427.5 4.7252312452798961e-28 0 0 -5.6693817332128584e-29
d 0 0 -4.1229754757247594e-28 0 0 -3.5228860079347866e-30 430 430 4.7253926127863414e-28 0 0 -5.6718827663269054e-29
d 0 0 -4.1228801873179971e-28 0 0 -3.5235479422595553e-30 432.5 432.5 4.7254986779933802e-28 0 0 -5.6738301107877594e-29
d 0 0 -4.1227851231119552e-28 0 0 -3.5242044474101921e-30 435 435 4.725546124854133e-28 0 0 -5.6751895718976486e-29
d 0 0 -4.1225981587710464e-28 0 0 -3.5254858857549208e-30 440 440 4.7255137619053017e-28 0 0 -5.6766074457956724e-29
d 0 0 -4.1224350603561961e-28 0 0 -3.5267735744522033e-30 445 445 4.7280320948409993e-28 0 0 -5.7032929868749705e-29
d 0 0 -4.122317912497246e-28 0 0 -3.5275979722220566e-30 450 450 4.7279472682289987e-28 0 0 -5.7035337599292586e-29
d 0 0 -4.1222030023332722e-28 0 0 -3.5284002657536531e-30 455 455 4.7278509933614611e-28 0 0 -5.7036398320447077e-29
d 0 0 -4.1221248432353487e-28 0 0 -3.5289784589752266e-30 460 460 4.7304081111847443e-28 0 0 -5.7299347501065103e-29
d 0 0 -4.1220894187940914e-28 0 0 -3.5292279216854993e-30 462.5 462.5 4.7303790831084456e-28 0 0 -5.7299737801597765e-29
d 0 0 -4.1220640203884104e-28 0 0 -3.5294130219885099e-30 465 465 4.7327951846536743e-28 0 0 -5.7543703336378514e-29
d 0 0 -4.1220250406386325e-28 0 0 -3.5296899263598434e-30 470 470 4.7343886685807388e-28 0 0 -5.7706672867766403e-29
d 0 0 -4.1219865032057024e-28 0 0 -3.5298105010989735e-30 475 475 4.7343614426511577e-28 0 0 -5.7707532669109332e-29
d 0 0 -4.121947971396413e-28 0 0 -3.5302305451611947e-30 480 480 4.734331699258648e-28 0 0 -5.7708140708172793e-29
d 0 0 -4.1219094449858294e-28 0 0 -3.5305020854131332e-30 485 485 4.7343005091598559e-28 0 0 -5.7708604095064542e-29
d 0 0 -4.1218709238927263e-28 0 0 -3.530771762753976e-30 490 490 4.7342678995368712e-28 0 0 -5.7708925565411752e-29
d 0 0 -4.1218324080084609e-28 0 0 -3.5310407869567813e-30 495 495 4.7342344086110286e-28 0 0 -5.7709158957169546e-29
d 0 0 -4.1217938972645994e-28 0 0 -3.5313092640151919e-30 500 500 4.734200373686858e-28 0 0 -5.7709338010417877e-29
d 0 0 -4.121755391622493e-28 0 0 -3.5315771787568189e-30 505 505 4.7341659867847902e-28 0 0 -5.7709481932186261e-29
d 0 0 -4.121716891063233e-28 0 0 -3.5318445255092159e-30 510 510 4.7341313586900999e-28 0 0 -5.7709601802683175e-29
d 0 0 -4.1216783955813108e-28 0 0 -3.5321113030936582e-30 515 515 4.7340965557663469e-28 0 0 -5.7709704257541786e-29
d 0 0 -4.1216399051806629e-28 0 0 -3.5323775144527052e-30 520 520 4.7340616197547488e-28 0 0 -5.7709793468371011e-29
d 0 0 -4.1216014198720438e-28 0 0 -3.5326425830260548e-30 525 525 4.7340265788711675e-28 0 0 -5.7709872252894302e-29
d 0 0 -4.1215629396712586e-28 0 0 -3.5329076144584671e-30 530 530 4.7339914543405122e-28 0 0 -5.7709942728699876e-29
d 0 0 -4.121524464597919e-28 0 0 -3.5331720234129566e-30 535 535 4.7339562638539409e-28 0 0 -5.7710006659198433e-29
d 0 0 -4.1214859946746172e-28 0 0 -3.533436020697797e-30 540 540 4.7339210226102388e-28 0 0 -5.7710065557937256e-29
d 0 0 -4.1214475299263739e-28 0 0 -3.5336995182205171e-30 545 545 4.733885743013621e-28 0 0 -5.7710120658515737e-29
d 0 0 -4.1214090703801837e-28 0 0 -3.5339624951314857e-30 550 550 4.7338504343776606e-28 0 0 -5.7710172885088129e-29
d 0 0 -4.121370616064598e-28 0 0 -3.5342249329594894e-30 555 555 4.7338151032887779e-28 0 0 -5.771022288880525e-29
d 0 0 -4.1213321670093379e-28 0 0 -3.5344865696888226e-30 560 560 4.7337797544142483e-28 0 0 -5.7710271128692165e-29
d 0 0 -4.1212937232449691e-28 0 0 -3.5347479261946354e-30 565 565 4.7337443913296707e-28 0 0 -5.7710317954457334e-29
d 0 0 -4.1212552848026449e-28 0 0 -3.5350087428073568e-30 570 570 4.7337090171777965e-28 0 0 -5.7710363672426057e-29
d 0 0 -4.1212168517138916e-28 0 0 -3.5352690096448031e-30 575 575 4.733673635180467e-28 0 0 -5.7710408596774564e-29
d 0 0 -4.1211784240104355e-28 0 0 -3.5355286616263329e-30 580 580 4.7336382490831391e-28 0 0 -5.7710453094016289e-29
d 0 0 -4.1211400017240513e-28 0 0 -3.5357878679989441e-30 585 585 4.7336028635971091e-28 0 0 -5.7710497627251733e-29
d 0 0 -4.1211015848864248e-28 0 0 -3.5360465502575456e-30 590 590 4.733567484887555e-28 0 0 -5.7710542804996715e-29
d 0 0 -4.1210631735290216e-28 0 0 -3.5363047151754853e-30 595 595 4.733532121155634e-28 0 0 -5.7710589439412919e-29
d 0 0 -4.1210247676829678e-28 0 0 -3.5365623433149261e-30 600 600 4.7334967833793093e-28 0 0 -5.7710638620405471e-29
d 0 0 -4.1209863673788732e-28 0 0 -3.5368194939874412e-30 605 605 4.733461486295596e-28 0 0 -5.7710691813874207e-29
d 0 0 -4.1209479726466282e-28 0 0 -3.5370761483572728e-30 610 610 4.7334262497505333e-28 0 0 -5.77107509967396e-29
d 0 0 -4.1209095835152257e-28 0 0 -3.5373323127290188e-30 615 615 4.7333911005952104e-28 0 0 -5.7710818846551793e-29
d 0 0 -4.1208712000124324e-28 0 0 -3.537587992713306e-30 620 620 4.7333560753356907e-28 0 0 -5.7710899006518818e-29
d 0 0 -4.1208328221643883e-28 0 0 -3.5378431932928721e-30 625 625 4.733321223842133e-28 0 0 -5.7710996456455599e-29
d 0 0 -4.1207944499950612e-28 0 0 -3.5380979189222264e-30 630 630 4.733286614481274e-28 0 0 -5.7711118026078143e-29
d 0 0 -4.1207560835255148e-28 0 0 -3.5383521371173703e-30 635 635 4.7332523410943833e-28 0 0 -5.7711273092860003e-29
d 0 0 -4.120717722772955e-28 0 0 -3.5386059162075858e-30 640 640 4.7332185322245304e-28 0 0 -5.771147450483754e-29
d 0 0 -4.1206793677495284e-28 0 0 -3.5388592304800254e-30 645 645 4.7331853627817726e-28 0 0 -5.7711739747226341e-29
d 0 0 -4.1206410184609192e-28 0 0 -3.5391120835342671e-30 650 650 4.7331530676887742e-28 0 0 -5.7712092307097178e-29
d 0 0 -4.1206026749049461e-28 0 0 -3.5393644790867041e-30 655 655 4.733121955600038e-28 0 0 -5.7712563045412514e-29
d 0 0 -4.1205643370706286e-28 0 0 -3.5396159858801713e-30 660 660 4.7330924181094996e-28 0 0 -5.7713191117859412e-29
d 0 0 -4.1205260049386218e-28 0 0 -3.5398673698769188e-30 665 665 4.7330649258962448e-28 0 0 -5.7714023589382448e-29
d 0 0 -4.1204876784842925e-28 0 0 -3.5401182808174886e-30 670 670 4.7330399993541938e-28 0 0 -5.7715112496893366e-29
d 0 0 -4.1204493576847061e-28 0 0 -3.5403687223099161e-30 675 675 4.7330181415432695e-28 0 0 -5.7716508143806302e-29
d 0 0 -4.1204110425296549e-28 0 0 -3.5406186917241407e-30 680 680 4.7329997322639873e-28 0 0 -5.7718248506580684e-29
d 0 0 -4.120372733034306e-28 0 0 -3.5408681878376253e-30 685 685 4.7329849062529901e-28 0 0 -5.772034705322347e-29
d 0 0 -4.120334429248499e-28 0 0 -3.541117208914618e-30 690 690 4.7329734638238179e-28 0 0 -5.7722783806592011e-29
d 0 0 -4.1202961312575451e-28 0 0 -3.5413657428641663e-30 695 695 4.7329648632450825e-28 0 0 -5.7725504582137261e-29
d 0 0 -4.120257839173096e-28 0 0 -3.5416138060058189e-30 700 700 4.7329583090999587e-28 0 0 -5.772842982459934e-29
d 0 0 -4.1202195531173333e-28 0 0 -3.5418613888595813e-30 705 705 4.7329529051545691e-28 0 0 -5.7731469896142889e-29
d 0 0 -4.120181273205707e-28 0 0 -3.5421084917290891e-30 710 710 4.7329478214940326e-28 0 0 -5.7734541791378447e-29
d 0 0 -4.1201429995320328e-28 0 0 -3.5423551166770942e-30 715 715 4.7329424391388695e-28 0 0 -5.7737583600223694e-29
d 0 0 -4.1201047321578692e-28 0 0 -3.5426012677069746e-30 720 720 4.7329364535487427e-28 0 0 -5.7740564859143996e-29
d 0 0 -4.1200664711076009e-28 0 0 -3.5428469507573113e-30 725 725 4.7329299232430142e-28 0 0 -5.7743491413602188e-29
d 0 0 -4.1200282163701549e-28 0 0 -3.5430921734324802e-30 730 730 4.7329232544188491e-28 0 0 -5.7746403879713411e-29
d 0 0 -4.1199899679063935e-28 0 0 -3.5433369445592526e-30 735 735 4.7329171308607113e-28 0 0 -5.7749370634569953e-29
d 0 0 -4.1199517256591937e-28 0 0 -3.5435812736461716e-30 740 740 4.732912417791762e-28 0 0 -5.7752478200531878e-29
d 0 0 -4.1199134895630889e-28 0 0 -3.5438251703577858e-30 745 745 4.732910070083123e-28 0 0 -5.77558220653401e-29
d 0 0 -4.1198752595517745e-28 0 0 -3.5440686441153066e-30 750 750 4.7329110609835841e-28 0 0 -5.7759499554447702e-29
d 0 0 -4.1198370355634624e-28 0 0 -3.544311693945172e-30 755 755 4.7329163317813083e-28 0 0 -5.7763604796728452e-29
d 0 0 -4.1197988175447938e-28 0 0 -3.5445543462011917e-30 760 760 4.7329267554323742e-28 0 0 -5.7768225086986086e-29
d 0 0 -4.1197606054538564e-28 0 0 -3.5447966007137994e-30 765 765 4.7329431088882948e-28 0 0 -5.7773438118433401e-29
d 0 0 -4.1197223992621666e-28 0 0 -3.5450384582051964e-30 770 770 4.7329660555508392e-28 0 0 -5.7779310227986219e-29
d 0 0 -4.1196841989547941e-28 0 0 -3.5452799326724423e-30 775 775 4.7329961457950739e-28 0 0 -5.7785896448530283e-29
d 0 0 -4.1196460045276537e-28 0 0 -3.5455210238837755e-30 780 780 4.7330338449912387e-28 0 0 -5.7793243311303956e-29
d 0 0 -4.119607815981655e-28 0 0 -3.5457617353773114e-30 785 785 4.7330795922412529e-28 0 0 -5.7801394720001264e-29
d 0 0 -4.1195696333145917e-28 0 0 -3.5460020701489057e-30 790 790 4.7331338811812252e-28 0 0 -5.781040003165929e-29
d 0 0 -4.1195314565127781e-28 0 0 -3.5462419886576026e-30 795 795 4.7331973436888984e-28 0 0 -5.78203224280565e-29
d 0 0 -4.119493285544591e-28 0 0 -3.5464815750160949e-30 800 800 4.7332708155081848e-28 0 0 -5.7831245478659246e-29
d 0 0 -4.1194551203572288e-28 0 0 -3.5467207934371663e-30 805 805 4.7333553711337181e-28 0 0 -5.7843276629299694e-29
d 0 0 -4.1194169608766651e-28 0 0 -3.5469596473341887e-30 810 810 4.7334523281601632e-28 0 0 -5.7856547637061959e-29
d 0 0 -4.1193788070097586e-28 0 0 -3.5471981403949052e-30 815 815 4.7335632311056793e-28 0 0 -5.7871212952399417e-29
d 0 0 -4.1193406586471874e-28 0 0 -3.5474362766114582e-30 820 820 4.7336898277044139e-28 0 0 -5.7887447348082598e-29
d 0 0 -4.119302515666188e-28 0 0 -3.5476740602426376e-30 825 825 4.7338340480604203e-28 0 0 -5.7905443834282326e-29
d 0 0 -4.119264377932303e-28 0 0 -3.5479114921412189e-30 830 830 4.7339979922963098e-28 0 0 -5.792541242325733e-29
d 0 0 -4.1192262453003551e-28 0 0 -3.5481486528757031e-30 835 835 4.7341839282500605e-28 0 0 -5.7947579898851646e-29
d 0 0 -4.1191881176145396e-28 0 0 -3.5483854113197741e-30 840 840 4.7343942983256689e-28 0 0 -5.7972190501447638e-29
d 0 0 -4.1191499947077958e-28 0 0 -3.5486218364708775e-30 845 845 4.7346317337420087e-28 0 0 -5.7999507352809947e-29
d 0 0 -4.1191118764007298e-28 0 0 -3.5488579334279307e-30 850 850 4.7348990745151687e-28 0 0 -5.802981445429006e-29
d 0 0 -4.1190737625002393e-28 0 0 -3.5490937081003696e-30 855 855 4.7351993939921242e-28 0 0 -5.8063419140172625e-29
d 0 0 -4.1190356527978929e-28 0 0 -3.5493291641197911e-30 860 860 4.7355360273275149e-28 0 0 -5.8100654925332451e-29
d 0 0 -4.1189975470681419e-28 0 0 -3.5495643069663839e-30 865 865 4.7359126038033886e-28 0 0 -5.814188473717808e-29
d 0 0 -4.1189594450663597e-28 0 0 -3.5497991319989847e-30 870 870 4.7363330833034395e-28 0 0 -5.8187504563031054e-29
d 0 0 -4.1189213465266994e-28 0 0 -3.5500336271878565e-30 875 875 4.7368017975894262e-28 0 0 -5.8237947577702784e-29
d 0 0 -4.1188832511597393e-28 0 0 -3.5502678454349733e-30 880 880 4.7373234973282621e-28 0 0 -5.8293688846115023e-29
d 0 0 -4.1188451586498812e-28 0 0 -3.5505017608325649e-30 885 885 4.737903406129677e-28 0 0 -5.8355250726946553e-29
d 0 0 -4.1188070686524179e-28 0 0 -3.550735372145784e-30 890 890 4.7385472832252158e-28 0 0 -5.8423209140378309e-29
d 0 0 -4.1187689807902125e-28 0 0 -3.5509686751258713e-30 895 895 4.7392614969049411e-28 0 0 -5.8498200911563312e-29
d 0 0 -4.1187308946498608e-28 0 0 -3.5512892007717581e-30 900 900 4.7400531114945506e-28 0 0 -5.8580932468087164e-29
d 0 0 -4.1186928097771895e-28 0 0 -3.551527901636877e-30 905 905 4.7409299915852262e-28 0 0 -5.8672190262622292e-29
d 0 0 -4.1186547256718693e-28 0 0 -3.5517668460621326e-30 910 910 4.7419009285224056e-28 0 0 -5.8772853421420788e-29
d 0 0 -4.118616641780837e-28 0 0 -3.5520061000178638e-30 915 915 4.7429757959461238e-28 0 0 -5.888390929784031e-29
d 0 0 -4.118578557490123e-28 0 0 -3.55224573848934e-30 920 920 4.7441657436094551e-28 0 0 -5.9006472853572489e-29
d 0 0 -4.1185404721145062e-28 0 0 -3.5524858473387158e-30 925 925 4.7454834419983734e-28 0 0 -5.9141811119858266e-29
d 0 0 -4.1185023848842716e-28 0 0 -3.5527265255829712e-30 930 930 4.7469433947519211e-28 0 0 -5.9291374438536616e-29
d 0 0 -4.1184642949280877e-28 0 0 -3.5529678883407753e-30 935 935 4.7485623420653552e-28 0 0 -5.9456836801123388e-29
d 0 0 -4.1184262012507259e-28 0 0 -3.5532100706673879e-30 940 940 4.7503597870717015e-28 0 0 -5.9640148485358489e-29
d 0 0 -4.1183881027039027e-28 0 0 -3.55345323261543e-30 945 945 4.7523586902415613e-28 0 0 -5.9843605493043448e-29
d 0 0 -4.1183499979478187e-28 0 0 -3.5536975659894906e-30 950 950 4.7545863968455798e-28 0 0 -6.0069942293363133e-29
d 0 0 -4.1183118853999019e-28 0 0 -3.5539433035747579e-30 955 955 4.7570758940622539e-28 0 0 -6.0322457529583537e-29
d 0 0 -4.1182737631654639e-28 0 0 -3.5541907318977272e-30 960 960 4.7598675450857319e-28 0 0 -6.060518742401019e-29
d 0 0 -4.1182356289421055e-28 0 0 -3.5544402092202485e-30 965 965 4.7630115308950841e-28 0 0 -6.0923149946444057e-29
d 0 0 -4.1181974798849621e-28 0 0 -3.5546921916572046e-30 970 970 4.7665713700803832e-28 0 0 -6.1282696784187906e-29
d 0 0 -4.1181593124119551e-28 0 0 -3.5549472718748442e-30 975 975 4.770629128099701e-28 0 0 -6.1692034248535352e-29
d 0 0 -4.1181211219146601e-28 0 0 -3.5552062382048336e-30 980 980 4.775293357449867e-28 0 0 -6.2162017261697377e-29
d 0 0 -4.1180829023161789e-28 0 0 -3.5554701679168823e-30 985 985 4.7807116101967851e-28 0 0 -6.2707400560880587e-29
d 0 0 -4.118044645372482e-28 0 0 -3.5557405804421807e-30 990 990 4.7870909266699052e-28 0 0 -6.334888748497515e-29
d 0 0 -4.1180063395256838e-28 0 0 -3.5560196981689677e-30 995 995 4.7947329392702594e-28 0 0 -6.4116640208570105e-29
d 0 0 -4.1179679679340656e-28 0 0 -3.5563109221068617e-30 1000 1000 4.8040974250164819e-28 0 0 -6.5056634720654737e-29
d 0 0 -4.1179295048883842e-28 0 0 -3.5566197490878066e-30 1005 1005 4.8159256312975958e-28 0 0 -6.6242992842721806e-29
d 0 0 -4.1178909087824228e-28 0 0 -3.556955711724549e-30 1010 1010 4.8315023455655714e-28 0 0 -6.7804187964709197e-29
d 0 0 -4.1178521068135408e-28 0 0 -3.5573369889019234e-30 1015 1015 4.853286439075838e-28 0 0 -6.9986096333997258e-29
d 0 0 -4.1178129563289373e-28 0 0 -3.557803174923734e-30 1020 1020 4.8867253302556823e-28 0 0 -7.3333434217793536e-29
d 0 0 -4.1177731249642008e-28 0 0 -3.5584638198061506e-30 1025 1025 4.9471255811795057e-28 0 0 -7.9376781801738251e-29
d 0 0 -4.1177316939259985e-28 0 0 -3.5597675313801691e-30 1030 1030 5.1004698805191116e-28 0 0 -9.4714051129150592e-29
d 0 0 -4.1176983680825263e-28 0 0 -3.5676632590219875e-30 1035 1035 6.2834824097618372e-28 0 0 -2.1301074091522202e-28
d 0 0 -4.1179546151823387e-28 0 0 -3.6159101571936537e-30 1036.25 1036.25 1.4339001175531207e-27 0 0 -1.0184887458776933e-27
d 0 0 -4.1190551161974571e-28 0 0 -3.7700011372898716e-30 1036.40625 1036.40625 4.075565706669183e-27 0 0 -3.6598901939539885e-27
d 0 0 -4.133677566060896e-28 0 0 -5.6814032053445824e-30 1036.484375 1036.484375 3.6971413271767752e-26 0 0 -3.6552364111956467e-26
d 0 0 -4.4574152197946247e-28 0 0 -4.7211557993231116e-29 1036.5625 1036.5625 7.4611855242761814e-25 0 0 -7.4562559934764549e-25
d 0 0 -1.5000312539633211e-26 0 0 -1.8387282351718687e-26 1036.71875 1036.71875 3.0926991559072209e-22 0 0 -3.0923652799583065e-22
d 0 0 -1.0269236534418767e-23 0 0 -1.2875187229044969e-23 1036.875 1036.875 2.1505994984289593e-19 0 0 -2.1503680541913247e-19
d 0 0 -5.0744172123647495e-23 0 0 -6.3547398073129575e-23 1036.9140625 1036.9140625 1.0596523030338913e-18 0 0 -1.0595380114636945e-18
d 0 0 -8.3705934982940623e-23 0 0 -1.0478697986177489e-22 1036.923828125 1036.923828125 1.7463921444593419e-18 0 0 -1.7462036515444973e-18
d 0 0 -9.0593523338930057e-23 0 0 -1.1340254841803346e-22 1036.925048828125 1036.925048828125 1.8898219149303306e-18 0 0 -1.8896179188585735e-18
d 0 0 -9.4525594563227776e-23 0 0 -1.183208893144962e-22 1036.9256591796875 1036.9256591796875 1.9716960438336934e-18 0 0 -1.9714831973498158e-18
Q 2 13 "Source Voltage"
Q 3 13 "Gate Voltage"
Q 4 13 "Drain Voltage"
Q 5 13 "Substrate Voltage"
Q 20 13 "Source Current"
Q 21 13 "Gate Current"
Q 22 13 "Drain Current"
Q 23 13 "Substrate Current"
Q 92 21 Contact
Q 601 13 "Source Int. Voltage"
Q 602 13 "Gate Int. Voltage"
Q 603 13 "Drain Int. Voltage"
Q 604 13 "Substrate Int. Voltage"
EOF 1658161360
