v VICTORYDEVICE
# silvaco.file ASCII version=1.14.29 format=1 contents=SDB,Tables=1

Copyright "###################################################################"
Copyright "#                    Copyright Silvaco Inc. (c)                   #"
Copyright "#                            1992-2014                            #"
Copyright "#                                                                 #"
Copyright "# This file format and the following Key are copyright Silvaco    #"
Copyright "# International. You may not use, this format or key without      #"
Copyright "# reproducing this message in full and obtaining                  #"
Copyright "# express written permission from Silvaco Inc.                    #"
Copyright "#                                                                 #"
Copyright "# To obtain such permission please contact: Silvaco Inc.          #"
Copyright "#                                           support@silvaco.com   #"
Copyright "#                                                                 #"
Copyright "# KEY=SVC86hn7562asdx                       PROD=345              #"
Copyright "###################################################################"
#This file was created by VICTORYDEVICE version 1.24.0.R
#victoryd 1.24.0.R (Wed Jun 26 14:38:19 PDT 2024)
#libSDB 1.12.65 (Thu Dec  7 08:14:05 PST 2023)
a VICTORYDEVICE
j 1 9
k 4
r 1 92
x 3 43 42 46
w source 1 1
r 2 92
x 3 43 42 46
w gate 1 2
r 3 92
x 3 43 42 46
w drain 1 3
r 4 92
x 3 43 42 46
w substrate 1 4
y 1 15
z 300
f 4 source gate drain substrate
p 12 2 601 20 3 602 21 4 603 22 5 604 23
d 0 0 -1.717725753955057e-16 0 0 -5.1896936994355796e-35 0.01 0.01 1.717223920002573e-16 0 0 0
d 0 0 -7.4311405199816201e-16 0 0 -3.8441737860248497e-35 0.1 0.1 7.4311406832087388e-16 0 0 0
d 0 0 -8.6362702646097152e-16 0 0 2.4684324993006724e-34 0.5 0.5 8.6362702646582203e-16 0 0 0
d 0 0 -8.8205383961644144e-16 0 0 -1.529663885476363e-36 1 1 8.8205383961644183e-16 0 0 0
d 0 0 -8.9638944668389525e-16 0 0 -1.9256805258551786e-36 2 2 8.9638944668389643e-16 0 0 0
d 0 0 -9.1588466651773363e-16 0 0 1.1939150956563484e-36 4 4 9.1588466651890469e-16 0 0 0
d 0 0 -9.2983625547020944e-16 0 0 9.4441716112242204e-35 6 6 9.2983625546627105e-16 0 0 0
d 0 0 -9.4182782892861049e-16 0 0 3.1619400526992412e-34 8 8 9.4182782892724734e-16 0 0 0
d 0 0 -9.5030983830129265e-16 0 0 9.5499258477105862e-32 10 10 9.503098383009558e-16 0 0 0
d 0 0 -9.5638688875032335e-16 0 0 3.8558589940016678e-30 12 12 9.5638688880421537e-16 0 0 0
d 0 0 -9.6224991098568094e-16 0 0 1.3679521809685483e-31 14 14 9.6224991102219277e-16 0 0 0
d 0 0 -9.6892902846623167e-16 0 0 1.2442792887785033e-32 16 16 9.6892902849197772e-16 0 0 0
d 0 0 -9.757230424435748e-16 0 0 4.408426280177076e-32 18 18 9.7572304245683575e-16 0 0 0
d 0 0 -9.8231457490848755e-16 0 0 -9.721302725277069e-34 20 20 9.8231457491209678e-16 0 0 0
d 0 0 -9.8865770071872032e-16 0 0 1.9413823002083492e-32 22 22 9.8865770071414177e-16 0 0 0
d 0 0 -9.9351755640401964e-16 0 0 5.5167540833940252e-31 24 24 9.9351755638175226e-16 0 0 0
d 0 0 -9.97633810020007e-16 0 0 2.0187500553503627e-30 26 26 9.9763380998786072e-16 0 0 0
d 0 0 -1.0016686880414574e-15 0 0 2.4939537672171756e-30 28 28 1.0016686880104735e-15 0 0 0
d 0 0 -1.0056444493738812e-15 0 0 4.4194325287682965e-29 30 30 1.0056444492881991e-15 0 0 0
d 0 0 -1.0095341693805721e-15 0 0 -5.9137563759471771e-33 32 32 1.0095341693913306e-15 0 0 0
d 0 0 -1.0133360180588941e-15 0 0 1.3880355214180962e-32 34 34 1.013336018066943e-15 0 0 0
d 0 0 -1.0170608001424756e-15 0 0 1.2496770627527511e-31 36 36 1.0170608001543326e-15 0 0 0
d 0 0 -1.0207080441698463e-15 0 0 7.554339126258312e-32 38 38 1.0207080441779643e-15 0 0 0
d 0 0 -1.0242790508742712e-15 0 0 1.9756352007187452e-31 40 40 1.0242790508847031e-15 0 0 0
d 0 0 -1.0277773636719834e-15 0 0 3.5249094647074785e-31 42 42 1.0277773636842778e-15 0 0 0
d 0 0 -1.0311906873971554e-15 0 0 3.1385777617745239e-31 44 44 1.0311906874098807e-15 0 0 0
d 0 0 -1.0342663314455989e-15 0 0 1.3260357648371276e-28 46 46 1.0342663313020437e-15 0 0 0
d 0 0 -1.0369911779324026e-15 0 0 5.3259695879820804e-29 48 48 1.0369911780352969e-15 0 0 0
d 0 0 -1.0394666559274903e-15 0 0 4.773267803753154e-29 50 50 1.0394666560093603e-15 0 0 0
d 0 0 -1.0419176434817299e-15 0 0 4.1179329400790633e-29 52 52 1.0419176435527491e-15 0 0 0
d 0 0 -1.0443430942146883e-15 0 0 3.3372429735854855e-29 54 54 1.0443430942763585e-15 0 0 0
d 0 0 -1.0467408892842355e-15 0 0 2.4210511375011556e-29 56 56 1.0467408893379114e-15 0 0 0
d 0 0 -1.049115124291827e-15 0 0 1.3526592877601946e-29 58 58 1.0491151243390908e-15 0 0 0
d 0 0 -1.0514706833108435e-15 0 0 -2.3165502828125732e-29 60 60 1.0514706833356244e-15 0 0 0
d 0 0 -1.0538093774148969e-15 0 0 -2.1761730236154151e-30 62 62 1.0538093774857894e-15 0 0 0
d 0 0 -1.0561320990492209e-15 0 0 -1.2939614279697102e-29 64 64 1.0561320991382291e-15 0 0 0
d 0 0 -1.0584395320484978e-15 0 0 -2.2766042389555015e-29 66 66 1.0584395321643438e-15 0 0 0
d 0 0 -1.0607322786023195e-15 0 0 -1.6225514028311962e-28 68 68 1.0607322786371424e-15 0 0 0
d 0 0 -1.0630109994076768e-15 0 0 -2.4205121240123772e-28 70 70 1.0630109994550972e-15 0 0 0
d 0 0 -1.0652763970466165e-15 0 0 -3.6736138306150004e-28 72 72 1.0652763970943514e-15 0 0 0
d 0 0 -1.0675315302404505e-15 0 0 -5.5255356553101963e-28 74 74 1.0675315302812839e-15 0 0 0
d 0 0 -1.0697790973449914e-15 0 0 -8.1384237389731932e-28 76 76 1.0697790973836864e-15 0 0 0
d 0 0 -1.0720164273554186e-15 0 0 -1.1673069643694663e-27 78 78 1.072016427412574e-15 0 0 0
d 0 0 -1.0742911489580888e-15 0 0 -1.7067061427727889e-27 80 80 1.0742911489971942e-15 0 0 0
d 0 0 -1.0764887200047972e-15 0 0 1.1899866842247289e-26 82 82 1.0764887216431481e-15 0 0 0
d 0 0 -1.0785199511548565e-15 0 0 6.260383445757302e-29 84 84 1.0785199519899997e-15 0 0 0
d 0 0 -1.0803794575286648e-15 0 0 -3.3687525984076772e-27 86 86 1.080379457968123e-15 0 0 0
d 0 0 -1.0820321084547905e-15 0 0 -3.3737748323671546e-27 88 88 1.0820321090907303e-15 0 0 0
d 0 0 -1.0836865732878469e-15 0 0 -4.6991398118867787e-27 90 90 1.0836865739024181e-15 0 0 0
d 0 0 -1.0853458921449013e-15 0 0 -6.2696867781521204e-27 92 92 1.0853458927375741e-15 0 0 0
d 0 0 -1.0870124561137014e-15 0 0 -8.1439852069369215e-27 94 94 1.0870124566820422e-15 0 0 0
d 0 0 -1.0886878818726796e-15 0 0 -1.037499736089486e-26 96 96 1.0886878824148e-15 0 0 0
d 0 0 -1.0903734551325507e-15 0 0 -1.3023889050826958e-26 98 98 1.090373455647328e-15 0 0 0
d 0 0 -1.0920703789843983e-15 0 0 -1.6165000098576958e-26 100 100 1.0920703794713351e-15 0 0 0
d 0 0 -1.0963701794151053e-15 0 0 -2.7198940760826263e-26 105 105 1.0963701796233576e-15 0 0 0
d 0 0 -1.1007667542427844e-15 0 0 -4.3324433123645999e-26 110 110 1.1007667544197426e-15 0 0 0
d 0 0 -1.1052763264380985e-15 0 0 -6.8218052497392068e-26 115 115 1.1052763266038741e-15 0 0 0
d 0 0 -1.1099104300491307e-15 0 0 -1.0614448776971007e-25 120 120 1.1099104306267031e-15 0 0 0
d 0 0 -1.1146748656449387e-15 0 0 -1.6486091305418719e-25 125 125 1.1146748661324394e-15 0 0 0
d 0 0 -1.1195700440072532e-15 0 0 -2.5376026624358178e-25 130 130 1.1195700445539541e-15 0 0 0
d 0 0 -1.1245909458979154e-15 0 0 -3.8784987891917551e-25 135 135 1.1245909465544061e-15 0 0 0
d 0 0 -1.1297208841312768e-15 0 0 -5.8689363653481344e-25 140 140 1.1297208852888814e-15 0 0 0
d 0 0 -1.1346344553550131e-15 0 0 -6.3406803075122384e-25 145 145 1.1346344546241684e-15 0 0 0
d 0 0 -1.1387283340094023e-15 0 0 -1.1443754031400427e-24 150 150 1.1387283366272561e-15 0 0 0
d 0 0 -1.1423521240741711e-15 0 0 -1.4174616700041148e-24 155 155 1.1423521261785696e-15 0 0 0
d 0 0 -1.1461546201940762e-15 0 0 -1.7462324952135312e-24 160 160 1.1461546224096769e-15 0 0 0
d 0 0 -1.149955127942939e-15 0 0 -2.1462317665717013e-24 165 165 1.1499551306472329e-15 0 0 0
d 0 0 -1.1537844703736353e-15 0 0 -2.6335689215106891e-24 170 170 1.1537844736235422e-15 0 0 0
d 0 0 -1.1576523581542283e-15 0 0 -3.2265016144951773e-24 175 175 1.1576523620383917e-15 0 0 0
d 0 0 -1.1615630182325314e-15 0 0 -3.9468555274881837e-24 180 180 1.1615630228568293e-15 0 0 0
d 0 0 -1.1655183941116045e-15 0 0 -4.8206338173166918e-24 185 185 1.1655183996235161e-15 0 0 0
d 0 0 -1.1695192101230188e-15 0 0 -5.8787642250193539e-24 190 190 1.1695192167080123e-15 0 0 0
d 0 0 -1.1735653813524195e-15 0 0 -7.1579182815345646e-24 195 195 1.1735653892350269e-15 0 0 0
d 0 0 -1.177656140933791e-15 0 0 -8.7014044704483744e-24 200 200 1.1776561503829845e-15 0 0 0
d 0 0 -1.1817899063899988e-15 0 0 -1.0560085968151915e-23 205 205 1.1817899177250628e-15 0 0 0
d 0 0 -1.1859636146899615e-15 0 0 -1.2791160100068019e-23 210 210 1.1859636295826953e-15 0 0 0
d 0 0 -1.1880635604308904e-15 0 0 -1.4048958612433468e-23 212.5 212.5 1.1880635772742154e-15 0 0 0
d 0 0 -1.190169983275017e-15 0 0 -1.5443886154331927e-23 215 215 1.1901700015088828e-15 0 0 0
d 0 0 -1.1942021884202804e-15 0 0 -1.8210336869256438e-23 220 220 1.1942022044388144e-15 0 0 0
d 0 0 -1.198247029868152e-15 0 0 -2.1986683402896139e-23 225 225 1.1982470584050696e-15 0 0 0
d 0 0 -1.2024114626574964e-15 0 0 -2.5588410827646327e-23 230 230 1.2024114928299303e-15 0 0 0
d 0 0 -1.2066315257601099e-15 0 0 -3.0360352057736586e-23 235 235 1.2066315571808004e-15 0 0 0
d 0 0 -1.2108619722138979e-15 0 0 -3.5482079268211919e-23 240 240 1.2108620110987698e-15 0 0 0
d 0 0 -1.2130116596041459e-15 0 0 -3.8348347899737077e-23 242.5 242.5 1.2130117008685278e-15 0 0 0
d 0 0 -1.2152080987907496e-15 0 0 -4.1478260802578398e-23 245 245 1.2152081430695402e-15 0 0 0
d 0 0 -1.2174042113032983e-15 0 0 -4.4887562420589221e-23 247.5 247.5 1.2174042575875814e-15 0 0 0
d 0 0 -1.2192998168724757e-15 0 0 -4.6673218155573687e-23 250 250 1.2192998839422511e-15 0 0 0
d 0 0 -1.2229087841052008e-15 0 0 -5.4284912311562675e-23 255 255 1.22290883266093e-15 0 0 0
d 0 0 -1.2255688515355569e-15 0 0 -5.9339727046242481e-23 260 260 1.2255689111883494e-15 0 0 0
d 0 0 -1.228217251889396e-15 0 0 -6.471942534053342e-23 265 265 1.2282173165753347e-15 0 0 0
d 0 0 -1.2308742121335282e-15 0 0 -7.0534799719714956e-23 270 270 1.2308742821456583e-15 0 0 0
d 0 0 -1.2335437574790477e-15 0 0 -7.6820885230477338e-23 275 275 1.2335438332601146e-15 0 0 0
d 0 0 -1.2362273040987916e-15 0 0 -8.3610368685563446e-23 280 280 1.2362273861938318e-15 0 0 0
d 0 0 -1.2389256635945406e-15 0 0 -9.093851233903992e-23 285 285 1.2389257515238035e-15 0 0 0
d 0 0 -1.2416397742897257e-15 0 0 -9.8831291709162144e-23 290 290 1.2416398719151758e-15 0 0 0
d 0 0 -1.2443710316404948e-15 0 0 -1.0732487976684252e-22 295 295 1.244371141724089e-15 0 0 0
d 0 0 -1.2471192818728471e-15 0 0 -1.1363455567126263e-22 300 300 1.2471193985441562e-15 0 0 0
d 0 0 -1.2484965003428282e-15 0 0 -1.1915268391026934e-22 302.5 302.5 1.248496599816356e-15 0 0 0
d 0 0 -1.2497647733711532e-15 0 0 -1.2208413501285638e-22 305 305 1.2497649274301887e-15 0 0 0
d 0 0 -1.2523261731702741e-15 0 0 -1.3465315567932895e-22 310 310 1.2523262926415456e-15 0 0 0
d 0 0 -1.2542572444340376e-15 0 0 -1.3298923606235192e-22 315 315 1.2542574088497975e-15 0 0 0
d 0 0 -1.2561462148064549e-15 0 0 -1.4885577500447197e-22 320 320 1.2561464011229184e-15 0 0 0
d 0 0 -1.2580308300324834e-15 0 0 -1.5806442672474858e-22 325 325 1.25803100123338e-15 0 0 0
d 0 0 -1.2599118034995286e-15 0 0 -1.6486704361080305e-22 330 330 1.2599120112202986e-15 0 0 0
d 0 0 -1.2616216799325536e-15 0 0 -1.7407029367100012e-22 335 335 1.2616218321035535e-15 0 0 0
d 0 0 -1.2631491771013397e-15 0 0 -1.8136800036478968e-22 340 340 1.2631493722496983e-15 0 0 0
d 0 0 -1.2644547131438606e-15 0 0 -1.8713372813358158e-22 345 345 1.2644549488660027e-15 0 0 0
d 0 0 -1.2657418561955242e-15 0 0 -1.940050281008291e-22 350 350 1.2657420643639243e-15 0 0 0
d 0 0 -1.2669007617383303e-15 0 0 -1.9934846926557867e-22 355 355 1.2669007445578504e-15 0 0 0
d 0 0 -1.2678531508846532e-15 0 0 -1.98740486739286e-22 360 360 1.2678532790585226e-15 0 0 0
d 0 0 -1.2682977826695593e-15 0 0 -2.0718980132996947e-22 362.5 362.5 1.2682979504119018e-15 0 0 0
d 0 0 -1.2686779954399814e-15 0 0 -1.992582343923941e-22 365 365 1.2686778524250284e-15 0 0 0
d 0 0 -1.2694422625550049e-15 0 0 -2.1176542529005809e-22 370 370 1.2694424970298353e-15 0 0 0
d 0 0 -1.2697466913310302e-15 0 0 -2.1382009647751553e-22 372.5 372.5 1.2697469242429007e-15 0 0 0
d 0 0 -1.2700033736147414e-15 0 0 -2.1671885407857772e-22 375 375 1.2700016736425258e-15 0 0 0
d 0 0 -1.2704542577482863e-15 0 0 -2.0977341107595378e-22 380 380 1.2704543451982737e-15 0 0 0
d 0 0 -1.2707780920095725e-15 0 0 -2.2120301336902275e-22 385 385 1.2707770535808008e-15 0 0 0
d 0 0 -1.2710350363411777e-15 0 0 -2.2143075226985913e-22 390 390 1.2706961114302139e-15 0 0 0
d 0 0 -1.27126401343389e-15 0 0 -2.2262448114138859e-22 395 395 1.2707444010542621e-15 0 0 0
d 0 0 -1.2714891367442234e-15 0 0 -1.8158838462850639e-22 400 400 1.271362856276014e-15 0 0 0
d 0 0 -1.2717117234583475e-15 0 0 -2.263194244491181e-22 405 405 1.2717011128703248e-15 0 0 0
d 0 0 -1.2719327607071121e-15 0 0 -2.2718598588359196e-22 410 410 1.2717688849713903e-15 0 0 0
d 0 0 -1.2720429344832517e-15 0 0 -2.284812401655983e-22 412.5 412.5 1.2716128221207822e-15 0 0 0
d 0 0 -1.2721529309757346e-15 0 0 -2.2889775668290729e-22 415 415 1.2698910516010252e-15 0 0 0
d 0 0 -1.2722627974075013e-15 0 0 -2.2965112069468277e-22 417.5 417.5 1.2714081604702085e-15 0 0 0
d 0 0 -1.2723725624802086e-15 0 0 -2.3029420770190847e-22 420 420 1.2717307688313013e-15 0 0 0
d 0 0 -1.2725918689150324e-15 0 0 -2.2845414599530193e-22 425 425 1.2720656881725242e-15 0 0 0
d 0 0 -1.272811033189587e-15 0 0 -2.3285164259106763e-22 430 430 1.2653860355584482e-15 0 0 0
d 0 0 -1.2730301585547225e-15 0 0 -2.3380194524807533e-22 435 435 1.2598713514266927e-15 0 0 0
d 0 0 -1.2732489906591589e-15 0 0 -2.3546143698833624e-22 440 440 1.2690881523435511e-15 0 0 0
d 0 0 -1.2734676858415071e-15 0 0 -2.3584633150835325e-22 445 445 1.263902503605332e-15 0 0 0
d 0 0 -1.273686308356277e-15 0 0 -2.3747232368429326e-22 450 450 1.2685248854434322e-15 0 0 0
d 0 0 -1.2739049090754692e-15 0 0 -2.392873999713361e-22 455 455 1.273369469514728e-15 0 0 0
d 0 0 -1.2741233526370002e-15 0 0 -2.374428485889421e-22 460 460 1.2610992635662404e-15 0 0 0
d 0 0 -1.2743416759385767e-15 0 0 -2.4194545563255157e-22 465 465 1.2735568339372357e-15 0 0 0
d 0 0 -1.2745599280791278e-15 0 0 -2.4362420421202412e-22 470 470 1.2744876889043163e-15 0 0 0
d 0 0 -1.2747780536071745e-15 0 0 -2.4474318319045015e-22 475 475 1.2743595676944908e-15 0 0 0
d 0 0 -1.2749960627469085e-15 0 0 -2.4611728947625968e-22 480 480 1.2745197457462308e-15 0 0 0
d 0 0 -1.2752139973289317e-15 0 0 -2.475045778008263e-22 485 485 1.2750733849863786e-15 0 0 0
d 0 0 -1.2754318606958313e-15 0 0 -2.4888413059273756e-22 490 490 1.2750283879989828e-15 0 0 0
d 0 0 -1.2756496489799975e-15 0 0 -2.4847369683182172e-22 495 495 1.2704022500799955e-15 0 0 0
d 0 0 -1.2758673548467966e-15 0 0 -2.5003552821617278e-22 500 500 1.2736766673301443e-15 0 0 0
d 0 0 -1.2760850058321736e-15 0 0 -2.51386322258619e-22 505 505 1.2707770639924689e-15 0 0 0
d 0 0 -1.2763026056750858e-15 0 0 -2.5449458283434474e-22 510 510 1.2760752443696872e-15 0 0 0
d 0 0 -1.2765201742783418e-15 0 0 -2.5590652222150843e-22 515 515 1.2763197275931142e-15 0 0 0
d 0 0 -1.2767377089916462e-15 0 0 -2.5732569703672566e-22 520 520 1.2765493660216602e-15 0 0 0
d 0 0 -1.2769552089166053e-15 0 0 -2.5735814565529201e-22 525 525 1.2715637412734114e-15 0 0 0
d 0 0 -1.2771726707818394e-15 0 0 -2.5888978717232158e-22 530 530 1.2740894729637061e-15 0 0 0
d 0 0 -1.2773901236661729e-15 0 0 -2.6042260737376414e-22 535 535 1.2756682970778833e-15 0 0 0
d 0 0 -1.2776075814073443e-15 0 0 -2.6195796702790426e-22 540 540 1.2766868506692828e-15 0 0 0
d 0 0 -1.277825052746108e-15 0 0 -2.6349318272754791e-22 545 545 1.2773612378208192e-15 0 0 0
d 0 0 -1.2780425431398249e-15 0 0 -2.6502850467480231e-22 550 550 1.277816942735552e-15 0 0 0
d 0 0 -1.2782600554234096e-15 0 0 -2.6656548886143857e-22 555 555 1.2781565758359195e-15 0 0 0
d 0 0 -1.2784775903737482e-15 0 0 -2.6810458750638262e-22 560 560 1.278436336930841e-15 0 0 0
d 0 0 -1.2786951473214517e-15 0 0 -2.6964614688592778e-22 565 565 1.2786844251726384e-15 0 0 0
d 0 0 -1.2789127248703361e-15 0 0 -2.7118983917488534e-22 570 570 1.2789090732301396e-15 0 0 0
d 0 0 -1.2791303210560638e-15 0 0 -2.727352089938245e-22 575 575 1.2791269699414222e-15 0 0 0
d 0 0 -1.2793479318723203e-15 0 0 -2.7428364426267555e-22 580 580 1.279330461066364e-15 0 0 0
d 0 0 -1.279565550722962e-15 0 0 -2.7583635147115106e-22 585 585 1.2795259203629883e-15 0 0 0
d 0 0 -1.2797831722016626e-15 0 0 -2.7739957704300508e-22 590 590 1.2797628891439236e-15 0 0 0
d 0 0 -1.2800007941254208e-15 0 0 -2.789576565108957e-22 595 595 1.2799908831061654e-15 0 0 0
d 0 0 -1.2802184156032072e-15 0 0 -2.8052325585051563e-22 600 600 1.280212131682477e-15 0 0 0
d 0 0 -1.2804360358101405e-15 0 0 -2.8209365580542037e-22 605 605 1.2804315652842793e-15 0 0 0
d 0 0 -1.2806536542033394e-15 0 0 -2.8366910234654693e-22 610 610 1.2806502401594749e-15 0 0 0
d 0 0 -1.2808712706850525e-15 0 0 -2.8525011471804624e-22 615 615 1.2808683538565685e-15 0 0 0
d 0 0 -1.281088885616206e-15 0 0 -2.8683633070065078e-22 620 620 1.2810862616610006e-15 0 0 0
d 0 0 -1.2813064999318927e-15 0 0 -2.8842815146756838e-22 625 625 1.2813039893250555e-15 0 0 0
d 0 0 -1.2815241152102161e-15 0 0 -2.9002576023182228e-22 630 630 1.281522161041167e-15 0 0 0
d 0 0 -1.2817417326079492e-15 0 0 -2.9162851804305318e-22 635 635 1.2817399208371964e-15 0 0 0
d 0 0 -1.2819593537485055e-15 0 0 -2.9323867787862048e-22 640 640 1.2819577821924739e-15 0 0 0
d 0 0 -1.2821769803603838e-15 0 0 -2.9485528755187459e-22 645 645 1.2821756356695785e-15 0 0 0
d 0 0 -1.2823946146902065e-15 0 0 -2.9647858599515809e-22 650 650 1.2823934854194591e-15 0 0 0
d 0 0 -1.2826122589537077e-15 0 0 -2.9810887193698225e-22 655 655 1.2826113315761787e-15 0 0 0
d 0 0 -1.2828299133149874e-15 0 0 -2.9974654770404873e-22 660 660 1.2828291725844597e-15 0 0 0
d 0 0 -1.2830475788279346e-15 0 0 -3.0139220952385493e-22 665 665 1.2830470075756922e-15 0 0 0
d 0 0 -1.2832652570905389e-15 0 0 -3.0304678436382989e-22 670 670 1.2832648369962445e-15 0 0 0
d 0 0 -1.2834829486369041e-15 0 0 -3.0471172080612419e-22 675 675 1.2834826603369797e-15 0 0 0
d 0 0 -1.2837006538412748e-15 0 0 -3.0638931679784859e-22 680 680 1.2837004792347523e-15 0 0 0
d 0 0 -1.283918372786071e-15 0 0 -3.0808319163148535e-22 685 685 1.2839182944713627e-15 0 0 0
d 0 0 -1.2841361201830608e-15 0 0 -3.098820068652076e-22 690 690 1.2761067465719422e-15 0 0 0
d 0 0 -1.2843538689846107e-15 0 0 -3.1161090731995085e-22 695 695 1.2779783044889523e-15 0 0 0
d 0 0 -1.2845716348201831e-15 0 0 -3.1339937276691765e-22 700 700 1.2792633466349986e-15 0 0 0
d 0 0 -1.2847894214262485e-15 0 0 -3.152518319088894e-22 705 705 1.2802979455039696e-15 0 0 0
d 0 0 -1.2850072341650318e-15 0 0 -3.1719810769476523e-22 710 710 1.2812345664513927e-15 0 0 0
d 0 0 -1.2852250810696978e-15 0 0 -3.1928187656186606e-22 715 715 1.2821573156251758e-15 0 0 0
d 0 0 -1.2854429740167067e-15 0 0 -3.2156622788623581e-22 720 720 1.2830351267352095e-15 0 0 0
d 0 0 -1.2856609307344523e-15 0 0 -3.2414113779103221e-22 725 725 1.2837914538105461e-15 0 0 0
d 0 0 -1.2858789775919874e-15 0 0 -3.2713352688952875e-22 730 730 1.2844000111121879e-15 0 0 0
d 0 0 -1.2860971528219474e-15 0 0 -3.3072064113221961e-22 735 735 1.2848934820848563e-15 0 0 0
d 0 0 -1.2863155102646498e-15 0 0 -3.3514746293134629e-22 740 740 1.285318192660341e-15 0 0 0
d 0 0 -1.28653412415513e-15 0 0 -3.4074862316591349e-22 745 745 1.28569499537625e-15 0 0 0
d 0 0 -1.2867530952397663e-15 0 0 -3.4797858175676139e-22 750 750 1.2860405103356104e-15 0 0 0
d 0 0 -1.2869725589020892e-15 0 0 -3.5744469074575741e-22 755 755 1.2863646152169946e-15 0 0 0
d 0 0 -1.2871926951834455e-15 0 0 -3.6995416332924326e-22 760 760 1.2866722197722705e-15 0 0 0
d 0 0 -1.2874137414800788e-15 0 0 -3.865699962632488e-22 765 765 1.2869668220235559e-15 0 0 0
d 0 0 -1.2876360082719143e-15 0 0 -4.0868070315146888e-22 770 770 1.2872511657125031e-15 0 0 0
d 0 0 -1.2878598984455078e-15 0 0 -4.380854688512187e-22 775 775 1.2875275474697169e-15 0 0 0
d 0 0 -1.2880859308531577e-15 0 0 -4.7709701409596599e-22 780 780 1.2877979958890276e-15 0 0 0
d 0 0 -1.2883147689364287e-15 0 0 -5.2866492501465485e-22 785 785 1.2880643983132305e-15 0 0 0
d 0 0 -1.2885472555088247e-15 0 0 -5.9652284361779523e-22 790 790 1.2883286064049968e-15 0 0 0
d 0 0 -1.2887844551005512e-15 0 0 -6.8536348188012298e-22 795 795 1.288592521936876e-15 0 0 0
d 0 0 -1.2890277055651886e-15 0 0 -8.0104560816943801e-22 800 800 1.2888581698746738e-15 0 0 0
d 0 0 -1.289278680897264e-15 0 0 -9.5083612817443999e-22 805 805 1.2891295416873679e-15 0 0 0
d 0 0 -1.289539468189279e-15 0 0 -1.1437022496045439e-21 810 810 1.2894097674132606e-15 0 0 0
d 0 0 -1.2898126590375775e-15 0 0 -1.390607278587774e-21 815 815 1.2896948620069215e-15 0 0 0
d 0 0 -1.290101463884085e-15 0 0 -1.7049189239246681e-21 820 820 1.2899932861567467e-15 0 0 0
d 0 0 -1.2904098465123708e-15 0 0 -2.1028087387392936e-21 825 825 1.2903092868108939e-15 0 0 0
d 0 0 -1.2907426865680425e-15 0 0 -2.6037341242995279e-21 830 830 1.2906479653374285e-15 0 0 0
d 0 0 -1.2911059703287125e-15 0 0 -3.2309774940399882e-21 835 835 1.2910154394080828e-15 0 0 0
d 0 0 -1.2915070087831261e-15 0 0 -4.0122546738245041e-21 840 840 1.2914189905429023e-15 0 0 0
d 0 0 -1.2919546769163811e-15 0 0 -4.9803995740054138e-21 845 845 1.2918671634342124e-15 0 0 0
d 0 0 -1.2924596630627927e-15 0 0 -6.1741315714428006e-21 850 850 1.2923698173400947e-15 0 0 0
d 0 0 -1.2930347152933485e-15 0 0 -7.6389114023280959e-21 855 855 1.2929382913188811e-15 0 0 0
d 0 0 -1.2936948763404339e-15 0 0 -9.4278911580083585e-21 860 860 1.2935861646880581e-15 0 0 0
d 0 0 -1.2944577090558259e-15 0 0 -1.1602964447652446e-20 865 865 1.2943311463044285e-15 0 0 0
d 0 0 -1.2953435246285382e-15 0 0 -1.4235924011678792e-20 870 870 1.2951971957768167e-15 0 0 0
d 0 0 -1.296375628021635e-15 0 0 -1.7409735693346559e-20 875 875 1.2962134711061762e-15 0 0 0
d 0 0 -1.2975805874850071e-15 0 0 -2.1219943978741803e-20 880 880 1.2974098838932663e-15 0 0 0
d 0 0 -1.2989885232886437e-15 0 0 -2.5776211928664838e-20 885 885 1.2988138248599188e-15 0 0 0
d 0 0 -1.3006334015806974e-15 0 0 -3.1204041130446499e-20 890 890 1.3004543684381906e-15 0 0 0
d 0 0 -1.3025533167210415e-15 0 0 -3.764666160040906e-20 895 895 1.3023659478141172e-15 0 0 0
d 0 0 -1.3047907460415957e-15 0 0 -4.5267116208048707e-20 900 900 1.3045879711905106e-15 0 0 0
d 0 0 -1.3073927649503e-15 0 0 -5.4250817528988881e-20 905 905 1.3071715482614176e-15 0 0 0
d 0 0 -1.310411921049991e-15 0 0 -6.4918320701328163e-20 910 910 1.3104411076213491e-15 0 0 0
d 0 0 -1.3139036031340997e-15 0 0 -7.7323784422259766e-20 915 915 1.3139392289009315e-15 0 0 0
d 0 0 -1.3179300213739745e-15 0 0 -9.1821353904353645e-20 920 920 1.3179735108992661e-15 0 0 0
d 0 0 -1.3225576146894976e-15 0 0 -1.08718564486637e-19 925 925 1.3226107890447938e-15 0 0 0
d 0 0 -1.3278575143824167e-15 0 0 -1.2836318201051421e-19 930 930 1.3279225954453278e-15 0 0 0
d 0 0 -1.3339052842128758e-15 0 0 -1.5114838573255099e-19 935 935 1.333984970927002e-15 0 0 0
d 0 0 -1.3407805380891024e-15 0 0 -1.7751875635014871e-19 940 940 1.3408780927507051e-15 0 0 0
d 0 0 -1.3485669743145139e-15 0 0 -2.0804014760251813e-19 945 945 1.3487689661084072e-15 0 0 0
d 0 0 -1.3573496346911534e-15 0 0 -2.4317449780519937e-19 950 950 1.3575863551653814e-15 0 0 0
d 0 0 -1.3672171995964202e-15 0 0 -2.8361708902059866e-19 955 955 1.3674940250040355e-15 0 0 0
d 0 0 -1.3782592459893789e-15 0 0 -3.3010233987847511e-19 960 960 1.3785823048561796e-15 0 0 0
d 0 0 -1.3905659765884221e-15 0 0 -3.8346603269157637e-19 965 965 1.3909422497501735e-15 0 0 0
d 0 0 -1.4042276041230247e-15 0 0 -4.4466155527695595e-19 970 970 1.4046650391049106e-15 0 0 0
d 0 0 -1.4193339441491764e-15 0 0 -5.1477936775620713e-19 975 975 1.4198415879486462e-15 0 0 0
d 0 0 -1.4359743917021336e-15 0 0 -5.9507035380175521e-19 980 980 1.4365625455607915e-15 0 0 0
d 0 0 -1.4542388323300156e-15 0 0 -6.8697388990040704e-19 985 985 1.4549192334093465e-15 0 0 0
d 0 0 -1.4742209905376781e-15 0 0 -7.9217263996384761e-19 990 990 1.4750130453300384e-15 0 0 0
d 0 0 -1.4960221979807354e-15 0 0 -9.1255444432624477e-19 995 995 1.4969346729904967e-15 0 0 0
d 0 0 -1.5197606701842031e-15 0 0 -1.0503758058037132e-18 1000 1000 1.5208110054159801e-15 0 0 0
d 0 0 -1.5455738500677329e-15 0 0 -1.2082496250380126e-18 1005 1005 1.5467820971122371e-15 0 0 0
d 0 0 -1.5736158835324717e-15 0 0 -1.3892319556036978e-18 1010 1010 1.5750051485812777e-15 0 0 0
d 0 0 -1.6040477472876165e-15 0 0 -1.5969005059275252e-18 1015 1015 1.6056447123448371e-15 0 0 0
d 0 0 -1.6370256038918099e-15 0 0 -1.8354421802542378e-18 1020 1020 1.6388611357944093e-15 0 0 0
d 0 0 -1.6726957600454472e-15 0 0 -2.1097524640454427e-18 1025 1025 1.6748056191908444e-15 0 0 0
d 0 0 -1.7111862688692519e-15 0 0 -2.4255387356475455e-18 1030 1030 1.7136118055802673e-15 0 0 0
d 0 0 -1.7535175853595419e-15 0 0 -2.7903239802126371e-18 1035 1035 1.7563079777096628e-15 0 0 0
d 0 0 -1.799940327248845e-15 0 0 -3.2123674148268918e-18 1040 1040 1.8031527597555727e-15 0 0 0
d 0 0 -1.8502271391239197e-15 0 0 -3.7008160640975388e-18 1045 1045 1.8539280249141582e-15 0 0 0
d 0 0 -1.9047266861537078e-15 0 0 -4.2670253163204485e-18 1050 1050 1.9089937867073387e-15 0 0 0
d 0 0 -1.9637722724559799e-15 0 0 -4.9243199177272968e-18 1055 1055 1.9686966729020682e-15 0 0 0
d 0 0 -2.0277018025497277e-15 0 0 -5.6883114080150319e-18 1060 1060 2.0333901996338716e-15 0 0 0
d 0 0 -2.0968856148487001e-15 0 0 -6.5772821534742218e-18 1065 1065 2.1034629882406906e-15 0 0 0
d 0 0 -2.1717510848527978e-15 0 0 -7.6126545961458181e-18 1070 1070 2.1793638379783026e-15 0 0 0
d 0 0 -2.2528244801927871e-15 0 0 -8.8196396133321415e-18 1075 1075 2.2616442293067193e-15 0 0 0
d 0 0 -2.340739445002335e-15 0 0 -1.022804386034362e-17 1080 1080 2.3509676147165746e-15 0 0 0
d 0 0 -2.4362100336067251e-15 0 0 -1.1873200511355528e-17 1085 1085 2.4480833818980793e-15 0 0 0
d 0 0 -2.5399872706593258e-15 0 0 -1.3796972075345226e-17 1090 1090 2.5537844163333621e-15 0 0 0
d 0 0 -2.652838637955976e-15 0 0 -1.6048901199849352e-17 1095 1095 2.6688877394758413e-15 0 0 0
d 0 0 -2.7755617750093434e-15 0 0 -1.8687672693389983e-17 1100 1100 2.7942496716635357e-15 0 0 0
d 0 0 -2.9090170208117121e-15 0 0 -2.1783040326142648e-17 1105 1105 2.9308003003402848e-15 0 0 0
d 0 0 -3.0541637910778246e-15 0 0 -2.5418365949615841e-17 1110 1110 3.0795823957460544e-15 0 0 0
d 0 0 -3.2120951828082836e-15 0 0 -2.9694000075861514e-17 1115 1115 3.2417893950136973e-15 0 0 0
d 0 0 -3.3840705549925481e-15 0 0 -3.473200116486434e-17 1120 1120 3.4188026998960236e-15 0 0 0
d 0 0 -3.5715471188842209e-15 0 0 -4.0683248637696643e-17 1125 1125 3.6122303756144744e-15 0 0 0
d 0 0 -3.7762140289401259e-15 0 0 -4.7738477283902559e-17 1130 1130 3.8239522736523445e-15 0 0 0
d 0 0 -4.0000400297763534e-15 0 0 -5.6143782994294557e-17 1135 1135 4.0561831921423094e-15 0 0 0
d 0 0 -4.2453416812670733e-15 0 0 -6.6216641343718174e-17 1140 1140 4.3115610016121098e-15 0 0 0
d 0 0 -4.5148652778789542e-15 0 0 -7.8367645231450529e-17 1145 1145 4.5932309499822314e-15 0 0 0
d 0 0 -4.8117650232473031e-15 0 0 -9.3096851925655248e-17 1150 1150 4.9048592251285559e-15 0 0 0
d 0 0 -5.1395039754569856e-15 0 0 -1.1102087109470496e-16 1155 1155 5.2505246635719353e-15 0 0 0
d 0 0 -5.5017504326756535e-15 0 0 -1.3281573580467233e-16 1160 1160 5.6345740381322831e-15 0 0 0
d 0 0 -5.9022019262843263e-15 0 0 -1.5934742264349556e-16 1165 1165 6.061551176092229e-15 0 0 0
d 0 0 -6.343768991388005e-15 0 0 -1.9181272169814812e-16 1170 1170 6.535581117190902e-15 0 0 0
d 0 0 -6.8290961600224364e-15 0 0 -2.315491658618927e-16 1175 1175 7.0606449355379442e-15 0 0 0
d 0 0 -7.3519015166937419e-15 0 0 -2.8062670288314687e-16 1180 1180 7.6325281050052772e-15 0 0 0
d 0 0 -7.9118569303202725e-15 0 0 -3.405096102030533e-16 1185 1185 8.2523664330458309e-15 0 0 0
d 0 0 -8.5055561989249577e-15 0 0 -4.1337137529703916e-16 1190 1190 8.9189274520288702e-15 0 0 0
d 0 0 -9.1291711596419524e-15 0 0 -5.0168874220319326e-16 1195 1195 9.6308598908035705e-15 0 0 0
d 0 0 -9.7660501300968407e-15 0 0 -6.0813662568344451e-16 1200 1200 1.0374186896408693e-14 0 0 0
d 0 0 -1.041190165747527e-14 0 0 -7.3564345022494076e-16 1205 1205 1.1147543872683076e-14 0 0 0
d 0 0 -1.1080058604146632e-14 0 0 -8.8834053771732098e-16 1210 1210 1.1968397989513964e-14 0 0 0
d 0 0 -1.1782603039915786e-14 0 0 -1.0716751094275455e-15 1215 1215 1.2854279026907594e-14 0 0 0
d 0 0 -1.2546620721711028e-14 0 0 -1.2942773631457809e-15 1220 1220 1.384089766423168e-14 0 0 0
d 0 0 -1.3393798553233534e-14 0 0 -1.5663342252441438e-15 1225 1225 1.4960135089940863e-14 0 0 0
d 0 0 -1.435241889041729e-14 0 0 -1.9020656447821909e-15 1230 1230 1.6254483900812802e-14 0 0 0
d 0 0 -1.5457219208008592e-14 0 0 -2.3213933558151176e-15 1235 1235 1.7778612029431436e-14 0 0 0
d 0 0 -1.6748504741584041e-14 0 0 -2.8518625204298173e-15 1240 1240 1.9600366395127159e-14 0 0 0
d 0 0 -1.8275042134393734e-14 0 0 -3.5321684089800311e-15 1245 1245 2.1807209052531843e-14 0 0 0
d 0 0 -2.0097339438836326e-14 0 0 -4.417555925779527e-15 1250 1250 2.4514893224423333e-14 0 0 0
d 0 0 -2.2291071362471355e-14 0 0 -5.5881289014633509e-15 1255 1255 2.7879198514443099e-14 0 0 0
d 0 0 -2.4951057624747421e-14 0 0 -7.1619759255103974e-15 1260 1260 3.2113032078677041e-14 0 0 0
d 0 0 -2.8196447804032002e-14 0 0 -9.3168120477483398e-15 1265 1265 3.7513258863906937e-14 0 0 0
d 0 0 -3.2174089209660768e-14 0 0 -1.2327744193441501e-14 1270 1270 4.4501831736275921e-14 0 0 0
d 0 0 -3.7056091687881249e-14 0 0 -1.6631141739834794e-14 1275 1275 5.3687231999629307e-14 0 0 0
d 0 0 -4.2817100057186293e-14 0 0 -2.2809405888302382e-14 1280 1280 6.5626504139768247e-14 0 0 0
d 0 0 -4.9553510969133356e-14 0 0 -3.1812581901235846e-14 1285 1285 8.136609295769228e-14 0 0 0
d 0 0 -5.7413281204578846e-14 0 0 -4.528281278316027e-14 1290 1290 1.0269609320697193e-13 0 0 0
d 0 0 -6.7471690491508345e-14 0 0 -6.7096167661446618e-14 1295 1295 1.3456785923404692e-13 0 0 0
d 0 0 -8.2115111331821703e-14 0 0 -1.0703550055249812e-13 1300 1300 1.8915061067456845e-13 0 0 0
d 0 0 -1.1028451069891913e-13 0 0 -2.0145230576947413e-13 1305 1305 3.1173681828153403e-13 0 0 0
d 0 0 -2.0163328132585732e-13 0 0 -6.0312753564167905e-13 1310 1310 8.0476084255946695e-13 0 0 0
d 0 0 -3.5943974551580486e-13 0 0 -1.6223421481359785e-12 1312.5 1312.5 1.9817819777367654e-12 0 0 0
d 0 0 -5.3209713493095199e-13 0 0 -3.2969674168469637e-12 1313.75 1313.75 3.8290645720557403e-12 0 0 0
d 0 0 -6.9578680043874891e-13 0 0 -5.4343142121786554e-12 1314.375 1314.375 6.1301010141948604e-12 0 0 0
d 0 0 -8.572502451247928e-13 0 0 -7.9635071289931597e-12 1314.6875 1314.6875 8.8207573763842805e-12 0 0 0
d 0 0 -1.0423425729488884e-12 0 0 -1.1236432756021985e-11 1314.84375 1314.84375 1.2278775443203809e-11 0 0 0
d 0 0 -1.090145145040367e-12 0 0 -1.2133692591564477e-11 1314.86328125 1314.86328125 1.3223838145923179e-11 0 0 0
d 0 0 -1.1671349846981114e-12 0 0 -1.361797369345384e-11 1314.8828125 1314.8828125 1.4785108907813805e-11 0 0 0
d 0 0 -1.2019651225341281e-12 0 0 -1.430446173653177e-11 1314.8876953125 1314.8876953125 1.550642703370229e-11 0 0 0
d 0 0 -1.2077957711491172e-12 0 0 -1.4420259976190634e-11 1314.8883056640625 1314.8883056640625 1.5628056036035623e-11 0 0 0
d 0 0 -1.2085649229697226e-12 0 0 -1.4435554102131169e-11 1314.8883819580078 1314.8883819580078 1.5644118969574255e-11 0 0 0
d 0 0 -1.2093442694681683e-12 0 0 -1.4451055408280719e-11 1314.8884582519531 1314.8884582519531 1.5660399832066531e-11 0 0 0
d 0 0 -1.2109353007952512e-12 0 0 -1.4482714807412262e-11 1314.8886108398438 1314.8886108398438 1.569365000190532e-11 0 0 0
d 0 0 -1.2142527993268717e-12 0 0 -1.4548788145131471e-11 1314.888916015625 1314.888916015625 1.5763041185988688e-11 0 0 0
d 0 0 -1.2151135159086642e-12 0 0 -1.4565943750325551e-11 1314.8889923095703 1314.8889923095703 1.5781056717111881e-11 0 0 0
d 0 0 -1.2159882283831791e-12 0 0 -1.4583383807570585e-11 1314.8890686035156 1314.8890686035156 1.5799372536122612e-11 0 0 0
d 0 0 -1.2168773590193428e-12 0 0 -1.4601117004755453e-11 1314.8891448974609 1314.8891448974609 1.5817995250064702e-11 0 0 0
d 0 0 -1.2177821895205818e-12 0 0 -1.461916932749819e-11 1314.8892211914062 1314.8892211914062 1.5836952266690764e-11 0 0 0
d 0 0 -1.2215661300894513e-12 0 0 -1.4694726718972251e-11 1314.8895263671875 1314.8895263671875 1.5916293263220245e-11 0 0 0
d 0 0 -1.2225539035180027e-12 0 0 -1.4714467565926812e-11 1314.8896026611328 1314.8896026611328 1.5937022567996623e-11 0 0 0
d 0 0 -1.2235672083710163e-12 0 0 -1.473472599600237e-11 1314.8896789550781 1314.8896789550781 1.5958295740674846e-11 0 0 0
d 0 0 -1.2240742533291494e-12 0 0 -1.4744865757823618e-11 1314.8897171020508 1314.8897171020508 1.5968939440831977e-11 0 0 0
d 0 0 -1.2246064710123896e-12 0 0 -1.4755510990185847e-11 1314.8897552490234 1314.8897552490234 1.5980117350500571e-11 0 0 0
d 0 0 -1.2256642725520633e-12 0 0 -1.4776674795562835e-11 1314.8898315429688 1314.8898315429688 1.60023390965342e-11 0 0 0
d 0 0 -1.2278539040208802e-12 0 0 -1.482050899696955e-11 1314.8899841308594 1314.8899841308594 1.6048362838937431e-11 0 0 0
d 0 0 -1.2301554072237786e-12 0 0 -1.4866619926239012e-11 1314.89013671875 1314.89013671875 1.6096776676277211e-11 0 0 0
Q 2 13 "Source Voltage"
Q 3 13 "Gate Voltage"
Q 4 13 "Drain Voltage"
Q 5 13 "Substrate Voltage"
Q 20 13 "Source Current"
Q 21 13 "Gate Current"
Q 22 13 "Drain Current"
Q 23 13 "Substrate Current"
Q 92 21 Contact
Q 601 13 "Source Int. Voltage"
Q 602 13 "Gate Int. Voltage"
Q 603 13 "Drain Int. Voltage"
Q 604 13 "Substrate Int. Voltage"
EOF 662643232
