v VICTORYDEVICE
# silvaco.file ASCII version=1.14.29 format=1 contents=SDB,Tables=1

Copyright "###################################################################"
Copyright "#                    Copyright Silvaco Inc. (c)                   #"
Copyright "#                            1992-2014                            #"
Copyright "#                                                                 #"
Copyright "# This file format and the following Key are copyright Silvaco    #"
Copyright "# International. You may not use, this format or key without      #"
Copyright "# reproducing this message in full and obtaining                  #"
Copyright "# express written permission from Silvaco Inc.                    #"
Copyright "#                                                                 #"
Copyright "# To obtain such permission please contact: Silvaco Inc.          #"
Copyright "#                                           support@silvaco.com   #"
Copyright "#                                                                 #"
Copyright "# KEY=SVC86hn7562asdx                       PROD=345              #"
Copyright "###################################################################"
#This file was created by VICTORYDEVICE version 1.24.0.R
#victoryd 1.24.0.R (Wed Jun 26 14:38:19 PDT 2024)
#libSDB 1.12.65 (Thu Dec  7 08:14:05 PST 2023)
a VICTORYDEVICE
j 1 9
k 4
r 1 92
x 3 43 42 46
w source 1 1
r 2 92
x 3 43 42 46
w gate 1 2
r 3 92
x 3 43 42 46
w drain 1 3
r 4 92
x 3 43 42 46
w substrate 1 4
y 1 15
z 300
f 4 source gate drain substrate
p 12 2 601 20 3 602 21 4 603 22 5 604 23
d 0 0 -0.0011906822409907653 4 4 6.3281668159620086e-05 0.1 0.1 0.0011274005728311453 0 0 0
d 0 0 -0.0023177365754428305 4 4 5.8839318962861735e-05 0.2 0.2 0.0022588972564799672 0 0 0
d 0 0 -0.0034429424552536378 4 4 5.4831290079186715e-05 0.3 0.3 0.003388111165174451 0 0 0
d 0 0 -0.0045656772092842754 4 4 5.122079835937694e-05 0.4 0.4 0.0045144564109248983 0 0 0
d 0 0 -0.0056854191184853272 4 4 4.797184039701388e-05 0.5 0.5 0.0056374472780883131 0 0 0
d 0 0 -0.0068018011873092407 4 4 4.5049471333754377e-05 0.60000000000000009 0.60000000000000009 0.0067567517159682873 0 0 0
d 0 0 -0.0079145769691863644 4 4 4.2420297322212088e-05 0.7 0.7 0.0078721566718629801 0 0 0
d 0 0 -0.0090235736649630013 4 4 4.005286993152161e-05 0.8 0.8 0.0089835207950312232 0 0 0
d 0 0 -0.010128662575805865 4 4 3.7917929561343484e-05 0.9 0.9 0.010090744646244444 0 0 0
d 0 0 -0.011229743875162864 4 4 3.598854328765964e-05 1 1 0.011193755331875199 0 0 0
d 0 0 -0.012326738996588444 4 4 3.4240170360710637e-05 1.1000000000000001 1.1000000000000001 0.012292498826227731 0 0 0
d 0 0 -0.013419585788291 4 4 3.2650670864475423e-05 1.2000000000000002 1.2000000000000002 0.013386935117426491 0 0 0
d 0 0 -0.014508234510888283 4 4 3.120026343336813e-05 1.3 1.3 0.014477034247454888 0 0 0
d 0 0 -0.015592658683957858 4 4 2.9871419928302257e-05 1.4000000000000001 1.4000000000000001 0.015562787264007042 0 0 0
d 0 0 -0.016672951011848732 4 4 2.8648636543541409e-05 1.5 1.5 0.016644302375140401 0 0 0
d 0 0 -0.017749798952859996 4 4 2.7517834381306598e-05 1.6000000000000001 1.6000000000000001 0.017722281117674318 0 0 0
d 0 0 -0.018824527882985193 4 4 2.6466326907074124e-05 1.7000000000000002 1.7000000000000002 0.01879806155607772 0 0 0
d 0 0 -0.019897901370508432 4 4 2.5483828223444193e-05 1.8 1.8 0.0198724175416881 0 0 0
d 0 0 -0.020969669148682667 4 4 2.4562412491123249e-05 1.9000000000000001 1.9000000000000001 0.020945106736127279 0 0 0
d 0 0 -0.02203963586237451 4 4 2.3695231254317944e-05 2 2 0.022015940631117472 0 0 0
d 0 0 -0.027316126574962438 4 4 2.0020240387095048e-05 2.5 2.5 0.027296106334575129 0 0 0
d 0 0 -0.032461082894093683 4 4 1.7131332492984438e-05 3 3 0.032443951561597337 0 0 0
d 0 0 -0.042388154869968685 4 4 1.2831904312930738e-05 4 4 0.042375322965568792 0 0 0
d 0 0 -0.051818502972218489 4 4 9.8634488604838753e-06 5 5 0.051808639523311849 0 0 0
d 0 0 -0.060853551466815536 4 4 7.7622480600970025e-06 6 6 0.060845789218745977 0 0 0
d 0 0 -0.069484145226976865 4 4 6.2565808050520918e-06 7 7 0.069477888646171784 0 0 0
d 0 0 -0.077701820520334475 4 4 5.1574684050800368e-06 8 8 0.07769666305192939 0 0 0
d 0 0 -0.085669651326164525 4 4 4.3201021055711982e-06 9 9 0.085665331224046848 0 0 0
d 0 0 -0.09324536473028805 4 4 3.6778952221024692e-06 10 10 0.093241686835060233 0 0 0
d 0 0 -0.10041102905576672 4 4 3.1745299502917426e-06 11 11 0.10040785452581355 0 0 0
d 0 0 -0.1073171813221558 4 4 2.7640618801019706e-06 12 12 0.1073144172601931 0 0 0
d 0 0 -0.11390516118567645 4 4 2.4280388516538483e-06 13 13 0.11390273314629477 0 0 0
d 0 0 -0.11997072429024472 4 4 2.1591664093185568e-06 14 14 0.11996856512382481 0 0 0
d 0 0 -0.125415038153919 4 4 1.9464868597938789e-06 15 15 0.12541309166703532 0 0 0
d 0 0 -0.13017446463477439 4 4 1.7800525752836467e-06 16 16 0.13017268458210771 0 0 0
d 0 0 -0.1343136477856551 4 4 1.6483817511154762e-06 17 17 0.13431199940376229 0 0 0
d 0 0 -0.13760177772128787 4 4 1.5515397982569394e-06 18 18 0.13760022618147086 0 0 0
d 0 0 -0.13992911526278135 4 4 1.486779026966461e-06 19 19 0.13992762848375323 0 0 0
d 0 0 -0.14146648711731657 4 4 1.4456053441388807e-06 20 20 0.14146504151197239 0 0 0
d 0 0 -0.14248739312755651 4 4 1.4189366422084373e-06 21 21 0.1424859741909143 0 0 0
d 0 0 -0.1432053704391727 4 4 1.4004929162475252e-06 22 22 0.14320396994625645 0 0 0
d 0 0 -0.14375779606893227 4 4 1.3864733376171123e-06 23 23 0.14375640959555752 0 0 0
d 0 0 -0.14421159973918862 4 4 1.3750662856579292e-06 24 24 0.14421022467290293 0 0 0
d 0 0 -0.14458252225929599 4 4 1.3658150935426037e-06 25 25 0.14458115644420214 0 0 0
d 0 0 -0.14488945946342424 4 4 1.3582085512663584e-06 26 26 0.14488810125487109 0 0 0
d 0 0 -0.1451435322009853 4 4 1.3519452302140093e-06 27 27 0.14514218025574999 0 0 0
d 0 0 -0.14535610844126567 4 4 1.3467277569668348e-06 28 28 0.14535476171350165 0 0 0
d 0 0 -0.14553609616551788 4 4 1.3423263415265377e-06 29 29 0.14553475383917139 0 0 0
d 0 0 -0.14568999631079566 4 4 1.3385745965634416e-06 30 30 0.14568865773619907 0 0 0
d 0 0 -0.14582310650307057 4 4 1.335338345715428e-06 31 31 0.14582177116472189 0 0 0
d 0 0 -0.14594263331728785 4 4 1.3324391816319879e-06 32 32 0.14594130087810622 0 0 0
d 0 0 -0.14605194611883443 4 4 1.3297934084853471e-06 33 33 0.14605061632542232 0 0 0
d 0 0 -0.14614649886839545 4 4 1.3275092163428232e-06 34 34 0.14614517135917851 0 0 0
d 0 0 -0.14622781995000658 4 4 1.3255478801485887e-06 35 35 0.1462264944021259 0 0 0
d 0 0 -0.14629794638258531 4 4 1.3238589182284691e-06 36 36 0.14629662252366699 0 0 0
d 0 0 -0.14635880931860196 4 4 1.3223948453353586e-06 37 37 0.14635748692375652 0 0 0
d 0 0 -0.14641235519489465 4 4 1.3211081550692597e-06 38 38 0.14641103408673936 0 0 0
d 0 0 -0.14645965392153468 4 4 1.319972646164528e-06 39 39 0.14645833394888852 0 0 0
d 0 0 -0.1465006875569857 4 4 1.3189883504016112e-06 40 40 0.1464993685686351 0 0 0
Q 2 13 "Source Voltage"
Q 3 13 "Gate Voltage"
Q 4 13 "Drain Voltage"
Q 5 13 "Substrate Voltage"
Q 20 13 "Source Current"
Q 21 13 "Gate Current"
Q 22 13 "Drain Current"
Q 23 13 "Substrate Current"
Q 92 21 Contact
Q 601 13 "Source Int. Voltage"
Q 602 13 "Gate Int. Voltage"
Q 603 13 "Drain Int. Voltage"
Q 604 13 "Substrate Int. Voltage"
EOF 1646134528
