v VICTORYDEVICE
# silvaco.file ASCII version=1.14.29 format=1 contents=SDB,Tables=1

Copyright "###################################################################"
Copyright "#                    Copyright Silvaco Inc. (c)                   #"
Copyright "#                            1992-2014                            #"
Copyright "#                                                                 #"
Copyright "# This file format and the following Key are copyright Silvaco    #"
Copyright "# International. You may not use, this format or key without      #"
Copyright "# reproducing this message in full and obtaining                  #"
Copyright "# express written permission from Silvaco Inc.                    #"
Copyright "#                                                                 #"
Copyright "# To obtain such permission please contact: Silvaco Inc.          #"
Copyright "#                                           support@silvaco.com   #"
Copyright "#                                                                 #"
Copyright "# KEY=SVC86hn7562asdx                       PROD=345              #"
Copyright "###################################################################"
#This file was created by VICTORYDEVICE version 1.24.0.R
#victoryd 1.24.0.R (Wed Jun 26 14:38:19 PDT 2024)
#libSDB 1.12.65 (Thu Dec  7 08:14:05 PST 2023)
a VICTORYDEVICE
j 1 9
k 4
r 1 92
x 3 43 42 46
w source 1 1
r 2 92
x 3 43 42 46
w gate 1 2
r 3 92
x 3 43 42 46
w drain 1 3
r 4 92
x 3 43 42 46
w substrate 1 4
y 1 15
z 300
f 4 source gate drain substrate
p 12 2 601 20 3 602 21 4 603 22 5 604 23
d 0 0 -1.3163896525993543e-28 0 0 -3.4144744126416456e-37 0.01 0.01 1.3163896560397194e-28 0 0 -1.7600964951660738e-43
d 0 0 -6.3072311493719062e-28 0 0 -4.0629116071389494e-36 0.1 0.1 6.3072311900019744e-28 0 0 -1.8001069075816487e-41
d 0 0 -5.6782052698798255e-28 0 0 -1.0674195917805609e-35 0.3 0.3 5.6782053770618465e-28 0 0 -4.3392308687498251e-38
d 0 0 -5.3648352003898455e-28 0 0 -1.7643579357908804e-35 0.5 0.5 5.3648362141249973e-28 0 0 -8.3729936712785684e-35
d 0 0 -5.2935420720005755e-28 0 0 -2.4630422761643953e-35 0.75 0.75 5.2935785435784954e-28 0 0 -3.6225456127419617e-33
d 0 0 -5.229432992358505e-28 0 0 -1.5412961254629333e-34 1 1 5.2307833905398108e-28 0 0 -1.3488568851854725e-31
d 0 0 -5.198672065397658e-28 0 0 -8.5096705381611319e-33 1.125 1.125 5.2043743710001829e-28 0 0 -5.6172088967348595e-31
d 0 0 -5.1667140665088147e-28 0 0 -1.0985261851922399e-31 1.25 1.25 5.1792108733242794e-28 0 0 -1.1398280629754093e-30
d 0 0 -5.1107911493296447e-28 0 0 -2.9250575323427725e-31 1.5 1.5 5.2010773607709379e-28 0 0 -8.7361153211725741e-30
d 0 0 -5.0454723603961853e-28 0 0 -4.1404254133280345e-31 1.75 1.75 5.2177829296234042e-28 0 0 -1.6817019180336417e-29
d 0 0 -4.9788794366115833e-28 0 0 -5.0874916076739065e-31 2 2 5.1622462809690819e-28 0 0 -1.7827729716241888e-29
d 0 0 -4.9110107512472716e-28 0 0 -6.1123460699238156e-31 2.25 2.25 5.1029753665848617e-28 0 0 -1.8585045163836879e-29
d 0 0 -4.8435463840390677e-28 0 0 -7.1487995065931717e-31 2.5 2.5 5.0463736219074888e-28 0 0 -1.95676823940958e-29
d 0 0 -4.7777428592409901e-28 0 0 -8.3076752578353755e-31 2.75 2.75 4.9986369833338745e-28 0 0 -2.1258495024620943e-29
d 0 0 -4.7150370044668429e-28 0 0 -9.2782709234960216e-31 3 3 4.9681108179131174e-28 0 0 -2.437956015702167e-29
d 0 0 -4.6556512079125502e-28 0 0 -1.0102998504764486e-30 3.25 3.25 4.9806848349290168e-28 0 0 -3.1493068396249212e-29
d 0 0 -4.6008861616841152e-28 0 0 -1.0874794548326435e-30 3.5 3.5 5.001759353266259e-28 0 0 -3.8999676821275197e-29
d 0 0 -4.5516533700305618e-28 0 0 -1.1738537642947643e-30 3.75 3.75 4.9787568546047022e-28 0 0 -4.1536317453705264e-29
d 0 0 -4.5072697266128119e-28 0 0 -1.2378332315127217e-30 4 4 4.945176688868297e-28 0 0 -4.2552678051443755e-29
d 0 0 -4.4315310102163756e-28 0 0 -1.3350962557901359e-30 4.5 4.5 4.87809118793389e-28 0 0 -4.3321071154205285e-29
d 0 0 -4.3701537077736614e-28 0 0 -1.436200381283187e-30 5 5 4.821732557180022e-28 0 0 -4.372181476355874e-29
d 0 0 -4.3216398261391694e-28 0 0 -1.532850529213307e-30 5.5 5.5 4.7777092295589179e-28 0 0 -4.4074198425951327e-29
d 0 0 -4.288158570275344e-28 0 0 -1.5957749552001969e-30 6 6 4.7582571754809688e-28 0 0 -4.5414085591079476e-29
d 0 0 -4.2771212524569449e-28 0 0 -1.6237579787651694e-30 6.25 6.25 4.7717341029170916e-28 0 0 -4.7837393494552462e-29
d 0 0 -4.2699840057693164e-28 0 0 -1.6522035691855353e-30 6.5 6.5 4.7818131339220927e-28 0 0 -4.9530568139223099e-29
d 0 0 -4.2638852599661528e-28 0 0 -1.7227836002858458e-30 7 7 4.7877357208739495e-28 0 0 -5.0662260127488832e-29
d 0 0 -4.2620511730992559e-28 0 0 -1.7677959702857438e-30 7.5 7.5 4.7922893369421206e-28 0 0 -5.1256163817005334e-29
d 0 0 -4.2610188003597585e-28 0 0 -1.8032386680343697e-30 8 8 4.7958979184067814e-28 0 0 -5.1684815538999274e-29
d 0 0 -4.2601206952297434e-28 0 0 -1.8368021595831842e-30 8.5 8.5 4.7985545070117578e-28 0 0 -5.2006716323713667e-29
d 0 0 -4.2592811710030761e-28 0 0 -1.8774082639988046e-30 9 9 4.8017245777096392e-28 0 0 -5.2367039638844509e-29
d 0 0 -4.2585154202568085e-28 0 0 -1.9136466530007944e-30 9.5 9.5 4.8041497572367952e-28 0 0 -5.2649873773605456e-29
d 0 0 -4.2577739246397136e-28 0 0 -1.9438165980964953e-30 10 10 4.8060715341435626e-28 0 0 -5.2886026456425658e-29
d 0 0 -4.2570469273079281e-28 0 0 -1.9926718919583028e-30 10.5 10.5 4.8096900231834507e-28 0 0 -5.3271714093235805e-29
d 0 0 -4.2563319609241343e-28 0 0 -2.0214588010143047e-30 11 11 4.8213400604143957e-28 0 0 -5.4479351170163675e-29
d 0 0 -4.25563577888629e-28 0 0 -2.0513565523009282e-30 11.5 11.5 4.8398594126398941e-28 0 0 -5.6371006823114638e-29
d 0 0 -4.2549856040172863e-28 0 0 -2.0773471406777586e-30 12 12 4.8484988044848946e-28 0 0 -5.7273971900758121e-29
d 0 0 -4.2544253328202339e-28 0 0 -2.0992850432141862e-30 12.5 12.5 4.8534836213715583e-28 0 0 -5.7806592142202065e-29
d 0 0 -4.2539909162786576e-28 0 0 -2.1181313945104104e-30 13 13 4.8586610121036531e-28 0 0 -5.834891824647471e-29
d 0 0 -4.2530968414530902e-28 0 0 -2.1510812317256646e-30 14 14 4.8862913922819002e-28 0 0 -6.1168373851187724e-29
d 0 0 -4.2520592529579441e-28 0 0 -2.1820622065560076e-30 15 15 4.9152571063458025e-28 0 0 -6.4138015162745129e-29
d 0 0 -4.2515540467868731e-28 0 0 -2.1968913327912306e-30 15.5 15.5 4.917633974276551e-28 0 0 -6.4411305130549246e-29
d 0 0 -4.2510616978810588e-28 0 0 -2.2122197180883598e-30 16 16 4.9185970950000116e-28 0 0 -6.4542101031119418e-29
d 0 0 -4.2505806787671734e-28 0 0 -2.2273577935831994e-30 16.5 16.5 4.9193199158909208e-28 0 0 -6.464790903493146e-29
d 0 0 -4.2501098822248421e-28 0 0 -2.242265232585059e-30 17 17 4.91986420226675e-28 0 0 -6.4735049077492013e-29
d 0 0 -4.2492227259521924e-28 0 0 -2.2404984799152132e-30 18 18 4.9203687023285938e-28 0 0 -6.4845331113059329e-29
d 0 0 -4.2484174407229892e-28 0 0 -2.2659186658675587e-30 19 19 4.9213901700408432e-28 0 0 -6.4999456331417737e-29
d 0 0 -4.2476117377385408e-28 0 0 -2.3213457855879469e-30 20 20 4.9280191879233882e-28 0 0 -6.5719861541900817e-29
d 0 0 -4.2468639210025297e-28 0 0 -2.3386512438163148e-30 21 21 4.9385870748355174e-28 0 0 -6.6832035771553811e-29
d 0 0 -4.246198867402382e-28 0 0 -2.360296298267121e-30 22 22 4.9415356639553569e-28 0 0 -6.7176850606711793e-29
d 0 0 -4.245612303540672e-28 0 0 -2.3781580574369791e-30 23 23 4.9424597717819796e-28 0 0 -6.7313520719179563e-29
d 0 0 -4.245114535268866e-28 0 0 -2.3935135841896786e-30 24 24 4.9428175023730347e-28 0 0 -6.7384132104036491e-29
d 0 0 -4.244670193466517e-28 0 0 -2.443298858517341e-30 25 25 4.9436799407629575e-28 0 0 -6.746592368610065e-29
d 0 0 -4.2442355572889314e-28 0 0 -2.4561200932316135e-30 26 26 4.9438912518240422e-28 0 0 -6.7516472039174946e-29
d 0 0 -4.2437985085671711e-28 0 0 -2.4443678893535551e-30 27 27 4.9441131434431602e-28 0 0 -6.7569737379630677e-29
d 0 0 -4.2433479435545641e-28 0 0 -2.4536291523987479e-30 28 28 4.9442189876455268e-28 0 0 -6.7613691318283323e-29
d 0 0 -4.2428769262993501e-28 0 0 -2.4637474381593336e-30 29 29 4.94396947666448e-28 0 0 -6.7624972564142725e-29
d 0 0 -4.2423820577078284e-28 0 0 -2.4735789965309038e-30 30 30 4.9435269666225218e-28 0 0 -6.7620055883341192e-29
d 0 0 -4.2418624980907739e-28 0 0 -2.4972944480221845e-30 31 31 4.9431575425341832e-28 0 0 -6.7625548611959463e-29
d 0 0 -4.2413190326096482e-28 0 0 -2.4941629500578005e-30 32 32 4.9428848020905965e-28 0 0 -6.7643657516320543e-29
d 0 0 -4.2407533535970074e-28 0 0 -2.5215824734209971e-30 33 33 4.9427798541342756e-28 0 0 -6.768125455760928e-29
d 0 0 -4.2401676031403966e-28 0 0 -2.5294551986493852e-30 34 34 4.9432339196418823e-28 0 0 -6.7777176452349716e-29
d 0 0 -4.2398679339791266e-28 0 0 -2.5327081281871067e-30 34.5 34.5 4.9439169527936796e-28 0 0 -6.7871548801429868e-29
d 0 0 -4.2395641461867219e-28 0 0 -2.5107259249704267e-30 35 35 4.9451330396014069e-28 0 0 -6.8019711914083765e-29
d 0 0 -4.2392565696053514e-28 0 0 -2.5402242581368946e-30 35.5 35.5 4.9470176283871847e-28 0 0 -6.8235165096432099e-29
d 0 0 -4.2389455837866749e-28 0 0 -2.5446745572115056e-30 36 36 4.9493472153940603e-28 0 0 -6.8495508629163801e-29
d 0 0 -4.2386316602610718e-28 0 0 -2.5470697944874606e-30 36.5 36.5 4.9515195065435987e-28 0 0 -6.8740452347944426e-29
d 0 0 -4.2383154595403755e-28 0 0 -2.5507022065896976e-30 37 37 4.953088852862088e-28 0 0 -6.8925344550905705e-29
d 0 0 -4.2376866841499206e-28 0 0 -2.5596101789374506e-30 38 38 4.9545585801134804e-28 0 0 -6.9127579418219036e-29
d 0 0 -4.2370997259272195e-28 0 0 -2.5687191474737966e-30 39 39 4.9550036385034087e-28 0 0 -6.9221671175860727e-29
d 0 0 -4.2364844056874473e-28 0 0 -2.5772109315353361e-30 40 40 4.955245900590306e-28 0 0 -6.9298941111595141e-29
d 0 0 -4.235157232677944e-28 0 0 -2.5939429357730584e-30 42 42 4.955017295185937e-28 0 0 -6.9393451137434687e-29
d 0 0 -4.2338181659916779e-28 0 0 -2.6111378487926127e-30 44 44 4.9543586767380473e-28 0 0 -6.9444570041177805e-29
d 0 0 -4.2324852471750314e-28 0 0 -2.6276196229521084e-30 46 46 4.9535578616062571e-28 0 0 -6.9479285135314828e-29
d 0 0 -4.2312322580146405e-28 0 0 -2.6482629839786461e-30 48 48 4.9525993013792676e-28 0 0 -6.9488960761845145e-29
d 0 0 -4.2306673250171508e-28 0 0 -2.6993756311105558e-30 49 49 4.9527481080196008e-28 0 0 -6.9508414295041049e-29
d 0 0 -4.2300907698285669e-28 0 0 -2.7106083961892416e-30 50 50 4.9524205428285209e-28 0 0 -6.9522429437910875e-29
d 0 0 -4.229511225121985e-28 0 0 -2.7207619134893488e-30 51 51 4.9520411019836016e-28 0 0 -6.9532242372889935e-29
d 0 0 -4.2292203039892155e-28 0 0 -2.7233167953457886e-30 51.5 51.5 4.951825114818215e-28 0 0 -6.9534798366908343e-29
d 0 0 -4.2289286057047802e-28 0 0 -2.7285477664979662e-30 52 52 4.9516011612436542e-28 0 0 -6.9536745833286512e-29
d 0 0 -4.2277541351629077e-28 0 0 -2.7498687423230046e-30 54 54 4.9507823927851633e-28 0 0 -6.9554119074023431e-29
d 0 0 -4.2265681512421899e-28 0 0 -2.707749473051913e-30 56 56 4.9500468195494375e-28 0 0 -6.9582683780988928e-29
d 0 0 -4.2253721795792422e-28 0 0 -2.7330131459913766e-30 58 58 4.9490826417490321e-28 0 0 -6.9590958329107096e-29
d 0 0 -4.2250718293745199e-28 0 0 -2.78492424654509e-30 58.5 58.5 4.948805038114399e-28 0 0 -6.9589731167267845e-29
d 0 0 -4.2247709926992664e-28 0 0 -2.7881249551478092e-30 59 59 4.9485240928695606e-28 0 0 -6.9588302704207097e-29
d 0 0 -4.224469698737704e-28 0 0 -2.790989537334391e-30 59.5 59.5 4.9482476656569566e-28 0 0 -6.9587453049044251e-29
d 0 0 -4.224167977452164e-28 0 0 -2.793480522310401e-30 60 60 4.9479844636648973e-28 0 0 -6.9588047155456404e-29
d 0 0 -4.2238658596688774e-28 0 0 -2.7955783542256566e-30 60.5 60.5 4.9477445354736496e-28 0 0 -6.95910839738138e-29
d 0 0 -4.2235633769346303e-28 0 0 -2.7972926487580424e-30 61 61 4.9475401949635316e-28 0 0 -6.9597788527149695e-29
d 0 0 -4.2232605610446113e-28 0 0 -2.7271996097683299e-30 61.5 61.5 4.9473873744340156e-28 0 0 -6.9609746672908713e-29
d 0 0 -4.222957444428551e-28 0 0 -2.7185797361678338e-30 62 62 4.9473071136431064e-28 0 0 -6.9629053498062503e-29
d 0 0 -4.2217428081687329e-28 0 0 -2.8172396661269863e-30 64 64 4.9482136838326807e-28 0 0 -6.9829852067921529e-29
d 0 0 -4.2205273702160628e-28 0 0 -2.8276532960880368e-30 66 66 4.9503038630671311e-28 0 0 -7.0150002655172518e-29
d 0 0 -4.219920851793373e-28 0 0 -2.8325550292961926e-30 67 67 4.9507582232542664e-28 0 0 -7.0251188224886706e-29
d 0 0 -4.2196182649626592e-28 0 0 -2.7266790446537222e-30 67.5 67.5 4.9508256136446709e-28 0 0 -7.0285801643604463e-29
d 0 0 -4.2193163519211728e-28 0 0 -2.7333703407015958e-30 68 68 4.9508211821834125e-28 0 0 -7.0313205094933816e-29
d 0 0 -4.2181408163822426e-28 0 0 -2.6773520680871266e-30 70 70 4.9504543110547895e-28 0 0 -7.0384691653641607e-29
d 0 0 -4.2176073777293386e-28 0 0 -2.7765701475473708e-30 71 71 4.9502417236598986e-28 0 0 -7.041155408036623e-29
d 0 0 -4.2170511302409678e-28 0 0 -2.8546837818595504e-30 72 72 4.9500307831880183e-28 0 0 -7.0441371264722543e-29
d 0 0 -4.2164615765960364e-28 0 0 -2.8486234650983942e-30 73 73 4.9497989544480038e-28 0 0 -7.0473080906188743e-29
d 0 0 -4.216165432061184e-28 0 0 -2.8220956340109056e-30 73.5 73.5 4.9496644692553306e-28 0 0 -7.0487291095550403e-29
d 0 0 -4.2158692425251287e-28 0 0 -2.8300548602156386e-30 74 74 4.949509421565706e-28 0 0 -7.0499484737194525e-29
d 0 0 -4.2155731842585693e-28 0 0 -2.7795529051647551e-30 74.5 74.5 4.9493312141230309e-28 0 0 -7.050938030432822e-29
d 0 0 -4.2152773401649982e-28 0 0 -2.0873512527538904e-30 75 75 4.9491303919930585e-28 0 0 -7.0517020777806747e-29
d 0 0 -4.2146863361102401e-28 0 0 -2.8719317992345511e-30 76 76 4.9486733013725705e-28 0 0 -7.0526764843868946e-29
d 0 0 -4.214391135883169e-28 0 0 -2.0091250436715107e-30 76.5 76.5 4.9484251778339587e-28 0 0 -7.0529684003561075e-29
d 0 0 -4.2140960928595801e-28 0 0 -2.5061786448600019e-30 77 77 4.9481691729174828e-28 0 0 -7.0531821714163483e-29
d 0 0 -4.2135063258453807e-28 0 0 -1.224533932022309e-30 78 78 4.9476455249621531e-28 0 0 -7.0534965359929035e-29
d 0 0 -4.2129167459185804e-28 0 0 -2.8823400276678048e-30 79 79 4.9471217806150866e-28 0 0 -7.053816344049267e-29
d 0 0 -4.2126219565181566e-28 0 0 -2.8819729901806611e-30 79.5 79.5 4.9468645304260616e-28 0 0 -7.0540254500998411e-29
d 0 0 -4.2123271501913916e-28 0 0 -2.8829024687591998e-30 80 80 4.9466118421207905e-28 0 0 -7.054282257049779e-29
d 0 0 -4.2111481356447444e-28 0 0 -2.8920497664225075e-30 82 82 4.9456333908036947e-28 0 0 -7.0556474523453898e-29
d 0 0 -4.2099782956243949e-28 0 0 -2.8983367790947088e-30 84 84 4.9446683638358731e-28 0 0 -7.0570674680243753e-29
d 0 0 -4.2094535988201791e-28 0 0 -2.4071118656733306e-30 85 85 4.9442373657557321e-28 0 0 -7.0576143820132867e-29
d 0 0 -4.2092109421345874e-28 0 0 -2.9051448623260095e-30 85.5 85.5 4.9440456324967233e-28 0 0 -7.0578478609871516e-29
d 0 0 -4.2089933412719095e-28 0 0 -2.9493695897027833e-30 86 86 4.944538360962418e-28 0 0 -7.060491274802522e-29
d 0 0 -4.2087520432106835e-28 0 0 -2.9480345973361615e-30 86.5 86.5 4.944362458927513e-28 0 0 -7.0607388575003286e-29
d 0 0 -4.2085095626758305e-28 0 0 -2.9237610495096558e-30 87 87 4.9441524281714013e-28 0 0 -7.0608415576559696e-29
d 0 0 -4.2082669477181664e-28 0 0 -2.9097716937574578e-30 87.5 87.5 4.9439376619251839e-28 0 0 -7.0609013176475836e-29
d 0 0 -4.2080241970332585e-28 0 0 -2.6548690911020163e-30 88 88 4.9437183461865734e-28 0 0 -7.0609192248465233e-29
d 0 0 -4.2077813043943382e-28 0 0 -2.8977848617425525e-30 88.5 88.5 4.9434949650716568e-28 0 0 -7.0609001521126174e-29
d 0 0 -4.2075382639941637e-28 0 0 -2.8664732564753854e-30 89 89 4.9432683543633064e-28 0 0 -7.060852489142956e-29
d 0 0 -4.2072950701618393e-28 0 0 -2.9514909780399647e-30 89.5 89.5 4.943039588489472e-28 0 0 -7.0607870220863273e-29
d 0 0 -4.20705171762171e-28 0 0 -2.9322940298891873e-30 90 90 4.942809831367198e-28 0 0 -7.0607154365827359e-29
d 0 0 -4.2068082016388209e-28 0 0 -2.9392842781929801e-30 90.5 90.5 4.9425801696956653e-28 0 0 -7.0606486425190874e-29
d 0 0 -4.206564518085101e-28 0 0 -2.9725866007132304e-30 91 91 4.9423514415304524e-28 0 0 -7.0605950596086134e-29
d 0 0 -4.2063206634830853e-28 0 0 -2.974415312921919e-30 91.5 91.5 4.9421240829596279e-28 0 0 -7.0605590826970873e-29
d 0 0 -4.2060766350269385e-28 0 0 -2.9764638382336469e-30 92 92 4.9418980280834871e-28 0 0 -7.0605400795315438e-29
d 0 0 -4.2058324305816719e-28 0 0 -2.9785519768882865e-30 92.5 92.5 4.9416727026084124e-28 0 0 -7.0605323268825881e-29
d 0 0 -4.2055880486632372e-28 0 0 -2.9804567440914118e-30 93 93 4.9414471348012814e-28 0 0 -7.0605261195647051e-29
d 0 0 -4.2053434884049137e-28 0 0 -2.8767540648474873e-30 93.5 93.5 4.9412201654870033e-28 0 0 -7.0605098705938412e-29
d 0 0 -4.2050987495182078e-28 0 0 -2.9839564243918693e-30 94 94 4.9409906944268812e-28 0 0 -7.060472573832231e-29
d 0 0 -4.2048538322577783e-28 0 0 -2.8914869083117104e-30 94.5 94.5 4.9407578837160839e-28 0 0 -7.0604058408099641e-29
d 0 0 -4.2046087373989025e-28 0 0 -2.8943255114504479e-30 95 95 4.9405212652047209e-28 0 0 -7.0603049717209225e-29
d 0 0 -4.2043634662332304e-28 0 0 -2.9313782491513492e-30 95.5 95.5 4.9402807427697553e-28 0 0 -7.0601689805780234e-29
d 0 0 -4.2041180205852419e-28 0 0 -2.9249554111115394e-30 96 96 4.940036519227916e-28 0 0 -7.0599998632041958e-29
d 0 0 -4.2038724028482372e-28 0 0 -2.9933190712847065e-30 96.5 96.5 4.939788989416052e-28 0 0 -7.0598015274231558e-29
d 0 0 -4.2036266160347858e-28 0 0 -2.9951129178857232e-30 97 97 4.9395386353984271e-28 0 0 -7.0595787453939737e-29
d 0 0 -4.2033806638319983e-28 0 0 -2.9920622480230965e-30 97.5 97.5 4.9392859465682408e-28 0 0 -7.0593363531117449e-29
d 0 0 -4.2031345506476711e-28 0 0 -2.9888987756285728e-30 98 98 4.9390313736012991e-28 0 0 -7.05907878996066e-29
d 0 0 -4.2028882816308787e-28 0 0 -2.9851957965087479e-30 98.5 98.5 4.9387753155412422e-28 0 0 -7.0588099693947067e-29
d 0 0 -4.2026418626520985e-28 0 0 -2.9814021218196489e-30 99 99 4.938518132242981e-28 0 0 -7.0585334036354128e-29
d 0 0 -4.2023953002343107e-28 0 0 -2.9792571627998733e-30 99.5 99.5 4.9382601709108719e-28 0 0 -7.0582524699913114e-29
d 0 0 -4.2021486014370345e-28 0 0 -2.9813167686392307e-30 100 100 4.9380017951489032e-28 0 0 -7.0579707028597118e-29
d 0 0 -4.2018400475236534e-28 0 0 -3.0068056732409852e-30 100.625 100.625 4.9376788600765866e-28 0 0 -7.0576233332471916e-29
d 0 0 -4.2015313071566897e-28 0 0 -3.004201528202621e-30 101.25 101.25 4.937356800824993e-28 0 0 -7.0572895140834158e-29
d 0 0 -4.2012223954116313e-28 0 0 -3.003234613365663e-30 101.875 101.875 4.9370366052917742e-28 0 0 -7.0569789085695065e-29
d 0 0 -4.2009133271015313e-28 0 0 -3.0062283802784786e-30 102.5 102.5 4.9367192920594744e-28 0 0 -7.0567014897458944e-29
d 0 0 -4.2006041165720422e-28 0 0 -3.014345774864004e-30 103.125 103.125 4.9364058112795029e-28 0 0 -7.0564665517712524e-29
d 0 0 -4.2002947776329724e-28 0 0 -3.0162847623998473e-30 103.75 103.75 4.9360969308800787e-28 0 0 -7.0562815730147355e-29
d 0 0 -4.1999853235957308e-28 0 0 -3.0164623885453283e-30 104.375 104.375 4.9357931285341066e-28 0 0 -7.0561511351071217e-29
d 0 0 -4.1996757673816401e-28 0 0 -3.0182878044693758e-30 105 105 4.935494510134552e-28 0 0 -7.0560761064592893e-29
d 0 0 -4.1993661216733372e-28 0 0 -3.0222345483722742e-30 105.625 105.625 4.9352007750186218e-28 0 0 -7.0560532927042501e-29
d 0 0 -4.1990563990929754e-28 0 0 -3.0244725436931256e-30 106.25 106.25 4.9349112457010847e-28 0 0 -7.0560757319137629e-29
d 0 0 -4.1987466124029587e-28 0 0 -3.0259935610517897e-30 106.875 106.875 4.9346249698270802e-28 0 0 -7.0561337115527689e-29
d 0 0 -4.1984367747366535e-28 0 0 -3.0277036903063839e-30 107.5 107.5 4.9343408786849825e-28 0 0 -7.0562163507672332e-29
d 0 0 -4.1978170026264196e-28 0 0 -3.0316770800871031e-30 108.75 108.75 4.9337754078243966e-28 0 0 -7.0564163626209881e-29
d 0 0 -4.197507099287231e-28 0 0 -3.0333593283473175e-30 109.375 109.375 4.9334927202577544e-28 0 0 -7.056520212008528e-29
d 0 0 -4.1971972083892051e-28 0 0 -3.0350051769475659e-30 110 110 4.9332098010149743e-28 0 0 -7.0566236544727512e-29
d 0 0 -4.1959583006304329e-28 0 0 -3.0414864193261653e-30 112.5 112.5 4.9320956435046685e-28 0 0 -7.0572248033374832e-29
d 0 0 -4.1953399509651971e-28 0 0 -3.0446200119439555e-30 113.75 113.75 4.9315897777034941e-28 0 0 -7.0580362663151976e-29
d 0 0 -4.1950314945221024e-28 0 0 -3.0459483432512268e-30 114.375 114.375 4.9313688447644772e-28 0 0 -7.0587566610939597e-29
d 0 0 -4.1947240987312402e-28 0 0 -3.0477097042667722e-30 115 115 4.9311804853050759e-28 0 0 -7.0597928161800506e-29
d 0 0 -4.1945712048361956e-28 0 0 -3.0483765350343162e-30 115.3125 115.3125 4.9311016941034144e-28 0 0 -7.0604565971795786e-29
d 0 0 -4.1944194856462619e-28 0 0 -3.0491456548016236e-30 115.625 115.625 4.9310352433328689e-28 0 0 -7.0612313688297335e-29
d 0 0 -4.1941332005384314e-28 0 0 -3.0510849918512479e-30 116.25 116.25 4.9309567713817417e-28 0 0 -7.0631397410867727e-29
d 0 0 -4.1938805983333279e-28 0 0 -3.0531676315229054e-30 116.875 116.875 4.9309653838526439e-28 0 0 -7.0655542119650574e-29
d 0 0 -4.1935986121764925e-28 0 0 -3.0546435297360472e-30 117.5 117.5 4.9309968350292139e-28 0 0 -7.0685178307641337e-29
d 0 0 -4.1933018839553416e-28 0 0 -3.0562160065619774e-30 118.125 118.125 4.9310581043246135e-28 0 0 -7.0719406140617633e-29
d 0 0 -4.1929966409290346e-28 0 0 -3.0575437235687352e-30 118.75 118.75 4.9311400339254207e-28 0 0 -7.0756631010567167e-29
d 0 0 -4.1923798250431849e-28 0 0 -3.0606312223853497e-30 120 120 4.9313014231020146e-28 0 0 -7.0831528598748169e-29
d 0 0 -4.1920702932225463e-28 0 0 -3.0620349511252071e-30 120.625 120.625 4.9313434508025186e-28 0 0 -7.0865231026665769e-29
d 0 0 -4.1917604158219572e-28 0 0 -3.0635257558708525e-30 121.25 121.25 4.9313426036156371e-28 0 0 -7.0894681661875373e-29
d 0 0 -4.1914503249650321e-28 0 0 -3.0648335140482785e-30 121.875 121.875 4.9312943863179895e-28 0 0 -7.0919419128051665e-29
d 0 0 -4.1911400997165774e-28 0 0 -3.0663577625006178e-30 122.5 122.5 4.931199756871526e-28 0 0 -7.0939532781529131e-29
d 0 0 -4.1908297951684721e-28 0 0 -3.0677781594093972e-30 123.125 123.125 4.9310632960933185e-28 0 0 -7.0955477765276901e-29
d 0 0 -4.1905194521918816e-28 0 0 -3.0692089043372779e-30 123.75 123.75 4.9308913914344745e-28 0 0 -7.0967891533426373e-29
d 0 0 -4.1902091019630221e-28 0 0 -3.0706685153545603e-30 124.375 124.375 4.9306907602392894e-28 0 0 -7.0977445149266497e-29
d 0 0 -4.1898987686969483e-28 0 0 -3.0720238877215318e-30 125 125 4.9304674155683844e-28 0 0 -7.0984739350091879e-29
d 0 0 -4.1874185253002387e-28 0 0 -3.0827920731771027e-30 130 130 4.9282407656581038e-28 0 0 -7.0999429255656014e-29
d 0 0 -4.1849478646512541e-28 0 0 -3.0924666280225431e-30 135 135 4.9258620123294798e-28 0 0 -7.0998934994505271e-29
d 0 0 -4.1827794733269227e-28 0 0 -3.145928516762324e-30 140 140 4.924826772839977e-28 0 0 -7.1059484629648067e-29
d 0 0 -4.1825409505959419e-28 0 0 -3.1469204380570765e-30 140.625 140.625 4.9245966969863997e-28 0 0 -7.105865671574227e-29
d 0 0 -4.1823024881139012e-28 0 0 -3.1485666242879913e-30 141.25 141.25 4.9243655088203074e-28 0 0 -7.1057734704893576e-29
d 0 0 -4.1820640936423976e-28 0 0 -3.1501959609117056e-30 141.875 141.875 4.9241338488593506e-28 0 0 -7.1056776309725299e-29
d 0 0 -4.1818257696485074e-28 0 0 -3.1517975554533203e-30 142.5 142.5 4.9239022179504202e-28 0 0 -7.1055830760789646e-29
d 0 0 -4.1815875185087621e-28 0 0 -3.1534109533866872e-30 143.125 143.125 4.92367108429085e-28 0 0 -7.1054944130687996e-29
d 0 0 -4.1813493425331884e-28 0 0 -3.1549397740289557e-30 143.75 143.75 4.9234408806110905e-28 0 0 -7.1054159021663706e-29
d 0 0 -4.1812302834388666e-28 0 0 -3.155695953247589e-30 144.0625 144.0625 4.9233262535957014e-28 0 0 -7.1053816951557614e-29
d 0 0 -4.1811112439777334e-28 0 0 -3.1564837033701205e-30 144.375 144.375 4.9232120066434602e-28 0 0 -7.1053514791307059e-29
d 0 0 -4.1809922244243162e-28 0 0 -3.1572684813736123e-30 144.6875 144.6875 4.9230981853254046e-28 0 0 -7.1053257027829523e-29
d 0 0 -4.1808732250503332e-28 0 0 -3.1580503641757384e-30 145 145 4.9229848337142196e-28 0 0 -7.1053048000256005e-29
d 0 0 -4.180754246124718e-28 0 0 -3.1588294323409837e-30 145.3125 145.3125 4.9228719944614261e-28 0 0 -7.105289190752223e-29
d 0 0 -4.1806352879136402e-28 0 0 -3.1596057565622766e-30 145.625 145.625 4.922759708819946e-28 0 0 -7.1052792810453104e-29
d 0 0 -4.180516350680533e-28 0 0 -3.1603794067432312e-30 145.9375 145.9375 4.9226480166030598e-28 0 0 -7.1052754627511686e-29
d 0 0 -4.1803974346861009e-28 0 0 -3.1611504481330999e-30 146.25 146.25 4.9225369560754311e-28 0 0 -7.1052781123775914e-29
d 0 0 -4.1802785401883424e-28 0 0 -3.1619189389867005e-30 146.5625 146.5625 4.9224265637757217e-28 0 0 -7.1052875893090647e-29
d 0 0 -4.1801596674425754e-28 0 0 -3.1626849406259354e-30 146.875 146.875 4.9223168742738417e-28 0 0 -7.1053042333697438e-29
d 0 0 -4.1800408167014686e-28 0 0 -3.1634485084754289e-30 147.1875 147.1875 4.9222079198689144e-28 0 0 -7.1053283617946063e-29
d 0 0 -4.1799219882150835e-28 0 0 -3.1642096870871849e-30 147.5 147.5 4.9220997302363367e-28 0 0 -7.1053602656925306e-29
d 0 0 -4.1798031822309232e-28 0 0 -3.164968528583661e-30 147.8125 147.8125 4.9219923320338722e-28 0 0 -7.1054002061005157e-29
d 0 0 -4.1796843989939902e-28 0 0 -3.1657250621117838e-30 148.125 148.125 4.9218857484774547e-28 0 0 -7.1054484097355346e-29
d 0 0 -4.1795656387468512e-28 0 0 -3.1664793369136467e-30 148.4375 148.4375 4.9217799988973036e-28 0 0 -7.1055050645501474e-29
d 0 0 -4.1794469017297109e-28 0 0 -3.1672313793202916e-30 148.75 148.75 4.9216750982842491e-28 0 0 -7.1055703151906886e-29
d 0 0 -4.1793281881804868e-28 0 0 -3.1679812167868122e-30 149.0625 149.0625 4.9215710568349215e-28 0 0 -7.10564425844449e-29
d 0 0 -4.1792094983348939e-28 0 0 -3.1687288766489787e-30 149.375 149.375 4.9214678795028845e-28 0 0 -7.1057269387469299e-29
d 0 0 -4.1790908324265289e-28 0 0 -3.1694743766803718e-30 149.6875 149.6875 4.9213655655611661e-28 0 0 -7.1058183438027948e-29
d 0 0 -4.1789721906869608e-28 0 0 -3.1702177447221498e-30 150 150 4.9212641081802348e-28 0 0 -7.1059184003623822e-29
d 0 0 -4.1787349806309027e-28 0 0 -3.1713498158055366e-30 150.625 150.625 4.9210637028541054e-28 0 0 -7.106143846215536e-29
d 0 0 -4.1786164127682407e-28 0 0 -3.1724350880614765e-30 150.9375 150.9375 4.9209647072540218e-28 0 0 -7.1062687490363186e-29
d 0 0 -4.1784978699822232e-28 0 0 -3.1728465217907703e-30 151.25 151.25 4.9208664721245919e-28 0 0 -7.1064013236330778e-29
d 0 0 -4.178379352495676e-28 0 0 -3.1735483526422498e-30 151.5625 151.5625 4.9207689546413473e-28 0 0 -7.1065411366161269e-29
d 0 0 -4.1782608605299593e-28 0 0 -3.174247055010647e-30 151.875 151.875 4.9206721038532704e-28 0 0 -7.1066876740428545e-29
d 0 0 -4.1780239540396888e-28 0 0 -3.1755434609952249e-30 152.5 152.5 4.9204801576231811e-28 0 0 -7.1069984567652737e-29
d 0 0 -4.1779055399513375e-28 0 0 -3.1763246231435085e-30 152.8125 152.8125 4.9203849194057632e-28 0 0 -7.1071612653115073e-29
d 0 0 -4.1777871522563804e-28 0 0 -3.1770110416837e-30 153.125 153.125 4.9202900627530375e-28 0 0 -7.107327929172389e-29
d 0 0 -4.177550456906882e-28 0 0 -3.1784263918301824e-30 153.75 153.75 4.9201011258603019e-28 0 0 -7.1076691225324062e-29
d 0 0 -4.1773138697018227e-28 0 0 -3.1798164684126301e-30 154.375 154.375 4.9199125524374094e-28 0 0 -7.1080140575250464e-29
d 0 0 -4.1770773923368149e-28 0 0 -3.181056724936161e-30 155 155 4.9197234851682108e-28 0 0 -7.1083541274280848e-29
d 0 0 -4.1768410264931754e-28 0 0 -3.1823061128120497e-30 155.625 155.625 4.9195330577553376e-28 0 0 -7.1086806361377088e-29
d 0 0 -4.1766047738387409e-28 0 0 -3.1836237536467765e-30 156.25 156.25 4.9193404574432546e-28 0 0 -7.1089854236612698e-29
d 0 0 -4.1763686360297099e-28 0 0 -3.1849624842887196e-30 156.875 156.875 4.9191449852850226e-28 0 0 -7.1092614686145986e-29
d 0 0 -4.1761326147144649e-28 0 0 -3.186311421672787e-30 157.5 157.5 4.9189461023641482e-28 0 0 -7.1095033503824926e-29
d 0 0 -4.1758967115401124e-28 0 0 -3.1875861372701635e-30 158.125 158.125 4.9187434538724638e-28 0 0 -7.1097074897726619e-29
d 0 0 -4.175660928162006e-28 0 0 -3.1888506479497753e-30 158.75 158.75 4.9185368691521243e-28 0 0 -7.1098721493082665e-29
d 0 0 -4.1754252662561479e-28 0 0 -3.1901709420409792e-30 159.375 159.375 4.91832634178233e-28 0 0 -7.109997233947434e-29
d 0 0 -4.1751897275341493e-28 0 0 -3.1913562382400535e-30 160 160 4.9181119972492291e-28 0 0 -7.1100839678318202e-29
d 0 0 -4.1733100858328055e-28 0 0 -3.2009598380987522e-30 165 165 4.9162932899915393e-28 0 0 -7.1097279740397765e-29
d 0 0 -4.1730757497255186e-28 0 0 -3.2024087545033619e-30 165.625 165.625 4.9160575040134937e-28 0 0 -7.1095971607403831e-29
d 0 0 -4.1729586368856351e-28 0 0 -3.2027776535997807e-30 165.9375 165.9375 4.9159392377190798e-28 0 0 -7.1095278173884129e-29
d 0 0 -4.1728415615351686e-28 0 0 -3.2033533113563536e-30 166.25 166.25 4.9158207642163201e-28 0 0 -7.1094562571228268e-29
d 0 0 -4.1726075255944206e-28 0 0 -3.2045015747228726e-30 166.875 166.875 4.91558331736322e-28 0 0 -7.1093076750506751e-29
d 0 0 -4.1723736470068995e-28 0 0 -3.2056364551513412e-30 167.5 167.5 4.9153454023938301e-28 0 0 -7.1091537408794125e-29
d 0 0 -4.1721399318962707e-28 0 0 -3.2067616566165209e-30 168.125 168.125 4.9151072510335415e-28 0 0 -7.108996698294981e-29
d 0 0 -4.1719063877627929e-28 0 0 -3.2078747428145416e-30 168.75 168.75 4.9148690876952962e-28 0 0 -7.1088387037571916e-29
d 0 0 -4.1716730240083959e-28 0 0 -3.2089830461241255e-30 169.375 169.375 4.9146311289519144e-28 0 0 -7.1086818157604945e-29
d 0 0 -4.1714398527359865e-28 0 0 -3.2100689144549243e-30 170 170 4.9143935828173982e-28 0 0 -7.108527979359347e-29
d 0 0 -4.1712068900149299e-28 0 0 -3.211154346344382e-30 170.625 170.625 4.9141566481882286e-28 0 0 -7.1083790074142786e-29
d 0 0 -4.1710904934570394e-28 0 0 -3.2117226567689967e-30 170.9375 170.9375 4.9140384698541201e-28 0 0 -7.108306870937339e-29
d 0 0 -4.1709741579817204e-28 0 0 -3.2122637191444999e-30 171.25 171.25 4.9139205149665062e-28 0 0 -7.1082365600303114e-29
d 0 0 -4.1708578879044231e-28 0 0 -3.212802794891199e-30 171.5625 171.5625 4.9138028061394481e-28 0 0 -7.1081682549136678e-29
d 0 0 -4.1707416885368186e-28 0 0 -3.2133399156746816e-30 171.875 171.875 4.9136853658086706e-28 0 0 -7.1081021237046826e-29
d 0 0 -4.170625566525942e-28 0 0 -3.2138751182131995e-30 172.1875 172.1875 4.9135682165262022e-28 0 0 -7.1080383218334768e-29
d 0 0 -4.1705095303503755e-28 0 0 -3.2144084462087185e-30 172.5 172.5 4.9134513814178161e-28 0 0 -7.1079769914677973e-29
d 0 0 -4.1703935910692061e-28 0 0 -3.2149399529446486e-30 172.8125 172.8125 4.9133348848991405e-28 0 0 -7.1079182609010297e-29
d 0 0 -4.1702777634950777e-28 0 0 -3.2154697060735519e-30 173.125 173.125 4.9132187538180262e-28 0 0 -7.107862243801899e-29
d 0 0 -4.1701620681145139e-28 0 0 -3.2159977946396291e-30 173.4375 173.4375 4.913103019337326e-28 0 0 -7.1078090381130795e-29
d 0 0 -4.1700465344060937e-28 0 0 -3.2165243420366994e-30 173.75 173.75 4.9129877201883438e-28 0 0 -7.1077587241503325e-29
d 0 0 -4.1699312069745499e-28 0 0 -3.2170495292517132e-30 174.0625 174.0625 4.9128729086673938e-28 0 0 -7.1077113609105619e-29
d 0 0 -4.1698161579208856e-28 0 0 -3.2175736424444644e-30 174.375 174.375 4.9127586626854664e-28 0 0 -7.1076669781978728e-29
d 0 0 -4.1697015148697319e-28 0 0 -3.2180971800298399e-30 174.6875 174.6875 4.9126451129926217e-28 0 0 -7.107625558018715e-29
d 0 0 -4.1695875358401636e-28 0 0 -3.2186211414959553e-30 175 175 4.9125325157849372e-28 0 0 -7.1075869837074233e-29
d 0 0 -4.1694748664263125e-28 0 0 -3.2191480218233484e-30 175.3125 175.3125 4.912421501958217e-28 0 0 -7.1075508637251983e-29
d 0 0 -4.1693658755149882e-28 0 0 -3.2196870236478204e-30 175.625 175.625 4.9123143715543829e-28 0 0 -7.1075156159699383e-29
d 0 0 -4.1691878575891225e-28 0 0 -3.2209143314935427e-30 176.25 176.25 4.9121396947676916e-28 0 0 -7.1074269386749333e-29
d 0 0 -4.1690977670976267e-28 0 0 -3.2215112687665094e-30 176.5625 176.5625 4.9120516409362004e-28 0 0 -7.1073870017268383e-29
d 0 0 -4.1689907190435053e-28 0 0 -3.2220482544338731e-30 176.875 176.875 4.9119474594798116e-28 0 0 -7.1073619030119336e-29
d 0 0 -4.1688785579639928e-28 0 0 -3.2225647045363088e-30 177.1875 177.1875 4.9118386628565758e-28 0 0 -7.1073438905469117e-29
d 0 0 -4.1687648356409429e-28 0 0 -3.2230734412041224e-30 177.5 177.5 4.9117287004219904e-28 0 0 -7.1073306153853615e-29
d 0 0 -4.1686504058836311e-28 0 0 -3.2235775788505017e-30 177.8125 177.8125 4.9116184056505295e-28 0 0 -7.1073215558165186e-29
d 0 0 -4.1685355867531776e-28 0 0 -3.2240782880245996e-30 178.125 178.125 4.9115080922794211e-28 0 0 -7.1073165497175819e-29
d 0 0 -4.1683053170279212e-28 0 0 -3.2250772007647639e-30 178.75 178.75 4.9112879495769717e-28 0 0 -7.107318527604256e-29
d 0 0 -4.1680746120665758e-28 0 0 -3.2260603746945277e-30 179.375 179.375 4.9110688735221651e-28 0 0 -7.1073364816577242e-29
d 0 0 -4.1678437058953596e-28 0 0 -3.2270350623852553e-30 180 180 4.9108511106795476e-28 0 0 -7.1073704439625971e-29
d 0 0 -4.1676127155972301e-28 0 0 -3.2280016589480183e-30 180.625 180.625 4.9106347716380901e-28 0 0 -7.1074202994526671e-29
d 0 0 -4.1673817082550055e-28 0 0 -3.2289602123859035e-30 181.25 181.25 4.9104198858565389e-28 0 0 -7.1074856401879902e-29
d 0 0 -4.1671507260196047e-28 0 0 -3.2299115665819315e-30 181.875 181.875 4.9102064166688826e-28 0 0 -7.1075656554859899e-29
d 0 0 -4.1670352535403277e-28 0 0 -3.2303811310366221e-30 182.1875 182.1875 4.910100184870271e-28 0 0 -7.1076107840104491e-29
d 0 0 -4.1669197972343111e-28 0 0 -3.2308523839673386e-30 182.5 182.5 4.9099942656556352e-28 0 0 -7.107659060301521e-29
d 0 0 -4.1668043593924272e-28 0 0 -3.2313218266741772e-30 182.8125 182.8125 4.9098886376737974e-28 0 0 -7.107710246226216e-29
d 0 0 -4.1666889419877653e-28 0 0 -3.2317894727377911e-30 183.125 183.125 4.9097832763505186e-28 0 0 -7.1077640747148579e-29
d 0 0 -4.1664581751376675e-28 0 0 -3.2326600384040829e-30 183.75 183.75 4.9095732413174818e-28 0 0 -7.1078784633985136e-29
d 0 0 -4.1662275080715401e-28 0 0 -3.2335155677600975e-30 184.375 184.375 4.9093639138002656e-28 0 0 -7.107999633731121e-29
d 0 0 -4.1659969497885048e-28 0 0 -3.2345595686290679e-30 185 185 4.9091550231859471e-28 0 0 -7.1081247792860085e-29
d 0 0 -4.1641570821617592e-28 0 0 -3.2415793135925254e-30 190 190 4.9074710509979794e-28 0 0 -7.1089753929242851e-29
d 0 0 -4.1640423888792894e-28 0 0 -3.2419811700766585e-30 190.3125 190.3125 4.9073639813949072e-28 0 0 -7.1090087134616902e-29
d 0 0 -4.1639277330772874e-28 0 0 -3.242429104154494e-30 190.625 190.625 4.9072566391976556e-28 0 0 -7.10903908662109e-29
d 0 0 -4.1638131151009443e-28 0 0 -3.2428728630514435e-30 190.9375 190.9375 4.9071490217232315e-28 0 0 -7.1090664811950409e-29
d 0 0 -4.1636985352922459e-28 0 0 -3.2433122191602799e-30 191.25 191.25 4.9070411271269533e-28 0 0 -7.1090908743465626e-29
d 0 0 -4.163583993991466e-28 0 0 -3.2437472097555416e-30 191.5625 191.5625 4.9069329542763322e-28 0 0 -7.1091122503802559e-29
d 0 0 -4.1634694915386471e-28 0 0 -3.2441779587556296e-30 191.875 191.875 4.9068245026527981e-28 0 0 -7.1091305997443997e-29
d 0 0 -4.16335502827509e-28 0 0 -3.2446152451994848e-30 192.1875 192.1875 4.9067157722792059e-28 0 0 -7.1091459182781295e-29
d 0 0 -4.1632406045448683e-28 0 0 -3.2450283046563849e-30 192.5 192.5 4.9066067636571102e-28 0 0 -7.1091582066315931e-29
d 0 0 -4.1631262206963892e-28 0 0 -3.2454486683956224e-30 192.8125 192.8125 4.9064974777592461e-28 0 0 -7.1091674700489088e-29
d 0 0 -4.1630118770840301e-28 0 0 -3.2458663488740654e-30 193.125 193.125 4.9063879159972346e-28 0 0 -7.109173718154255e-29
d 0 0 -4.1628975740698659e-28 0 0 -3.2462816959781325e-30 193.4375 193.4375 4.9062780802398716e-28 0 0 -7.1091769650540842e-29
d 0 0 -4.1627833120255245e-28 0 0 -3.2461100240669456e-30 193.75 193.75 4.9061679727757604e-28 0 0 -7.1091772295206389e-29
d 0 0 -4.1626690913341958e-28 0 0 -3.2465958350479621e-30 194.0625 194.0625 4.906057596566151e-28 0 0 -7.109174535289886e-29
d 0 0 -4.1625549123928263e-28 0 0 -3.2470970546771974e-30 194.375 194.375 4.9059469549686629e-28 0 0 -7.1091689114279564e-29
d 0 0 -4.1624407756145492e-28 0 0 -3.2475996478093089e-30 194.6875 194.6875 4.9058360519674814e-28 0 0 -7.1091603927296782e-29
d 0 0 -4.1623266814313903e-28 0 0 -3.2480927960842867e-30 195 195 4.9057248921802989e-28 0 0 -7.1091490201141034e-29
d 0 0 -4.1622126302973113e-28 0 0 -3.2485705756335604e-30 195.3125 195.3125 4.9056134808970328e-28 0 0 -7.1091348409846915e-29
d 0 0 -4.1620986226916539e-28 0 0 -3.2490311927280884e-30 195.625 195.625 4.9055018241126198e-28 0 0 -7.1091179095257318e-29
d 0 0 -4.1619846591230684e-28 0 0 -3.249475551069279e-30 195.9375 195.9375 4.905389928551656e-28 0 0 -7.1090982869114961e-29
d 0 0 -4.16187074013403e-28 0 0 -3.2499055104519259e-30 196.25 196.25 4.9052778016831151e-28 0 0 -7.109076041410073e-29
d 0 0 -4.1616430382657761e-28 0 0 -3.2507472423003252e-30 196.875 196.875 4.9050528876359912e-28 0 0 -7.1090239900814339e-29
d 0 0 -4.161415522324388e-28 0 0 -3.2515404703237067e-30 197.5 197.5 4.9048271564687605e-28 0 0 -7.1089624399455402e-29
d 0 0 -4.1611881985299699e-28 0 0 -3.252327928668359e-30 198.125 198.125 4.9046006936913878e-28 0 0 -7.1088921752885243e-29
d 0 0 -4.1610746109851794e-28 0 0 -3.2520579709925981e-30 198.4375 198.4375 4.904487217242787e-28 0 0 -7.1088540433019458e-29
d 0 0 -4.1609610744420819e-28 0 0 -3.2526200661425457e-30 198.75 198.75 4.9043735943687296e-28 0 0 -7.1088140630812228e-29
d 0 0 -4.1608475901397947e-28 0 0 -3.2531506224784304e-30 199.0625 199.0625 4.9042598380600585e-28 0 0 -7.1087723522118317e-29
d 0 0 -4.1607341594791714e-28 0 0 -3.2536498874863458e-30 199.375 199.375 4.9041459618158939e-28 0 0 -7.1087290304336423e-29
d 0 0 -4.16062078405547e-28 0 0 -3.2541168436229765e-30 199.6875 199.6875 4.9040319794628357e-28 0 0 -7.1086842187930714e-29
d 0 0 -4.1605074656994051e-28 0 0 -3.2545629357645899e-30 200 200 4.9039179051322834e-28 0 0 -7.108638038795219e-29
d 0 0 -4.1603942065293122e-28 0 0 -3.2549890144702909e-30 200.3125 200.3125 4.9038037532116701e-28 0 0 -7.1085906115706079e-29
d 0 0 -4.1602810090181839e-28 0 0 -3.2553998133149094e-30 200.625 200.625 4.9036895383360511e-28 0 0 -7.1085420570696849e-29
d 0 0 -4.1601678760809013e-28 0 0 -3.2557993828461103e-30 200.9375 200.9375 4.9035752754039968e-28 0 0 -7.1084924932959339e-29
d 0 0 -4.1600548111893332e-28 0 0 -3.2561909284767411e-30 201.25 201.25 4.9034609796316964e-28 0 0 -7.1084420355860711e-29
d 0 0 -4.1599418185264985e-28 0 0 -3.256576836119104e-30 201.5625 201.5625 4.9033466666363088e-28 0 0 -7.1083907959428809e-29
d 0 0 -4.1598289031965145e-28 0 0 -3.2569588289328638e-30 201.875 201.875 4.90323235259494e-28 0 0 -7.108338882422612e-29
d 0 0 -4.1597160715158447e-28 0 0 -3.2573380713918457e-30 202.1875 202.1875 4.9031180544946825e-28 0 0 -7.1082863985739388e-29
d 0 0 -4.1596033314256433e-28 0 0 -3.2577153483627877e-30 202.5 202.5 4.903003790509675e-28 0 0 -7.1082334429185902e-29
d 0 0 -4.1594906930889493e-28 0 0 -3.2572534545418174e-30 202.8125 202.8125 4.902889580404572e-28 0 0 -7.1081801084530191e-29
d 0 0 -4.1593781697776276e-28 0 0 -3.2578316322153482e-30 203.125 203.125 4.902775447084686e-28 0 0 -7.1081264821332749e-29
d 0 0 -4.1592657792267107e-28 0 0 -3.2583631191330071e-30 203.4375 203.4375 4.9026614168892758e-28 0 0 -7.1080726442757084e-29
d 0 0 -4.1591535457658376e-28 0 0 -3.2588599693689619e-30 203.75 203.75 4.902547522448844e-28 0 0 -7.1080186677538037e-29
d 0 0 -4.1590415037817848e-28 0 0 -3.2593288393757764e-30 204.0625 204.0625 4.9024338059791653e-28 0 0 -7.107964616775497e-29
d 0 0 -4.1589297035188302e-28 0 0 -3.2597748454594178e-30 204.375 204.375 4.9023203251042084e-28 0 0 -7.1079105448482289e-29
d 0 0 -4.1588182210227303e-28 0 0 -3.2602025593005631e-30 204.6875 204.6875 4.9022071628335267e-28 0 0 -7.107856491224404e-29
d 0 0 -4.1587071751823167e-28 0 0 -3.2606162267532696e-30 205 205 4.9020944446473961e-28 0 0 -7.1078024746558241e-29
d 0 0 -4.1585967552803781e-28 0 0 -3.2610198271710233e-30 205.3125 205.3125 4.9019823660960199e-28 0 0 -7.1077484830352771e-29
d 0 0 -4.1584872598344519e-28 0 0 -3.2614172090169898e-30 205.625 205.625 4.9018712316743898e-28 0 0 -7.1076944583172564e-29
d 0 0 -4.1583791717504169e-28 0 0 -3.2618124341017251e-30 205.9375 205.9375 4.9017615299972799e-28 0 0 -7.1076402666147128e-29
d 0 0 -4.1582736048108236e-28 0 0 -3.2622116586319219e-30 206.25 206.25 4.9016543806323278e-28 0 0 -7.1075855246606881e-29
d 0 0 -4.1581739668496605e-28 0 0 -3.2626294798379394e-30 206.5625 206.5625 4.9015531983797155e-28 0 0 -7.1075289541819319e-29
d 0 0 -4.158078999643213e-28 0 0 -3.263061599594367e-30 206.875 206.875 4.901456726051119e-28 0 0 -7.1074710618343475e-29
d 0 0 -4.1579902490494468e-28 0 0 -3.2635162561409617e-30 207.1875 207.1875 4.9013665574104293e-28 0 0 -7.1074116263719336e-29
d 0 0 -4.1579059412946367e-28 0 0 -3.264086007403755e-30 207.5 207.5 4.9012853165857038e-28 0 0 -7.1073854083767446e-29
d 0 0 -4.157845800643297e-28 0 0 -3.2763404777145774e-30 207.8125 207.8125 4.9017419099801322e-28 0 0 -7.1113273547723315e-29
d 0 0 -4.1577997135689957e-28 0 0 -3.2967371678971325e-30 208.125 208.125 4.9025702509985847e-28 0 0 -7.1180319870855906e-29
d 0 0 -4.1577204074513572e-28 0 0 -3.2977381139530147e-30 208.4375 208.4375 4.9025116142910165e-28 0 0 -7.118138585076248e-29
d 0 0 -4.157640387120008e-28 0 0 -3.2983012607559471e-30 208.75 208.75 4.902433393958332e-28 0 0 -7.1181002558405827e-29
d 0 0 -4.157560278991756e-28 0 0 -3.2981768815981196e-30 209.0625 209.0625 4.902352362437867e-28 0 0 -7.1180413188134341e-29
d 0 0 -4.1574801886013784e-28 0 0 -3.2987673943436214e-30 209.375 209.375 4.9022713530902835e-28 0 0 -7.117982679858734e-29
d 0 0 -4.1574001171705342e-28 0 0 -3.2993373042734794e-30 209.6875 209.6875 4.9021904003252315e-28 0 0 -7.117924600879643e-29
d 0 0 -4.1573200648215599e-28 0 0 -3.2998916285193873e-30 210 210 4.9021095093621188e-28 0 0 -7.1178671269364848e-29
d 0 0 -4.1572400316585713e-28 0 0 -3.3004335037391676e-30 210.3125 210.3125 4.9020286849844286e-28 0 0 -7.1178103000105001e-29
d 0 0 -4.157160017776099e-28 0 0 -3.3009650712314538e-30 210.625 210.625 4.9019479317646044e-28 0 0 -7.1177541606478867e-29
d 0 0 -4.1570800232610297e-28 0 0 -3.3014878763358112e-30 210.9375 210.9375 4.9018672541071897e-28 0 0 -7.1176987482569162e-29
d 0 0 -4.1570000481940801e-28 0 0 -3.3020031172083747e-30 211.25 211.25 4.9017866562772042e-28 0 0 -7.1176441012900682e-29
d 0 0 -4.1569200926509506e-28 0 0 -3.3025117660778849e-30 211.5625 211.5625 4.9017061424179571e-28 0 0 -7.1175902573427915e-29
d 0 0 -4.1568401567032327e-28 0 0 -3.303014625905502e-30 211.875 211.875 4.9016257165607154e-28 0 0 -7.1175372531875513e-29
d 0 0 -4.1567602404191546e-28 0 0 -3.3035123836160996e-30 212.1875 212.1875 4.9015453826281149e-28 0 0 -7.1174851247577174e-29
d 0 0 -4.1566803438641696e-28 0 0 -3.3040056183679998e-30 212.5 212.5 4.9014651444327986e-28 0 0 -7.1174339070933532e-29
d 0 0 -4.1566004671014578e-28 0 0 -3.3044948310391776e-30 212.8125 212.8125 4.9013850056725558e-28 0 0 -7.1173836342593663e-29
d 0 0 -4.1565206101923309e-28 0 0 -3.3049804546754554e-30 213.125 213.125 4.9013049699230716e-28 0 0 -7.1173343392455624e-29
d 0 0 -4.1564407731965862e-28 0 0 -3.305462856153013e-30 213.4375 213.4375 4.9012250406293197e-28 0 0 -7.1172860538576498e-29
d 0 0 -4.1563609561727973e-28 0 0 -3.3059423582411359e-30 213.75 213.75 4.9011452210965681e-28 0 0 -7.1172388086079902e-29
d 0 0 -4.1562811591785733e-28 0 0 -3.3064192358190695e-30 214.0625 214.0625 4.9010655144819426e-28 0 0 -7.1171926326148392e-29
d 0 0 -4.1562013822707838e-28 0 0 -3.3068937271218258e-30 214.375 214.375 4.9009859237874865e-28 0 0 -7.1171475535188101e-29
d 0 0 -4.1561216255057526e-28 0 0 -3.3073660395799871e-30 214.6875 214.6875 4.900906451855624e-28 0 0 -7.1171035974253119e-29
d 0 0 -4.1560418889394392e-28 0 0 -3.3078363529288778e-30 215 215 4.9008271013679418e-28 0 0 -7.1170607888816948e-29
d 0 0 -4.155962172627597e-28 0 0 -3.308304823924033e-30 215.3125 215.3125 4.9007478748481753e-28 0 0 -7.1170191508976921e-29
d 0 0 -4.1558824766259182e-28 0 0 -3.3087715885622318e-30 215.625 215.625 4.9006687746702549e-28 0 0 -7.1169787050175412e-29
d 0 0 -4.1558028009901723e-28 0 0 -3.3092367675536648e-30 215.9375 215.9375 4.9005898030722441e-28 0 0 -7.1169394714517843e-29
d 0 0 -4.1557231457763287e-28 0 0 -3.3097004658615621e-30 216.25 216.25 4.9005109621769033e-28 0 0 -7.1169014692761785e-29
d 0 0 -4.1556435110406789e-28 0 0 -3.312184819108531e-30 216.5625 216.5625 4.9004322550686881e-28 0 0 -7.1168647167044694e-29
d 0 0 -4.1555638968399473e-28 0 0 -3.3127290490881335e-30 216.875 216.875 4.9003536816812797e-28 0 0 -7.1168292314408838e-29
d 0 0 -4.1554843032314002e-28 0 0 -3.3132732706574123e-30 217.1875 217.1875 4.9002752449930638e-28 0 0 -7.1167950311171218e-29
d 0 0 -4.1554047302729532e-28 0 0 -3.3138175190068808e-30 217.5 217.5 4.9001969470260813e-28 0 0 -7.1167621338175374e-29
d 0 0 -4.1553251780232698e-28 0 0 -3.3143618177883734e-30 217.8125 217.8125 4.9001187899100395e-28 0 0 -7.1167305586948002e-29
d 0 0 -4.1552456465418654e-28 0 0 -3.3149061858060354e-30 218.125 218.125 4.900040775953455e-28 0 0 -7.1167003266770538e-29
d 0 0 -4.1551661358892054e-28 0 0 -3.3154506312446248e-30 218.4375 218.4375 4.8999629077238779e-28 0 0 -7.1166714612661451e-29
d 0 0 -4.1550866461268024e-28 0 0 -3.315995159746411e-30 218.75 218.75 4.8998851881370322e-28 0 0 -7.1166439894251564e-29
d 0 0 -4.1550071773173217e-28 0 0 -3.3165397697153459e-30 219.0625 219.0625 4.8998076205545501e-28 0 0 -7.1166179425521504e-29
d 0 0 -4.1549277295246714e-28 0 0 -3.3170844527178794e-30 219.375 219.375 4.8997302088898756e-28 0 0 -7.1165933575358463e-29
d 0 0 -4.1548483028141148e-28 0 0 -3.3176291979698769e-30 219.6875 219.6875 4.899652957721827e-28 0 0 -7.1165702778878875e-29
d 0 0 -4.1547688972523645e-28 0 0 -3.3181739883974955e-30 220 220 4.8995758724151632e-28 0 0 -7.1165487549455216e-29
d 0 0 -4.1546895129076917e-28 0 0 -3.3187188047236952e-30 220.3125 220.3125 4.8994989592475031e-28 0 0 -7.1165288491378267e-29
d 0 0 -4.154610149850035e-28 0 0 -3.3192636226818344e-30 220.625 220.625 4.8994222255418423e-28 0 0 -7.1165106313081742e-29
d 0 0 -4.1545308081511111e-28 0 0 -3.3198084150126553e-30 220.9375 220.9375 4.8993456798039253e-28 0 0 -7.116494184085377e-29
d 0 0 -4.1544514878845302e-28 0 0 -3.320353152133161e-30 221.25 221.25 4.8992693318637062e-28 0 0 -7.1164796032958897e-29
d 0 0 -4.1543721891259185e-28 0 0 -3.3208978010728066e-30 221.5625 221.5625 4.8991931930201355e-28 0 0 -7.1164669994095039e-29
d 0 0 -4.1542929119530446e-28 0 0 -3.3214423272712498e-30 221.875 221.875 4.8991172761885495e-28 0 0 -7.116456499011151e-29
d 0 0 -4.1542136564459508e-28 0 0 -3.3219866946048911e-30 222.1875 222.1875 4.8990415960499158e-28 0 0 -7.1164482462916035e-29
d 0 0 -4.1541344226870952e-28 0 0 -3.3225308632550681e-30 222.5 222.5 4.8989661692012555e-28 0 0 -7.1164424045500164e-29
d 0 0 -4.1540552107615001e-28 0 0 -3.3230747932736881e-30 222.8125 222.8125 4.8988910143065182e-28 0 0 -7.1164391577012662e-29
d 0 0 -4.1539760207569089e-28 0 0 -3.323618442430118e-30 223.125 223.125 4.8988161522471934e-28 0 0 -7.1164387117808391e-29
d 0 0 -4.153896852763957e-28 0 0 -3.3241617686567505e-30 223.4375 223.4375 4.8987416062718755e-28 0 0 -7.1164412964395091e-29
d 0 0 -4.1538177068763542e-28 0 0 -3.3247047284849958e-30 223.75 223.75 4.8986674021439323e-28 0 0 -7.1164471664191784e-29
d 0 0 -4.1537385831910822e-28 0 0 -3.3252472755789118e-30 224.0625 224.0625 4.8985935682862526e-28 0 0 -7.1164566029998532e-29
d 0 0 -4.153659481808603e-28 0 0 -3.3257893670127884e-30 224.375 224.375 4.8985201359219105e-28 0 0 -7.1164699154058157e-29
d 0 0 -4.1535804028330988e-28 0 0 -3.3263309567626099e-30 224.6875 224.6875 4.898447139209264e-28 0 0 -7.1164874421565003e-29
d 0 0 -4.1535013463727212e-28 0 0 -3.3268719983232937e-30 225 225 4.8983746153697473e-28 0 0 -7.1165095523443544e-29
d 0 0 -4.1534223125398752e-28 0 0 -3.3274124474566173e-30 225.3125 225.3125 4.8983026048061718e-28 0 0 -7.1165366468179446e-29
d 0 0 -4.1533433014515267e-28 0 0 -3.3279522578584981e-30 225.625 225.625 4.8982311512088891e-28 0 0 -7.1165691592438701e-29
d 0 0 -4.1532643132295521e-28 0 0 -3.3284913847318014e-30 225.9375 225.9375 4.8981603016466447e-28 0 0 -7.1166075570154839e-29
d 0 0 -4.153185348001115e-28 0 0 -3.329029783168459e-30 226.25 226.25 4.8980901066382652e-28 0 0 -7.116652341970117e-29
d 0 0 -4.1531064058991068e-28 0 0 -3.329567409507518e-30 226.5625 226.5625 4.8980206202006899e-28 0 0 -7.1167040508695017e-29
d 0 0 -4.1530274870626226e-28 0 0 -3.3301042189981478e-30 226.875 226.875 4.8979518998680258e-28 0 0 -7.116763255590411e-29
d 0 0 -4.1529485916375138e-28 0 0 -3.3306401694065431e-30 227.1875 227.1875 4.8978840066755562e-28 0 0 -7.1168305629644119e-29
d 0 0 -4.1528697197770086e-28 0 0 -3.3311752189862409e-30 227.5 227.5 4.8978170051017317e-28 0 0 -7.1169066141971667e-29
d 0 0 -4.1527908716424111e-28 0 0 -3.3317235059291382e-30 227.8125 227.8125 4.8977509629698734e-28 0 0 -7.1169920837893376e-29
d 0 0 -4.15271204740391e-28 0 0 -3.3300027580125585e-30 228.125 228.125 4.897685949800276e-28 0 0 -7.1170876778730587e-29
d 0 0 -4.1526332472414914e-28 0 0 -3.3268580876655344e-30 228.4375 228.4375 4.8976220402876103e-28 0 0 -7.1171941318707565e-29
d 0 0 -4.1525544713459946e-28 0 0 -3.327285092189608e-30 228.75 228.75 4.8975593136970562e-28 0 0 -7.1173122073774451e-29
d 0 0 -4.1524757199203169e-28 0 0 -3.3277117689147134e-30 229.0625 229.0625 4.8974978467504328e-28 0 0 -7.1174426881640319e-29
d 0 0 -4.1523969931808053e-28 0 0 -3.3281381378922678e-30 229.375 229.375 4.8974377199429803e-28 0 0 -7.1175863751986746e-29
d 0 0 -4.152318291358861e-28 0 0 -3.3284980037149823e-30 229.6875 229.6875 4.8973790148568109e-28 0 0 -7.1177440805868742e-29
d 0 0 -4.1522396147027986e-28 0 0 -3.3289198890605529e-30 230 230 4.8973218135802767e-28 0 0 -7.1179166203395471e-29
d 0 0 -4.1520823379794355e-28 0 0 -3.329896582934226e-30 230.625 230.625 4.897212247298089e-28 0 0 -7.1183094343283584e-29
d 0 0 -4.1520037385145604e-28 0 0 -3.3339887302391271e-30 230.9375 230.9375 4.8971600421244629e-28 0 0 -7.1185312772632484e-29
d 0 0 -4.1519251654267734e-28 0 0 -3.3358857873072787e-30 231.25 231.25 4.8971096527405317e-28 0 0 -7.11877106843846e-29
d 0 0 -4.1518466190894342e-28 0 0 -3.3364218666668378e-30 231.5625 231.5625 4.8970611481819158e-28 0 0 -7.1190294900567487e-29
d 0 0 -4.1517680999139245e-28 0 0 -3.3369294833857911e-30 231.875 231.875 4.8970145914036012e-28 0 0 -7.1193071576856497e-29
d 0 0 -4.1516896083525548e-28 0 0 -3.3374363252595338e-30 232.1875 232.1875 4.8969700363715538e-28 0 0 -7.1196046052136974e-29
d 0 0 -4.151611144904964e-28 0 0 -3.3323484655012465e-30 232.5 232.5 4.896927523865473e-28 0 0 -7.1199222685493577e-29
d 0 0 -4.151532710127565e-28 0 0 -3.3376971689730935e-30 232.8125 232.8125 4.8968870962371658e-28 0 0 -7.1202604685815239e-29
d 0 0 -4.1514543046431754e-28 0 0 -3.3381949266977727e-30 233.125 233.125 4.8968487639272142e-28 0 0 -7.1206193945879866e-29
d 0 0 -4.1513759291425452e-28 0 0 -3.3386920007632974e-30 233.4375 233.4375 4.8968125347192641e-28 0 0 -7.1209990890173731e-29
d 0 0 -4.1512975842698423e-28 0 0 -3.3391882501951974e-30 233.75 233.75 4.8967783973255626e-28 0 0 -7.1213994426202816e-29
d 0 0 -4.151140990516251e-28 0 0 -3.3345396471080696e-30 234.375 234.375 4.8967162612228349e-28 0 0 -7.1222607271821609e-29
d 0 0 -4.1509845324912129e-28 0 0 -3.3357514744783699e-30 235 235 4.8966619060885554e-28 0 0 -7.1231985880067491e-29
d 0 0 -4.1497429303178818e-28 0 0 -3.3423440731515173e-30 240 240 4.8963683765395701e-28 0 0 -7.1320200298120991e-29
d 0 0 -4.1496682952427306e-28 0 0 -3.3425398196035913e-30 240.3125 240.3125 4.896350361941237e-28 0 0 -7.1325454109894542e-29
d 0 0 -4.1495986594368436e-28 0 0 -3.3429622257195913e-30 240.625 240.625 4.8963358212411038e-28 0 0 -7.1330555528738428e-29
d 0 0 -4.1494872419496592e-28 0 0 -3.3439768824972971e-30 241.25 241.25 4.8963290784011519e-28 0 0 -7.1340206866073892e-29
d 0 0 -4.1493444313971163e-28 0 0 -3.3447962101883364e-30 241.875 241.875 4.8962856952105066e-28 0 0 -7.1349337464768142e-29
d 0 0 -4.1491919329552434e-28 0 0 -3.3454783903773673e-30 242.5 242.5 4.8962261838790697e-28 0 0 -7.1357826738492333e-29
d 0 0 -4.1490379088239303e-28 0 0 -3.3463010897190154e-30 243.125 243.125 4.8961582311165262e-28 0 0 -7.1365626918997184e-29
d 0 0 -4.1488833261103003e-28 0 0 -3.3470470043544433e-30 243.75 243.75 4.8960827962260091e-28 0 0 -7.1372737286626601e-29
d 0 0 -4.1487284835320116e-28 0 0 -3.3488406342462131e-30 244.375 244.375 4.8960003457172969e-28 0 0 -7.1379174638452975e-29
d 0 0 -4.1485735117458128e-28 0 0 -3.3484390290586032e-30 245 245 4.8959112893454869e-28 0 0 -7.138496711987391e-29
d 0 0 -4.1484184794229598e-28 0 0 -3.3495890267609146e-30 245.625 245.625 4.895816051468845e-28 0 0 -7.1390150154477777e-29
d 0 0 -4.1482634270738469e-28 0 0 -3.3503585382425879e-30 246.25 246.25 4.8957150678636995e-28 0 0 -7.1394763432394383e-29
d 0 0 -4.1481083805839688e-28 0 0 -3.3511490115053801e-30 246.875 246.875 4.8956087824533152e-28 0 0 -7.1398848784208187e-29
d 0 0 -4.1479533574961399e-28 0 0 -3.3519345999731283e-30 247.5 247.5 4.8954976381732791e-28 0 0 -7.1402448793477207e-29
d 0 0 -4.1477983702503717e-28 0 0 -3.3571758049432926e-30 248.125 248.125 4.8953820748300842e-28 0 0 -7.1405605964991295e-29
d 0 0 -4.1476434279926346e-28 0 0 -3.3543276166341997e-30 248.75 248.75 4.8952625132783117e-28 0 0 -7.140836225645063e-29
d 0 0 -4.1474885376493474e-28 0 0 -3.3540271416205159e-30 249.375 249.375 4.8951393779806194e-28 0 0 -7.1410758803878315e-29
d 0 0 -4.1473337045985116e-28 0 0 -3.354920154285119e-30 250 250 4.8950130743225728e-28 0 0 -7.1412835713966685e-29
d 0 0 -4.1471789331067398e-28 0 0 -3.3558755803034555e-30 250.625 250.625 4.894883994336413e-28 0 0 -7.1414631845051808e-29
d 0 0 -4.1470242266241104e-28 0 0 -3.3564071042112235e-30 251.25 251.25 4.8947525145287439e-28 0 0 -7.1416184541031785e-29
d 0 0 -4.1468695879893016e-28 0 0 -3.357413365451741e-30 251.875 251.875 4.8946189932774471e-28 0 0 -7.1417529313208063e-29
d 0 0 -4.1467150195762475e-28 0 0 -3.3581278294986022e-30 252.5 252.5 4.8944837657061936e-28 0 0 -7.1418699482901674e-29
d 0 0 -4.1465605234015606e-28 0 0 -3.3589361753972203e-30 253.125 253.125 4.8943471415932711e-28 0 0 -7.1419725805483509e-29
d 0 0 -4.146406101204937e-28 0 0 -3.3596938342129503e-30 253.75 253.75 4.8942094007925178e-28 0 0 -7.1420636098289569e-29
d 0 0 -4.146251754510533e-28 0 0 -3.3604648311933971e-30 254.375 254.375 4.8940707902418738e-28 0 0 -7.1421454894569276e-29
d 0 0 -4.1460974846745767e-28 0 0 -3.3612142885554357e-30 255 255 4.8939315208576559e-28 0 0 -7.142220314557433e-29
d 0 0 -4.1448662240023831e-28 0 0 -3.3670985677670162e-30 260 260 4.8928063627974314e-28 0 0 -7.1426906566566004e-29
d 0 0 -4.1436404564930292e-28 0 0 -3.3728283140630222e-30 265 265 4.8916565564203185e-28 0 0 -7.1428781541176718e-29
d 0 0 -4.1435640396408581e-28 0 0 -3.3731898708257041e-30 265.3125 265.3125 4.8915833306160136e-28 0 0 -7.142874903937959e-29
d 0 0 -4.1434876464128116e-28 0 0 -3.3735412060276229e-30 265.625 265.625 4.8915099348831505e-28 0 0 -7.1428697870919384e-29
d 0 0 -4.1433349315029643e-28 0 0 -3.3742307597002122e-30 266.25 266.25 4.8913626427022015e-28 0 0 -7.1428540363350748e-29
d 0 0 -4.1431823131979552e-28 0 0 -3.3749278030950379e-30 266.875 266.875 4.8912147035956636e-28 0 0 -7.1428311226393686e-29
d 0 0 -4.1430297930952887e-28 0 0 -3.3756223831961166e-30 267.5 267.5 4.891066148769955e-28 0 0 -7.1428013402754044e-29
d 0 0 -4.1428773729972283e-28 0 0 -3.3763406784129814e-30 268.125 268.125 4.8909170150427493e-28 0 0 -7.1427650375734008e-29
d 0 0 -4.1427250549644881e-28 0 0 -3.3770208226694724e-30 268.75 268.75 4.8907673432122905e-28 0 0 -7.1427225998726884e-29
d 0 0 -4.1425728413863533e-28 0 0 -3.3776896640080358e-30 269.375 269.375 4.8906171766792412e-28 0 0 -7.1426744354479724e-29
d 0 0 -4.142420735073704e-28 0 0 -3.3783728614961273e-30 270 270 4.8904665604686635e-28 0 0 -7.1426209645744731e-29
d 0 0 -4.1422687393846011e-28 0 0 -3.3790558376549472e-30 270.625 270.625 4.8903155405713418e-28 0 0 -7.1425626115793651e-29
d 0 0 -4.1421168583971208e-28 0 0 -3.3797324023953135e-30 271.25 271.25 4.8901641635639285e-28 0 0 -7.1424997995325678e-29
d 0 0 -4.1419650971523395e-28 0 0 -3.3804096681604376e-30 271.875 271.875 4.890012476563563e-28 0 0 -7.1424329471333463e-29
d 0 0 -4.1418134620041892e-28 0 0 -3.381083883179679e-30 272.5 272.5 4.8898605274206518e-28 0 0 -7.142362467324353e-29
d 0 0 -4.1416619611369131e-28 0 0 -3.3817534142802494e-30 273.125 273.125 4.889708365238369e-28 0 0 -7.1422887671877637e-29
d 0 0 -4.141510605354057e-28 0 0 -3.3824382265608346e-30 273.75 273.75 4.8895560412568976e-28 0 0 -7.1422122487291322e-29
d 0 0 -4.1413594093240085e-28 0 0 -3.3830889511804605e-30 274.375 274.375 4.8894036101791709e-28 0 0 -7.1421333102192661e-29
d 0 0 -4.1412083936254935e-28 0 0 -3.3837536272555266e-30 275 275 4.889251132491478e-28 0 0 -7.1420523478341103e-29
d 0 0 -4.1410575882601858e-28 0 0 -3.3844115462259583e-30 275.625 275.625 4.8890986780699834e-28 0 0 -7.1419697574054485e-29
d 0 0 -4.1409070389857848e-28 0 0 -3.385071378122706e-30 276.25 276.25 4.8889463327653394e-28 0 0 -7.1418859361779902e-29
d 0 0 -4.1407568192912689e-28 0 0 -3.3857301276902421e-30 276.875 276.875 4.8887942105894803e-28 0 0 -7.1418012845796134e-29
d 0 0 -4.1406070536640539e-28 0 0 -3.3863892446100624e-30 277.5 277.5 4.8886424772820586e-28 0 0 -7.1417162081602131e-29
d 0 0 -4.1404579598314864e-28 0 0 -3.3870319778459423e-30 278.125 278.125 4.8884913929516165e-28 0 0 -7.1416311197784109e-29
d 0 0 -4.1403098928682103e-28 0 0 -3.3876888108483665e-30 278.75 278.75 4.8883413564844513e-28 0 0 -7.1415464396872318e-29
d 0 0 -4.1401632770341603e-28 0 0 -3.3883301846420886e-30 279.375 279.375 4.8881928359822082e-28 0 0 -7.1414625835360941e-29
d 0 0 -4.1400187578915716e-28 0 0 -3.3889777987054959e-30 280 280 4.8880465217392145e-28 0 0 -7.1413799600371842e-29
d 0 0 -4.1391867398073973e-28 0 0 -3.4131236982597745e-30 285 285 4.8890668954692735e-28 0 0 -7.1574892132192548e-29
d 0 0 -4.1383753178146393e-28 0 0 -3.4183593007131648e-30 290 290 4.8882655997953721e-28 0 0 -7.1570668889383337e-29
d 0 0 -4.1382741347828944e-28 0 0 -3.418966505348478e-30 290.625 290.625 4.8881665198708202e-28 0 0 -7.1570237448746563e-29
d 0 0 -4.1381730183695707e-28 0 0 -3.4196405034696633e-30 291.25 291.25 4.8880676430482697e-28 0 0 -7.1569822332635068e-29
d 0 0 -4.1380719753859493e-28 0 0 -3.4202781642222455e-30 291.875 291.875 4.8879689512415679e-28 0 0 -7.1569421035335635e-29
d 0 0 -4.1379710151455817e-28 0 0 -3.4209122242700304e-30 292.5 292.5 4.8878704264310452e-28 0 0 -7.1569030806323879e-29
d 0 0 -4.1375684020577154e-28 0 0 -3.4234185264552895e-30 295 295 4.8874777976512384e-28 0 0 -7.1567520958919387e-29
d 0 0 -4.1371860869592055e-28 0 0 -3.4258333110635236e-30 297.5 297.5 4.8871042120264716e-28 0 0 -7.1565979175312363e-29
d 0 0 -4.1368133377076421e-28 0 0 -3.4281915958346249e-30 300 300 4.8867378443514677e-28 0 0 -7.1564260523761853e-29
d 0 0 -4.1364120167213089e-28 0 0 -3.4305975066551853e-30 302.5 302.5 4.8863400714823061e-28 0 0 -7.1562208276796199e-29
d 0 0 -4.1360101077532386e-28 0 0 -3.4329751361315526e-30 305 305 4.8859383652695142e-28 0 0 -7.1559850847207401e-29
d 0 0 -4.1352070501801302e-28 0 0 -3.4376401811373495e-30 310 310 4.8851272722297797e-28 0 0 -7.1554382022202899e-29
d 0 0 -4.1344059523314611e-28 0 0 -3.4421903370841322e-30 315 315 4.884310587995113e-28 0 0 -7.1548273229186692e-29
d 0 0 -4.1340062776191575e-28 0 0 -3.4444246161883605e-30 317.5 317.5 4.8839015284850119e-28 0 0 -7.1545100657469754e-29
d 0 0 -4.1336072295082411e-28 0 0 -3.4466325988925752e-30 320 320 4.8834925761475877e-28 0 0 -7.1541902369951308e-29
d 0 0 -4.1332088371623986e-28 0 0 -3.4488147093698759e-30 322.5 322.5 4.8830841079758245e-28 0 0 -7.1538712407048368e-29
d 0 0 -4.1328111327922153e-28 0 0 -3.4509728389107471e-30 325 325 4.8826764617322856e-28 0 0 -7.153556066213184e-29
d 0 0 -4.1324141580098477e-28 0 0 -3.4531057770705324e-30 327.5 327.5 4.8822699382123641e-28 0 0 -7.1532472498823712e-29
d 0 0 -4.1323150349412031e-28 0 0 -3.4536353416085265e-30 328.125 328.125 4.8821685147803153e-28 0 0 -7.1531712881424464e-29
d 0 0 -4.1322159625064602e-28 0 0 -3.4541620676852509e-30 328.75 328.75 4.8820671823605489e-28 0 0 -7.1530958789341709e-29
d 0 0 -4.1321169422348791e-28 0 0 -3.4546794359896095e-30 329.375 329.375 4.8819659448904931e-28 0 0 -7.1530210461283277e-29
d 0 0 -4.1320179759326155e-28 0 0 -3.4552150673981106e-30 330 330 4.88186480635049e-28 0 0 -7.1529468113414299e-29
d 0 0 -4.1319190657631309e-28 0 0 -3.4555959479157055e-30 330.625 330.625 4.8817637708088997e-28 0 0 -7.1528731939715569e-29
d 0 0 -4.1318202143587982e-28 0 0 -3.4562565911846018e-30 331.25 331.25 4.8816628425992124e-28 0 0 -7.1528002112781161e-29
d 0 0 -4.1317214249798422e-28 0 0 -3.456756430123006e-30 331.875 331.875 4.881562026390647e-28 0 0 -7.1527278785252399e-29
d 0 0 -4.1316227017478936e-28 0 0 -3.4572157731313812e-30 332.5 332.5 4.8814613275129194e-28 0 0 -7.1526562092226182e-29
d 0 0 -4.1315240500025751e-28 0 0 -3.4577653173896122e-30 333.125 333.125 4.8813607523644357e-28 0 0 -7.1525852155256786e-29
d 0 0 -4.1314254768730016e-28 0 0 -3.458326978842755e-30 333.75 333.75 4.8812603086301408e-28 0 0 -7.1525149089174581e-29
d 0 0 -4.1313269922534165e-28 0 0 -3.4588334910522387e-30 334.375 334.375 4.88116000700907e-28 0 0 -7.1524453014360149e-29
d 0 0 -4.1312777873980374e-28 0 0 -3.4590994849103196e-30 334.6875 334.6875 4.8811099138925909e-28 0 0 -7.1524107643283861e-29
d 0 0 -4.1312286106169094e-28 0 0 -3.4593527829498888e-30 335 335 4.8810598624222269e-28 0 0 -7.1523764080806069e-29
d 0 0 -4.1311794650447806e-28 0 0 -3.4596047579132227e-30 335.3125 335.3125 4.8810098558058214e-28 0 0 -7.1523422358840507e-29
d 0 0 -4.1311303548150349e-28 0 0 -3.459855369292808e-30 335.625 335.625 4.8809598982692645e-28 0 0 -7.1523082521424042e-29
d 0 0 -4.1310322655660091e-28 0 0 -3.4603735222039456e-30 336.25 336.25 4.8808601562452623e-28 0 0 -7.1522408792820581e-29
d 0 0 -4.1309833073875608e-28 0 0 -3.4606014552414573e-30 336.5625 336.5625 4.8808103931930898e-28 0 0 -7.1522075167589832e-29
d 0 0 -4.1309344326047589e-28 0 0 -3.4608505783441893e-30 336.875 336.875 4.8807607287408278e-28 0 0 -7.1521744060498666e-29
d 0 0 -4.1308856829899607e-28 0 0 -3.4611020570226936e-30 337.1875 337.1875 4.8807112062139136e-28 0 0 -7.152141609550869e-29
d 0 0 -4.130837153583837e-28 0 0 -3.4613574304698238e-30 337.5 337.5 4.8806619244313895e-28 0 0 -7.1521092753836414e-29
d 0 0 -4.1307890657866351e-28 0 0 -3.4616173752006824e-30 337.8125 337.8125 4.8806131138361358e-28 0 0 -7.1520777550407238e-29
d 0 0 -4.1307415822440425e-28 0 0 -3.4618832515103807e-30 338.125 338.125 4.8805649431102235e-28 0 0 -7.1520472910017197e-29
d 0 0 -4.1306943919119612e-28 0 0 -3.4621614154146658e-30 338.4375 338.4375 4.8805170866561544e-28 0 0 -7.1520173388494091e-29
d 0 0 -4.1306472024010452e-28 0 0 -3.4624558757335647e-30 338.75 338.75 4.8804692387426609e-28 0 0 -7.1519873922612198e-29
d 0 0 -4.1305516833568089e-28 0 0 -3.4628131930663068e-30 339.375 339.375 4.880372376786133e-28 0 0 -7.1519256149842248e-29
d 0 0 -4.1305036272787623e-28 0 0 -3.463058758999928e-30 339.6875 339.6875 4.8803236477889266e-28 0 0 -7.1518942245349666e-29
d 0 0 -4.130455582686121e-28 0 0 -3.4633057820522439e-30 340 340 4.880274937829997e-28 0 0 -7.1518628331194312e-29
d 0 0 -4.13040759519236e-28 0 0 -3.4635529274951447e-30 340.3125 340.3125 4.8802262943509471e-28 0 0 -7.1518315167834004e-29
d 0 0 -4.1303596818209481e-28 0 0 -3.463799937510963e-30 340.625 340.625 4.8801777350732898e-28 0 0 -7.1518003083778514e-29
d 0 0 -4.1303118533297741e-28 0 0 -3.4640466771624704e-30 340.9375 340.9375 4.8801292710386373e-28 0 0 -7.1517692247270853e-29
d 0 0 -4.1302641272491017e-28 0 0 -3.4642930512377561e-30 341.25 341.25 4.8800809199438662e-28 0 0 -7.1517382779898236e-29
d 0 0 -4.1302165377359177e-28 0 0 -3.4645389608218442e-30 341.5625 341.5625 4.8800327161456088e-28 0 0 -7.1517074815772683e-29
d 0 0 -4.1301691520631963e-28 0 0 -3.4647842602872202e-30 341.875 341.875 4.8799847273001566e-28 0 0 -7.1516768561980502e-29
d 0 0 -4.1301221161933336e-28 0 0 -3.4650286630853944e-30 342.1875 342.1875 4.879937100275714e-28 0 0 -7.151646443335633e-29
d 0 0 -4.130075791243488e-28 0 0 -3.4652714773974098e-30 342.5 342.5 4.8798901985913869e-28 0 0 -7.1516163437699952e-29
d 0 0 -4.1300309622240046e-28 0 0 -3.4655111446236391e-30 342.8125 342.8125 4.879844812698091e-28 0 0 -7.151586776320959e-29
d 0 0 -4.1299883672621455e-28 0 0 -3.4657462972449117e-30 343.125 343.125 4.8798016882812745e-28 0 0 -7.1515579696242117e-29
d 0 0 -4.1299507254417935e-28 0 0 -3.4659714465332302e-30 343.4375 343.4375 4.8797637218158625e-28 0 0 -7.1515322096980719e-29
d 0 0 -4.1299140200645492e-28 0 0 -3.4662258019449715e-30 343.75 343.75 4.8797347935660244e-28 0 0 -7.151584594847614e-29
d 0 0 -4.1298937509394677e-28 0 0 -3.4701696036924392e-30 344.0625 344.0625 4.8806958028713732e-28 0 0 -7.161003004528273e-29
d 0 0 -4.1298759295011211e-28 0 0 -3.4747828280712699e-30 344.375 344.375 4.8818340999063123e-28 0 0 -7.1721028584780195e-29
d 0 0 -4.1298444450641344e-28 0 0 -3.4750963166182324e-30 344.6875 344.6875 4.8818257381299331e-28 0 0 -7.1723027351870125e-29
d 0 0 -4.129812724619263e-28 0 0 -3.4753356442652068e-30 345 345 4.8817984382216107e-28 0 0 -7.1723230151695792e-29
d 0 0 -4.1297809429160396e-28 0 0 -3.4755571944156768e-30 345.3125 345.3125 4.8817666892216156e-28 0 0 -7.1723015089019094e-29
d 0 0 -4.1297491534411441e-28 0 0 -3.4757771430144718e-30 345.625 345.625 4.8817348496547814e-28 0 0 -7.1722792478530518e-29
d 0 0 -4.1297173582378687e-28 0 0 -3.4759944182977704e-30 345.9375 345.9375 4.8817029709727198e-28 0 0 -7.1722567037227605e-29
d 0 0 -4.1296855585931382e-28 0 0 -3.4762270853245164e-30 346.25 346.25 4.8816710609435506e-28 0 0 -7.172233938749719e-29
d 0 0 -4.1296537555915207e-28 0 0 -3.4764566300492018e-30 346.5625 346.5625 4.8816391255530245e-28 0 0 -7.1722110000124987e-29
d 0 0 -4.1296219501642578e-28 0 0 -3.4766055318930521e-30 346.875 346.875 4.8816071696115474e-28 0 0 -7.1721879247734005e-29
d 0 0 -4.1295901431248228e-28 0 0 -3.4768578138224713e-30 347.1875 347.1875 4.881575197048171e-28 0 0 -7.1721647429627907e-29
d 0 0 -4.1295583351967735e-28 0 0 -3.4770728708569704e-30 347.5 347.5 4.8815432111216851e-28 0 0 -7.1721414789384058e-29
d 0 0 -4.1295265270363921e-28 0 0 -3.4772876821595171e-30 347.8125 347.8125 4.8815112145742089e-28 0 0 -7.1721181527619689e-29
d 0 0 -4.1294947192519613e-28 0 0 -3.4775018810143462e-30 348.125 348.125 4.8814792097500156e-28 0 0 -7.17209478114374e-29
d 0 0 -4.12946291242107e-28 0 0 -3.4777146715080356e-30 348.4375 348.4375 4.8814471991980244e-28 0 0 -7.1720713832908911e-29
d 0 0 -4.1294311071076033e-28 0 0 -3.4779207079694297e-30 348.75 348.75 4.8814151831783818e-28 0 0 -7.1720479557721984e-29
d 0 0 -4.129399303878867e-28 0 0 -3.4781334094469773e-30 349.0625 349.0625 4.8813831648566664e-28 0 0 -7.1720245243109805e-29
d 0 0 -4.1293675033259775e-28 0 0 -3.4783457709594709e-30 349.375 349.375 4.8813511452233571e-28 0 0 -7.1720010927655692e-29
d 0 0 -4.1293357060882822e-28 0 0 -3.4785577931330204e-30 349.6875 349.6875 4.8813191257131882e-28 0 0 -7.171977669098157e-29
d 0 0 -4.1293039128860861e-28 0 0 -3.4787694742771693e-30 350 350 4.8812871077463712e-28 0 0 -7.1719542604889893e-29
d 0 0 -4.1290499137509912e-28 0 0 -3.4804152736644947e-30 352.5 352.5 4.8810312879266857e-28 0 0 -7.1717683899154368e-29
d 0 0 -4.1287997244021255e-28 0 0 -3.4820440184997052e-30 355 355 4.8807794925115921e-28 0 0 -7.1715914798712218e-29
d 0 0 -4.1285461174655711e-28 0 0 -3.4836832400599576e-30 357.5 357.5 4.8805242623281337e-28 0 0 -7.1714117525126204e-29
d 0 0 -4.1282929990810073e-28 0 0 -3.4853081076606304e-30 360 360 4.8802697696696178e-28 0 0 -7.1712368950864128e-29
d 0 0 -4.1281667525072029e-28 0 0 -3.4861033934802859e-30 361.25 361.25 4.8801429623704247e-28 0 0 -7.1711517592845305e-29
d 0 0 -4.1281351179526524e-28 0 0 -3.4862970551362854e-30 361.5625 361.5625 4.8801111958057448e-28 0 0 -7.1711304996504609e-29
d 0 0 -4.1281035070893075e-28 0 0 -3.4865030592245944e-30 361.875 361.875 4.8800794566603118e-28 0 0 -7.1711093308615955e-29
d 0 0 -4.1280719158749885e-28 0 0 -3.4867000351769773e-30 362.1875 362.1875 4.8800477400992909e-28 0 0 -7.1710882393068699e-29
d 0 0 -4.1280403406134808e-28 0 0 -3.4868979403126735e-30 362.5 362.5 4.8800160396928235e-28 0 0 -7.171067191722999e-29
d 0 0 -4.1279771926292272e-28 0 0 -3.4872934191937791e-30 363.125 363.125 4.8799526104600267e-28 0 0 -7.1710248424311315e-29
d 0 0 -4.1279138936840766e-28 0 0 -3.4876889397378059e-30 363.75 363.75 4.8798890935827147e-28 0 0 -7.1709830081651936e-29
d 0 0 -4.1278822193209505e-28 0 0 -3.4878885525960098e-30 364.0625 364.0625 4.8798573384221882e-28 0 0 -7.170962372352965e-29
d 0 0 -4.1278505436630543e-28 0 0 -3.4880914373459378e-30 364.375 364.375 4.8798255918478143e-28 0 0 -7.1709418544655972e-29
d 0 0 -4.1278188686605514e-28 0 0 -3.4882841445611498e-30 364.6875 364.6875 4.8797938549959835e-28 0 0 -7.1709214487302855e-29
d 0 0 -4.127787195261794e-28 0 0 -3.4884809979965134e-30 365 365 4.8797621286203104e-28 0 0 -7.1709011542806866e-29
d 0 0 -4.1277555240302512e-28 0 0 -3.4886775513861511e-30 365.3125 365.3125 4.8797304133044614e-28 0 0 -7.1708809719028471e-29
d 0 0 -4.1277238553435085e-28 0 0 -3.4888756127500207e-30 365.625 365.625 4.8796987095413196e-28 0 0 -7.1708609030925667e-29
d 0 0 -4.1276921894758403e-28 0 0 -3.4890731873678478e-30 365.9375 365.9375 4.8796670177699205e-28 0 0 -7.1708409497057588e-29
d 0 0 -4.1276605266384295e-28 0 0 -3.4892699126771833e-30 366.25 366.25 4.8796353383951673e-28 0 0 -7.1708211138057121e-29
d 0 0 -4.1276288670012634e-28 0 0 -3.4894665039301487e-30 366.5625 366.5625 4.8796036717993682e-28 0 0 -7.1708013975880449e-29
d 0 0 -4.127597210706069e-28 0 0 -3.4896627316549664e-30 366.875 366.875 4.8795720183494348e-28 0 0 -7.170781803340294e-29
d 0 0 -4.127533908613315e-28 0 0 -3.490054466557609e-30 367.5 367.5 4.8795087523047085e-28 0 0 -7.1707429902320865e-29
d 0 0 -4.1272808532315571e-28 0 0 -3.4916118788952241e-30 370 370 4.8792562828973467e-28 0 0 -7.1705931082588432e-29
d 0 0 -4.1267755957217147e-28 0 0 -3.4946521661732649e-30 375 375 4.8787547617885419e-28 0 0 -7.1703234567932345e-29
d 0 0 -4.1262718243837353e-28 0 0 -3.4976954789971945e-30 380 380 4.8782590252147592e-28 0 0 -7.1701024604138097e-29
d 0 0 -4.1257715573597672e-28 0 0 -3.500654212427356e-30 385 385 4.8777718646218551e-28 0 0 -7.1699376585090569e-29
d 0 0 -4.1252825487321605e-28 0 0 -3.5035413733950101e-30 390 390 4.8773010429757734e-28 0 0 -7.1698308050968251e-29
d 0 0 -4.1249644091662833e-28 0 0 -3.5087186513436053e-30 395 395 4.8794748030189586e-28 0 0 -7.1942320733811067e-29
d 0 0 -4.1248092199855725e-28 0 0 -3.5097951284546106e-30 397.5 397.5 4.8793300007254015e-28 0 0 -7.1942282945495509e-29
d 0 0 -4.1246541146283942e-28 0 0 -3.5108616069784042e-30 400 400 4.8791862002620604e-28 0 0 -7.1942346811592216e-29
d 0 0 -4.1244991051779392e-28 0 0 -3.5119188712621181e-30 402.5 402.5 4.8790443661503749e-28 0 0 -7.1942607150754666e-29
d 0 0 -4.1243442055487552e-28 0 0 -3.5129669602624695e-30 405 405 4.8789059209481077e-28 0 0 -7.1943204577739892e-29
d 0 0 -4.1241894348581835e-28 0 0 -3.5140060032205403e-30 407.5 407.5 4.8787732310942271e-28 0 0 -7.1944373620357108e-29
d 0 0 -4.1240348244340616e-28 0 0 -3.5150362442374147e-30 410 410 4.8786502602585467e-28 0 0 -7.1946507338196092e-29
d 0 0 -4.1237264521967252e-28 0 0 -3.517069254939697e-30 415 415 4.8784626171481732e-28 0 0 -7.1956546834156624e-29
d 0 0 -4.1234230326079849e-28 0 0 -3.5190475830480864e-30 420 420 4.8784342001750963e-28 0 0 -7.1982069194378067e-29
d 0 0 -4.1231648367821593e-28 0 0 -3.521571111766219e-30 425 425 4.8812871460117678e-28 0 0 -7.2290659810913022e-29
d 0 0 -4.1230693542378056e-28 0 0 -3.5222430873284402e-30 427.5 427.5 4.8814772828144429e-28 0 0 -7.2318549733032058e-29
d 0 0 -4.1229739440496303e-28 0 0 -3.5229099763385302e-30 430 430 4.8816437664605322e-28 0 0 -7.2344072236115094e-29
d 0 0 -4.1227835733513032e-28 0 0 -3.5242284796039832e-30 435 435 4.8818175409772741e-28 0 0 -7.2379168282795434e-29
d 0 0 -4.1225965773800352e-28 0 0 -3.5255101277549835e-30 440 440 4.8818008958431051e-28 0 0 -7.2394921770104118e-29
d 0 0 -4.1224332023730986e-28 0 0 -3.5267989811897306e-30 445 445 4.8843266636414032e-28 0 0 -7.2662547145592445e-29
d 0 0 -4.1223159263410532e-28 0 0 -3.5276242784206414e-30 450 450 4.8842454120690082e-28 0 0 -7.2665324292092389e-29
d 0 0 -4.1222008858951147e-28 0 0 -3.5284280084386028e-30 455 455 4.8841512825354203e-28 0 0 -7.2666611655287225e-29
d 0 0 -4.1221215367156596e-28 0 0 -3.5290142165598917e-30 460 460 4.8867086834533402e-28 0 0 -7.2929700457184575e-29
d 0 0 -4.1220576560374133e-28 0 0 -3.5294690663970052e-30 465 465 4.8892770814235656e-28 0 0 -7.3192473472211786e-29
d 0 0 -4.1220186148620307e-28 0 0 -3.529746720609497e-30 470 470 4.8918780396250558e-28 0 0 -7.3456195755640392e-29
d 0 0 -4.1220019757627639e-28 0 0 -3.5298696431929179e-30 475 475 4.8985516946370455e-28 0 0 -7.4125102244163996e-29
d 0 0 -4.1219927222040078e-28 0 0 -3.5299346212092706e-30 480 480 4.8985531439384367e-28 0 0 -7.4126107375205199e-29
d 0 0 -4.1219834690354252e-28 0 0 -3.529998378315129e-30 485 485 4.8985539449343147e-28 0 0 -7.4127047665582048e-29
d 0 0 -4.1219742164283171e-28 0 0 -3.5300649136122434e-30 490 490 4.8985519690409134e-28 0 0 -7.4127710243025883e-29
d 0 0 -4.1219649643138867e-28 0 0 -3.5301298976307386e-30 495 495 4.8985480380879879e-28 0 0 -7.4128177296441487e-29
d 0 0 -4.1219557126244807e-28 0 0 -3.5301948678060262e-30 500 500 4.8985429597735077e-28 0 0 -7.4128529601463094e-29
d 0 0 -4.1219464613220402e-28 0 0 -3.5302598318747193e-30 505 505 4.8985371782237733e-28 0 0 -7.4128811574112383e-29
d 0 0 -4.1219372103849623e-28 0 0 -3.5303247761213345e-30 510 510 4.8985309357619533e-28 0 0 -7.4129047448733597e-29
d 0 0 -4.1219279598001266e-28 0 0 -3.5303896966899495e-30 515 515 4.898524371154345e-28 0 0 -7.4129251103275802e-29
d 0 0 -4.1219187095589484e-28 0 0 -3.5304545917984863e-30 520 520 4.8985175682067597e-28 0 0 -7.4129430919255383e-29
d 0 0 -4.1219094596553957e-28 0 0 -3.5305194620592982e-30 525 525 4.8985105802353034e-28 0 0 -7.412959222899713e-29
d 0 0 -4.1219002100849143e-28 0 0 -3.5305841212194451e-30 530 530 4.8985034433289228e-28 0 0 -7.4129738641976806e-29
d 0 0 -4.1218909608437942e-28 0 0 -3.530648666854258e-30 535 535 4.8984961841585893e-28 0 0 -7.4129872825792228e-29
d 0 0 -4.1218817119288022e-28 0 0 -3.5307133660012323e-30 540 540 4.8984888245188168e-28 0 0 -7.4129996960344532e-29
d 0 0 -4.1218724633370164e-28 0 0 -3.5307781283122049e-30 545 545 4.898481383302034e-28 0 0 -7.413011293528956e-29
d 0 0 -4.1218632150658208e-28 0 0 -3.5308429092203342e-30 550 550 4.8984738766480379e-28 0 0 -7.4130222364984298e-29
d 0 0 -4.1218539671129284e-28 0 0 -3.5309076905392942e-30 555 555 4.8984663175414252e-28 0 0 -7.4130326548227451e-29
d 0 0 -4.1218447194763762e-28 0 0 -3.530972245351224e-30 560 560 4.898458715890522e-28 0 0 -7.4130426476153991e-29
d 0 0 -4.1218354721544655e-28 0 0 -3.5310369808835785e-30 565 565 4.8984510792308434e-28 0 0 -7.4130522902585747e-29
d 0 0 -4.1218262251456824e-28 0 0 -3.5311016808033786e-30 570 570 4.8984434136671567e-28 0 0 -7.4130616438245304e-29
d 0 0 -4.1218169784486243e-28 0 0 -3.5311663428737632e-30 575 575 4.8984357247482568e-28 0 0 -7.4130707638239627e-29
d 0 0 -4.1218077320619362e-28 0 0 -3.531230965704584e-30 580 580 4.8984280182159301e-28 0 0 -7.413079707696201e-29
d 0 0 -4.1217984859842502e-28 0 0 -3.5312955415191878e-30 585 585 4.8984203007031229e-28 0 0 -7.413088541791425e-29
d 0 0 -4.1217892402141262e-28 0 0 -3.5313600179211588e-30 590 590 4.8984125804811524e-28 0 0 -7.4130973488433442e-29
d 0 0 -4.1217799947499713e-28 0 0 -3.5314245125057956e-30 595 595 4.8984048683531787e-28 0 0 -7.4131062369045518e-29
d 0 0 -4.1217707495899489e-28 0 0 -3.5314889671966388e-30 600 600 4.8983971787997215e-28 0 0 -7.4131153508025389e-29
d 0 0 -4.12176150473185e-28 0 0 -3.5315533835879414e-30 605 605 4.8983895315095363e-28 0 0 -7.4131248874495324e-29
d 0 0 -4.1217522601729205e-28 0 0 -3.5316177420954831e-30 610 610 4.8983819534745417e-28 0 0 -7.4131351167931852e-29
d 0 0 -4.1217430159096232e-28 0 0 -3.5316820861544999e-30 615 615 4.8983744818901145e-28 0 0 -7.413146410821588e-29
d 0 0 -4.12173377193731e-28 0 0 -3.5317463973343947e-30 620 620 4.898367168180035e-28 0 0 -7.4131592838154115e-29
d 0 0 -4.1217245282497693e-28 0 0 -3.5318106763031377e-30 625 625 4.8983600835481667e-28 0 0 -7.4131744478684964e-29
d 0 0 -4.1217152848386077e-28 0 0 -3.5318749237272909e-30 630 630 4.898353326516047e-28 0 0 -7.4131928882688671e-29
d 0 0 -4.1217060416924453e-28 0 0 -3.531939139890784e-30 635 635 4.898347032865577e-28 0 0 -7.4132159629323175e-29
d 0 0 -4.1216967987958979e-28 0 0 -3.5320033248072468e-30 640 640 4.8983413881228574e-28 0 0 -7.4132455272491747e-29
d 0 0 -4.1216875561284083e-28 0 0 -3.532067459634125e-30 645 645 4.8983366419257453e-28 0 0 -7.4132840777695731e-29
d 0 0 -4.1216783136631165e-28 0 0 -3.5321315781490658e-30 650 650 4.8983331219018644e-28 0 0 -7.4133348909928516e-29
d 0 0 -4.1216690713662199e-28 0 0 -3.5321956639802389e-30 655 655 4.8983312416059395e-28 0 0 -7.4134021027462742e-29
d 0 0 -4.121659829197606e-28 0 0 -3.5322597178733167e-30 660 660 4.898331492675084e-28 0 0 -7.413490629732626e-29
d 0 0 -4.121650587113896e-28 0 0 -3.5323237402388283e-30 665 665 4.8983344073964739e-28 0 0 -7.4136057951819063e-29
d 0 0 -4.1216413450749065e-28 0 0 -3.5323874546671407e-30 670 670 4.8983404792236758e-28 0 0 -7.4137525339612484e-29
d 0 0 -4.1216321030534186e-28 0 0 -3.5324513459546586e-30 675 675 4.8983500425236768e-28 0 0 -7.4139341899646537e-29
d 0 0 -4.1216228610458828e-28 0 0 -3.5325151897647952e-30 680 680 4.8983631407365679e-28 0 0 -7.4141511976213908e-29
d 0 0 -4.1216136190795115e-28 0 0 -3.5325789823552245e-30 685 685 4.8983794390507177e-28 0 0 -7.4144002085892907e-29
d 0 0 -4.1216043772113817e-28 0 0 -3.5326427180305575e-30 690 690 4.8983982352418803e-28 0 0 -7.414674200153112e-29
d 0 0 -4.1215951355186389e-28 0 0 -3.532706391419643e-30 695 695 4.8984185802344257e-28 0 0 -7.4149636809178411e-29
d 0 0 -4.1215858940830167e-28 0 0 -3.5327699951624726e-30 700 700 4.8984394684658481e-28 0 0 -7.4152585945814026e-29
d 0 0 -4.1215766529746894e-28 0 0 -3.5328335271873015e-30 705 705 4.8984600367318445e-28 0 0 -7.4155503085189688e-29
d 0 0 -4.1215674122394715e-28 0 0 -3.5328969820562838e-30 710 710 4.8984797218611723e-28 0 0 -7.4158331906370018e-29
d 0 0 -4.1215581718917609e-28 0 0 -3.532960357181161e-30 715 715 4.8984983476876172e-28 0 0 -7.4161054791512507e-29
d 0 0 -4.1215489319141976e-28 0 0 -3.533023651583932e-30 720 720 4.8985161294283675e-28 0 0 -7.4163693263733667e-29
d 0 0 -4.1215396922632413e-28 0 0 -3.5330868567853613e-30 725 725 4.8985336050900726e-28 0 0 -7.416630112725409e-29
d 0 0 -4.1215304528781864e-28 0 0 -3.5331499911028343e-30 730 730 4.8985515245185339e-28 0 0 -7.4168953371623536e-29
d 0 0 -4.1215212136906899e-28 0 0 -3.5332130497852985e-30 735 735 4.8985707321690168e-28 0 0 -7.4171734447965924e-29
d 0 0 -4.1215119746328474e-28 0 0 -3.5332760364156503e-30 740 740 4.898592067587657e-28 0 0 -7.417472831645242e-29
d 0 0 -4.1215027356432179e-28 0 0 -3.5333389549520907e-30 745 745 4.8986162912978313e-28 0 0 -7.4178011034442168e-29
d 0 0 -4.1214934966708416e-28 0 0 -3.5334018094226241e-30 750 750 4.8986440352555023e-28 0 0 -7.4181645801684019e-29
d 0 0 -4.1214842576772732e-28 0 0 -3.5334646036322115e-30 755 755 4.8986757778053175e-28 0 0 -7.4185680455758917e-29
d 0 0 -4.121475018636292e-28 0 0 -3.5335273330053621e-30 760 760 4.8987118472485742e-28 0 0 -7.4190147828900121e-29
d 0 0 -4.1214657795309166e-28 0 0 -3.5335900155595888e-30 765 765 4.898752458592265e-28 0 0 -7.4195069423143717e-29
d 0 0 -4.121456540347907e-28 0 0 -3.5336526466344365e-30 770 770 4.898797781284316e-28 0 0 -7.420046218430622e-29
d 0 0 -4.1214473010708431e-28 0 0 -3.5337152277691466e-30 775 775 4.8988480245638112e-28 0 0 -7.4206347037578136e-29
d 0 0 -4.1214380616735088e-28 0 0 -3.533777759735057e-30 780 780 4.8989035190742655e-28 0 0 -7.421275704939739e-29
d 0 0 -4.1214288221151925e-28 0 0 -3.5338402432840204e-30 785 785 4.8989647749471226e-28 0 0 -7.4219743236186454e-29
d 0 0 -4.1214195823386439e-28 0 0 -3.5339026788330995e-30 790 790 4.8990325071108909e-28 0 0 -7.4227377095434438e-29
d 0 0 -4.1214103422704182e-28 0 0 -3.5339650665005843e-30 795 795 4.8991076313556757e-28 0 0 -7.4235750212121961e-29
d 0 0 -4.1214011018226401e-28 0 0 -3.5340274061005386e-30 800 800 4.8991912427599064e-28 0 0 -7.4244972101246973e-29
d 0 0 -4.1213918608951784e-28 0 0 -3.5340896971878392e-30 805 805 4.8992845892187385e-28 0 0 -7.4255167560485908e-29
d 0 0 -4.1213826193774701e-28 0 0 -3.5341519390499106e-30 810 810 4.8993890492156625e-28 0 0 -7.4266474447202674e-29
d 0 0 -4.1213733771496618e-28 0 0 -3.5342141307482833e-30 815 815 4.8995061181507173e-28 0 0 -7.4279042311175891e-29
d 0 0 -4.1213641340830062e-28 0 0 -3.5342762718443287e-30 820 820 4.8996374038010001e-28 0 0 -7.4293031940615821e-29
d 0 0 -4.1213548900396478e-28 0 0 -3.5343383595821383e-30 825 825 4.8997846294959897e-28 0 0 -7.4308615679714275e-29
d 0 0 -4.1213456448719476e-28 0 0 -3.5344003933265223e-30 830 830 4.8999496429906034e-28 0 0 -7.4325978316004733e-29
d 0 0 -4.1213363984215055e-28 0 0 -3.5344623678377014e-30 835 835 4.9001344291979787e-28 0 0 -7.434531835372033e-29
d 0 0 -4.1213271505179963e-28 0 0 -3.5345242879274501e-30 840 840 4.9003411254151546e-28 0 0 -7.4366849536457527e-29
d 0 0 -4.1213179009778763e-28 0 0 -3.5345861485812968e-30 845 845 4.9005720381685096e-28 0 0 -7.4390802531824491e-29
d 0 0 -4.1213086496030229e-28 0 0 -3.5346479449708176e-30 850 850 4.9008296612212504e-28 0 0 -7.44174267323021e-29
d 0 0 -4.1212993961793018e-28 0 0 -3.5347097322640237e-30 855 855 4.9011166946183595e-28 0 0 -7.4446992159854593e-29
d 0 0 -4.1212901404750586e-28 0 0 -3.5347714045456366e-30 860 860 4.901436064933386e-28 0 0 -7.4479791490731468e-29
d 0 0 -4.1212808822395036e-28 0 0 -3.5348329673562784e-30 865 865 4.9017909471752522e-28 0 0 -7.451614224627996e-29
d 0 0 -4.1212716212009248e-28 0 0 -3.5348944953635905e-30 870 870 4.9021847891521722e-28 0 0 -7.4556389229481328e-29
d 0 0 -4.1212623570646477e-28 0 0 -3.5349559472236028e-30 875 875 4.9026213394923259e-28 0 0 -7.4600907327184591e-29
d 0 0 -4.1212530895106032e-28 0 0 -3.5350173185699386e-30 880 880 4.9031046809728568e-28 0 0 -7.4650104843203486e-29
d 0 0 -4.1212438181903527e-28 0 0 -3.5350786042365149e-30 885 885 4.9036392712581234e-28 0 0 -7.4704427572383241e-29
d 0 0 -4.1212345427233905e-28 0 0 -3.535139798094458e-30 890 890 4.9042299935155343e-28 0 0 -7.4764363862485648e-29
d 0 0 -4.1212252626925047e-28 0 0 -3.5352008926405018e-30 895 895 4.9048822195873123e-28 0 0 -7.4830450931742401e-29
d 0 0 -4.1212159776380217e-28 0 0 -3.5352618701605614e-30 900 900 4.9056018884288915e-28 0 0 -7.4903282713164139e-29
d 0 0 -4.1212066870507415e-28 0 0 -3.5353227022676377e-30 905 905 4.9063956024661151e-28 0 0 -7.4983519490835716e-29
d 0 0 -4.1211973903633818e-28 0 0 -3.5353834279622231e-30 910 910 4.9072707445887983e-28 0 0 -7.5071899599969507e-29
d 0 0 -4.1211880869403278e-28 0 0 -3.5354440024109882e-30 915 915 4.908235618997874e-28 0 0 -7.5169253512455347e-29
d 0 0 -4.1211787760653884e-28 0 0 -3.5355044042483592e-30 920 920 4.9092996203841157e-28 0 0 -7.5276520755729559e-29
d 0 0 -4.1211694569271062e-28 0 0 -3.5356277742824415e-30 925 925 4.9104734382046702e-28 0 0 -7.5394770341625527e-29
d 0 0 -4.1211601286009177e-28 0 0 -3.5356920278298879e-30 930 930 4.9117693063313427e-28 0 0 -7.5525225732645753e-29
d 0 0 -4.1211507900271029e-28 0 0 -3.5357564452329651e-30 935 935 4.9132013132728024e-28 0 0 -7.5669295865987046e-29
d 0 0 -4.1211414399829917e-28 0 0 -3.5358210491586181e-30 940 940 4.9147857949071797e-28 0 0 -7.582861442905184e-29
d 0 0 -4.1211320770472736e-28 0 0 -3.5358858659732907e-30 945 945 4.9165418409919115e-28 0 0 -7.6005090513334791e-29
d 0 0 -4.1211226995532966e-28 0 0 -3.5359509266175009e-30 950 950 4.9184919601195308e-28 0 0 -7.620097511379763e-29
d 0 0 -4.1211133055269224e-28 0 0 -3.5360162677696244e-30 955 955 4.9206629677937215e-28 0 0 -7.6418949941523613e-29
d 0 0 -4.121103892602395e-28 0 0 -3.5360819334238216e-30 960 960 4.9230871931504957e-28 0 0 -7.6662248102670588e-29
d 0 0 -4.1210944579064327e-28 0 0 -3.5361479770647521e-30 965 965 4.9258041487028749e-28 0 0 -7.6934821082356342e-29
d 0 0 -4.1210849978954276e-28 0 0 -3.5362144647271635e-30 970 970 4.928862886749335e-28 0 0 -7.7241574398726605e-29
d 0 0 -4.1210755081219866e-28 0 0 -3.5362814793885903e-30 975 975 4.9323253979847384e-28 0 0 -7.7588707483009987e-29
d 0 0 -4.1210659828922192e-28 0 0 -3.5363491274330611e-30 980 980 4.9362716337041609e-28 0 0 -7.7984215927731081e-29
d 0 0 -4.1210564147493746e-28 0 0 -3.5364175484118331e-30 985 985 4.9408071327920346e-28 0 0 -7.8438654227547346e-29
d 0 0 -4.1210467936724496e-28 0 0 -3.5364869302350885e-30 990 990 4.9460749708040953e-28 0 0 -7.8966330752494071e-29
d 0 0 -4.1210371057890844e-28 0 0 -3.536557533644922e-30 995 995 4.952275169308717e-28 0 0 -7.9587248786564536e-29
d 0 0 -4.1210273312225056e-28 0 0 -3.5366297332657563e-30 1000 1000 4.9596976086350408e-28 0 0 -8.0330397977185315e-29
d 0 0 -4.1210174403053611e-28 0 0 -3.5367040901581852e-30 1005 1005 4.9687808638766121e-28 0 0 -8.1239638242611962e-29
d 0 0 -4.1210073864841661e-28 0 0 -3.5367814867593173e-30 1010 1010 4.9802246809869245e-28 0 0 -8.2384947956641749e-29
d 0 0 -4.1209970918553196e-28 0 0 -3.5368634040723342e-30 1015 1015 4.9952248717200494e-28 0 0 -8.3885914614563386e-29
d 0 0 -4.1209864140870128e-28 0 0 -3.5369525470727763e-30 1020 1020 5.0160269169097315e-28 0 0 -8.5967097839743975e-29
d 0 0 -4.1209750573732929e-28 0 0 -3.5370544643283126e-30 1025 1025 5.0474763735779773e-28 0 0 -8.9113077301680818e-29
d 0 0 -4.1209622680097734e-28 0 0 -3.5371834103982124e-30 1030 1030 5.1026430535347987e-28 0 0 -9.4630895199137222e-29
d 0 0 -4.1209453601888201e-28 0 0 -3.5373910477484505e-30 1035 1035 5.2334899159472747e-28 0 0 -1.0771706452827688e-28
d 0 0 -4.120905770983716e-28 0 0 -3.5380474008318862e-30 1040 1040 5.9572209892492114e-28 0 0 -1.8009347442575821e-28
d 0 0 -4.1208716131243208e-28 0 0 -3.5387362916483484e-30 1041.25 1041.25 7.2640314970559208e-28 0 0 -3.1077725210753782e-28
d 0 0 -4.1208222410198167e-28 0 0 -3.5399640683202032e-30 1041.875 1041.875 1.1445153066922976e-27 0 0 -7.2889311852251174e-28
d 0 0 -4.1207365908614271e-28 0 0 -3.552147279379886e-30 1042.1875 1042.1875 1.2870258429995025e-26 0 0 -1.2454632622809667e-26
d 0 0 -4.1221538447243376e-28 0 0 -3.7257527484872129e-30 1042.265625 1042.265625 2.2847633523054294e-25 0 0 -2.2806039409385662e-25
d 0 0 -4.1540365515058746e-28 0 0 -7.1483509913668461e-30 1042.34375 1042.34375 4.5129901519214436e-24 0 0 -4.5125675999156556e-24
d 0 0 -1.7781430536438738e-27 0 0 -1.4295224584645609e-27 1042.5 1042.5 1.7505889608168345e-21 0 0 -1.7505857531513226e-21
d 0 0 -3.5434511001945624e-26 0 0 -3.6447016815087139e-26 1042.578125 1042.578125 4.4478121673457027e-20 0 0 -4.4478049791929205e-20
d 0 0 -6.0928958871434975e-24 0 0 -6.3177432367445196e-24 1042.65625 1042.65625 7.6574074441375276e-18 0 0 -7.657395033498402e-18
d 0 0 -4.0910897128530123e-24 0 0 -4.2430436581630633e-24 1042.666015625 1042.666015625 5.14530919908701e-18 0 0 -5.1453008649536376e-18
Q 2 13 "Source Voltage"
Q 3 13 "Gate Voltage"
Q 4 13 "Drain Voltage"
Q 5 13 "Substrate Voltage"
Q 20 13 "Source Current"
Q 21 13 "Gate Current"
Q 22 13 "Drain Current"
Q 23 13 "Substrate Current"
Q 92 21 Contact
Q 601 13 "Source Int. Voltage"
Q 602 13 "Gate Int. Voltage"
Q 603 13 "Drain Int. Voltage"
Q 604 13 "Substrate Int. Voltage"
EOF 585751504
