v VICTORYDEVICE
# silvaco.file ASCII version=1.14.29 format=1 contents=SDB,Tables=1

Copyright "###################################################################"
Copyright "#                    Copyright Silvaco Inc. (c)                   #"
Copyright "#                            1992-2014                            #"
Copyright "#                                                                 #"
Copyright "# This file format and the following Key are copyright Silvaco    #"
Copyright "# International. You may not use, this format or key without      #"
Copyright "# reproducing this message in full and obtaining                  #"
Copyright "# express written permission from Silvaco Inc.                    #"
Copyright "#                                                                 #"
Copyright "# To obtain such permission please contact: Silvaco Inc.          #"
Copyright "#                                           support@silvaco.com   #"
Copyright "#                                                                 #"
Copyright "# KEY=SVC86hn7562asdx                       PROD=345              #"
Copyright "###################################################################"
#This file was created by VICTORYDEVICE version 1.24.0.R
#victoryd 1.24.0.R (Wed Jun 26 14:38:19 PDT 2024)
#libSDB 1.12.65 (Thu Dec  7 08:14:05 PST 2023)
a VICTORYDEVICE
j 1 9
k 4
r 1 92
x 3 43 42 46
w source 1 1
r 2 92
x 3 43 42 46
w gate 1 2
r 3 92
x 3 43 42 46
w drain 1 3
r 4 92
x 3 43 42 46
w substrate 1 4
y 1 15
z 300
f 4 source gate drain substrate
p 12 2 601 20 3 602 21 4 603 22 5 604 23
d 0 0 -1.7086930688169342e-16 0 0 -5.1915719737125326e-35 0.01 0.01 1.7081912286496822e-16 0 0 0
d 0 0 -7.3923749731328827e-16 0 0 -3.9772659076661531e-35 0.1 0.1 7.3923750326607881e-16 0 0 0
d 0 0 -8.5883838188176169e-16 0 0 8.1498477564735975e-35 0.5 0.5 8.5883838188219329e-16 0 0 0
d 0 0 -8.7676660895023357e-16 0 0 -1.5311823965371762e-36 1 1 8.7676660895023367e-16 0 0 0
d 0 0 -8.9025564026772321e-16 0 0 -1.9261889891107539e-36 2 2 8.902556402677236e-16 0 0 0
d 0 0 -9.0834565739450529e-16 0 0 3.8753480041250943e-36 4 4 9.0834565739492338e-16 0 0 0
d 0 0 -9.2126909352196205e-16 0 0 1.0551558272071535e-34 6 6 9.2126909352134003e-16 0 0 0
d 0 0 -9.3240173462089574e-16 0 0 2.2597343196042122e-34 8 8 9.3240173462076795e-16 0 0 0
d 0 0 -9.3999744161566992e-16 0 0 1.9825378225164488e-31 10 10 9.3999744161554647e-16 0 0 0
d 0 0 -9.4525654012779264e-16 0 0 3.8840282153494911e-33 12 12 9.4525654012769482e-16 0 0 0
d 0 0 -9.5041043476712049e-16 0 0 5.829001196397259e-33 14 14 9.5041043476635983e-16 0 0 0
d 0 0 -9.5589587645769146e-16 0 0 4.3028552301285577e-30 16 16 9.5589587653845662e-16 0 0 0
d 0 0 -9.6210871416278764e-16 0 0 1.0677679970088849e-33 18 18 9.6210871416486432e-16 0 0 0
d 0 0 -9.6804967626289243e-16 0 0 3.1457723493083165e-32 20 20 9.6804967626901005e-16 0 0 0
d 0 0 -9.736346241959878e-16 0 0 1.3983570254860029e-30 22 22 9.7363462432458771e-16 0 0 0
d 0 0 -9.7780500571998873e-16 0 0 5.5598723832448693e-30 24 24 9.7780500617821121e-16 0 0 0
d 0 0 -9.8144116183544978e-16 0 0 2.0954489031826682e-30 26 26 9.8144116208756855e-16 0 0 0
d 0 0 -9.850198130274476e-16 0 0 1.6029079049636994e-33 28 28 9.8501981299232929e-16 0 0 0
d 0 0 -9.8854932089555374e-16 0 0 4.9992863041472581e-33 30 30 9.8854932086922235e-16 0 0 0
d 0 0 -9.9198966756649351e-16 0 0 1.6491984429278859e-31 32 32 9.9198966749361756e-16 0 0 0
d 0 0 -9.9534870226857989e-16 0 0 5.3428154405046546e-31 34 34 9.9534870210066651e-16 0 0 0
d 0 0 -9.986274804839199e-16 0 0 4.6220373613447276e-32 36 36 9.9862748043791688e-16 0 0 0
d 0 0 -1.0018344681268801e-15 0 0 1.5889189950654117e-31 38 38 1.0018344680302326e-15 0 0 0
d 0 0 -1.0049736289194917e-15 0 0 -5.2348362941497764e-32 40 40 1.0049736288574722e-15 0 0 0
d 0 0 -1.0080309517041681e-15 0 0 -1.3028439997108678e-31 42 42 1.0080309516404796e-15 0 0 0
d 0 0 -1.010923320485215e-15 0 0 9.3069438534909209e-30 44 44 1.0109233199080633e-15 0 0 0
d 0 0 -1.0134572761735312e-15 0 0 -6.1132010871875982e-31 46 46 1.0134572763983212e-15 0 0 0
d 0 0 -1.0156287308036585e-15 0 0 1.6969075546151175e-31 48 48 1.0156287309248743e-15 0 0 0
d 0 0 -1.0177126098277974e-15 0 0 1.0573003481055567e-29 50 50 1.0177126107171087e-15 0 0 0
d 0 0 -1.0197650141511696e-15 0 0 -3.4713030295703838e-31 52 52 1.0197650168252456e-15 0 0 0
d 0 0 -1.0217846564960695e-15 0 0 -4.7155494512088903e-30 54 54 1.0217846590145695e-15 0 0 0
d 0 0 -1.0237736722548337e-15 0 0 -3.1871138426539221e-30 56 56 1.0237736728680093e-15 0 0 0
d 0 0 -1.0257381440772076e-15 0 0 -1.0019022311900976e-29 58 58 1.0257381429126464e-15 0 0 0
d 0 0 -1.0276811993171754e-15 0 0 -1.9339253596397219e-29 60 60 1.0276812005850093e-15 0 0 0
d 0 0 -1.0296030024071267e-15 0 0 -3.0349040104632722e-29 62 62 1.0296030027310338e-15 0 0 0
d 0 0 -1.0315031212444387e-15 0 0 -4.616748893859448e-29 64 64 1.0315031203373934e-15 0 0 0
d 0 0 -1.0333825407828857e-15 0 0 -7.3401364574144265e-29 66 66 1.0333825476471685e-15 0 0 0
d 0 0 -1.0352423492054968e-15 0 0 -1.1691252454401298e-28 68 68 1.0352423473148912e-15 0 0 0
d 0 0 -1.0370838008500092e-15 0 0 -1.7771014133752814e-28 70 70 1.0370837967014477e-15 0 0 0
d 0 0 -1.0389082367693648e-15 0 0 -2.671387542502723e-28 72 72 1.0389082302331418e-15 0 0 0
d 0 0 -1.0407169860984309e-15 0 0 -4.0508664462381315e-28 74 74 1.0407169835814331e-15 0 0 0
d 0 0 -1.0425110930889332e-15 0 0 -6.0164172915910642e-28 76 76 1.0425110810489949e-15 0 0 0
d 0 0 -1.0442906292432121e-15 0 0 -8.8217339257003256e-28 78 78 1.044290621249513e-15 0 0 0
d 0 0 -1.0460501011975341e-15 0 0 -1.281652913245607e-27 80 80 1.0460500926748945e-15 0 0 0
d 0 0 -1.047715295753876e-15 0 0 -1.7488884408421286e-27 82 82 1.0477152756230302e-15 0 0 0
d 0 0 -1.0492945245146698e-15 0 0 -2.4002823888464843e-27 84 84 1.0492945091876718e-15 0 0 0
d 0 0 -1.0506726641856168e-15 0 0 -2.9966997085828096e-27 86 86 1.0506726565865321e-15 0 0 0
d 0 0 -1.0520284265143029e-15 0 0 -3.6939041869901794e-27 88 88 1.052028414278718e-15 0 0 0
d 0 0 -1.0533766667499816e-15 0 0 -4.4530213573099015e-27 90 90 1.0533766565407317e-15 0 0 0
d 0 0 -1.054718548585768e-15 0 0 -5.9080871423224048e-27 92 92 1.0547185487611852e-15 0 0 0
d 0 0 -1.056054841228655e-15 0 0 -7.2770258563045438e-27 94 94 1.0560548326737139e-15 0 0 0
d 0 0 -1.0573856747884482e-15 0 0 -9.0148847003903503e-27 96 96 1.0573856775034138e-15 0 0 0
d 0 0 -1.0587109042693395e-15 0 0 -1.1036455080273789e-26 98 98 1.0587109125539169e-15 0 0 0
d 0 0 -1.060030457404079e-15 0 0 -1.3601032526914454e-26 100 100 1.0600304604249662e-15 0 0 0
d 0 0 -1.0633036122720295e-15 0 0 -2.2385220617756351e-26 105 105 1.0633036013871368e-15 0 0 0
d 0 0 -1.0665383312633143e-15 0 0 -3.6309329547624232e-26 110 110 1.0665383248440411e-15 0 0 0
d 0 0 -1.0697328392666794e-15 0 0 -5.7861770357862884e-26 115 115 1.0697328284670944e-15 0 0 0
d 0 0 -1.0728861827566593e-15 0 0 -9.0770615704252101e-26 120 120 1.0728861766087951e-15 0 0 0
d 0 0 -1.0759983041452434e-15 0 0 -1.4011838508827832e-25 125 125 1.0759982968865337e-15 0 0 0
d 0 0 -1.0790861496146886e-15 0 0 -2.1344504863056889e-25 130 130 1.0790861429365121e-15 0 0 0
d 0 0 -1.0821869080146437e-15 0 0 -3.2243826037859899e-25 135 135 1.0821869013308418e-15 0 0 0
d 0 0 -1.0852617506338555e-15 0 0 -4.8113135762917058e-25 140 140 1.0852617444669092e-15 0 0 0
d 0 0 -1.0883000671929244e-15 0 0 -7.0802208750189543e-25 145 145 1.0883000629154074e-15 0 0 0
d 0 0 -1.0911464129490366e-15 0 0 -9.9639396111074241e-25 150 150 1.0911464234310955e-15 0 0 0
d 0 0 -1.0934438169658954e-15 0 0 -1.2526994285409359e-24 155 155 1.0934438110067265e-15 0 0 0
d 0 0 -1.0956944442090599e-15 0 0 -1.5613812022223604e-24 160 160 1.0956944400111768e-15 0 0 0
d 0 0 -1.0979296264211974e-15 0 0 -1.9402490970129124e-24 165 165 1.0979296218602641e-15 0 0 0
d 0 0 -1.100155585784402e-15 0 0 -2.4048856405679414e-24 170 170 1.100155579068497e-15 0 0 0
d 0 0 -1.1023783119394909e-15 0 0 -2.9740564026937843e-24 175 175 1.1023783001244234e-15 0 0 0
d 0 0 -1.1045987976160667e-15 0 0 -3.6704338052323804e-24 180 180 1.1045987935897846e-15 0 0 0
d 0 0 -1.1067998651526176e-15 0 0 -4.5212202962066335e-24 185 185 1.1067998620948107e-15 0 0 0
d 0 0 -1.1089809632749024e-15 0 0 -5.5593603268290591e-24 190 190 1.1089809617135196e-15 0 0 0
d 0 0 -1.1111426588395971e-15 0 0 -6.824319984091057e-24 195 195 1.1111426503545595e-15 0 0 0
d 0 0 -1.1132849495711645e-15 0 0 -8.3635137328566844e-24 200 200 1.1132849449651792e-15 0 0 0
d 0 0 -1.1154075040017206e-15 0 0 -1.0233202719576109e-23 205 205 1.1154075059981607e-15 0 0 0
d 0 0 -1.1175098424314881e-15 0 0 -1.2499873598615188e-23 210 210 1.1175098443063514e-15 0 0 0
d 0 0 -1.1195914104985878e-15 0 0 -1.5242484107303871e-23 215 215 1.1195914245837172e-15 0 0 0
d 0 0 -1.1216516123446124e-15 0 0 -1.8555845873283683e-23 220 220 1.1216516365215864e-15 0 0 0
d 0 0 -1.1236898860362372e-15 0 0 -2.2547704883696584e-23 225 225 1.1236899194107195e-15 0 0 0
d 0 0 -1.125705743710775e-15 0 0 -2.7346007464449121e-23 230 230 1.1257057818327216e-15 0 0 0
d 0 0 -1.1276984962415223e-15 0 0 -3.3098285380487168e-23 235 235 1.1276985135298124e-15 0 0 0
d 0 0 -1.1296593549148086e-15 0 0 -3.9930305772653425e-23 240 240 1.1296593828415508e-15 0 0 0
d 0 0 -1.1315509694118589e-15 0 0 -4.7773343489264144e-23 245 245 1.1315510388678466e-15 0 0 0
d 0 0 -1.1334184059513362e-15 0 0 -5.702693854318678e-23 250 250 1.1334184833346845e-15 0 0 0
d 0 0 -1.1352187035262315e-15 0 0 -6.7523447996772079e-23 255 255 1.1352187917113079e-15 0 0 0
d 0 0 -1.137005073743487e-15 0 0 -7.9865798179788613e-23 260 260 1.1370051672267977e-15 0 0 0
d 0 0 -1.1387797367131552e-15 0 0 -9.4375045825712233e-23 265 265 1.1387798477383959e-15 0 0 0
d 0 0 -1.1405447089335909e-15 0 0 -1.1142933602421786e-22 270 270 1.140544839990776e-15 0 0 0
d 0 0 -1.1423018771018141e-15 0 0 -1.3146669870727288e-22 275 275 1.1423020562057757e-15 0 0 0
d 0 0 -1.1440529587148923e-15 0 0 -1.5500345474697835e-22 280 280 1.1440531676410023e-15 0 0 0
d 0 0 -1.1449265062754667e-15 0 0 -1.6826173119969771e-22 282.5 282.5 1.1449267251329276e-15 0 0 0
d 0 0 -1.1457976632489921e-15 0 0 -1.8258549176378325e-22 285 285 1.1457979505541479e-15 0 0 0
d 0 0 -1.147456212287582e-15 0 0 -2.1287762022640582e-22 290 290 1.1474565081382728e-15 0 0 0
d 0 0 -1.1489977901862482e-15 0 0 -2.4463852809563538e-22 295 295 1.1489981554987237e-15 0 0 0
d 0 0 -1.1504155433527388e-15 0 0 -2.7696038643802109e-22 300 300 1.1504159096750958e-15 0 0 0
d 0 0 -1.1518212554345044e-15 0 0 -3.1292505559741975e-22 305 305 1.151821649376819e-15 0 0 0
d 0 0 -1.1532213299370524e-15 0 0 -3.530390773531419e-22 310 310 1.1532218322625394e-15 0 0 0
d 0 0 -1.1546206778104405e-15 0 0 -3.978473843935644e-22 315 315 1.1546212106508755e-15 0 0 0
d 0 0 -1.1560237387629479e-15 0 0 -4.4783885491548455e-22 320 320 1.1560243136908082e-15 0 0 0
d 0 0 -1.157422680119081e-15 0 0 -5.0281189174380067e-22 325 325 1.1574232970747507e-15 0 0 0
d 0 0 -1.158810979362462e-15 0 0 -5.611657687052059e-22 330 330 1.1588116381196712e-15 0 0 0
d 0 0 -1.1603692847007037e-15 0 0 -6.2422549682494443e-22 335 335 1.1603699976163546e-15 0 0 0
d 0 0 -1.1619309300119007e-15 0 0 -6.929919278361488e-22 340 340 1.1619317710896232e-15 0 0 0
d 0 0 -1.1634704639302108e-15 0 0 -7.6805998174337957e-22 345 345 1.1634713642881105e-15 0 0 0
d 0 0 -1.1649930954681377e-15 0 0 -8.499982859200034e-22 350 350 1.1649940633012414e-15 0 0 0
d 0 0 -1.166501605960547e-15 0 0 -9.3938529945396186e-22 355 355 1.1665026513527082e-15 0 0 0
d 0 0 -1.1679982520304853e-15 0 0 -1.0368230316370345e-21 360 360 1.1679994729859304e-15 0 0 0
d 0 0 -1.1694849791632544e-15 0 0 -1.142957232679698e-21 365 365 1.1694862469434828e-15 0 0 0
d 0 0 -1.170963536156644e-15 0 0 -1.2584874280335782e-21 370 370 1.170964956821874e-15 0 0 0
d 0 0 -1.1724355425739963e-15 0 0 -1.3841762026785812e-21 375 375 1.1724370718961435e-15 0 0 0
d 0 0 -1.1739025084477333e-15 0 0 -1.5208522494456441e-21 380 380 1.1739041355881521e-15 0 0 0
d 0 0 -1.1753657764755915e-15 0 0 -1.669405163283911e-21 385 385 1.1753675857343743e-15 0 0 0
d 0 0 -1.1768262896958357e-15 0 0 -1.8307533137180057e-21 390 390 1.1768282377785838e-15 0 0 0
d 0 0 -1.178283328675094e-15 0 0 -2.0056481370807564e-21 395 395 1.1782848627144538e-15 0 0 0
d 0 0 -1.1796752536098e-15 0 0 -2.1854367857173968e-21 400 400 1.1796775126995015e-15 0 0 0
d 0 0 -1.1811190328837926e-15 0 0 -2.3881864679707788e-21 405 405 1.1811213039926792e-15 0 0 0
d 0 0 -1.1824419105233441e-15 0 0 -2.5858109622565265e-21 410 410 1.1824444942112676e-15 0 0 0
d 0 0 -1.1837338408145087e-15 0 0 -2.7918659646397265e-21 415 415 1.1837369027087391e-15 0 0 0
d 0 0 -1.185025094930823e-15 0 0 -3.0121403169596005e-21 420 420 1.1850283837920798e-15 0 0 0
d 0 0 -1.186318269974462e-15 0 0 -3.2479748423461074e-21 425 425 1.1863216502109345e-15 0 0 0
d 0 0 -1.1876147391476655e-15 0 0 -3.5006288149767729e-21 430 430 1.1876183029922418e-15 0 0 0
d 0 0 -1.1889154638252897e-15 0 0 -3.7714396516424973e-21 435 435 1.1889192635955061e-15 0 0 0
d 0 0 -1.1902209726360555e-15 0 0 -4.0618777741512386e-21 440 440 1.1902250935017982e-15 0 0 0
d 0 0 -1.1915305256706033e-15 0 0 -4.3735641085547022e-21 445 445 1.1915349917096059e-15 0 0 0
d 0 0 -1.1928526880171476e-15 0 0 -4.7086126602839389e-21 450 450 1.1928575017814596e-15 0 0 0
d 0 0 -1.1943504178372675e-15 0 0 -5.0744476955031033e-21 455 455 1.1943556173905623e-15 0 0 0
d 0 0 -1.1958504052793654e-15 0 0 -5.469022750267374e-21 460 460 1.1958559816267237e-15 0 0 0
d 0 0 -1.1973628619386307e-15 0 0 -5.8957938119985728e-21 465 465 1.1973688292141271e-15 0 0 0
d 0 0 -1.1988954861989566e-15 0 0 -6.3587905719632871e-21 470 470 1.1989019003480078e-15 0 0 0
d 0 0 -1.2004466863732447e-15 0 0 -6.8596678873443737e-21 475 475 1.2004536417904271e-15 0 0 0
d 0 0 -1.2019691452665421e-15 0 0 -7.3757119856930854e-21 480 480 1.2019762195702944e-15 0 0 0
d 0 0 -1.2034287012095036e-15 0 0 -7.8850512594161652e-21 485 485 1.2034363307113752e-15 0 0 0
d 0 0 -1.2048853001915622e-15 0 0 -8.4197871350258926e-21 490 490 1.204892459493964e-15 0 0 0
d 0 0 -1.2062373958072884e-15 0 0 -8.9355826396753187e-21 495 495 1.206245447550043e-15 0 0 0
d 0 0 -1.2075798628691153e-15 0 0 -9.4695087803232073e-21 500 500 1.2075888947355343e-15 0 0 0
d 0 0 -1.2089177837518496e-15 0 0 -1.002392746816945e-20 505 505 1.2089273438639793e-15 0 0 0
d 0 0 -1.2102538331989621e-15 0 0 -1.0600164592388123e-20 510 510 1.2102639254381434e-15 0 0 0
d 0 0 -1.2115898003553048e-15 0 0 -1.1199255483651282e-20 515 515 1.2116005510970029e-15 0 0 0
d 0 0 -1.2129270316872535e-15 0 0 -1.1822109047018027e-20 520 520 1.2129384408224244e-15 0 0 0
d 0 0 -1.2142665909921941e-15 0 0 -1.2469547023667313e-20 525 525 1.2142785581189599e-15 0 0 0
d 0 0 -1.2156093312954348e-15 0 0 -1.3142314468828336e-20 530 530 1.2156221990462634e-15 0 0 0
d 0 0 -1.2169559367861877e-15 0 0 -1.3841082639215394e-20 535 535 1.2169697969961097e-15 0 0 0
d 0 0 -1.2183069588408985e-15 0 0 -1.4566453355254718e-20 540 540 1.2183215568124978e-15 0 0 0
d 0 0 -1.219662857393451e-15 0 0 -1.5318971101720791e-20 545 545 1.2196782009941121e-15 0 0 0
d 0 0 -1.2210240441422703e-15 0 0 -1.6099142819734569e-20 550 550 1.2210401739305687e-15 0 0 0
d 0 0 -1.2223908993309025e-15 0 0 -1.6907446995742069e-20 555 555 1.2224078486962686e-15 0 0 0
d 0 0 -1.2237637041978601e-15 0 0 -1.774429073023477e-20 560 560 1.2237815157005486e-15 0 0 0
d 0 0 -1.2251422102534407e-15 0 0 -1.8609714476975523e-20 565 565 1.2251608820098068e-15 0 0 0
d 0 0 -1.2264877394472011e-15 0 0 -1.9477013311649193e-20 570 570 1.226507240543561e-15 0 0 0
d 0 0 -1.227849171004552e-15 0 0 -2.0379033545662331e-20 575 575 1.2278696532622529e-15 0 0 0
d 0 0 -1.2291886331798042e-15 0 0 -2.1288750732388836e-20 580 580 1.2292099940741525e-15 0 0 0
d 0 0 -1.2304537358389769e-15 0 0 -2.2165516965739601e-20 585 585 1.230475991434243e-15 0 0 0
d 0 0 -1.2317223542387616e-15 0 0 -2.3064923412549104e-20 590 590 1.2317455517314927e-15 0 0 0
d 0 0 -1.2329983153283776e-15 0 0 -2.398993852448179e-20 595 595 1.2330224686542589e-15 0 0 0
d 0 0 -1.2342832616152637e-15 0 0 -2.4942018117161099e-20 600 600 1.2343083847014168e-15 0 0 0
d 0 0 -1.2355782673017874e-15 0 0 -2.5922236532181152e-20 605 605 1.2356045306013914e-15 0 0 0
d 0 0 -1.2368841662517435e-15 0 0 -2.6931509838560178e-20 610 610 1.2369114637719035e-15 0 0 0
d 0 0 -1.2382016532412703e-15 0 0 -2.7970660347977068e-20 615 615 1.2382300626419362e-15 0 0 0
d 0 0 -1.2395313335595788e-15 0 0 -2.9040447737649639e-20 620 620 1.2395609079476882e-15 0 0 0
d 0 0 -1.2408737635051913e-15 0 0 -3.014159745577226e-20 625 625 1.2409039109346598e-15 0 0 0
d 0 0 -1.2422294928325309e-15 0 0 -3.1274835322439586e-20 630 630 1.2422603940421234e-15 0 0 0
d 0 0 -1.2435991094628655e-15 0 0 -3.244093024276793e-20 635 635 1.243630795385375e-15 0 0 0
d 0 0 -1.2449832864393305e-15 0 0 -3.364074274137178e-20 640 640 1.2450160177886345e-15 0 0 0
d 0 0 -1.2463828191482492e-15 0 0 -3.4875267473624752e-20 645 645 1.2464171455112489e-15 0 0 0
d 0 0 -1.2477986149375989e-15 0 0 -3.6145634211095476e-20 650 650 1.2478341516675776e-15 0 0 0
d 0 0 -1.2492315688538767e-15 0 0 -3.7452997795664034e-20 655 655 1.2492683733575145e-15 0 0 0
d 0 0 -1.2506820622394922e-15 0 0 -3.8798050840961075e-20 660 660 1.250720199722653e-15 0 0 0
d 0 0 -1.2521210737365958e-15 0 0 -4.0152646061091007e-20 665 665 1.2521605313060152e-15 0 0 0
d 0 0 -1.2535614318671014e-15 0 0 -4.1528592647709088e-20 670 670 1.2536023022058185e-15 0 0 0
d 0 0 -1.2550161207479272e-15 0 0 -4.293857459526651e-20 675 675 1.2550583578941191e-15 0 0 0
d 0 0 -1.256378642371292e-15 0 0 -4.4273829899984308e-20 680 680 1.2564218911630741e-15 0 0 0
d 0 0 -1.257752112546498e-15 0 0 -4.5637041470569649e-20 685 685 1.2577970692079963e-15 0 0 0
d 0 0 -1.259141265884984e-15 0 0 -4.7033178743436976e-20 690 690 1.2591871956435489e-15 0 0 0
d 0 0 -1.2605478343223777e-15 0 0 -4.8464248266408781e-20 695 695 1.2605953276742938e-15 0 0 0
d 0 0 -1.2619728475726663e-15 0 0 -4.9931569922396308e-20 700 700 1.2620218005243411e-15 0 0 0
d 0 0 -1.2634170969760795e-15 0 0 -5.1436232817795593e-20 705 705 1.2634677297466627e-15 0 0 0
d 0 0 -1.2648812846913392e-15 0 0 -5.297923954342963e-20 710 710 1.2649328637136038e-15 0 0 0
d 0 0 -1.2663660628629557e-15 0 0 -5.4561574087627387e-20 715 715 1.2664193419774269e-15 0 0 0
d 0 0 -1.267872106498594e-15 0 0 -5.6184246993107385e-20 720 720 1.2679267039707364e-15 0 0 0
d 0 0 -1.2694001347904782e-15 0 0 -5.7848332790309531e-20 725 725 1.2694565264073509e-15 0 0 0
d 0 0 -1.2709509376817398e-15 0 0 -5.9555003360814287e-20 730 730 1.2710072739816228e-15 0 0 0
d 0 0 -1.2725253977869657e-15 0 0 -6.1305556470130342e-20 735 735 1.2725833871757524e-15 0 0 0
d 0 0 -1.2741244941732535e-15 0 0 -6.3101425520647095e-20 740 740 1.2741842898646208e-15 0 0 0
d 0 0 -1.2757492481957485e-15 0 0 -6.4944120698839101e-20 745 745 1.2758109182915785e-15 0 0 0
d 0 0 -1.2774005247862894e-15 0 0 -6.6834997802504902e-20 750 750 1.2774641538662677e-15 0 0 0
d 0 0 -1.2790782481697413e-15 0 0 -6.8774326059765544e-20 755 755 1.2791439348492927e-15 0 0 0
d 0 0 -1.2807199797201299e-15 0 0 -7.0688248730959471e-20 760 760 1.28078868452552e-15 0 0 0
d 0 0 -1.282415758554269e-15 0 0 -7.2683094231305303e-20 765 765 1.2824904882102939e-15 0 0 0
d 0 0 -1.2840821427443297e-15 0 0 -7.4659191580930325e-20 770 770 1.2841538128140123e-15 0 0 0
d 0 0 -1.2856523884769905e-15 0 0 -7.6534016908368184e-20 775 775 1.2857274971719362e-15 0 0 0
d 0 0 -1.2872389329138989e-15 0 0 -7.8442412803833835e-20 780 780 1.2873144563525073e-15 0 0 0
d 0 0 -1.2888468913081943e-15 0 0 -8.0390762253131329e-20 785 785 1.2889245793242201e-15 0 0 0
d 0 0 -1.2904781823066543e-15 0 0 -8.2381645140694825e-20 790 790 1.2905580890298862e-15 0 0 0
d 0 0 -1.292133947648497e-15 0 0 -8.4416726110949371e-20 795 795 1.292216085820813e-15 0 0 0
d 0 0 -1.2938150593428788e-15 0 0 -8.6497360028910557e-20 800 800 1.293899362746999e-15 0 0 0
d 0 0 -1.2955222774288485e-15 0 0 -8.8624780743085721e-20 805 805 1.2956086465272759e-15 0 0 0
d 0 0 -1.2972563169106633e-15 0 0 -9.0800182141691597e-20 810 810 1.2973428814979198e-15 0 0 0
d 0 0 -1.2990178877125169e-15 0 0 -9.3024767525243468e-20 815 815 1.299106951400521e-15 0 0 0
d 0 0 -1.3008077242571202e-15 0 0 -9.529978855438736e-20 820 820 1.300899217222305e-15 0 0 0
d 0 0 -1.3026265962188219e-15 0 0 -9.7626560262640453e-20 825 825 1.3027200505950652e-15 0 0 0
d 0 0 -1.3044752418009291e-15 0 0 -1.0000637656457882e-19 830 830 1.3045714306348583e-15 0 0 0
d 0 0 -1.3063541318812485e-15 0 0 -1.0244020186066069e-19 835 835 1.3064470999550849e-15 0 0 0
d 0 0 -1.3082625793818163e-15 0 0 -1.0492749010543347e-19 840 840 1.3083584216558077e-15 0 0 0
d 0 0 -1.3101268983734473e-15 0 0 -1.073712234430687e-19 845 845 1.3102306613015509e-15 0 0 0
d 0 0 -1.3120346876078023e-15 0 0 -1.098864693357662e-19 850 850 1.3121444750324473e-15 0 0 0
d 0 0 -1.3138949570840341e-15 0 0 -1.1235232266764123e-19 855 855 1.3139978719662877e-15 0 0 0
d 0 0 -1.31561727045957e-15 0 0 -1.1464609029245261e-19 860 860 1.31572790173121e-15 0 0 0
d 0 0 -1.3173520360662727e-15 0 0 -1.1696767540910463e-19 865 865 1.3174652884230153e-15 0 0 0
d 0 0 -1.3191066029507015e-15 0 0 -1.1932707017232304e-19 870 870 1.3192223561364265e-15 0 0 0
d 0 0 -1.3208834948164252e-15 0 0 -1.2172788690943149e-19 875 875 1.3209988435834705e-15 0 0 0
d 0 0 -1.32268408749961e-15 0 0 -1.2417223279340619e-19 880 880 1.3227898673692642e-15 0 0 0
d 0 0 -1.3245093727956154e-15 0 0 -1.266617199930814e-19 885 885 1.3246175866152093e-15 0 0 0
d 0 0 -1.3263600689490889e-15 0 0 -1.2919761196463874e-19 890 890 1.3264707213886367e-15 0 0 0
d 0 0 -1.3282363306934416e-15 0 0 -1.3178041266484353e-19 895 895 1.3283510612824614e-15 0 0 0
d 0 0 -1.3301362879885939e-15 0 0 -1.3440782225367027e-19 900 900 1.3302549530055697e-15 0 0 0
d 0 0 -1.3319716138840282e-15 0 0 -1.3695696867590371e-19 905 905 1.3320742728518213e-15 0 0 0
d 0 0 -1.33290846774643e-15 0 0 -1.3826244198866767e-19 907.5 907.5 1.3329917084743739e-15 0 0 0
d 0 0 -1.3338748702462905e-15 0 0 -1.3961210050928616e-19 910 910 1.333998703794505e-15 0 0 0
d 0 0 -1.3357431249641219e-15 0 0 -1.4222956547027414e-19 915 915 1.3358552941698379e-15 0 0 0
d 0 0 -1.3375533382017845e-15 0 0 -1.4477605610587833e-19 920 920 1.3376703768964932e-15 0 0 0
d 0 0 -1.3393838407656027e-15 0 0 -1.4736148330428785e-19 925 925 1.3394737996434112e-15 0 0 0
d 0 0 -1.341236463652493e-15 0 0 -1.4998867395813146e-19 930 930 1.3413406684299119e-15 0 0 0
d 0 0 -1.3431119701085994e-15 0 0 -1.5265897397647675e-19 935 935 1.3430690370980189e-15 0 0 0
d 0 0 -1.3450109536265839e-15 0 0 -1.5537351680619942e-19 940 940 1.3449198469820499e-15 0 0 0
d 0 0 -1.3469339373969825e-15 0 0 -1.5813334529025363e-19 945 945 1.3467079607643154e-15 0 0 0
d 0 0 -1.348881315240609e-15 0 0 -1.6093933531676752e-19 950 950 1.3480710057838554e-15 0 0 0
d 0 0 -1.3508533170050429e-15 0 0 -1.6379213770175105e-19 955 955 1.3482739330079558e-15 0 0 0
d 0 0 -1.3528499393943521e-15 0 0 -1.6669206539268668e-19 960 960 1.3506677260696555e-15 0 0 0
d 0 0 -1.3548710070418811e-15 0 0 -1.6963921087737312e-19 965 965 1.3547571785213318e-15 0 0 0
d 0 0 -1.3558907960229178e-15 0 0 -1.7113071199824281e-19 967.5 967.5 1.355702730963343e-15 0 0 0
d 0 0 -1.3569169039781744e-15 0 0 -1.7263446194548627e-19 970 970 1.3565929599044525e-15 0 0 0
d 0 0 -1.3579494909645663e-15 0 0 -1.7415072935609326e-19 972.5 972.5 1.3573661331696959e-15 0 0 0
d 0 0 -1.3589886778175501e-15 0 0 -1.7567973946955302e-19 975 975 1.3582357917827045e-15 0 0 0
d 0 0 -1.3610871532190593e-15 0 0 -1.7877664675397529e-19 980 980 1.3609908734459609e-15 0 0 0
d 0 0 -1.3632128349496969e-15 0 0 -1.8192631027232614e-19 985 985 1.3584747299221127e-15 0 0 0
d 0 0 -1.3653660824104342e-15 0 0 -1.8512969570034557e-19 990 990 1.3617384376455803e-15 0 0 0
d 0 0 -1.367547249665945e-15 0 0 -1.8838774418892129e-19 995 995 1.3647901109855149e-15 0 0 0
d 0 0 -1.3697568860234218e-15 0 0 -1.9170181761149004e-19 1000 1000 1.3683057986015274e-15 0 0 0
d 0 0 -1.3719959744472384e-15 0 0 -1.950738054622179e-19 1005 1005 1.3718263483591063e-15 0 0 0
d 0 0 -1.3742658409513946e-15 0 0 -1.9850627604240629e-19 1010 1010 1.3651547377673132e-15 0 0 0
d 0 0 -1.3765671677008585e-15 0 0 -2.0200075434004662e-19 1015 1015 1.3757945306285095e-15 0 0 0
d 0 0 -1.37889949042672e-15 0 0 -2.0555716205843762e-19 1020 1020 1.3744229761180603e-15 0 0 0
d 0 0 -1.3812638535059006e-15 0 0 -2.0917766277576451e-19 1025 1025 1.3711472815859756e-15 0 0 0
d 0 0 -1.3836613437936254e-15 0 0 -2.1286455522653343e-19 1030 1030 1.3718406396085131e-15 0 0 0
d 0 0 -1.386092711790852e-15 0 0 -2.1661966037630423e-19 1035 1035 1.3734688028024907e-15 0 0 0
d 0 0 -1.3885586429325264e-15 0 0 -2.204447382520172e-19 1040 1040 1.374892751030127e-15 0 0 0
d 0 0 -1.3910598945310995e-15 0 0 -2.2434169276550648e-19 1045 1045 1.3776951972789339e-15 0 0 0
d 0 0 -1.3935972179247778e-15 0 0 -2.283124778281344e-19 1050 1050 1.380099584958269e-15 0 0 0
d 0 0 -1.3961711637910613e-15 0 0 -2.3235876933415911e-19 1055 1055 1.3828424556897782e-15 0 0 0
d 0 0 -1.3987822066690135e-15 0 0 -2.3648216400140811e-19 1060 1060 1.3856306788109362e-15 0 0 0
d 0 0 -1.401430903262127e-15 0 0 -2.4068443052544615e-19 1065 1065 1.3876868837793652e-15 0 0 0
d 0 0 -1.404117918171225e-15 0 0 -2.4496755535843374e-19 1070 1070 1.3893142568894506e-15 0 0 0
d 0 0 -1.4068439591380642e-15 0 0 -2.4933364460399068e-19 1075 1075 1.3912650719964367e-15 0 0 0
d 0 0 -1.4096094347262889e-15 0 0 -2.5378437593246125e-19 1080 1080 1.3934644560615563e-15 0 0 0
d 0 0 -1.4124148143961263e-15 0 0 -2.5832157277377865e-19 1085 1085 1.3965002090887855e-15 0 0 0
d 0 0 -1.4152607897040704e-15 0 0 -2.6294747133694483e-19 1090 1090 1.4002159216935974e-15 0 0 0
d 0 0 -1.4181479801026136e-15 0 0 -2.676642500621372e-19 1095 1095 1.4032186533699637e-15 0 0 0
d 0 0 -1.4210769130340675e-15 0 0 -2.724739964301374e-19 1100 1100 1.4065219169498716e-15 0 0 0
d 0 0 -1.4240480725475751e-15 0 0 -2.7737878538873382e-19 1105 1105 1.4221561576290507e-15 0 0 0
d 0 0 -1.4270619259102179e-15 0 0 -2.8238072571837378e-19 1110 1110 1.4251559592461351e-15 0 0 0
d 0 0 -1.4301189202580432e-15 0 0 -2.8748195372410253e-19 1115 1115 1.4177188215663381e-15 0 0 0
d 0 0 -1.4332194558228544e-15 0 0 -2.9268458941261486e-19 1120 1120 1.4214142667807864e-15 0 0 0
d 0 0 -1.4363639228543419e-15 0 0 -2.9799073802943786e-19 1125 1125 1.4249294146523429e-15 0 0 0
d 0 0 -1.4395526341971613e-15 0 0 -3.034025458299073e-19 1130 1130 1.4283060724778279e-15 0 0 0
d 0 0 -1.4427859492026508e-15 0 0 -3.0892227221373912e-19 1135 1135 1.4318070861206148e-15 0 0 0
d 0 0 -1.4460642945371537e-15 0 0 -3.1455234529547616e-19 1140 1140 1.4356112570472767e-15 0 0 0
d 0 0 -1.4493881537485785e-15 0 0 -3.202953637298857e-19 1145 1145 1.4396845491379692e-15 0 0 0
d 0 0 -1.452757986891816e-15 0 0 -3.2615396097036428e-19 1150 1150 1.4439067855393566e-15 0 0 0
d 0 0 -1.4561741764212118e-15 0 0 -3.3213071057438273e-19 1155 1155 1.4479974819472745e-15 0 0 0
d 0 0 -1.4596369540207697e-15 0 0 -3.382279937884441e-19 1160 1160 1.4518193099668749e-15 0 0 0
d 0 0 -1.4631465223500765e-15 0 0 -3.4444820820062386e-19 1165 1165 1.4555282364107556e-15 0 0 0
d 0 0 -1.4667032085141799e-15 0 0 -3.5079404104478836e-19 1170 1170 1.4593793217167818e-15 0 0 0
d 0 0 -1.4703074375564178e-15 0 0 -3.5726842877978246e-19 1175 1175 1.4634038770262154e-15 0 0 0
d 0 0 -1.4739596364801433e-15 0 0 -3.6387438912051023e-19 1180 1180 1.4675359572772741e-15 0 0 0
d 0 0 -1.4776602045000065e-15 0 0 -3.7061496724611583e-19 1185 1185 1.4717742438345869e-15 0 0 0
d 0 0 -1.4814095327271273e-15 0 0 -3.7749325189039585e-19 1190 1190 1.4757855295529307e-15 0 0 0
d 0 0 -1.4852080776814124e-15 0 0 -3.8451239125551215e-19 1195 1195 1.4800527085607205e-15 0 0 0
d 0 0 -1.4890561107113599e-15 0 0 -3.9167558388936914e-19 1200 1200 1.4843429882709988e-15 0 0 0
d 0 0 -1.4929539953615438e-15 0 0 -3.9898610462921725e-19 1205 1205 1.4886557568827439e-15 0 0 0
d 0 0 -1.4969020991152759e-15 0 0 -4.0644730557501249e-19 1210 1210 1.4929915232261253e-15 0 0 0
d 0 0 -1.5009007935627913e-15 0 0 -4.1406261464687631e-19 1215 1215 1.4973513480267024e-15 0 0 0
d 0 0 -1.5049504560910264e-15 0 0 -4.2183553679132134e-19 1220 1220 1.5017366149168365e-15 0 0 0
d 0 0 -1.5090514716179534e-15 0 0 -4.2976965509102173e-19 1225 1225 1.5061489361431853e-15 0 0 0
d 0 0 -1.5132042343793337e-15 0 0 -4.3786863179948161e-19 1230 1230 1.5105901112485224e-15 0 0 0
d 0 0 -1.5174091497910322e-15 0 0 -4.4613620938305653e-19 1235 1235 1.515062120764636e-15 0 0 0
d 0 0 -1.5216666364299914e-15 0 0 -4.5457621166267244e-19 1240 1240 1.5195245925357252e-15 0 0 0
d 0 0 -1.5259771281541356e-15 0 0 -4.631925451680173e-19 1245 1245 1.5240942049279136e-15 0 0 0
d 0 0 -1.5303410764217693e-15 0 0 -4.7198920079057249e-19 1250 1250 1.5286736939485235e-15 0 0 0
d 0 0 -1.5347589523749657e-15 0 0 -4.8097025501558781e-19 1255 1255 1.5332938415571022e-15 0 0 0
d 0 0 -1.5392312500044134e-15 0 0 -4.9013987332155839e-19 1260 1260 1.5379564082214162e-15 0 0 0
d 0 0 -1.5437584866359811e-15 0 0 -4.9950230973162385e-19 1265 1265 1.5345242573624504e-15 0 0 0
d 0 0 -1.5483411960104143e-15 0 0 -5.0906188092913122e-19 1270 1270 1.5400141153725299e-15 0 0 0
d 0 0 -1.5529799405643423e-15 0 0 -5.1882299747256037e-19 1275 1275 1.5452647854543e-15 0 0 0
d 0 0 -1.5576753008123837e-15 0 0 -5.2879012909892756e-19 1280 1280 1.5507138444510816e-15 0 0 0
d 0 0 -1.5624278856332995e-15 0 0 -5.3896782431044876e-19 1285 1285 1.5559774959833454e-15 0 0 0
d 0 0 -1.5672383321010128e-15 0 0 -5.493607077217127e-19 1290 1290 1.5612520484969519e-15 0 0 0
d 0 0 -1.5721073343313724e-15 0 0 -5.5997354054102875e-19 1295 1295 1.5665657382576044e-15 0 0 0
d 0 0 -1.5770356437663163e-15 0 0 -5.7081121903183629e-19 1300 1300 1.5719519090368563e-15 0 0 0
d 0 0 -1.5820240373953482e-15 0 0 -5.8187869975509472e-19 1305 1305 1.5773704225493387e-15 0 0 0
d 0 0 -1.587073320176688e-15 0 0 -5.9318099852461988e-19 1310 1310 1.5828228228610717e-15 0 0 0
d 0 0 -1.5921843691380578e-15 0 0 -6.0472328514382359e-19 1315 1315 1.5883080523081395e-15 0 0 0
d 0 0 -1.5973580925393546e-15 0 0 -6.1651078656360079e-19 1320 1320 1.5938253624984179e-15 0 0 0
d 0 0 -1.60259545665404e-15 0 0 -6.2854884244139036e-19 1325 1325 1.5993766198382971e-15 0 0 0
d 0 0 -1.6078974831940347e-15 0 0 -6.408428929312903e-19 1330 1330 1.6049646742042136e-15 0 0 0
d 0 0 -1.6132652404915392e-15 0 0 -6.5339844269826703e-19 1335 1335 1.6105927564168124e-15 0 0 0
d 0 0 -1.6186998544584331e-15 0 0 -6.6622111285980638e-19 1340 1340 1.616264083849627e-15 0 0 0
d 0 0 -1.6242024623282027e-15 0 0 -6.7931661516335122e-19 1345 1345 1.6223734306798701e-15 0 0 0
d 0 0 -1.6297743105409072e-15 0 0 -6.9269075741556654e-19 1350 1350 1.6261989956093543e-15 0 0 0
d 0 0 -1.6354168223267447e-15 0 0 -7.0634945787653091e-19 1355 1355 1.6316826599547269e-15 0 0 0
d 0 0 -1.6411312828561834e-15 0 0 -7.2029867421810099e-19 1360 1360 1.637187442648955e-15 0 0 0
d 0 0 -1.6469191063984813e-15 0 0 -7.3454437100705296e-19 1365 1365 1.6427145603416385e-15 0 0 0
d 0 0 -1.6527817271417503e-15 0 0 -7.4909228451067998e-19 1370 1370 1.6482277725300893e-15 0 0 0
d 0 0 -1.6587198379118419e-15 0 0 -7.6394724169556734e-19 1375 1375 1.6537598463286314e-15 0 0 0
d 0 0 -1.6647326711655716e-15 0 0 -7.7911161034575993e-19 1380 1380 1.6593018991253702e-15 0 0 0
d 0 0 -1.6708182018913695e-15 0 0 -7.9458216286377872e-19 1385 1385 1.6648026770422235e-15 0 0 0
d 0 0 -1.6769701107907679e-15 0 0 -8.1034333298219242e-19 1390 1390 1.6701691908644395e-15 0 0 0
d 0 0 -1.6831731882106737e-15 0 0 -8.2635508007031943e-19 1395 1395 1.6752832602420926e-15 0 0 0
d 0 0 -1.6893962092231894e-15 0 0 -8.4253232283600472e-19 1400 1400 1.6893072701320272e-15 0 0 0
d 0 0 -1.6918800809257626e-15 0 0 -8.4901947833757263e-19 1402 1402 1.6895553728126388e-15 0 0 0
d 0 0 -1.6943573131881225e-15 0 0 -8.555055358280398e-19 1404 1404 1.6918557367549329e-15 0 0 0
d 0 0 -1.6968191516440248e-15 0 0 -8.6196623172651045e-19 1406 1406 1.6940533846269725e-15 0 0 0
d 0 0 -1.6992552304561304e-15 0 0 -8.6837259351982959e-19 1408 1408 1.6961691299336111e-15 0 0 0
d 0 0 -1.7016617731288474e-15 0 0 -8.7471331372776455e-19 1410 1410 1.6982729051257414e-15 0 0 0
d 0 0 -1.7040397868251167e-15 0 0 -8.8099008891097154e-19 1412 1412 1.7003910908952118e-15 0 0 0
d 0 0 -1.706395222383864e-15 0 0 -8.8721825667735833e-19 1414 1414 1.7025647321497295e-15 0 0 0
d 0 0 -1.7087369998047261e-15 0 0 -8.9342153701838815e-19 1416 1416 1.7048073714620514e-15 0 0 0
d 0 0 -1.7110737502307938e-15 0 0 -8.996231257670429e-19 1418 1418 1.7071071353071378e-15 0 0 0
d 0 0 -1.7134118207147559e-15 0 0 -9.0584013980706834e-19 1420 1420 1.7094452943405705e-15 0 0 0
d 0 0 -1.7157551205428761e-15 0 0 -9.120830968524758e-19 1422 1422 1.7118077685052185e-15 0 0 0
d 0 0 -1.7181058207398941e-15 0 0 -9.1835777040176482e-19 1424 1424 1.7141865951306322e-15 0 0 0
d 0 0 -1.720465079138545e-15 0 0 -9.2466714986152482e-19 1426 1426 1.7165778595804129e-15 0 0 0
d 0 0 -1.7228335238804752e-15 0 0 -9.3101275658253719e-19 1428 1428 1.7189797903972027e-15 0 0 0
d 0 0 -1.725211520468778e-15 0 0 -9.3739537319224229e-19 1430 1430 1.7213916386266165e-15 0 0 0
d 0 0 -1.7275993088544281e-15 0 0 -9.4381541908965742e-19 1432 1432 1.7238131139033267e-15 0 0 0
d 0 0 -1.7299970679956341e-15 0 0 -9.5027312698070232e-19 1434 1434 1.7262441279784649e-15 0 0 0
d 0 0 -1.7324049449817515e-15 0 0 -9.5676862182588284e-19 1436 1436 1.7286846764554971e-15 0 0 0
d 0 0 -1.734823067371172e-15 0 0 -9.6330195331352249e-19 1438 1438 1.7311347866870509e-15 0 0 0
d 0 0 -1.7372515477083966e-15 0 0 -9.6987310650229469e-19 1440 1440 1.733594494312827e-15 0 0 0
d 0 0 -1.7396904843604988e-15 0 0 -9.7648200203393888e-19 1442 1442 1.7360638320714801e-15 0 0 0
d 0 0 -1.7421399605142264e-15 0 0 -9.8312849097995712e-19 1444 1444 1.7385428237265771e-15 0 0 0
d 0 0 -1.7446000421104457e-15 0 0 -9.8981234643663685e-19 1446 1446 1.7410314800244615e-15 0 0 0
d 0 0 -1.7470707750047393e-15 0 0 -9.9653325262041431e-19 1448 1448 1.7435297953740869e-15 0 0 0
d 0 0 -1.7495521829812643e-15 0 0 -1.0032907937882552e-18 1450 1450 1.7460378150516521e-15 0 0 0
d 0 0 -1.7520442595612537e-15 0 0 -1.0100844328778566e-18 1452 1452 1.7485554772980658e-15 0 0 0
d 0 0 -1.7545469651225494e-15 0 0 -1.0169134958469402e-18 1454 1454 1.7510825819830504e-15 0 0 0
d 0 0 -1.7570602215495269e-15 0 0 -1.0237771505236519e-18 1456 1456 1.7536190969471164e-15 0 0 0
d 0 0 -1.75958390412319e-15 0 0 -1.0306743791296441e-18 1458 1458 1.7561646540329925e-15 0 0 0
d 0 0 -1.7621178326681192e-15 0 0 -1.0376039466755891e-18 1460 1460 1.7587195031282384e-15 0 0 0
d 0 0 -1.7646617598886373e-15 0 0 -1.0445643598807954e-18 1462 1462 1.7612832587933942e-15 0 0 0
d 0 0 -1.7672153490753909e-15 0 0 -1.0515537918250538e-18 1464 1464 1.7638551559952314e-15 0 0 0
d 0 0 -1.7697791803088912e-15 0 0 -1.0585732683190453e-18 1466 1466 1.7664298474490327e-15 0 0 0
d 0 0 -1.7723536955325582e-15 0 0 -1.0656233327469296e-18 1468 1468 1.7690252205783636e-15 0 0 0
d 0 0 -1.7749368652080159e-15 0 0 -1.0726966411213471e-18 1470 1470 1.7716335939358352e-15 0 0 0
d 0 0 -1.7775260273746889e-15 0 0 -1.0797836978010495e-18 1472 1472 1.7742496738308908e-15 0 0 0
d 0 0 -1.7801201742157644e-15 0 0 -1.0868801598721246e-18 1474 1474 1.7768586052832386e-15 0 0 0
d 0 0 -1.7827185109964995e-15 0 0 -1.0939822820428907e-18 1476 1476 1.779475062353187e-15 0 0 0
d 0 0 -1.7853204597878981e-15 0 0 -1.1010869368429014e-18 1478 1478 1.7820985518964987e-15 0 0 0
d 0 0 -1.7879259281062784e-15 0 0 -1.1081924922920232e-18 1480 1480 1.7847285238222855e-15 0 0 0
d 0 0 -1.7905355248982524e-15 0 0 -1.1152995325323938e-18 1482 1482 1.7873642994392626e-15 0 0 0
d 0 0 -1.7931505543723411e-15 0 0 -1.1224109909125264e-18 1484 1484 1.792003302210601e-15 0 0 0
d 0 0 -1.7957729020456258e-15 0 0 -1.1295315322780116e-18 1486 1486 1.795180274734419e-15 0 0 0
d 0 0 -1.7984047266471385e-15 0 0 -1.1366664160582691e-18 1488 1488 1.7978401980213341e-15 0 0 0
d 0 0 -1.8010478622749174e-15 0 0 -1.1438203808412432e-18 1490 1490 1.8005072444231303e-15 0 0 0
d 0 0 -1.8037039037862304e-15 0 0 -1.1509971480339289e-18 1492 1492 1.8031842518180793e-15 0 0 0
d 0 0 -1.8063739110702715e-15 0 0 -1.158199260839774e-18 1494 1494 1.7975533141426565e-15 0 0 0
d 0 0 -1.8090593364724089e-15 0 0 -1.1654285132256114e-18 1496 1496 1.8003383738176855e-15 0 0 0
d 0 0 -1.8117607353232282e-15 0 0 -1.1726858214359793e-18 1498 1498 1.8031296292849574e-15 0 0 0
d 0 0 -1.814478779630883e-15 0 0 -1.179971708929366e-18 1500 1500 1.8059293463475467e-15 0 0 0
d 0 0 -1.8172140849680052e-15 0 0 -1.1872864075727535e-18 1502 1502 1.8087392564497035e-15 0 0 0
d 0 0 -1.8199672345664144e-15 0 0 -1.1946299632007302e-18 1504 1504 1.8115605168641889e-15 0 0 0
d 0 0 -1.8227388009679701e-15 0 0 -1.2020023020655688e-18 1506 1506 1.8143939929098436e-15 0 0 0
d 0 0 -1.8255293592354309e-15 0 0 -1.2094032698175956e-18 1508 1508 1.817240394079338e-15 0 0 0
d 0 0 -1.8283394949560906e-15 0 0 -1.2168326533813411e-18 1510 1510 1.8201003492258565e-15 0 0 0
d 0 0 -1.831169809171828e-15 0 0 -1.224290192601611e-18 1512 1512 1.8229744476610555e-15 0 0 0
d 0 0 -1.8340209215554901e-15 0 0 -1.2317755859254306e-18 1514 1514 1.8258632614775533e-15 0 0 0
d 0 0 -1.8368934726171083e-15 0 0 -1.2392884926551509e-18 1516 1516 1.8287673576391283e-15 0 0 0
d 0 0 -1.8397881253921043e-15 0 0 -1.2468285332332367e-18 1518 1518 1.8316873045370993e-15 0 0 0
d 0 0 -1.8427056341902886e-15 0 0 -1.2543953042146955e-18 1520 1520 1.8346237328507003e-15 0 0 0
d 0 0 -1.8456466833315609e-15 0 0 -1.2619883387186809e-18 1522 1522 1.8375772356670303e-15 0 0 0
d 0 0 -1.848611976282244e-15 0 0 -1.2696071246341102e-18 1524 1524 1.8405483144382405e-15 0 0 0
d 0 0 -1.8516022797543419e-15 0 0 -1.2772511125158645e-18 1526 1526 1.8435375875053651e-15 0 0 0
d 0 0 -1.8546183895774996e-15 0 0 -1.2849197046762551e-18 1528 1528 1.8465456611366819e-15 0 0 0
d 0 0 -1.8576611320544298e-15 0 0 -1.2926122523368334e-18 1530 1530 1.8495731507302474e-15 0 0 0
d 0 0 -1.8607313653419904e-15 0 0 -1.3003280525271505e-18 1532 1532 1.8526206804702763e-15 0 0 0
d 0 0 -1.8638299809770951e-15 0 0 -1.3080663447895269e-18 1534 1534 1.8556888842644604e-15 0 0 0
d 0 0 -1.8669579054863433e-15 0 0 -1.3158263076409811e-18 1536 1536 1.8587784042591575e-15 0 0 0
d 0 0 -1.8701161020107568e-15 0 0 -1.3236070547344769e-18 1538 1538 1.8618898911082028e-15 0 0 0
d 0 0 -1.8733055720639682e-15 0 0 -1.3314076307639058e-18 1540 1540 1.8650240033607452e-15 0 0 0
d 0 0 -1.8765273573989487e-15 0 0 -1.3392270070734134e-18 1542 1542 1.8681814068303451e-15 0 0 0
d 0 0 -1.8797825419967674e-15 0 0 -1.3470640769495273e-18 1544 1544 1.8713627613727588e-15 0 0 0
d 0 0 -1.8830722541786325e-15 0 0 -1.354917650568828e-18 1546 1546 1.8745687645227295e-15 0 0 0
d 0 0 -1.8863976688832775e-15 0 0 -1.3627864495804824e-18 1548 1548 1.8778000841649176e-15 0 0 0
d 0 0 -1.8897602119650538e-15 0 0 -1.370669176358536e-18 1550 1550 1.8893820478696846e-15 0 0 0
d 0 0 -1.8931607530535268e-15 0 0 -1.3785642078378799e-18 1552 1552 1.8927685457935444e-15 0 0 0
d 0 0 -1.896600826077115e-15 0 0 -1.3864700380484864e-18 1554 1554 1.8961925721246423e-15 0 0 0
d 0 0 -1.9000818186425518e-15 0 0 -1.3943849718109182e-18 1556 1556 1.8996554589840069e-15 0 0 0
d 0 0 -1.9036051791569738e-15 0 0 -1.4023071915951618e-18 1558 1558 1.9031585285569133e-15 0 0 0
d 0 0 -1.9071724204247714e-15 0 0 -1.4102347491247128e-18 1560 1560 1.9067031547014976e-15 0 0 0
d 0 0 -1.9107851235547596e-15 0 0 -1.4181655563108745e-18 1562 1562 1.9102907693834914e-15 0 0 0
d 0 0 -1.9144449422349131e-15 0 0 -1.4260973754566503e-18 1564 1564 1.9139228604051937e-15 0 0 0
d 0 0 -1.9181536074164418e-15 0 0 -1.4340278086557524e-18 1566 1566 1.9176009785143076e-15 0 0 0
d 0 0 -1.9219129324651414e-15 0 0 -1.441954286304361e-18 1568 1568 1.9213267416026319e-15 0 0 0
d 0 0 -1.925724818845635e-15 0 0 -1.4498740546319338e-18 1570 1570 1.9251018371507844e-15 0 0 0
d 0 0 -1.9295912624089966e-15 0 0 -1.4577841621427699e-18 1572 1572 1.9289280260815649e-15 0 0 0
d 0 0 -1.9335143603689311e-15 0 0 -1.465681444845127e-18 1574 1574 1.9328071479573485e-15 0 0 0
d 0 0 -1.9374963190656983e-15 0 0 -1.4735625101262344e-18 1576 1576 1.9367411261635116e-15 0 0 0
d 0 0 -1.9415394626318132e-15 0 0 -1.4814237191092965e-18 1578 1578 1.9407319736382883e-15 0 0 0
d 0 0 -1.9456462426925091e-15 0 0 -1.4892611673023725e-18 1580 1580 1.9447817992236825e-15 0 0 0
d 0 0 -1.9498192492559704e-15 0 0 -1.4970706633175896e-18 1582 1582 1.9488928147229137e-15 0 0 0
d 0 0 -1.9540612229743825e-15 0 0 -1.5048477054013395e-18 1584 1584 1.95306734276226e-15 0 0 0
d 0 0 -1.9583750689876952e-15 0 0 -1.5125874554704617e-18 1586 1586 1.9573078255692939e-15 0 0 0
d 0 0 -1.9627638725986412e-15 0 0 -1.5202847102940505e-18 1588 1588 1.9616168347956648e-15 0 0 0
d 0 0 -1.9672309170712612e-15 0 0 -1.5279338693930696e-18 1590 1590 1.9659970825309897e-15 0 0 0
d 0 0 -1.9717797038974295e-15 0 0 -1.5355288991473873e-18 1592 1592 1.9704514336754028e-15 0 0 0
d 0 0 -1.9764139759386046e-15 0 0 -1.5430632924983094e-18 1594 1594 1.9749829198622107e-15 0 0 0
d 0 0 -1.9811377439256382e-15 0 0 -1.5505300235091949e-18 1596 1596 1.979594755149304e-15 0 0 0
d 0 0 -1.9859553168909793e-15 0 0 -1.55792149589084e-18 1598 1598 1.9842903537344357e-15 0 0 0
d 0 0 -1.9908713362692682e-15 0 0 -1.5652294841604706e-18 1600 1600 1.9890733490706548e-15 0 0 0
d 0 0 -1.9958908173290992e-15 0 0 -1.5724450668256387e-18 1602 1602 1.9939476171818627e-15 0 0 0
d 0 0 -2.0010191968789725e-15 0 0 -1.5795585494465454e-18 1604 1604 1.9989173035589454e-15 0 0 0
d 0 0 -2.0062623870002597e-15 0 0 -1.5865593751414504e-18 1606 1606 2.0039868510263682e-15 0 0 0
d 0 0 -2.011626838672669e-15 0 0 -1.5934360206511583e-18 1608 1608 2.0091392044080769e-15 0 0 0
d 0 0 -2.0171196165366837e-15 0 0 -1.6001758745236763e-18 1610 1610 2.0144210249185366e-15 0 0 0
d 0 0 -2.0227485136843846e-15 0 0 -1.6067651037127607e-18 1612 1612 2.0198192206125863e-15 0 0 0
d 0 0 -2.0285220808130707e-15 0 0 -1.6131884598348822e-18 1614 1614 2.0253386484880914e-15 0 0 0
d 0 0 -2.034449807372428e-15 0 0 -1.61942908333707e-18 1616 1616 2.030985821754167e-15 0 0 0
d 0 0 -2.0405422619402103e-15 0 0 -1.6254682675903236e-18 1618 1618 2.0367678260727334e-15 0 0 0
d 0 0 -2.0468112597507854e-15 0 0 -1.6312851522898858e-18 1620 1620 2.0426923925951134e-15 0 0 0
d 0 0 -2.0532700722342441e-15 0 0 -1.6368563549223096e-18 1622 1622 2.0487679792537288e-15 0 0 0
d 0 0 -2.0599336842750905e-15 0 0 -1.6421555263432162e-18 1624 1624 2.0550039290954757e-15 0 0 0
d 0 0 -2.0668190879978577e-15 0 0 -1.6471527401474329e-18 1626 1626 2.0614102962028942e-15 0 0 0
d 0 0 -2.0739456663666212e-15 0 0 -1.6518137992303653e-18 1628 1628 2.0679984420506336e-15 0 0 0
d 0 0 -2.0813356363097379e-15 0 0 -1.6560992855374731e-18 1630 1630 2.0747807564606182e-15 0 0 0
d 0 0 -2.0890145712014111e-15 0 0 -1.6599633212896062e-18 1632 1632 2.0817709556505654e-15 0 0 0
d 0 0 -2.0970119584792779e-15 0 0 -1.6633518898999568e-18 1634 1634 2.0889840854388137e-15 0 0 0
d 0 0 -2.1053609892360274e-15 0 0 -1.6662004215824118e-18 1636 1636 2.105467893488667e-15 0 0 0
d 0 0 -2.1141394780800015e-15 0 0 -1.6684476563888407e-18 1638 1638 2.1141404052210688e-15 0 0 0
d 0 0 -2.1234508427605024e-15 0 0 -1.670022916156481e-18 1640 1640 2.1234302766707126e-15 0 0 0
d 0 0 -2.1333707574584602e-15 0 0 -1.6708136507187174e-18 1642 1642 2.1332725647053884e-15 0 0 0
d 0 0 -2.1439858506145245e-15 0 0 -1.6706763407843272e-18 1644 1644 2.1437463713774174e-15 0 0 0
d 0 0 -2.1554539560990012e-15 0 0 -1.6694711006325526e-18 1646 1646 2.1550923757736478e-15 0 0 0
d 0 0 -2.1679058536211178e-15 0 0 -1.666951246550224e-18 1648 1648 2.1674232037699712e-15 0 0 0
d 0 0 -2.1815185853063966e-15 0 0 -1.6627603217609092e-18 1650 1650 2.1809845719126049e-15 0 0 0
d 0 0 -2.1965766068155939e-15 0 0 -1.6564084664849748e-18 1652 1652 2.196167540890775e-15 0 0 0
d 0 0 -2.2135381847792203e-15 0 0 -1.6471596444803778e-18 1654 1654 2.2136299107004375e-15 0 0 0
d 0 0 -2.2332205968025309e-15 0 0 -1.6337343843864225e-18 1656 1656 2.2344217995025201e-15 0 0 0
d 0 0 -2.2572793565555804e-15 0 0 -1.6135313885739783e-18 1658 1658 2.2570788323295072e-15 0 0 0
d 0 0 -2.290433221663786e-15 0 0 -1.5793478008710214e-18 1660 1660 2.2833920329326664e-15 0 0 0
d 0 0 -2.3167042257126029e-15 0 0 -1.5475379315889925e-18 1661 1661 2.3068290653546421e-15 0 0 0
d 0 0 -2.3416361120960956e-15 0 0 -1.513958584951004e-18 1661.5 1661.5 2.3395287964528303e-15 0 0 0
d 0 0 -2.3482552730175524e-15 0 0 -1.5045499215475371e-18 1661.5625 1661.5625 2.340837470939322e-15 0 0 0
d 0 0 -2.3540383363549548e-15 0 0 -1.4961641145265726e-18 1661.59375 1661.59375 2.3481312535295253e-15 0 0 0
d 0 0 -2.3546222658684968e-15 0 0 -1.4953100176174856e-18 1661.595703125 1661.595703125 2.3481588306432866e-15 0 0 0
d 0 0 -2.3552854001337483e-15 0 0 -1.4943382300774348e-18 1661.59765625 1661.59765625 2.3475982778578617e-15 0 0 0
d 0 0 -2.3556593986004182e-15 0 0 -1.4937897200938891e-18 1661.5986328125 1661.5986328125 2.3496339071645956e-15 0 0 0
d 0 0 -2.3558604345435011e-15 0 0 -1.4934944916735275e-18 1661.59912109375 1661.59912109375 2.3498511020989769e-15 0 0 0
d 0 0 -2.3560728007146338e-15 0 0 -1.4931821461922043e-18 1661.599609375 1661.599609375 2.3482919785258941e-15 0 0 0
d 0 0 -2.3561842945072917e-15 0 0 -1.4930184576867274e-18 1661.599853515625 1661.599853515625 2.349758464580046e-15 0 0 0
d 0 0 -2.3562992399883049e-15 0 0 -1.4928492221926825e-18 1661.60009765625 1661.60009765625 2.3486427433024018e-15 0 0 0
d 0 0 -2.3564186279370479e-15 0 0 -1.4926736783281338e-18 1661.600341796875 1661.600341796875 2.3492933357455242e-15 0 0 0
d 0 0 -2.3564799760252202e-15 0 0 -1.4925833581144014e-18 1661.6004638671875 1661.6004638671875 2.3490415159183127e-15 0 0 0
d 0 0 -2.3565426398681172e-15 0 0 -1.492491168918031e-18 1661.6005859375 1661.6005859375 2.3493156341555564e-15 0 0 0
d 0 0 -2.3566066135561913e-15 0 0 -1.4923970163009778e-18 1661.6007080078125 1661.6007080078125 2.3494716536645094e-15 0 0 0
d 0 0 -2.3566719835672824e-15 0 0 -1.4923007706845735e-18 1661.600830078125 1661.600830078125 2.349504797592471e-15 0 0 0
d 0 0 -2.3567388466217595e-15 0 0 -1.4922022875246864e-18 1661.6009521484375 1661.6009521484375 2.3494082371020792e-15 0 0 0
d 0 0 -2.3568073108314257e-15 0 0 -1.4921014049505751e-18 1661.60107421875 1661.60107421875 2.3491682967601153e-15 0 0 0
d 0 0 -2.3568774977112544e-15 0 0 -1.4919979407086376e-18 1661.6011962890625 1661.6011962890625 2.3487626864181043e-15 0 0 0
d 0 0 -2.3569133493658462e-15 0 0 -1.4919451554890186e-18 1661.6012573242188 1661.6012573242188 2.3490333523756073e-15 0 0 0
d 0 0 -2.3569497565166776e-15 0 0 -1.4918916226855329e-18 1661.601318359375 1661.601318359375 2.3497836886861626e-15 0 0 0
d 0 0 -2.3569866645111424e-15 0 0 -1.4918373346616684e-18 1661.6013793945312 1661.6013793945312 2.3504282527638725e-15 0 0 0
d 0 0 -2.3570238699508708e-15 0 0 -1.491782328806664e-18 1661.6014404296875 1661.6014404296875 2.3493941982425368e-15 0 0 0
d 0 0 -2.3570618517330581e-15 0 0 -1.4917264283741368e-18 1661.6015014648438 1661.6015014648438 2.3499495436892358e-15 0 0 0
d 0 0 -2.3571004079775755e-15 0 0 -1.4916696660617672e-18 1661.6015625 1661.6015625 2.3504315184246838e-15 0 0 0
Q 2 13 "Source Voltage"
Q 3 13 "Gate Voltage"
Q 4 13 "Drain Voltage"
Q 5 13 "Substrate Voltage"
Q 20 13 "Source Current"
Q 21 13 "Gate Current"
Q 22 13 "Drain Current"
Q 23 13 "Substrate Current"
Q 92 21 Contact
Q 601 13 "Source Int. Voltage"
Q 602 13 "Gate Int. Voltage"
Q 603 13 "Drain Int. Voltage"
Q 604 13 "Substrate Int. Voltage"
EOF 730105120
