v VICTORYDEVICE
# silvaco.file ASCII version=1.14.29 format=1 contents=SDB,Tables=1

Copyright "###################################################################"
Copyright "#                    Copyright Silvaco Inc. (c)                   #"
Copyright "#                            1992-2014                            #"
Copyright "#                                                                 #"
Copyright "# This file format and the following Key are copyright Silvaco    #"
Copyright "# International. You may not use, this format or key without      #"
Copyright "# reproducing this message in full and obtaining                  #"
Copyright "# express written permission from Silvaco Inc.                    #"
Copyright "#                                                                 #"
Copyright "# To obtain such permission please contact: Silvaco Inc.          #"
Copyright "#                                           support@silvaco.com   #"
Copyright "#                                                                 #"
Copyright "# KEY=SVC86hn7562asdx                       PROD=345              #"
Copyright "###################################################################"
#This file was created by VICTORYDEVICE version 1.24.0.R
#victoryd 1.24.0.R (Wed Jun 26 14:38:19 PDT 2024)
#libSDB 1.12.65 (Thu Dec  7 08:14:05 PST 2023)
a VICTORYDEVICE
j 1 9
k 4
r 1 92
x 3 43 42 46
w source 1 1
r 2 92
x 3 43 42 46
w gate 1 2
r 3 92
x 3 43 42 46
w drain 1 3
r 4 92
x 3 43 42 46
w substrate 1 4
y 1 15
z 300
f 4 source gate drain substrate
p 12 2 601 20 3 602 21 4 603 22 5 604 23
d 0 0 -0.0011899943369266754 4 4 6.3285148567047663e-05 0.1 0.1 0.0011267091883596276 0 0 0
d 0 0 -0.0023162544647270418 4 4 5.8845384452804922e-05 0.2 0.2 0.0022574090802742362 0 0 0
d 0 0 -0.0034408049925940772 4 4 5.4838899404023825e-05 0.3 0.3 0.0033859660931869198 0 0 0
d 0 0 -0.0045631509175528837 4 4 5.1228764616546359e-05 0.4 0.4 0.0045119221529334739 0 0 0
d 0 0 -0.005682811212015651 4 4 4.797917801001654e-05 0.5 0.5 0.0056348320340039691 0 0 0
d 0 0 -0.0067993810841496301 4 4 4.5055570737690217e-05 0.60000000000000009 0.60000000000000009 0.0067543255134113007 0 0 0
d 0 0 -0.0079125504392464196 4 4 4.2424885519519493e-05 0.7 0.7 0.0078701255537266812 0 0 0
d 0 0 -0.0090220895091301465 4 4 4.0055896950189288e-05 0.8 0.8 0.0089820336121797743 0 0 0
d 0 0 -0.010127829292436897 4 4 3.7919465738855279e-05 0.9 0.9 0.01008990982669563 0 0 0
d 0 0 -0.01122963875668396 4 4 3.5988721009692172e-05 1 1 0.01119365003566509 0 0 0
d 0 0 -0.012327398025272454 4 4 3.4239173243917098e-05 1.1000000000000001 1.1000000000000001 0.01229315885202846 0 0 0
d 0 0 -0.013421002420367541 4 4 3.2648711790117254e-05 1.2000000000000002 1.2000000000000002 0.01338835370857701 0 0 0
d 0 0 -0.014510367507735487 4 4 3.1197558261382698e-05 1.3 1.3 0.014479169946741184 0 0 0
d 0 0 -0.015595400745123181 4 4 2.9868217529328151e-05 1.4000000000000001 1.4000000000000001 0.015565532527578181 0 0 0
d 0 0 -0.016675916181389284 4 4 2.8645436116532323e-05 1.5 1.5 0.016647270744981364 0 0 0
d 0 0 -0.017751312681402055 4 4 2.7516334829384995e-05 1.6000000000000001 1.6000000000000001 0.01772379634121507 0 0 0
d 0 0 -0.018819748549459264 4 4 2.6470883389435501e-05 1.7000000000000002 1.7000000000000002 0.018793277666066678 0 0 0
d 0 0 -0.019879402284458617 4 4 2.5500273679623458e-05 1.8 1.8 0.019853902010765704 0 0 0
d 0 0 -0.020930787765554109 4 4 2.4594919938070537e-05 1.9000000000000001 1.9000000000000001 0.020906192845615696 0 0 0
d 0 0 -0.021974185130492065 4 4 2.3746919879451432e-05 2 2 0.021950438210598201 0 0 0
d 0 0 -0.032023605695987799 4 4 1.735628609155836e-05 3 3 0.03200624940983355 0 0 0
d 0 0 -0.041451919324772712 4 4 1.3179728111355183e-05 4 4 0.041438739596634223 0 0 0
d 0 0 -0.050300345158099051 4 4 1.0281734067960472e-05 5 5 0.050290063424019094 0 0 0
d 0 0 -0.058660508413579025 4 4 8.2167397848915614e-06 6 6 0.058652291673793676 0 0 0
d 0 0 -0.066502785931692038 4 4 6.7303689157924188e-06 7 7 0.066496055562751039 0 0 0
d 0 0 -0.073975298105785417 4 4 5.6217834263161558e-06 8 8 0.073969676322359082 0 0 0
d 0 0 -0.080972431952086033 4 4 4.7904657728544107e-06 9 9 0.080967641486313108 0 0 0
d 0 0 -0.087590729942142356 4 4 4.1448627189853166e-06 10 10 0.087586585079406601 0 0 0
d 0 0 -0.093932469645042371 4 4 3.6257535132713287e-06 11 11 0.093928843891526295 0 0 0
d 0 0 -0.099852119947030693 4 4 3.2108059962768408e-06 12 12 0.099848909141017392 0 0 0
d 0 0 -0.1053559758217878 4 4 2.8741594080256597e-06 13 13 0.10535310166237975 0 0 0
d 0 0 -0.11065352910841303 4 4 2.5877942160442018e-06 14 14 0.11065094131415844 0 0 0
d 0 0 -0.11560681878124413 4 4 2.3490116370229093e-06 15 15 0.11560446976958159 0 0 0
d 0 0 -0.12013706460533939 4 4 2.1523441408792394e-06 16 16 0.12013491226119825 0 0 0
d 0 0 -0.12422205100525067 4 4 1.9910049519142221e-06 17 17 0.1242200600001786 0 0 0
d 0 0 -0.12796694980055848 4 4 1.8551787479406715e-06 18 18 0.12796509462180888 0 0 0
d 0 0 -0.13124988655411696 4 4 1.7447710482608591e-06 19 19 0.13124814178300021 0 0 0
d 0 0 -0.1340548572780878 4 4 1.6563177610053957e-06 20 20 0.13405320096032652 0 0 0
d 0 0 -0.13635787110922248 4 4 1.5874434765914429e-06 21 21 0.13635628366515706 0 0 0
d 0 0 -0.13816762866677704 4 4 1.5355434923188371e-06 22 22 0.13816609312328471 0 0 0
d 0 0 -0.13954582288751294 4 4 1.4972648132091057e-06 23 23 0.13954432562269969 0 0 0
d 0 0 -0.14061236102524347 4 4 1.468351316129981e-06 24 24 0.14061089267390608 0 0 0
d 0 0 -0.14144303897522958 4 4 1.4462471277006339e-06 25 25 0.1414415927280559 0 0 0
d 0 0 -0.14206667818383301 4 4 1.4298854029775525e-06 26 26 0.14206524829835601 0 0 0
d 0 0 -0.14219793730045904 4 4 1.4264667938900986e-06 26.25 26.25 0.14219651083366505 0 0 0
d 0 0 -0.14232071259746124 4 4 1.4232769741877395e-06 26.5 26.5 0.14231928932048704 0 0 0
d 0 0 -0.14254396505562208 4 4 1.4174959679495253e-06 27 27 0.1425425475596532 0 0 0
d 0 0 -0.14291682095365374 4 4 1.4078962216859542e-06 28 28 0.14291541305733502 0 0 0
d 0 0 -0.1432154904923085 4 4 1.4002558676733059e-06 29 29 0.14321409023634132 0 0 0
d 0 0 -0.14346057735291443 4 4 1.3940187315192818e-06 30 30 0.14345918333411128 0 0 0
d 0 0 -0.14366497498851638 4 4 1.3888393293612835e-06 31 31 0.14366358614912078 0 0 0
d 0 0 -0.14383750121568487 4 4 1.3844831966363651e-06 32 32 0.1438361167324255 0 0 0
d 0 0 -0.1439846084702178 4 4 1.3807801320646959e-06 33 33 0.14398322769003494 0 0 0
d 0 0 -0.14411125106021505 4 4 1.3776004835896801e-06 34 34 0.14410987345968557 0 0 0
d 0 0 -0.14422151650000822 4 4 1.3748382282235544e-06 35 35 0.14422014166173622 0 0 0
d 0 0 -0.14431918345602487 4 4 1.3723963879852371e-06 36 36 0.14431781105959901 0 0 0
d 0 0 -0.14440742508022322 4 4 1.370194072752536e-06 37 37 0.14440605488612487 0 0 0
d 0 0 -0.14448661652119571 4 4 1.3682207545111816e-06 38 38 0.14448524830041889 0 0 0
d 0 0 -0.14455625239482883 4 4 1.3664879816042145e-06 39 39 0.14455488590683405 0 0 0
d 0 0 -0.14461711695724477 4 4 1.3649753320035316e-06 40 40 0.14461575198190754 0 0 0
Q 2 13 "Source Voltage"
Q 3 13 "Gate Voltage"
Q 4 13 "Drain Voltage"
Q 5 13 "Substrate Voltage"
Q 20 13 "Source Current"
Q 21 13 "Gate Current"
Q 22 13 "Drain Current"
Q 23 13 "Substrate Current"
Q 92 21 Contact
Q 601 13 "Source Int. Voltage"
Q 602 13 "Gate Int. Voltage"
Q 603 13 "Drain Int. Voltage"
Q 604 13 "Substrate Int. Voltage"
EOF 655410960
