v VICTORYDEVICE
# silvaco.file ASCII version=1.14.29 format=1 contents=SDB,Tables=1

Copyright "###################################################################"
Copyright "#                    Copyright Silvaco Inc. (c)                   #"
Copyright "#                            1992-2014                            #"
Copyright "#                                                                 #"
Copyright "# This file format and the following Key are copyright Silvaco    #"
Copyright "# International. You may not use, this format or key without      #"
Copyright "# reproducing this message in full and obtaining                  #"
Copyright "# express written permission from Silvaco Inc.                    #"
Copyright "#                                                                 #"
Copyright "# To obtain such permission please contact: Silvaco Inc.          #"
Copyright "#                                           support@silvaco.com   #"
Copyright "#                                                                 #"
Copyright "# KEY=SVC86hn7562asdx                       PROD=345              #"
Copyright "###################################################################"
#This file was created by VICTORYDEVICE version 1.24.0.R
#victoryd 1.24.0.R (Wed Jun 26 14:38:19 PDT 2024)
#libSDB 1.12.65 (Thu Dec  7 08:14:05 PST 2023)
a VICTORYDEVICE
j 1 9
k 4
r 1 92
x 3 43 42 46
w source 1 1
r 2 92
x 3 43 42 46
w gate 1 2
r 3 92
x 3 43 42 46
w drain 1 3
r 4 92
x 3 43 42 46
w substrate 1 4
y 1 15
z 300
f 4 source gate drain substrate
p 12 2 601 20 3 602 21 4 603 22 5 604 23
d 0 0 -1.7086928447806373e-16 0 0 -5.1915740698954327e-35 0.01 0.01 1.7081910045990699e-16 0 0 0
d 0 0 -7.3923633662709753e-16 0 0 -3.9767335202229135e-35 0.1 0.1 7.3923634274505779e-16 0 0 0
d 0 0 -8.588277113106507e-16 0 0 8.1373027151656825e-35 0.5 0.5 8.5882771131111455e-16 0 0 0
d 0 0 -8.7674599983539957e-16 0 0 -1.5311823812483426e-36 1 1 8.7674599983539976e-16 0 0 0
d 0 0 -8.9021473182677926e-16 0 0 -1.9262572880162824e-36 2 2 8.9021473182677965e-16 0 0 0
d 0 0 -9.0826039032892958e-16 0 0 3.8690780215377644e-36 4 4 9.0826039032968471e-16 0 0 0
d 0 0 -9.2113644939691215e-16 0 0 9.7134899393437117e-35 6 6 9.2113644939612112e-16 0 0 0
d 0 0 -9.3222336809276406e-16 0 0 2.2475084104351065e-34 8 8 9.3222336809272876e-16 0 0 0
d 0 0 -9.3977312969710947e-16 0 0 1.9955614336822028e-31 10 10 9.3977312969806419e-16 0 0 0
d 0 0 -9.4498731492689556e-16 0 0 3.6563947367184976e-33 12 12 9.4498731492504667e-16 0 0 0
d 0 0 -9.5009517801115492e-16 0 0 5.9765501864349606e-33 14 14 9.5009517800915358e-16 0 0 0
d 0 0 -9.5552735290115278e-16 0 0 4.1967073963061977e-30 16 16 9.5552735306778565e-16 0 0 0
d 0 0 -9.6169945116603673e-16 0 0 9.6047671364302324e-34 18 18 9.616994511696578e-16 0 0 0
d 0 0 -9.6759922935248436e-16 0 0 3.0760710106667645e-32 20 20 9.6759922936323988e-16 0 0 0
d 0 0 -9.7313804272392668e-16 0 0 2.9329342671852652e-30 22 22 9.7313804336524535e-16 0 0 0
d 0 0 -9.7726407230824772e-16 0 0 4.823317421230555e-30 24 24 9.7726407405948126e-16 0 0 0
d 0 0 -9.8085917154356362e-16 0 0 2.1357241916770361e-30 26 26 9.8085917280962621e-16 0 0 0
d 0 0 -9.8439155225938374e-16 0 0 2.4025111936173627e-33 28 28 9.8439155200153272e-16 0 0 0
d 0 0 -9.8786963389923067e-16 0 0 4.0283584591419869e-33 30 30 9.8786963370783172e-16 0 0 0
d 0 0 -9.9126940202216934e-16 0 0 1.5098986904477958e-31 32 32 9.9126940144321683e-16 0 0 0
d 0 0 -9.9458796512965306e-16 0 0 4.9012430477857074e-31 34 34 9.9458796358518115e-16 0 0 0
d 0 0 -9.9782641250294929e-16 0 0 1.8772036317336487e-30 36 36 9.9782640993984831e-16 0 0 0
d 0 0 -1.0009840764460035e-15 0 0 1.4696020997593798e-31 38 38 1.0009840754519262e-15 0 0 0
d 0 0 -1.0040735590524494e-15 0 0 -5.2822482265357582e-32 40 40 1.0040735584183226e-15 0 0 0
d 0 0 -1.0070930383346876e-15 0 0 -1.2830165103176702e-31 42 42 1.0070930377243175e-15 0 0 0
d 0 0 -1.0099316242804055e-15 0 0 9.0727085584145119e-31 44 44 1.009931621838286e-15 0 0 0
d 0 0 -1.0124282047131746e-15 0 0 1.341408435673752e-29 46 46 1.0124282062123478e-15 0 0 0
d 0 0 -1.0145590356714851e-15 0 0 3.988411536643677e-29 48 48 1.0145590374351937e-15 0 0 0
d 0 0 -1.0166144363726398e-15 0 0 1.2798091772804033e-29 50 50 1.016614439342386e-15 0 0 0
d 0 0 -1.0186282907769008e-15 0 0 -4.0992756031444424e-32 52 52 1.0186283015387904e-15 0 0 0
d 0 0 -1.0206107640627458e-15 0 0 -4.5946727875582652e-30 54 54 1.0206107720245335e-15 0 0 0
d 0 0 -1.0225632610052397e-15 0 0 1.2383022503258971e-29 56 56 1.0225632696047205e-15 0 0 0
d 0 0 -1.0244881848326861e-15 0 0 -8.3956518404061659e-30 58 58 1.0244881829163603e-15 0 0 0
d 0 0 -1.0263886149634777e-15 0 0 -1.9062513843031609e-29 60 60 1.0263886178541697e-15 0 0 0
d 0 0 -1.0282676972716365e-15 0 0 -3.0043476093080067e-29 62 62 1.0282676986490789e-15 0 0 0
d 0 0 -1.0301268127669711e-15 0 0 -4.6024857091859485e-29 64 64 1.0301268062539132e-15 0 0 0
d 0 0 -1.0319653322625883e-15 0 0 -7.3372773821610175e-29 66 66 1.0319653283751981e-15 0 0 0
d 0 0 -1.0337838671142704e-15 0 0 -1.1351995143561647e-28 68 68 1.0337838815041916e-15 0 0 0
d 0 0 -1.0355838203558317e-15 0 0 -1.7245965844269432e-28 70 70 1.035583812196502e-15 0 0 0
d 0 0 -1.0373666415421429e-15 0 0 -2.5906100049753917e-28 72 72 1.0373666281918767e-15 0 0 0
d 0 0 -1.0391337542170631e-15 0 0 -3.9251139837552021e-28 74 74 1.0391337491843463e-15 0 0 0
d 0 0 -1.0408862070438815e-15 0 0 -5.8239358551886112e-28 76 76 1.0408861969288071e-15 0 0 0
d 0 0 -1.0426236861625332e-15 0 0 -8.56941891889575e-28 78 78 1.0426236800847169e-15 0 0 0
d 0 0 -1.0443326271718807e-15 0 0 -1.2299325929815473e-27 80 80 1.0443326116405391e-15 0 0 0
d 0 0 -1.0459160096293393e-15 0 0 -1.6583379816209196e-27 82 82 1.0459159802639065e-15 0 0 0
d 0 0 -1.0474318262299245e-15 0 0 -2.2833335964772997e-27 84 84 1.0474318114082424e-15 0 0 0
d 0 0 -1.0487476950752498e-15 0 0 -2.8516333965920226e-27 86 86 1.0487476810582521e-15 0 0 0
d 0 0 -1.0500561669788385e-15 0 0 -3.5817001054833724e-27 88 88 1.0500561594596504e-15 0 0 0
d 0 0 -1.0513587412970921e-15 0 0 -4.4489798411018091e-27 90 90 1.0513587304246421e-15 0 0 0
d 0 0 -1.0526550247343621e-15 0 0 -5.5051536491785888e-27 92 92 1.0526550088392885e-15 0 0 0
d 0 0 -1.0539453436140719e-15 0 0 -6.8182870085185053e-27 94 94 1.0539453315814825e-15 0 0 0
d 0 0 -1.0552299425814361e-15 0 0 -8.408680539657558e-27 96 96 1.0552299225716871e-15 0 0 0
d 0 0 -1.0565089517903844e-15 0 0 -1.0241948015744276e-26 98 98 1.0565089573337569e-15 0 0 0
d 0 0 -1.0577824097737846e-15 0 0 -1.2663265463680836e-26 100 100 1.057782396832272e-15 0 0 0
d 0 0 -1.0609414499452349e-15 0 0 -2.0794100308023153e-26 105 105 1.0609414388094186e-15 0 0 0
d 0 0 -1.0640643697071253e-15 0 0 -3.3589499459583034e-26 110 110 1.0640643477467415e-15 0 0 0
d 0 0 -1.0671504259455355e-15 0 0 -5.3436130141062081e-26 115 115 1.0671504121420127e-15 0 0 0
d 0 0 -1.0701996983816581e-15 0 0 -8.3631354377491988e-26 120 120 1.0701996765314391e-15 0 0 0
d 0 0 -1.0732130309590125e-15 0 0 -1.2889453354906746e-25 125 125 1.0732130035927769e-15 0 0 0
d 0 0 -1.0761905490064494e-15 0 0 -1.9572581140079696e-25 130 130 1.0761905224919575e-15 0 0 0
d 0 0 -1.0791912461770904e-15 0 0 -2.9509583717448544e-25 135 135 1.0791912236707292e-15 0 0 0
d 0 0 -1.0821709525185414e-15 0 0 -4.3943143631596155e-25 140 140 1.0821709047369755e-15 0 0 0
d 0 0 -1.0850239700030147e-15 0 0 -6.3153387774166877e-25 145 145 1.0850240844742856e-15 0 0 0
d 0 0 -1.0875508285214048e-15 0 0 -8.468417264340211e-25 150 150 1.0875510104587527e-15 0 0 0
d 0 0 -1.089729129864412e-15 0 0 -1.0560498966639031e-24 155 155 1.0897288924496459e-15 0 0 0
d 0 0 -1.0918909006579131e-15 0 0 -1.3118329948725071e-24 160 160 1.0918907460939177e-15 0 0 0
d 0 0 -1.0940343124284885e-15 0 0 -1.6240305726421606e-24 165 165 1.0940340779748316e-15 0 0 0
d 0 0 -1.0961632600410699e-15 0 0 -2.0047761868749819e-24 170 170 1.0961629588571998e-15 0 0 0
d 0 0 -1.0982847676350835e-15 0 0 -2.4685701857431966e-24 175 175 1.0982842870612231e-15 0 0 0
d 0 0 -1.1004041485590303e-15 0 0 -3.0330131168689992e-24 180 180 1.1004037433769366e-15 0 0 0
d 0 0 -1.1025270055640962e-15 0 0 -3.7189458489393724e-24 185 185 1.1025267041958959e-15 0 0 0
d 0 0 -1.1046429877488665e-15 0 0 -4.5513449736473645e-24 190 190 1.1046426813310932e-15 0 0 0
d 0 0 -1.1067420827556011e-15 0 0 -5.5599623586499919e-24 195 195 1.1067413379111122e-15 0 0 0
d 0 0 -1.1088245987259643e-15 0 0 -6.7802367379904964e-24 200 200 1.1088239779465679e-15 0 0 0
d 0 0 -1.1108900807216308e-15 0 0 -8.2537261008853723e-24 205 205 1.1108895923270325e-15 0 0 0
d 0 0 -1.1129377367011897e-15 0 0 -1.0029352699251587e-23 210 210 1.112936805675594e-15 0 0 0
d 0 0 -1.1149665136187991e-15 0 0 -1.2164245309755981e-23 215 215 1.1149655460778154e-15 0 0 0
d 0 0 -1.1169751830711303e-15 0 0 -1.4718795058679102e-23 220 220 1.1169739659020338e-15 0 0 0
d 0 0 -1.1189623614995835e-15 0 0 -1.778543317534803e-23 225 225 1.1189617979937352e-15 0 0 0
d 0 0 -1.1209257676296651e-15 0 0 -2.1435595308342169e-23 230 230 1.1209264232545527e-15 0 0 0
d 0 0 -1.1228094167892767e-15 0 0 -2.5585046697115464e-23 235 235 1.1228104352101124e-15 0 0 0
d 0 0 -1.1246985668209588e-15 0 0 -3.0588272005335651e-23 240 240 1.1246993928757715e-15 0 0 0
d 0 0 -1.1264743378121859e-15 0 0 -3.6062557542785916e-23 245 245 1.1264744626416087e-15 0 0 0
d 0 0 -1.1282230959328557e-15 0 0 -4.2410001255128685e-23 250 250 1.1282236944994241e-15 0 0 0
d 0 0 -1.1299541860444132e-15 0 0 -4.9801862852675143e-23 255 255 1.1299550184119556e-15 0 0 0
d 0 0 -1.1316690189277934e-15 0 0 -5.8408155978097656e-23 260 260 1.131669991417422e-15 0 0 0
d 0 0 -1.1333689054321344e-15 0 0 -6.842260812430726e-23 265 265 1.1333699466493529e-15 0 0 0
d 0 0 -1.135055025857922e-15 0 0 -8.0067802026054131e-23 270 270 1.1350561437598608e-15 0 0 0
d 0 0 -1.1367267402782427e-15 0 0 -9.3577639229540577e-23 275 275 1.1367283211312077e-15 0 0 0
d 0 0 -1.1382954605021048e-15 0 0 -1.081327810338764e-22 280 280 1.1382966754052668e-15 0 0 0
d 0 0 -1.1397454409506307e-15 0 0 -1.2331227834917735e-22 285 285 1.1397464709513247e-15 0 0 0
d 0 0 -1.1410660302793455e-15 0 0 -1.3860855206270006e-22 290 290 1.1410674520773978e-15 0 0 0
d 0 0 -1.1423751887785656e-15 0 0 -1.5564548352969188e-22 295 295 1.142376427965488e-15 0 0 0
d 0 0 -1.1436765108738781e-15 0 0 -1.7465572017164643e-22 300 300 1.1436777018173964e-15 0 0 0
d 0 0 -1.1449715155767112e-15 0 0 -1.9587306465457991e-22 305 305 1.1449726806405833e-15 0 0 0
d 0 0 -1.1462613078330665e-15 0 0 -2.1955018610460983e-22 310 310 1.1462624883159125e-15 0 0 0
d 0 0 -1.1475469150289398e-15 0 0 -2.4596342435357616e-22 315 315 1.1475482188753545e-15 0 0 0
d 0 0 -1.1488285893784709e-15 0 0 -2.7539088510728948e-22 320 320 1.1488298413965956e-15 0 0 0
d 0 0 -1.1500950795824317e-15 0 0 -3.0765142170653022e-22 325 325 1.1500962956670886e-15 0 0 0
d 0 0 -1.1513261445066454e-15 0 0 -3.4196695854344618e-22 330 330 1.1513280244424499e-15 0 0 0
d 0 0 -1.1525425058681526e-15 0 0 -3.7920503071011198e-22 335 335 1.1525443377758079e-15 0 0 0
d 0 0 -1.1537496812596757e-15 0 0 -4.1968327785700563e-22 340 340 1.1537514184329211e-15 0 0 0
d 0 0 -1.1549509039820308e-15 0 0 -4.6362007364841631e-22 345 345 1.1549523559958228e-15 0 0 0
d 0 0 -1.1561492067069846e-15 0 0 -5.1120213385710766e-22 350 350 1.1561513763239855e-15 0 0 0
d 0 0 -1.1573671344506085e-15 0 0 -5.6268127213993613e-22 355 355 1.1573691436111112e-15 0 0 0
d 0 0 -1.158741452207765e-15 0 0 -6.1854589329306577e-22 360 360 1.1587435023907139e-15 0 0 0
d 0 0 -1.1601305922154747e-15 0 0 -6.7902066657303082e-22 365 365 1.1601326082237171e-15 0 0 0
d 0 0 -1.1615008480121152e-15 0 0 -7.4449591249696207e-22 370 370 1.1615027678391399e-15 0 0 0
d 0 0 -1.1628573916536229e-15 0 0 -8.1541668735202223e-22 375 375 1.1628599592072667e-15 0 0 0
d 0 0 -1.1642020353366283e-15 0 0 -8.9219150542213432e-22 380 380 1.1642044148947623e-15 0 0 0
d 0 0 -1.1655343102254196e-15 0 0 -9.7510508970531146e-22 385 385 1.1655311930911426e-15 0 0 0
d 0 0 -1.1667792797875372e-15 0 0 -1.0587690492795763e-21 390 390 1.1667766470703219e-15 0 0 0
d 0 0 -1.1680767265287064e-15 0 0 -1.1535788631837764e-21 395 395 1.1680765021300216e-15 0 0 0
d 0 0 -1.169171431160228e-15 0 0 -1.2384364312939661e-21 400 400 1.1691724065534955e-15 0 0 0
d 0 0 -1.1702285486556889e-15 0 0 -1.3256333184168731e-21 405 405 1.170232253360543e-15 0 0 0
d 0 0 -1.1712768132959474e-15 0 0 -1.4176895556834958e-21 410 410 1.1712801168620781e-15 0 0 0
d 0 0 -1.1723200184364103e-15 0 0 -1.515158711671245e-21 415 415 1.1723220548818504e-15 0 0 0
d 0 0 -1.1733598411112597e-15 0 0 -1.6184544203536258e-21 420 420 1.1733614093290302e-15 0 0 0
d 0 0 -1.1743974154187134e-15 0 0 -1.7279765512543943e-21 425 425 1.1743990490321524e-15 0 0 0
d 0 0 -1.1754337122516279e-15 0 0 -1.8441450587374507e-21 430 430 1.175435398731608e-15 0 0 0
d 0 0 -1.1764696619782352e-15 0 0 -1.9674145105156103e-21 435 435 1.176471506410566e-15 0 0 0
d 0 0 -1.1775062005378361e-15 0 0 -2.0982829699115421e-21 440 440 1.1775082731709676e-15 0 0 0
d 0 0 -1.1785442873567593e-15 0 0 -2.2372988590242129e-21 445 445 1.1785451010795777e-15 0 0 0
d 0 0 -1.1795849092491253e-15 0 0 -2.3850672066762425e-21 450 450 1.1795869295769511e-15 0 0 0
d 0 0 -1.1806290831508187e-15 0 0 -2.5422562148163275e-21 455 455 1.180633177897694e-15 0 0 0
d 0 0 -1.181677855906663e-15 0 0 -2.7096052118728705e-21 460 460 1.1816816617886883e-15 0 0 0
d 0 0 -1.1827323064091249e-15 0 0 -2.8879322191683449e-21 465 465 1.1827358725522044e-15 0 0 0
d 0 0 -1.1837934673091976e-15 0 0 -3.0781315102126293e-21 470 470 1.1837903390503752e-15 0 0 0
d 0 0 -1.1848621235385424e-15 0 0 -3.2811426280763847e-21 475 475 1.1848653144742508e-15 0 0 0
d 0 0 -1.1859379621863983e-15 0 0 -3.4977720027956884e-21 480 480 1.1859414980972689e-15 0 0 0
d 0 0 -1.1864733357395024e-15 0 0 -3.6103460579371781e-21 482.5 482.5 1.1864719948618917e-15 0 0 0
d 0 0 -1.1869582164158038e-15 0 0 -3.7149419282973258e-21 485 485 1.1869584090023846e-15 0 0 0
d 0 0 -1.1880370227196378e-15 0 0 -3.9582017746727269e-21 490 490 1.18804035999072e-15 0 0 0
d 0 0 -1.1889821158842147e-15 0 0 -4.1823982285712379e-21 495 495 1.1889830450785533e-15 0 0 0
d 0 0 -1.1898715231346815e-15 0 0 -4.4022349709016314e-21 500 500 1.1898736785195809e-15 0 0 0
d 0 0 -1.190718804786253e-15 0 0 -4.6194014621560242e-21 505 505 1.1907195330325316e-15 0 0 0
d 0 0 -1.191626688260752e-15 0 0 -4.8437596948802648e-21 510 510 1.1916296225462182e-15 0 0 0
d 0 0 -1.1925724128433718e-15 0 0 -5.0776263843536319e-21 515 515 1.1925648765508452e-15 0 0 0
d 0 0 -1.1935073496880901e-15 0 0 -5.3200618955448151e-21 520 520 1.1934825591198629e-15 0 0 0
d 0 0 -1.1944334321152573e-15 0 0 -5.5706087485435761e-21 525 525 1.1944000728254233e-15 0 0 0
d 0 0 -1.1953001540896972e-15 0 0 -5.8143288269124237e-21 530 530 1.1952944647272102e-15 0 0 0
d 0 0 -1.1961867363797026e-15 0 0 -6.0731698602775783e-21 535 535 1.1961567662718924e-15 0 0 0
d 0 0 -1.1970096471368007e-15 0 0 -6.3219769072283322e-21 540 540 1.1968925156438327e-15 0 0 0
d 0 0 -1.1978297016887783e-15 0 0 -6.5784431978391536e-21 545 545 1.197667090189253e-15 0 0 0
d 0 0 -1.1986483529909085e-15 0 0 -6.8431866824841062e-21 550 550 1.1985193395603648e-15 0 0 0
d 0 0 -1.1994656124251292e-15 0 0 -7.1165513302478691e-21 555 555 1.1982172463230673e-15 0 0 0
d 0 0 -1.2002946120422011e-15 0 0 -7.3994803685434796e-21 560 560 1.1997019694618732e-15 0 0 0
d 0 0 -1.2007144527752157e-15 0 0 -7.5446644473945398e-21 562.5 562.5 1.1996894355407232e-15 0 0 0
d 0 0 -1.20113377359057e-15 0 0 -7.6921414034304357e-21 565 565 1.1997643874631263e-15 0 0 0
d 0 0 -1.2015528091545047e-15 0 0 -7.8419413204968496e-21 567.5 567.5 1.1997952088401175e-15 0 0 0
d 0 0 -1.2019717222654886e-15 0 0 -7.9941116440444778e-21 570 570 1.1997272104937334e-15 0 0 0
d 0 0 -1.2028098610580904e-15 0 0 -8.3058457805655213e-21 575 575 1.1985415560994746e-15 0 0 0
d 0 0 -1.2036496660460664e-15 0 0 -8.627898533573676e-21 580 580 1.2025482654900579e-15 0 0 0
d 0 0 -1.2040711323265599e-15 0 0 -8.7929706090872979e-21 582.5 582.5 1.1993382296009334e-15 0 0 0
d 0 0 -1.2044931577679831e-15 0 0 -8.9607899366639459e-21 585 585 1.1981066769864942e-15 0 0 0
d 0 0 -1.2053393116653498e-15 0 0 -9.3049322910134096e-21 590 590 1.2032291287646349e-15 0 0 0
d 0 0 -1.2061889296733597e-15 0 0 -9.6608718658349114e-21 595 595 1.2038932917209619e-15 0 0 0
d 0 0 -1.2070427333371805e-15 0 0 -1.0029263250239041e-20 600 600 1.1927762121306314e-15 0 0 0
d 0 0 -1.2079018235945343e-15 0 0 -1.0410887458939185e-20 605 605 1.2026858768870904e-15 0 0 0
d 0 0 -1.2087663883800771e-15 0 0 -1.0806212581899713e-20 610 610 1.1941036975726047e-15 0 0 0
d 0 0 -1.2096371844921138e-15 0 0 -1.1215985689531786e-20 615 615 1.2073517752966879e-15 0 0 0
d 0 0 -1.2105154500826555e-15 0 0 -1.164124039890842e-20 620 620 1.2051315613007699e-15 0 0 0
d 0 0 -1.2114022823552749e-15 0 0 -1.2083016899673039e-20 625 625 1.196449781989462e-15 0 0 0
d 0 0 -1.2122986909146353e-15 0 0 -1.254237849574158e-20 630 630 1.207279961372899e-15 0 0 0
d 0 0 -1.2132051300936553e-15 0 0 -1.3020100868927912e-20 635 635 1.2053220561240505e-15 0 0 0
d 0 0 -1.2141193801526894e-15 0 0 -1.3515076996617202e-20 640 640 1.2052332970113546e-15 0 0 0
d 0 0 -1.2150316041646883e-15 0 0 -1.4020493131193461e-20 645 645 1.2080829684615514e-15 0 0 0
d 0 0 -1.2159242616629721e-15 0 0 -1.4523115437426886e-20 650 650 1.2101805209561418e-15 0 0 0
d 0 0 -1.2168063307255538e-15 0 0 -1.5028746110032754e-20 655 655 1.212794469975352e-15 0 0 0
d 0 0 -1.2176860378404177e-15 0 0 -1.5543216310305378e-20 660 660 1.2029502512140186e-15 0 0 0
d 0 0 -1.2185651029209913e-15 0 0 -1.6067699693865794e-20 665 665 1.2090536105453391e-15 0 0 0
d 0 0 -1.2194443080484583e-15 0 0 -1.6602688578366045e-20 670 670 1.2171729008772893e-15 0 0 0
d 0 0 -1.2203242067709143e-15 0 0 -1.7148535541148935e-20 675 675 1.2041443423257468e-15 0 0 0
d 0 0 -1.2212052791247283e-15 0 0 -1.770555211401485e-20 680 680 1.217143292043184e-15 0 0 0
d 0 0 -1.2220880241928822e-15 0 0 -1.8274065229906745e-20 685 685 1.2185116461839016e-15 0 0 0
d 0 0 -1.2229729626356232e-15 0 0 -1.8854421616269366e-20 690 690 1.2174299443250894e-15 0 0 0
d 0 0 -1.2238606230365158e-15 0 0 -1.9446978877521521e-20 695 695 1.2162369781692155e-15 0 0 0
d 0 0 -1.2247515364588235e-15 0 0 -2.0052099808207717e-20 700 700 1.2180290570606019e-15 0 0 0
d 0 0 -1.2256462756098987e-15 0 0 -2.0670176771330717e-20 705 705 1.2191045224791762e-15 0 0 0
d 0 0 -1.2265455163927436e-15 0 0 -2.1301676773022711e-20 710 710 1.2205471522967516e-15 0 0 0
d 0 0 -1.2274500243315317e-15 0 0 -2.1947134077290584e-20 715 715 1.2222716637953685e-15 0 0 0
d 0 0 -1.2283606273822601e-15 0 0 -2.2607129275533347e-20 720 720 1.2241376821608261e-15 0 0 0
d 0 0 -1.2292781904567807e-15 0 0 -2.3282268128346348e-20 725 725 1.2259911467174916e-15 0 0 0
d 0 0 -1.23020358218931e-15 0 0 -2.3973154055782762e-20 730 730 1.2186015016364997e-15 0 0 0
d 0 0 -1.2311376889408684e-15 0 0 -2.4680391442913314e-20 735 735 1.2227238665600909e-15 0 0 0
d 0 0 -1.2320814532389357e-15 0 0 -2.5404603715697071e-20 740 740 1.2262090137476459e-15 0 0 0
d 0 0 -1.233035866814697e-15 0 0 -2.6146420356911225e-20 745 745 1.2215754842826326e-15 0 0 0
d 0 0 -1.2340019393696897e-15 0 0 -2.6906445005971482e-20 750 750 1.2229937531222165e-15 0 0 0
d 0 0 -1.2349807011655476e-15 0 0 -2.7685247918187905e-20 755 755 1.2275198776064212e-15 0 0 0
d 0 0 -1.2359732374968081e-15 0 0 -2.8483383961865164e-20 760 760 1.2310082012623265e-15 0 0 0
d 0 0 -1.2369807006493312e-15 0 0 -2.9301392412347481e-20 765 765 1.2330128227515656e-15 0 0 0
d 0 0 -1.2380043266103763e-15 0 0 -3.0139800893402002e-20 770 770 1.2261611781718527e-15 0 0 0
d 0 0 -1.2390454533352214e-15 0 0 -3.0999130599560845e-20 775 775 1.2310357124111046e-15 0 0 0
d 0 0 -1.2401055372742946e-15 0 0 -3.1879901029230068e-20 780 780 1.2366385558924683e-15 0 0 0
d 0 0 -1.2411861684977115e-15 0 0 -3.2782633961475942e-20 785 785 1.2380752261717934e-15 0 0 0
d 0 0 -1.2422890852791194e-15 0 0 -3.3707855785461119e-20 790 790 1.2329001122527842e-15 0 0 0
d 0 0 -1.2434161936968739e-15 0 0 -3.4656097682930464e-20 795 795 1.2370385432341086e-15 0 0 0
d 0 0 -1.2445695863997519e-15 0 0 -3.5627896805323546e-20 800 800 1.2401996841959636e-15 0 0 0
d 0 0 -1.2457515569792424e-15 0 0 -3.6623801577591887e-20 805 805 1.233004728529034e-15 0 0 0
d 0 0 -1.2469646068550853e-15 0 0 -3.764437750698671e-20 810 810 1.2383612404210299e-15 0 0 0
d 0 0 -1.248211446902835e-15 0 0 -3.8690208631075304e-20 815 815 1.2424758023997253e-15 0 0 0
d 0 0 -1.2494950099901883e-15 0 0 -3.9761896832389697e-20 820 820 1.2461002677336727e-15 0 0 0
d 0 0 -1.2508184673450286e-15 0 0 -4.0860062272624079e-20 825 825 1.2468271384000421e-15 0 0 0
d 0 0 -1.2521852369925025e-15 0 0 -4.1985346281777157e-20 830 830 1.2359792059160886e-15 0 0 0
d 0 0 -1.2535990118890725e-15 0 0 -4.3138414661553021e-20 835 835 1.2516906324145809e-15 0 0 0
d 0 0 -1.2550637717587562e-15 0 0 -4.4319963389534176e-20 840 840 1.2518194457331855e-15 0 0 0
d 0 0 -1.2565838306470207e-15 0 0 -4.5530723464119165e-20 845 845 1.2509068088186729e-15 0 0 0
d 0 0 -1.2581638773829973e-15 0 0 -4.677146677497944e-20 850 850 1.2501611517665404e-15 0 0 0
d 0 0 -1.2598090348917419e-15 0 0 -4.8043011140104679e-20 855 855 1.2556577815288041e-15 0 0 0
d 0 0 -1.2615249290446196e-15 0 0 -4.9346222513417099e-20 860 860 1.2590847221963778e-15 0 0 0
d 0 0 -1.2633177578485996e-15 0 0 -5.0682015979501823e-20 865 865 1.2606518529850443e-15 0 0 0
d 0 0 -1.2651943567500711e-15 0 0 -5.2051351910128155e-20 870 870 1.2625498337175715e-15 0 0 0
d 0 0 -1.2671622564737565e-15 0 0 -5.3455230064837295e-20 875 875 1.2647337150914703e-15 0 0 0
d 0 0 -1.2692297243611404e-15 0 0 -5.489468157226524e-20 880 880 1.2671296929725519e-15 0 0 0
d 0 0 -1.2714057916935813e-15 0 0 -5.6370760597723884e-20 885 885 1.2696803418261253e-15 0 0 0
d 0 0 -1.2737002750472598e-15 0 0 -5.788453711824631e-20 890 890 1.2641727843578691e-15 0 0 0
d 0 0 -1.2761237593590736e-15 0 0 -5.9437091168699067e-20 895 895 1.2685771847643025e-15 0 0 0
d 0 0 -1.2786876350690684e-15 0 0 -6.1029510112507548e-20 900 900 1.2726725383887812e-15 0 0 0
d 0 0 -1.2814040736996016e-15 0 0 -6.2662886673559903e-20 905 905 1.2756159881587035e-15 0 0 0
d 0 0 -1.2842860244652994e-15 0 0 -6.4338321301286061e-20 910 910 1.2798882040329168e-15 0 0 0
d 0 0 -1.2873472031182277e-15 0 0 -6.605691330571643e-20 915 915 1.2836438796221129e-15 0 0 0
d 0 0 -1.2906020739056797e-15 0 0 -6.7819776925326834e-20 920 920 1.2874596417026976e-15 0 0 0
d 0 0 -1.2940658050097163e-15 0 0 -6.9628021633367784e-20 925 925 1.2912734325342363e-15 0 0 0
d 0 0 -1.2977542217178472e-15 0 0 -7.1482759469043184e-20 930 930 1.2952703294257369e-15 0 0 0
d 0 0 -1.3016837365988812e-15 0 0 -7.3385102824133947e-20 935 935 1.2994443357472989e-15 0 0 0
d 0 0 -1.3058712492906287e-15 0 0 -7.5336147245416791e-20 940 940 1.3038288640212592e-15 0 0 0
d 0 0 -1.3103340365048831e-15 0 0 -7.733697486287646e-20 945 945 1.3084586237342088e-15 0 0 0
d 0 0 -1.3150896154444412e-15 0 0 -7.9388643563735837e-20 950 950 1.3128998354306472e-15 0 0 0
d 0 0 -1.3201555680150948e-15 0 0 -8.1492171697253557e-20 955 955 1.3183295009321582e-15 0 0 0
d 0 0 -1.3255494337839588e-15 0 0 -8.3648522738190138e-20 960 960 1.3156040903221112e-15 0 0 0
d 0 0 -1.3312883376645768e-15 0 0 -8.5858584893931556e-20 965 965 1.3223286497366386e-15 0 0 0
d 0 0 -1.3373890272039519e-15 0 0 -8.8123151037187756e-20 970 970 1.3356049283583001e-15 0 0 0
d 0 0 -1.3438677866064055e-15 0 0 -9.0442894209321868e-20 975 975 1.3341186860988047e-15 0 0 0
d 0 0 -1.3507398610796305e-15 0 0 -9.281833579363808e-20 980 980 1.3414299655427245e-15 0 0 0
d 0 0 -1.3580199095702903e-15 0 0 -9.5249818603174714e-20 985 985 1.34906390664878e-15 0 0 0
d 0 0 -1.365721751050932e-15 0 0 -9.7737470957888385e-20 990 990 1.3570415489233959e-15 0 0 0
d 0 0 -1.3738585230292425e-15 0 0 -1.0028117078850326e-19 995 995 1.3653806322789063e-15 0 0 0
d 0 0 -1.3824428858686833e-15 0 0 -1.0288050691544014e-19 1000 1000 1.3740961856710014e-15 0 0 0
d 0 0 -1.3914873283200254e-15 0 0 -1.0553473798405954e-19 1005 1005 1.383201053393165e-15 0 0 0
d 0 0 -1.4010045627033256e-15 0 0 -1.0824274899145771e-19 1010 1010 1.392706366769074e-15 0 0 0
d 0 0 -1.4110079957083634e-15 0 0 -1.1100300528177366e-19 1015 1015 1.4026219676413094e-15 0 0 0
d 0 0 -1.4215123036622146e-15 0 0 -1.1381350404792377e-19 1020 1020 1.4129568212002674e-15 0 0 0
d 0 0 -1.4325340417906002e-15 0 0 -1.1667172230373899e-19 1025 1025 1.4237193492804738e-15 0 0 0
d 0 0 -1.444092283994009e-15 0 0 -1.1957455966450854e-19 1030 1030 1.434997240331077e-15 0 0 0
d 0 0 -1.4562092627749949e-15 0 0 -1.2251827342587369e-19 1035 1035 1.4465440803852462e-15 0 0 0
d 0 0 -1.4689104318528873e-15 0 0 -1.2549839961205688e-19 1040 1040 1.4670908876747804e-15 0 0 0
d 0 0 -1.4822259074644789e-15 0 0 -1.2850967221131764e-19 1045 1045 1.4802663026859104e-15 0 0 0
d 0 0 -1.4961901679602141e-15 0 0 -1.3154592043285114e-19 1050 1050 1.494055966024213e-15 0 0 0
d 0 0 -1.510843041447923e-15 0 0 -1.3459995443494064e-19 1055 1055 1.5084873773248124e-15 0 0 0
d 0 0 -1.526230129496202e-15 0 0 -1.3766342903386092e-19 1060 1060 1.5235800496799644e-15 0 0 0
d 0 0 -1.5424036414882984e-15 0 0 -1.4072668072960325e-19 1065 1065 1.5393839331222662e-15 0 0 0
d 0 0 -1.5594236095113576e-15 0 0 -1.43778521323726e-19 1070 1070 1.5559382664996079e-15 0 0 0
d 0 0 -1.5773594271239304e-15 0 0 -1.4680595804912725e-19 1075 1075 1.5732843458575374e-15 0 0 0
d 0 0 -1.596290447801919e-15 0 0 -1.4979378847369608e-19 1080 1080 1.5914621426493251e-15 0 0 0
d 0 0 -1.6163150730398961e-15 0 0 -1.5272395774072463e-19 1085 1085 1.6105119304105633e-15 0 0 0
d 0 0 -1.6375560259913832e-15 0 0 -1.5557451807992542e-19 1090 1090 1.6305813139581361e-15 0 0 0
d 0 0 -1.6601696312330184e-15 0 0 -1.5831791645991672e-19 1095 1095 1.6518667543789418e-15 0 0 0
d 0 0 -1.6843612821129588e-15 0 0 -1.6091811450595547e-19 1100 1100 1.6828466275891744e-15 0 0 0
d 0 0 -1.710413066549856e-15 0 0 -1.6332561892072518e-19 1105 1105 1.7086014274720019e-15 0 0 0
d 0 0 -1.7387155589758582e-15 0 0 -1.6546816460702396e-19 1110 1110 1.7365744443590913e-15 0 0 0
d 0 0 -1.7701593234110516e-15 0 0 -1.6726721891419433e-19 1115 1115 1.7677673118510844e-15 0 0 0
d 0 0 -1.8061018144603371e-15 0 0 -1.6859687558559684e-19 1120 1120 1.8038296740862459e-15 0 0 0
d 0 0 -1.8478377514472948e-15 0 0 -1.6913118312717555e-19 1125 1125 1.8472676931648975e-15 0 0 0
d 0 0 -1.8989006883906504e-15 0 0 -1.6828220070818357e-19 1130 1130 1.8947659397755531e-15 0 0 0
d 0 0 -1.9697408417317412e-15 0 0 -1.6446104997845947e-19 1135 1135 1.9634916882635085e-15 0 0 0
d 0 0 -2.0269898318230854e-15 0 0 -1.5934993261946344e-19 1137.5 1137.5 2.0265779762499776e-15 0 0 0
d 0 0 -2.0857101265897071e-15 0 0 -1.5254865749949358e-19 1138.75 1138.75 2.0802003797880403e-15 0 0 0
d 0 0 -2.0896629067855018e-15 0 0 -1.5204109741054531e-19 1138.7890625 1138.7890625 2.0846113765884739e-15 0 0 0
d 0 0 -2.0943430102075673e-15 0 0 -1.5143330134724917e-19 1138.828125 1138.828125 2.0903275910444327e-15 0 0 0
d 0 0 -2.0971187191594228e-15 0 0 -1.5106904971309214e-19 1138.84765625 1138.84765625 2.0937605019345077e-15 0 0 0
d 0 0 -2.0986735181935531e-15 0 0 -1.508637138496806e-19 1138.857421875 1138.857421875 2.0922012806807812e-15 0 0 0
d 0 0 -2.1003855622239119e-15 0 0 -1.5063677987676632e-19 1138.8671875 1138.8671875 2.0941280062598727e-15 0 0 0
d 0 0 -2.101316635816315e-15 0 0 -1.5051295160094011e-19 1138.8720703125 1138.8720703125 2.0978532886086582e-15 0 0 0
d 0 0 -2.1018030184135524e-15 0 0 -1.504480377645958e-19 1138.87451171875 1138.87451171875 2.1013547178322119e-15 0 0 0
d 0 0 -2.1023111220189233e-15 0 0 -1.5038031034135078e-19 1138.876953125 1138.876953125 2.0991731757969656e-15 0 0 0
d 0 0 -2.1028353280983294e-15 0 0 -1.5031028174056127e-19 1138.87939453125 1138.87939453125 2.1027388789742482e-15 0 0 0
d 0 0 -2.1031089156442526e-15 0 0 -1.5027394873542575e-19 1138.880615234375 1138.880615234375 2.1002581702458929e-15 0 0 0
d 0 0 -2.1033831838331356e-15 0 0 -1.5023691273359818e-19 1138.8818359375 1138.8818359375 2.1026295725586105e-15 0 0 0
d 0 0 -2.1036750124982625e-15 0 0 -1.501983300165598e-19 1138.883056640625 1138.883056640625 2.0996784484684886e-15 0 0 0
d 0 0 -2.1039589467851455e-15 0 0 -1.5016016300789094e-19 1138.88427734375 1138.88427734375 2.0982414115833599e-15 0 0 0
d 0 0 -2.1042532067782886e-15 0 0 -1.5012035386144032e-19 1138.885498046875 1138.885498046875 2.1043657307282905e-15 0 0 0
d 0 0 -2.1045600650636686e-15 0 0 -1.5007945418707922e-19 1138.88671875 1138.88671875 2.0995008085094376e-15 0 0 0
d 0 0 -2.1048703738949717e-15 0 0 -1.5003741938735492e-19 1138.887939453125 1138.887939453125 2.1048155781789562e-15 0 0 0
d 0 0 -2.1051953272193434e-15 0 0 -1.4999410406299643e-19 1138.88916015625 1138.88916015625 2.0981718189368427e-15 0 0 0
d 0 0 -2.1055247061536628e-15 0 0 -1.4994944219368334e-19 1138.890380859375 1138.890380859375 2.1056278198021216e-15 0 0 0
d 0 0 -2.105696966679791e-15 0 0 -1.4992644715943159e-19 1138.8909912109375 1138.8909912109375 2.1046111118183369e-15 0 0 0
d 0 0 -2.1058710816769895e-15 0 0 -1.4990314879195947e-19 1138.8916015625 1138.8916015625 2.1009180622319149e-15 0 0 0
d 0 0 -2.1065879868758297e-15 0 0 -1.498059619787028e-19 1138.89404296875 1138.89404296875 2.1057588116739304e-15 0 0 0
d 0 0 -2.1069731950942679e-15 0 0 -1.4975394945994035e-19 1138.895263671875 1138.895263671875 2.1067351215764088e-15 0 0 0
d 0 0 -2.1071750529002023e-15 0 0 -1.497270377347505e-19 1138.8958740234375 1138.8958740234375 2.1045533239323494e-15 0 0 0
d 0 0 -2.1073834028247446e-15 0 0 -1.4969884414558988e-19 1138.896484375 1138.896484375 2.1005514774762789e-15 0 0 0
d 0 0 -2.1075846946021338e-15 0 0 -1.4967158450374071e-19 1138.8970947265625 1138.8970947265625 2.1058256659352926e-15 0 0 0
d 0 0 -2.1077956376180574e-15 0 0 -1.4964280691808656e-19 1138.897705078125 1138.897705078125 2.107789056276534e-15 0 0 0
d 0 0 -2.1080168112645425e-15 0 0 -1.4961322565773376e-19 1138.8983154296875 1138.8983154296875 2.101679111108404e-15 0 0 0
d 0 0 -2.1081292744617842e-15 0 0 -1.4959802486947966e-19 1138.8986206054688 1138.8986206054688 2.1031936352207169e-15 0 0 0
d 0 0 -2.1082434839759567e-15 0 0 -1.4958269476325559e-19 1138.89892578125 1138.89892578125 2.0981438524293483e-15 0 0 0
d 0 0 -2.1083597323008219e-15 0 0 -1.4956663164300967e-19 1138.8992309570312 1138.8992309570312 2.1068905300447518e-15 0 0 0
d 0 0 -2.1084746771744758e-15 0 0 -1.4955082394795764e-19 1138.8995361328125 1138.8995361328125 2.1001366906309819e-15 0 0 0
d 0 0 -2.1085322789610686e-15 0 0 -1.4954304145326033e-19 1138.8996887207031 1138.8996887207031 2.1055916588265568e-15 0 0 0
d 0 0 -2.1085835140873852e-15 0 0 -1.4953588839129986e-19 1138.8998413085938 1138.8998413085938 2.1075515038126529e-15 0 0 0
d 0 0 -2.1087166565010815e-15 0 0 -1.4951840406344096e-19 1138.900146484375 1138.900146484375 2.1087727333143806e-15 0 0 0
d 0 0 -2.1088372646772284e-15 0 0 -1.4950181395506233e-19 1138.9004516601562 1138.9004516601562 2.1065465600116362e-15 0 0 0
d 0 0 -2.1088968927236186e-15 0 0 -1.4949363602889752e-19 1138.9006042480469 1138.9006042480469 2.1075932432038475e-15 0 0 0
d 0 0 -2.1089584221547331e-15 0 0 -1.4948514273448466e-19 1138.9007568359375 1138.9007568359375 2.1035603240428164e-15 0 0 0
d 0 0 -2.1090208277002314e-15 0 0 -1.4947657705339212e-19 1138.9009094238281 1138.9009094238281 2.0990853847806111e-15 0 0 0
d 0 0 -2.1090886302471572e-15 0 0 -1.4946793505296588e-19 1138.9010620117188 1138.9010620117188 2.1080334104805045e-15 0 0 0
d 0 0 -2.1092177649452594e-15 0 0 -1.4945013693503138e-19 1138.9013671875 1138.9013671875 2.1065232217562134e-15 0 0 0
d 0 0 -2.1092719318451446e-15 0 0 -1.4944255375581734e-19 1138.9015197753906 1138.9015197753906 2.103287223035252e-15 0 0 0
d 0 0 -2.1093501214119954e-15 0 0 -1.4943249156804829e-19 1138.9016723632812 1138.9016723632812 2.1072844678189311e-15 0 0 0
d 0 0 -2.1094167451082121e-15 0 0 -1.4942344195761854e-19 1138.9018249511719 1138.9018249511719 2.1069151743092557e-15 0 0 0
d 0 0 -2.1094830962329312e-15 0 0 -1.4941426960754778e-19 1138.9019775390625 1138.9019775390625 2.1091763176458974e-15 0 0 0
d 0 0 -2.1096196302147964e-15 0 0 -1.4939533012762822e-19 1138.9022827148438 1138.9022827148438 2.1000654951543961e-15 0 0 0
d 0 0 -2.1096870592214751e-15 0 0 -1.4938616286245876e-19 1138.9024353027344 1138.9024353027344 2.105796040081959e-15 0 0 0
d 0 0 -2.1097477237853424e-15 0 0 -1.4937779270494125e-19 1138.902587890625 1138.902587890625 2.1051993051070462e-15 0 0 0
d 0 0 -2.1099034859046089e-15 0 0 -1.4935671599440699e-19 1138.9028930664062 1138.9028930664062 2.0994514493031329e-15 0 0 0
d 0 0 -2.109974311421145e-15 0 0 -1.49347161710425e-19 1138.9030456542969 1138.9030456542969 2.1082874223186794e-15 0 0 0
d 0 0 -2.110009696303114e-15 0 0 -1.4934230939071259e-19 1138.9031219482422 1138.9031219482422 2.108998908412589e-15 0 0 0
d 0 0 -2.1100461892900938e-15 0 0 -1.4933726748447521e-19 1138.9031982421875 1138.9031982421875 2.1073413772136437e-15 0 0 0
d 0 0 -2.110202449143072e-15 0 0 -1.4931626172787652e-19 1138.9035034179688 1138.9035034179688 2.1082785926136089e-15 0 0 0
d 0 0 -2.1102644780103517e-15 0 0 -1.493075350468548e-19 1138.9036560058594 1138.9036560058594 2.1012493250250583e-15 0 0 0
d 0 0 -2.1103558824712079e-15 0 0 -1.4929554075367634e-19 1138.90380859375 1138.90380859375 2.1098500576025935e-15 0 0 0
d 0 0 -2.1105146760309055e-15 0 0 -1.4927355090452171e-19 1138.9041137695312 1138.9041137695312 2.103430960232199e-15 0 0 0
d 0 0 -2.1105919680529744e-15 0 0 -1.4926289301063109e-19 1138.9042663574219 1138.9042663574219 2.1047730721172209e-15 0 0 0
d 0 0 -2.1106783228945264e-15 0 0 -1.4925165427468797e-19 1138.9044189453125 1138.9044189453125 2.1092039333969503e-15 0 0 0
d 0 0 -2.1107595623065513e-15 0 0 -1.492402454775057e-19 1138.9045715332031 1138.9045715332031 2.1100509812608291e-15 0 0 0
d 0 0 -2.1108425982002262e-15 0 0 -1.4922864629079513e-19 1138.9047241210938 1138.9047241210938 2.1014119952023192e-15 0 0 0
d 0 0 -2.1110215720080749e-15 0 0 -1.4920439109620264e-19 1138.905029296875 1138.905029296875 2.1019680494323803e-15 0 0 0
d 0 0 -2.1110534989361777e-15 0 0 -1.4919984115577306e-19 1138.9051055908203 1138.9051055908203 2.1111256770957806e-15 0 0 0
d 0 0 -2.1111079607941889e-15 0 0 -1.4919284392640786e-19 1138.9051818847656 1138.9051818847656 2.1109509504079381e-15 0 0 0
d 0 0 -2.1112004083097827e-15 0 0 -1.4918019103274845e-19 1138.9053344726562 1138.9053344726562 2.1112322336789284e-15 0 0 0
d 0 0 -2.111290686438399e-15 0 0 -1.491675048799574e-19 1138.9054870605469 1138.9054870605469 2.1023817941084694e-15 0 0 0
d 0 0 -2.1113894638787548e-15 0 0 -1.4915456232184662e-19 1138.9056396484375 1138.9056396484375 2.1106852044023519e-15 0 0 0
d 0 0 -2.1114826054443698e-15 0 0 -1.4914133849499507e-19 1138.9057922363281 1138.9057922363281 2.1047225985090374e-15 0 0 0
d 0 0 -2.1115853513261522e-15 0 0 -1.4912783009586349e-19 1138.9059448242188 1138.9059448242188 2.11058114132731e-15 0 0 0
d 0 0 -2.1116823658776125e-15 0 0 -1.4911400191775061e-19 1138.9060974121094 1138.9060974121094 2.1029674317344511e-15 0 0 0
d 0 0 -2.1117893154236156e-15 0 0 -1.4909984832140481e-19 1138.90625 1138.90625 2.1117437892349556e-15 0 0 0
Q 2 13 "Source Voltage"
Q 3 13 "Gate Voltage"
Q 4 13 "Drain Voltage"
Q 5 13 "Substrate Voltage"
Q 20 13 "Source Current"
Q 21 13 "Gate Current"
Q 22 13 "Drain Current"
Q 23 13 "Substrate Current"
Q 92 21 Contact
Q 601 13 "Source Int. Voltage"
Q 602 13 "Gate Int. Voltage"
Q 603 13 "Drain Int. Voltage"
Q 604 13 "Substrate Int. Voltage"
EOF 536547920
