v VICTORYDEVICE
# silvaco.file ASCII version=1.14.29 format=1 contents=SDB,Tables=1

Copyright "###################################################################"
Copyright "#                    Copyright Silvaco Inc. (c)                   #"
Copyright "#                            1992-2014                            #"
Copyright "#                                                                 #"
Copyright "# This file format and the following Key are copyright Silvaco    #"
Copyright "# International. You may not use, this format or key without      #"
Copyright "# reproducing this message in full and obtaining                  #"
Copyright "# express written permission from Silvaco Inc.                    #"
Copyright "#                                                                 #"
Copyright "# To obtain such permission please contact: Silvaco Inc.          #"
Copyright "#                                           support@silvaco.com   #"
Copyright "#                                                                 #"
Copyright "# KEY=SVC86hn7562asdx                       PROD=345              #"
Copyright "###################################################################"
#This file was created by VICTORYDEVICE version 1.24.0.R
#victoryd 1.24.0.R (Wed Jun 26 14:38:19 PDT 2024)
#libSDB 1.12.65 (Thu Dec  7 08:14:05 PST 2023)
a VICTORYDEVICE
j 1 9
k 4
r 1 92
x 3 43 42 46
w source 1 1
r 2 92
x 3 43 42 46
w gate 1 2
r 3 92
x 3 43 42 46
w drain 1 3
r 4 92
x 3 43 42 46
w substrate 1 4
y 1 15
z 300
f 4 source gate drain substrate
p 12 2 601 20 3 602 21 4 603 22 5 604 23
d 0 0 -0.0018564252045574817 4 4 0.00014051378324346389 0.1 0.1 0.0017159114213138691 0 0 0
d 0 0 -0.0035728815185107647 4 4 0.00013064338973053929 0.2 0.2 0.0034422381287778914 0 0 0
d 0 0 -0.0052878423609333137 4 4 0.00012159747069286391 0.3 0.3 0.0051662448902404148 0 0 0
d 0 0 -0.007001024675688786 4 4 0.00011331867975511403 0.4 0.4 0.0068877059959336403 0 0 0
d 0 0 -0.0087121577162435088 4 4 0.00010575252702984477 0.5 0.5 0.0086064051892136388 0 0 0
d 0 0 -0.010420987308303221 4 4 9.8846934067429112e-05 0.60000000000000009 0.60000000000000009 0.010322140374235771 0 0 0
d 0 0 -0.012127278601846762 4 4 9.2551893107765384e-05 0.7 0.7 0.012034726708738981 0 0 0
d 0 0 -0.013830817538330981 4 4 8.681923917629926e-05 0.8 0.8 0.013743998299154672 0 0 0
d 0 0 -0.015531411465176809 4 4 8.1602536042003817e-05 0.9 0.9 0.015449808929134799 0 0 0
d 0 0 -0.017228889723670388 4 4 7.6857068465304741e-05 1 1 0.017152032655205079 0 0 0
d 0 0 -0.018923106961043948 4 4 7.2539920942227742e-05 1.1000000000000001 1.1000000000000001 0.018850567040101719 0 0 0
d 0 0 -0.020613961987850423 4 4 6.8610096517566585e-05 1.2000000000000002 1.2000000000000002 0.020545351891332379 0 0 0
d 0 0 -0.022301489919425568 4 4 6.5028549307973106e-05 1.3 1.3 0.022236461370000037 0 0 0
d 0 0 -0.023986143659794866 4 4 6.1757963396258926e-05 1.4000000000000001 1.4000000000000001 0.023924385696395999 0 0 0
d 0 0 -0.025668723800210486 4 4 5.8763337152098211e-05 1.5 1.5 0.025609960463058384 0 0 0
d 0 0 -0.027349845738340369 4 4 5.6013094801412645e-05 1.6000000000000001 1.6000000000000001 0.027293832643534081 0 0 0
d 0 0 -0.029029743394639578 4 4 5.3479206881083276e-05 1.7000000000000002 1.7000000000000002 0.028976264187758491 0 0 0
d 0 0 -0.030708799208598876 4 4 5.113620962575935e-05 1.8 1.8 0.030657662998973111 0 0 0
d 0 0 -0.032386889134604878 4 4 4.8962029487183592e-05 1.9000000000000001 1.9000000000000001 0.032337927105117695 0 0 0
d 0 0 -0.034064364682782011 4 4 4.6936495971978777e-05 2 2 0.034017428186810035 0 0 0
d 0 0 -0.042441441142088351 4 4 3.8506141453340144e-05 2.5 2.5 0.042402935000629423 0 0 0
d 0 0 -0.050804933803770262 4 4 3.19777750945792e-05 3 3 0.050772956028670602 0 0 0
d 0 0 -0.059155853237208081 4 4 2.6653743796267132e-05 3.5 3.5 0.059129199493355503 0 0 0
d 0 0 -0.067490491693734986 4 4 2.2211527696427385e-05 4 4 0.067468280165977945 0 0 0
d 0 0 -0.084132287473357284 4 4 1.5345967591882071e-05 5 5 0.084116941505765125 0 0 0
d 0 0 -0.10071622932654538 4 4 1.0575486025206786e-05 6 6 0.10070565384051992 0 0 0
d 0 0 -0.1336764439971376 4 4 5.2143018512435485e-06 8 8 0.13367122969528611 0 0 0
d 0 0 -0.15001055955559145 4 4 3.8081103293737407e-06 9 9 0.15000675144526107 0 0 0
d 0 0 -0.16617686952279515 4 4 2.8689785174347472e-06 10 10 0.16617400054427703 0 0 0
d 0 0 -0.19801482652422653 4 4 1.7538755797134329e-06 12 12 0.19801307264862333 0 0 0
d 0 0 -0.22895972798154993 4 4 1.1413597450872219e-06 14 14 0.22895858662180485 0 0 0
d 0 0 -0.25855548150525082 4 4 7.6287482710713886e-07 16 16 0.2585547186304229 0 0 0
d 0 0 -0.28614881228300126 4 4 5.1090909628514805e-07 18 18 0.2861483013739014 0 0 0
d 0 0 -0.31003577566181106 4 4 3.4432885429940411e-07 20 20 0.31003543133295647 0 0 0
d 0 0 -0.32670117594422032 4 4 2.5009285162675298e-07 22 22 0.32670092585136873 0 0 0
d 0 0 -0.33433824500756038 4 4 2.1229087739677663e-07 24 24 0.33433803271668289 0 0 0
d 0 0 -0.33783276514575611 4 4 1.9608221763677728e-07 26 26 0.33783256906351916 0 0 0
d 0 0 -0.34004655389517324 4 4 1.8616373848548567e-07 28 28 0.34004636773143432 0 0 0
d 0 0 -0.34167992928162688 4 4 1.790186614411669e-07 30 30 0.34167975026296521 0 0 0
d 0 0 -0.34294910101677212 4 4 1.7356788044242055e-07 32 32 0.34294892744888789 0 0 0
d 0 0 -0.34389435919340128 4 4 1.6956567554813576e-07 34 34 0.34389418962772572 0 0 0
d 0 0 -0.34459725975142519 4 4 1.6662124283493615e-07 36 36 0.34459709313018233 0 0 0
d 0 0 -0.34516390064899416 4 4 1.6426701275919469e-07 38 38 0.34516373638198139 0 0 0
d 0 0 -0.34564650052042312 4 4 1.6227547766576588e-07 40 40 0.34564633824494545 0 0 0
Q 2 13 "Source Voltage"
Q 3 13 "Gate Voltage"
Q 4 13 "Drain Voltage"
Q 5 13 "Substrate Voltage"
Q 20 13 "Source Current"
Q 21 13 "Gate Current"
Q 22 13 "Drain Current"
Q 23 13 "Substrate Current"
Q 92 21 Contact
Q 601 13 "Source Int. Voltage"
Q 602 13 "Gate Int. Voltage"
Q 603 13 "Drain Int. Voltage"
Q 604 13 "Substrate Int. Voltage"
EOF 1729934352
