v VICTORYDEVICE
# silvaco.file ASCII version=1.14.29 format=1 contents=SDB,Tables=1

Copyright "###################################################################"
Copyright "#                    Copyright Silvaco Inc. (c)                   #"
Copyright "#                            1992-2014                            #"
Copyright "#                                                                 #"
Copyright "# This file format and the following Key are copyright Silvaco    #"
Copyright "# International. You may not use, this format or key without      #"
Copyright "# reproducing this message in full and obtaining                  #"
Copyright "# express written permission from Silvaco Inc.                    #"
Copyright "#                                                                 #"
Copyright "# To obtain such permission please contact: Silvaco Inc.          #"
Copyright "#                                           support@silvaco.com   #"
Copyright "#                                                                 #"
Copyright "# KEY=SVC86hn7562asdx                       PROD=345              #"
Copyright "###################################################################"
#This file was created by VICTORYDEVICE version 1.24.0.R
#victoryd 1.24.0.R (Wed Jun 26 14:38:19 PDT 2024)
#libSDB 1.12.65 (Thu Dec  7 08:14:05 PST 2023)
a VICTORYDEVICE
j 1 9
k 4
r 1 92
x 3 43 42 46
w source 1 1
r 2 92
x 3 43 42 46
w gate 1 2
r 3 92
x 3 43 42 46
w drain 1 3
r 4 92
x 3 43 42 46
w substrate 1 4
y 1 15
z 300
f 4 source gate drain substrate
p 12 2 601 20 3 602 21 4 603 22 5 604 23
d 0 0 -1.8015152161340349e-16 0 0 3.3647788399802975e-28 0.01 0.01 1.8017242803564435e-16 0 0 0
d 0 0 -7.9230854366619479e-16 0 0 4.0606923587909513e-32 0.1 0.1 7.9230854366619341e-16 0 0 0
d 0 0 -9.2060247472260254e-16 0 0 1.8331190289902651e-26 0.5 0.5 9.2060247470666736e-16 0 0 0
d 0 0 -9.4006933128994578e-16 0 0 -2.3125044554068028e-28 1 1 9.4006933129007239e-16 0 0 0
d 0 0 -9.5452981992854772e-16 0 0 -2.2717229458105278e-28 2 2 9.5452981992866941e-16 0 0 0
d 0 0 -9.7406896512301286e-16 0 0 1.0506750325747752e-29 4 4 9.7406896512300536e-16 0 0 0
d 0 0 -9.8858558859865739e-16 0 0 1.7321555559727422e-27 6 6 9.8858558860903644e-16 0 0 0
d 0 0 -1.0009023097917476e-15 0 0 6.2265045931520908e-25 8 8 1.0009023097985596e-15 0 0 0
d 0 0 -1.0078472301031772e-15 0 0 5.2549823124240498e-23 10 10 1.0078472301211804e-15 0 0 0
d 0 0 -1.0140392086805895e-15 0 0 1.758584545856265e-24 12 12 1.0140392086838794e-15 0 0 0
d 0 0 -1.0201918476964043e-15 0 0 5.0688582088667225e-24 14 14 1.0201918477024225e-15 0 0 0
d 0 0 -1.027067208114995e-15 0 0 3.8463401671945106e-25 16 16 1.027067208117122e-15 0 0 0
d 0 0 -1.0337323327304171e-15 0 0 4.1044707801179695e-25 18 18 1.0337323327323786e-15 0 0 0
d 0 0 -1.0397127078700972e-15 0 0 6.7808458723573534e-24 20 20 1.0397127078879038e-15 0 0 0
d 0 0 -1.0442187524747893e-15 0 0 4.1240893246871491e-23 22 22 1.044218752508789e-15 0 0 0
d 0 0 -1.0483682845436278e-15 0 0 1.1588391741104599e-23 24 24 1.0483682845519763e-15 0 0 0
d 0 0 -1.0524114354322349e-15 0 0 4.1853984385084786e-23 26 26 1.0524114354527987e-15 0 0 0
d 0 0 -1.0563599365811313e-15 0 0 2.411107457191911e-23 28 28 1.0563599366055432e-15 0 0 0
d 0 0 -1.0602112972570449e-15 0 0 1.8007594536034996e-23 30 30 1.0602112973018508e-15 0 0 0
d 0 0 -1.0639401151832552e-15 0 0 3.4080568397543103e-23 32 32 1.0639401152472234e-15 0 0 0
d 0 0 -1.0675492357267268e-15 0 0 4.9034442565799987e-25 34 34 1.0675492357477051e-15 0 0 0
d 0 0 -1.071098859482907e-15 0 0 6.8548183688253728e-23 36 36 1.0710988621104922e-15 0 0 0
d 0 0 -1.0744574357740116e-15 0 0 2.3333613043968746e-24 38 38 1.074457435966824e-15 0 0 0
d 0 0 -1.0773134731495391e-15 0 0 2.3901266403878564e-23 40 40 1.0773134746548072e-15 0 0 0
d 0 0 -1.0798213575640597e-15 0 0 1.3409845567475679e-22 42 42 1.0798213581831222e-15 0 0 0
d 0 0 -1.0822869138043788e-15 0 0 4.1772060993118315e-21 44 44 1.0822869192394265e-15 0 0 0
d 0 0 -1.0847251354528603e-15 0 0 5.7740264634926362e-22 46 46 1.0847251369948114e-15 0 0 0
d 0 0 -1.0871447845582362e-15 0 0 3.5426946798201723e-22 48 48 1.0871447858675842e-15 0 0 0
d 0 0 -1.0895441671882644e-15 0 0 2.0389157030818932e-22 50 50 1.089544168292817e-15 0 0 0
d 0 0 -1.0919230355007382e-15 0 0 8.1979857153144939e-23 52 52 1.0919230361403916e-15 0 0 0
d 0 0 -1.0942854097509011e-15 0 0 1.1624737839410638e-24 54 54 1.0942854096343526e-15 0 0 0
d 0 0 -1.0966320387331157e-15 0 0 1.4820617902819778e-24 56 56 1.0966320388138134e-15 0 0 0
d 0 0 -1.0989620649265253e-15 0 0 -3.5797646694264613e-28 58 58 1.0989620649033535e-15 0 0 0
d 0 0 -1.1012755878419081e-15 0 0 3.3170012466789837e-24 60 60 1.1012755880707614e-15 0 0 0
d 0 0 -1.1035741063858012e-15 0 0 3.1307635674106274e-24 62 62 1.1035741068629833e-15 0 0 0
d 0 0 -1.1058597897745116e-15 0 0 5.9615116208799302e-24 64 64 1.1058597900231444e-15 0 0 0
d 0 0 -1.108127523918421e-15 0 0 1.6537815271089879e-22 66 66 1.1081275243949385e-15 0 0 0
d 0 0 -1.1102540856478004e-15 0 0 7.0986031931492036e-22 68 68 1.1102540816355998e-15 0 0 0
d 0 0 -1.1122624483369363e-15 0 0 6.6849781729509365e-21 70 70 1.1122624399907193e-15 0 0 0
d 0 0 -1.1140280842749311e-15 0 0 3.7447976396227558e-22 72 72 1.1140280781204119e-15 0 0 0
d 0 0 -1.115782148284034e-15 0 0 1.2410508579627575e-21 74 74 1.1157821455651415e-15 0 0 0
d 0 0 -1.1175304791084625e-15 0 0 3.8622429372166933e-22 76 76 1.1175304783271561e-15 0 0 0
d 0 0 -1.1192737063252487e-15 0 0 1.3461827286888045e-21 78 78 1.1192737057590722e-15 0 0 0
d 0 0 -1.1210113851591698e-15 0 0 2.9351046532032686e-22 80 80 1.1210113852876776e-15 0 0 0
d 0 0 -1.1227426705414283e-15 0 0 6.4603770504663574e-23 82 82 1.1227426707714623e-15 0 0 0
d 0 0 -1.1244673878617278e-15 0 0 1.669314950945504e-22 84 84 1.1244673885985706e-15 0 0 0
d 0 0 -1.1261866308601044e-15 0 0 3.8877743554565242e-23 86 86 1.1261866312602314e-15 0 0 0
d 0 0 -1.1279054911175872e-15 0 0 7.1932032887853284e-23 88 88 1.1279054917236428e-15 0 0 0
d 0 0 -1.1296278488816046e-15 0 0 1.28837121486943e-22 90 90 1.1296278497623481e-15 0 0 0
d 0 0 -1.1313546682719011e-15 0 0 2.0523535582762006e-22 92 92 1.1313546694631025e-15 0 0 0
d 0 0 -1.1330801772221824e-15 0 0 3.4695219998575569e-23 94 94 1.1330801777453312e-15 0 0 0
d 0 0 -1.1347974078236581e-15 0 0 4.8714465694835655e-23 96 96 1.1347974084643914e-15 0 0 0
d 0 0 -1.1365065129012636e-15 0 0 5.8506974121286723e-23 98 98 1.1365065136358706e-15 0 0 0
d 0 0 -1.1382073864525735e-15 0 0 6.7945880437532638e-23 100 100 1.138207387251146e-15 0 0 0
d 0 0 -1.1424223326361366e-15 0 0 1.4614752993688891e-22 105 105 1.142422333957915e-15 0 0 0
d 0 0 -1.1465809934302066e-15 0 0 1.2969717861782976e-22 110 110 1.1465809947483173e-15 0 0 0
d 0 0 -1.1504989982893252e-15 0 0 1.2778649476362522e-21 115 115 1.1504990034224259e-15 0 0 0
d 0 0 -1.1538968424325684e-15 0 0 9.7527015529135822e-22 120 120 1.1538968473478457e-15 0 0 0
d 0 0 -1.1571298813148548e-15 0 0 1.2239237297638605e-21 125 125 1.1571298882464379e-15 0 0 0
d 0 0 -1.1603251120714951e-15 0 0 2.0875897470570536e-22 130 130 1.160325115761614e-15 0 0 0
d 0 0 -1.1634793583036631e-15 0 0 3.6331018948854209e-22 135 135 1.1634793642766008e-15 0 0 0
d 0 0 -1.166582988444413e-15 0 0 4.5836746555124811e-22 140 140 1.1665829984582256e-15 0 0 0
d 0 0 -1.1696197548959119e-15 0 0 1.7043581897748216e-22 145 145 1.1696197630625727e-15 0 0 0
d 0 0 -1.1725992395854957e-15 0 0 3.2830184511531187e-22 150 150 1.1725992539770065e-15 0 0 0
d 0 0 -1.1755238241750163e-15 0 0 1.0987356057259453e-22 155 155 1.175523834197555e-15 0 0 0
d 0 0 -1.1783927425419399e-15 0 0 2.6783434523611923e-22 160 160 1.1783927604818697e-15 0 0 0
d 0 0 -1.1812066266693643e-15 0 0 1.4857397985949366e-22 165 165 1.1812066403976077e-15 0 0 0
d 0 0 -1.1839738182730593e-15 0 0 3.3959930222112144e-22 170 170 1.183973840104336e-15 0 0 0
d 0 0 -1.1867063788437456e-15 0 0 5.9161405934815023e-22 175 175 1.1867064058793123e-15 0 0 0
d 0 0 -1.1892900304259289e-15 0 0 1.4023624661080782e-21 180 180 1.1892900652879112e-15 0 0 0
d 0 0 -1.191608944404255e-15 0 0 1.4639462728737739e-21 185 185 1.191608977041989e-15 0 0 0
d 0 0 -1.1938016477115606e-15 0 0 3.3279344247541527e-22 190 190 1.1938016636598211e-15 0 0 0
d 0 0 -1.1960275270482141e-15 0 0 1.025987578833297e-21 195 195 1.1960275458582352e-15 0 0 0
d 0 0 -1.1982175484162261e-15 0 0 6.2644832943916462e-22 200 200 1.1982175630875551e-15 0 0 0
d 0 0 -1.200371246144071e-15 0 0 3.9429311263187148e-22 205 205 1.2003712594982144e-15 0 0 0
d 0 0 -1.2024927071557932e-15 0 0 1.5489397739596277e-21 210 210 1.2024927159662432e-15 0 0 0
d 0 0 -1.2045849130580897e-15 0 0 1.1592768748608651e-21 215 215 1.2045849063383913e-15 0 0 0
d 0 0 -1.20665060074426e-15 0 0 1.6950217745526936e-22 220 220 1.2066505961652557e-15 0 0 0
d 0 0 -1.2086924571123818e-15 0 0 1.6688057254858259e-22 225 225 1.2086924489316548e-15 0 0 0
d 0 0 -1.2107130836079427e-15 0 0 1.4149829814064732e-22 230 230 1.2107130724807271e-15 0 0 0
d 0 0 -1.2127147821322051e-15 0 0 8.1756236905636329e-23 235 235 1.2127147733487176e-15 0 0 0
d 0 0 -1.2146994668613981e-15 0 0 1.2771046561557671e-22 240 240 1.2146994619156944e-15 0 0 0
d 0 0 -1.2166704590309753e-15 0 0 2.5845703677734122e-22 245 245 1.2166704581365818e-15 0 0 0
d 0 0 -1.2186257191280894e-15 0 0 6.3408818896658949e-22 250 250 1.2186257238894284e-15 0 0 0
d 0 0 -1.219594809301407e-15 0 0 1.0768129586196111e-21 252.5 252.5 1.2195947918441033e-15 0 0 0
d 0 0 -1.2205589902165504e-15 0 0 1.265073507785332e-21 255 255 1.2205589713288408e-15 0 0 0
d 0 0 -1.2224080980600382e-15 0 0 7.345547062071318e-22 260 260 1.2224080700322573e-15 0 0 0
d 0 0 -1.2242315893020763e-15 0 0 3.8435256548468196e-22 265 265 1.2242315747616162e-15 0 0 0
d 0 0 -1.2258581663422787e-15 0 0 3.8738814230355274e-22 270 270 1.2258581750637793e-15 0 0 0
d 0 0 -1.227464753651289e-15 0 0 2.8016226888892357e-22 275 275 1.2274647526889696e-15 0 0 0
d 0 0 -1.2290563224638246e-15 0 0 4.9259882797289066e-22 280 280 1.2290563101228475e-15 0 0 0
d 0 0 -1.2306356320148204e-15 0 0 5.3727907417418992e-22 285 285 1.2306356118206084e-15 0 0 0
d 0 0 -1.2322050079532722e-15 0 0 6.6114303947897325e-22 290 290 1.2322049811184341e-15 0 0 0
d 0 0 -1.2337665854055378e-15 0 0 3.84740011549125e-22 295 295 1.2337666093375741e-15 0 0 0
d 0 0 -1.2353223047754128e-15 0 0 3.3317169373274244e-21 300 300 1.2353222653387622e-15 0 0 0
d 0 0 -1.2368743061492498e-15 0 0 1.1773974383105099e-21 305 305 1.2368742799102075e-15 0 0 0
d 0 0 -1.238425966349449e-15 0 0 1.9719337881781405e-21 310 310 1.2384259197713079e-15 0 0 0
d 0 0 -1.2399796002876325e-15 0 0 1.7660348158665841e-21 315 315 1.2399795460702578e-15 0 0 0
d 0 0 -1.2415372954386486e-15 0 0 3.7575434462263269e-22 320 320 1.241537263637878e-15 0 0 0
d 0 0 -1.2431050530613559e-15 0 0 2.0283696939823923e-21 325 325 1.2431051067204071e-15 0 0 0
d 0 0 -1.24469332683269e-15 0 0 1.1269986837153669e-21 330 330 1.244693384065931e-15 0 0 0
d 0 0 -1.246288127879427e-15 0 0 4.856402445062981e-22 335 335 1.2462880627315083e-15 0 0 0
d 0 0 -1.2478871196329895e-15 0 0 1.7716590274858898e-21 340 340 1.2478870267573115e-15 0 0 0
d 0 0 -1.2494346634890969e-15 0 0 8.997985611090587e-22 345 345 1.2494345730866301e-15 0 0 0
d 0 0 -1.2510211107258346e-15 0 0 3.1671467375841047e-20 350 350 1.2510212779177178e-15 0 0 0
d 0 0 -1.2524778389092515e-15 0 0 1.0570551509140647e-21 355 355 1.2524779302270172e-15 0 0 0
d 0 0 -1.2539405785460579e-15 0 0 1.5578332104315872e-21 360 360 1.2539406956483767e-15 0 0 0
d 0 0 -1.2554140279770168e-15 0 0 1.2048397038850378e-21 365 365 1.255414123767726e-15 0 0 0
d 0 0 -1.2568990899893949e-15 0 0 3.3494459629389973e-21 370 370 1.2568992059805154e-15 0 0 0
d 0 0 -1.2584796118205292e-15 0 0 5.7723945129032683e-21 375 375 1.2584796431352535e-15 0 0 0
d 0 0 -1.2601189934865956e-15 0 0 4.9312428455262187e-22 380 380 1.260118835138878e-15 0 0 0
d 0 0 -1.2617758268788907e-15 0 0 7.9682915619888898e-22 385 385 1.2617756868874926e-15 0 0 0
d 0 0 -1.263455493898623e-15 0 0 1.9323744935271767e-21 390 390 1.2634553058522195e-15 0 0 0
d 0 0 -1.2651497027216294e-15 0 0 1.9204949263704896e-21 395 395 1.2651495127045731e-15 0 0 0
d 0 0 -1.2668379521681225e-15 0 0 2.9064212388217887e-21 400 400 1.2668377434420915e-15 0 0 0
d 0 0 -1.2685180638107582e-15 0 0 1.3795237670135528e-21 405 405 1.2685179416997163e-15 0 0 0
d 0 0 -1.2702143275237755e-15 0 0 1.9955287772859936e-21 410 410 1.2702141902149218e-15 0 0 0
d 0 0 -1.2719350471366734e-15 0 0 2.8616295288817921e-21 415 415 1.2719348963138213e-15 0 0 0
d 0 0 -1.2736834503368919e-15 0 0 3.4202621884396295e-21 420 420 1.2736833094410585e-15 0 0 0
d 0 0 -1.2754598741251904e-15 0 0 1.0594897691373199e-20 425 425 1.2754596801698113e-15 0 0 0
d 0 0 -1.277329548650408e-15 0 0 2.4820927402605465e-20 430 430 1.2773297531705849e-15 0 0 0
d 0 0 -1.2791966950276357e-15 0 0 1.5275465131365238e-19 435 435 1.2791960075678013e-15 0 0 0
d 0 0 -1.2811387889556777e-15 0 0 1.2514168806238373e-19 440 440 1.2811386564491069e-15 0 0 0
d 0 0 -1.2829517571473967e-15 0 0 2.8761333571113808e-20 445 445 1.2829516358750546e-15 0 0 0
d 0 0 -1.2847970241605761e-15 0 0 1.2350176737230696e-20 450 450 1.284796982220747e-15 0 0 0
d 0 0 -1.2867132061069702e-15 0 0 6.0737746046999664e-20 455 455 1.286713005440705e-15 0 0 0
d 0 0 -1.28869171284436e-15 0 0 3.8073636898666443e-20 460 460 1.2886916265505976e-15 0 0 0
d 0 0 -1.2907240212555022e-15 0 0 1.9941798453910043e-20 465 465 1.2907240565337196e-15 0 0 0
d 0 0 -1.2928270355515866e-15 0 0 1.1057048156058388e-19 470 470 1.2928266927851306e-15 0 0 0
d 0 0 -1.2949989963184776e-15 0 0 5.9683044087891459e-20 475 475 1.2949988046003825e-15 0 0 0
d 0 0 -1.2972404910435051e-15 0 0 3.4759090366284678e-20 480 480 1.2972404070481518e-15 0 0 0
d 0 0 -1.2995142701571319e-15 0 0 2.245797353786517e-20 485 485 1.2995142220896842e-15 0 0 0
d 0 0 -1.3017868234923326e-15 0 0 1.7343561992000888e-20 490 490 1.3017867812071637e-15 0 0 0
d 0 0 -1.3040405148130896e-15 0 0 1.9552749905613573e-20 495 495 1.3040404174937756e-15 0 0 0
d 0 0 -1.3062994281429544e-15 0 0 7.8482278491012743e-20 500 500 1.306298623371968e-15 0 0 0
d 0 0 -1.3085764028745197e-15 0 0 1.2522865148191416e-22 505 505 1.308576510595989e-15 0 0 0
d 0 0 -1.3108737847032653e-15 0 0 2.0885605931707182e-23 510 510 1.3108739054620998e-15 0 0 0
d 0 0 -1.313192891220585e-15 0 0 -3.7494919333028337e-23 515 515 1.3131929828009635e-15 0 0 0
d 0 0 -1.3155336675541127e-15 0 0 8.1992188378872189e-22 520 520 1.3155338923088689e-15 0 0 0
d 0 0 -1.3178521175631516e-15 0 0 3.6536581469601821e-22 525 525 1.3178522638736542e-15 0 0 0
d 0 0 -1.3201927138175002e-15 0 0 -3.8203244997901126e-23 530 530 1.3201927477223678e-15 0 0 0
d 0 0 -1.3225381886871961e-15 0 0 -5.1519120788975542e-23 535 535 1.3225382463071083e-15 0 0 0
d 0 0 -1.3247765946306262e-15 0 0 -5.2877379481091551e-23 540 540 1.3247766579998962e-15 0 0 0
d 0 0 -1.3270381459689185e-15 0 0 -5.6771745599451262e-23 545 545 1.3270382109243143e-15 0 0 0
d 0 0 -1.3293303823859522e-15 0 0 -5.9788537028698456e-23 550 550 1.3293304499869315e-15 0 0 0
d 0 0 -1.3316568298112741e-15 0 0 -6.2751053921089113e-23 555 555 1.3316569231163883e-15 0 0 0
d 0 0 -1.3340198564159591e-15 0 0 -5.8909379250039747e-23 560 560 1.3340199710486373e-15 0 0 0
d 0 0 -1.3364212240814822e-15 0 0 -6.6550999483463051e-23 565 565 1.3364213241394899e-15 0 0 0
d 0 0 -1.33886227341851e-15 0 0 -6.9931014811505368e-23 570 570 1.3388623833734828e-15 0 0 0
d 0 0 -1.3413440263818688e-15 0 0 -7.323121734713463e-23 575 575 1.3413441508485645e-15 0 0 0
d 0 0 -1.3438672814579634e-15 0 0 -7.6023139441785528e-23 580 580 1.3438674438577625e-15 0 0 0
d 0 0 -1.3464327625635851e-15 0 0 -8.0687422453886903e-23 585 585 1.3464329102313898e-15 0 0 0
d 0 0 -1.3490413570484383e-15 0 0 -8.3657288687725831e-23 590 590 1.3490415373704066e-15 0 0 0
d 0 0 -1.3516944476983731e-15 0 0 -8.6461259032618707e-23 595 595 1.351694660607291e-15 0 0 0
d 0 0 -1.3543943034534998e-15 0 0 -9.118258376092892e-23 600 600 1.3543944779257578e-15 0 0 0
d 0 0 -1.3571444346406368e-15 0 0 -9.4751570899155468e-23 605 605 1.3571446054564787e-15 0 0 0
d 0 0 -1.3599497057568911e-15 0 0 -9.8727095518495226e-23 610 610 1.3599498505856905e-15 0 0 0
d 0 0 -1.3628153919483213e-15 0 0 -1.0443304023347392e-22 615 615 1.3628156075757503e-15 0 0 0
d 0 0 -1.3642695893232185e-15 0 0 -1.0331969636311241e-22 617.5 617.5 1.364269767415305e-15 0 0 0
d 0 0 -1.3657031182671303e-15 0 0 -1.0059240135927179e-22 620 620 1.3657027191868021e-15 0 0 0
d 0 0 -1.3686456387489838e-15 0 0 -1.1163317151237e-22 625 625 1.3686455110951759e-15 0 0 0
d 0 0 -1.371683794046854e-15 0 0 -1.1656118246279243e-22 630 630 1.371683768699333e-15 0 0 0
d 0 0 -1.3746062631806045e-15 0 0 -1.2196943461018213e-22 635 635 1.3746058610340612e-15 0 0 0
d 0 0 -1.3776024231014024e-15 0 0 -1.2631036244779535e-22 640 640 1.3776027059504425e-15 0 0 0
d 0 0 -1.3806859828376998e-15 0 0 -1.3098811898854387e-22 645 645 1.3806864986143068e-15 0 0 0
d 0 0 -1.3838650726595093e-15 0 0 -1.3626564734856848e-22 650 650 1.383865628581095e-15 0 0 0
d 0 0 -1.3871392526487847e-15 0 0 -1.4176876712308535e-22 655 655 1.3871398342981695e-15 0 0 0
d 0 0 -1.3904637557932559e-15 0 0 -1.4747870814406107e-22 660 660 1.3904644112624481e-15 0 0 0
d 0 0 -1.3937365403621231e-15 0 0 -1.5329934602636315e-22 665 665 1.3937372620508584e-15 0 0 0
d 0 0 -1.3970063864438259e-15 0 0 -1.5899689759711383e-22 670 670 1.3970068483580081e-15 0 0 0
d 0 0 -1.4003074384844845e-15 0 0 -1.6462034190608634e-22 675 675 1.4003079525803203e-15 0 0 0
d 0 0 -1.4036484497054442e-15 0 0 -1.703326888422817e-22 680 680 1.4036490124506361e-15 0 0 0
d 0 0 -1.4070359965755035e-15 0 0 -1.7616623061922121e-22 685 685 1.4070366001731523e-15 0 0 0
d 0 0 -1.4104763208459743e-15 0 0 -1.8214690355904115e-22 690 690 1.4104769383177405e-15 0 0 0
d 0 0 -1.4139771517907739e-15 0 0 -1.8832565694814611e-22 695 695 1.4139777508316927e-15 0 0 0
d 0 0 -1.4175460631290156e-15 0 0 -1.9487604160591935e-22 700 700 1.4175466276791972e-15 0 0 0
d 0 0 -1.421189707341361e-15 0 0 -2.0149546467178902e-22 705 705 1.4211902089783284e-15 0 0 0
d 0 0 -1.4249141814588187e-15 0 0 -2.0835240466219714e-22 710 710 1.4249146216328822e-15 0 0 0
d 0 0 -1.4287244797725218e-15 0 0 -2.1537881459893403e-22 715 715 1.428725029260743e-15 0 0 0
d 0 0 -1.4326209039310452e-15 0 0 -2.2282082820021709e-22 720 720 1.4326213640125411e-15 0 0 0
d 0 0 -1.4364878166440522e-15 0 0 -2.2942823158105249e-22 725 725 1.4364877010318009e-15 0 0 0
d 0 0 -1.4405418837690954e-15 0 0 -2.390274725476138e-22 730 730 1.4405419557017432e-15 0 0 0
d 0 0 -1.4445151282529596e-15 0 0 -2.4575256204832004e-22 735 735 1.4445162300141353e-15 0 0 0
d 0 0 -1.4484185854752369e-15 0 0 -2.5336343216673188e-22 740 740 1.4484195577679014e-15 0 0 0
d 0 0 -1.4524050321766692e-15 0 0 -2.6145588477750971e-22 745 745 1.4524057900695561e-15 0 0 0
d 0 0 -1.4564836549423884e-15 0 0 -2.6946298293673317e-22 750 750 1.456484462074178e-15 0 0 0
d 0 0 -1.4606595173093164e-15 0 0 -2.7777620879957833e-22 755 755 1.4606603562222174e-15 0 0 0
d 0 0 -1.4649367772846121e-15 0 0 -2.8637792463534631e-22 760 760 1.4649376453279385e-15 0 0 0
d 0 0 -1.469319778007764e-15 0 0 -2.9527605481541803e-22 765 765 1.4693206710709647e-15 0 0 0
d 0 0 -1.4738130457258866e-15 0 0 -3.0472235270871333e-22 770 770 1.4738136637088068e-15 0 0 0
d 0 0 -1.4784203661326919e-15 0 0 -3.1438544247471725e-22 775 775 1.4784209797413247e-15 0 0 0
d 0 0 -1.4831463154157064e-15 0 0 -3.2443080935542776e-22 780 780 1.4831469132897192e-15 0 0 0
d 0 0 -1.4880075488513849e-15 0 0 -3.3488232450419227e-22 785 785 1.4880081057315963e-15 0 0 0
d 0 0 -1.4930138759865468e-15 0 0 -3.4577440276036655e-22 790 790 1.4930144052147705e-15 0 0 0
d 0 0 -1.4981736039488699e-15 0 0 -3.571367113312114e-22 795 795 1.4981741030409747e-15 0 0 0
d 0 0 -1.5034943005638676e-15 0 0 -3.686073736580687e-22 800 800 1.5034948284261856e-15 0 0 0
d 0 0 -1.5089827976082552e-15 0 0 -3.807639779548394e-22 805 805 1.5089832532878998e-15 0 0 0
d 0 0 -1.5146454636682984e-15 0 0 -3.9362338921283234e-22 810 810 1.5146459822015424e-15 0 0 0
d 0 0 -1.5204852992091879e-15 0 0 -4.0712960053503515e-22 815 815 1.5204857975412122e-15 0 0 0
d 0 0 -1.5265040401807936e-15 0 0 -4.2118643931452925e-22 820 820 1.5265045380545474e-15 0 0 0
d 0 0 -1.5326985887601829e-15 0 0 -4.3585026520062456e-22 825 825 1.5326991247018112e-15 0 0 0
d 0 0 -1.5388711179376232e-15 0 0 -4.5229443208403371e-22 830 830 1.5388716680433528e-15 0 0 0
d 0 0 -1.5454090216431468e-15 0 0 -4.6679579706040428e-22 835 835 1.5454094538593372e-15 0 0 0
d 0 0 -1.5516967430295114e-15 0 0 -4.8098828064824192e-22 840 840 1.5516976265452036e-15 0 0 0
d 0 0 -1.5580079810654425e-15 0 0 -4.9170349700983013e-22 845 845 1.5580107069584793e-15 0 0 0
d 0 0 -1.564483509551894e-15 0 0 -5.0749935169697098e-22 850 850 1.5644862910167886e-15 0 0 0
d 0 0 -1.571138791615992e-15 0 0 -5.2398197620889051e-22 855 855 1.5711416137296924e-15 0 0 0
d 0 0 -1.5779946802694177e-15 0 0 -5.411566213525166e-22 860 860 1.5779975277057444e-15 0 0 0
d 0 0 -1.5850566363522438e-15 0 0 -5.6461401449667218e-22 865 865 1.5850581690261787e-15 0 0 0
d 0 0 -1.5923228377235861e-15 0 0 -5.839043832826301e-22 870 870 1.5923243344999833e-15 0 0 0
d 0 0 -1.5997786475787737e-15 0 0 -6.038861933277895e-22 875 875 1.5997801099671612e-15 0 0 0
d 0 0 -1.6073869190239785e-15 0 0 -6.2459564961062997e-22 880 880 1.6073882661594046e-15 0 0 0
d 0 0 -1.6150645077357129e-15 0 0 -6.4592405490194561e-22 885 885 1.6150657854120844e-15 0 0 0
d 0 0 -1.6226691007204968e-15 0 0 -6.6757089474466042e-22 890 890 1.6226703148817164e-15 0 0 0
d 0 0 -1.6298358612633507e-15 0 0 -6.8916169939972218e-22 895 895 1.6298369533455641e-15 0 0 0
d 0 0 -1.6362218034814195e-15 0 0 -7.0896143445856361e-22 900 900 1.6362227266756235e-15 0 0 0
d 0 0 -1.6422651961873641e-15 0 0 -7.269632612197463e-22 905 905 1.6422661586748609e-15 0 0 0
d 0 0 -1.6483010988165025e-15 0 0 -7.4470006980721588e-22 910 910 1.6483021708294805e-15 0 0 0
d 0 0 -1.6543844749173799e-15 0 0 -7.6258529352415494e-22 915 915 1.6543857151025389e-15 0 0 0
d 0 0 -1.6605240048327405e-15 0 0 -7.8073581631732378e-22 920 920 1.6605254532748196e-15 0 0 0
d 0 0 -1.6667189337123108e-15 0 0 -8.0338635208767913e-22 925 925 1.6667174488930939e-15 0 0 0
d 0 0 -1.6728273339679075e-15 0 0 -8.1777762821255994e-22 930 930 1.6728326337581264e-15 0 0 0
d 0 0 -1.679023765892667e-15 0 0 -8.410556240591989e-22 935 935 1.6790213126310258e-15 0 0 0
d 0 0 -1.6852030696316857e-15 0 0 -8.5245805091917669e-22 940 940 1.6852076862479427e-15 0 0 0
d 0 0 -1.691042151809387e-15 0 0 -8.7415634448460387e-22 945 945 1.6910455664706627e-15 0 0 0
d 0 0 -1.6969197394494516e-15 0 0 -8.9322694604165179e-22 950 950 1.6969229384946047e-15 0 0 0
d 0 0 -1.702852344810335e-15 0 0 -9.122503130982979e-22 955 955 1.702855630459519e-15 0 0 0
d 0 0 -1.7088460316755521e-15 0 0 -9.3165926975849305e-22 960 960 1.7088494149644437e-15 0 0 0
d 0 0 -1.7149044539842271e-15 0 0 -9.5146627100059574e-22 965 965 1.714907932856764e-15 0 0 0
d 0 0 -1.7210304462529523e-15 0 0 -9.7168007795310362e-22 970 970 1.7210340255542335e-15 0 0 0
d 0 0 -1.727226542733834e-15 0 0 -9.9234297923017995e-22 975 975 1.7272302975764093e-15 0 0 0
d 0 0 -1.7334952280307698e-15 0 0 -1.0161892136981208e-21 980 980 1.7334978616318407e-15 0 0 0
d 0 0 -1.7398390516514236e-15 0 0 -1.0377585959599121e-21 985 985 1.7398418107732339e-15 0 0 0
d 0 0 -1.7462607228184765e-15 0 0 -1.0598938993227384e-21 990 990 1.7462634872893651e-15 0 0 0
d 0 0 -1.7527630659068119e-15 0 0 -1.0825369140970627e-21 995 995 1.7527658551811667e-15 0 0 0
d 0 0 -1.7593489980033491e-15 0 0 -1.1057052140271846e-21 1000 1000 1.7593518003254638e-15 0 0 0
d 0 0 -1.7660215066811835e-15 0 0 -1.1294204493657636e-21 1005 1005 1.7660243091163342e-15 0 0 0
d 0 0 -1.7727836264546648e-15 0 0 -1.1537006786945159e-21 1010 1010 1.7727864209983579e-15 0 0 0
d 0 0 -1.7796383895221437e-15 0 0 -1.1785527036619643e-21 1015 1015 1.7796411932781407e-15 0 0 0
d 0 0 -1.786588681810868e-15 0 0 -1.2009245985305421e-21 1020 1020 1.786593749298749e-15 0 0 0
d 0 0 -1.7936368271417572e-15 0 0 -1.2299069008647958e-21 1025 1025 1.7936403278928532e-15 0 0 0
d 0 0 -1.8007817296077339e-15 0 0 -1.2562207917008772e-21 1030 1030 1.8007860608824519e-15 0 0 0
d 0 0 -1.8078853452188954e-15 0 0 -1.2809190727962569e-21 1035 1035 1.8078943009013011e-15 0 0 0
d 0 0 -1.8150227030869141e-15 0 0 -1.3101715866341124e-21 1040 1040 1.8150300367708975e-15 0 0 0
d 0 0 -1.8223746484082775e-15 0 0 -1.3384643805360833e-21 1045 1045 1.8223806017333094e-15 0 0 0
d 0 0 -1.8291605287552306e-15 0 0 -1.3653497512397503e-21 1050 1050 1.8291657241668261e-15 0 0 0
d 0 0 -1.8359948916698107e-15 0 0 -1.3920850388961456e-21 1055 1055 1.8360002400392291e-15 0 0 0
d 0 0 -1.8429151646388319e-15 0 0 -1.4195782827248558e-21 1060 1060 1.8429205014047714e-15 0 0 0
d 0 0 -1.8499326158676791e-15 0 0 -1.4476829117527448e-21 1065 1065 1.8499380102134494e-15 0 0 0
d 0 0 -1.8570518998323968e-15 0 0 -1.4765021262684223e-21 1070 1070 1.8570572895314982e-15 0 0 0
d 0 0 -1.8642673467130173e-15 0 0 -1.5059855677301038e-21 1075 1075 1.8642726955093499e-15 0 0 0
d 0 0 -1.8715499945831243e-15 0 0 -1.5360551624550442e-21 1080 1080 1.8715553777980636e-15 0 0 0
d 0 0 -1.8788399637054303e-15 0 0 -1.5664437004404293e-21 1085 1085 1.8788454182747436e-15 0 0 0
d 0 0 -1.8860672190771929e-15 0 0 -1.5968541521069475e-21 1090 1090 1.8860727717436806e-15 0 0 0
d 0 0 -1.8932846653206883e-15 0 0 -1.627502799612978e-21 1095 1095 1.8932902734644862e-15 0 0 0
d 0 0 -1.9005259278906819e-15 0 0 -1.6585664234684315e-21 1100 1100 1.9005314957252131e-15 0 0 0
d 0 0 -1.9078022482870682e-15 0 0 -1.6900851826353684e-21 1105 1105 1.9078077286566387e-15 0 0 0
d 0 0 -1.9151215389967357e-15 0 0 -1.7220708822841203e-21 1110 1110 1.9151269317517372e-15 0 0 0
d 0 0 -1.9224880276436486e-15 0 0 -1.7509586297031032e-21 1115 1115 1.9224977215975656e-15 0 0 0
d 0 0 -1.9299030892074803e-15 0 0 -1.7837758955124241e-21 1120 1120 1.9299130626467692e-15 0 0 0
d 0 0 -1.9373635992190531e-15 0 0 -1.820089064171023e-21 1125 1125 1.9373714823394415e-15 0 0 0
d 0 0 -1.9447110376526562e-15 0 0 -1.8536230292900165e-21 1130 1130 1.9446975622428107e-15 0 0 0
d 0 0 -1.952016237488287e-15 0 0 -1.8911979942895957e-21 1135 1135 1.9519976362426794e-15 0 0 0
d 0 0 -1.9594940791319965e-15 0 0 -1.9211526837264278e-21 1140 1140 1.9595033551093635e-15 0 0 0
d 0 0 -1.966275334469079e-15 0 0 -1.9529488127845765e-21 1145 1145 1.9662836854102355e-15 0 0 0
d 0 0 -1.973043214759659e-15 0 0 -1.9844739908110202e-21 1150 1150 1.973051723932474e-15 0 0 0
d 0 0 -1.9798368448595642e-15 0 0 -2.0164330335136973e-21 1155 1155 1.9798453580418098e-15 0 0 0
d 0 0 -1.9866660918193743e-15 0 0 -2.0488058786737329e-21 1160 1160 1.9866745772401721e-15 0 0 0
d 0 0 -1.9935348410301153e-15 0 0 -2.0816190999720662e-21 1165 1165 1.9935432676935212e-15 0 0 0
d 0 0 -2.0004450281150308e-15 0 0 -2.1148845832762061e-21 1170 1170 2.000453381110757e-15 0 0 0
d 0 0 -2.0073977207530516e-15 0 0 -2.1486060382354511e-21 1175 1175 2.0074059335333679e-15 0 0 0
d 0 0 -2.0143933113561144e-15 0 0 -2.1796218082849182e-21 1180 1180 2.0144069298928929e-15 0 0 0
d 0 0 -2.02143090186433e-15 0 0 -2.214433649044948e-21 1185 1185 2.021443755459652e-15 0 0 0
d 0 0 -2.0285102625437422e-15 0 0 -2.2498157181082155e-21 1190 1190 2.0285222666695275e-15 0 0 0
d 0 0 -2.0356309990389944e-15 0 0 -2.2855663285552225e-21 1195 1195 2.0356425125854195e-15 0 0 0
d 0 0 -2.04279165405929e-15 0 0 -2.3214293933492608e-21 1200 1200 2.0428041541859642e-15 0 0 0
d 0 0 -2.0456661693001994e-15 0 0 -2.3370222738522123e-21 1202 1202 2.0456790272724573e-15 0 0 0
d 0 0 -2.0485453471923925e-15 0 0 -2.3516956522470156e-21 1204 1204 2.0485581913730438e-15 0 0 0
d 0 0 -2.0514264457569335e-15 0 0 -2.3664297035333692e-21 1206 1206 2.0514393422349027e-15 0 0 0
d 0 0 -2.0542929791279552e-15 0 0 -2.3850616940425068e-21 1208 1208 2.0543115515457341e-15 0 0 0
d 0 0 -2.0570323306662094e-15 0 0 -2.4014513931093606e-21 1210 1210 2.0570451368454938e-15 0 0 0
d 0 0 -2.0597090854895504e-15 0 0 -2.4089774514212837e-21 1212 1212 2.0597281760482107e-15 0 0 0
d 0 0 -2.0625542939735476e-15 0 0 -2.428783103428957e-21 1214 1214 2.062524179184653e-15 0 0 0
d 0 0 -2.0654445393309484e-15 0 0 -2.4377912042502246e-21 1216 1216 2.0654615349101972e-15 0 0 0
d 0 0 -2.0683328867740374e-15 0 0 -2.4533400990424321e-21 1218 1218 2.0683502811257165e-15 0 0 0
d 0 0 -2.0710077778331889e-15 0 0 -2.4679205917601882e-21 1220 1220 2.0710279205426567e-15 0 0 0
d 0 0 -2.0735290566835433e-15 0 0 -2.4830695532889196e-21 1222 1222 2.0735415763784499e-15 0 0 0
d 0 0 -2.07603473023916e-15 0 0 -2.4962188880141229e-21 1224 1224 2.0760474693669686e-15 0 0 0
d 0 0 -2.0785335744235056e-15 0 0 -2.5093641888152485e-21 1226 1226 2.0785464957869117e-15 0 0 0
d 0 0 -2.0810299016168456e-15 0 0 -2.5205142101600748e-21 1228 1228 2.0810523334991004e-15 0 0 0
d 0 0 -2.0835261026802414e-15 0 0 -2.5337233503509575e-21 1230 1230 2.0835487366454332e-15 0 0 0
d 0 0 -2.0860235196096792e-15 0 0 -2.5469725448927818e-21 1232 1232 2.0860463354596763e-15 0 0 0
d 0 0 -2.0885229973554918e-15 0 0 -2.5602668230812577e-21 1234 1234 2.0885459773309873e-15 0 0 0
d 0 0 -2.0910250832636005e-15 0 0 -2.5736094972079474e-21 1236 1236 2.0910482110205997e-15 0 0 0
d 0 0 -2.0935301433147366e-15 0 0 -2.5870028463620264e-21 1238 1238 2.0935534035726332e-15 0 0 0
d 0 0 -2.0960384258934239e-15 0 0 -2.6004484896990702e-21 1240 1240 2.0960618043537352e-15 0 0 0
d 0 0 -2.0985500966758251e-15 0 0 -2.6139475968040156e-21 1242 1242 2.0985735800428074e-15 0 0 0
d 0 0 -2.1010652608209507e-15 0 0 -2.6275010108427725e-21 1244 1244 2.1010888368606679e-15 0 0 0
d 0 0 -2.1035839726371729e-15 0 0 -2.6411093068664706e-21 1246 1246 2.1036076302762902e-15 0 0 0
d 0 0 -2.1061062361473249e-15 0 0 -2.6547728082272885e-21 1248 1248 2.1061299656607063e-15 0 0 0
d 0 0 -2.1086319964755747e-15 0 0 -2.6684915538087333e-21 1250 1250 2.108655789886239e-15 0 0 0
d 0 0 -2.1111611148976362e-15 0 0 -2.6822651882793508e-21 1252 1252 2.1111849668847047e-15 0 0 0
d 0 0 -2.1136936015857362e-15 0 0 -2.6960926023182314e-21 1254 1254 2.1137175150124727e-15 0 0 0
d 0 0 -2.1162303710998938e-15 0 0 -2.7099717640554626e-21 1256 1256 2.1162543608919852e-15 0 0 0
d 0 0 -2.1187702405749473e-15 0 0 -2.7238981919131094e-21 1258 1258 2.1187943492783152e-15 0 0 0
d 0 0 -2.1213080864666203e-15 0 0 -2.7378504810720174e-21 1260 1260 2.1213325056701859e-15 0 0 0
d 0 0 -2.1237793135148278e-15 0 0 -2.751669442903347e-21 1262 1262 2.1237999367327215e-15 0 0 0
d 0 0 -2.1262361785891861e-15 0 0 -2.7645757726877428e-21 1264 1264 2.1262522493136521e-15 0 0 0
d 0 0 -2.1286037405478872e-15 0 0 -2.7784650522029482e-21 1266 1266 2.1286253356193778e-15 0 0 0
d 0 0 -2.1311191302644557e-15 0 0 -2.6647219085785057e-21 1268 1268 2.1311322316070347e-15 0 0 0
d 0 0 -2.1336682573088315e-15 0 0 -2.802604213770647e-21 1270 1270 2.1336612015411461e-15 0 0 0
d 0 0 -2.1362066774299151e-15 0 0 -2.8202726966497009e-21 1272 1272 2.1362283049889914e-15 0 0 0
d 0 0 -2.1385886590341299e-15 0 0 -2.8339014778273552e-21 1274 1274 2.1386003961725617e-15 0 0 0
d 0 0 -2.1409379598302273e-15 0 0 -2.8469161821024845e-21 1276 1276 2.1409434933048667e-15 0 0 0
d 0 0 -2.1432880567345609e-15 0 0 -2.8600538592406465e-21 1278 1278 2.1432897755164548e-15 0 0 0
d 0 0 -2.1456404540410936e-15 0 0 -2.8732277493112932e-21 1280 1280 2.1456379762293469e-15 0 0 0
d 0 0 -2.1479959327946961e-15 0 0 -2.8864430770129116e-21 1282 1282 2.1479887576346986e-15 0 0 0
d 0 0 -2.1503549333058011e-15 0 0 -2.8997030149160533e-21 1284 1284 2.1503424445106508e-15 0 0 0
d 0 0 -2.1527177132137925e-15 0 0 -2.9130095230797984e-21 1286 1286 2.1526991621419836e-15 0 0 0
d 0 0 -2.1550844328239756e-15 0 0 -2.9263639269441756e-21 1288 1288 2.1550589116469938e-15 0 0 0
d 0 0 -2.1574551772149714e-15 0 0 -2.9397662358186274e-21 1290 1290 2.1574212411135529e-15 0 0 0
d 0 0 -2.1598299582747437e-15 0 0 -2.9500452414097705e-21 1292 1292 2.1593701175233099e-15 0 0 0
d 0 0 -2.1622088745736328e-15 0 0 -2.9635449241055821e-21 1294 1294 2.1616885949815455e-15 0 0 0
d 0 0 -2.1645918958918873e-15 0 0 -2.9770998582209492e-21 1296 1296 2.1639996698961513e-15 0 0 0
d 0 0 -2.1669790160088968e-15 0 0 -2.9906999671936199e-21 1298 1298 2.1662991132963033e-15 0 0 0
d 0 0 -2.1693702190960289e-15 0 0 -3.0043467106208985e-21 1300 1300 2.1685898189074632e-15 0 0 0
d 0 0 -2.1717654814550739e-15 0 0 -3.018057622460276e-21 1302 1302 2.170861054621287e-15 0 0 0
d 0 0 -2.1741647855853558e-15 0 0 -3.0318096401909335e-21 1304 1304 2.1731002350215183e-15 0 0 0
d 0 0 -2.1765682573542332e-15 0 0 -3.0456118682739359e-21 1306 1306 2.1753008834429388e-15 0 0 0
d 0 0 -2.1789756739090864e-15 0 0 -3.0594649612495634e-21 1308 1308 2.1774467524220524e-15 0 0 0
d 0 0 -2.181386978693858e-15 0 0 -3.0733687917362706e-21 1310 1310 2.1795144568488795e-15 0 0 0
d 0 0 -2.1838021036934788e-15 0 0 -3.0873232674336027e-21 1312 1312 2.1814696322232171e-15 0 0 0
d 0 0 -2.1862207978331317e-15 0 0 -3.1013251963130893e-21 1314 1314 2.1832624616243252e-15 0 0 0
d 0 0 -2.1886426424709765e-15 0 0 -3.118627811076247e-21 1316 1316 2.1879744890890691e-15 0 0 0
d 0 0 -2.1910674602685069e-15 0 0 -3.1327417601531201e-21 1318 1318 2.1901740087781834e-15 0 0 0
d 0 0 -2.1934951940587457e-15 0 0 -3.1469051162133402e-21 1320 1320 2.1922922484340724e-15 0 0 0
d 0 0 -2.1959257536470749e-15 0 0 -3.1611160609414232e-21 1322 1322 2.1943190938045818e-15 0 0 0
d 0 0 -2.1983590854036967e-15 0 0 -3.1753813747968799e-21 1324 1324 2.1962540629845911e-15 0 0 0
d 0 0 -2.2007954389979078e-15 0 0 -3.1896914868898018e-21 1326 1326 2.1981283112308557e-15 0 0 0
d 0 0 -2.2032351317382242e-15 0 0 -3.2040512170418118e-21 1328 1328 2.2000278173762687e-15 0 0 0
d 0 0 -2.2056783921997787e-15 0 0 -3.2184657316567446e-21 1330 1330 2.2020347238734553e-15 0 0 0
d 0 0 -2.2081254961650823e-15 0 0 -3.2329253815132381e-21 1332 1332 2.2042338937599213e-15 0 0 0
d 0 0 -2.2105766559282388e-15 0 0 -3.2474445714936486e-21 1334 1334 2.2065241842797738e-15 0 0 0
d 0 0 -2.2130318789811507e-15 0 0 -3.2620183803824411e-21 1336 1336 2.2087591946030978e-15 0 0 0
d 0 0 -2.2154909156824332e-15 0 0 -3.2766461506967997e-21 1338 1338 2.2108113567273682e-15 0 0 0
d 0 0 -2.2179534330975707e-15 0 0 -3.2913257759752229e-21 1340 1340 2.2127026535815987e-15 0 0 0
d 0 0 -2.220419314392641e-15 0 0 -3.3060547520939515e-21 1342 1342 2.2144395739671218e-15 0 0 0
d 0 0 -2.2228886365660455e-15 0 0 -3.3208424340510099e-21 1344 1344 2.2164195105836355e-15 0 0 0
d 0 0 -2.2253615468801703e-15 0 0 -3.3356769890131085e-21 1346 1346 2.2184965382375971e-15 0 0 0
d 0 0 -2.2278381671777518e-15 0 0 -3.350564884046575e-21 1348 1348 2.2206729422881566e-15 0 0 0
d 0 0 -2.2303185761501416e-15 0 0 -3.3655067749540795e-21 1350 1350 2.2229171041800875e-15 0 0 0
d 0 0 -2.2328028251610891e-15 0 0 -3.3805031314276524e-21 1352 1352 2.225206964953519e-15 0 0 0
d 0 0 -2.2352909545987273e-15 0 0 -3.3955537591504225e-21 1354 1354 2.2275070441248601e-15 0 0 0
d 0 0 -2.2377830040740446e-15 0 0 -3.4106596242224255e-21 1356 1356 2.2297790640482341e-15 0 0 0
d 0 0 -2.2402790180512852e-15 0 0 -3.4258269549688321e-21 1358 1358 2.2321686730771184e-15 0 0 0
d 0 0 -2.2427790486822472e-15 0 0 -3.4410454646985657e-21 1360 1360 2.2345331267700349e-15 0 0 0
d 0 0 -2.2452831581501313e-15 0 0 -3.4563205564627197e-21 1362 1362 2.2369065858174557e-15 0 0 0
d 0 0 -2.2477914195164814e-15 0 0 -3.471653116398186e-21 1364 1364 2.2392881335198067e-15 0 0 0
d 0 0 -2.2503039171824586e-15 0 0 -3.4870432315945425e-21 1366 1366 2.2416883675642979e-15 0 0 0
d 0 0 -2.2528207482192172e-15 0 0 -3.502493086423606e-21 1368 1368 2.2441093382776293e-15 0 0 0
d 0 0 -2.255342017507062e-15 0 0 -3.5180016214597983e-21 1370 1370 2.2465621392265503e-15 0 0 0
d 0 0 -2.2578678416995039e-15 0 0 -3.533570214792195e-21 1372 1372 2.2490806963948995e-15 0 0 0
d 0 0 -2.2603983485542662e-15 0 0 -3.5492020195716048e-21 1374 1374 2.2516804956089949e-15 0 0 0
d 0 0 -2.2629336737178214e-15 0 0 -3.5648938960982252e-21 1376 1376 2.2544034880517363e-15 0 0 0
d 0 0 -2.2654739414574803e-15 0 0 -3.5806543179164185e-21 1378 1378 2.2572142973702883e-15 0 0 0
d 0 0 -2.2680192081627535e-15 0 0 -3.5964758867728805e-21 1380 1380 2.2599901738919331e-15 0 0 0
d 0 0 -2.2705693926336664e-15 0 0 -3.6123619442549867e-21 1382 1382 2.2626031148680058e-15 0 0 0
d 0 0 -2.2731242904339364e-15 0 0 -3.6283114092783344e-21 1384 1384 2.2649878673134933e-15 0 0 0
d 0 0 -2.2756837085266015e-15 0 0 -3.6443233592567397e-21 1386 1386 2.2672423853151441e-15 0 0 0
d 0 0 -2.2782475838705882e-15 0 0 -3.6603971819167608e-21 1388 1388 2.2695193646373795e-15 0 0 0
d 0 0 -2.2808159706369304e-15 0 0 -3.6765334438539218e-21 1390 1390 2.2719050650552407e-15 0 0 0
d 0 0 -2.2833889585606113e-15 0 0 -3.6927328707945294e-21 1392 1392 2.2744098212708208e-15 0 0 0
d 0 0 -2.2859666204458659e-15 0 0 -3.7089968212274077e-21 1394 1394 2.2769985566946913e-15 0 0 0
d 0 0 -2.2885490014215765e-15 0 0 -3.7253250368703386e-21 1396 1396 2.2796467976697022e-15 0 0 0
d 0 0 -2.2911361254346035e-15 0 0 -3.7417183311466036e-21 1398 1398 2.2823409854684944e-15 0 0 0
d 0 0 -2.2937280038388112e-15 0 0 -3.7581751994754501e-21 1400 1400 2.2851229340912443e-15 0 0 0
d 0 0 -2.2963246425851088e-15 0 0 -3.7747059292332648e-21 1402 1402 2.2879288828138715e-15 0 0 0
d 0 0 -2.298926047262829e-15 0 0 -3.7912964564690245e-21 1404 1404 2.2907256662098168e-15 0 0 0
d 0 0 -2.301532228370419e-15 0 0 -3.8079533136512281e-21 1406 1406 2.293557848139956e-15 0 0 0
d 0 0 -2.3041432035520579e-15 0 0 -3.8246768808838437e-21 1408 1408 2.2964270984615996e-15 0 0 0
d 0 0 -2.306758993654299e-15 0 0 -3.841467600621102e-21 1410 1410 2.2993250071356306e-15 0 0 0
d 0 0 -2.3093796066724937e-15 0 0 -3.8583258648337652e-21 1412 1412 2.302224531261328e-15 0 0 0
d 0 0 -2.3120050175917784e-15 0 0 -3.875251834689885e-21 1414 1414 2.3050912188289525e-15 0 0 0
d 0 0 -2.3146351714341986e-15 0 0 -3.8922454227532921e-21 1416 1416 2.3079142948631536e-15 0 0 0
d 0 0 -2.3172700130027039e-15 0 0 -3.9093064582796522e-21 1418 1418 2.3107134998163076e-15 0 0 0
d 0 0 -2.3199093912512864e-15 0 0 -3.9264347148430598e-21 1420 1420 2.3135084573408066e-15 0 0 0
d 0 0 -2.3225532361176767e-15 0 0 -3.9436305025229534e-21 1422 1422 2.3163033433392352e-15 0 0 0
d 0 0 -2.3252015469417327e-15 0 0 -3.9608940710188355e-21 1424 1424 2.3191010876469987e-15 0 0 0
d 0 0 -2.3278543304236914e-15 0 0 -3.9782256873160225e-21 1426 1426 2.3219086983255971e-15 0 0 0
d 0 0 -2.3305116000459537e-15 0 0 -3.9956256816091035e-21 1428 1428 2.324726126011246e-15 0 0 0
d 0 0 -2.333173364672337e-15 0 0 -4.0130940510969232e-21 1430 1430 2.3275605204416787e-15 0 0 0
d 0 0 -2.3358396297189101e-15 0 0 -4.0314662203045454e-21 1432 1432 2.3268403197547484e-15 0 0 0
d 0 0 -2.3385103821449713e-15 0 0 -4.0494542038485242e-21 1434 1434 2.3281945061578735e-15 0 0 0
d 0 0 -2.3411856263060634e-15 0 0 -4.0671412440281641e-21 1436 1436 2.3310747224971484e-15 0 0 0
d 0 0 -2.3438653769672917e-15 0 0 -4.0848982948830908e-21 1438 1438 2.3339723769933362e-15 0 0 0
d 0 0 -2.3465496436880935e-15 0 0 -4.102831497692116e-21 1440 1440 2.3358410202128744e-15 0 0 0
d 0 0 -2.3492384259010134e-15 0 0 -4.1206986155414777e-21 1442 1442 2.3392782594889932e-15 0 0 0
d 0 0 -2.3519317242122274e-15 0 0 -4.1386694387677643e-21 1444 1444 2.3422119949895838e-15 0 0 0
d 0 0 -2.354629541667212e-15 0 0 -4.1567114903545168e-21 1446 1446 2.3451612141098843e-15 0 0 0
d 0 0 -2.3573318827551997e-15 0 0 -4.1748250873532245e-21 1448 1448 2.3481185308326761e-15 0 0 0
d 0 0 -2.3600387438562237e-15 0 0 -4.1930097721674588e-21 1450 1450 2.3511028656021969e-15 0 0 0
d 0 0 -2.3627501057201846e-15 0 0 -4.2112688183673202e-21 1452 1452 2.3540223937253872e-15 0 0 0
d 0 0 -2.3654659347775579e-15 0 0 -4.2295983919233586e-21 1454 1454 2.3568738376916842e-15 0 0 0
d 0 0 -2.3681861919917624e-15 0 0 -4.2480000457623753e-21 1456 1456 2.3596864264265585e-15 0 0 0
d 0 0 -2.3709108473034162e-15 0 0 -4.2664741769228203e-21 1458 1458 2.3624762788318027e-15 0 0 0
d 0 0 -2.3736398852498828e-15 0 0 -4.2850206342718446e-21 1460 1460 2.3652692204419104e-15 0 0 0
d 0 0 -2.3763733010263149e-15 0 0 -4.3036398497558846e-21 1462 1462 2.3680808909572573e-15 0 0 0
d 0 0 -2.379111092054032e-15 0 0 -4.3223321568247311e-21 1464 1464 2.3709134939787046e-15 0 0 0
d 0 0 -2.3818532507543791e-15 0 0 -4.3410978706849523e-21 1466 1466 2.3737619341349353e-15 0 0 0
d 0 0 -2.384599761812093e-15 0 0 -4.3599372846133014e-21 1468 1468 2.376620431068039e-15 0 0 0
d 0 0 -2.3873506039567235e-15 0 0 -4.3788506466550974e-21 1470 1470 2.3794867739664858e-15 0 0 0
d 0 0 -2.3901057533717892e-15 0 0 -4.3978381965635135e-21 1472 1472 2.3823620591502425e-15 0 0 0
d 0 0 -2.3928651854253611e-15 0 0 -4.4169001864881148e-21 1474 1474 2.3852481744310832e-15 0 0 0
d 0 0 -2.395628873953268e-15 0 0 -4.4360369420401751e-21 1476 1476 2.3881456945582931e-15 0 0 0
d 0 0 -2.3983976204425653e-15 0 0 -4.4552504186053953e-21 1478 1478 2.3910537575026997e-15 0 0 0
d 0 0 -2.4011721655489671e-15 0 0 -4.4745415115775156e-21 1480 1480 2.3939707690606895e-15 0 0 0
d 0 0 -2.4039525053250528e-15 0 0 -4.4939107054468426e-21 1482 1482 2.3968934386316193e-15 0 0 0
d 0 0 -2.406738626186005e-15 0 0 -4.5133582999534481e-21 1484 1484 2.3998198813147338e-15 0 0 0
d 0 0 -2.4095305203536399e-15 0 0 -4.5328846274043107e-21 1486 1486 2.402750353005886e-15 0 0 0
d 0 0 -2.4123281783114151e-15 0 0 -4.5524900276916424e-21 1488 1488 2.405687203162395e-15 0 0 0
d 0 0 -2.4151315898263366e-15 0 0 -4.5721748533514398e-21 1490 1490 2.4086337636105477e-15 0 0 0
d 0 0 -2.4179407445590708e-15 0 0 -4.592007519829067e-21 1492 1492 2.4103078361569977e-15 0 0 0
d 0 0 -2.4207556266231364e-15 0 0 -4.6118274484929317e-21 1494 1494 2.41325591619064e-15 0 0 0
d 0 0 -2.4235762190097797e-15 0 0 -4.6317530591944466e-21 1496 1496 2.4162768161615118e-15 0 0 0
d 0 0 -2.4264024954803288e-15 0 0 -4.6517596181550645e-21 1498 1498 2.4193034342479997e-15 0 0 0
d 0 0 -2.4292344211475463e-15 0 0 -4.6718474331703154e-21 1500 1500 2.4223265357258241e-15 0 0 0
d 0 0 -2.4320719514181681e-15 0 0 -4.6920168432070102e-21 1502 1502 2.4253372688140184e-15 0 0 0
d 0 0 -2.4349150345529188e-15 0 0 -4.7122677457317495e-21 1504 1504 2.4283670972811855e-15 0 0 0
d 0 0 -2.4377636154587626e-15 0 0 -4.7326018833018851e-21 1506 1506 2.4313508220469077e-15 0 0 0
d 0 0 -2.4406176402578658e-15 0 0 -4.7530176215101225e-21 1508 1508 2.4343224171834964e-15 0 0 0
d 0 0 -2.4434770597864875e-15 0 0 -4.7735159776250895e-21 1510 1510 2.4372930862327037e-15 0 0 0
d 0 0 -2.4463418305838307e-15 0 0 -4.7940972490796629e-21 1512 1512 2.4402667353198357e-15 0 0 0
d 0 0 -2.449211914369786e-15 0 0 -4.8147617588473985e-21 1514 1514 2.4432444965663956e-15 0 0 0
d 0 0 -2.452087277507441e-15 0 0 -4.8355098491768183e-21 1516 1516 2.4462268757697374e-15 0 0 0
d 0 0 -2.4549678904820695e-15 0 0 -4.8563418748892136e-21 1518 1518 2.4492152079040455e-15 0 0 0
d 0 0 -2.4578537278283026e-15 0 0 -4.8772582043003109e-21 1520 1520 2.4522111748287997e-15 0 0 0
d 0 0 -2.460744767656425e-15 0 0 -4.8982592170832548e-21 1522 1522 2.4552153041140904e-15 0 0 0
d 0 0 -2.4636409904775371e-15 0 0 -4.9193452979767694e-21 1524 1524 2.4582261016241838e-15 0 0 0
d 0 0 -2.4665423778696519e-15 0 0 -4.9405168284460123e-21 1526 1526 2.4612406164504024e-15 0 0 0
d 0 0 -2.4694489024700494e-15 0 0 -4.9617800745737108e-21 1528 1528 2.4642480653874543e-15 0 0 0
d 0 0 -2.4723602046008105e-15 0 0 -4.9831253260110128e-21 1530 1530 2.4672586154659068e-15 0 0 0
d 0 0 -2.475276113438577e-15 0 0 -5.0045535265612838e-21 1532 1532 2.4702737206434158e-15 0 0 0
d 0 0 -2.4781966377389907e-15 0 0 -5.026067624456337e-21 1534 1534 2.4732910198142377e-15 0 0 0
d 0 0 -2.4811217869482628e-15 0 0 -5.0476680129011e-21 1536 1536 2.47631251500375e-15 0 0 0
d 0 0 -2.4840515713053383e-15 0 0 -5.0693550976898645e-21 1538 1538 2.4793390153119065e-15 0 0 0
d 0 0 -2.4869860014313117e-15 0 0 -5.0911292947650172e-21 1540 1540 2.4823699488557929e-15 0 0 0
d 0 0 -2.4899250877450568e-15 0 0 -5.1129910258089262e-21 1542 1542 2.4854039690202728e-15 0 0 0
d 0 0 -2.492868840084741e-15 0 0 -5.134940714535617e-21 1544 1544 2.4884399103285182e-15 0 0 0
d 0 0 -2.495817267727523e-15 0 0 -5.15697878571149e-21 1546 1546 2.4914775274665295e-15 0 0 0
d 0 0 -2.498770379740991e-15 0 0 -5.1791056675513938e-21 1548 1548 2.4945176164905292e-15 0 0 0
d 0 0 -2.5017281854586485e-15 0 0 -5.2013217938915927e-21 1550 1550 2.4975615202576357e-15 0 0 0
d 0 0 -2.5046906941796383e-15 0 0 -5.2236276035037569e-21 1552 1552 2.5006103898715752e-15 0 0 0
d 0 0 -2.5076579150507835e-15 0 0 -5.2460232392248397e-21 1554 1554 2.5036744354335153e-15 0 0 0
d 0 0 -2.5106298566440563e-15 0 0 -5.2685102215060379e-21 1556 1556 2.5067349284621128e-15 0 0 0
d 0 0 -2.5136065263685704e-15 0 0 -5.2910877428628143e-21 1558 1558 2.5097976331473948e-15 0 0 0
d 0 0 -2.5165879301657733e-15 0 0 -5.3137567137605457e-21 1560 1560 2.5128627164390829e-15 0 0 0
d 0 0 -2.519574072403494e-15 0 0 -5.3365175631166244e-21 1562 1562 2.5159291689703014e-15 0 0 0
d 0 0 -2.5225649561583148e-15 0 0 -5.3593707134372616e-21 1564 1564 2.5189967018355234e-15 0 0 0
d 0 0 -2.5255605835961789e-15 0 0 -5.382316584103406e-21 1566 1566 2.5220658159792351e-15 0 0 0
d 0 0 -2.5285609569875816e-15 0 0 -5.4053555986959179e-21 1568 1568 2.5251375446999152e-15 0 0 0
d 0 0 -2.5315660976003436e-15 0 0 -5.4284883609363797e-21 1570 1570 2.5282131207908038e-15 0 0 0
d 0 0 -2.5345761545370358e-15 0 0 -5.4517155181346553e-21 1572 1572 2.5312936319696022e-15 0 0 0
d 0 0 -2.5375911671596531e-15 0 0 -5.475037403583642e-21 1574 1574 2.5343793002695239e-15 0 0 0
d 0 0 -2.5406111457151232e-15 0 0 -5.4984544516542738e-21 1576 1576 2.5374700086125619e-15 0 0 0
d 0 0 -2.5436361091140011e-15 0 0 -5.521967088139939e-21 1578 1578 2.5405652166689941e-15 0 0 0
d 0 0 -2.5466660565203286e-15 0 0 -5.5455758451029453e-21 1580 1580 2.5436642462124635e-15 0 0 0
d 0 0 -2.5497009967156804e-15 0 0 -5.5692811716582284e-21 1582 1582 2.5467664809158746e-15 0 0 0
d 0 0 -2.5527409377484762e-15 0 0 -5.593083533197315e-21 1584 1584 2.5498715656389453e-15 0 0 0
d 0 0 -2.5557858238194748e-15 0 0 -5.6132162595325631e-21 1586 1586 2.5408319704769413e-15 0 0 0
d 0 0 -2.5588357887814339e-15 0 0 -5.6372045508234068e-21 1588 1588 2.5442119578868685e-15 0 0 0
d 0 0 -2.5618907766553751e-15 0 0 -5.6612917546476752e-21 1590 1590 2.5475900847177957e-15 0 0 0
d 0 0 -2.5649507945386894e-15 0 0 -5.6854783717370742e-21 1592 1592 2.5509690656780247e-15 0 0 0
d 0 0 -2.5680158493939882e-15 0 0 -5.7097648774272121e-21 1594 1594 2.5543508911459514e-15 0 0 0
d 0 0 -2.5710859477137774e-15 0 0 -5.7341517474342355e-21 1596 1596 2.5577363993245827e-15 0 0 0
d 0 0 -2.5741610956594236e-15 0 0 -5.7586394581487591e-21 1598 1598 2.5611253354453738e-15 0 0 0
d 0 0 -2.5772412988013407e-15 0 0 -5.7832284916765563e-21 1600 1600 2.5645162581556152e-15 0 0 0
d 0 0 -2.5803265618394088e-15 0 0 -5.8079193190492531e-21 1602 1602 2.5679072934437301e-15 0 0 0
d 0 0 -2.5834168884623474e-15 0 0 -5.8327124114731668e-21 1604 1604 2.5712963042961421e-15 0 0 0
d 0 0 -2.5865122812925781e-15 0 0 -5.8576082352367972e-21 1606 1606 2.5746813699432517e-15 0 0 0
d 0 0 -2.5896127419514303e-15 0 0 -5.8826072533981668e-21 1608 1608 2.5780612291405243e-15 0 0 0
d 0 0 -2.5927182713848232e-15 0 0 -5.9077099266895727e-21 1610 1610 2.5814355743261022e-15 0 0 0
d 0 0 -2.5958288697587991e-15 0 0 -5.9329167125121334e-21 1612 1612 2.5848050995074834e-15 0 0 0
d 0 0 -2.5989445367268378e-15 0 0 -5.9582280689469794e-21 1614 1614 2.5881712789358702e-15 0 0 0
d 0 0 -2.6020652716261983e-15 0 0 -5.9836444559118705e-21 1616 1616 2.5915359591209362e-15 0 0 0
d 0 0 -2.6051910734910273e-15 0 0 -6.0091663361407845e-21 1618 1618 2.5949009261790712e-15 0 0 0
d 0 0 -2.6083219410307976e-15 0 0 -6.0347941755783358e-21 1620 1620 2.5982675873250586e-15 0 0 0
d 0 0 -2.6114578724667125e-15 0 0 -6.0605284410124879e-21 1622 1622 2.60163682235037e-15 0 0 0
d 0 0 -2.6145988668971763e-15 0 0 -6.0865440367902039e-21 1624 1624 2.6041116088977062e-15 0 0 0
d 0 0 -2.6177449184099634e-15 0 0 -6.1124617084512374e-21 1626 1626 2.607421424634138e-15 0 0 0
d 0 0 -2.620896032434431e-15 0 0 -6.1385186619411798e-21 1628 1628 2.6108247833072643e-15 0 0 0
d 0 0 -2.6240521942834912e-15 0 0 -6.1646839061140243e-21 1630 1630 2.6142294280998518e-15 0 0 0
d 0 0 -2.627213397157384e-15 0 0 -6.1909579000603827e-21 1632 1632 2.6176345046518314e-15 0 0 0
d 0 0 -2.6303796334208665e-15 0 0 -6.2173411049455713e-21 1634 1634 2.6210391156770228e-15 0 0 0
d 0 0 -2.6335508928008863e-15 0 0 -6.2438335977899885e-21 1636 1636 2.6244643556170908e-15 0 0 0
d 0 0 -2.6367271634485641e-15 0 0 -6.2704366416406583e-21 1638 1638 2.6278669663809902e-15 0 0 0
d 0 0 -2.6399084325816146e-15 0 0 -6.2971501698036038e-21 1640 1640 2.6312659267970628e-15 0 0 0
d 0 0 -2.6430946840738927e-15 0 0 -6.3239746769842535e-21 1642 1642 2.6346629198469195e-15 0 0 0
d 0 0 -2.6462859027708169e-15 0 0 -6.3509109526319563e-21 1644 1644 2.638058613779048e-15 0 0 0
d 0 0 -2.6494824061025406e-15 0 0 -6.3779605807483866e-21 1646 1646 2.6414544539866919e-15 0 0 0
d 0 0 -2.6526843930084378e-15 0 0 -6.4051246655266044e-21 1648 1648 2.6448510100465043e-15 0 0 0
d 0 0 -2.655891863371001e-15 0 0 -6.4324037814629846e-21 1650 1650 2.6482488924660362e-15 0 0 0
d 0 0 -2.6591048180287274e-15 0 0 -6.4597985172918342e-21 1652 1652 2.6516487135139378e-15 0 0 0
d 0 0 -2.6623232595631861e-15 0 0 -6.4873094619982021e-21 1654 1654 2.6550508834444198e-15 0 0 0
d 0 0 -2.6655471865327455e-15 0 0 -6.5149371659899613e-21 1656 1656 2.6584556079969045e-15 0 0 0
d 0 0 -2.6687765929436575e-15 0 0 -6.5426821926885815e-21 1658 1658 2.6618629497298184e-15 0 0 0
d 0 0 -2.6720114732474488e-15 0 0 -6.5705451227924678e-21 1660 1660 2.6652728536503078e-15 0 0 0
d 0 0 -2.6752518197810342e-15 0 0 -6.5985264983518315e-21 1662 1662 2.6686851614390512e-15 0 0 0
d 0 0 -2.6784976158433874e-15 0 0 -6.6266267737281116e-21 1664 1664 2.6720996404316858e-15 0 0 0
d 0 0 -2.6817489011394962e-15 0 0 -6.6548470827652971e-21 1666 1666 2.6755164696128393e-15 0 0 0
d 0 0 -2.685005881987015e-15 0 0 -6.6831877847831755e-21 1668 1668 2.6789355960238627e-15 0 0 0
d 0 0 -2.6882685685051816e-15 0 0 -6.7116494275122176e-21 1670 1670 2.682356475291243e-15 0 0 0
d 0 0 -2.691536945495546e-15 0 0 -6.7402324065314368e-21 1672 1672 2.6857788986578828e-15 0 0 0
d 0 0 -2.6948110012424614e-15 0 0 -6.7689372617723385e-21 1674 1674 2.6892027261208048e-15 0 0 0
d 0 0 -2.6980907297677092e-15 0 0 -6.7977645335190632e-21 1676 1676 2.6926278838767927e-15 0 0 0
d 0 0 -2.7013761226780073e-15 0 0 -6.8267147164845736e-21 1678 1678 2.6960543847799371e-15 0 0 0
d 0 0 -2.7046671682290254e-15 0 0 -6.8557883161466404e-21 1680 1680 2.6994823603614795e-15 0 0 0
d 0 0 -2.7079638614915238e-15 0 0 -6.8849859092399339e-21 1682 1682 2.7029120525217623e-15 0 0 0
d 0 0 -2.7112661075311642e-15 0 0 -6.9143076300145531e-21 1684 1684 2.7063434292828192e-15 0 0 0
d 0 0 -2.7145738078017314e-15 0 0 -6.9437542412479396e-21 1686 1686 2.7097769367570127e-15 0 0 0
d 0 0 -2.717886956394939e-15 0 0 -6.9733260460245947e-21 1688 1688 2.7132128722543693e-15 0 0 0
d 0 0 -2.7212054235206917e-15 0 0 -7.0030232495795079e-21 1690 1690 2.7166513153165583e-15 0 0 0
d 0 0 -2.7245291535183948e-15 0 0 -7.032846110978243e-21 1692 1692 2.7200925622027741e-15 0 0 0
d 0 0 -2.7278581578349212e-15 0 0 -7.0627951869222164e-21 1694 1694 2.7235368235886618e-15 0 0 0
d 0 0 -2.7311924423774237e-15 0 0 -7.0928710552282183e-21 1696 1696 2.7269842266208449e-15 0 0 0
d 0 0 -2.734532021322995e-15 0 0 -7.1230743823518672e-21 1698 1698 2.7304348618062284e-15 0 0 0
d 0 0 -2.7378769124383347e-15 0 0 -7.1534057734862289e-21 1700 1700 2.7338887656784892e-15 0 0 0
d 0 0 -2.7412271253483013e-15 0 0 -7.1838657775223623e-21 1702 1702 2.7373459449244971e-15 0 0 0
d 0 0 -2.7445826634610705e-15 0 0 -7.2144549760353609e-21 1704 1704 2.7408064079271113e-15 0 0 0
d 0 0 -2.7479435395297182e-15 0 0 -7.245174058025451e-21 1706 1706 2.7442701665530773e-15 0 0 0
d 0 0 -2.7513097708512785e-15 0 0 -7.2760236383987531e-21 1708 1708 2.7477372049353091e-15 0 0 0
d 0 0 -2.754681365057548e-15 0 0 -7.3070042724005872e-21 1710 1710 2.75120749859742e-15 0 0 0
d 0 0 -2.7580584243688375e-15 0 0 -7.338117199937148e-21 1712 1712 2.7546814124673188e-15 0 0 0
d 0 0 -2.7614412405997823e-15 0 0 -7.3693627473977617e-21 1714 1714 2.7581600195261319e-15 0 0 0
d 0 0 -2.7648298549586696e-15 0 0 -7.4007418951687699e-21 1716 1716 2.7616413888308815e-15 0 0 0
d 0 0 -2.7682242841364717e-15 0 0 -7.4322550381541032e-21 1718 1718 2.7651262074454033e-15 0 0 0
d 0 0 -2.7716245444778808e-15 0 0 -7.4639027084945095e-21 1720 1720 2.7686145544341767e-15 0 0 0
d 0 0 -2.7750306451440309e-15 0 0 -7.4956857040046657e-21 1722 1722 2.7721064207395207e-15 0 0 0
d 0 0 -2.7784426129755969e-15 0 0 -7.527604647515205e-21 1724 1724 2.7756018115658235e-15 0 0 0
d 0 0 -2.781860463032e-15 0 0 -7.5596601295707113e-21 1726 1726 2.7791007414195075e-15 0 0 0
d 0 0 -2.7852841421457161e-15 0 0 -7.5921772826371141e-21 1728 1728 2.7741741926824445e-15 0 0 0
d 0 0 -2.7887137840834052e-15 0 0 -7.6245204068417946e-21 1730 1730 2.7779245120896464e-15 0 0 0
d 0 0 -2.7921493575755949e-15 0 0 -7.6570009877322275e-21 1732 1732 2.7816713766592737e-15 0 0 0
d 0 0 -2.7955908805963623e-15 0 0 -7.6896198704756014e-21 1734 1734 2.7854152606840705e-15 0 0 0
d 0 0 -2.799038368224944e-15 0 0 -7.7223776825365126e-21 1736 1736 2.7891566687494945e-15 0 0 0
d 0 0 -2.8024918362126874e-15 0 0 -7.7552753761192498e-21 1738 1738 2.7928790482852068e-15 0 0 0
d 0 0 -2.8059513015617631e-15 0 0 -7.7883140936049625e-21 1740 1740 2.7966135682737566e-15 0 0 0
d 0 0 -2.8094167787344095e-15 0 0 -7.8214920074091404e-21 1742 1742 2.8003505650334841e-15 0 0 0
d 0 0 -2.8128882833388819e-15 0 0 -7.8548114404136484e-21 1744 1744 2.8040858621153555e-15 0 0 0
d 0 0 -2.8163658323297851e-15 0 0 -7.8882728186446867e-21 1746 1746 2.8078209925114347e-15 0 0 0
d 0 0 -2.8198494397252894e-15 0 0 -7.9218771413347888e-21 1748 1748 2.811556467421738e-15 0 0 0
d 0 0 -2.8233391206954227e-15 0 0 -7.9556250307168046e-21 1750 1750 2.8152910164827389e-15 0 0 0
d 0 0 -2.8268348920819121e-15 0 0 -7.9895169966589932e-21 1752 1752 2.8190267858736052e-15 0 0 0
d 0 0 -2.8303367671723608e-15 0 0 -8.0235541853992994e-21 1754 1754 2.822762132146099e-15 0 0 0
d 0 0 -2.8338447600133505e-15 0 0 -8.0577367985873067e-21 1756 1756 2.8264976134275447e-15 0 0 0
d 0 0 -2.8373588869803562e-15 0 0 -8.0920654998566182e-21 1758 1758 2.8302333253875082e-15 0 0 0
d 0 0 -2.8408791609950454e-15 0 0 -8.1265409439067306e-21 1760 1760 2.8339693886867835e-15 0 0 0
d 0 0 -2.844405594541718e-15 0 0 -8.1611638004130262e-21 1762 1762 2.8377058887278632e-15 0 0 0
d 0 0 -2.8479382032285038e-15 0 0 -8.1959347378071681e-21 1764 1764 2.8414429273887522e-15 0 0 0
d 0 0 -2.8514770066099883e-15 0 0 -8.2308543844720512e-21 1766 1766 2.8451806494838725e-15 0 0 0
d 0 0 -2.8550220151394478e-15 0 0 -8.2659234787719254e-21 1768 1768 2.8489191378461122e-15 0 0 0
d 0 0 -2.8585732374901444e-15 0 0 -8.3011426735286487e-21 1770 1770 2.8526584870355021e-15 0 0 0
d 0 0 -2.8621306865602699e-15 0 0 -8.3365125762472592e-21 1772 1772 2.8563987847244334e-15 0 0 0
d 0 0 -2.8656942118832704e-15 0 0 -8.3720343482440793e-21 1774 1774 2.8601398126396757e-15 0 0 0
d 0 0 -2.8692637178830706e-15 0 0 -8.4077080494375026e-21 1776 1776 2.8638817115489114e-15 0 0 0
d 0 0 -2.8728392227087958e-15 0 0 -8.4435342466145576e-21 1778 1778 2.8676246017332152e-15 0 0 0
d 0 0 -2.8764207441069323e-15 0 0 -8.4795136197711764e-21 1780 1780 2.8713685557244491e-15 0 0 0
d 0 0 -2.8800083018313453e-15 0 0 -8.5158093123892971e-21 1782 1782 2.8749433661726247e-15 0 0 0
d 0 0 -2.8836019085984034e-15 0 0 -8.5521163698612879e-21 1784 1784 2.87867618468723e-15 0 0 0
d 0 0 -2.8872015838575118e-15 0 0 -8.5885597406155873e-21 1786 1786 2.8824299433299623e-15 0 0 0
d 0 0 -2.8908073445848535e-15 0 0 -8.6251590235416384e-21 1788 1788 2.8861848288767917e-15 0 0 0
d 0 0 -2.8944192076959723e-15 0 0 -8.6619148958555026e-21 1790 1790 2.8899409368283737e-15 0 0 0
d 0 0 -2.898037190084047e-15 0 0 -8.6988280316998393e-21 1792 1792 2.8936983793442365e-15 0 0 0
d 0 0 -2.9016613293631779e-15 0 0 -8.735899046384698e-21 1794 1794 2.8974574494722134e-15 0 0 0
d 0 0 -2.9052919461443725e-15 0 0 -8.7731270574547306e-21 1796 1796 2.9012188269094387e-15 0 0 0
d 0 0 -2.9089291648361077e-15 0 0 -8.8105149078918045e-21 1798 1798 2.9049824247140644e-15 0 0 0
d 0 0 -2.9125730118598896e-15 0 0 -8.8480630922338818e-21 1800 1800 2.9087483800534036e-15 0 0 0
d 0 0 -2.9162235142629578e-15 0 0 -8.8857722781232879e-21 1802 1802 2.9125168858443178e-15 0 0 0
d 0 0 -2.9198806997710165e-15 0 0 -8.9236431296124897e-21 1804 1804 2.9162881349597979e-15 0 0 0
d 0 0 -2.9235445967914887e-15 0 0 -8.961676306548992e-21 1806 1806 2.9200623150249698e-15 0 0 0
d 0 0 -2.9272152344493687e-15 0 0 -8.9998724643589283e-21 1808 1808 2.9238396045119407e-15 0 0 0
d 0 0 -2.9308926426159319e-15 0 0 -9.038232253530357e-21 1810 1810 2.9276201703692768e-15 0 0 0
d 0 0 -2.9345768519225367e-15 0 0 -9.0767563188872244e-21 1812 1812 2.9314041671466143e-15 0 0 0
d 0 0 -2.9382678937602435e-15 0 0 -9.1154452994074536e-21 1814 1814 2.9351917374305096e-15 0 0 0
d 0 0 -2.9419658003238526e-15 0 0 -9.1542998274828275e-21 1816 1816 2.9389830131411547e-15 0 0 0
d 0 0 -2.9456706453899394e-15 0 0 -9.2032534762290771e-21 1818 1818 2.9353373667436687e-15 0 0 0
d 0 0 -2.9493823802477246e-15 0 0 -9.2424530192649546e-21 1820 1820 2.939350969893145e-15 0 0 0
d 0 0 -2.9531010679290981e-15 0 0 -9.2818197258893741e-21 1822 1822 2.9433611659811919e-15 0 0 0
d 0 0 -2.9568265157421684e-15 0 0 -9.3213558467058737e-21 1824 1824 2.9473682582694501e-15 0 0 0
d 0 0 -2.9605586827392071e-15 0 0 -9.3610600434446292e-21 1826 1826 2.9513724481898325e-15 0 0 0
d 0 0 -2.9642976130315125e-15 0 0 -9.4009328022954411e-21 1828 1828 2.9553740898691688e-15 0 0 0
d 0 0 -2.968043351191222e-15 0 0 -9.4409746127756248e-21 1830 1830 2.9593734616445568e-15 0 0 0
d 0 0 -2.9717959422719922e-15 0 0 -9.4811859489584348e-21 1832 1832 2.9633708393173309e-15 0 0 0
d 0 0 -2.9755554318135587e-15 0 0 -9.5215672688683003e-21 1834 1834 2.9673664971757515e-15 0 0 0
d 0 0 -2.9793218658507203e-15 0 0 -9.5621190136480409e-21 1836 1836 2.9713607084457418e-15 0 0 0
d 0 0 -2.983095290924369e-15 0 0 -9.6028416067647606e-21 1838 1838 2.9753537453839096e-15 0 0 0
d 0 0 -2.9868757540949759e-15 0 0 -9.643735453113934e-21 1840 1840 2.9793458791019246e-15 0 0 0
d 0 0 -2.9906633029643355e-15 0 0 -9.6848009379651186e-21 1842 1842 2.9833373792135476e-15 0 0 0
d 0 0 -2.9944579856974837e-15 0 0 -9.7260384261798519e-21 1844 1844 2.9873285134154508e-15 0 0 0
d 0 0 -2.9982598510281441e-15 0 0 -9.7674482610055266e-21 1846 1846 2.9913195469556433e-15 0 0 0
d 0 0 -3.0020689483015747e-15 0 0 -9.8090307628001892e-21 1848 1848 2.9953107420621877e-15 0 0 0
d 0 0 -3.0058853275128699e-15 0 0 -9.8507862278329125e-21 1850 1850 2.9993023574015214e-15 0 0 0
d 0 0 -3.0097090393521262e-15 0 0 -9.8927149269247425e-21 1852 1852 3.0032946475071923e-15 0 0 0
d 0 0 -3.0135401352574361e-15 0 0 -9.9348171039956244e-21 1854 1854 3.0072878622175069e-15 0 0 0
d 0 0 -3.0173786999540291e-15 0 0 -9.9770925101659762e-21 1856 1856 3.0112822395009231e-15 0 0 0
d 0 0 -3.021224766044321e-15 0 0 -1.001954230896247e-20 1858 1858 3.0152780920215412e-15 0 0 0
d 0 0 -3.0250783761007285e-15 0 0 -1.0062166119292259e-20 1860 1860 3.019275569254784e-15 0 0 0
d 0 0 -3.028939585248882e-15 0 0 -1.0104964081760279e-20 1862 1862 3.0232749138922951e-15 0 0 0
d 0 0 -3.0328084497462112e-15 0 0 -1.0147936280295392e-20 1864 1864 3.0272763454452079e-15 0 0 0
d 0 0 -3.0366850270789847e-15 0 0 -1.0191082669765567e-20 1866 1866 3.031281968781971e-15 0 0 0
d 0 0 -3.0405693760723453e-15 0 0 -1.0234402937233243e-20 1868 1868 3.0352882921704876e-15 0 0 0
d 0 0 -3.0444615570040608e-15 0 0 -1.0277897943494763e-20 1870 1870 3.0392972069203742e-15 0 0 0
d 0 0 -3.0483616316998341e-15 0 0 -1.0321567118875446e-20 1872 1872 3.0433090267837091e-15 0 0 0
d 0 0 -3.0522696636676804e-15 0 0 -1.0365410333747759e-20 1874 1874 3.0473239447883593e-15 0 0 0
d 0 0 -3.0561857182136044e-15 0 0 -1.0409427407841618e-20 1876 1876 3.0513421524117525e-15 0 0 0
d 0 0 -3.0601098625643268e-15 0 0 -1.0453618107208063e-20 1878 1878 3.055363841484785e-15 0 0 0
d 0 0 -3.0640421659916952e-15 0 0 -1.0497982141022676e-20 1880 1880 3.059389206154974e-15 0 0 0
d 0 0 -3.0679826999383258e-15 0 0 -1.0542519158205213e-20 1882 1882 3.0634184447130332e-15 0 0 0
d 0 0 -3.0719315381441096e-15 0 0 -1.058722874384656e-20 1884 1884 3.0674517610783897e-15 0 0 0
d 0 0 -3.0758887567733153e-15 0 0 -1.0632110415433718e-20 1886 1886 3.0714893657628792e-15 0 0 0
d 0 0 -3.0798544345338946e-15 0 0 -1.0677163619420877e-20 1888 1888 3.0755314762639846e-15 0 0 0
d 0 0 -3.0838286528029081e-15 0 0 -1.072238772517317e-20 1890 1890 3.07957831645384e-15 0 0 0
d 0 0 -3.0878114957851908e-15 0 0 -1.0767782022890555e-20 1892 1892 3.0836301159029558e-15 0 0 0
d 0 0 -3.0918030506232042e-15 0 0 -1.0813345717441506e-20 1894 1894 3.0876871083048093e-15 0 0 0
d 0 0 -3.0958034075257253e-15 0 0 -1.085907792394712e-20 1896 1896 3.0917495297971056e-15 0 0 0
d 0 0 -3.0998126598985143e-15 0 0 -1.0904977662512964e-20 1898 1898 3.0958176172183446e-15 0 0 0
d 0 0 -3.1038309044661585e-15 0 0 -1.0951043182097028e-20 1900 1900 3.099891594673416e-15 0 0 0
d 0 0 -3.1078582414492758e-15 0 0 -1.0997274915045922e-20 1902 1902 3.1039717017915543e-15 0 0 0
d 0 0 -3.1118947746305477e-15 0 0 -1.1043670323306245e-20 1904 1904 3.1080581951350828e-15 0 0 0
d 0 0 -3.1159406115472065e-15 0 0 -1.1090228280365195e-20 1906 1906 3.1121512829923782e-15 0 0 0
d 0 0 -3.1199958636134367e-15 0 0 -1.1136947243922791e-20 1908 1908 3.1162511899379548e-15 0 0 0
d 0 0 -3.1240606462665063e-15 0 0 -1.1183825539680893e-20 1910 1910 3.1203581377631944e-15 0 0 0
d 0 0 -3.1281350791134648e-15 0 0 -1.1230861354126258e-20 1912 1912 3.1244723461344648e-15 0 0 0
d 0 0 -3.1322192860805256e-15 0 0 -1.1278052726981169e-20 1914 1914 3.1285940334145086e-15 0 0 0
d 0 0 -3.1363133955650982e-15 0 0 -1.1325397543322849e-20 1916 1916 3.1327234175678009e-15 0 0 0
d 0 0 -3.1404175405904666e-15 0 0 -1.1372893525366377e-20 1918 1918 3.1368607170871068e-15 0 0 0
d 0 0 -3.1445318589706887e-15 0 0 -1.1420537613423546e-20 1920 1920 3.1410101206345168e-15 0 0 0
d 0 0 -3.1486563583462983e-15 0 0 -1.1468335306671622e-20 1922 1922 3.1451636711574003e-15 0 0 0
d 0 0 -3.1527910118362882e-15 0 0 -1.151627610699465e-20 1924 1924 3.14932560828444e-15 0 0 0
d 0 0 -3.1569359782588403e-15 0 0 -1.1564408818918469e-20 1926 1926 3.1534856267293214e-15 0 0 0
d 0 0 -3.1610914206893461e-15 0 0 -1.1612639932585688e-20 1928 1928 3.1576635808746691e-15 0 0 0
d 0 0 -3.1652575093406623e-15 0 0 -1.1660992547231384e-20 1930 1930 3.1618517490129989e-15 0 0 0
d 0 0 -3.1694344195330649e-15 0 0 -1.1709474924194889e-20 1932 1932 3.1660491572267725e-15 0 0 0
d 0 0 -3.1736223323383688e-15 0 0 -1.175808316142097e-20 1934 1934 3.1702560608552312e-15 0 0 0
d 0 0 -3.1778214348263064e-15 0 0 -1.1806813104704849e-20 1936 1936 3.1744727217525559e-15 0 0 0
d 0 0 -3.1820319202729228e-15 0 0 -1.1855660336998087e-20 1938 1938 3.1786994088141794e-15 0 0 0
d 0 0 -3.1862539883485242e-15 0 0 -1.1904620167824785e-20 1940 1940 3.1829363985229343e-15 0 0 0
d 0 0 -3.1904878453293367e-15 0 0 -1.1953687617861268e-20 1942 1942 3.1871839751304357e-15 0 0 0
d 0 0 -3.1947337044136076e-15 0 0 -1.2002857413833509e-20 1944 1944 3.1914424316314567e-15 0 0 0
d 0 0 -3.1989917859066461e-15 0 0 -1.205212397127371e-20 1946 1946 3.1957120699613107e-15 0 0 0
d 0 0 -3.2032623174631179e-15 0 0 -1.2101481385092731e-20 1948 1948 3.1999932015907376e-15 0 0 0
d 0 0 -3.2075455343406218e-15 0 0 -1.2150923417871407e-20 1950 1950 3.2042861480447528e-15 0 0 0
d 0 0 -3.2118416796634548e-15 0 0 -1.2200443488757594e-20 1952 1952 3.2085912414574475e-15 0 0 0
d 0 0 -3.2161510046976145e-15 0 0 -1.2250034662829283e-20 1954 1954 3.2129088251523308e-15 0 0 0
d 0 0 -3.2204737691740683e-15 0 0 -1.229968660492548e-20 1956 1956 3.2172403595354317e-15 0 0 0
d 0 0 -3.2248102414833803e-15 0 0 -1.2349414219356109e-20 1958 1958 3.2215837901410261e-15 0 0 0
d 0 0 -3.2291606990650263e-15 0 0 -1.2399174274224197e-20 1960 1960 3.2259410343971603e-15 0 0 0
d 0 0 -3.2335254288038462e-15 0 0 -1.2448974025262505e-20 1962 1962 3.2303122676462558e-15 0 0 0
d 0 0 -3.2379047272857067e-15 0 0 -1.2498804643388607e-20 1964 1964 3.2346978990171553e-15 0 0 0
d 0 0 -3.242298901203657e-15 0 0 -1.2548656904012101e-20 1966 1966 3.2390983530255971e-15 0 0 0
d 0 0 -3.2467082677558928e-15 0 0 -1.2598521187060958e-20 1968 1968 3.243514070427082e-15 0 0 0
d 0 0 -3.2511331550705268e-15 0 0 -1.264838747979798e-20 1970 1970 3.2479455091196035e-15 0 0 0
d 0 0 -3.2555739026604423e-15 0 0 -1.2698245383298518e-20 1972 1972 3.2523931451040703e-15 0 0 0
d 0 0 -3.2600308619118715e-15 0 0 -1.2748084119422306e-20 1974 1974 3.256857477163107e-15 0 0 0
d 0 0 -3.2645043966213451e-15 0 0 -1.2797892555504541e-20 1976 1976 3.261339013723502e-15 0 0 0
d 0 0 -3.2689948835681419e-15 0 0 -1.2847659228532982e-20 1978 1978 3.2658382944347198e-15 0 0 0
d 0 0 -3.2735027130950882e-15 0 0 -1.2897372353252937e-20 1980 1980 3.2703558790636214e-15 0 0 0
d 0 0 -3.2780282897881929e-15 0 0 -1.2947019876249479e-20 1982 1982 3.2748923509411768e-15 0 0 0
d 0 0 -3.2825720331897421e-15 0 0 -1.2996589522741483e-20 1984 1984 3.2794483189178272e-15 0 0 0
d 0 0 -3.2871343787108587e-15 0 0 -1.3046068849237342e-20 1986 1986 3.2840244188657758e-15 0 0 0
d 0 0 -3.2917159233018165e-15 0 0 -1.3151572187199703e-20 1988 1988 3.2816386534260466e-15 0 0 0
d 0 0 -3.2963168469058044e-15 0 0 -1.3202109534005254e-20 1990 1990 3.2863065943924649e-15 0 0 0
d 0 0 -3.3009377831995121e-15 0 0 -1.3252503134932824e-20 1992 1992 3.2910016270595077e-15 0 0 0
d 0 0 -3.3055792396778194e-15 0 0 -1.330273252204517e-20 1994 1994 3.2957254712046585e-15 0 0 0
d 0 0 -3.3102417456505795e-15 0 0 -1.3352774582627822e-20 1996 1996 3.3004795071168337e-15 0 0 0
d 0 0 -3.3149258538588263e-15 0 0 -1.3402603905750581e-20 1998 1998 3.3052651821398103e-15 0 0 0
d 0 0 -3.3196321333922378e-15 0 0 -1.3452192363952818e-20 2000 2000 3.3100840324888956e-15 0 0 0
d 0 0 -3.3243611816227473e-15 0 0 -1.3501514148836925e-20 2002 2002 3.3149394082057732e-15 0 0 0
d 0 0 -3.3291136296610213e-15 0 0 -1.355051607643188e-20 2004 2004 3.3198324896571213e-15 0 0 0
d 0 0 -3.3338901375843405e-15 0 0 -1.3599174354702471e-20 2006 2006 3.3247609758981681e-15 0 0 0
d 0 0 -3.3386914013123214e-15 0 0 -1.3647434585799307e-20 2008 2008 3.3297297060551305e-15 0 0 0
d 0 0 -3.3435181524402011e-15 0 0 -1.3695239292084002e-20 2010 2010 3.3347407087208049e-15 0 0 0
d 0 0 -3.3483711554211932e-15 0 0 -1.3742519116937475e-20 2012 2012 3.3397961535771279e-15 0 0 0
d 0 0 -3.3532512238173421e-15 0 0 -1.3789189145280819e-20 2014 2014 3.3448983126799828e-15 0 0 0
d 0 0 -3.3581592174470732e-15 0 0 -1.3835143787350398e-20 2016 2016 3.3500495707461912e-15 0 0 0
d 0 0 -3.3630960379219452e-15 0 0 -1.3880249880520859e-20 2018 2018 3.3552524563574101e-15 0 0 0
d 0 0 -3.368062649688312e-15 0 0 -1.3924337386126396e-20 2020 2020 3.3605095885570704e-15 0 0 0
d 0 0 -3.373060077273139e-15 0 0 -1.39671872273031e-20 2022 2022 3.3658236429081453e-15 0 0 0
d 0 0 -3.3780894012473336e-15 0 0 -1.4008513186849171e-20 2024 2024 3.3711973753863471e-15 0 0 0
d 0 0 -3.3831517890437501e-15 0 0 -1.4047938527539587e-20 2026 2026 3.3766334793784655e-15 0 0 0
d 0 0 -3.3882484864725079e-15 0 0 -1.4084964544444359e-20 2028 2028 3.3821345756344883e-15 0 0 0
d 0 0 -3.3933808160822807e-15 0 0 -1.4118923038529785e-20 2030 2030 3.3877030940665117e-15 0 0 0
d 0 0 -3.3985502184608183e-15 0 0 -1.4148914279127846e-20 2032 2032 3.3933410062121477e-15 0 0 0
d 0 0 -3.4037583471663176e-15 0 0 -1.4151582609171293e-20 2034 2034 3.3996768161380074e-15 0 0 0
d 0 0 -3.4090066900546873e-15 0 0 -1.4147393497988729e-20 2036 2036 3.4055429219376242e-15 0 0 0
d 0 0 -3.414297073338489e-15 0 0 -1.4143391830971345e-20 2038 2038 3.4114193527690014e-15 0 0 0
d 0 0 -3.4196315094916198e-15 0 0 -1.4123236658795348e-20 2040 2040 3.417348773989061e-15 0 0 0
d 0 0 -3.4250121246168527e-15 0 0 -1.4081242283689014e-20 2042 2042 3.4233186282090803e-15 0 0 0
d 0 0 -3.4304402891828822e-15 0 0 -1.4388554588562561e-20 2044 2044 3.4300148997608262e-15 0 0 0
d 0 0 -3.4359204411040021e-15 0 0 -1.441391193285179e-20 2046 2046 3.4356724632331823e-15 0 0 0
d 0 0 -3.441454500359444e-15 0 0 -1.4428729857438e-20 2048 2048 3.4413536892538144e-15 0 0 0
d 0 0 -3.4470457207138488e-15 0 0 -1.4427684038222302e-20 2050 2050 3.4470403223072375e-15 0 0 0
d 0 0 -3.4526976051807331e-15 0 0 -1.4402675873228089e-20 2052 2052 3.4527044466875003e-15 0 0 0
d 0 0 -3.4584141786822944e-15 0 0 -1.4328178646813093e-20 2054 2054 3.458035642378736e-15 0 0 0
d 0 0 -3.4641990355343751e-15 0 0 -1.446859540569913e-20 2056 2056 3.4636259534795039e-15 0 0 0
d 0 0 -3.4700577274970807e-15 0 0 -1.4422202058646612e-20 2058 2058 3.4691130151980711e-15 0 0 0
d 0 0 -3.4759954555907773e-15 0 0 -1.4330705169625846e-20 2060 2060 3.4744928992961614e-15 0 0 0
d 0 0 -3.4820178718567298e-15 0 0 -1.4484690124568047e-20 2062 2062 3.4811604404321367e-15 0 0 0
d 0 0 -3.4881327840674769e-15 0 0 -1.4412807876407378e-20 2064 2064 3.4868317832547284e-15 0 0 0
d 0 0 -3.49434783500726e-15 0 0 -1.4281433906972584e-20 2066 2066 3.4923823751226834e-15 0 0 0
d 0 0 -3.5006717856822351e-15 0 0 -1.4426121773236722e-20 2068 2068 3.4995925314201256e-15 0 0 0
d 0 0 -3.5071161146963185e-15 0 0 -1.4294176879665028e-20 2070 2070 3.5054796750575951e-15 0 0 0
d 0 0 -3.5136926417782014e-15 0 0 -1.439923518118807e-20 2072 2072 3.5127851960717418e-15 0 0 0
d 0 0 -3.5204167290213221e-15 0 0 -1.424578572204752e-20 2074 2074 3.5189979956646293e-15 0 0 0
d 0 0 -3.5273053416990977e-15 0 0 -1.4330159693449494e-20 2076 2076 3.5264850334244282e-15 0 0 0
d 0 0 -3.5343802169730346e-15 0 0 -1.4126910217385348e-20 2078 2078 3.5330203280113119e-15 0 0 0
d 0 0 -3.5416666335232654e-15 0 0 -1.4194670509503344e-20 2080 2080 3.5408097076278433e-15 0 0 0
d 0 0 -3.5491969487736352e-15 0 0 -1.4207644826363392e-20 2082 2082 3.5486221536882254e-15 0 0 0
d 0 0 -3.5570116326459526e-15 0 0 -1.4181443502840092e-20 2084 2084 3.5565931650815776e-15 0 0 0
d 0 0 -3.5651631173493997e-15 0 0 -1.3891311012582877e-20 2086 2086 3.5642553101544086e-15 0 0 0
d 0 0 -3.5737212504393464e-15 0 0 -1.3795449995973015e-20 2088 2088 3.5728842316789254e-15 0 0 0
d 0 0 -3.5827808900772706e-15 0 0 -1.3883193127512173e-20 2090 2090 3.5824149728204038e-15 0 0 0
d 0 0 -3.5924784178242986e-15 0 0 -1.3644291005411365e-20 2092 2092 3.5919441116585357e-15 0 0 0
d 0 0 -3.6030210795262903e-15 0 0 -1.3495596288502195e-20 2094 2094 3.6025531215228261e-15 0 0 0
d 0 0 -3.6147514453989841e-15 0 0 -1.3294682689114208e-20 2096 2096 3.6143098859381301e-15 0 0 0
d 0 0 -3.6283114508006178e-15 0 0 -1.3140086375254076e-20 2098 2098 3.628064647850989e-15 0 0 0
d 0 0 -3.6452060959863797e-15 0 0 -1.272955743453124e-20 2100 2100 3.6449264870721645e-15 0 0 0
d 0 0 -3.6503789841827276e-15 0 0 -1.2582766532446647e-20 2100.5 2100.5 3.6500749328289204e-15 0 0 0
d 0 0 -3.6531976390129969e-15 0 0 -1.2556821024617925e-20 2100.75 2100.75 3.6529477090270015e-15 0 0 0
d 0 0 -3.6562144021066873e-15 0 0 -1.2412208492087306e-20 2101 2101 3.6558837382952454e-15 0 0 0
d 0 0 -3.6578116632107206e-15 0 0 -1.2413439136677587e-20 2101.125 2101.125 3.657530580744538e-15 0 0 0
d 0 0 -3.6594783349664777e-15 0 0 -1.2411315250997362e-20 2101.25 2101.25 3.6592447734373508e-15 0 0 0
d 0 0 -3.6612241710652257e-15 0 0 -1.2267894787959199e-20 2101.375 2101.375 3.6608781725610621e-15 0 0 0
d 0 0 -3.6621306048060997e-15 0 0 -1.2258616664846546e-20 2101.4375 2101.4375 3.6618012332256793e-15 0 0 0
d 0 0 -3.6630617348567875e-15 0 0 -1.2228477376710914e-20 2101.5 2101.5 3.6627262397412214e-15 0 0 0
d 0 0 -3.6640196771232838e-15 0 0 -1.2185746740338301e-20 2101.5625 2101.5625 3.6636650015469988e-15 0 0 0
d 0 0 -3.6645095184239562e-15 0 0 -1.2258261773982344e-20 2101.59375 2101.59375 3.6642505112216468e-15 0 0 0
d 0 0 -3.6650068897913973e-15 0 0 -1.2178621220357778e-20 2101.625 2101.625 3.6646736628834095e-15 0 0 0
d 0 0 -3.6655123496738765e-15 0 0 -1.2208829060353963e-20 2101.65625 2101.65625 3.6652276821665152e-15 0 0 0
d 0 0 -3.666026204216505e-15 0 0 -1.2228998874550081e-20 2101.6875 2101.6875 3.6657792431397937e-15 0 0 0
d 0 0 -3.6665487996605135e-15 0 0 -1.2142901314805939e-20 2101.71875 2101.71875 3.6662217984009998e-15 0 0 0
d 0 0 -3.666813595811391e-15 0 0 -1.2159190423807735e-20 2101.734375 2101.734375 3.6665123641813612e-15 0 0 0
d 0 0 -3.6670807274702551e-15 0 0 -1.2112095252993452e-20 2101.75 2101.75 3.6667356469770165e-15 0 0 0
d 0 0 -3.6673503914965226e-15 0 0 -1.2176209906955887e-20 2101.765625 2101.765625 3.6670837842760203e-15 0 0 0
d 0 0 -3.6676224852168971e-15 0 0 -1.2131769288816423e-20 2101.78125 2101.78125 3.6673149544404767e-15 0 0 0
d 0 0 -3.6678972443437474e-15 0 0 -1.2185501447586381e-20 2101.796875 2101.796875 3.667657023286605e-15 0 0 0
d 0 0 -3.6681745815503158e-15 0 0 -1.2142841766286024e-20 2101.8125 2101.8125 3.6678954575710361e-15 0 0 0
d 0 0 -3.668454651572878e-15 0 0 -1.2093659817550289e-20 2101.828125 2101.828125 3.6681299835268834e-15 0 0 0
d 0 0 -3.6687376208479294e-15 0 0 -1.2146727720081927e-20 2101.84375 2101.84375 3.6684793120833344e-15 0 0 0
d 0 0 -3.6690234090171669e-15 0 0 -1.2098425758689595e-20 2101.859375 2101.859375 3.668720656463849e-15 0 0 0
d 0 0 -3.6691674834677324e-15 0 0 -1.2150425752864701e-20 2101.8671875 2101.8671875 3.6689258583380809e-15 0 0 0
d 0 0 -3.6693122543225721e-15 0 0 -1.2129038323451177e-20 2101.875 2101.875 3.6690514033226787e-15 0 0 0
d 0 0 -3.6694577956172969e-15 0 0 -1.2106046278717044e-20 2101.8828125 2101.8828125 3.6691760939651164e-15 0 0 0
d 0 0 -3.6696041195288832e-15 0 0 -1.2081314460048256e-20 2101.890625 2101.890625 3.6692998098156699e-15 0 0 0
d 0 0 -3.6697512385414758e-15 0 0 -1.2054678545764775e-20 2101.8984375 2101.8984375 3.6694224005515904e-15 0 0 0
d 0 0 -3.6698992484222017e-15 0 0 -1.2127180689499381e-20 2101.90625 2101.90625 3.6696535669177802e-15 0 0 0
d 0 0 -3.6700479995687559e-15 0 0 -1.2104235152923178e-20 2101.9140625 2101.9140625 3.6697816171365729e-15 0 0 0
d 0 0 -3.6701975854308222e-15 0 0 -1.2079451137699035e-20 2101.921875 2101.921875 3.6699086461143023e-15 0 0 0
d 0 0 -3.6703480199190366e-15 0 0 -1.2052665680436265e-20 2101.9296875 2101.9296875 3.6700345084434396e-15 0 0 0
d 0 0 -3.6704993173132361e-15 0 0 -1.2023678437023373e-20 2101.9375 2101.9375 3.6701590205580061e-15 0 0 0
d 0 0 -3.6706515765061851e-15 0 0 -1.2096044654777656e-20 2101.9453125 2101.9453125 3.6703939366736364e-15 0 0 0
d 0 0 -3.6708046475365676e-15 0 0 -1.2070722064824415e-20 2101.953125 2101.953125 3.670524010926665e-15 0 0 0
d 0 0 -3.6709586269192775e-15 0 0 -1.2043226460319765e-20 2101.9609375 2101.9609375 3.6706528081065517e-15 0 0 0
d 0 0 -3.6711135306591343e-15 0 0 -1.2013349314120486e-20 2101.96875 2101.96875 3.6707801406022543e-15 0 0 0
d 0 0 -3.6712694584803205e-15 0 0 -1.208168474922273e-20 2101.9765625 2101.9765625 3.6710142740724026e-15 0 0 0
d 0 0 -3.6714262642918945e-15 0 0 -1.2055232050266769e-20 2101.984375 2101.984375 3.671147046227254e-15 0 0 0
d 0 0 -3.6715840454745563e-15 0 0 -1.2026382650905612e-20 2101.9921875 2101.9921875 3.671278389100392e-15 0 0 0
d 0 0 -3.6717428200403189e-15 0 0 -1.1994890087797877e-20 2102 2102 3.6714080801959844e-15 0 0 0
Q 2 13 "Source Voltage"
Q 3 13 "Gate Voltage"
Q 4 13 "Drain Voltage"
Q 5 13 "Substrate Voltage"
Q 20 13 "Source Current"
Q 21 13 "Gate Current"
Q 22 13 "Drain Current"
Q 23 13 "Substrate Current"
Q 92 21 Contact
Q 601 13 "Source Int. Voltage"
Q 602 13 "Gate Int. Voltage"
Q 603 13 "Drain Int. Voltage"
Q 604 13 "Substrate Int. Voltage"
EOF 2080589120
