v VICTORYDEVICE
# silvaco.file ASCII version=1.14.29 format=1 contents=SDB,Tables=1

Copyright "###################################################################"
Copyright "#                    Copyright Silvaco Inc. (c)                   #"
Copyright "#                            1992-2014                            #"
Copyright "#                                                                 #"
Copyright "# This file format and the following Key are copyright Silvaco    #"
Copyright "# International. You may not use, this format or key without      #"
Copyright "# reproducing this message in full and obtaining                  #"
Copyright "# express written permission from Silvaco Inc.                    #"
Copyright "#                                                                 #"
Copyright "# To obtain such permission please contact: Silvaco Inc.          #"
Copyright "#                                           support@silvaco.com   #"
Copyright "#                                                                 #"
Copyright "# KEY=SVC86hn7562asdx                       PROD=345              #"
Copyright "###################################################################"
#This file was created by VICTORYDEVICE version 1.24.0.R
#victoryd 1.24.0.R (Wed Jun 26 14:38:19 PDT 2024)
#libSDB 1.12.65 (Thu Dec  7 08:14:05 PST 2023)
a VICTORYDEVICE
j 1 9
k 4
r 1 92
x 3 43 42 46
w source 1 1
r 2 92
x 3 43 42 46
w gate 1 2
r 3 92
x 3 43 42 46
w drain 1 3
r 4 92
x 3 43 42 46
w substrate 1 4
y 1 15
z 300
f 4 source gate drain substrate
p 12 2 601 20 3 602 21 4 603 22 5 604 23
d 0 0 -0.0018599174866851876 4 4 0.00014049384119323331 0.1 0.1 0.0017194236454919542 0 0 0
d 0 0 -0.0035804168462233023 4 4 0.00013060352598000984 0.2 0.2 0.0034498133202143437 0 0 0
d 0 0 -0.0052997358348491463 4 4 0.00012153961886940541 0.3 0.3 0.0051781962159797284 0 0 0
d 0 0 -0.0070174077381009604 4 4 0.00011324562718454591 0.4 0.4 0.006904162110916239 0 0 0
d 0 0 -0.0087329878019735043 4 4 0.00010566755360087786 0.5 0.5 0.0086273202483722923 0 0 0
d 0 0 -0.010446090643296446 4 4 9.8753395072516254e-05 0.60000000000000009 0.60000000000000009 0.010347337248223617 0 0 0
d 0 0 -0.01215640127770156 4 4 9.2452892802195077e-05 0.7 0.7 0.012063948384899173 0 0 0
d 0 0 -0.013863667172304672 4 4 8.67174470702604e-05 0.8 0.8 0.013776949725234317 0 0 0
d 0 0 -0.015567684389164643 4 4 8.1500123236968728e-05 0.9 0.9 0.015486184265927634 0 0 0
d 0 0 -0.017268285454210833 4 4 7.6755720701985049e-05 1 1 0.017191529733508831 0 0 0
d 0 0 -0.018965330906956516 4 4 7.244089817692005e-05 1.1000000000000001 1.1000000000000001 0.018892890008779591 0 0 0
d 0 0 -0.020658704114558946 4 4 6.8514346171047463e-05 1.2000000000000002 1.2000000000000002 0.020590189768387893 0 0 0
d 0 0 -0.022348309394178496 4 4 6.4936986314778416e-05 1.3 1.3 0.022283372407863714 0 0 0
d 0 0 -0.024034079665851929 4 4 6.1672160351889293e-05 1.4000000000000001 1.4000000000000001 0.02397240750549998 0 0 0
d 0 0 -0.025716037603164345 4 4 5.8685714336030558e-05 1.5 1.5 0.02565735188880356 0 0 0
d 0 0 -0.027394637083154004 4 4 5.5945645503208245e-05 1.6000000000000001 1.6000000000000001 0.027338691437624931 0 0 0
d 0 0 -0.029071156769105513 4 4 5.3421840122895035e-05 1.7000000000000002 1.7000000000000002 0.029017734928982127 0 0 0
d 0 0 -0.030746595927268552 4 4 5.1087917489517866e-05 1.8 1.8 0.030695508009683983 0 0 0
d 0 0 -0.032421257893813824 4 4 4.892139708733376e-05 1.9000000000000001 1.9000000000000001 0.03237233649672646 0 0 0
d 0 0 -0.034095582120471563 4 4 4.6902231224420489e-05 2 2 0.034048679889247091 0 0 0
d 0 0 -0.04246045457656656 4 4 3.8491033967343893e-05 2.5 2.5 0.042421963542597634 0 0 0
d 0 0 -0.046639234606591258 4 4 3.5050364146244264e-05 2.75 2.75 0.046604184242430485 0 0 0
d 0 0 -0.050814911967147464 4 4 3.1971697254802502e-05 3 3 0.050782940269892517 0 0 0
d 0 0 -0.059159179668544483 4 4 2.6652081631705215e-05 3.5 3.5 0.059132527586860793 0 0 0
d 0 0 -0.067490592638762115 4 4 2.2211081191358986e-05 4 4 0.067468381557567444 0 0 0
d 0 0 -0.075813168741124065 4 4 1.8478009275455653e-05 4.5 4.5 0.07579469073182013 0 0 0
d 0 0 -0.084120949713276785 4 4 1.5348247491202665e-05 5 5 0.084105601465785329 0 0 0
d 0 0 -0.10069598820230663 4 4 1.0577831925744109e-05 6 6 0.10068541037038058 0 0 0
d 0 0 -0.11721584078655893 4 4 7.3499779207360745e-06 7 7 0.11720849080863804 0 0 0
d 0 0 -0.13365489940550523 4 4 5.2138642811650669e-06 8 8 0.13364968554122378 0 0 0
d 0 0 -0.15000800482478152 4 4 3.8058964979847497e-06 9 9 0.15000419892828151 0 0 0
d 0 0 -0.16623444184151984 4 4 2.8642404098770653e-06 10 10 0.16623157760109397 0 0 0
d 0 0 -0.19818144885074535 4 4 1.7483742031628243e-06 12 12 0.19817970047654035 0 0 0
d 0 0 -0.22922667354531104 4 4 1.1364323155392259e-06 14 14 0.22922553711299545 0 0 0
d 0 0 -0.25896022009955921 4 4 7.5802268367475915e-07 16 16 0.2589594620768686 0 0 0
d 0 0 -0.28661972359333993 4 4 5.0671822889222947e-07 18 18 0.28661921687511099 0 0 0
d 0 0 -0.31050702577791234 4 4 3.4101131684967211e-07 20 20 0.3105066847665845 0 0 0
d 0 0 -0.32700301126671877 4 4 2.4821377760073997e-07 22 22 0.32700276305294113 0 0 0
d 0 0 -0.33458936867248645 4 4 2.108457383204979e-07 24 24 0.33458915782674814 0 0 0
d 0 0 -0.33813141068953684 4 4 1.9451200126315185e-07 26 26 0.33813121617750752 0 0 0
d 0 0 -0.34043686894676772 4 4 1.8425863086878813e-07 28 28 0.34043668468813632 0 0 0
d 0 0 -0.34217473961438144 4 4 1.7672493796817393e-07 30 30 0.34217456288944348 0 0 0
d 0 0 -0.34350499650777749 4 4 1.7107172015526302e-07 32 32 0.34350482543605732 0 0 0
d 0 0 -0.34447722944948361 4 4 1.6700359367903636e-07 34 34 0.34447706244588988 0 0 0
d 0 0 -0.3451852191158285 4 4 1.6407592150950162e-07 36 36 0.34518505503990699 0 0 0
d 0 0 -0.34574271376387417 4 4 1.617910219308334e-07 38 38 0.3457425519728522 0 0 0
d 0 0 -0.34621666599131473 4 4 1.5986217915789776e-07 40 40 0.34621650612913557 0 0 0
Q 2 13 "Source Voltage"
Q 3 13 "Gate Voltage"
Q 4 13 "Drain Voltage"
Q 5 13 "Substrate Voltage"
Q 20 13 "Source Current"
Q 21 13 "Gate Current"
Q 22 13 "Drain Current"
Q 23 13 "Substrate Current"
Q 92 21 Contact
Q 601 13 "Source Int. Voltage"
Q 602 13 "Gate Int. Voltage"
Q 603 13 "Drain Int. Voltage"
Q 604 13 "Substrate Int. Voltage"
EOF 1834176064
