v VICTORYDEVICE
# silvaco.file ASCII version=1.14.29 format=1 contents=SDB,Tables=1

Copyright "###################################################################"
Copyright "#                    Copyright Silvaco Inc. (c)                   #"
Copyright "#                            1992-2014                            #"
Copyright "#                                                                 #"
Copyright "# This file format and the following Key are copyright Silvaco    #"
Copyright "# International. You may not use, this format or key without      #"
Copyright "# reproducing this message in full and obtaining                  #"
Copyright "# express written permission from Silvaco Inc.                    #"
Copyright "#                                                                 #"
Copyright "# To obtain such permission please contact: Silvaco Inc.          #"
Copyright "#                                           support@silvaco.com   #"
Copyright "#                                                                 #"
Copyright "# KEY=SVC86hn7562asdx                       PROD=345              #"
Copyright "###################################################################"
#This file was created by VICTORYDEVICE version 1.24.0.R
#victoryd 1.24.0.R (Wed Jun 26 14:38:19 PDT 2024)
#libSDB 1.12.65 (Thu Dec  7 08:14:05 PST 2023)
a VICTORYDEVICE
j 1 9
k 4
r 1 92
x 3 43 42 46
w source 1 3
r 2 92
x 3 43 42 46
w gate 1 4
r 3 92
x 3 43 42 46
w drain 1 5
r 4 92
x 3 43 42 46
w substrate 1 6
y 1 15
z 300
f 6 "#1" "#2" source gate drain substrate
p 12 4 603 22 5 604 23 6 605 24 7 606 25
d 0 0 -0.0044753536852319689 4 4 2.0049490954004522e-05 0.1 0.1 0.0044553041942779646 0 0 0
d 0 0 -0.0088531762423909501 4 4 1.7555396710945124e-05 0.2 0.2 0.0088356208456800006 0 0 0
d 0 0 -0.013156894504402866 4 4 1.5610628856679435e-05 0.3 0.3 0.013141283875546186 0 0 0
d 0 0 -0.017392410314279846 4 4 1.4084782496045987e-05 0.4 0.4 0.017378325531783798 0 0 0
d 0 0 -0.021562247874880147 4 4 1.2877411012893559e-05 0.5 0.5 0.021549370463867255 0 0 0
d 0 0 -0.025668167744433819 4 4 1.1911666111718613e-05 0.60000000000000009 0.60000000000000009 0.025656256078321938 0 0 0
d 0 0 -0.029708944367250353 4 4 1.1127804862770363e-05 0.7 0.7 0.02969781656236033 0 0 0
d 0 0 -0.033684266920669066 4 4 1.0481781856674798e-05 0.8 0.8 0.03367378513881239 0 0 0
d 0 0 -0.037596542674128486 4 4 9.9419638726657104e-06 0.9 0.9 0.037586600710255817 0 0 0
d 0 0 -0.041447366191303452 4 4 9.4836226647712457e-06 1 1 0.04143788256863868 0 0 0
d 0 0 -0.04523803839832178 4 4 9.0881213905478433e-06 1.1000000000000001 1.1000000000000001 0.045228950276931232 0 0 0
d 0 0 -0.048969772524228683 4 4 8.7415858958570733e-06 1.2000000000000002 1.2000000000000002 0.048961030938332505 0 0 0
d 0 0 -0.052643653193299396 4 4 8.4336453568160712e-06 1.3 1.3 0.05263521954794248 0 0 0
d 0 0 -0.056260632446603211 4 4 8.156495779811559e-06 1.4000000000000001 1.4000000000000001 0.056252475950823354 0 0 0
d 0 0 -0.059821573413807401 4 4 7.9043016044229745e-06 1.5 1.5 0.059813669112202955 0 0 0
d 0 0 -0.063327265361435126 4 4 7.6725673111455877e-06 1.6000000000000001 1.6000000000000001 0.063319592794123969 0 0 0
d 0 0 -0.066778414231115565 4 4 7.4578633539616879e-06 1.7000000000000002 1.7000000000000002 0.066770956367761591 0 0 0
d 0 0 -0.070175669657077874 4 4 7.2575457864567856e-06 1.8 1.8 0.07016841211129142 0 0 0
d 0 0 -0.073519639726098721 4 4 7.0694924395114961e-06 1.9000000000000001 1.9000000000000001 0.073512570233659202 0 0 0
d 0 0 -0.07681089760399884 4 4 6.8919614481627855e-06 2 2 0.076804005642550674 0 0 0
d 0 0 -0.10693499134135492 4 4 5.4913861800730607e-06 3 3 0.10692949995517484 0 0 0
d 0 0 -0.13227825608423122 4 4 4.4821306099547427e-06 4 4 0.13227377395362128 0 0 0
d 0 0 -0.15315358729883272 4 4 3.7202113668827937e-06 5 5 0.15314986708746581 0 0 0
d 0 0 -0.16975352139039357 4 4 3.1591397382223859e-06 6 6 0.16975036225065535 0 0 0
d 0 0 -0.18212968614474773 4 4 2.7736668324841519e-06 7 7 0.18212691247791524 0 0 0
d 0 0 -0.19045869568589829 4 4 2.5347088270166192e-06 8 8 0.19045616097707127 0 0 0
d 0 0 -0.19553771475092266 4 4 2.3984079462438151e-06 9 9 0.19553531634297636 0 0 0
d 0 0 -0.19859122759744194 4 4 2.3200882034100496e-06 10 10 0.19858890750923852 0 0 0
d 0 0 -0.20053676167908618 4 4 2.2716179212555703e-06 11 11 0.20053449006116492 0 0 0
d 0 0 -0.20185197740202887 4 4 2.2394782715574988e-06 12 12 0.20184973792375729 0 0 0
d 0 0 -0.20277499683170983 4 4 2.2172221901624071e-06 13 13 0.20277277960951967 0 0 0
d 0 0 -0.20343647933452921 4 4 2.2014231369859424e-06 14 14 0.2034342779111406 0 0 0
d 0 0 -0.20391671336915496 4 4 2.1900314397323409e-06 15 15 0.20391452333771523 0 0 0
d 0 0 -0.20426892105350372 4 4 2.1817183562914779e-06 16 16 0.20426673933514744 0 0 0
d 0 0 -0.20452981793691191 4 4 2.1755831103045671e-06 17 17 0.20452764235380161 0 0 0
d 0 0 -0.20472514593500096 4 4 2.1710023584014389e-06 18 18 0.20472297493264255 0 0 0
d 0 0 -0.20487304757195804 4 4 2.1675409774351448e-06 19 19 0.20487088002104548 0 0 0
d 0 0 -0.20498635111767485 4 4 2.1648934639388995e-06 20 20 0.20498418621267367 0 0 0
d 0 0 -0.20507418093516411 4 4 2.1628436628315607e-06 21 21 0.20507201807889361 0 0 0
d 0 0 -0.20514306460358997 4 4 2.161237546531751e-06 22 22 0.2051409033524417 0 0 0
d 0 0 -0.20519769599449714 4 4 2.1599646867156828e-06 23 23 0.20519553601484183 0 0 0
d 0 0 -0.20524146811013666 4 4 2.1589454408470913e-06 24 24 0.20523930914773619 0 0 0
d 0 0 -0.20527685115538685 4 4 2.1581219288370355e-06 25 25 0.20527469303345802 0 0 0
d 0 0 -0.20530566318210985 4 4 2.1574516108616308e-06 26 26 0.20530350573049899 0 0 0
d 0 0 -0.20532926231305079 4 4 2.1569027451227848e-06 27 27 0.20532710541030566 0 0 0
d 0 0 -0.20534868457543015 4 4 2.1564511414455869e-06 28 28 0.20534652812428869 0 0 0
d 0 0 -0.20536473986048384 4 4 2.15607790599775e-06 29 29 0.20536258378257782 0 0 0
d 0 0 -0.20537807674486189 4 4 2.1557679198222047e-06 30 30 0.20537592097694207 0 0 0
Q 4 13 "Source Voltage"
Q 5 13 "Gate Voltage"
Q 6 13 "Drain Voltage"
Q 7 13 "Substrate Voltage"
Q 22 13 "Source Current"
Q 23 13 "Gate Current"
Q 24 13 "Drain Current"
Q 25 13 "Substrate Current"
Q 92 21 Contact
Q 603 13 "Source Int. Voltage"
Q 604 13 "Gate Int. Voltage"
Q 605 13 "Drain Int. Voltage"
Q 606 13 "Substrate Int. Voltage"
EOF 300355526
