v VICTORYDEVICE
# silvaco.file ASCII version=1.14.29 format=1 contents=SDB,Tables=1

Copyright "###################################################################"
Copyright "#                    Copyright Silvaco Inc. (c)                   #"
Copyright "#                            1992-2014                            #"
Copyright "#                                                                 #"
Copyright "# This file format and the following Key are copyright Silvaco    #"
Copyright "# International. You may not use, this format or key without      #"
Copyright "# reproducing this message in full and obtaining                  #"
Copyright "# express written permission from Silvaco Inc.                    #"
Copyright "#                                                                 #"
Copyright "# To obtain such permission please contact: Silvaco Inc.          #"
Copyright "#                                           support@silvaco.com   #"
Copyright "#                                                                 #"
Copyright "# KEY=SVC86hn7562asdx                       PROD=345              #"
Copyright "###################################################################"
#This file was created by VICTORYDEVICE version 1.24.0.R
#victoryd 1.24.0.R (Wed Jun 26 14:38:19 PDT 2024)
#libSDB 1.12.65 (Thu Dec  7 08:14:05 PST 2023)
a VICTORYDEVICE
j 1 9
k 4
r 1 92
x 3 43 42 46
w source 1 1
r 2 92
x 3 43 42 46
w gate 1 2
r 3 92
x 3 43 42 46
w drain 1 3
r 4 92
x 3 43 42 46
w substrate 1 4
y 1 15
z 300
f 4 source gate drain substrate
p 12 2 601 20 3 602 21 4 603 22 5 604 23
d 0 0 -0.0033760711653061273 4 4 0.0001706712641085216 0.1 0.1 0.0032053998497157234 0 0 0
d 0 0 -0.0065885199767520622 4 4 0.00015127167955430342 0.2 0.2 0.0064372482972098796 0 0 0
d 0 0 -0.0098014361719466533 4 4 0.00013434989028983304 0.3 0.3 0.0096670862816560961 0 0 0
d 0 0 -0.013014520352335227 4 4 0.00011965547656376187 0.4 0.4 0.012894864875771093 0 0 0
d 0 0 -0.016227489037146256 4 4 0.0001069599138160399 0.5 0.5 0.016120529123330091 0 0 0
d 0 0 -0.019440072474896847 4 4 9.6041137089475362e-05 0.60000000000000009 0.60000000000000009 0.019344031337807353 0 0 0
d 0 0 -0.022652015162105622 4 4 8.6677029896625293e-05 0.7 0.7 0.022565338132209008 0 0 0
d 0 0 -0.025863078683954047 4 4 7.8647381820114135e-05 0.8 0.8 0.025784431302133953 0 0 0
d 0 0 -0.029073045565688561 4 4 7.1741108538719844e-05 0.9 0.9 0.029001304457149855 0 0 0
d 0 0 -0.032281722466239393 4 4 6.576466930654762e-05 1 1 0.032215957796932856 0 0 0
d 0 0 -0.035488941451747996 4 4 6.0548509620610858e-05 1.1000000000000001 1.1000000000000001 0.035428392942127386 0 0 0
d 0 0 -0.038694558955657404 4 4 5.5950084874371072e-05 1.2000000000000002 1.2000000000000002 0.038638608870783034 0 0 0
d 0 0 -0.041898452842710411 4 4 5.1853587839567868e-05 1.3 1.3 0.041846599254870838 0 0 0
d 0 0 -0.045100518404695769 4 4 4.8167368861327402e-05 1.4000000000000001 1.4000000000000001 0.045052351035834444 0 0 0
d 0 0 -0.048300664111620324 4 4 4.4820205100311505e-05 1.5 1.5 0.048255843906520011 0 0 0
d 0 0 -0.051498807704499446 4 4 4.1757333075993293e-05 1.6000000000000001 1.6000000000000001 0.051457050371423452 0 0 0
d 0 0 -0.054694872934131396 4 4 3.893680044552679e-05 1.7000000000000002 1.7000000000000002 0.05465593613368587 0 0 0
d 0 0 -0.057888787029452084 4 4 3.6326387811021358e-05 1.8 1.8 0.057852460641641061 0 0 0
d 0 0 -0.061080478845511953 4 4 3.390115178168945e-05 1.9000000000000001 1.9000000000000001 0.061046577693730258 0 0 0
d 0 0 -0.064269877579706425 4 4 3.1641535389819336e-05 2 2 0.064238236044316596 0 0 0
d 0 0 -0.096021417922080923 4 4 1.5721684189261027e-05 3 3 0.096005696237891666 0 0 0
d 0 0 -0.12745622907583357 4 4 7.768896642708453e-06 4 4 0.12744846017919084 0 0 0
d 0 0 -0.15847983563638729 4 4 4.0834022820477982e-06 5 5 0.15847575223410526 0 0 0
d 0 0 -0.18898356190079954 4 4 2.3945303598930609e-06 6 6 0.18898116737043963 0 0 0
d 0 0 -0.21884204993759346 4 4 1.5449215962888721e-06 7 7 0.21884050501599717 0 0 0
d 0 0 -0.24791946194752582 4 4 1.0536098197585567e-06 8 8 0.24791840833770606 0 0 0
d 0 0 -0.27608092177763288 4 4 7.3284065464244811e-07 9 9 0.27608018893697828 0 0 0
d 0 0 -0.30318005121390429 4 4 5.0595083546787894e-07 10 10 0.30317954526306884 0 0 0
d 0 0 -0.3290268519928754 4 4 3.3905604048786472e-07 11 11 0.32902651293683494 0 0 0
d 0 0 -0.35337587888450095 4 4 2.1574938174436481e-07 12 12 0.3533756631351192 0 0 0
d 0 0 -0.3759217299974158 4 4 1.2757971713262735e-07 13 13 0.37592160241769862 0 0 0
d 0 0 -0.39629966110051495 4 4 6.9361043767842969e-08 14 14 0.39629959173947116 0 0 0
d 0 0 -0.41415984990575072 4 4 3.5371890831756786e-08 15 15 0.41415981453385986 0 0 0
d 0 0 -0.42935350462495547 4 4 1.7860933209158721e-08 16 16 0.42935348676402224 0 0 0
d 0 0 -0.44204180591479975 4 4 9.4387520175442474e-09 17 17 0.44204179647604774 0 0 0
d 0 0 -0.45264931043493084 4 4 5.352272481461098e-09 18 18 0.45264930508265838 0 0 0
d 0 0 -0.46170229793697593 4 4 3.2455702109076226e-09 19 19 0.46170229469140572 0 0 0
d 0 0 -0.46962529523345603 4 4 2.0795731610474676e-09 20 20 0.46962529315388285 0 0 0
Q 2 13 "Source Voltage"
Q 3 13 "Gate Voltage"
Q 4 13 "Drain Voltage"
Q 5 13 "Substrate Voltage"
Q 20 13 "Source Current"
Q 21 13 "Gate Current"
Q 22 13 "Drain Current"
Q 23 13 "Substrate Current"
Q 92 21 Contact
Q 601 13 "Source Int. Voltage"
Q 602 13 "Gate Int. Voltage"
Q 603 13 "Drain Int. Voltage"
Q 604 13 "Substrate Int. Voltage"
EOF 871817200
