v VICTORYDEVICE
# silvaco.file ASCII version=1.14.29 format=1 contents=SDB,Tables=1

Copyright "###################################################################"
Copyright "#                    Copyright Silvaco Inc. (c)                   #"
Copyright "#                            1992-2014                            #"
Copyright "#                                                                 #"
Copyright "# This file format and the following Key are copyright Silvaco    #"
Copyright "# International. You may not use, this format or key without      #"
Copyright "# reproducing this message in full and obtaining                  #"
Copyright "# express written permission from Silvaco Inc.                    #"
Copyright "#                                                                 #"
Copyright "# To obtain such permission please contact: Silvaco Inc.          #"
Copyright "#                                           support@silvaco.com   #"
Copyright "#                                                                 #"
Copyright "# KEY=SVC86hn7562asdx                       PROD=345              #"
Copyright "###################################################################"
#This file was created by VICTORYDEVICE version 1.24.0.R
#victoryd 1.24.0.R (Wed Jun 26 14:38:19 PDT 2024)
#libSDB 1.12.65 (Thu Dec  7 08:14:05 PST 2023)
a VICTORYDEVICE
j 1 9
k 4
r 1 92
x 3 43 42 46
w source 1 1
r 2 92
x 3 43 42 46
w gate 1 2
r 3 92
x 3 43 42 46
w drain 1 3
r 4 92
x 3 43 42 46
w substrate 1 4
y 1 15
z 300
f 4 source gate drain substrate
p 12 2 601 20 3 602 21 4 603 22 5 604 23
d 0 0 -0.0017564250702227096 4 4 0.00012313645081388341 0.1 0.1 0.001633288619408826 0 0 0
d 0 0 -0.0033921346148308835 4 4 0.00011216007704561558 0.2 0.2 0.0032799745377852679 0 0 0
d 0 0 -0.0050278605509119171 4 4 0.00010237505042626343 0.3 0.3 0.0049254855004856072 0 0 0
d 0 0 -0.0066633937271503149 4 4 9.3675542460539948e-05 0.4 0.4 0.0065697181846897752 0 0 0
d 0 0 -0.0082985056473273665 4 4 8.5960644045862157e-05 0.5 0.5 0.0082125450032812519 0 0 0
d 0 0 -0.0099328428062118827 4 4 7.913379010572011e-05 0.60000000000000009 0.60000000000000009 0.0098537090161061602 0 0 0
d 0 0 -0.011565859996301704 4 4 7.3102372307140405e-05 0.7 0.7 0.011492757623994394 0 0 0
d 0 0 -0.013197243928006712 4 4 6.7776352058953031e-05 0.8 0.8 0.013129467575947759 0 0 0
d 0 0 -0.014826926657731197 4 4 6.3069458256832494e-05 0.9 0.9 0.014763857199474364 0 0 0
d 0 0 -0.016454845371041346 4 4 5.8901080641918535e-05 1 1 0.016395944290399211 0 0 0
d 0 0 -0.018080922987952667 4 4 5.5197172445768155e-05 1.1000000000000001 1.1000000000000001 0.018025725815506839 0 0 0
d 0 0 -0.019705080927696579 4 4 5.1890907697609275e-05 1.2000000000000002 1.2000000000000002 0.019653190019998944 0 0 0
d 0 0 -0.021327259078435253 4 4 4.8923061640907479e-05 1.3 1.3 0.021278336016794335 0 0 0
d 0 0 -0.022947406490197601 4 4 4.6242113436365351e-05 1.4000000000000001 1.4000000000000001 0.022901164376761231 0 0 0
d 0 0 -0.024565469293293118 4 4 4.3804010047559433e-05 1.5 1.5 0.024521665283245554 0 0 0
d 0 0 -0.026181400364809537 4 4 4.1571627888778296e-05 1.6000000000000001 1.6000000000000001 0.026139828736920757 0 0 0
d 0 0 -0.027795163618366075 4 4 3.9514073049512804e-05 1.7000000000000002 1.7000000000000002 0.02775564954531656 0 0 0
d 0 0 -0.029406729752683446 4 4 3.7605904881305021e-05 1.8 1.8 0.029369123847802138 0 0 0
d 0 0 -0.031016072810159265 4 4 3.5826341355315066e-05 1.9000000000000001 1.9000000000000001 0.03098024646880395 0 0 0
d 0 0 -0.032623168835581202 4 4 3.4158499473652922e-05 2 2 0.032589010336107546 0 0 0
d 0 0 -0.064259883060418174 4 4 1.3669369552895488e-05 4 4 0.064246213690865278 0 0 0
d 0 0 -0.094790869925683488 4 4 5.7438838574208064e-06 6 6 0.094785126041826068 0 0 0
d 0 0 -0.12392776786575042 4 4 2.8366396648419922e-06 8 8 0.12392493122608558 0 0 0
d 0 0 -0.15120911561475323 4 4 1.6418355324467159e-06 10 10 0.15120747377922078 0 0 0
d 0 0 -0.17584481940670493 4 4 1.0573555440857317e-06 12 12 0.17584376205116045 0 0 0
d 0 0 -0.19640620304647941 4 4 7.3765623792331939e-07 14 14 0.19640546539023609 0 0 0
d 0 0 -0.21081104478094448 4 4 5.6707148247490568e-07 16 16 0.21081047770933753 0 0 0
d 0 0 -0.21948444258071492 4 4 4.7982562098553704e-07 18 18 0.21948396275508844 0 0 0
d 0 0 -0.22519775150676102 4 4 4.2769659796067284e-07 20 20 0.22519732381016025 0 0 0
d 0 0 -0.22939321709556321 4 4 3.9186705377415347e-07 22 22 0.22939282522850932 0 0 0
d 0 0 -0.2325751666699252 4 4 3.6599331921673893e-07 24 24 0.23257480067660594 0 0 0
d 0 0 -0.23499690149228003 4 4 3.4702124227483588e-07 26 26 0.23499655447103776 0 0 0
d 0 0 -0.23691643093547921 4 4 3.324121234171053e-07 28 28 0.23691609852335579 0 0 0
d 0 0 -0.23853601716058578 4 4 3.2037386133360666e-07 30 30 0.23853569678672443 0 0 0
d 0 0 -0.2399582698246786 4 4 3.1001581705360161e-07 32 32 0.23995795980886156 0 0 0
d 0 0 -0.24122813327504503 4 4 3.0093372135701272e-07 34 34 0.24122783234132367 0 0 0
d 0 0 -0.24236509885811477 4 4 2.9293338286239839e-07 36 36 0.24236480592473189 0 0 0
d 0 0 -0.24337815514082672 4 4 2.8590827607749175e-07 38 38 0.24337786923255064 0 0 0
d 0 0 -0.24427372779620338 4 4 2.7977820069889214e-07 40 40 0.24427344801800266 0 0 0
Q 2 13 "Source Voltage"
Q 3 13 "Gate Voltage"
Q 4 13 "Drain Voltage"
Q 5 13 "Substrate Voltage"
Q 20 13 "Source Current"
Q 21 13 "Gate Current"
Q 22 13 "Drain Current"
Q 23 13 "Substrate Current"
Q 92 21 Contact
Q 601 13 "Source Int. Voltage"
Q 602 13 "Gate Int. Voltage"
Q 603 13 "Drain Int. Voltage"
Q 604 13 "Substrate Int. Voltage"
EOF 812040128
