v VICTORYDEVICE
# silvaco.file ASCII version=1.14.29 format=1 contents=SDB,Tables=1

Copyright "###################################################################"
Copyright "#                    Copyright Silvaco Inc. (c)                   #"
Copyright "#                            1992-2014                            #"
Copyright "#                                                                 #"
Copyright "# This file format and the following Key are copyright Silvaco    #"
Copyright "# International. You may not use, this format or key without      #"
Copyright "# reproducing this message in full and obtaining                  #"
Copyright "# express written permission from Silvaco Inc.                    #"
Copyright "#                                                                 #"
Copyright "# To obtain such permission please contact: Silvaco Inc.          #"
Copyright "#                                           support@silvaco.com   #"
Copyright "#                                                                 #"
Copyright "# KEY=SVC86hn7562asdx                       PROD=345              #"
Copyright "###################################################################"
#This file was created by VICTORYDEVICE version 1.24.0.R
#victoryd 1.24.0.R (Wed Jun 26 14:38:19 PDT 2024)
#libSDB 1.12.65 (Thu Dec  7 08:14:05 PST 2023)
a VICTORYDEVICE
j 1 9
k 4
r 1 92
x 3 43 42 46
w source 1 3
r 2 92
x 3 43 42 46
w gate 1 4
r 3 92
x 3 43 42 46
w drain 1 5
r 4 92
x 3 43 42 46
w substrate 1 6
y 1 15
z 300
f 6 "#1" "#2" source gate drain substrate
p 12 4 603 22 5 604 23 6 605 24 7 606 25
d 0 0 -1.2648772957494275e-28 0 0 -3.0064067926904822e-34 0.01 0.01 1.3881494834412242e-28 0 0 -1.232721843941263e-29
d 0 0 -6.2998053430952356e-28 0 0 3.2834514849109284e-32 0.1 0.1 7.0839331071858929e-28 0 0 -7.8412772393705095e-29
d 0 0 -5.3652934719929439e-28 0 0 1.3829277992906861e-31 0.5 0.5 6.7155026649605621e-28 0 0 -1.3502090158595631e-28
d 0 0 -5.2290343050036589e-28 0 0 5.0224558740203075e-30 1 1 7.1506026577296076e-28 0 0 -1.9215672522875041e-28
d 0 0 -4.8012137837839505e-28 0 0 -7.2090501703193171e-31 2 2 7.4518487549226962e-28 0 0 -2.6433330737441179e-28
d 0 0 -4.3708119396439851e-28 0 0 -1.3781933668237904e-30 4 4 8.1901138550293971e-28 0 0 -3.8049662626890109e-28
d 0 0 -4.2610921983141895e-28 0 0 -1.7397022454449515e-30 6 6 8.9923535174882065e-28 0 0 -4.7137710817037094e-28
d 0 0 -4.2569930812921842e-28 0 0 -1.9642269281529016e-30 8 8 9.744759954947251e-28 0 0 -5.4679393787266958e-28
d 0 0 -4.2543728078291346e-28 0 0 1.4594504249840264e-28 10 10 1.0366654320666023e-27 0 0 -6.0909211742398482e-28
d 0 0 -4.2527823747471667e-28 0 0 -2.2279494011594482e-30 12 12 1.0849660619054809e-27 0 0 -6.5744316450143046e-28
d 0 0 -4.2516787479574467e-28 0 0 -2.3585232114141932e-30 14 14 1.1337412256108538e-27 0 0 -7.0620651853150358e-28
d 0 0 -4.2513273074594566e-28 0 0 -2.456976516352386e-30 16 16 1.1671536098592576e-27 0 0 -7.3956352829047074e-28
d 0 0 -4.2511829526120862e-28 0 0 -2.4891926175560516e-30 18 18 1.1931010491442275e-27 0 0 -7.6549334603624054e-28
d 0 0 -4.2510393004290125e-28 0 0 -2.5227831238915777e-30 20 20 1.2175830722392084e-27 0 0 -7.8995631360902359e-28
d 0 0 -4.2508966630823103e-28 0 0 -2.5587754290886905e-30 22 22 1.2407909994215213e-27 0 0 -8.1314273281697444e-28
d 0 0 -4.2507552891281535e-28 0 0 -2.5987311250807551e-30 24 24 1.2628725985196539e-27 0 0 -8.3519864222405185e-28
d 0 0 -4.2506154112903831e-28 0 0 -2.6470717376747589e-30 26 26 1.2839475798415141e-27 0 0 -8.5623940740843577e-28
d 0 0 -4.250477342358786e-28 0 0 -2.7199792510342758e-30 28 28 1.3041077788873198e-27 0 0 -8.7633972880023621e-28
d 0 0 -4.2503424363134858e-28 0 0 -2.8292101703876846e-30 30 30 1.3233619930062539e-27 0 0 -8.9549835819537226e-28
d 0 0 -4.2502364446953162e-28 0 0 -2.8958038711608326e-30 32 32 1.3403469072474679e-27 0 0 -9.1242707760420164e-28
d 0 0 -4.2501065904092993e-28 0 0 -2.969362883990265e-30 34 34 1.3580145334099881e-27 0 0 -9.300341719259537e-28
d 0 0 -4.2500493373738096e-28 0 0 -2.9995947979637153e-30 35 35 1.3657058416675719e-27 0 0 -9.3770108961217459e-28
d 0 0 -4.24998573790887e-28 0 0 -3.0323437811455844e-30 36 36 1.374132175392664e-27 0 0 -9.461011906591365e-28
d 0 0 -4.2498573474946569e-28 0 0 -3.096131284968663e-30 38 38 1.3909363968429465e-27 0 0 -9.6285432525263684e-28
d 0 0 -4.2497392639269915e-28 0 0 -3.154139591355522e-30 40 40 1.4067969766447108e-27 0 0 -9.7866877935270061e-28
d 0 0 -4.2496792358326394e-28 0 0 -3.2138564767145977e-30 42 42 1.4192604749046248e-27 0 0 -9.9107859428595525e-28
d 0 0 -4.2496202455835697e-28 0 0 -3.2521330068539011e-30 44 44 1.4312718823242935e-27 0 0 -1.0030578124126752e-27
d 0 0 -4.2495866085317626e-28 0 0 -3.276271962958139e-30 46 46 1.4405044874755792e-27 0 0 -1.0122696082152192e-27
d 0 0 -4.249561813635377e-28 0 0 -3.291839714765844e-30 48 48 1.4485754261314017e-27 0 0 -1.0203274403683992e-27
d 0 0 -4.2495371291916717e-28 0 0 -3.3070941450858806e-30 50 50 1.4564789982421296e-27 0 0 -1.0282181551251839e-27
d 0 0 -4.249512556800212e-28 0 0 -3.322382248639254e-30 52 52 1.4642282546934087e-27 0 0 -1.0359545952233688e-27
d 0 0 -4.2494880979975073e-28 0 0 -3.3376901474434976e-30 54 54 1.4718321253862602e-27 0 0 -1.0435455961195098e-27
d 0 0 -4.2494637543103611e-28 0 0 -3.3531103635240894e-30 56 56 1.4792977884692464e-27 0 0 -1.0509982737271784e-27
d 0 0 -4.249439527272202e-28 0 0 -3.3687431609247875e-30 58 58 1.4866313512715432e-27 0 0 -1.0583186718871659e-27
d 0 0 -4.2494154184311685e-28 0 0 -3.3845646030202508e-30 60 60 1.4938381176612944e-27 0 0 -1.0655120055915907e-27
d 0 0 -4.2493914293552862e-28 0 0 -3.4007909596198268e-30 62 62 1.5009227099538188e-27 0 0 -1.0725827688870433e-27
d 0 0 -4.2493675616371251e-28 0 0 -3.4175847651962034e-30 64 64 1.5078891476730416e-27 0 0 -1.0795347975499561e-27
d 0 0 -4.2493438168945882e-28 0 0 -3.4351721297407558e-30 66 66 1.5147408967950282e-27 0 0 -1.0863713387831146e-27
d 0 0 -4.2493201967649993e-28 0 0 -3.4537323676388152e-30 68 68 1.5214809123093652e-27 0 0 -1.093095154413574e-27
d 0 0 -4.2492967028825942e-28 0 0 -3.4731545995224066e-30 70 70 1.528111813659894e-27 0 0 -1.0997089865271524e-27
d 0 0 -4.2492733368930256e-28 0 0 -3.4933145812060182e-30 72 72 1.5346356415884015e-27 0 0 -1.1062149965240022e-27
d 0 0 -4.2492501004472976e-28 0 0 -3.5140301106176101e-30 74 74 1.5410539975157844e-27 0 0 -1.112614985724522e-27
d 0 0 -4.2492269943612196e-28 0 0 -3.5350181038158505e-30 76 76 1.5473680468798879e-27 0 0 -1.1189103261410128e-27
d 0 0 -4.2492040207435876e-28 0 0 -3.5562543597233164e-30 78 78 1.5535785298285295e-27 0 0 -1.1251019121066503e-27
d 0 0 -4.2491811772308007e-28 0 0 -3.5775665494676397e-30 80 80 1.5596857885396948e-27 0 0 -1.1311901742164776e-27
d 0 0 -4.2491584602832651e-28 0 0 -3.5813293669316735e-30 82 82 1.5656897763852435e-27 0 0 -1.1371751062230132e-27
d 0 0 -4.249135869991671e-28 0 0 -3.6201060217454991e-30 84 84 1.5715900531825823e-27 0 0 -1.143056279316397e-27
d 0 0 -4.2491246223307231e-28 0 0 -3.6306290815817711e-30 85 85 1.5745010526635732e-27 0 0 -1.1459577068427733e-27
d 0 0 -4.2491134063085663e-28 0 0 -3.6416118673293137e-30 86 86 1.5773857714247225e-27 0 0 -1.1488328418112945e-27
d 0 0 -4.249107810156823e-28 0 0 -3.6468738195166277e-30 86.5 86.5 1.5788182254327806e-27 0 0 -1.1502604963812961e-27
d 0 0 -4.2491022219084568e-28 0 0 -3.6523184339186962e-30 87 87 1.5802440427146107e-27 0 0 -1.1516815105813807e-27
d 0 0 -4.2490966415614329e-28 0 0 -3.6576923567894871e-30 87.5 87.5 1.5816631988077878e-27 0 0 -1.1530958584872816e-27
d 0 0 -4.2490910691138956e-28 0 0 -3.6630509258693291e-30 88 88 1.5830756661543414e-27 0 0 -1.1545035124957545e-27
d 0 0 -4.2490799479112662e-28 0 0 -3.6733204858459236e-30 89 89 1.5858804190900243e-27 0 0 -1.1572986200891995e-27
d 0 0 -4.249074399154131e-28 0 0 -3.6790328875928512e-30 89.5 89.5 1.5872726380047911e-27 0 0 -1.1586860101463362e-27
d 0 0 -4.2490688582926235e-28 0 0 -3.6845883332717209e-30 90 90 1.5886580436343213e-27 0 0 -1.1600665793346269e-27
d 0 0 -4.2490633253271086e-28 0 0 -3.6894340860327736e-30 90.5 90.5 1.5900366021874424e-27 0 0 -1.1614402918385429e-27
d 0 0 -4.2490578002585953e-28 0 0 -3.6952399268167819e-30 91 91 1.5914082697815984e-27 0 0 -1.1628071101882573e-27
d 0 0 -4.249052283088853e-28 0 0 -3.7007978505883597e-30 91.5 91.5 1.5927730132833805e-27 0 0 -1.1641669954216186e-27
d 0 0 -4.2490467738204771e-28 0 0 -3.7062155679129958e-30 92 92 1.5941307915739127e-27 0 0 -1.1655199069538969e-27
d 0 0 -4.2490247928121209e-28 0 0 -3.7273782050404889e-30 94 94 1.5994913937678459e-27 0 0 -1.1708609526864286e-27
d 0 0 -4.2490193119350707e-28 0 0 -3.7331430843179144e-30 94.5 94.5 1.6008136873754663e-27 0 0 -1.1721783344783115e-27
d 0 0 -4.2490138388956304e-28 0 0 -3.7387637916370299e-30 95 95 1.6021287438202118e-27 0 0 -1.1734884673035612e-27
d 0 0 -4.249008373702935e-28 0 0 -3.7442471325663294e-30 95.5 95.5 1.603436512238475e-27 0 0 -1.1747913001458044e-27
d 0 0 -4.2490029163670883e-28 0 0 -3.7488170245999568e-30 96 96 1.6047369441835256e-27 0 0 -1.1760867805826156e-27
d 0 0 -4.2489974668991222e-28 0 0 -3.7545119627946045e-30 96.5 96.5 1.6060299786556221e-27 0 0 -1.1773748548067091e-27
d 0 0 -4.2489920253109511e-28 0 0 -3.7607723323670378e-30 97 97 1.6073155618930996e-27 0 0 -1.178655467625312e-27
d 0 0 -4.2489865916153144e-28 0 0 -3.7657378021905501e-30 97.5 97.5 1.608593647563206e-27 0 0 -1.1799285625453112e-27
d 0 0 -4.248981165825714e-28 0 0 -3.7712870456507192e-30 98 98 1.6098641694303961e-27 0 0 -1.1811940816734712e-27
d 0 0 -4.2489757479563457e-28 0 0 -3.7768913484458682e-30 98.5 98.5 1.6111270711230194e-27 0 0 -1.1824519658767243e-27
d 0 0 -4.248970338022028e-28 0 0 -3.782657329863155e-30 99 99 1.6123822936221558e-27 0 0 -1.1837021547146208e-27
d 0 0 -4.2489649360381307e-28 0 0 -3.7880259067824477e-30 99.5 99.5 1.6136297786716434e-27 0 0 -1.1849445865422855e-27
d 0 0 -4.2489595420205044e-28 0 0 -3.7943102223478678e-30 100 100 1.6148694574298995e-27 0 0 -1.1861791983965106e-27
d 0 0 -4.2489561748120676e-28 0 0 -3.7977965580160202e-30 100.3125 100.3125 1.6156402683844022e-27 0 0 -1.1869468313207742e-27
d 0 0 -4.2489528107258377e-28 0 0 -3.8013067702920307e-30 100.625 100.625 1.6164079912878434e-27 0 0 -1.1877113686791426e-27
d 0 0 -4.2489494497658988e-28 0 0 -3.8048212030337639e-30 100.9375 100.9375 1.6171726103494721e-27 0 0 -1.1884727944115226e-27
d 0 0 -4.2489460919363736e-28 0 0 -3.8083395508791498e-30 101.25 101.25 1.6179341095689249e-27 0 0 -1.1892310922846089e-27
d 0 0 -4.2489393856852207e-28 0 0 -3.8149663655506271e-30 101.875 101.875 1.6194476849149215e-27 0 0 -1.1907382386847793e-27
d 0 0 -4.2489360372719844e-28 0 0 -3.8189153218604315e-30 102.1875 102.1875 1.620199725731964e-27 0 0 -1.1914870538777809e-27
d 0 0 -4.2489326920059363e-28 0 0 -3.8224469778953587e-30 102.5 102.5 1.6209485823496697e-27 0 0 -1.1922326746185059e-27
d 0 0 -4.248929349891417e-28 0 0 -3.8259814369957395e-30 102.8125 102.8125 1.6216942367098e-27 0 0 -1.1929750844028901e-27
d 0 0 -4.2489260109331823e-28 0 0 -3.829516389897973e-30 103.125 103.125 1.6224366717812907e-27 0 0 -1.1937142688127407e-27
d 0 0 -4.2489226751350403e-28 0 0 -3.8330554136994643e-30 103.4375 103.4375 1.623175870568679e-27 0 0 -1.1944502080035904e-27
d 0 0 -4.2489193425011252e-28 0 0 -3.8366009623931728e-30 103.75 103.75 1.623911815873597e-27 0 0 -1.1951828838116636e-27
d 0 0 -4.2489126867429674e-28 0 0 -3.8441332699597689e-30 104.375 104.375 1.6253738752866719e-27 0 0 -1.1966383745393445e-27
d 0 0 -4.2489093636271979e-28 0 0 -3.8473045830154121e-30 104.6875 104.6875 1.626099956656091e-27 0 0 -1.1973611537706038e-27
d 0 0 -4.2489060436925966e-28 0 0 -3.8509074822284027e-30 105 105 1.6268227131412229e-27 0 0 -1.1980805981880037e-27
d 0 0 -4.248899413383696e-28 0 0 -3.8588218923636161e-30 105.625 105.625 1.6282581809479445e-27 0 0 -1.1995094097151225e-27
d 0 0 -4.2488927958496618e-28 0 0 -3.8662019852241544e-30 106.25 106.25 1.6296801398484667e-27 0 0 -1.2009246621796085e-27
d 0 0 -4.2488795992379584e-28 0 0 -3.8810711793246133e-30 107.5 107.5 1.632482939709041e-27 0 0 -1.2037138925766124e-27
d 0 0 -4.2488533664416437e-28 0 0 -3.9115014903838435e-30 110 110 1.6379198865271018e-27 0 0 -1.209122982862026e-27
d 0 0 -4.2488273577812839e-28 0 0 -3.943130071503074e-30 112.5 112.5 1.6431238458464956e-27 0 0 -1.214297922493363e-27
d 0 0 -4.2488015748855187e-28 0 0 -3.9757145846150683e-30 115 115 1.6480849613743179e-27 0 0 -1.2192285520986498e-27
d 0 0 -4.2487760191715662e-28 0 0 -4.0105653679374951e-30 117.5 117.5 1.6527934144643855e-27 0 0 -1.2239046407949163e-27
d 0 0 -4.2487506922079095e-28 0 0 -4.0483777669465986e-30 120 120 1.6572396276934963e-27 0 0 -1.2283160406414262e-27
d 0 0 -4.2487255959343421e-28 0 0 -4.0890127390665558e-30 122.5 122.5 1.6614144673588054e-27 0 0 -1.2324527608912123e-27
d 0 0 -4.2487007330091195e-28 0 0 -4.1345307183996344e-30 125 125 1.6653093427867825e-27 0 0 -1.2363047425493786e-27
d 0 0 -4.2486761073491664e-28 0 0 -4.1882624958672904e-30 127.5 127.5 1.6689154506352809e-27 0 0 -1.239859580286525e-27
d 0 0 -4.248651726509511e-28 0 0 -4.2540186582191891e-30 130 130 1.6722247712818185e-27 0 0 -1.2431054524758788e-27
d 0 0 -4.24860381969947e-28 0 0 -4.3602919686278833e-30 135 135 1.6779526293474061e-27 0 0 -1.2487318850446954e-27
d 0 0 -4.2485979716534671e-28 0 0 -4.3716712977456736e-30 135.625 135.625 1.6785772774630365e-27 0 0 -1.2493453150027838e-27
d 0 0 -4.2485950946067501e-28 0 0 -4.3779093932248227e-30 135.9375 135.9375 1.6788783574471236e-27 0 0 -1.2496409377485501e-27
d 0 0 -4.2485923225707966e-28 0 0 -4.3834155352737635e-30 136.25 136.25 1.6791643741018508e-27 0 0 -1.2499217248664558e-27
d 0 0 -4.2485877053730373e-28 0 0 -4.3925509713839034e-30 136.875 136.875 1.6796293013150459e-27 0 0 -1.250377982252714e-27
d 0 0 -4.2485823970998901e-28 0 0 -4.4028577913977871e-30 137.5 137.5 1.6801505361623994e-27 0 0 -1.2508893866123903e-27
d 0 0 -4.2485769452651466e-28 0 0 -4.413441443745511e-30 138.125 138.125 1.6806706456636709e-27 0 0 -1.2513995127834353e-27
d 0 0 -4.2485741371901006e-28 0 0 -4.4188126822964073e-30 138.4375 138.4375 1.6809328975639198e-27 0 0 -1.2516566654223146e-27
d 0 0 -4.2485712855870167e-28 0 0 -4.4242467985483246e-30 138.75 138.75 1.6811953474994433e-27 0 0 -1.2519139657054311e-27
d 0 0 -4.2485655199504779e-28 0 0 -4.4351580313467113e-30 139.375 139.375 1.681713842951426e-27 0 0 -1.2524221322860065e-27
d 0 0 -4.2485597232486193e-28 0 0 -4.4457154564061935e-30 140 140 1.6822185017311036e-27 0 0 -1.2529165109796877e-27
d 0 0 -4.2485135231546203e-28 0 0 -4.5294876672594223e-30 145 145 1.6856340184503919e-27 0 0 -1.2562531803634557e-27
d 0 0 -4.248468147782884e-28 0 0 -4.6076215949440856e-30 150 150 1.6879310117918215e-27 0 0 -1.2584765786024867e-27
d 0 0 -4.2484625412408188e-28 0 0 -4.6168559118252734e-30 150.625 150.625 1.6881424525754275e-27 0 0 -1.2586791143014328e-27
d 0 0 -4.2484569495313952e-28 0 0 -4.6261684108189139e-30 151.25 151.25 1.6883376428302127e-27 0 0 -1.2588654574342823e-27
d 0 0 -4.2484513727177079e-28 0 0 -4.6354769152019244e-30 151.875 151.875 1.6885167753841558e-27 0 0 -1.2590357984052699e-27
d 0 0 -4.2484485899149689e-28 0 0 -4.64043941411768e-30 152.1875 152.1875 1.6886003795411155e-27 0 0 -1.2591150295387804e-27
d 0 0 -4.2484458108574313e-28 0 0 -4.6450792727757225e-30 152.5 152.5 1.6886800464675892e-27 0 0 -1.2591903347359541e-27
d 0 0 -4.2484402640039159e-28 0 0 -4.6543728137934495e-30 153.125 153.125 1.6888276667773203e-27 0 0 -1.259329270719279e-27
d 0 0 -4.2484347322070929e-28 0 0 -4.6635601640607085e-30 153.75 153.75 1.6889598470272151e-27 0 0 -1.2594528171121994e-27
d 0 0 -4.2484292155142387e-28 0 0 -4.6726968512830816e-30 154.375 154.375 1.6890768055240232e-27 0 0 -1.2595611908244608e-27
d 0 0 -4.2484237139706271e-28 0 0 -4.681784308359646e-30 155 155 1.6891787664866905e-27 0 0 -1.2596546146120225e-27
d 0 0 -4.2484182276201231e-28 0 0 -4.6908238652148786e-30 155.625 155.625 1.6892659596036789e-27 0 0 -1.2597333167776199e-27
d 0 0 -4.2484127565057207e-28 0 0 -4.6998168655244985e-30 156.25 156.25 1.689338619738363e-27 0 0 -1.259797530870986e-27
d 0 0 -4.2484073006700768e-28 0 0 -4.7087653285337971e-30 156.875 156.875 1.689396986632225e-27 0 0 -1.2598474953887257e-27
d 0 0 -4.2484018601560419e-28 0 0 -4.7176592500357617e-30 157.5 157.5 1.6894413046515315e-27 0 0 -1.2598834534724481e-27
d 0 0 -4.2483964350072264e-28 0 0 -4.7265260305168917e-30 158.125 158.125 1.6894718223246394e-27 0 0 -1.2599056526067791e-27
d 0 0 -4.2483910252686295e-28 0 0 -4.7353468020253888e-30 158.75 158.75 1.6894887923120269e-27 0 0 -1.2599143443108822e-27
d 0 0 -4.2483856309873636e-28 0 0 -4.7441270354972882e-30 159.375 159.375 1.6894924708739425e-27 0 0 -1.2599097838316977e-27
d 0 0 -4.2483802522135203e-28 0 0 -4.7528671703620653e-30 160 160 1.6894831176551248e-27 0 0 -1.2598922298311362e-27
d 0 0 -4.2483377884946853e-28 0 0 -4.8214228837323458e-30 165 165 1.6889711629145045e-27 0 0 -1.2593159427042473e-27
d 0 0 -4.2483351686423835e-28 0 0 -4.8255820675993272e-30 165.3125 165.3125 1.6889151908005186e-27 0 0 -1.2592560195690439e-27
d 0 0 -4.2483325529292798e-28 0 0 -4.8298202242241662e-30 165.625 165.625 1.6888566027344166e-27 0 0 -1.2591934890969915e-27
d 0 0 -4.2483299413897612e-28 0 0 -4.8340420918607485e-30 165.9375 165.9375 1.6887954338397472e-27 0 0 -1.2591283854704846e-27
d 0 0 -4.2483273340635502e-28 0 0 -4.8382466923959741e-30 166.25 166.25 1.6887317182433681e-27 0 0 -1.2590607427938178e-27
d 0 0 -4.2483247309968929e-28 0 0 -4.8424351421768984e-30 166.5625 166.5625 1.6886654899492427e-27 0 0 -1.2589905950577092e-27
d 0 0 -4.2483221322440752e-28 0 0 -4.8466096228615187e-30 166.875 166.875 1.6885967827950141e-27 0 0 -1.2589179760981756e-27
d 0 0 -4.2483195378694091e-28 0 0 -4.850772374861361e-30 167.1875 167.1875 1.6885256303996923e-27 0 0 -1.2588429195447477e-27
d 0 0 -4.2483169479498505e-28 0 0 -4.8549252214046527e-30 167.5 167.5 1.6884520660941259e-27 0 0 -1.2587654587538689e-27
d 0 0 -4.2482964070654127e-28 0 0 -4.8878737116038288e-30 170 170 1.6877805064118533e-27 0 0 -1.2580630182430489e-27
d 0 0 -4.2482632109192799e-28 0 0 -4.9965142810520091e-30 175 175 1.6861208713643124e-27 0 0 -1.2562980675369677e-27
d 0 0 -4.248261627200438e-28 0 0 -4.9992487732117264e-30 175.3125 175.3125 1.6859812296399117e-27 0 0 -1.2561558198662042e-27
d 0 0 -4.2482600449809307e-28 0 0 -5.0021048688645234e-30 175.625 175.625 1.6858407981927951e-27 0 0 -1.2560127840382573e-27
d 0 0 -4.2482584642625957e-28 0 0 -5.0048228336807042e-30 175.9375 175.9375 1.6856995925972038e-27 0 0 -1.2558689791664856e-27
d 0 0 -4.2482568850472777e-28 0 0 -5.0075603295433287e-30 176.25 176.25 1.6855576347943816e-27 0 0 -1.2557244242337683e-27
d 0 0 -4.2482553073368198e-28 0 0 -5.0103043960222295e-30 176.5625 176.5625 1.6854149435425538e-27 0 0 -1.2555791380748126e-27
d 0 0 -4.2482537311330532e-28 0 0 -5.0130486984824697e-30 176.875 176.875 1.6852715375179546e-27 0 0 -1.2554331393909626e-27
d 0 0 -4.248252156437794e-28 0 0 -5.0157911710787469e-30 177.1875 177.1875 1.6851274353018047e-27 0 0 -1.2552864467526818e-27
d 0 0 -4.2482505832528341e-28 0 0 -5.0185314006761443e-30 177.5 177.5 1.6849826553685656e-27 0 0 -1.2551390786011528e-27
d 0 0 -4.2482490115799412e-28 0 0 -5.0212694278339476e-30 177.8125 177.8125 1.6848372160770343e-27 0 0 -1.2549910532490745e-27
d 0 0 -4.2482474414208498e-28 0 0 -5.0240052937532834e-30 178.125 178.125 1.6846911356651923e-27 0 0 -1.2548423888808692e-27
d 0 0 -4.2482443056508269e-28 0 0 -5.0294833928657679e-30 178.75 178.75 1.6843971234826835e-27 0 0 -1.254543215191405e-27
d 0 0 -4.248241175955889e-28 0 0 -5.0350921463766241e-30 179.375 179.375 1.6841007638755721e-27 0 0 -1.2542417004360702e-27
d 0 0 -4.2482396133904936e-28 0 0 -5.037652088007398e-30 179.6875 179.6875 1.6839517461198367e-27 0 0 -1.2540901092282783e-27
d 0 0 -4.2482380523484822e-28 0 0 -5.040374393207266e-30 180 180 1.6838021947425066e-27 0 0 -1.2539379853998174e-27
d 0 0 -4.2482364928313006e-28 0 0 -5.0430941516389517e-30 180.3125 180.3125 1.6836521262626359e-27 0 0 -1.2537853462128083e-27
d 0 0 -4.2482349348403469e-28 0 0 -5.0458110742539619e-30 180.625 180.625 1.6835015578671386e-27 0 0 -1.2536322088042079e-27
d 0 0 -4.2482333783769771e-28 0 0 -5.0485254465244667e-30 180.9375 180.9375 1.6833505065928694e-27 0 0 -1.2534785901763712e-27
d 0 0 -4.2482318234425024e-28 0 0 -5.051237057813956e-30 181.25 181.25 1.6831989893520644e-27 0 0 -1.2533245071962267e-27
d 0 0 -4.2482256190182418e-28 0 0 -5.0622261569347645e-30 182.5 182.5 1.6825885910489748e-27 0 0 -1.2527038643159314e-27
d 0 0 -4.248222526010416e-28 0 0 -5.0676093167318642e-30 183.125 183.125 1.6822810261016304e-27 0 0 -1.2523911852273322e-27
d 0 0 -4.2482194391501346e-28 0 0 -5.0730392905762021e-30 183.75 183.75 1.681972055018572e-27 0 0 -1.2520771054677861e-27
d 0 0 -4.2482178980277732e-28 0 0 -5.0755103191062336e-30 184.0625 184.0625 1.681817087096335e-27 0 0 -1.2519195796426674e-27
d 0 0 -4.2482163584451712e-28 0 0 -5.0781926302003365e-30 184.375 184.375 1.6816618096324711e-27 0 0 -1.2517617505480571e-27
d 0 0 -4.2482148204032163e-28 0 0 -5.0808720682545607e-30 184.6875 184.6875 1.6815062430019857e-27 0 0 -1.25160363351594e-27
d 0 0 -4.2482132839027678e-28 0 0 -5.0835486851758486e-30 185 185 1.681350402430429e-27 0 0 -1.2514452437419023e-27
d 0 0 -4.2482102155296793e-28 0 0 -5.0892416841554567e-30 185.625 185.625 1.6810379511767558e-27 0 0 -1.2511277060458964e-27
d 0 0 -4.2482071533322141e-28 0 0 -5.0946595277381663e-30 186.25 186.25 1.6807245902923378e-27 0 0 -1.250809256172808e-27
d 0 0 -4.2482010474874207e-28 0 0 -5.1054155723496545e-30 187.5 187.5 1.680095583021119e-27 0 0 -1.2501700834012307e-27
d 0 0 -4.2481980038508697e-28 0 0 -5.1107778929766179e-30 188.125 188.125 1.6797801634201493e-27 0 0 -1.2498495865423186e-27
d 0 0 -4.2481964843562654e-28 0 0 -5.1127775628932901e-30 188.4375 188.4375 1.6796222887444327e-27 0 0 -1.249689158820243e-27
d 0 0 -4.2481949664115744e-28 0 0 -5.1161647805950769e-30 188.75 188.75 1.6794642794543432e-27 0 0 -1.2495286295893915e-27
d 0 0 -4.248188910143405e-28 0 0 -5.126918019342561e-30 190 190 1.6788315487636736e-27 0 0 -1.2488857623760914e-27
d 0 0 -4.2481649338380574e-28 0 0 -5.1698695888848195e-30 195 195 1.6763024778941629e-27 0 0 -1.2463162434110507e-27
d 0 0 -4.2481590021243248e-28 0 0 -5.1804623817020419e-30 196.25 196.25 1.6756743896366425e-27 0 0 -1.2456780595022415e-27
d 0 0 -4.2481560456477653e-28 0 0 -5.1858016799741282e-30 196.875 196.875 1.6753614443878423e-27 0 0 -1.245360067710507e-27
d 0 0 -4.2481530954322709e-28 0 0 -5.1909595011022872e-30 197.5 197.5 1.675049343003826e-27 0 0 -1.2450429149434413e-27
d 0 0 -4.2481472138103595e-28 0 0 -5.2018390782298384e-30 198.75 198.75 1.674427946251415e-27 0 0 -1.2444114308622504e-27
d 0 0 -4.2481413573178048e-28 0 0 -5.212506167118756e-30 200 200 1.6738108034222388e-27 0 0 -1.2437841956906538e-27
d 0 0 -4.2481181845484772e-28 0 0 -5.2549466333520072e-30 205 205 1.6713954476743519e-27 0 0 -1.2413284292675366e-27
d 0 0 -4.2480954288380109e-28 0 0 -5.2980091565851263e-30 210 210 1.6690876963050709e-27 0 0 -1.2389801474658201e-27
d 0 0 -4.2480926159399547e-28 0 0 -5.3034054155831884e-30 210.625 210.625 1.668808144704036e-27 0 0 -1.2386955206271743e-27
d 0 0 -4.2480898109620303e-28 0 0 -5.3086843041288827e-30 211.25 211.25 1.6685307630119318e-27 0 0 -1.2384130584502613e-27
d 0 0 -4.2480870146052725e-28 0 0 -5.3140533630210547e-30 211.875 211.875 1.6682556187581753e-27 0 0 -1.2381328357665942e-27
d 0 0 -4.2480842280811251e-28 0 0 -5.3198877219011097e-30 212.5 212.5 1.6679827981275201e-27 0 0 -1.2378549541283144e-27
d 0 0 -4.248081453753311e-28 0 0 -5.3242669953787384e-30 213.125 213.125 1.6677125225343814e-27 0 0 -1.2375795773026219e-27
d 0 0 -4.2480786972212789e-28 0 0 -5.3301660507363529e-30 213.75 213.75 1.6674450366792906e-27 0 0 -1.2373070493511389e-27
d 0 0 -4.2480759775798866e-28 0 0 -5.3333994184312291e-30 214.375 214.375 1.6671815023588578e-27 0 0 -1.2370384640025204e-27
d 0 0 -4.2480734237233848e-28 0 0 -5.3409325944409521e-30 215 215 1.6669287226998851e-27 0 0 -1.2367810228738167e-27
d 0 0 -4.2480523892264833e-28 0 0 1.2436021388525088e-29 220 220 1.6649361191265846e-27 0 0 -1.2347599093905951e-27
d 0 0 -4.2480307537108418e-28 0 0 3.3606336196187245e-30 225 225 1.66306579210292e-27 0 0 -1.2328342561202011e-27
d 0 0 -4.2480094819594184e-28 0 0 2.6403163638447431e-29 230 230 1.6613331003201352e-27 0 0 -1.2310785419729993e-27
d 0 0 -4.2479885932443682e-28 0 0 1.8198893977740813e-29 235 235 1.659783360609967e-27 0 0 -1.2294829473433837e-27
d 0 0 -4.2479680946362181e-28 0 0 -1.8259551771546336e-30 240 240 1.6584049827559781e-27 0 0 -1.2280516436959658e-27
d 0 0 -4.2479479961284342e-28 0 0 4.2755701439348554e-29 245 245 1.6572767925043217e-27 0 0 -1.2268558648167781e-27
d 0 0 -4.2479283531558689e-28 0 0 -4.9705973409292321e-30 250 250 1.656133442932841e-27 0 0 -1.2256828863106486e-27
d 0 0 -4.2479109566064053e-28 0 0 -5.6954200623950863e-30 255 255 1.6554142186923133e-27 0 0 -1.2248916629443305e-27
d 0 0 -4.2478955699118512e-28 0 0 -5.7820272504913077e-30 260 260 1.6547049851894155e-27 0 0 -1.224132501165415e-27
d 0 0 -4.2478804397197874e-28 0 0 -5.7944516751373066e-30 265 265 1.6541033628930799e-27 0 0 -1.2234835504424234e-27
d 0 0 -4.2478655608451324e-28 0 0 1.2605675792698503e-28 270 270 1.6535598946497712e-27 0 0 -1.222988457617601e-27
d 0 0 -4.2478509267520026e-28 0 0 -1.219393305762537e-30 275 275 1.6531985352046207e-27 0 0 -1.2224903015137696e-27
d 0 0 -4.2478365334552198e-28 0 0 -3.2301220897256539e-30 280 280 1.6528832217600634e-27 0 0 -1.222131647013505e-27
d 0 0 -4.2478223828818129e-28 0 0 -4.5319489873937416e-30 285 285 1.6526884355042965e-27 0 0 -1.2218929713280244e-27
d 0 0 -4.2478084721165762e-28 0 0 -4.5803515796060601e-30 290 290 1.6525950192420313e-27 0 0 -1.2217554225052728e-27
d 0 0 -4.2477947873875852e-28 0 0 -5.9999086790396142e-30 295 295 1.6525134575806027e-27 0 0 -1.2216329430377912e-27
d 0 0 -4.2477813290753966e-28 0 0 -6.1420298212108802e-30 300 300 1.6524917800406507e-27 0 0 -1.2215717904831267e-27
d 0 0 -4.2477680949637572e-28 0 0 -2.7991485088546624e-30 305 305 1.6525323913486393e-27 0 0 -1.221574653609108e-27
d 0 0 -4.2477550812399611e-28 0 0 1.6998932094205613e-29 310 310 1.6530565389150423e-27 0 0 -1.2216350717563871e-27
d 0 0 -4.2477422854319458e-28 0 0 -3.9039786513882796e-30 315 315 1.6528750240050873e-27 0 0 -1.2217338792186404e-27
d 0 0 -4.2477297049637478e-28 0 0 -5.8166491034688288e-30 320 320 1.6529942926283159e-27 0 0 -1.2218968114988896e-27
d 0 0 -4.2477173104929327e-28 0 0 -6.1281184766813805e-30 325 325 1.6532379996738411e-27 0 0 -1.22212060330515e-27
d 0 0 -4.2477050470209381e-28 0 0 -6.2300711114265951e-30 330 330 1.6535117680647429e-27 0 0 -1.2223607514217988e-27
d 0 0 -4.2476929813812411e-28 0 0 -6.2815182791606862e-30 335 335 1.6538107711752854e-27 0 0 -1.2226231157434568e-27
d 0 0 -4.2476811111380477e-28 0 0 -6.3219513173428246e-30 340 340 1.6541396694171491e-27 0 0 -1.2229144893362811e-27
d 0 0 -4.2476694330892731e-28 0 0 -6.3616055334859688e-30 345 345 1.6544958205363493e-27 0 0 -1.223232648788663e-27
d 0 0 -4.247657943645237e-28 0 0 -6.3968591133999074e-30 350 350 1.6548764298393593e-27 0 0 -1.2235747916344668e-27
d 0 0 -4.2476466385046574e-28 0 0 -6.4363107119593596e-30 355 355 1.6552769099948141e-27 0 0 -1.2239361817356293e-27
d 0 0 -4.2476355159889597e-28 0 0 -6.4436004678394103e-30 360 360 1.655696431835554e-27 0 0 -1.2243157941007916e-27
d 0 0 -4.2476245776568992e-28 0 0 -6.4799388807650068e-30 365 365 1.6561327273567753e-27 0 0 -1.2247116126352608e-27
d 0 0 -4.2476138261126936e-28 0 0 -6.5362696782396337e-30 370 370 1.6565837859286117e-27 0 0 -1.2251231039940154e-27
d 0 0 -4.2476032572295553e-28 0 0 -6.5833587551166394e-30 375 375 1.6570478857253443e-27 0 0 -1.2255494033976229e-27
d 0 0 -4.2475928627173757e-28 0 0 -6.6239462986492212e-30 380 380 1.6575237115287394e-27 0 0 -1.2259884504978131e-27
d 0 0 -4.2475826360108549e-28 0 0 -6.6639474861950706e-30 385 385 1.6580100967884374e-27 0 0 -1.2264387216873135e-27
d 0 0 -4.2475725719896582e-28 0 0 -6.7033968670002535e-30 390 390 1.6585060384180214e-27 0 0 -1.2268990829480305e-27
d 0 0 -4.2475626658603422e-28 0 0 -6.7421959753342969e-30 395 395 1.6590107055512132e-27 0 0 -1.2273686148813854e-27
d 0 0 -4.2475529130566388e-28 0 0 -6.7802222817846989e-30 400 400 1.6595234292293964e-27 0 0 -1.2278465667240044e-27
d 0 0 -4.2475432766514198e-28 0 0 -6.8173724093821037e-30 405 405 1.6600436898869344e-27 0 0 -1.2283323391617826e-27
d 0 0 -4.2475337731048193e-28 0 0 -6.8536339101509855e-30 410 410 1.6605711041041727e-27 0 0 -1.2288254586526737e-27
d 0 0 -4.247524405848094e-28 0 0 -6.8891761168620703e-30 415 415 1.6611054113724464e-27 0 0 -1.229325568626851e-27
d 0 0 -4.2475151715556564e-28 0 0 -6.9242589327394568e-30 420 420 1.6616464625377771e-27 0 0 -1.229832414404046e-27
d 0 0 -4.2475060671006163e-28 0 0 -6.9591713643990354e-30 425 425 1.6621942093642832e-27 0 0 -1.2303458488487785e-27
d 0 0 -4.2474970897563842e-28 0 0 -6.994072760477796e-30 430 430 1.6627486946761724e-27 0 0 -1.2308659353134442e-27
d 0 0 -4.2474882380427162e-28 0 0 -7.02861187584967e-30 435 435 1.6633100319171216e-27 0 0 -1.23139323629563e-27
d 0 0 -4.2474795166104175e-28 0 0 -7.0476851820430781e-30 440 440 1.6638783650518319e-27 0 0 -1.2319287709912151e-27
d 0 0 -4.2474709353052738e-28 0 0 -7.070197668144335e-30 445 445 1.6644538651451765e-27 0 0 -1.2324734165505169e-27
d 0 0 -4.2474624895571007e-28 0 0 -7.1014927960450855e-30 450 450 1.665036789440393e-27 0 0 -1.2330267267822859e-27
d 0 0 -4.2474541748613536e-28 0 0 -7.1319088379954924e-30 455 455 1.6656274459845564e-27 0 0 -1.2335885525935342e-27
d 0 0 -4.2474459874898108e-28 0 0 -7.1616574831981519e-30 460 460 1.6662261715589652e-27 0 0 -1.2341590589499774e-27
d 0 0 -4.2474379240115773e-28 0 0 -7.1908395068730115e-30 465 465 1.6668333280769688e-27 0 0 -1.2347385315785019e-27
d 0 0 -4.2474299810403544e-28 0 0 -7.2195189250035118e-30 470 470 1.6674493001579653e-27 0 0 -1.2353273028535381e-27
d 0 0 -4.2474221552384987e-28 0 0 -7.2477823997401583e-30 475 475 1.6680744928195199e-27 0 0 -1.2359257310019874e-27
d 0 0 -4.2474144432821165e-28 0 0 -7.2756883743458594e-30 480 480 1.6687093300523968e-27 0 0 -1.236534193846052e-27
d 0 0 -4.2474068418658208e-28 0 0 -7.3033012995161433e-30 485 485 1.6693542545715865e-27 0 0 -1.2371530872039345e-27
d 0 0 -4.2473993477910832e-28 0 0 -7.3306962097922822e-30 490 490 1.6700097288540794e-27 0 0 -1.237782824244345e-27
d 0 0 -4.2473919578505556e-28 0 0 -7.3579478597169608e-30 495 495 1.6706762376217895e-27 0 0 -1.2384238370388168e-27
d 0 0 -4.2473846688461742e-28 0 0 -7.3851465576427198e-30 500 500 1.6713542917638003e-27 0 0 -1.2390765795577743e-27
d 0 0 -4.2473774776064021e-28 0 0 -7.4123843772241154e-30 505 505 1.67204443359958e-27 0 0 -1.2397415314883983e-27
d 0 0 -4.2473703809900177e-28 0 0 -7.4397650444112264e-30 510 510 1.6727472436776755e-27 0 0 -1.2404192037147614e-27
d 0 0 -4.2473633759190154e-28 0 0 -7.4674136159384349e-30 515 515 1.6734633490731962e-27 0 0 -1.2411101450599614e-27
d 0 0 -4.247356459377634e-28 0 0 -7.4954616754830855e-30 520 520 1.6741934333092028e-27 0 0 -1.2418149506816627e-27
d 0 0 -4.247349628352856e-28 0 0 -7.5240621421587599e-30 525 525 1.6749382479776159e-27 0 0 -1.2425342722685697e-27
d 0 0 -4.2473428798865317e-28 0 0 -7.5533296120419807e-30 530 530 1.6756986259988511e-27 0 0 -1.2432688292044393e-27
d 0 0 -4.2473362110846967e-28 0 0 -7.5835540095503333e-30 535 535 1.676475496454941e-27 0 0 -1.2440194213475852e-27
d 0 0 -4.2473296191275316e-28 0 0 -7.6149053480298319e-30 540 540 1.6772699018186035e-27 0 0 -1.2447869439366744e-27
d 0 0 -4.2473231012804477e-28 0 0 -7.6476127352649047e-30 545 545 1.6780830166737955e-27 0 0 -1.2455724038162371e-27
d 0 0 -4.2473166549067727e-28 0 0 -7.6819425776287741e-30 550 550 1.6789161687916331e-27 0 0 -1.2463769377322461e-27
d 0 0 -4.2473102774822224e-28 0 0 -7.7181746083700364e-30 555 555 1.6797708624255796e-27 0 0 -1.2472018325699666e-27
d 0 0 -4.2473039666115592e-28 0 0 -7.7566196512351829e-30 560 560 1.6806488040420215e-27 0 0 -1.2480485477157386e-27
d 0 0 -4.2472977200479965e-28 0 0 -7.7976075873716977e-30 565 565 1.6815519306923653e-27 0 0 -1.2489187397158391e-27
d 0 0 -4.2472915357161649e-28 0 0 -7.8414881499125437e-30 570 570 1.6824824412646075e-27 0 0 -1.2498142894339969e-27
d 0 0 -4.2472854117398123e-28 0 0 -7.8886280076777949e-30 575 575 1.6834428308933531e-27 0 0 -1.2507373319466146e-27
d 0 0 -4.2472793464761641e-28 0 0 -7.9394025338271756e-30 580 580 1.6844359288520285e-27 0 0 -1.2516902894596145e-27
d 0 0 -4.2472733385304858e-28 0 0 -7.9941870406815166e-30 585 585 1.6854649406578169e-27 0 0 -1.2526759074381861e-27
d 0 0 -4.2472673868844857e-28 0 0 -8.0533475921774899e-30 590 590 1.6865334947234923e-27 0 0 -1.2536972945749439e-27
d 0 0 -4.2472614910174682e-28 0 0 -8.1172148104048656e-30 595 595 1.6876456911594669e-27 0 0 -1.2547579677413447e-27
d 0 0 -4.2472556507537828e-28 0 0 -8.1860706113637272e-30 600 600 1.6888061585410857e-27 0 0 -1.2558619004702734e-27
d 0 0 -4.2472498665188108e-28 0 0 -8.260111133832325e-30 605 605 1.6900201185180106e-27 0 0 -1.2570135769171105e-27
d 0 0 -4.2472441394134122e-28 0 0 -8.3394193988531309e-30 610 610 1.6912934549423747e-27 0 0 -1.2582180524980868e-27
d 0 0 -4.2472384713926786e-28 0 0 -8.4238998795230875e-30 615 615 1.6926327913110288e-27 0 0 -1.2594810214864642e-27
d 0 0 -4.2472328654312218e-28 0 0 -8.513225815639524e-30 620 620 1.6940455778630203e-27 0 0 -1.2608088924613748e-27
d 0 0 -4.2472273256955403e-28 0 0 -8.6067460214369817e-30 625 625 1.6955401893826703e-27 0 0 -1.2622088729441644e-27
d 0 0 -4.2472218577038425e-28 0 0 -8.7033758096763584e-30 630 630 1.6971260354818058e-27 0 0 -1.2636890646377037e-27
d 0 0 -4.2472164684486087e-28 0 0 -8.8014522226218418e-30 635 635 1.6988136855709883e-27 0 0 -1.2652585710069083e-27
d 0 0 -4.2472111664577197e-28 0 0 -8.8985418885055814e-30 640 640 1.7006150113529905e-27 0 0 -1.2669276193915767e-27
d 0 0 -4.247205961777578e-28 0 0 -8.9912035533873829e-30 645 645 1.7025433508366315e-27 0 0 -1.2687077005004368e-27
d 0 0 -4.2472008660219668e-28 0 0 -9.070928059630718e-30 650 650 1.7046136726836124e-27 0 0 -1.2706117247192059e-27
d 0 0 -4.2471958928399483e-28 0 0 -9.136957303367101e-30 655 655 1.7068427815317115e-27 0 0 -1.2726542096294641e-27
d 0 0 -4.2471910577259465e-28 0 0 -9.5984215701669472e-30 660 660 1.7092502532774015e-27 0 0 -1.2748519878961468e-27
d 0 0 -4.2471863756405054e-28 0 0 -9.7766316200253518e-30 665 665 1.7118564465886384e-27 0 0 -1.2772225793301489e-27
d 0 0 -4.2471818639466519e-28 0 0 -9.9587501274669807e-30 670 670 1.7146860347343668e-27 0 0 -1.2797872155851433e-27
d 0 0 -4.2471775416856682e-28 0 0 -1.0140691472903138e-29 675 675 1.7177663807284459e-27 0 0 -1.2825694312268493e-27
d 0 0 -4.247173430498092e-28 0 0 -1.031651157809069e-29 680 680 1.7211285292826022e-27 0 0 -1.2855959185185744e-27
d 0 0 -4.2471695552762332e-28 0 0 -1.0475717714797672e-29 685 685 1.7248078017096021e-27 0 0 -1.2888970379165914e-27
d 0 0 -4.2471659449650906e-28 0 0 -1.0609623351200545e-29 690 690 1.7288445165604401e-27 0 0 -1.2925074359122755e-27
d 0 0 -4.247162633839959e-28 0 0 -1.1878799304667834e-29 695 695 1.7332854758677701e-27 0 0 -1.2964673214207507e-27
d 0 0 -4.247159661067196e-28 0 0 -1.2393734908984126e-29 700 700 1.7381826767345944e-27 0 0 -1.3008213493896054e-27
d 0 0 -4.2471570740678986e-28 0 0 -1.2971836153985883e-29 705 705 1.7435981961733183e-27 0 0 -1.3056228229535409e-27
d 0 0 -4.2471549283844188e-28 0 0 -1.3621550654163597e-29 710 710 1.7496035880209802e-27 0 0 -1.3109331623998419e-27
d 0 0 -4.2471532912600889e-28 0 0 -1.4352892169005761e-29 715 715 1.756282612359125e-27 0 0 -1.3168242575073946e-27
d 0 0 -4.2471522426820449e-28 0 0 -1.5177985558777986e-29 720 720 1.7637340988161557e-27 0 0 -1.3233808990452711e-27
d 0 0 -4.247151878300946e-28 0 0 -1.6111980601954313e-29 725 725 1.7720756309198449e-27 0 0 -1.3307039318859874e-27
d 0 0 -4.2471523141001139e-28 0 0 -1.7174327913544221e-29 730 730 1.7814484325178975e-27 0 0 -1.3389144424857689e-27
d 0 0 -4.2471536919767161e-28 0 0 -1.8390802828306432e-29 735 735 1.7920239594388854e-27 0 0 -1.3481593994247967e-27
d 0 0 -4.2471561874730219e-28 0 0 -1.9796547641720047e-29 740 740 1.804012939784269e-27 0 0 -1.3586193884239235e-27
d 0 0 -4.247160020628194e-28 0 0 -2.1440566450172594e-29 745 745 1.8176780085901857e-27 0 0 -1.3705194221024308e-27
d 0 0 -4.2471654713357887e-28 0 0 -2.3392211595679916e-29 750 750 1.8333517509049901e-27 0 0 -1.3841443759966716e-27
d 0 0 -4.2471729017315914e-28 0 0 -2.5749178813642307e-29 755 755 1.8514631063880872e-27 0 0 -1.3998615761458233e-27
d 0 0 -4.2471827901456249e-28 0 0 -2.8632926901240527e-29 760 760 1.8725771086189016e-27 0 0 -1.4181547905962855e-27
d 0 0 -4.247195783709118e-28 0 0 -3.2235364135454699e-29 765 765 1.8974566490981946e-27 0 0 -1.439677056638952e-27
d 0 0 -4.2472127832113438e-28 0 0 -3.670985510231496e-29 770 770 1.9271621316973533e-27 0 0 -1.4653359121539776e-27
d 0 0 -4.2472350862227092e-28 0 0 -4.2049548437872544e-29 775 775 1.9632195942969499e-27 0 0 -1.4964371846186443e-27
d 0 0 -4.2472646417052177e-28 0 0 -4.7530062303967552e-29 780 780 2.0079198766236328e-27 0 0 -1.5349408775975606e-27
d 0 0 -4.2473045335309159e-28 0 0 -5.0083030491243459e-29 785 785 2.064887045707179e-27 0 0 -1.5839474522297447e-27
d 0 0 -4.2473599771528116e-28 0 0 -3.9976330530239985e-29 790 790 2.140251215275e-27 0 0 -1.6487015394801876e-27
d 0 0 -4.2474406045452235e-28 0 0 7.0150310746081974e-30 795 795 2.2453419973998866e-27 0 0 -1.7388985694941793e-27
d 0 0 -4.2475665148714437e-28 0 0 1.0873900698905306e-28 800 800 2.4038407948764261e-27 0 0 -1.874816462375641e-27
d 0 0 -4.2477879998901544e-28 0 0 -4.1657066626806962e-29 805 805 2.6751727768170214e-27 0 0 -2.1073986039557427e-27
d 0 0 -4.2482752855401163e-28 0 0 -2.2637257560009639e-28 810 810 3.2608432452233175e-27 0 0 -2.609642045229213e-27
d 0 0 -4.2501542721707138e-28 0 0 -5.4053724386725206e-28 815 815 5.4789894149592302e-27 0 0 -4.5134366708527751e-27
d 0 0 -4.2575623859089858e-28 0 0 -1.7364693048486172e-27 817.5 817.5 1.3930900121979777e-26 0 0 -1.1768324351821158e-26
d 0 0 -4.271370570586066e-28 0 0 -3.8666138513266368e-27 818.125 818.125 2.8974683795240763e-26 0 0 -2.4680781070383053e-26
d 0 0 -4.3133491444945219e-28 0 0 -9.9850233770589536e-27 818.4375 818.4375 7.2191846905895821e-26 0 0 -6.177340175239715e-26
d 0 0 -4.5917362255739055e-28 0 0 -4.788258729774625e-26 818.59375 818.59375 3.4071829631246381e-25 0 0 -2.9223848420377036e-25
d 0 0 -1.1942001939597191e-27 0 0 -1.0276074640491698e-24 818.6328125 818.6328125 7.2566873840045739e-24 0 0 -6.2278856918184655e-24
d 0 0 -2.5610171565361037e-27 0 0 -2.8480608625991181e-24 818.634033203125 818.634033203125 2.0109243476492506e-23 0 0 -1.7258621565889211e-23
d 0 0 -4.2884322191129604e-27 0 0 -5.1487659522231139e-24 818.63433837890625 818.63433837890625 3.6352417103580368e-23 0 0 -3.1199362718900999e-23
d 0 0 -7.0138679128321304e-27 0 0 -8.778515912810031e-24 818.63449096679688 818.63449096679688 6.1980108929039214e-23 0 0 -5.3194388232418937e-23
d 0 0 -1.0973269603729114e-26 0 0 -1.4051989098290288e-23 818.63456726074219 818.63456726074219 9.9210982129579487e-23 0 0 -8.5147870929278559e-23
d 0 0 -1.6740502977816603e-26 0 0 -2.1733382840684559e-23 818.63460540771484 818.63460540771484 1.534412358025994e-22 0 0 -1.3169111098959381e-22
Q 4 13 "Source Voltage"
Q 5 13 "Gate Voltage"
Q 6 13 "Drain Voltage"
Q 7 13 "Substrate Voltage"
Q 22 13 "Source Current"
Q 23 13 "Gate Current"
Q 24 13 "Drain Current"
Q 25 13 "Substrate Current"
Q 92 21 Contact
Q 603 13 "Source Int. Voltage"
Q 604 13 "Gate Int. Voltage"
Q 605 13 "Drain Int. Voltage"
Q 606 13 "Substrate Int. Voltage"
EOF 1488270566
