v VICTORYDEVICE
# silvaco.file ASCII version=1.14.29 format=1 contents=SDB,Tables=1

Copyright "###################################################################"
Copyright "#                    Copyright Silvaco Inc. (c)                   #"
Copyright "#                            1992-2014                            #"
Copyright "#                                                                 #"
Copyright "# This file format and the following Key are copyright Silvaco    #"
Copyright "# International. You may not use, this format or key without      #"
Copyright "# reproducing this message in full and obtaining                  #"
Copyright "# express written permission from Silvaco Inc.                    #"
Copyright "#                                                                 #"
Copyright "# To obtain such permission please contact: Silvaco Inc.          #"
Copyright "#                                           support@silvaco.com   #"
Copyright "#                                                                 #"
Copyright "# KEY=SVC86hn7562asdx                       PROD=345              #"
Copyright "###################################################################"
#This file was created by VICTORYDEVICE version 1.24.0.R
#victoryd 1.24.0.R (Wed Jun 26 14:38:19 PDT 2024)
#libSDB 1.12.65 (Thu Dec  7 08:14:05 PST 2023)
a VICTORYDEVICE
j 1 9
k 4
r 1 92
x 3 43 42 46
w source 1 1
r 2 92
x 3 43 42 46
w gate 1 2
r 3 92
x 3 43 42 46
w drain 1 3
r 4 92
x 3 43 42 46
w substrate 1 4
y 1 15
z 300
f 4 source gate drain substrate
p 12 2 601 20 3 602 21 4 603 22 5 604 23
d 0 0 -0.001856118625223406 4 4 0.00014051549550395641 0.1 0.1 0.0017156031297194307 0 0 0
d 0 0 -0.0035722300521663398 4 4 0.00013064678704777051 0.2 0.2 0.0034415832651165162 0 0 0
d 0 0 -0.0052868198230570738 4 4 0.00012160238668061379 0.3 0.3 0.0051652174363764312 0 0 0
d 0 0 -0.0069996123171752944 4 4 0.00011332491399701809 0.4 0.4 0.0068862874031782517 0 0 0
d 0 0 -0.0087103441312212856 4 4 0.00010575985948992594 0.5 0.5 0.008604584271731339 0 0 0
d 0 0 -0.010418767771868034 4 4 9.8855139430279037e-05 0.60000000000000009 0.60000000000000009 0.010319912632437738 0 0 0
d 0 0 -0.012124654081263682 4 4 9.2560753205053146e-05 0.7 0.7 0.012032093328058617 0 0 0
d 0 0 -0.013827793618806197 4 4 8.6828552438214412e-05 0.8 0.8 0.013740965066367974 0 0 0
d 0 0 -0.015527997425887815 4 4 8.1612123525683691e-05 0.9 0.9 0.015446385302362127 0 0 0
d 0 0 -0.017225098193177604 4 4 7.686677593641212e-05 1 1 0.017148231417241189 0 0 0
d 0 0 -0.018918955851035819 4 4 7.2549614022984638e-05 1.1000000000000001 1.1000000000000001 0.018846406237012829 0 0 0
d 0 0 -0.020609486660853198 4 4 6.8619634286497309e-05 1.2000000000000002 1.2000000000000002 0.020540867026564505 0 0 0
d 0 0 -0.022296793247897698 4 4 6.503769139634112e-05 1.3 1.3 0.02223175555608594 0 0 0
d 0 0 -0.023981449653165926 4 4 6.1766309751087075e-05 1.4000000000000001 1.4000000000000001 0.02391968334145873 0 0 0
d 0 0 -0.025664174700191361 4 4 5.8770734126703528e-05 1.5 1.5 0.025605403966064415 0 0 0
d 0 0 -0.0273455349887308 4 4 5.6019514938982554e-05 1.6000000000000001 1.6000000000000001 0.027289515473791187 0 0 0
d 0 0 -0.02902567180505302 4 4 5.3484776375090185e-05 1.7000000000000002 1.7000000000000002 0.028972187028677928 0 0 0
d 0 0 -0.030704987080270019 4 4 5.1141011440560485e-05 1.8 1.8 0.030653846068829458 0 0 0
d 0 0 -0.032383300451699057 4 4 4.8966207166930032e-05 1.9000000000000001 1.9000000000000001 0.032334334244532123 0 0 0
d 0 0 -0.034061037738490819 4 4 4.6940082924623346e-05 2 2 0.03401409765556454 0 0 0
d 0 0 -0.042439054694159054 4 4 3.8507983228688445e-05 2.5 2.5 0.042400546710930138 0 0 0
d 0 0 -0.050803203232450016 4 4 3.1978790526368458e-05 3 3 0.050771224441922315 0 0 0
d 0 0 -0.059154691917757886 4 4 2.6654271504959671e-05 3.5 3.5 0.05912803764620235 0 0 0
d 0 0 -0.067489366362150999 4 4 2.2211980856957285e-05 4 4 0.067467154381259248 0 0 0
d 0 0 -0.084131955309806758 4 4 1.5346075740627056e-05 5 5 0.084116609234012041 0 0 0
d 0 0 -0.10071646313402154 4 4 1.0575485443825103e-05 6 6 0.10070588764857728 0 0 0
d 0 0 -0.13367217382015895 4 4 5.2148479286023605e-06 8 8 0.13366695897223016 0 0 0
d 0 0 -0.15000584995521363 4 4 3.8085301437708138e-06 9 9 0.15000204142506837 0 0 0
d 0 0 -0.16617065342418666 4 4 2.8693528397082705e-06 10 10 0.16616778407133934 0 0 0
d 0 0 -0.1979858118144365 4 4 1.7546620853799723e-06 12 12 0.19798405715235018 0 0 0
d 0 0 -0.22893019748985358 4 4 1.1418512357362375e-06 14 14 0.22892905563861785 0 0 0
d 0 0 -0.25851112463308412 4 4 7.6337133567644322e-07 16 16 0.25851036126174343 0 0 0
d 0 0 -0.28609554682525434 4 4 5.1135232085640879e-07 18 18 0.28609503547293352 0 0 0
d 0 0 -0.30997223269772328 4 4 3.4474179070342135e-07 20 20 0.30997188795593128 0 0 0
d 0 0 -0.32665881977290984 4 4 2.5032717991831943e-07 22 22 0.32665856944572852 0 0 0
d 0 0 -0.33430925599342043 4 4 2.124392749414933e-07 24 24 0.33430904355414498 0 0 0
d 0 0 -0.33781270315149547 4 4 1.9618163366659976e-07 26 26 0.33781250696984061 0 0 0
d 0 0 -0.34002359279106409 4 4 1.8627131181130267e-07 28 28 0.34002340651975199 0 0 0
d 0 0 -0.3416451944562312 4 4 1.7917339566037745e-07 30 30 0.34164501528283547 0 0 0
d 0 0 -0.34288752160996461 4 4 1.7383315789625245e-07 32 32 0.34288734777679203 0 0 0
d 0 0 -0.3438272064855688 4 4 1.6984997750422339e-07 34 34 0.34382703663559133 0 0 0
d 0 0 -0.34452910838003914 4 4 1.6690607586161208e-07 36 36 0.34452894147396329 0 0 0
d 0 0 -0.34509523835123435 4 4 1.6455094920261717e-07 38 38 0.34509507380028515 0 0 0
d 0 0 -0.34557680886674852 4 4 1.6256105693320265e-07 40 40 0.34557664630569163 0 0 0
Q 2 13 "Source Voltage"
Q 3 13 "Gate Voltage"
Q 4 13 "Drain Voltage"
Q 5 13 "Substrate Voltage"
Q 20 13 "Source Current"
Q 21 13 "Gate Current"
Q 22 13 "Drain Current"
Q 23 13 "Substrate Current"
Q 92 21 Contact
Q 601 13 "Source Int. Voltage"
Q 602 13 "Gate Int. Voltage"
Q 603 13 "Drain Int. Voltage"
Q 604 13 "Substrate Int. Voltage"
EOF 1729934352
