v VICTORYDEVICE
# silvaco.file ASCII version=1.14.29 format=1 contents=SDB,Tables=1

Copyright "###################################################################"
Copyright "#                    Copyright Silvaco Inc. (c)                   #"
Copyright "#                            1992-2014                            #"
Copyright "#                                                                 #"
Copyright "# This file format and the following Key are copyright Silvaco    #"
Copyright "# International. You may not use, this format or key without      #"
Copyright "# reproducing this message in full and obtaining                  #"
Copyright "# express written permission from Silvaco Inc.                    #"
Copyright "#                                                                 #"
Copyright "# To obtain such permission please contact: Silvaco Inc.          #"
Copyright "#                                           support@silvaco.com   #"
Copyright "#                                                                 #"
Copyright "# KEY=SVC86hn7562asdx                       PROD=345              #"
Copyright "###################################################################"
#This file was created by VICTORYDEVICE version 1.24.0.R
#victoryd 1.24.0.R (Wed Jun 26 14:38:19 PDT 2024)
#libSDB 1.12.65 (Thu Dec  7 08:14:05 PST 2023)
a VICTORYDEVICE
j 1 9
k 4
r 1 92
x 3 43 42 46
w source 1 3
r 2 92
x 3 43 42 46
w gate 1 4
r 3 92
x 3 43 42 46
w drain 1 5
r 4 92
x 3 43 42 46
w substrate 1 6
y 1 15
z 300
f 6 "#1" "#2" source gate drain substrate
p 12 4 603 22 5 604 23 6 605 24 7 606 25
d 0 0 -0.0012023455954264504 4 4 6.323857072391399e-05 0.1 0.1 0.0011391070247025363 0 0 0
d 0 0 -0.002340915003636678 4 4 5.8739934480085023e-05 0.2 0.2 0.0022821750691565923 0 0 0
d 0 0 -0.0034776745784528751 4 4 5.4685630603468697e-05 0.3 0.3 0.0034229889478463093 0 0 0
d 0 0 -0.0046121202115785437 4 4 5.1037270342364461e-05 0.4 0.4 0.0045610829412333952 0 0 0
d 0 0 -0.0057437626684143884 4 4 4.7757666514371808e-05 0.5 0.5 0.0056960050018984246 0 0 0
d 0 0 -0.0068721883291461526 4 4 4.4810958845727507e-05 0.60000000000000009 0.60000000000000009 0.0068273773702998315 0 0 0
d 0 0 -0.0079970749860755214 4 4 4.2162910767845588e-05 0.7 0.7 0.0079549120753074805 0 0 0
d 0 0 -0.0091181764410306395 4 4 3.9781239377498262e-05 0.8 0.8 0.0090783952016529699 0 0 0
d 0 0 -0.010235303746879762 4 4 3.7635872685582626e-05 0.9 0.9 0.010197667874191716 0 0 0
d 0 0 -0.011348303963706226 4 4 3.5699131815819197e-05 1 1 0.011312604831881467 0 0 0
d 0 0 -0.01245703455925449 4 4 3.394584210053236e-05 1.1000000000000001 1.1000000000000001 0.012423088717153882 0 0 0
d 0 0 -0.013561368126566517 4 4 3.2353326578349839e-05 1.2000000000000002 1.2000000000000002 0.013529014799987776 0 0 0
d 0 0 -0.014661198224996987 4 4 3.0901351492927301e-05 1.3 1.3 0.014630296870810945 0 0 0
d 0 0 -0.015756411819652344 4 4 2.9572065953028724e-05 1.4000000000000001 1.4000000000000001 0.015726839753684326 0 0 0
d 0 0 -0.016846804163410223 4 4 2.8349947053235919e-05 1.5 1.5 0.016818454216053803 0 0 0
d 0 0 -0.017931757770035431 4 4 2.7221915396669692e-05 1.6000000000000001 1.6000000000000001 0.017904535849465549 0 0 0
d 0 0 -0.019009428078634552 4 4 2.6177779591514726e-05 1.7000000000000002 1.7000000000000002 0.018983250299039616 0 0 0
d 0 0 -0.020077992586884839 4 4 2.5208624591341355e-05 1.8 1.8 0.020052783962282456 0 0 0
d 0 0 -0.021137949385788838 4 4 2.4304831209248654e-05 1.9000000000000001 1.9000000000000001 0.021113644554579206 0 0 0
d 0 0 -0.022189582188249731 4 4 2.3458469747922202e-05 2 2 0.022166123718488671 0 0 0
d 0 0 -0.03230017331811455 4 4 1.7091353760259973e-05 3 3 0.032283081964354164 0 0 0
d 0 0 -0.0417496246415291 4 4 1.2954458752886265e-05 4 4 0.041736670182775895 0 0 0
d 0 0 -0.050577381022705883 4 4 1.0105411123364453e-05 5 5 0.050567275611578963 0 0 0
d 0 0 -0.058872819468771584 4 4 8.089400420547873e-06 6 6 0.058864730068350572 0 0 0
d 0 0 -0.066600469112496105 4 4 6.6471754686074463e-06 7 7 0.066593821936998754 0 0 0
d 0 0 -0.073896247161146844 4 4 5.5777606526279582e-06 8 8 0.073890669400494213 0 0 0
d 0 0 -0.080647220539991585 4 4 4.7807257165157926e-06 9 9 0.080642439814275019 0 0 0
d 0 0 -0.086943192018207563 4 4 4.1657817593003956e-06 10 10 0.086939026236443617 0 0 0
d 0 0 -0.092871358036361415 4 4 3.6754822763742195e-06 11 11 0.092867682554082995 0 0 0
d 0 0 -0.09829869640319891 4 4 3.2871242542984147e-06 12 12 0.098295409278931115 0 0 0
d 0 0 -0.10324065254948697 4 4 2.9750537501618102e-06 13 13 0.10323767749573681 0 0 0
d 0 0 -0.10786825022477257 4 4 2.7134326270794098e-06 14 14 0.10786553679213279 0 0 0
d 0 0 -0.11207550706519666 4 4 2.4980988063617665e-06 15 15 0.11207300896638613 0 0 0
d 0 0 -0.11582542218529487 4 4 2.3224038928253643e-06 16 16 0.11582309978140158 0 0 0
d 0 0 -0.11914142018051194 4 4 2.1786907228668442e-06 17 17 0.11913924148978906 0 0 0
d 0 0 -0.12213020266300084 4 4 2.0578295477465572e-06 18 18 0.12212814483345288 0 0 0
d 0 0 -0.1246914537295829 4 4 1.9603629236080894e-06 19 19 0.12468949336665829 0 0 0
d 0 0 -0.12687356670520453 4 4 1.8815044140227086e-06 20 20 0.12687168520079048 0 0 0
d 0 0 -0.1287194313378352 4 4 1.817641575048043e-06 21 21 0.12871761369402232 0 0 0
d 0 0 -0.13026203984852655 4 4 1.766177691838594e-06 22 22 0.13026027367059173 0 0 0
d 0 0 -0.13153655573955922 4 4 1.7249153951857184e-06 23 23 0.13153483082401546 0 0 0
d 0 0 -0.13258148504872391 4 4 1.6919060724932233e-06 24 24 0.1325797931425198 0 0 0
d 0 0 -0.13343784131073963 4 4 1.6653890796827461e-06 25 25 0.13343617592157928 0 0 0
d 0 0 -0.13415186418662128 4 4 1.6436393339532512e-06 26 26 0.13415022054728731 0 0 0
d 0 0 -0.13477909393173909 4 4 1.6247979738673177e-06 27 27 0.1347774691337652 0 0 0
d 0 0 -0.13531860072895333 4 4 1.6087862626288755e-06 28 28 0.13531699194248697 0 0 0
d 0 0 -0.13576321131265651 4 4 1.5957241270768886e-06 29 29 0.13576161558822683 0 0 0
d 0 0 -0.13612821189245999 4 4 1.5850896736819469e-06 30 30 0.13612662680253187 0 0 0
Q 4 13 "Source Voltage"
Q 5 13 "Gate Voltage"
Q 6 13 "Drain Voltage"
Q 7 13 "Substrate Voltage"
Q 22 13 "Source Current"
Q 23 13 "Gate Current"
Q 24 13 "Drain Current"
Q 25 13 "Substrate Current"
Q 92 21 Contact
Q 603 13 "Source Int. Voltage"
Q 604 13 "Gate Int. Voltage"
Q 605 13 "Drain Int. Voltage"
Q 606 13 "Substrate Int. Voltage"
EOF 300355526
