v VICTORYDEVICE
# silvaco.file ASCII version=1.14.29 format=1 contents=SDB,Tables=1

Copyright "###################################################################"
Copyright "#                    Copyright Silvaco Inc. (c)                   #"
Copyright "#                            1992-2014                            #"
Copyright "#                                                                 #"
Copyright "# This file format and the following Key are copyright Silvaco    #"
Copyright "# International. You may not use, this format or key without      #"
Copyright "# reproducing this message in full and obtaining                  #"
Copyright "# express written permission from Silvaco Inc.                    #"
Copyright "#                                                                 #"
Copyright "# To obtain such permission please contact: Silvaco Inc.          #"
Copyright "#                                           support@silvaco.com   #"
Copyright "#                                                                 #"
Copyright "# KEY=SVC86hn7562asdx                       PROD=345              #"
Copyright "###################################################################"
#This file was created by VICTORYDEVICE version 1.24.0.R
#victoryd 1.24.0.R (Wed Jun 26 14:38:19 PDT 2024)
#libSDB 1.12.65 (Thu Dec  7 08:14:05 PST 2023)
a VICTORYDEVICE
j 1 9
k 4
r 1 92
x 3 43 42 46
w source 1 1
r 2 92
x 3 43 42 46
w gate 1 2
r 3 92
x 3 43 42 46
w drain 1 3
r 4 92
x 3 43 42 46
w substrate 1 4
y 1 15
z 300
f 4 source gate drain substrate
p 12 2 601 20 3 602 21 4 603 22 5 604 23
d 0 0 -1.3163896528529267e-28 0 0 -3.4144745619522734e-37 0.01 0.01 1.3163896562932912e-28 0 0 -1.0638362697162045e-43
d 0 0 -6.3072311494072897e-28 0 0 -4.0629596857246785e-36 0.1 0.1 6.3072311900372854e-28 0 0 -1.0801309370950638e-41
d 0 0 -5.6782052698124771e-28 0 0 -1.0674194795516913e-35 0.3 0.3 5.6782053768209326e-28 0 0 -2.6035743695792239e-38
d 0 0 -5.3648347049297287e-28 0 0 -1.7643576160370731e-35 0.5 0.5 5.3648353974932867e-28 0 0 -5.1612781069075751e-35
d 0 0 -5.3274430667471588e-28 0 0 -1.8375430030007413e-35 0.625 0.625 5.3274503787922743e-28 0 0 -7.1069126082066445e-34
d 0 0 -5.3096503211729802e-28 0 0 -2.2652859392258064e-35 0.6875 0.6875 5.3096646140465942e-28 0 0 -1.4066633474620304e-33
d 0 0 -5.2935326071376841e-28 0 0 -2.4647400349748089e-35 0.75 0.75 5.2935634736904989e-28 0 0 -3.0620431423839722e-33
d 0 0 -5.2763355660005848e-28 0 0 -2.6474251529065069e-35 0.8125 0.8125 5.2764091887136683e-28 0 0 -7.3358204269827907e-33
d 0 0 -5.2608035005113714e-28 0 0 -3.0085153782767806e-35 0.875 0.875 5.2609903897740995e-28 0 0 -1.8658869584493616e-32
d 0 0 -5.2442422747842026e-28 0 0 -4.3463718750341169e-35 0.9375 0.9375 5.2447291149259893e-28 0 0 -4.8640568439194837e-32
d 0 0 -5.2294101414062295e-28 0 0 -1.5396337891453535e-34 1 1 5.2306512509568558e-28 0 0 -1.2395701319810267e-31
d 0 0 -4.9792633082786298e-28 0 0 -5.0848691007016497e-31 2 2 5.0843799145371783e-28 0 0 -1.0003173701834712e-29
d 0 0 -4.91128523345659e-28 0 0 -6.1085842536953369e-31 2.25 2.25 5.0241235071533785e-28 0 0 -1.0672793667926804e-29
d 0 0 -4.8437002732257441e-28 0 0 -7.1468237185178588e-31 2.5 2.5 4.9653308563453647e-28 0 0 -1.1448223646883836e-29
d 0 0 -4.7777940950750767e-28 0 0 -8.3071358317065913e-31 2.75 2.75 4.9121473887066185e-28 0 0 -1.2604475557096487e-29
d 0 0 -4.7151115164657877e-28 0 0 -9.275555686155259e-31 3 3 4.868500002945429e-28 0 0 -1.4411156115260718e-29
d 0 0 -4.6561008595350512e-28 0 0 -1.0095864496936552e-30 3.25 3.25 4.8438443869899295e-28 0 0 -1.7764771754729494e-29
d 0 0 -4.6014909186065049e-28 0 0 -1.0866254102022193e-30 3.5 3.5 4.8273567522324952e-28 0 0 -2.1499809449480062e-29
d 0 0 -4.5521904764194339e-28 0 0 -1.1731297734160522e-30 3.75 3.75 4.7940386059873851e-28 0 0 -2.3011524902737005e-29
d 0 0 -4.507750273562872e-28 0 0 -1.2371085402440362e-30 4 4 4.7568235052043474e-28 0 0 -2.3670049506071933e-29
d 0 0 -4.4319185597725281e-28 0 0 -1.3342791164084904e-30 4.5 4.5 4.6875320500982914e-28 0 0 -2.4227068909227353e-29
d 0 0 -4.3704636207470286e-28 0 0 -1.4356563720193092e-30 5 5 4.6303762705819457e-28 0 0 -2.4555709856632172e-29
d 0 0 -4.3218766324963089e-28 0 0 -1.5322802040782194e-30 5.5 5.5 4.5856128840625978e-28 0 0 -2.4841427078194599e-29
d 0 0 -4.2883417984673862e-28 0 0 -1.5952732416027491e-30 6 6 4.5587529485546333e-28 0 0 -2.5445904616331162e-29
d 0 0 -4.2772805025994323e-28 0 0 -1.6231201295555322e-30 6.25 6.25 4.5581677193435359e-28 0 0 -2.6465479781198506e-29
d 0 0 -4.2700840845499424e-28 0 0 -1.6516097209392207e-30 6.5 6.5 4.5603946145081097e-28 0 0 -2.7379315723182309e-29
d 0 0 -4.2639114635669562e-28 0 0 -1.7222777142918582e-30 7 7 4.5641267507119395e-28 0 0 -2.829925100039504e-29
d 0 0 -4.2620629451674645e-28 0 0 -1.7671582660250928e-30 7.5 7.5 4.5682556929186819e-28 0 0 -2.8852114693157754e-29
d 0 0 -4.2610280488251458e-28 0 0 -1.8026459220220177e-30 8 8 4.5715326457887938e-28 0 0 -2.9247811973350858e-29
d 0 0 -4.2601290676460262e-28 0 0 -1.8362628999077958e-30 8.5 8.5 4.5738939524661218e-28 0 0 -2.9540223850731184e-29
d 0 0 -4.2592887996720576e-28 0 0 -1.8770478534943905e-30 9 9 4.5767972319415111e-28 0 0 -2.9873873927948991e-29
d 0 0 -4.2585225116257305e-28 0 0 -1.9132885531334074e-30 9.5 9.5 4.5789693022906244e-28 0 0 -3.0131453627052991e-29
d 0 0 -4.2577806178271202e-28 0 0 -1.9435071898285612e-30 10 10 4.5805725068040949e-28 0 0 -3.0335740723091823e-29
d 0 0 -4.2570533108766776e-28 0 0 -1.9923496419804132e-30 10.5 10.5 4.5830562851324429e-28 0 0 -3.0608001530729411e-29
d 0 0 -4.2563386926538753e-28 0 0 -2.0211387295278493e-30 11 11 4.5887269387077527e-28 0 0 -3.1217685053529076e-29
d 0 0 -4.2556430249015815e-28 0 0 -2.0509880023126079e-30 11.5 11.5 4.5977182784316804e-28 0 0 -3.2156537350515929e-29
d 0 0 -4.2549919649665486e-28 0 0 -2.0770190870460201e-30 12 12 4.6034613957104384e-28 0 0 -3.2769923388998879e-29
d 0 0 -4.2544302225684782e-28 0 0 -2.0989689445038876e-30 12.5 12.5 4.6078887702878003e-28 0 0 -3.3246885352509636e-29
d 0 0 -4.2539945534998374e-28 0 0 -2.1178896798086112e-30 13 13 4.6125044044359615e-28 0 0 -3.3733115904946202e-29
d 0 0 -4.2535849705593901e-28 0 0 -2.1348212817342579e-30 13.5 13.5 4.6188806933048872e-28 0 0 -3.4394764429789996e-29
d 0 0 -4.2531007034194637e-28 0 0 -2.1508742212354382e-30 14 14 4.6287008397016583e-28 0 0 -3.5409139295460399e-29
d 0 0 -4.2525815227905525e-28 0 0 -2.1663546239227217e-30 14.5 14.5 4.6361766454783525e-28 0 0 -3.6193156002306809e-29
d 0 0 -4.2520649092627006e-28 0 0 -2.1814582883016776e-30 15 15 4.6391034223525809e-28 0 0 -3.6522382549965343e-29
d 0 0 -4.2515595430362813e-28 0 0 -2.1974822505947315e-30 15.5 15.5 4.6402959793331697e-28 0 0 -3.6677257150147289e-29
d 0 0 -4.2510669583117931e-28 0 0 -2.2127218313197442e-30 16 16 4.6409531639471917e-28 0 0 -3.6777478355224856e-29
d 0 0 -4.250114723333388e-28 0 0 -2.2400961304096286e-30 17 17 4.641935046808431e-28 0 0 -3.6941933828004691e-29
d 0 0 -4.2492272754847365e-28 0 0 -2.2689957866003107e-30 18 18 4.6421803018958879e-28 0 0 -3.702630745012754e-29
d 0 0 -4.2488196411572873e-28 0 0 -2.2874517634440255e-30 18.5 18.5 4.6423246590789219e-28 0 0 -3.7066858916575042e-29
d 0 0 -4.2484215937690294e-28 0 0 -2.3021022083984478e-30 19 19 4.6424984863848568e-28 0 0 -3.7110133252551215e-29
d 0 0 -4.2480152285340633e-28 0 0 -2.3156500144481169e-30 19.5 19.5 4.6429734195660949e-28 0 0 -3.7186115867577176e-29
d 0 0 -4.2476156453678179e-28 0 0 -2.3204768361097525e-30 20 20 4.6443884303720495e-28 0 0 -3.7356662220076726e-29
d 0 0 -4.2472314929275262e-28 0 0 -2.3305446077692999e-30 20.5 20.5 4.6466852364812397e-28 0 0 -3.7614675471310988e-29
d 0 0 -4.2468673484429313e-28 0 0 -2.3398451940703444e-30 21 21 4.6486639304485358e-28 0 0 -3.7839643927652138e-29
d 0 0 -4.2462014135719891e-28 0 0 -2.3576128313908897e-30 22 22 4.6505163155322469e-28 0 0 -3.8074902552854518e-29
d 0 0 -4.2456140964897445e-28 0 0 -2.3770464431749521e-30 23 23 4.6512217529376488e-28 0 0 -3.8189760904954984e-29
d 0 0 -4.2451158003737272e-28 0 0 -2.3925409843123562e-30 24 24 4.6514335662016222e-28 0 0 -3.824581759042856e-29
d 0 0 -4.2446711172583265e-28 0 0 -2.4427349851410309e-30 25 25 4.6521634892295985e-28 0 0 -3.8314379001860945e-29
d 0 0 -4.244236274269833e-28 0 0 -2.4446519982246311e-30 26 26 4.6522524950066105e-28 0 0 -3.8352711685404428e-29
d 0 0 -4.2437991511087495e-28 0 0 -2.4571124323834655e-30 27 27 4.6523589646388116e-28 0 0 -3.8394435164491544e-29
d 0 0 -4.2433486087740655e-28 0 0 -2.4574248158570539e-30 28 28 4.652355352696815e-28 0 0 -3.8427435018198338e-29
d 0 0 -4.2428776801862597e-28 0 0 -2.4677116587279274e-30 29 29 4.6520037743626032e-28 0 0 -3.8428496176014107e-29
d 0 0 -4.2423829357474386e-28 0 0 -2.4776050972580274e-30 30 30 4.6514659310129787e-28 0 0 -3.8414030188289832e-29
d 0 0 -4.2418635101889885e-28 0 0 -2.4979087038481791e-30 31 31 4.6510058200852625e-28 0 0 -3.8410437224749844e-29
d 0 0 -4.2413201752125233e-28 0 0 -2.4976619428787192e-30 32 32 4.6506380246366798e-28 0 0 -3.8419023966596507e-29
d 0 0 -4.2407546160007024e-28 0 0 -2.5213942553110307e-30 33 33 4.6503927086076226e-28 0 0 -3.844256867083255e-29
d 0 0 -4.2401689727218813e-28 0 0 -2.5293035041726795e-30 34 34 4.6504632316872273e-28 0 0 -3.8500122392849587e-29
d 0 0 -4.2398693590406811e-28 0 0 -2.5193002878608327e-30 34.5 34.5 4.6506676306536404e-28 0 0 -3.8546625079722079e-29
d 0 0 -4.2395656365917915e-28 0 0 -2.5187289872039417e-30 35 35 4.6510150316598234e-28 0 0 -3.8607913212759767e-29
d 0 0 -4.2392581382713412e-28 0 0 -2.5173709691182129e-30 35.5 35.5 4.6515555052502509e-28 0 0 -3.868894892178328e-29
d 0 0 -4.2389472342008038e-28 0 0 -2.5434653713919437e-30 36 36 4.6522816074479724e-28 0 0 -3.8788937791376908e-29
d 0 0 -4.2386333788611095e-28 0 0 -2.5471148502118111e-30 36.5 36.5 4.6530509740243544e-28 0 0 -3.889358360471293e-29
d 0 0 -4.2383172260107355e-28 0 0 -2.5507538879242105e-30 37 37 4.6536867857542617e-28 0 0 -3.8985117653852682e-29
d 0 0 -4.2380001564804587e-28 0 0 -2.5544394961674138e-30 37.5 37.5 4.6541177137807383e-28 0 0 -3.905622369907773e-29
d 0 0 -4.2376885337966581e-28 0 0 -2.5584711067119645e-30 38 38 4.6543694393868041e-28 0 0 -3.9108634390238261e-29
d 0 0 -4.2371016159220015e-28 0 0 -2.568567549635857e-30 39 39 4.6545979531673165e-28 0 0 -3.9181066175629425e-29
d 0 0 -4.2364862517999567e-28 0 0 -2.5770549505302178e-30 40 40 4.6547517687380404e-28 0 0 -3.9249496730662942e-29
d 0 0 -4.2358262742741541e-28 0 0 -2.5846040667795182e-30 41 41 4.6547174688555042e-28 0 0 -3.9304514244823123e-29
d 0 0 -4.2351590683961334e-28 0 0 -2.5924053719291871e-30 42 42 4.6544050667058577e-28 0 0 -3.9332200427694029e-29
d 0 0 -4.2344895946141639e-28 0 0 -2.6006225207915774e-30 43 43 4.6540020237286924e-28 0 0 -3.9350625948055086e-29
d 0 0 -4.2338199860398628e-28 0 0 -2.6093314011810392e-30 44 44 4.6536459786463306e-28 0 0 -3.9373278817003873e-29
d 0 0 -4.2331512912410844e-28 0 0 -2.6185753787654896e-30 45 45 4.6532523911818033e-28 0 0 -3.939159847352569e-29
d 0 0 -4.232487031405972e-28 0 0 -2.6279295134155892e-30 46 46 4.65275362020717e-28 0 0 -3.9398842817793506e-29
d 0 0 -4.231234165541277e-28 0 0 -2.6459711714972327e-30 48 48 4.6517114096685198e-28 0 0 -3.9400139102197901e-29
d 0 0 -4.2300927195036335e-28 0 0 -2.6262146877595282e-30 50 50 4.6514552999427033e-28 0 0 -3.9425866028633528e-29
d 0 0 -4.2289306194585019e-28 0 0 -2.7303720765154692e-30 52 52 4.6505640620146618e-28 0 0 -3.9432985576108984e-29
d 0 0 -4.2286381613360527e-28 0 0 -2.447973872680553e-30 52.5 52.5 4.6503249761249727e-28 0 0 -3.9433606253116603e-29
d 0 0 -4.2283449323381396e-28 0 0 -2.3594120491596961e-30 53 53 4.6500959669168967e-28 0 0 -3.9435422744003881e-29
d 0 0 -4.2280509439144572e-28 0 0 -2.6135268653625e-30 53.5 53.5 4.6498809778163363e-28 0 0 -3.9438827783201203e-29
d 0 0 -4.2277562120931164e-28 0 0 -2.7375689454129898e-30 54 54 4.6496791296091599e-28 0 0 -3.9443730901893436e-29
d 0 0 -4.2274607565906799e-28 0 0 -2.7196166264274185e-30 54.5 54.5 4.649485252804529e-28 0 0 -3.9449611736318534e-29
d 0 0 -4.2271645998674976e-28 0 0 -2.7586608443025954e-30 55 55 4.6492919446531223e-28 0 0 -3.9455725375768416e-29
d 0 0 -4.226867766257229e-28 0 0 -2.7046310424542999e-30 55.5 55.5 4.649091969997681e-28 0 0 -3.9461343698587938e-29
d 0 0 -4.2265702813391117e-28 0 0 -2.5009131479111333e-30 56 56 4.6488795213899541e-28 0 0 -3.9465880854337645e-29
d 0 0 -4.2262721715581893e-28 0 0 -2.0621935181109364e-30 56.5 56.5 4.6486502877182328e-28 0 0 -3.9468900388759063e-29
d 0 0 -4.2259734639443281e-28 0 0 -2.7737425989328133e-30 57 57 4.6484016418752452e-28 0 0 -3.9470134774413721e-29
d 0 0 -4.2253743649052296e-28 0 0 -2.7799055830036271e-30 58 58 4.6478482442858331e-28 0 0 -3.9467435793538176e-29
d 0 0 -4.2241702175391878e-28 0 0 -2.7934705392121054e-30 60 60 4.6466414394269743e-28 0 0 -3.9453653118567218e-29
d 0 0 -4.2238681121863369e-28 0 0 -2.7958694775757741e-30 60.5 60.5 4.6463501703231477e-28 0 0 -3.9451553888177863e-29
d 0 0 -4.2235656415096842e-28 0 0 -2.7978765629172182e-30 61 61 4.6460722993886075e-28 0 0 -3.9450903509798094e-29
d 0 0 -4.2232628377262391e-28 0 0 -2.7444023451115373e-30 61.5 61.5 4.6458117855478735e-28 0 0 -3.9452090506589029e-29
d 0 0 -4.2229597339358211e-28 0 0 -2.7392864962575176e-30 62 62 4.6455729930390944e-28 0 0 -3.9455542423340109e-29
d 0 0 -4.2226563684273525e-28 0 0 -2.730885526595625e-30 62.5 62.5 4.6453615140218994e-28 0 0 -3.9461811516816225e-29
d 0 0 -4.2223527862233325e-28 0 0 -2.7154214853145283e-30 63 63 4.645184626349935e-28 0 0 -3.9471620542225947e-29
d 0 0 -4.2217451685707083e-28 0 0 -2.8171052618411295e-30 64 64 4.6449641846254502e-28 0 0 -3.950479634374567e-29
d 0 0 -4.2211373162516471e-28 0 0 -2.8224214497038648e-30 65 65 4.6449169075946742e-28 0 0 -3.9555542145024172e-29
d 0 0 -4.2205297689993924e-28 0 0 -2.3869961447431218e-30 66 66 4.6449150260705338e-28 0 0 -3.9611010806756449e-29
d 0 0 -4.2199232186761991e-28 0 0 -2.7276387719367575e-30 67 67 4.6448235767914821e-28 0 0 -3.9657617950558973e-29
d 0 0 -4.2193186584805672e-28 0 0 -2.837141892401109e-30 68 68 4.6446293666898123e-28 0 0 -3.9693922786328916e-29
d 0 0 -4.2181430200559935e-28 0 0 -2.8465319321767939e-30 70 70 4.6440897482878132e-28 0 0 -3.9748142220098176e-29
d 0 0 -4.2176094656817404e-28 0 0 -2.7138813613800881e-30 71 71 4.6438437224167108e-28 0 0 -3.9771672457936656e-29
d 0 0 -4.2170530602914471e-28 0 0 -2.8473983574036055e-30 72 72 4.6436083741504257e-28 0 0 -3.9799065108017145e-29
d 0 0 -4.2167591369257781e-28 0 0 -2.835742237568212e-30 72.5 72.5 4.6434855193424016e-28 0 0 -3.9814107871923863e-29
d 0 0 -4.2164633910189985e-28 0 0 -2.8577945597842814e-30 73 73 4.6433556132289552e-28 0 0 -3.9828692853566957e-29
d 0 0 -4.2158709671266628e-28 0 0 -2.8644058857632214e-30 74 74 4.6430465217472744e-28 0 0 -3.9853149615350675e-29
d 0 0 -4.2155748698334318e-28 0 0 -2.3481968937487311e-30 74.5 74.5 4.6428588388072076e-28 0 0 -3.9862101538545804e-29
d 0 0 -4.2152789901910252e-28 0 0 -2.8670318846855886e-30 75 75 4.6426487165265572e-28 0 0 -3.9868815907176011e-29
d 0 0 -4.2149833475690964e-28 0 0 8.1889642399046404e-31 75.5 75.5 4.6424189708284108e-28 0 0 -3.9873569668975576e-29
d 0 0 -4.2146879288977502e-28 0 0 -2.1898187651016536e-30 76 76 4.6421735565319738e-28 0 0 -3.9876758975768436e-29
d 0 0 -4.2140976459397705e-28 0 0 -2.8753565089035563e-30 77 77 4.6416520194696506e-28 0 0 -3.9880079743542118e-29
d 0 0 -4.2138027086697544e-28 0 0 -2.6600561118180169e-30 77.5 77.5 4.641382799954111e-28 0 0 -3.9880907169456907e-29
d 0 0 -4.2135078549322348e-28 0 0 -2.7333717383913578e-30 78 78 4.641111549219636e-28 0 0 -3.9881544232821221e-29
d 0 0 -4.213213050505374e-28 0 0 -2.8804981427467475e-30 78.5 78.5 4.6408404636734562e-28 0 0 -3.9882213485181366e-29
d 0 0 -4.212918264035515e-28 0 0 -2.8812064303503483e-30 79 79 4.6405715069386977e-28 0 0 -3.9883114144655784e-29
d 0 0 -4.2126234732714211e-28 0 0 -2.8822706816091709e-30 79.5 79.5 4.6403062975915073e-28 0 0 -3.9884409703194777e-29
d 0 0 -4.2123286674817521e-28 0 0 -2.8833632615204928e-30 80 80 4.64004577618448e-28 0 0 -3.9886194683675222e-29
d 0 0 -4.2111496710198844e-28 0 0 -2.8919193921492426e-30 82 82 4.6390372073777451e-28 0 0 -3.9896834098217601e-29
d 0 0 -4.2099798872556181e-28 0 0 -2.8981998196457859e-30 84 84 4.6380436461467222e-28 0 0 -3.9908175722105091e-29
d 0 0 -4.2094552973655551e-28 0 0 -2.902110069975736e-30 85 85 4.6375987545013689e-28 0 0 -3.9912244047450766e-29
d 0 0 -4.2092126676343524e-28 0 0 -2.9046963165266232e-30 85.5 85.5 4.6374002563521092e-28 0 0 -3.9913890402383232e-29
d 0 0 -4.2089950721040631e-28 0 0 -2.9451760974588466e-30 86 86 4.6378863042954745e-28 0 0 -3.9939641738804103e-29
d 0 0 -4.2085113061283122e-28 0 0 -2.9513147184191686e-30 87 87 4.6374863347793308e-28 0 0 -3.994176472647159e-29
d 0 0 -4.2082687066097393e-28 0 0 -2.8238472820021009e-30 87.5 87.5 4.6372648395631295e-28 0 0 -3.994168808235216e-29
d 0 0 -4.2080259721872396e-28 0 0 -2.9600186460587151e-30 88 88 4.637038864829177e-28 0 0 -3.9941199798590898e-29
d 0 0 -4.2077830966936181e-28 0 0 -2.8864640853870841e-30 88.5 88.5 4.6368089014687724e-28 0 0 -3.9940349300452863e-29
d 0 0 -4.207540074252752e-28 0 0 -2.9374484998067719e-30 89 89 4.6365757905324409e-28 0 0 -3.9939220985071942e-29
d 0 0 -4.2072968991331449e-28 0 0 -2.9364655451817561e-30 89.5 89.5 4.636340608674907e-28 0 0 -3.9937922951955793e-29
d 0 0 -4.2070535659707599e-28 0 0 -2.9384844829283832e-30 90 90 4.6361045201186822e-28 0 0 -3.9936572085122098e-29
d 0 0 -4.2068100699386507e-28 0 0 -2.9704277972791107e-30 90.5 90.5 4.6358686098900865e-28 0 0 -3.9935277327204602e-29
d 0 0 -4.2065664068205295e-28 0 0 -2.9722725999503682e-30 91 91 4.6356337130633694e-28 0 0 -3.9934122589696028e-29
d 0 0 -4.2063225730616568e-28 0 0 -2.9743593997312886e-30 91.5 91.5 4.6354002621487846e-28 0 0 -3.9933151465826368e-29
d 0 0 -4.2060785657954244e-28 0 0 -2.9764466815594445e-30 92 92 4.6351681874799246e-28 0 0 -3.9932357266739686e-29
d 0 0 -4.2058343828448735e-28 0 0 -2.9783810138686134e-30 92.5 92.5 4.6349369114094111e-28 0 0 -3.9931682432357028e-29
d 0 0 -4.2055900227007265e-28 0 0 -2.9804037645272258e-30 93 93 4.634705459570825e-28 0 0 -3.9931029654312173e-29
d 0 0 -4.205345484481714e-28 0 0 -2.9818702198493944e-30 93.5 93.5 4.6344726709998663e-28 0 0 -3.9930282887885828e-29
d 0 0 -4.205100767887482e-28 0 0 -2.9077388695763272e-30 94 94 4.6342374442609416e-28 0 0 -3.9929331967020876e-29
d 0 0 -4.2048558731564135e-28 0 0 -2.9371957834989311e-30 94.5 94.5 4.6339989409162987e-28 0 0 -3.9928092946144813e-29
d 0 0 -4.2046108010389957e-28 0 0 -2.9367958730884586e-30 95 95 4.633756692177141e-28 0 0 -3.992651877834797e-29
d 0 0 -4.2043655527930348e-28 0 0 -2.9330305256237805e-30 95.5 95.5 4.6335106012297837e-28 0 0 -3.9924599538245679e-29
d 0 0 -4.2041201302022785e-28 0 0 -2.9913636000651314e-30 96 96 4.6332608698391373e-28 0 0 -3.9922355082226069e-29
d 0 0 -4.2038745356158939e-28 0 0 -2.9932253629708707e-30 96.5 96.5 4.6330078912885258e-28 0 0 -3.9919824343230805e-29
d 0 0 -4.2036287720024286e-28 0 0 -2.9908109146458529e-30 97 97 4.632752145806645e-28 0 0 -3.9917054860356183e-29
d 0 0 -4.2033828430077751e-28 0 0 -2.9880419511340764e-30 97.5 97.5 4.632494120707021e-28 0 0 -3.9914094790994007e-29
d 0 0 -4.2031367530027997e-28 0 0 -2.9845811031615639e-30 98 98 4.6322342646136694e-28 0 0 -3.9910988328525302e-29
d 0 0 -4.2028905071041756e-28 0 0 -2.9809443220665698e-30 98.5 98.5 4.6319729747453504e-28 0 0 -3.9907774428565483e-29
d 0 0 -4.2026441111537855e-28 0 0 -2.9790515965407461e-30 99 99 4.6317106094463744e-28 0 0 -3.9904488065510978e-29
d 0 0 -4.2023975716485441e-28 0 0 -2.9814361289005232e-30 99.5 99.5 4.6314475146808602e-28 0 0 -3.9901162891350789e-29
d 0 0 -4.202150895623002e-28 0 0 -2.987275734312612e-30 100 100 4.6311840528993531e-28 0 0 -3.9897834137460217e-29
d 0 0 -4.2018423699380678e-28 0 0 -3.0043428942555301e-30 100.625 100.625 4.6308548248684322e-28 0 0 -3.9893728068340023e-29
d 0 0 -4.2015336574898087e-28 0 0 -3.0070784449194637e-30 101.25 101.25 4.6305265406722385e-28 0 0 -3.9889764334713856e-29
d 0 0 -4.2012247733014708e-28 0 0 -3.0026566303383806e-30 101.875 101.875 4.6302001818604084e-28 0 0 -3.9886038939613322e-29
d 0 0 -4.2009157321342754e-28 0 0 -3.0126234982829523e-30 102.5 102.5 4.6298767571700023e-28 0 0 -3.9882650632346056e-29
d 0 0 -4.2006065482862059e-28 0 0 -3.0149411360217915e-30 103.125 103.125 4.6295572021599146e-28 0 0 -3.9879690900828873e-29
d 0 0 -4.200297235528289e-28 0 0 -3.01529878477522e-30 103.75 103.75 4.6292422639811903e-28 0 0 -3.9877232453899458e-29
d 0 0 -4.1999878071468923e-28 0 0 -3.0185909022149657e-30 104.375 104.375 4.6289323912596134e-28 0 0 -3.9875318205688738e-29
d 0 0 -4.1996782760561504e-28 0 0 -3.0187484186223051e-30 105 105 4.6286276495012964e-28 0 0 -3.9873952804978351e-29
d 0 0 -4.1993686549518083e-28 0 0 -3.0216565315537506e-30 105.625 105.625 4.6283276817545136e-28 0 0 -3.987309867952861e-29
d 0 0 -4.1990589564893876e-28 0 0 -3.0233821546604575e-30 106.25 106.25 4.6280317315372897e-28 0 0 -3.9872678310249936e-29
d 0 0 -4.1987491934819902e-28 0 0 -3.0261542652324846e-30 106.875 106.875 4.6277387351190853e-28 0 0 -3.987258343205281e-29
d 0 0 -4.1984393791258522e-28 0 0 -3.0278208257912874e-30 107.5 107.5 4.6274474664606609e-28 0 0 -3.9872689505136935e-29
d 0 0 -4.1978196528001396e-28 0 0 -3.0315496566577198e-30 108.75 108.75 4.6268652919451853e-28 0 0 -3.987301426089564e-29
d 0 0 -4.197509772083377e-28 0 0 -3.0332234619401896e-30 109.375 109.375 4.626572327728233e-28 0 0 -3.9873022656362107e-29
d 0 0 -4.1971999037325366e-28 0 0 -2.8874102210532243e-30 110 110 4.6262770886562573e-28 0 0 -3.9872822716006345e-29
d 0 0 -4.1968900696604503e-28 0 0 -3.0365289778116684e-30 110.625 110.625 4.6259791412303508e-28 0 0 -3.9872368113805219e-29
d 0 0 -4.1965802968046089e-28 0 0 -3.038201094262398e-30 111.25 111.25 4.6256783981803588e-28 0 0 -3.987164666639526e-29
d 0 0 -4.196270620031476e-28 0 0 -3.039759389250073e-30 111.875 111.875 4.6253751988750044e-28 0 0 -3.9870687932130473e-29
d 0 0 -4.196115831947786e-28 0 0 -3.0405368320579453e-30 112.1875 112.1875 4.6252229182334264e-28 0 0 -3.9870141858963715e-29
d 0 0 -4.1959610873812534e-28 0 0 -3.0413239703978963e-30 112.5 112.5 4.625070378547529e-28 0 0 -3.9869569626155656e-29
d 0 0 -4.1956517703533572e-28 0 0 -3.0427372785564778e-30 113.125 113.125 4.6247653201395774e-28 0 0 -3.9868421673630142e-29
d 0 0 -4.1953427863997621e-28 0 0 -3.0443925383865305e-30 113.75 113.75 4.6244619946626814e-28 0 0 -3.9867427793206694e-29
d 0 0 -4.1950343563036623e-28 0 0 -3.0458483332640774e-30 114.375 114.375 4.6241630140187888e-28 0 0 -3.9866824530885795e-29
d 0 0 -4.1947269899362455e-28 0 0 -3.0475830241374187e-30 115 115 4.6238717790668372e-28 0 0 -3.9866895842689597e-29
d 0 0 -4.1945741134196354e-28 0 0 -3.0482415205155405e-30 115.3125 115.3125 4.6237304911469569e-28 0 0 -3.9867282381373939e-29
d 0 0 -4.1944224166152935e-28 0 0 -3.0490117954940007e-30 115.625 115.625 4.6235933094598211e-28 0 0 -3.9867954889005533e-29
d 0 0 -4.1941362877754581e-28 0 0 -3.0509290825149879e-30 116.25 116.25 4.6233468283568766e-28 0 0 -3.987022146294868e-29
d 0 0 -4.193883658909407e-28 0 0 -3.0528078734989208e-30 116.875 116.875 4.6231504832310191e-28 0 0 -3.9873874264791956e-29
d 0 0 -4.1936016627500888e-28 0 0 -3.0545138803465175e-30 117.5 117.5 4.6229428975934529e-28 0 0 -3.9879608791571943e-29
d 0 0 -4.193455074253275e-28 0 0 -3.0551602043673867e-30 117.8125 117.8125 4.6228406584842095e-28 0 0 -3.9883241992113189e-29
d 0 0 -4.1933049277075963e-28 0 0 -3.0559337043239355e-30 118.125 118.125 4.622739524492198e-28 0 0 -3.9887374035192906e-29
d 0 0 -4.192999703945711e-28 0 0 -3.0574523150628734e-30 118.75 118.75 4.6225450638698944e-28 0 0 -3.9896958711505021e-29
d 0 0 -4.1926918681950361e-28 0 0 -3.0590574396701622e-30 119.375 119.375 4.622361304852702e-28 0 0 -3.9907900676619805e-29
d 0 0 -4.1923829401402161e-28 0 0 -3.0574407565236662e-30 120 120 4.6221837288001717e-28 0 0 -3.9919579961759222e-29
d 0 0 -4.1899020473470835e-28 0 0 -3.0719829177675733e-30 125 125 4.6204518159999454e-28 0 0 -3.9982985177855271e-29
d 0 0 -4.1874219402192211e-28 0 0 -3.082577448318113e-30 130 130 4.6181232244993528e-28 0 0 -3.998746567747989e-29
d 0 0 -4.1849514098143559e-28 0 0 -3.09230786883154e-30 135 135 4.6157120487676699e-28 0 0 -3.9983714018474751e-29
d 0 0 -4.1827832890558054e-28 0 0 -3.1451172542109838e-30 140 140 4.6146510838476358e-28 0 0 -4.004166103298532e-29
d 0 0 -4.1825447802065778e-28 0 0 -3.1467903215194723e-30 140.625 140.625 4.6144179527777878e-28 0 0 -4.0040526255246641e-29
d 0 0 -4.1823063317088276e-28 0 0 -3.1484376734603795e-30 141.25 141.25 4.6141837422280389e-28 0 0 -4.0039300523560052e-29
d 0 0 -4.1820679511486376e-28 0 0 -3.1500577653683738e-30 141.875 141.875 4.6139490893872699e-28 0 0 -4.0038041365027354e-29
d 0 0 -4.1818296409655236e-28 0 0 -3.1516059164150844e-30 142.5 142.5 4.6137144953343283e-28 0 0 -4.003679803566325e-29
d 0 0 -4.1815914035101999e-28 0 0 -3.153272306699304e-30 143.125 143.125 4.6134804285622223e-28 0 0 -4.0035616639184541e-29
d 0 0 -4.1814723127720072e-28 0 0 -3.1540099041090851e-30 143.4375 143.4375 4.6133637295353292e-28 0 0 -4.0035062617588642e-29
d 0 0 -4.1813532410687928e-28 0 0 -3.1548054923051803e-30 143.75 143.75 4.6132473219771489e-28 0 0 -4.0034539797737003e-29
d 0 0 -4.1812341886782254e-28 0 0 -3.1555979845901593e-30 144.0625 144.0625 4.6131312548357769e-28 0 0 -4.0034052999526676e-29
d 0 0 -4.1811151558751092e-28 0 0 -3.1563874642791982e-30 144.375 144.375 4.6130155752725061e-28 0 0 -4.0033606866656964e-29
d 0 0 -4.1809961429314505e-28 0 0 -3.1571740062838089e-30 144.6875 144.6875 4.6129003288081238e-28 0 0 -4.0033205881136934e-29
d 0 0 -4.1808771501165165e-28 0 0 -3.1579576876924714e-30 145 145 4.6127855594430154e-28 0 0 -4.0032854375052985e-29
d 0 0 -4.1807581776968722e-28 0 0 -3.1587385739161975e-30 145.3125 145.3125 4.6126713097340851e-28 0 0 -4.0032556538058005e-29
d 0 0 -4.1806392259363967e-28 0 0 -3.1595167356638801e-30 145.625 145.625 4.612557620816553e-28 0 0 -4.0032316419379219e-29
d 0 0 -4.18052029509631e-28 0 0 -3.1602922337739569e-30 145.9375 145.9375 4.6124445323624369e-28 0 0 -4.0032137923519571e-29
d 0 0 -4.1804013854351901e-28 0 0 -3.1610651236162537e-30 146.25 146.25 4.6123320824714214e-28 0 0 -4.0032024799218784e-29
d 0 0 -4.1802824972090058e-28 0 0 -3.1618354630156011e-30 146.5625 146.5625 4.6122203074937007e-28 0 0 -4.0031980621627543e-29
d 0 0 -4.180163630671156e-28 0 0 -3.1626032971036614e-30 146.875 146.875 4.612109241787898e-28 0 0 -4.0032008768002873e-29
d 0 0 -4.1800447860725175e-28 0 0 -3.163368673441582e-30 147.1875 147.1875 4.6119989174201974e-28 0 0 -4.0032112387535726e-29
d 0 0 -4.1799259636615088e-28 0 0 -3.1641316347897482e-30 147.5 147.5 4.6118893638131529e-28 0 0 -4.0032294366154932e-29
d 0 0 -4.1798071636841612e-28 0 0 -3.1648922122250992e-30 147.8125 147.8125 4.6117806073541571e-28 0 0 -4.0032557287305192e-29
d 0 0 -4.1796883863842011e-28 0 0 -3.1656504428936766e-30 148.125 148.125 4.6116726709742966e-28 0 0 -4.0032903389769574e-29
d 0 0 -4.1795696320031405e-28 0 0 -3.1664063534163691e-30 148.4375 148.4375 4.611565573708235e-28 0 0 -4.0033334523600194e-29
d 0 0 -4.179450900780377e-28 0 0 -3.1671599696694273e-30 148.75 148.75 4.6114593302450176e-28 0 0 -4.0033852105146544e-29
d 0 0 -4.1793321929532944e-28 0 0 -3.1677184039222212e-30 149.0625 149.0625 4.6113539504683699e-28 0 0 -4.0034457072043369e-29
d 0 0 -4.1792135087573737e-28 0 0 -3.168442885229038e-30 149.375 149.375 4.6112494390528045e-28 0 0 -4.0035149838862166e-29
d 0 0 -4.1789762121920935e-28 0 0 -3.1698823457545547e-30 150 150 4.6110430111376547e-28 0 0 -4.003679755790213e-29
d 0 0 -4.1788576002851894e-28 0 0 -3.1705966203469306e-30 150.3125 150.3125 4.610941073959772e-28 0 0 -4.0037750343810267e-29
d 0 0 -4.1787390129345885e-28 0 0 -3.1713080487084513e-30 150.625 150.625 4.6108399630063681e-28 0 0 -4.0038786519837589e-29
d 0 0 -4.178620450367954e-28 0 0 -3.1720162773548838e-30 150.9375 150.9375 4.6107396506374493e-28 0 0 -4.0039903274274259e-29
d 0 0 -4.1785019128117312e-28 0 0 -3.1727213307945668e-30 151.25 151.25 4.6106401016922308e-28 0 0 -4.0041097043889988e-29
d 0 0 -4.1782649136308658e-28 0 0 -3.1740416630072651e-30 151.875 151.875 4.6104431142438719e-28 0 0 -4.0043697460067833e-29
d 0 0 -4.1781464524539974e-28 0 0 -3.1748176786648103e-30 152.1875 152.1875 4.6103455656819008e-28 0 0 -4.0045093008466476e-29
d 0 0 -4.1780280171832795e-28 0 0 -3.1755102680773963e-30 152.5 152.5 4.6102485602587447e-28 0 0 -4.0046543360327504e-29
d 0 0 -4.1777912252472088e-28 0 0 -3.1768865578632819e-30 153.125 153.125 4.6100558699044187e-28 0 0 -4.0049577402771648e-29
d 0 0 -4.1775545395899533e-28 0 0 -3.1782501349341765e-30 153.75 153.75 4.6098643514258514e-28 0 0 -4.0052730059070876e-29
d 0 0 -4.1773179619685998e-28 0 0 -3.1795453948038716e-30 154.375 154.375 4.6096732124389228e-28 0 0 -4.0055921744964155e-29
d 0 0 -4.1770814941290871e-28 0 0 -3.180943801831946e-30 155 155 4.6094815979243871e-28 0 0 -4.0059066618045414e-29
d 0 0 -4.1768451378038703e-28 0 0 -3.1823682839036875e-30 155.625 155.625 4.6092886436614935e-28 0 0 -4.0062077922468407e-29
d 0 0 -4.176608894709137e-28 0 0 -3.1835467286034649e-30 156.25 156.25 4.6090935384930328e-28 0 0 -4.0064874216192023e-29
d 0 0 -4.1763727665431434e-28 0 0 -3.1848356933868454e-30 156.875 156.875 4.6088955844961452e-28 0 0 -4.0067385382750493e-29
d 0 0 -4.1761367549872961e-28 0 0 -3.1861805344362759e-30 157.5 157.5 4.6086942431715254e-28 0 0 -4.0069557255358866e-29
d 0 0 -4.1759008617112191e-28 0 0 -3.1874541745088078e-30 158.125 158.125 4.6084891596785711e-28 0 0 -4.0071354037417118e-29
d 0 0 -4.1756650883821894e-28 0 0 -3.1888524482664296e-30 158.75 158.75 4.6082801630731936e-28 0 0 -4.007275832381562e-29
d 0 0 -4.1754294366786236e-28 0 0 -3.1899794542657628e-30 159.375 159.375 4.6080672465140298e-28 0 0 -4.0073769124530818e-29
d 0 0 -4.1751939083068737e-28 0 0 -3.1911939021542171e-30 160 160 4.6078505351394647e-28 0 0 -4.0074398642981548e-29
d 0 0 -4.1733143530340068e-28 0 0 -3.2009179485489253e-30 165 165 4.6060136664143775e-28 0 0 -4.0069013296587752e-29
d 0 0 -4.1731971722489605e-28 0 0 -3.201496875004183e-30 165.3125 165.3125 4.6058948173737152e-28 0 0 -4.0068263701943007e-29
d 0 0 -4.1730800279542249e-28 0 0 -3.2020771929713781e-30 165.625 165.625 4.6057757033502495e-28 0 0 -4.0067486292460257e-29
d 0 0 -4.1728458507978443e-28 0 0 -3.2032342801898783e-30 166.25 166.25 4.6055368062071867e-28 0 0 -4.0065860357758049e-29
d 0 0 -4.1726118258880012e-28 0 0 -3.2043782821420092e-30 166.875 166.875 4.6052972213533769e-28 0 0 -4.0064159576258206e-29
d 0 0 -4.172377958320502e-28 0 0 -3.205512511758263e-30 167.5 167.5 4.6050571873778094e-28 0 0 -4.0062407175551393e-29
d 0 0 -4.1721442542134302e-28 0 0 -3.2066340803955365e-30 168.125 168.125 4.6048169356375926e-28 0 0 -4.0060625555880002e-29
d 0 0 -4.1719107210645575e-28 0 0 -3.2077502797955073e-30 168.75 168.75 4.6045766901775892e-28 0 0 -4.0058836244880324e-29
d 0 0 -4.1716773682778002e-28 0 0 -3.208843989086431e-30 169.375 169.375 4.6043366672038155e-28 0 0 -4.0057059790356391e-29
d 0 0 -4.1714442079648138e-28 0 0 -3.2099396713193623e-30 170 170 4.6040970743715252e-28 0 0 -4.0055315605581881e-29
d 0 0 -4.1713277048089834e-28 0 0 -3.2105125895680376e-30 170.3125 170.3125 4.6039775016647147e-28 0 0 -4.0054461325053702e-29
d 0 0 -4.17121125621437e-28 0 0 -3.211057753394413e-30 170.625 170.625 4.6038581102257571e-28 0 0 -4.0053621781728475e-29
d 0 0 -4.1710948651565998e-28 0 0 -3.2116008780465266e-30 170.9375 170.9375 4.6037389234685004e-28 0 0 -4.0052798996633026e-29
d 0 0 -4.1709785352001403e-28 0 0 -3.2121419888039907e-30 171.25 171.25 4.6036199643298033e-28 0 0 -4.0051994882178661e-29
d 0 0 -4.1708622706701123e-28 0 0 -3.2126811136694863e-30 171.5625 171.5625 4.603501255385359e-28 0 0 -4.0051211235811621e-29
d 0 0 -4.170746076891425e-28 0 0 -3.2132182844665639e-30 171.875 171.875 4.6033828190369649e-28 0 0 -4.0050449733920313e-29
d 0 0 -4.1706299605294736e-28 0 0 -3.2137535379233445e-30 172.1875 172.1875 4.6032646778076694e-28 0 0 -4.0049711925990398e-29
d 0 0 -4.1705139300887531e-28 0 0 -3.214286917691018e-30 172.5 172.5 4.6031468548016367e-28 0 0 -4.0048999228842808e-29
d 0 0 -4.1703979966658292e-28 0 0 -3.2148184772586167e-30 172.8125 172.8125 4.6030293744241948e-28 0 0 -4.0048312920495217e-29
d 0 0 -4.1702821751292291e-28 0 0 -3.2153482842930049e-30 173.125 173.125 4.6029122635309359e-28 0 0 -4.0047654132622678e-29
d 0 0 -4.1701664860521462e-28 0 0 -3.2158764281840746e-30 173.4375 173.4375 4.6027955533225536e-28 0 0 -4.0047023839471345e-29
d 0 0 -4.1700509590544802e-28 0 0 -3.2164030326539449e-30 173.75 173.75 4.6026792826215032e-28 0 0 -4.0046422838701346e-29
d 0 0 -4.1699356389868813e-28 0 0 -3.2169282794207936e-30 174.0625 174.0625 4.6025635039170144e-28 0 0 -4.0045851714145025e-29
d 0 0 -4.1698205984169685e-28 0 0 -3.2174524558827002e-30 174.375 174.375 4.6024482955273042e-28 0 0 -4.0045310756303786e-29
d 0 0 -4.169705965967622e-28 0 0 -3.2179760636632257e-30 174.6875 174.6875 4.6023337891253034e-28 0 0 -4.0044799774235561e-29
d 0 0 -4.1695920022054887e-28 0 0 -3.2185001099127082e-30 175 175 4.6022202433319751e-28 0 0 -4.0044317580026185e-29
d 0 0 -4.169479361345844e-28 0 0 -3.219027117025435e-30 175.3125 175.3125 4.602108297355836e-28 0 0 -4.0043860196526707e-29
d 0 0 -4.1693704590194662e-28 0 0 -3.2195664398905535e-30 175.625 175.625 4.6020002965057954e-28 0 0 -4.0043411484887492e-29
d 0 0 -4.1691927143136515e-28 0 0 -3.220790498887964e-30 176.25 176.25 4.6018239803850166e-28 0 0 -4.0042332535106692e-29
d 0 0 -4.1691024127448756e-28 0 0 -3.221390777568075e-30 176.5625 176.5625 4.6017347750945651e-28 0 0 -4.0041839963766045e-29
d 0 0 -4.1689952467100608e-28 0 0 -3.2219274268672312e-30 176.875 176.875 4.6016295365355534e-28 0 0 -4.004149550832283e-29
d 0 0 -4.1688830594565369e-28 0 0 -3.2224438328822352e-30 177.1875 177.1875 4.6015197751427753e-28 0 0 -4.004122161266671e-29
d 0 0 -4.1687693290075254e-28 0 0 -3.2229525850252142e-30 177.5 177.5 4.60140886874518e-28 0 0 -4.0040995294297293e-29
d 0 0 -4.1685400780615123e-28 0 0 -3.2239626641015473e-30 178.125 178.125 4.6011863962335795e-28 0 0 -4.0040668381300066e-29
d 0 0 -4.1683098121420354e-28 0 0 -3.2249554880610385e-30 178.75 178.75 4.6009644076720401e-28 0 0 -4.0040503141460334e-29
d 0 0 -4.1680791129247187e-28 0 0 -3.2259388728694322e-30 179.375 179.375 4.6007435001827377e-28 0 0 -4.0040498900734647e-29
d 0 0 -4.1678482132996094e-28 0 0 -3.2269136772897674e-30 180 180 4.6005239189518027e-28 0 0 -4.0040655960464779e-29
d 0 0 -4.1676172299029918e-28 0 0 -3.2278801438674312e-30 180.625 180.625 4.600305773857923e-28 0 0 -4.0040973145518733e-29
d 0 0 -4.1673862296085792e-28 0 0 -3.2288391406256239e-30 181.25 181.25 4.6000890938723628e-28 0 0 -4.0041446349597607e-29
d 0 0 -4.167270736882099e-28 0 0 -3.2293129327326119e-30 181.5625 181.5625 4.5999812941533965e-28 0 0 -4.0041739096408616e-29
d 0 0 -4.1671552544589479e-28 0 0 -3.229787894624211e-30 181.875 181.875 4.5998738419203762e-28 0 0 -4.0042067436429647e-29
d 0 0 -4.1669243327387509e-28 0 0 -3.2307346744800754e-30 182.5 182.5 4.5996599191885495e-28 0 0 -4.0042823522404472e-29
d 0 0 -4.166693484505543e-28 0 0 -3.2315602607684834e-30 183.125 183.125 4.5994471687854234e-28 0 0 -4.0043696769892068e-29
d 0 0 -4.1664627246025269e-28 0 0 -3.2324816269460428e-30 183.75 183.75 4.5992353828199575e-28 0 0 -4.0044664780618332e-29
d 0 0 -4.1662320644131204e-28 0 0 -3.2334920973981384e-30 184.375 184.375 4.5990243140048638e-28 0 0 -4.004570157652059e-29
d 0 0 -4.1661167745962541e-28 0 0 -3.2339810842217548e-30 184.6875 184.6875 4.5989189642397091e-28 0 0 -4.0046237019513333e-29
d 0 0 -4.1660015129387392e-28 0 0 -3.2344381509052715e-30 185 185 4.5988136911390365e-28 0 0 -4.004677903596293e-29
d 0 0 -4.16588628030671e-28 0 0 -3.2348934841519008e-30 185.3125 185.3125 4.5987084599257569e-28 0 0 -4.004732404957496e-29
d 0 0 -4.1657710774905445e-28 0 0 -3.235347093386814e-30 185.625 185.625 4.5986032364820123e-28 0 0 -4.0047868558018766e-29
d 0 0 -4.1656559052154517e-28 0 0 -3.2357989884239391e-30 185.9375 185.9375 4.5984979878208611e-28 0 0 -4.0048409178814032e-29
d 0 0 -4.1655407641503482e-28 0 0 -3.2361202314344201e-30 186.25 186.25 4.598392682492278e-28 0 0 -4.0048942689236563e-29
d 0 0 -4.1654256549153407e-28 0 0 -3.2365350003825756e-30 186.5625 186.5625 4.5982872909246269e-28 0 0 -4.0049466059215961e-29
d 0 0 -4.1653105780880986e-28 0 0 -3.2369608144402195e-30 186.875 186.875 4.5981817856848309e-28 0 0 -4.0049976476641782e-29
d 0 0 -4.1651955342093134e-28 0 0 -3.237396404749592e-30 187.1875 187.1875 4.5980761416533277e-28 0 0 -4.0050471364914584e-29
d 0 0 -4.1650805237873985e-28 0 0 -3.2378401512836832e-30 187.5 187.5 4.5979703361323823e-28 0 0 -4.005094839296829e-29
d 0 0 -4.1649655473025881e-28 0 0 -3.2382902087670022e-30 187.8125 187.8125 4.5978643488806659e-28 0 0 -4.0051405478304352e-29
d 0 0 -4.164850605210518e-28 0 0 -3.2387446248844242e-30 188.125 188.125 4.5977581620852741e-28 0 0 -4.0051840783822439e-29
d 0 0 -4.1647356979453855e-28 0 0 -3.239201480677779e-30 188.4375 188.4375 4.5976517602807328e-28 0 0 -4.0052252709393652e-29
d 0 0 -4.1646208259227641e-28 0 0 -3.239658993566635e-30 188.75 188.75 4.5975451302254163e-28 0 0 -4.0052639879211376e-29
d 0 0 -4.1643911891890904e-28 0 0 -3.2406541074183326e-30 189.375 189.375 4.5973311425680292e-28 0 0 -4.0053335472938156e-29
d 0 0 -4.1642764252375742e-28 0 0 -3.2410214136093239e-30 189.6875 189.6875 4.597223768087781e-28 0 0 -4.0053642114761428e-29
d 0 0 -4.1641616980516329e-28 0 0 -3.2414690309386206e-30 190 190 4.5971161312573571e-28 0 0 -4.0053920398052951e-29
d 0 0 -4.1640470079872853e-28 0 0 -3.2419125814775357e-30 190.3125 190.3125 4.5970082273182287e-28 0 0 -4.0054169802315257e-29
d 0 0 -4.1639323553941814e-28 0 0 -3.2423519850758291e-30 190.625 190.625 4.5969000526617469e-28 0 0 -4.0054389921935192e-29
d 0 0 -4.1638177406172049e-28 0 0 -3.2428059992810302e-30 190.9375 190.9375 4.5967916046602936e-28 0 0 -4.0054580449709345e-29
d 0 0 -4.1637031639980125e-28 0 0 -3.243218932998469e-30 191.25 191.25 4.5966828815130608e-28 0 0 -4.0054741162281519e-29
d 0 0 -4.163588625876538e-28 0 0 -3.243647063876711e-30 191.5625 191.5625 4.5965738821440209e-28 0 0 -4.0054871907751387e-29
d 0 0 -4.1634741265924886e-28 0 0 -3.2440721117181959e-30 191.875 191.875 4.5964646060823976e-28 0 0 -4.0054972595602981e-29
d 0 0 -4.1633596664868313e-28 0 0 -3.2444944408599717e-30 192.1875 192.1875 4.5963550533973097e-28 0 0 -4.0055043188999513e-29
d 0 0 -4.1632452459033215e-28 0 0 -3.2449143846164963e-30 192.5 192.5 4.5962452246434382e-28 0 0 -4.0055083699396871e-29
d 0 0 -4.1631308651900667e-28 0 0 -3.245332228991413e-30 192.8125 192.8125 4.5961351208306355e-28 0 0 -4.0055094183344035e-29
d 0 0 -4.1630165247011656e-28 0 0 -3.2452732932614343e-30 193.125 193.125 4.596024743364599e-28 0 0 -4.005507474126553e-29
d 0 0 -4.1629022247984418e-28 0 0 -3.2457620576201998e-30 193.4375 193.4375 4.5959140942500177e-28 0 0 -4.0055025517958506e-29
d 0 0 -4.1627879658533009e-28 0 0 -3.246257668502711e-30 193.75 193.75 4.5958031758207841e-28 0 0 -4.0054946704494041e-29
d 0 0 -4.1626737482487382e-28 0 0 -3.2467484768620945e-30 194.0625 194.0625 4.5956919909557795e-28 0 0 -4.0054838541170943e-29
d 0 0 -4.1625595723815413e-28 0 0 -3.2472271836548914e-30 194.375 194.375 4.595580543077982e-28 0 0 -4.0054701321163208e-29
d 0 0 -4.162445438664717e-28 0 0 -3.2476907585348196e-30 194.6875 194.6875 4.5954688361963248e-28 0 0 -4.0054535394492707e-29
d 0 0 -4.1623313475302051e-28 0 0 -3.2481391940062013e-30 195 195 4.5953568749476305e-28 0 0 -4.0054341171976651e-29
d 0 0 -4.1621032948492016e-28 0 0 -3.2486136138807889e-30 195.625 195.625 4.5951322112070184e-28 0 0 -4.0053869807603727e-29
d 0 0 -4.16187541829916e-28 0 0 -3.249629244274799e-30 196.25 196.25 4.5949066029580747e-28 0 0 -4.0053291849495264e-29
d 0 0 -4.161647722388541e-28 0 0 -3.2499676829183229e-30 196.875 196.875 4.5946801127500518e-28 0 0 -4.0052613037595354e-29
d 0 0 -4.1615339437756493e-28 0 0 -3.2510258220146116e-30 197.1875 197.1875 4.5945665598733019e-28 0 0 -4.0052237906586456e-29
d 0 0 -4.1614202123574245e-28 0 0 -3.2507843564751763e-30 197.5 197.5 4.59445281512424e-28 0 0 -4.005184020571048e-29
d 0 0 -4.1613065289445811e-28 0 0 -3.2513382959096287e-30 197.8125 197.8125 4.5943388898002339e-28 0 0 -4.0051420943346778e-29
d 0 0 -4.1611928944305054e-28 0 0 -3.2518644231891294e-30 198.125 198.125 4.5942247954001092e-28 0 0 -4.0050981179555324e-29
d 0 0 -4.161079309805638e-28 0 0 -3.2523589047755679e-30 198.4375 198.4375 4.5941105440725783e-28 0 0 -4.0050522019290769e-29
d 0 0 -4.1609657761749184e-28 0 0 -3.2528311566853511e-30 198.75 198.75 4.5939961484638258e-28 0 0 -4.0050044604933156e-29
d 0 0 -4.1608522947791269e-28 0 0 -3.2532798939275769e-30 199.0625 199.0625 4.5938816216543797e-28 0 0 -4.0049550108306953e-29
d 0 0 -4.1607388670212058e-28 0 0 -3.2537093677005328e-30 199.375 199.375 4.5937669771054581e-28 0 0 -4.0049039722364295e-29
d 0 0 -4.1606254944990281e-28 0 0 -3.2541239149165323e-30 199.6875 199.6875 4.5936522286006096e-28 0 0 -4.0048514652703914e-29
d 0 0 -4.1605121790465998e-28 0 0 -3.2545273613089285e-30 200 200 4.593537390220889e-28 0 0 -4.0047976109088092e-29
d 0 0 -4.1603989227863988e-28 0 0 -3.2549227854916882e-30 200.3125 200.3125 4.5934224763018228e-28 0 0 -4.0047425297103419e-29
d 0 0 -4.1602857281966644e-28 0 0 -3.2553125053780798e-30 200.625 200.625 4.5933075014221569e-28 0 0 -4.0046863410096754e-29
d 0 0 -4.1601725981989643e-28 0 0 -3.255698208791367e-30 200.9375 200.9375 4.5931924804208135e-28 0 0 -4.0046291621494731e-29
d 0 0 -4.1600595362737607e-28 0 0 -3.2560810390611347e-30 201.25 201.25 4.5930774284518448e-28 0 0 -4.0045711077591254e-29
d 0 0 -4.1599465466152292e-28 0 0 -3.2564617654380846e-30 201.5625 201.5625 4.59296236106808e-28 0 0 -4.0045122890858228e-29
d 0 0 -4.1598336343421575e-28 0 0 -3.2568408854434322e-30 201.875 201.875 4.5928472943809817e-28 0 0 -4.004452813379812e-29
d 0 0 -4.1597208057905849e-28 0 0 -3.2566174677790698e-30 202.1875 202.1875 4.5927322451931335e-28 0 0 -4.0043927833308211e-29
d 0 0 -4.1596080689282433e-28 0 0 -3.2571423196172162e-30 202.5 202.5 4.5926172318737952e-28 0 0 -4.0043322965455308e-29
d 0 0 -4.1594954339549876e-28 0 0 -3.2576342840644039e-30 202.8125 202.8125 4.5925022741494538e-28 0 0 -4.0042714450456053e-29
d 0 0 -4.1593829141948764e-28 0 0 -3.2580998678342786e-30 203.125 203.125 4.5923873945218507e-28 0 0 -4.0042103147477677e-29
d 0 0 -4.1592705274589136e-28 0 0 -3.2585436865861219e-30 203.4375 203.4375 4.5922726194845363e-28 0 0 -4.0041489848585134e-29
d 0 0 -4.1591582981906511e-28 0 0 -3.2589697403565254e-30 203.75 203.75 4.5921579816706166e-28 0 0 -4.004087527062784e-29
d 0 0 -4.1590462609532872e-28 0 0 -3.2593816354820088e-30 204.0625 204.0625 4.592043523352391e-28 0 0 -4.0040260042896363e-29
d 0 0 -4.1589344662735083e-28 0 0 -3.2597825779447246e-30 204.375 204.375 4.5919293023082751e-28 0 0 -4.0039644686596054e-29
d 0 0 -4.1588229906621281e-28 0 0 -3.2601753826909121e-30 204.6875 204.6875 4.5918154018773134e-28 0 0 -4.0039029579022478e-29
d 0 0 -4.1587119537816097e-28 0 0 -3.2605625507641989e-30 205 205 4.5917019481709006e-28 0 0 -4.0038414890681928e-29
d 0 0 -4.1586015461595173e-28 0 0 -3.2609464140233871e-30 205.3125 205.3125 4.5915891378355211e-28 0 0 -4.0037800481198673e-29
d 0 0 -4.1584920681935899e-28 0 0 -3.2613293788343736e-30 205.625 205.625 4.5914772770931175e-28 0 0 -4.003718574803541e-29
d 0 0 -4.1583840067128534e-28 0 0 -3.2617142747854957e-30 205.9375 205.9375 4.5913668583281687e-28 0 0 -4.0036569322454589e-29
d 0 0 -4.1582784934726198e-28 0 0 -3.2621062308882815e-30 206.25 206.25 4.5912590189654223e-28 0 0 -4.0035947291512926e-29
d 0 0 -4.1581789596112255e-28 0 0 -3.262519207916981e-30 206.5625 206.5625 4.5911571971092437e-28 0 0 -4.0035306787741742e-29
d 0 0 -4.1580840605677784e-28 0 0 -3.2629484533910764e-30 206.875 206.875 4.5910600488755092e-28 0 0 -4.0034653180162713e-29
d 0 0 -4.1579953417970904e-28 0 0 -3.2634013970230849e-30 207.1875 207.1875 4.5909691699834472e-28 0 0 -4.0033984441083179e-29
d 0 0 -4.1579111706230229e-28 0 0 -3.2639780920383022e-30 207.5 207.5 4.5908876571594596e-28 0 0 -4.0033673275722096e-29
d 0 0 -4.1578519412287035e-28 0 0 -3.2767762134982744e-30 207.8125 207.8125 4.591368355277442e-28 0 0 -4.0074867801613428e-29
d 0 0 -4.1578049060709102e-28 0 0 -3.296645147676493e-30 208.125 208.125 4.5921717552116066e-28 0 0 -4.0140042214620713e-29
d 0 0 -4.1577255646460875e-28 0 0 -3.2971474546227574e-30 208.4375 208.4375 4.592111376856847e-28 0 0 -4.0140959339186245e-29
d 0 0 -4.1576455427918861e-28 0 0 -3.2977796644372635e-30 208.75 208.75 4.5920322892434315e-28 0 0 -4.0140492125792113e-29
d 0 0 -4.1575654375382474e-28 0 0 -3.2983352046488359e-30 209.0625 209.0625 4.5919505028021909e-28 0 0 -4.0139827020298767e-29
d 0 0 -4.1574853500791504e-28 0 0 -3.2988782556992303e-30 209.375 209.375 4.5918687371008044e-28 0 0 -4.0139164721532167e-29
d 0 0 -4.1574052815586062e-28 0 0 -3.2994114976665759e-30 209.6875 209.6875 4.5917870242420314e-28 0 0 -4.0138507649665423e-29
d 0 0 -4.1573252320984349e-28 0 0 -3.2999364273695398e-30 210 210 4.5917053689074222e-28 0 0 -4.0137856201877175e-29
d 0 0 -4.1572452018027272e-28 0 0 -3.3004541829276342e-30 210.3125 210.3125 4.5916237753075859e-28 0 0 -4.0137210740753024e-29
d 0 0 -4.1571651907660262e-28 0 0 -3.3009656714857344e-30 210.625 210.625 4.5915422473909027e-28 0 0 -4.0136571609410445e-29
d 0 0 -4.1570851990752661e-28 0 0 -3.3014716546977282e-30 210.9375 210.9375 4.5914607888816391e-28 0 0 -4.0135939133965334e-29
d 0 0 -4.1570052268112317e-28 0 0 -3.3019727650945584e-30 211.25 211.25 4.5913794033029123e-28 0 0 -4.01353136248122e-29
d 0 0 -4.1569252740497098e-28 0 0 -3.3024695491527374e-30 211.5625 211.5625 4.5912980939886434e-28 0 0 -4.0134695377024491e-29
d 0 0 -4.1568453408624019e-28 0 0 -3.3029624731064718e-30 211.875 211.875 4.5912168640868372e-28 0 0 -4.0134084670056092e-29
d 0 0 -4.1567654273176555e-28 0 0 -3.3034519370422324e-30 212.1875 212.1875 4.5911357165560373e-28 0 0 -4.0133481766884379e-29
d 0 0 -4.1566855334810676e-28 0 0 -3.3039382861994883e-30 212.5 212.5 4.5910546541563799e-28 0 0 -4.0132886912709607e-29
d 0 0 -4.1566056594159723e-28 0 0 -3.30442181735307e-30 212.8125 212.8125 4.5909736794364545e-28 0 0 -4.0132300333309281e-29
d 0 0 -4.1565258051838574e-28 0 0 -3.3049027874485091e-30 213.125 213.125 4.590892794717038e-28 0 0 -4.0131722233136653e-29
d 0 0 -4.1564459708447126e-28 0 0 -3.3053814194378493e-30 213.4375 213.4375 4.5908120020726389e-28 0 0 -4.0131152793246794e-29
d 0 0 -4.1563661564573272e-28 0 0 -3.3058579043239826e-30 213.75 213.75 4.5907313033117716e-28 0 0 -4.0130592169130999e-29
d 0 0 -4.1562863620795448e-28 0 0 -3.3063324085663955e-30 214.0625 214.0625 4.5906506999568192e-28 0 0 -4.0130040488538934e-29
d 0 0 -4.1562065877684973e-28 0 0 -3.3068050777190245e-30 214.375 214.375 4.5905701932243286e-28 0 0 -4.0129497849367629e-29
d 0 0 -4.1561268335807961e-28 0 0 -3.3088673813051697e-30 214.6875 214.6875 4.5904897847685978e-28 0 0 -4.0128964317695466e-29
d 0 0 -4.1560470995727174e-28 0 0 -3.3094090905983857e-30 215 215 4.590409473655484e-28 0 0 -4.0128439926038999e-29
d 0 0 -4.1559673858003607e-28 0 0 -3.3099505006160667e-30 215.3125 215.3125 4.5903292608070722e-28 0 0 -4.0127924671907984e-29
d 0 0 -4.1558876923197995e-28 0 0 -3.3104916717775205e-30 215.625 215.625 4.5902491460567841e-28 0 0 -4.0127418516731603e-29
d 0 0 -4.1558080191872184e-28 0 0 -3.3110326522958552e-30 215.9375 215.9375 4.5901691288683872e-28 0 0 -4.0126921385223522e-29
d 0 0 -4.155728366459037e-28 0 0 -3.3115734807121552e-30 216.25 216.25 4.5900892083353417e-28 0 0 -4.0126433165248363e-29
d 0 0 -4.1556487341920383e-28 0 0 -3.3121141862772655e-30 216.5625 216.5625 4.5900093831856316e-28 0 0 -4.0125953708242904e-29
d 0 0 -4.155569122443475e-28 0 0 -3.3126547899253423e-30 216.875 216.875 4.5899296517925399e-28 0 0 -4.0125482830237186e-29
d 0 0 -4.1554895312711864e-28 0 0 -3.3131953050115018e-30 217.1875 217.1875 4.5898500121917154e-28 0 0 -4.0125020313508241e-29
d 0 0 -4.1554099607336989e-28 0 0 -3.3137357380106771e-30 217.5 217.5 4.589770462104731e-28 0 0 -4.012456590888739e-29
d 0 0 -4.1553304108903332e-28 0 0 -3.3142760902685846e-30 217.8125 217.8125 4.5896909989692239e-28 0 0 -4.0124119338728542e-29
d 0 0 -4.1552508818013036e-28 0 0 -3.3148163570959046e-30 218.125 218.125 4.5896116199755383e-28 0 0 -4.01236803005295e-29
d 0 0 -4.1551713735278206e-28 0 0 -3.3153565290657407e-30 218.4375 218.4375 4.5895323221096698e-28 0 0 -4.0123248471185934e-29
d 0 0 -4.1550918861321888e-28 0 0 -3.3158965925257114e-30 218.75 218.75 4.5894531022021388e-28 0 0 -4.0122823511840674e-29
d 0 0 -4.1550124196779056e-28 0 0 -3.3164365301733393e-30 219.0625 219.0625 4.5893739569823263e-28 0 0 -4.0122405073280833e-29
d 0 0 -4.1549329742297653e-28 0 0 -3.3169763208066668e-30 219.375 219.375 4.5892948831376399e-28 0 0 -4.0121992801820063e-29
d 0 0 -4.1548535498539567e-28 0 0 -3.3175159405532315e-30 219.6875 219.6875 4.5892158773768137e-28 0 0 -4.0121586345595695e-29
d 0 0 -4.1547741466181699e-28 0 0 -3.3180553617588187e-30 220 220 4.5891369364965343e-28 0 0 -4.0121185361200576e-29
d 0 0 -4.1546947645917031e-28 0 0 -3.3185945553314956e-30 220.3125 220.3125 4.589058057450558e-28 0 0 -4.012078952056515e-29
d 0 0 -4.15461540384557e-28 0 0 -3.3191334897398944e-30 220.625 220.625 4.5889792374204249e-28 0 0 -4.0120398518001339e-29
d 0 0 -4.1545360644526148e-28 0 0 -3.3196721307640326e-30 220.9375 220.9375 4.5889004738869096e-28 0 0 -4.0120012077321049e-29
d 0 0 -4.1544567464876314e-28 0 0 -3.3202104433322493e-30 221.25 221.25 4.5888217647013279e-28 0 0 -4.0119629958942957e-29
d 0 0 -4.1543774500274855e-28 0 0 -3.3207483904436595e-30 221.5625 221.5625 4.588743108155928e-28 0 0 -4.0119251966908153e-29
d 0 0 -4.1542981751512434e-28 0 0 -3.321285933913645e-30 221.875 221.875 4.5886645030525992e-28 0 0 -4.0118877955730634e-29
d 0 0 -4.1542189219403123e-28 0 0 -3.321823035144443e-30 222.1875 222.1875 4.5885859487692834e-28 0 0 -4.0118507837018949e-29
d 0 0 -4.1541396904785817e-28 0 0 -3.3223596536932332e-30 222.5 222.5 4.5885074453235324e-28 0 0 -4.0118141585814699e-29
d 0 0 -4.1540604808525789e-28 0 0 -3.3228957494865887e-30 222.8125 222.8125 4.5884289934327877e-28 0 0 -4.0117779246605009e-29
d 0 0 -4.1539812931516326e-28 0 0 -3.3234312814984106e-30 223.125 223.125 4.5883505945710548e-28 0 0 -4.0117420938977136e-29
d 0 0 -4.1539021274680493e-28 0 0 -3.3239662089847788e-30 223.4375 223.4375 4.5882722510217794e-28 0 0 -4.0117066862894198e-29
d 0 0 -4.1538229838973018e-28 0 0 -3.3245004904823808e-30 223.75 223.75 4.588193965926799e-28 0 0 -4.0116717303581231e-29
d 0 0 -4.1537438625382319e-28 0 0 -3.3250340856107206e-30 224.0625 224.0625 4.5881157433313588e-28 0 0 -4.0116372636019779e-29
d 0 0 -4.1536647634932755e-28 0 0 -3.3255669530013184e-30 224.375 224.375 4.5880375882252444e-28 0 0 -4.0116033329055533e-29
d 0 0 -4.1535856868686972e-28 0 0 -3.326099053138163e-30 224.6875 224.6875 4.5879595065801335e-28 0 0 -4.0115699949130044e-29
d 0 0 -4.1535066327748575e-28 0 0 -3.3266303460124085e-30 225 225 4.5878815053832949e-28 0 0 -4.0115373163649038e-29
d 0 0 -4.1534276013265023e-28 0 0 -3.3271721885470156e-30 225.3125 225.3125 4.5878035926745628e-28 0 0 -4.0115053744001182e-29
d 0 0 -4.1533485926430761e-28 0 0 -3.327702414426879e-30 225.625 225.625 4.587725777546465e-28 0 0 -4.0114742568239185e-29
d 0 0 -4.1532696068490769e-28 0 0 -3.3282317278493045e-30 225.9375 225.9375 4.5876480702070801e-28 0 0 -4.0114440623429603e-29
d 0 0 -4.1531906440744448e-28 0 0 -3.3287600917647481e-30 226.25 226.25 4.5875704819743804e-28 0 0 -4.0114149007671089e-29
d 0 0 -4.1531117044550012e-28 0 0 -3.3292874695790845e-30 226.5625 226.5625 4.5874930252993481e-28 0 0 -4.0113868931770563e-29
d 0 0 -4.1530327881329324e-28 0 0 -3.3298138264199765e-30 226.875 226.875 4.587415713779093e-28 0 0 -4.0113601720554662e-29
d 0 0 -4.1529538952573403e-28 0 0 -3.3303391284491516e-30 227.1875 227.1875 4.587338562165975e-28 0 0 -4.011334881377811e-29
d 0 0 -4.1528750259848607e-28 0 0 -3.3288466690573543e-30 227.5 227.5 4.5872615851765831e-28 0 0 -4.0113111766574045e-29
d 0 0 -4.1527961804803609e-28 0 0 -3.3284200610851315e-30 227.8125 227.8125 4.5871848017339548e-28 0 0 -4.0112892249372258e-29
d 0 0 -4.1527173589177373e-28 0 0 -3.3288962916400293e-30 228.125 228.125 4.5871082299108592e-28 0 0 -4.0112692047189203e-29
d 0 0 -4.1526385614808186e-28 0 0 -3.3293722166405001e-30 228.4375 228.4375 4.5870318885637722e-28 0 0 -4.0112513058172335e-29
d 0 0 -4.1525597883644039e-28 0 0 -3.3298478329873971e-30 228.75 228.75 4.586955798169161e-28 0 0 -4.0112357291256843e-29
d 0 0 -4.1524810397754412e-28 0 0 -3.327566815357461e-30 229.0625 229.0625 4.5868799788177704e-28 0 0 -4.0112226862769567e-29
d 0 0 -4.1524023159344013e-28 0 0 -3.3279901256968104e-30 229.375 229.375 4.5868044560075349e-28 0 0 -4.0112123991791436e-29
d 0 0 -4.1523236170768414e-28 0 0 -3.3284130243228005e-30 229.6875 229.6875 4.5867292518711318e-28 0 0 -4.0112050994067688e-29
d 0 0 -4.15224494345523e-28 0 0 -3.3322338785017328e-30 230 230 4.5866543927128688e-28 0 0 -4.0112010274236213e-29
d 0 0 -4.1509899220174619e-28 0 0 -3.3356293625966084e-30 235 235 4.5855242754875296e-28 0 0 -4.011780598440617e-29
d 0 0 -4.1497484625015932e-28 0 0 -3.3422195809630359e-30 240 240 4.5845559410213727e-28 0 0 -4.0138528270955874e-29
d 0 0 -4.1485790096612783e-28 0 0 -3.3486845129419513e-30 245 245 4.5836852290895571e-28 0 0 -4.0161937426077118e-29
d 0 0 -4.1485014986318355e-28 0 0 -3.3517744295730119e-30 245.3125 245.3125 4.5836237161425444e-28 0 0 -4.0163138578274003e-29
d 0 0 -4.148423978540752e-28 0 0 -3.3522175479637335e-30 245.625 245.625 4.5835617363264506e-28 0 0 -4.016429478201827e-29
d 0 0 -4.1483464537404124e-28 0 0 -3.3526596662557972e-30 245.9375 245.9375 4.5834992872458929e-28 0 0 -4.0165405224660659e-29
d 0 0 -4.1482689277263421e-28 0 0 -3.3531007826801211e-30 246.25 246.25 4.5834363664378711e-28 0 0 -4.0166469316917044e-29
d 0 0 -4.148191403348088e-28 0 0 -3.3535408961086438e-30 246.5625 246.5625 4.5833729729685904e-28 0 0 -4.0167486686619733e-29
d 0 0 -4.1481138829591122e-28 0 0 -3.3539800048667556e-30 246.875 246.875 4.5833091075397063e-28 0 0 -4.0168457174355107e-29
d 0 0 -4.1480363685256629e-28 0 0 -3.3544181077855794e-30 247.1875 247.1875 4.5832447725663837e-28 0 0 -4.016938083038494e-29
d 0 0 -4.1479588617073879e-28 0 0 -3.35182888778838e-30 247.5 247.5 4.5831799705691933e-28 0 0 -4.0170257912199348e-29
d 0 0 -4.1478813639180578e-28 0 0 -3.3522213580120585e-30 247.8125 247.8125 4.5831147108416764e-28 0 0 -4.0171088882044504e-29
d 0 0 -4.1478038763719899e-28 0 0 -3.3526130982756626e-30 248.125 248.125 4.5830489995559129e-28 0 0 -4.0171874403808196e-29
d 0 0 -4.1476489360778778e-28 0 0 -3.3534199129522299e-30 248.75 248.75 4.5829162626046573e-28 0 0 -4.0173312739486907e-29
d 0 0 -4.1475714850483743e-28 0 0 -3.3537839031494346e-30 249.0625 249.0625 4.5828492614545398e-28 0 0 -4.0173967842404352e-29
d 0 0 -4.1474940477396384e-28 0 0 -3.3537609165463925e-30 249.375 249.375 4.5827818576376745e-28 0 0 -4.0174582057522324e-29
d 0 0 -4.1474166247795656e-28 0 0 -3.3540987214347584e-30 249.6875 249.6875 4.5827140675952638e-28 0 0 -4.0175156956556857e-29
d 0 0 -4.1473392167277551e-28 0 0 -3.3544303366885184e-30 250 250 4.5826459089916912e-28 0 0 -4.0175694258759966e-29
d 0 0 -4.1472618240853167e-28 0 0 -3.3547553067875862e-30 250.3125 250.3125 4.5825774008161859e-28 0 0 -4.017619581484861e-29
d 0 0 -4.1471844473030227e-28 0 0 -3.355073146349069e-30 250.625 250.625 4.5825085631472733e-28 0 0 -4.0176663589224528e-29
d 0 0 -4.1471070867881179e-28 0 0 -3.355383331401603e-30 250.9375 250.9375 4.5824394169673043e-28 0 0 -4.0177099640758627e-29
d 0 0 -4.1470297429100652e-28 0 0 -3.3556853051436574e-30 251.25 251.25 4.582369983964582e-28 0 0 -4.0177506102443312e-29
d 0 0 -4.1469524160054049e-28 0 0 -3.3569034249676635e-30 251.5625 251.5625 4.5823002864381997e-28 0 0 -4.017788516022702e-29
d 0 0 -4.1468751063819088e-28 0 0 -3.3572865993612967e-30 251.875 251.875 4.5822303466430773e-28 0 0 -4.0178239031341589e-29
d 0 0 -4.1467978143221379e-28 0 0 -3.3576690180388096e-30 252.1875 252.1875 4.5821601872309702e-28 0 0 -4.0178569942419209e-29
d 0 0 -4.1467205400865158e-28 0 0 -3.3580506808088234e-30 252.5 252.5 4.5820898306021889e-28 0 0 -4.0178880107676622e-29
d 0 0 -4.1466432839159914e-28 0 0 -3.358431587675664e-30 252.8125 252.8125 4.5820192988003618e-28 0 0 -4.0179171707420772e-29
d 0 0 -4.1465660460343571e-28 0 0 -3.3588117388272355e-30 253.125 253.125 4.5819486133052437e-28 0 0 -4.0179446867109059e-29
d 0 0 -4.1464888266502841e-28 0 0 -3.3591911346273271e-30 253.4375 253.4375 4.5818777948329209e-28 0 0 -4.0179707637178096e-29
d 0 0 -4.1464116259591066e-28 0 0 -3.3595697756030034e-30 253.75 253.75 4.5818068631454603e-28 0 0 -4.0179955973840646e-29
d 0 0 -4.1463344441443969e-28 0 0 -3.3599476624381788e-30 254.0625 254.0625 4.58173583687193e-28 0 0 -4.0180193721040574e-29
d 0 0 -4.146257281379361e-28 0 0 -3.360324809630755e-30 254.375 254.375 4.5816647333426881e-28 0 0 -4.0180422593750838e-29
d 0 0 -4.1461801378280794e-28 0 0 -3.3607011926996038e-30 254.6875 254.6875 4.5815935684387375e-28 0 0 -4.0180644162797916e-29
d 0 0 -4.1461030136466107e-28 0 0 -3.3610768247524296e-30 255 255 4.5815223564581386e-28 0 0 -4.0180859841396845e-29
d 0 0 -4.1448717692734734e-28 0 0 -3.3669816506836839e-30 260 260 4.5803812208476112e-28 0 0 -4.0183963480578438e-29
d 0 0 -4.144718240298392e-28 0 0 -3.3677068537094577e-30 260.625 260.625 4.5802380507335394e-28 0 0 -4.0184274189787303e-29
d 0 0 -4.1446415082709712e-28 0 0 -3.3680683146431278e-30 260.9375 260.9375 4.5801663414394417e-28 0 0 -4.0184414958455824e-29
d 0 0 -4.1445647980352866e-28 0 0 -3.3684345519574281e-30 261.25 261.25 4.5800945351757189e-28 0 0 -4.0184544570371767e-29
d 0 0 -4.1444881097063265e-28 0 0 -3.3687948860374454e-30 261.5625 261.5625 4.5800226217710796e-28 0 0 -4.0184661995385216e-29
d 0 0 -4.1444114434003641e-28 0 0 -3.3691545183242763e-30 261.875 261.875 4.5799505916035924e-28 0 0 -4.0184766257211707e-29
d 0 0 -4.1443347992352098e-28 0 0 -3.3695134439979194e-30 262.1875 262.1875 4.5798784357173314e-28 0 0 -4.0184856446296661e-29
d 0 0 -4.144258177330483e-28 0 0 -3.3698716499670317e-30 262.5 262.5 4.5798061459320858e-28 0 0 -4.018493173045819e-29
d 0 0 -4.1441815778079068e-28 0 0 -3.3702291080342118e-30 262.8125 262.8125 4.5797337149271978e-28 0 0 -4.0184991363244014e-29
d 0 0 -4.1441050007916252e-28 0 0 -3.3705858599780455e-30 263.125 263.125 4.5796611363027289e-28 0 0 -4.0185034690012224e-29
d 0 0 -4.1439519147887743e-28 0 0 -3.371289759155501e-30 263.75 263.75 4.5795155154085073e-28 0 0 -4.0185070287194714e-29
d 0 0 -4.1437989203776976e-28 0 0 -3.3719978739487433e-30 264.375 264.375 4.5793692514577055e-28 0 0 -4.0185035218311817e-29
d 0 0 -4.1436460186791578e-28 0 0 -3.37270322369692e-30 265 265 4.5792223279065474e-28 0 0 -4.0184927699025969e-29
d 0 0 -4.1424263172552505e-28 0 0 -3.3782480314427542e-30 270 270 4.5780249830091285e-28 0 0 -4.0181618555270524e-29
d 0 0 -4.1422743243810463e-28 0 0 -3.3789291219788538e-30 270.625 270.625 4.5778730797989199e-28 0 0 -4.0180946372397046e-29
d 0 0 -4.1421224463086794e-28 0 0 -3.3796077252029429e-30 271.25 271.25 4.5777208236242445e-28 0 0 -4.0180230003986505e-29
d 0 0 -4.1420465518581598e-28 0 0 -3.390924884690792e-30 271.5625 271.5625 4.5776445849261075e-28 0 0 -4.0179856545345522e-29
d 0 0 -4.1419706880989114e-28 0 0 -3.391247746089793e-30 271.875 271.875 4.5775682683224627e-28 0 0 -4.0179473589135955e-29
d 0 0 -4.14181905613361e-28 0 0 -3.3809570955578444e-30 272.5 272.5 4.5774154398617768e-28 0 0 -4.0178681221436285e-29
d 0 0 -4.1416675586373253e-28 0 0 -3.3816066945152015e-30 273.125 273.125 4.57726240866409e-28 0 0 -4.0177856944910631e-29
d 0 0 -4.1415162064730199e-28 0 0 -3.382296607345229e-30 273.75 273.75 4.5771092186630139e-28 0 0 -4.01770047595596e-29
d 0 0 -4.1413650143991523e-28 0 0 -3.3829623330538826e-30 274.375 274.375 4.576955924498286e-28 0 0 -4.0176128632946849e-29
d 0 0 -4.1412894845559186e-28 0 0 -3.3831925633543269e-30 274.6875 274.6875 4.5768792568942342e-28 0 0 -4.0175682826328124e-29
d 0 0 -4.1412140031358066e-28 0 0 -3.3836265815142621e-30 275 275 4.5768025866657697e-28 0 0 -4.0175232515248041e-29
d 0 0 -4.1410632029159287e-28 0 0 -3.3842867797703472e-30 275.625 275.625 4.5766492751915072e-28 0 0 -4.0174320355802072e-29
d 0 0 -4.1409126598941546e-28 0 0 -3.3849453829406482e-30 276.25 276.25 4.5764960762524446e-28 0 0 -4.0173396120095405e-29
d 0 0 -4.1407624482751823e-28 0 0 -3.3856011652838493e-30 276.875 276.875 4.5763431045264906e-28 0 0 -4.0172463807277704e-29
d 0 0 -4.1406126938785005e-28 0 0 -3.3862558350853408e-30 277.5 277.5 4.5761905270590791e-28 0 0 -4.0171527469884537e-29
d 0 0 -4.1404636167679787e-28 0 0 -3.386907596948805e-30 278.125 278.125 4.5760386063106297e-28 0 0 -4.017059123670041e-29
d 0 0 -4.1403155746096253e-28 0 0 -3.3875575294891339e-30 278.75 278.75 4.5758877437782484e-28 0 0 -4.016965931445093e-29
d 0 0 -4.1401689915938418e-28 0 0 -3.3882054730652301e-30 279.375 279.375 4.5757384075948128e-28 0 0 -4.016873586684397e-29
d 0 0 -4.1400964029729501e-28 0 0 -3.3885295840667137e-30 279.6875 279.6875 4.5756644811994173e-28 0 0 -4.0168278585586154e-29
d 0 0 -4.1400245300556358e-28 0 0 -3.3888528408435323e-30 280 280 4.5755913051165029e-28 0 0 -4.0167825005898605e-29
d 0 0 -4.1391932359673144e-28 0 0 -3.4129996671483475e-30 285 285 4.5766057000718585e-28 0 0 -4.0328246732585965e-29
d 0 0 -4.1383818882921842e-28 0 0 -3.4182344757654459e-30 290 290 4.5757980074426083e-28 0 0 -4.0323377432672446e-29
d 0 0 -4.1375750745415798e-28 0 0 -3.4232926505683897e-30 295 295 4.5750041303650994e-28 0 0 -4.0319612931763176e-29
d 0 0 -4.1371945173283455e-28 0 0 -3.4257017744053188e-30 297.5 297.5 4.5746293148161728e-28 0 0 -4.0317777970155797e-29
d 0 0 -4.1368200944888814e-28 0 0 -3.4280638739694774e-30 300 300 4.5742584010021122e-28 0 0 -4.0315767846348681e-29
d 0 0 -4.1360168969421725e-28 0 0 -3.4328449526134236e-30 305 305 4.5734533240281633e-28 0 0 -4.0310796080316007e-29
d 0 0 -4.1356151987482821e-28 0 0 -3.435193540679696e-30 307.5 307.5 4.5730460726590719e-28 0 0 -4.0307893821170328e-29
d 0 0 -4.1352139042057423e-28 0 0 -3.4375108312654719e-30 310 310 4.5726368129566427e-28 0 0 -4.0304780026355763e-29
d 0 0 -4.1348131118990803e-28 0 0 -3.4397996636313968e-30 312.5 312.5 4.5722262142990918e-28 0 0 -4.0301510920178885e-29
d 0 0 -4.1344128781841654e-28 0 0 -3.442059878480869e-30 315 315 4.5718148478766036e-28 0 0 -4.0298137097883646e-29
d 0 0 -4.1336142336285514e-28 0 0 -3.446500592287314e-30 320 320 4.5709916966629864e-28 0 0 -4.0291245711087842e-29
d 0 0 -4.1332158835020604e-28 0 0 -3.448682299353579e-30 322.5 322.5 4.5705807137422164e-28 0 0 -4.0287800723087774e-29
d 0 0 -4.132818224003965e-28 0 0 -3.4508392099690268e-30 325 325 4.5701705901014923e-28 0 0 -4.0284397468503248e-29
d 0 0 -4.1327189216511035e-28 0 0 -3.4513746437495973e-30 325.625 325.625 4.5700682295444805e-28 0 0 -4.0283556256616364e-29
d 0 0 -4.1326196658158211e-28 0 0 -3.451907884596321e-30 326.25 326.25 4.5699659460529804e-28 0 0 -4.0282719611653964e-29
d 0 0 -4.1325204574006787e-28 0 0 -3.452430152550682e-30 326.875 326.875 4.569863743863863e-28 0 0 -4.028188786077012e-29
d 0 0 -4.1324212974241589e-28 0 0 -3.4529717785825864e-30 327.5 327.5 4.5697616271168356e-28 0 0 -4.0281061309603852e-29
d 0 0 -4.1320251681259208e-28 0 0 -3.4550802379362453e-30 330 330 4.5693540948066741e-28 0 0 -4.0277812439463499e-29
d 0 0 -4.13162995461807e-28 0 0 -3.4571648471122946e-30 332.5 332.5 4.5689482577514247e-28 0 0 -4.0274665466219725e-29
d 0 0 -4.1315806279691608e-28 0 0 -3.457411014707898e-30 332.8125 332.8125 4.5688976628426826e-28 0 0 -4.0274279780133641e-29
d 0 0 -4.1315313203145031e-28 0 0 -3.4576649971373849e-30 333.125 333.125 4.568847100615765e-28 0 0 -4.0273895855364674e-29
d 0 0 -4.1314820326671624e-28 0 0 -3.4579180898674941e-30 333.4375 333.4375 4.5687965721750098e-28 0 0 -4.0273513707005169e-29
d 0 0 -4.131432766225913e-28 0 0 -3.4581708762240949e-30 333.75 333.75 4.5687460788020362e-28 0 0 -4.0273133350713008e-29
d 0 0 -4.13138352242749e-28 0 0 -3.4584243637660835e-30 334.0625 334.0625 4.5686956220086536e-28 0 0 -4.0272754803414668e-29
d 0 0 -4.1313343030200339e-28 0 0 -3.4586801240236124e-30 334.375 334.375 4.5686452036131394e-28 0 0 -4.0272378084319271e-29
d 0 0 -4.1312359466205767e-28 0 0 -3.4592242632804184e-30 335 335 4.5685444915383829e-28 0 0 -4.0271630228865371e-29
d 0 0 -4.1308449616298799e-28 0 0 -3.4612407932596663e-30 337.5 337.5 4.5681446918878068e-28 0 0 -4.0268731416988156e-29
d 0 0 -4.1307972221882432e-28 0 0 -3.4614783024570287e-30 337.8125 337.8125 4.5680959529679876e-28 0 0 -4.0268392798681877e-29
d 0 0 -4.1307499340694951e-28 0 0 -3.4617113856328013e-30 338.125 338.125 4.5680476947324838e-28 0 0 -4.0268062217095657e-29
d 0 0 -4.1307027584880078e-28 0 0 -3.4619436252119703e-30 338.4375 338.4375 4.5679995626605228e-28 0 0 -4.0267733773799613e-29
d 0 0 -4.1306553532675397e-28 0 0 -3.4621793145742094e-30 338.75 338.75 4.5679511992235946e-28 0 0 -4.0267401628526156e-29
d 0 0 -4.1306074882276803e-28 0 0 -3.4624213506080747e-30 339.0625 339.0625 4.5679023643781881e-28 0 0 -4.0267061964445783e-29
d 0 0 -4.1305594117147748e-28 0 0 -3.4626667945871677e-30 339.375 339.375 4.5678533170933794e-28 0 0 -4.0266718818282151e-29
d 0 0 -4.1305113067606681e-28 0 0 -3.4629134989731054e-30 339.6875 339.6875 4.5678042479330424e-28 0 0 -4.0266375099272685e-29
d 0 0 -4.1304632458513668e-28 0 0 -3.4631606242740454e-30 340 340 4.5677552322364032e-28 0 0 -4.0266031948540495e-29
d 0 0 -4.1304152562066184e-28 0 0 -3.463407818557199e-30 340.3125 340.3125 4.5677062983050917e-28 0 0 -4.026568983761524e-29
d 0 0 -4.1303673479017332e-28 0 0 -3.4636549133289666e-30 340.625 340.625 4.5676574566190089e-28 0 0 -4.0265348980939176e-29
d 0 0 -4.1303195296366695e-28 0 0 -3.4639018451496534e-30 340.9375 340.9375 4.5676087160371295e-28 0 0 -4.0265009497858685e-29
d 0 0 -4.1302718193975081e-28 0 0 -3.4641485549931084e-30 341.25 341.25 4.5675600946607312e-28 0 0 -4.0264671489414644e-29
d 0 0 -4.1302242538672455e-28 0 0 -3.4643949363232792e-30 341.5625 341.5625 4.5675116293621083e-28 0 0 -4.0264335085001727e-29
d 0 0 -4.13017690685539e-28 0 0 -3.4646408090971287e-30 341.875 341.875 4.5674633943681678e-28 0 0 -4.0264000503788288e-29
d 0 0 -4.130129942073158e-28 0 0 -3.4648858184954757e-30 342.1875 342.1875 4.5674155544252277e-28 0 0 -4.0263668208328606e-29
d 0 0 -4.1300837700125962e-28 0 0 -3.4651291352378679e-30 342.5 342.5 4.5673685228104254e-28 0 0 -4.0263339348383951e-29
d 0 0 -4.1300392059596638e-28 0 0 -3.4653729298680244e-30 342.8125 342.8125 4.5673231205863927e-28 0 0 -4.0263016211830196e-29
d 0 0 -4.1299971296780469e-28 0 0 -3.4656075900567994e-30 343.125 343.125 4.5672802379215712e-28 0 0 -4.0262701668859919e-29
d 0 0 -4.1299597541485173e-28 0 0 -3.4658327627072562e-30 343.4375 343.4375 4.5672423604009924e-28 0 0 -4.0262426681533256e-29
d 0 0 -4.1299238608648241e-28 0 0 -3.4661170943946507e-30 343.75 343.75 4.5672223028565624e-28 0 0 -4.0263726421645496e-29
d 0 0 -4.1299083387758976e-28 0 0 -3.4715297370473543e-30 344.0625 344.0625 4.5685739820119238e-28 0 0 -4.0395034584364586e-29
d 0 0 -4.1298858303982846e-28 0 0 -3.4746750570748177e-30 344.375 344.375 4.5693209849163971e-28 0 0 -4.0468840392873373e-29
d 0 0 -4.129854280609957e-28 0 0 -3.4749642523396756e-30 344.6875 344.6875 4.5693055056846554e-28 0 0 -4.0470158656490313e-29
d 0 0 -4.1298225602177951e-28 0 0 -3.4752835371013851e-30 345 345 4.5692764043691288e-28 0 0 -4.0470188849388117e-29
d 0 0 -4.1297907976280882e-28 0 0 -3.4753971700474363e-30 345.3125 345.3125 4.5692443681876372e-28 0 0 -4.0469943594674528e-29
d 0 0 -4.1297590283830243e-28 0 0 -3.4756240631039758e-30 345.625 345.625 4.569212265911912e-28 0 0 -4.0469693028604308e-29
d 0 0 -4.1297272542075547e-28 0 0 -3.4758408701616081e-30 345.9375 345.9375 4.5691801268318956e-28 0 0 -4.0469439785356483e-29
d 0 0 -4.1296954763617065e-28 0 0 -3.4760571710941222e-30 346.25 346.25 4.5691479583878937e-28 0 0 -4.0469184458945524e-29
d 0 0 -4.1296636959321455e-28 0 0 -3.4762730774680886e-30 346.5625 346.5625 4.5691157664210249e-28 0 0 -4.0468927506718171e-29
d 0 0 -4.1296319138784002e-28 0 0 -3.4764886044168664e-30 346.875 346.875 4.5690835556622962e-28 0 0 -4.0468669291831635e-29
d 0 0 -4.1296001310690675e-28 0 0 -3.4767037634102908e-30 347.1875 347.1875 4.5690513300158399e-28 0 0 -4.0468410107038922e-29
d 0 0 -4.1295683483125699e-28 0 0 -3.4769185628059099e-30 347.5 347.5 4.5690190927651902e-28 0 0 -4.0468150191650135e-29
d 0 0 -4.1293141905610158e-28 0 0 -3.4786244005817252e-30 350 350 4.5687610685008137e-28 0 0 -4.0466063243479792e-29
d 0 0 -4.1290621704359937e-28 0 0 -3.4802474196732006e-30 352.5 352.5 4.5685051593281867e-28 0 0 -4.0464023943949691e-29
d 0 0 -4.1288115284639726e-28 0 0 -3.4818880594076264e-30 355 355 4.5682507631089387e-28 0 0 -4.0462035405775699e-29
d 0 0 -4.1283039572011492e-28 0 0 -3.4851461883292782e-30 360 360 4.5677360111068452e-28 0 0 -4.0458059203391699e-29
d 0 0 -4.1282722437720049e-28 0 0 -3.4853472940240142e-30 360.3125 360.3125 4.567703888491059e-28 0 0 -4.0457816843673515e-29
d 0 0 -4.1282405330128439e-28 0 0 -3.4855474939495494e-30 360.625 360.625 4.5676717742690613e-28 0 0 -4.0457575321602848e-29
d 0 0 -4.1282088250331785e-28 0 0 -3.4857497150399004e-30 360.9375 360.9375 4.5676396687337661e-28 0 0 -4.0457334655006784e-29
d 0 0 -4.1281771199325047e-28 0 0 -3.4859501699136656e-30 361.25 361.25 4.5676075721710966e-28 0 0 -4.0457094861913094e-29
d 0 0 -4.1281454178018527e-28 0 0 -3.4861480566767484e-30 361.5625 361.5625 4.5675754848617108e-28 0 0 -4.0456855960587894e-29
d 0 0 -4.1281137187250539e-28 0 0 -3.486350462673185e-30 361.875 361.875 4.5675434070824208e-28 0 0 -4.0456617969566495e-29
d 0 0 -4.1280820227797907e-28 0 0 -3.4865507250731754e-30 362.1875 362.1875 4.5675113391073746e-28 0 0 -4.0456380907678532e-29
d 0 0 -4.1280503300384716e-28 0 0 -3.48675032290842e-30 362.5 362.5 4.5674792812090238e-28 0 0 -4.0456144794068393e-29
d 0 0 -4.1279235924144201e-28 0 0 -3.4875461227867898e-30 363.75 363.75 4.5673511558141985e-28 0 0 -4.0455210217127075e-29
d 0 0 -4.1278919166401376e-28 0 0 -3.4877425124206722e-30 364.0625 364.0625 4.5673191523768153e-28 0 0 -4.0454979144043939e-29
d 0 0 -4.1278602444279424e-28 0 0 -3.4879424807799308e-30 364.375 364.375 4.5672871606526434e-28 0 0 -4.0454749141404847e-29
d 0 0 -4.1278285758289385e-28 0 0 -3.488140228480045e-30 364.6875 364.6875 4.5672551809189945e-28 0 0 -4.0454520230844536e-29
d 0 0 -4.1277969108926472e-28 0 0 -3.4883378212904137e-30 365 365 4.5672232134552917e-28 0 0 -4.0454292434364193e-29
d 0 0 -4.127765249667257e-28 0 0 -3.4885338567857106e-30 365.3125 365.3125 4.5671912585432663e-28 0 0 -4.0454065774328329e-29
d 0 0 -4.1277335921998497e-28 0 0 -3.4887317537954543e-30 365.625 365.625 4.5671593164671142e-28 0 0 -4.0453840273459794e-29
d 0 0 -4.1277019385366077e-28 0 0 -3.4889285453545462e-30 365.9375 365.9375 4.5671273875136267e-28 0 0 -4.0453615954833428e-29
d 0 0 -4.1276702887230066e-28 0 0 -3.4891251088995418e-30 366.25 366.25 4.5670954719722875e-28 0 0 -4.0453392841868039e-29
d 0 0 -4.1275437288596131e-28 0 0 -3.4899091689733453e-30 367.5 367.5 4.5669679498159567e-28 0 0 -4.0452512926471628e-29
d 0 0 -4.1275120989637329e-28 0 0 -3.4901044766407534e-30 367.8125 367.8125 4.5669361057759895e-28 0 0 -4.0452296204404524e-29
d 0 0 -4.1274804731850281e-28 0 0 -3.4902995386130781e-30 368.125 368.125 4.5669042769444693e-28 0 0 -4.0452080835119631e-29
d 0 0 -4.1274488515686748e-28 0 0 -3.4904943617363713e-30 368.4375 368.4375 4.5668724636308053e-28 0 0 -4.0451866844109442e-29
d 0 0 -4.1274172341604249e-28 0 0 -3.490688941538759e-30 368.75 368.75 4.5668406661472331e-28 0 0 -4.0451654257100278e-29
d 0 0 -4.1273856210067655e-28 0 0 -3.4908832801607448e-30 369.0625 369.0625 4.5668088848087822e-28 0 0 -4.0451443100033364e-29
d 0 0 -4.1273540121550798e-28 0 0 -3.4910773787534234e-30 369.375 369.375 4.5667771199332405e-28 0 0 -4.0451233399044849e-29
d 0 0 -4.1273224076538165e-28 0 0 -3.4912712382810457e-30 369.6875 369.6875 4.5667453718411136e-28 0 0 -4.0451025180444813e-29
d 0 0 -4.1272908075526645e-28 0 0 -3.4914648595918429e-30 370 370 4.5667136408555855e-28 0 0 -4.0450818470695432e-29
d 0 0 -4.1267858532991132e-28 0 0 -3.4945311088727942e-30 375 375 4.5662085455703714e-28 0 0 -4.0447738118239361e-29
d 0 0 -4.1262824209475916e-28 0 0 -3.4975404909099336e-30 380 380 4.5657093938782202e-28 0 0 -4.0445157024091259e-29
d 0 0 -4.1257826782347296e-28 0 0 -3.5004935246688541e-30 385 385 4.5652192329380306e-28 0 0 -4.0443161945672218e-29
d 0 0 -4.1252951990672515e-28 0 0 -3.5033706315399086e-30 390 390 4.5647469895866266e-28 0 0 -4.0441808369671465e-29
d 0 0 -4.1251372901156721e-28 0 0 -3.5074364793949553e-30 392.5 392.5 4.5670695417892155e-28 0 0 -4.0685788687589737e-29
d 0 0 -4.1249828225972491e-28 0 0 -3.5085161099810014e-30 395 395 4.5669256922849822e-28 0 0 -4.0685770858799159e-29
d 0 0 -4.1248284276818986e-28 0 0 -3.5095851313758052e-30 397.5 397.5 4.5667836373244561e-28 0 0 -4.0685935832886269e-29
d 0 0 -4.1246741191099112e-28 0 0 -3.5106444244207486e-30 400 400 4.5666460941542287e-28 0 0 -4.0686553080016145e-29
d 0 0 -4.1245199098760222e-28 0 0 -3.5116944157605151e-30 402.5 402.5 4.5665170836624479e-28 0 0 -4.0688022980907311e-29
d 0 0 -4.1243658158384657e-28 0 0 -3.5127353130023011e-30 405 405 4.5664035181400973e-28 0 0 -4.0691034929716265e-29
d 0 0 -4.1240580877095468e-28 0 0 -3.5147906203514588e-30 410 410 4.5662746757286854e-28 0 0 -4.0706868177791004e-29
d 0 0 -4.1237518200273077e-28 0 0 -3.5168085418366017e-30 415 415 4.566397512261922e-28 0 0 -4.0747760680361068e-29
d 0 0 -4.1234510631820646e-28 0 0 -3.5187935399551236e-30 420 420 4.5667380585047767e-28 0 0 -4.0809930527467953e-29
d 0 0 -4.1232239023016607e-28 0 0 -3.5211002720999954e-30 425 425 4.5694621888159057e-28 0 0 -4.1102728328770574e-29
d 0 0 -4.1231251909072072e-28 0 0 -3.5217908502472673e-30 427.5 427.5 4.5694881025623431e-28 0 0 -4.1114500315227625e-29
d 0 0 -4.1230272837549286e-28 0 0 -3.5224717700488397e-30 430 430 4.5694557652973127e-28 0 0 -4.1120376384181753e-29
d 0 0 -4.122835724868438e-28 0 0 -3.5237867014203572e-30 435 435 4.5693196029921257e-28 0 0 -4.1124592792862137e-29
d 0 0 -4.1226738139182103e-28 0 0 -3.5250720932661263e-30 440 440 4.5707538983581347e-28 0 0 -4.1282936350604511e-29
d 0 0 -4.1225128700954498e-28 0 0 -3.5262017936917014e-30 445 445 4.5706303547508717e-28 0 0 -4.1285546500941952e-29
d 0 0 -4.1223520028867802e-28 0 0 -3.5273190922513198e-30 450 450 4.5704983453367229e-28 0 0 -4.1287314991278638e-29
d 0 0 -4.1221912157095823e-28 0 0 -3.5284247548951165e-30 455 455 4.5703692460500367e-28 0 0 -4.12893782090147e-29
d 0 0 -4.1220305164238214e-28 0 0 -3.5295001380622653e-30 460 460 4.5702197452046004e-28 0 0 -4.1289403484504531e-29
d 0 0 -4.1218699060800462e-28 0 0 -3.5306021170706301e-30 465 465 4.5700718571593903e-28 0 0 -4.128959139445178e-29
d 0 0 -4.1217093882076355e-28 0 0 -3.5316779450545533e-30 470 470 4.5699234437905133e-28 0 0 -4.1289727238042523e-29
d 0 0 -4.1215489656949602e-28 0 0 -3.5327432580870602e-30 475 475 4.5697745777900552e-28 0 0 -4.1289817513552302e-29
d 0 0 -4.1213886411164858e-28 0 0 -3.5337997569107305e-30 480 480 4.5696254473935428e-28 0 0 -4.1289880358977573e-29
d 0 0 -4.1212284168143932e-28 0 0 -3.5348478579931683e-30 485 485 4.5694761749708536e-28 0 0 -4.1289927394034285e-29
d 0 0 -4.1210682949419593e-28 0 0 -3.5358878984333555e-30 490 490 4.569326821556886e-28 0 0 -4.1289964161440887e-29
d 0 0 -4.1209082774952663e-28 0 0 -3.5369194877675856e-30 495 495 4.5691774098585496e-28 0 0 -4.128999241843747e-29
d 0 0 -4.1207483663391568e-28 0 0 -3.5379442022863999e-30 500 500 4.5690279411643887e-28 0 0 -4.1290011820243392e-29
d 0 0 -4.1205885632283605e-28 0 0 -3.5389614429656798e-30 505 505 4.5688784050824519e-28 0 0 -4.1290020887815779e-29
d 0 0 -4.1204288698217297e-28 0 0 -3.539972131128848e-30 510 510 4.5687287838920542e-28 0 0 -4.1290017439326292e-29
d 0 0 -4.1202692876956026e-28 0 0 -3.5409761718377562e-30 515 515 4.5685790541849859e-28 0 0 -4.1289998750430992e-29
d 0 0 -4.1201098183532088e-28 0 0 -3.5419737311600737e-30 520 520 4.568429187922002e-28 0 0 -4.1289961657545916e-29
d 0 0 -4.1199504632347147e-28 0 0 -3.5429649638881069e-30 525 525 4.5682791541856388e-28 0 0 -4.1289902730421803e-29
d 0 0 -4.119791223727237e-28 0 0 -3.5439498504834917e-30 530 530 4.5681289212797545e-28 0 0 -4.1289818479368603e-29
d 0 0 -4.119632101174112e-28 0 0 -3.544928910034443e-30 535 535 4.5679784585027994e-28 0 0 -4.1289705530066783e-29
d 0 0 -4.1194730968830063e-28 0 0 -3.5459018155793371e-30 540 540 4.5678277373435396e-28 0 0 -4.1289560740971233e-29
d 0 0 -4.1193142121329239e-28 0 0 -3.5468693600924916e-30 545 545 4.5676767322164364e-28 0 0 -4.1289381275020085e-29
d 0 0 -4.1191554481802838e-28 0 0 -3.5478313432249063e-30 550 550 4.5675254209271247e-28 0 0 -4.1289164644637961e-29
d 0 0 -4.1189968062642417e-28 0 0 -3.548787933036598e-30 555 555 4.5673737849907703e-28 0 0 -4.1288908742260823e-29
d 0 0 -4.1188382876113927e-28 0 0 -3.5497392399256103e-30 560 560 4.5672218098597732e-28 0 0 -4.1288611861992291e-29
d 0 0 -4.1186798934399624e-28 0 0 -3.5506853877345668e-30 565 565 4.5670694850890223e-28 0 0 -4.1288272715176987e-29
d 0 0 -4.1185216249636367e-28 0 0 -3.5516264946397778e-30 570 570 4.5669168044622016e-28 0 0 -4.1287890442203361e-29
d 0 0 -4.1183634833951436e-28 0 0 -3.5525626477413531e-30 575 575 4.5667637661029613e-28 0 0 -4.1287464622876138e-29
d 0 0 -4.1182054699497278e-28 0 0 -3.5534939993055689e-30 580 580 4.5666103725918079e-28 0 0 -4.128699528740788e-29
d 0 0 -4.1180475858486004e-28 0 0 -3.5544206313430463e-30 585 585 4.5664566311035905e-28 0 0 -4.1286482929491607e-29
d 0 0 -4.1178898323224146e-28 0 0 -3.5553426430830289e-30 590 590 4.5663025535746599e-28 0 0 -4.1285928522348458e-29
d 0 0 -4.1177322106147798e-28 0 0 -3.5562601282262736e-30 595 595 4.5661481569058254e-28 0 0 -4.1285333538358595e-29
d 0 0 -4.1175747219858164e-28 0 0 -3.5571731762646623e-30 600 600 4.5659934632081723e-28 0 0 -4.1284699972985742e-29
d 0 0 -4.1174173677157317e-28 0 0 -3.5580818728228323e-30 605 605 4.5658385001036269e-28 0 0 -4.1284030374186612e-29
d 0 0 -4.1172601491084202e-28 0 0 -3.5589863000530124e-30 610 610 4.5656833011001762e-28 0 0 -4.1283327879303082e-29
d 0 0 -4.1171030674950762e-28 0 0 -3.5598860303594369e-30 615 615 4.565527906072659e-28 0 0 -4.1282596262526188e-29
d 0 0 -4.1169461242378315e-28 0 0 -3.5607820210115721e-30 620 620 4.5653723618938085e-28 0 0 -4.1281839997402288e-29
d 0 0 -4.116789320733445e-28 0 0 -3.5616739409118169e-30 625 625 4.5652167232777021e-28 0 0 -4.1281064340589763e-29
d 0 0 -4.1166326584170499e-28 0 0 -3.5625618558994484e-30 630 630 4.565061053920102e-28 0 0 -4.1280275445308332e-29
d 0 0 -4.1164761387660003e-28 0 0 -3.5634458296070898e-30 635 635 4.5649054280494441e-28 0 0 -4.1279480515850026e-29
d 0 0 -4.1163197633038956e-28 0 0 -3.5643259236768105e-30 640 640 4.5647499325423842e-28 0 0 -4.1278688018488114e-29
d 0 0 -4.1161635336049235e-28 0 0 -3.5652021984996969e-30 645 645 4.5645946698085771e-28 0 0 -4.1277907969159196e-29
d 0 0 -4.1160074512969435e-28 0 0 -3.5660747129591045e-30 650 650 4.5644397616658282e-28 0 0 -4.1277152321166624e-29
d 0 0 -4.1158515180672248e-28 0 0 -3.5669435258025101e-30 655 655 4.5642853546310549e-28 0 0 -4.1276435492609021e-29
d 0 0 -4.1156957356664776e-28 0 0 -3.5678086958241781e-30 660 660 4.5641316268763624e-28 0 0 -4.1275775061635857e-29
d 0 0 -4.1155401059135064e-28 0 0 -3.5686702823533569e-30 665 665 4.5639787972371885e-28 0 0 -4.1275192666504299e-29
d 0 0 -4.1153846307000347e-28 0 0 -3.5695283456742106e-30 670 670 4.5638271363450412e-28 0 0 -4.1274715118050713e-29
d 0 0 -4.1152293119958037e-28 0 0 -3.5703829473912317e-30 675 675 4.563676979316971e-28 0 0 -4.1274375667778424e-29
d 0 0 -4.1150741518542804e-28 0 0 -3.5712341507293332e-30 680 680 4.5635287380498282e-28 0 0 -4.127421523633856e-29
d 0 0 -4.114919152419619e-28 0 0 -3.5720820207688354e-30 685 685 4.563382908769137e-28 0 0 -4.1274283167330193e-29
d 0 0 -4.1147643159359804e-28 0 0 -3.572926624629474e-30 690 690 4.5632400672950453e-28 0 0 -4.1274636752572157e-29
d 0 0 -4.1146096447606339e-28 0 0 -3.5737680315871207e-30 695 695 4.563100842216415e-28 0 0 -4.1275338547832105e-29
d 0 0 -4.114455141381864e-28 0 0 -3.5746063130676342e-30 700 700 4.5629658588239265e-28 0 0 -4.1276450764011248e-29
d 0 0 -4.1143008084410183e-28 0 0 -3.5754415425824291e-30 705 705 4.5628356587776845e-28 0 0 -4.1278027231383325e-29
d 0 0 -4.1141466487552816e-28 0 0 -3.5762737889729369e-30 710 710 4.5627106201050717e-28 0 0 -4.1280105396738997e-29
d 0 0 -4.1139926653360761e-28 0 0 -3.5771031424905613e-30 715 715 4.5625909142597246e-28 0 0 -4.128270202693361e-29
d 0 0 -4.1138388613998235e-28 0 0 -3.5779296776317437e-30 720 720 4.5624765243331643e-28 0 0 -4.1285815028245174e-29
d 0 0 -4.1136852403722479e-28 0 0 -3.5787534784875488e-30 725 725 4.5623673166708042e-28 0 0 -4.1289430606588445e-29
d 0 0 -4.113531805890834e-28 0 0 -3.5795746336987609e-30 730 730 4.5622631336199628e-28 0 0 -4.1293532540924317e-29
d 0 0 -4.113378561810375e-28 0 0 -3.5803932395460507e-30 735 735 4.5621638722710772e-28 0 0 -4.1298110055513694e-29
d 0 0 -4.1132255122141882e-28 0 0 -3.5812093804101362e-30 740 740 4.5620695304692795e-28 0 0 -4.1303162418429914e-29
d 0 0 -4.1130726614292958e-28 0 0 -3.58202320247782e-30 745 745 4.5619802315126137e-28 0 0 -4.130870140796673e-29
d 0 0 -4.1129200140410012e-28 0 0 -3.5828348177779666e-30 750 750 4.5618962592920861e-28 0 0 -4.1314754822643918e-29
d 0 0 -4.1127675749046676e-28 0 0 -3.5836443655920103e-30 755 755 4.5618181177993034e-28 0 0 -4.1321372427290649e-29
d 0 0 -4.1126153491577466e-28 0 0 -3.5844520727809498e-30 760 760 4.5617465896833019e-28 0 0 -4.1328631802731472e-29
d 0 0 -4.1124633422365069e-28 0 0 -3.5852580084028888e-30 765 765 4.561682756113572e-28 0 0 -4.1336640323901053e-29
d 0 0 -4.1123115598978888e-28 0 0 -3.5860624559623424e-30 770 770 4.5616279668614828e-28 0 0 -4.134553215690802e-29
d 0 0 -4.1121600082422543e-28 0 0 -3.586865690579833e-30 775 775 4.5615837816920686e-28 0 0 -4.1355462383770185e-29
d 0 0 -4.1120086937314934e-28 0 0 -3.5876680524910818e-30 780 780 4.5615519131986925e-28 0 0 -4.1366601267592972e-29
d 0 0 -4.1118576231988834e-28 0 0 -3.5884699687223037e-30 785 785 4.5615341898718422e-28 0 0 -4.137913053673558e-29
d 0 0 -4.1117068038501488e-28 0 0 -3.589271980622767e-30 790 790 4.5615325430890906e-28 0 0 -4.1393242056218603e-29
d 0 0 -4.111556243258674e-28 0 0 -3.5900747766447754e-30 795 795 4.5615490127594173e-28 0 0 -4.1409138359943696e-29
d 0 0 -4.111405949362087e-28 0 0 -3.5908792287250939e-30 800 800 4.5615857639761468e-28 0 0 -4.1427034280908567e-29
d 0 0 -4.1112559304733801e-28 0 0 -3.591686419565369e-30 805 805 4.5616451080071403e-28 0 0 -4.1447159016483432e-29
d 0 0 -4.1111061953270424e-28 0 0 -3.5924976714929126e-30 810 810 4.5617295226370148e-28 0 0 -4.1469758137628645e-29
d 0 0 -4.1109567531873834e-28 0 0 -3.5933145355360884e-30 815 815 4.5618416681951303e-28 0 0 -4.1495095185915376e-29
d 0 0 -4.1108076140478635e-28 0 0 -3.5941387476808204e-30 820 820 4.5619843966204768e-28 0 0 -4.1523452605118358e-29
d 0 0 -4.1106587889415528e-28 0 0 -3.5949721335239531e-30 825 825 4.5621607523030053e-28 0 0 -4.1555131889632999e-29
d 0 0 -4.1105102903630318e-28 0 0 -3.5958164638908919e-30 830 830 4.562373966062407e-28 0 0 -4.1590453084029275e-29
d 0 0 -4.1103621328049231e-28 0 0 -3.5966732822028084e-30 835 835 4.5626274482453097e-28 0 0 -4.1629754211802221e-29
d 0 0 -4.1102143315607836e-28 0 0 -3.5975433416174273e-30 840 840 4.5629247579577187e-28 0 0 -4.1673388881923519e-29
d 0 0 -4.1100669096663647e-28 0 0 -3.5984256319132355e-30 845 845 4.5632696822724849e-28 0 0 -4.1721734474175148e-29
d 0 0 -4.1099198943094916e-28 0 0 -3.599320432925314e-30 850 850 4.5636663375580528e-28 0 0 -4.1775199617501179e-29
d 0 0 -4.1097733097599082e-28 0 0 -3.6002274186351775e-30 855 855 4.5641191236105137e-28 0 0 -4.1834222155513383e-29
d 0 0 -4.1096271834168883e-28 0 0 -3.6011460335411153e-30 860 860 4.5646329294467077e-28 0 0 -4.1899288771754188e-29
d 0 0 -4.1094815454201224e-28 0 0 -3.6020756830344407e-30 865 865 4.5652132652191873e-28 0 0 -4.1970948023838684e-29
d 0 0 -4.1093364285182158e-28 0 0 -3.6030159059341806e-30 870 870 4.5658663875828122e-28 0 0 -4.2049822719877245e-29
d 0 0 -4.1091918680844769e-28 0 0 -3.6039665023810564e-30 875 875 4.5665994083758015e-28 0 0 -4.2136620656014017e-29
d 0 0 -4.1090479022690524e-28 0 0 -3.6049276125780953e-30 880 880 4.5674203915176208e-28 0 0 -4.2232144211094936e-29
d 0 0 -4.108904572264225e-28 0 0 -3.606087771494339e-30 885 885 4.5683384529458482e-28 0 0 -4.2337300273545627e-29
d 0 0 -4.108761922649722e-28 0 0 -3.6070835824666169e-30 890 890 4.5693638817698485e-28 0 0 -4.2453112305660956e-29
d 0 0 -4.1086200017847543e-28 0 0 -3.6080935281805239e-30 895 895 4.5705082996553666e-28 0 0 -4.2580736234240163e-29
d 0 0 -4.1084788622190053e-28 0 0 -3.6091194393580855e-30 900 900 4.5717848734195929e-28 0 0 -4.2721481655315506e-29
d 0 0 -4.1083385611014361e-28 0 0 -3.6101636019183406e-30 905 905 4.5732085957014121e-28 0 0 -4.2876839831963911e-29
d 0 0 -4.108199160571606e-28 0 0 -3.6112288074170383e-30 910 910 4.5747966517306292e-28 0 0 -4.304852028165806e-29
d 0 0 -4.1080607281239306e-28 0 0 -3.6123184324614155e-30 915 915 4.5765688972263853e-28 0 0 -4.3238498450265774e-29
d 0 0 -4.1079233369436295e-28 0 0 -3.6134365552582002e-30 920 920 4.5785484840361924e-28 0 0 -4.3449078125806389e-29
d 0 0 -4.1077870662290123e-28 0 0 -3.6145881207990167e-30 925 925 4.580762687915136e-28 0 0 -4.3682974019059624e-29
d 0 0 -4.1076520015456967e-28 0 0 -3.6157791711561871e-30 930 930 4.583244020094356e-28 0 0 -4.3943422654334241e-29
d 0 0 -4.1075182353155971e-28 0 0 -3.6170171684297136e-30 935 935 4.5860317469419564e-28 0 0 -4.423433396422073e-29
d 0 0 -4.1073858676440623e-28 0 0 -3.6183114496697748e-30 940 940 4.5891740107328909e-28 0 0 -4.456050282861295e-29
d 0 0 -4.1072550078581305e-28 0 0 -3.6196738806742785e-30 945 945 4.5927308587490894e-28 0 0 -4.4927911177175507e-29
d 0 0 -4.1071257774092327e-28 0 0 -3.6211198161432477e-30 950 950 4.5967786842421329e-28 0 0 -4.5344170835181863e-29
d 0 0 -4.1069983152597138e-28 0 0 -3.6226695498852701e-30 955 955 4.6014169330653056e-28 0 0 -4.5819192197855222e-29
d 0 0 -4.106872787676273e-28 0 0 -3.6243505798383024e-30 960 960 4.6067785818594041e-28 0 0 -4.6366228804567911e-29
d 0 0 -4.1067494058376651e-28 0 0 -3.6262012903084613e-30 965 965 4.6130471688221327e-28 0 0 -4.700357497375471e-29
d 0 0 -4.1066284576591927e-28 0 0 -3.6282772448300766e-30 970 970 4.6204858006913085e-28 0 0 -4.7757457046053318e-29
d 0 0 -4.1065103668772329e-28 0 0 -3.6306624125758271e-30 975 975 4.6294894317006772e-28 0 0 -4.8667244056857521e-29
d 0 0 -4.1063958086348192e-28 0 0 -3.6334911941146954e-30 980 980 4.6406859256071334e-28 0 0 -4.9795520490760209e-29
d 0 0 -4.106285954760276e-28 0 0 -3.6369946305581363e-30 985 985 4.6551497524418498e-28 0 0 -5.1249385139040081e-29
d 0 0 -4.1061830585097502e-28 0 0 -3.6416105089168335e-30 990 990 4.6749112793483173e-28 0 0 -5.3231211577766097e-29
d 0 0 -4.1060921006819555e-28 0 0 -3.6482924788359776e-30 995 995 4.704393891906947e-28 0 0 -5.6181886649451298e-29
d 0 0 -4.1060267574104313e-28 0 0 -3.6596241893960485e-30 1000 1000 4.7556672369237216e-28 0 0 -6.1304423761933628e-29
d 0 0 -4.1060429977983052e-28 0 0 -3.6860287638639647e-30 1005 1005 4.8785251206256494e-28 0 0 -7.3562183518933924e-29
d 0 0 -4.106827884393734e-28 0 0 -3.8522276977399518e-30 1010 1010 5.681741879587614e-28 0 0 -1.5363917182216856e-28
d 0 0 -4.1093443708981418e-28 0 0 -4.3070416591609779e-30 1011.25 1011.25 7.896176993263139e-28 0 0 -3.7437622057733877e-28
d 0 0 -4.1134435516477646e-28 0 0 -5.0326171644714078e-30 1011.5625 1011.5625 1.143398459179681e-27 0 0 -7.2702148685061253e-28
d 0 0 -4.1240322033514717e-28 0 0 -6.8935562506985339e-30 1011.71875 1011.71875 2.0515060401576286e-27 0 0 -1.6322092635763663e-27
d 0 0 -4.1668918742546942e-28 0 0 -1.4386996609471308e-29 1011.796875 1011.796875 5.7078682964247319e-27 0 0 -5.2767921124672808e-27
d 0 0 -4.3418564998847233e-28 0 0 -4.4810676995513524e-29 1011.8359375 1011.8359375 2.0518173911558722e-26 0 0 -2.003917758584757e-26
d 0 0 -5.2819660698312709e-28 0 0 -2.0703786394851472e-28 1011.875 1011.875 9.9136398695043193e-26 0 0 -9.8401164224329277e-26
d 0 0 -6.9878132711487006e-26 0 0 -1.1855695226040971e-25 1012.03125 1012.03125 5.6954255012141663e-23 0 0 -5.6765819927169923e-23
d 0 0 -5.1541357668470594e-23 0 0 -8.7562127896050319e-23 1012.1875 1012.1875 4.186514855142105e-20 0 0 -4.1726045065856529e-20
d 0 0 -7.4481319817369457e-21 0 0 -1.2610965543158687e-20 1012.265625 1012.265625 6.008037811458565e-18 0 0 -5.9879787139336677e-18
d 0 0 -6.6282624393078056e-21 0 0 -1.1223673637769319e-20 1012.26806640625 1012.26806640625 5.3475505087715449e-18 0 0 -5.3296985726944671e-18
d 0 0 -5.598915807626132e-21 0 0 -9.4817604619044619e-21 1012.2705078125 1012.2705078125 4.5181489135181117e-18 0 0 -4.5030682372485804e-18
Q 2 13 "Source Voltage"
Q 3 13 "Gate Voltage"
Q 4 13 "Drain Voltage"
Q 5 13 "Substrate Voltage"
Q 20 13 "Source Current"
Q 21 13 "Gate Current"
Q 22 13 "Drain Current"
Q 23 13 "Substrate Current"
Q 92 21 Contact
Q 601 13 "Source Int. Voltage"
Q 602 13 "Gate Int. Voltage"
Q 603 13 "Drain Int. Voltage"
Q 604 13 "Substrate Int. Voltage"
EOF 827267312
