v VICTORYDEVICE
# silvaco.file ASCII version=1.14.29 format=1 contents=SDB,Tables=1

Copyright "###################################################################"
Copyright "#                    Copyright Silvaco Inc. (c)                   #"
Copyright "#                            1992-2014                            #"
Copyright "#                                                                 #"
Copyright "# This file format and the following Key are copyright Silvaco    #"
Copyright "# International. You may not use, this format or key without      #"
Copyright "# reproducing this message in full and obtaining                  #"
Copyright "# express written permission from Silvaco Inc.                    #"
Copyright "#                                                                 #"
Copyright "# To obtain such permission please contact: Silvaco Inc.          #"
Copyright "#                                           support@silvaco.com   #"
Copyright "#                                                                 #"
Copyright "# KEY=SVC86hn7562asdx                       PROD=345              #"
Copyright "###################################################################"
#This file was created by VICTORYDEVICE version 1.24.0.R
#victoryd 1.24.0.R (Wed Jun 26 14:38:19 PDT 2024)
#libSDB 1.12.65 (Thu Dec  7 08:14:05 PST 2023)
a VICTORYDEVICE
j 1 9
k 4
r 1 92
x 3 43 42 46
w source 1 1
r 2 92
x 3 43 42 46
w gate 1 2
r 3 92
x 3 43 42 46
w drain 1 3
r 4 92
x 3 43 42 46
w substrate 1 4
y 1 15
z 300
f 4 source gate drain substrate
p 12 2 601 20 3 602 21 4 603 22 5 604 23
d 0 0 -0.0023339259370102287 4 4 0.00013768369892584365 0.1 0.1 0.0021962422380843848 0 0 0
d 0 0 -0.0045317303509842541 4 4 0.00012549086603993648 0.2 0.2 0.0044062394849044301 0 0 0
d 0 0 -0.0067279651336591088 4 4 0.00011459226851123688 0.3 0.3 0.0066133728651478684 0 0 0
d 0 0 -0.0089219429406060206 4 4 0.00010487380782529442 0.4 0.4 0.0088170691327805386 0 0 0
d 0 0 -0.011113027652786791 4 4 9.6227524823937129e-05 0.5 0.5 0.011016800127962408 0 0 0
d 0 0 -0.01330068377601681 4 4 8.8550387348295038e-05 0.60000000000000009 0.60000000000000009 0.013212133388668132 0 0 0
d 0 0 -0.01548447973014869 4 4 8.1743764603060167e-05 0.7 0.7 0.015402735965545431 0 0 0
d 0 0 -0.017664069034163801 4 4 7.5713403839348448e-05 0.8 0.8 0.017588355630324373 0 0 0
d 0 0 -0.01983917125307607 4 4 7.0369771900072903e-05 0.9 0.9 0.01976880148117597 0 0 0
d 0 0 -0.022009559063237961 4 4 6.562865590656985e-05 1 1 0.021943930407331381 0 0 0
d 0 0 -0.024175049856164841 4 4 6.1411890947618482e-05 1.1000000000000001 1.1000000000000001 0.024113637965217219 0 0 0
d 0 0 -0.026335499291867522 4 4 5.76480572070023e-05 1.2000000000000002 1.2000000000000002 0.026277851234660518 0 0 0
d 0 0 -0.02849079627787757 4 4 5.4272999837834045e-05 1.3 1.3 0.028436523278039735 0 0 0
d 0 0 -0.030640864893228571 4 4 5.1230067540524052e-05 1.4000000000000001 1.4000000000000001 0.030589634825688036 0 0 0
d 0 0 -0.03278571007720156 4 4 4.8469997203063681e-05 1.5 1.5 0.032737240079993124 0 0 0
d 0 0 -0.034925724747277627 4 4 4.5950252633645163e-05 1.6000000000000001 1.6000000000000001 0.03487977449233768 0 0 0
d 0 0 -0.037062399049030727 4 4 4.3633877198654142e-05 1.7000000000000002 1.7000000000000002 0.037018765171804149 0 0 0
d 0 0 -0.039196786815580906 4 4 4.1490633396890449e-05 1.8 1.8 0.039155296182133925 0 0 0
d 0 0 -0.041330223636635605 4 4 3.9495313924673298e-05 1.9000000000000001 1.9000000000000001 0.04129072832271017 0 0 0
d 0 0 -0.043462035883153192 4 4 3.7628955167856484e-05 2 2 0.043424406927985298 0 0 0
d 0 0 -0.05410994263436434 4 4 2.9751575659131874e-05 2.5 2.5 0.054080191058705013 0 0 0
d 0 0 -0.064734828367752115 4 4 2.359573040594628e-05 3 3 0.064711232637334429 0 0 0
d 0 0 -0.075333776409251679 4 4 1.8675954611434588e-05 3.5 3.5 0.075315100454633521 0 0 0
d 0 0 -0.085905832644921756 4 4 1.4745680499910408e-05 4 4 0.085891086964421798 0 0 0
d 0 0 -0.096449863854402365 4 4 1.16342940408097e-05 4.5 4.5 0.096438229560361466 0 0 0
d 0 0 -0.10697963276269268 4 4 9.1960750336400065e-06 5 5 0.10697043668765514 0 0 0
d 0 0 -0.1278987495099142 4 4 5.8636401486334218e-06 6 6 0.1278928858697633 0 0 0
d 0 0 -0.14866269103280838 4 4 3.9014747272495428e-06 7 7 0.14865878955808051 0 0 0
d 0 0 -0.16917430496789249 4 4 2.7280105946942105e-06 8 8 0.16917157695729745 0 0 0
d 0 0 -0.20914608466132872 4 4 1.4965384662381077e-06 10 10 0.20914458812282721 0 0 0
d 0 0 -0.24709563078707406 4 4 8.9224961167660407e-07 12 12 0.24709473853746095 0 0 0
d 0 0 -0.28182222751024449 4 4 5.4516819622047921e-07 14 14 0.28182168234204813 0 0 0
d 0 0 -0.31062305529351736 4 4 3.4030092586950327e-07 16 16 0.31062271499259136 0 0 0
d 0 0 -0.32832605003571169 4 4 2.4146185363768319e-07 18 18 0.32832580857385807 0 0 0
d 0 0 -0.33533842778388179 4 4 2.0733259280847495e-07 20 20 0.33533822045128897 0 0 0
d 0 0 -0.33863205251502909 4 4 1.9226019904755194e-07 22 22 0.33863186025483005 0 0 0
d 0 0 -0.34083592259990908 4 4 1.8251390102522922e-07 24 24 0.34083574008600753 0 0 0
d 0 0 -0.34250554657445109 4 4 1.7530985466174494e-07 26 26 0.3425053712645964 0 0 0
d 0 0 -0.34376686066600293 4 4 1.6997062165163699e-07 28 28 0.34376669069538124 0 0 0
d 0 0 -0.34467564184144434 4 4 1.6618014036489867e-07 30 30 0.34467547566130396 0 0 0
d 0 0 -0.3453439053358523 4 4 1.6342373371952932e-07 32 32 0.34534374191211858 0 0 0
d 0 0 -0.34588078925292498 4 4 1.6122781298961368e-07 34 34 0.34588062802511199 0 0 0
d 0 0 -0.34634285541604687 4 4 1.5935069402685413e-07 36 36 0.34634269606535284 0 0 0
d 0 0 -0.34675180357369662 4 4 1.5769908226795778e-07 38 38 0.34675164587461432 0 0 0
d 0 0 -0.34711220277347832 4 4 1.5625117803386281e-07 40 40 0.34711204652230027 0 0 0
Q 2 13 "Source Voltage"
Q 3 13 "Gate Voltage"
Q 4 13 "Drain Voltage"
Q 5 13 "Substrate Voltage"
Q 20 13 "Source Current"
Q 21 13 "Gate Current"
Q 22 13 "Drain Current"
Q 23 13 "Substrate Current"
Q 92 21 Contact
Q 601 13 "Source Int. Voltage"
Q 602 13 "Gate Int. Voltage"
Q 603 13 "Drain Int. Voltage"
Q 604 13 "Substrate Int. Voltage"
EOF 1703744608
