v VICTORYDEVICE
# silvaco.file ASCII version=1.14.29 format=1 contents=SDB,Tables=1

Copyright "###################################################################"
Copyright "#                    Copyright Silvaco Inc. (c)                   #"
Copyright "#                            1992-2014                            #"
Copyright "#                                                                 #"
Copyright "# This file format and the following Key are copyright Silvaco    #"
Copyright "# International. You may not use, this format or key without      #"
Copyright "# reproducing this message in full and obtaining                  #"
Copyright "# express written permission from Silvaco Inc.                    #"
Copyright "#                                                                 #"
Copyright "# To obtain such permission please contact: Silvaco Inc.          #"
Copyright "#                                           support@silvaco.com   #"
Copyright "#                                                                 #"
Copyright "# KEY=SVC86hn7562asdx                       PROD=345              #"
Copyright "###################################################################"
#This file was created by VICTORYDEVICE version 1.24.0.R
#victoryd 1.24.0.R (Wed Jun 26 14:38:19 PDT 2024)
#libSDB 1.12.65 (Thu Dec  7 08:14:05 PST 2023)
a VICTORYDEVICE
j 1 9
k 4
r 1 92
x 3 43 42 46
w source 1 1
r 2 92
x 3 43 42 46
w gate 1 2
r 3 92
x 3 43 42 46
w drain 1 3
r 4 92
x 3 43 42 46
w substrate 1 4
y 1 15
z 300
f 4 source gate drain substrate
p 12 2 601 20 3 602 21 4 603 22 5 604 23
d 0 0 -0.036656070850696415 6 6 0.03742425016939617 0.1 0.1 -0.00076817931869976126 0 0 0
d 0 0 -0.038825246010328648 6 6 0.037170251222357939 0.2 0.2 0.0016549947879706984 0 0 0
d 0 0 -0.040976501668779843 6 6 0.036917925138772276 0.3 0.3 0.0040585765300075616 0 0 0
d 0 0 -0.043097115125104772 6 6 0.036668790129827808 0.4 0.4 0.0064283249952769633 0 0 0
d 0 0 -0.045186284762362444 6 6 0.036422965367739035 0.5 0.5 0.0087633193946233933 0 0 0
d 0 0 -0.047244588910651128 6 6 0.036180406470282728 0.60000000000000009 0.60000000000000009 0.011064182440368373 0 0 0
d 0 0 -0.049272060091868408 6 6 0.035941126329137325 0.7 0.7 0.013330933762731081 0 0 0
d 0 0 -0.05126927114620311 6 6 0.035705082660305011 0.8 0.8 0.015564188485897865 0 0 0
d 0 0 -0.053237061216115829 6 6 0.035472202875324356 0.9 0.9 0.017764858340790932 0 0 0
d 0 0 -0.055176448227696608 6 6 0.035242390415726736 1 1 0.01993405781194613 0 0 0
d 0 0 -0.057088463708003773 6 6 0.03501554492747027 1.1000000000000001 1.1000000000000001 0.022072918780533503 0 0 0
d 0 0 -0.05897355815185517 6 6 0.034791633004978666 1.2000000000000002 1.2000000000000002 0.024181925146876494 0 0 0
d 0 0 -0.060831403899229537 6 6 0.034570718595282483 1.3 1.3 0.026260685301893953 0 0 0
d 0 0 -0.062662042142655444 6 6 0.034352823426503525 1.4000000000000001 1.4000000000000001 0.028309218716151649 0 0 0
d 0 0 -0.064465211876927955 6 6 0.034137995226122715 1.5 1.5 0.03032721665080524 0 0 0
d 0 0 -0.066241173909518086 6 6 0.033926218278222807 1.6000000000000001 1.6000000000000001 0.032314955631295175 0 0 0
d 0 0 -0.067991509457061963 6 6 0.033717317938766075 1.7000000000000002 1.7000000000000002 0.034274191518295805 0 0 0
d 0 0 -0.069717803988298604 6 6 0.033511117420441626 1.8 1.8 0.036206686567856979 0 0 0
d 0 0 -0.071421256465629634 6 6 0.033307484628897772 1.9000000000000001 1.9000000000000001 0.038113771836731869 0 0 0
d 0 0 -0.07310250995401775 6 6 0.033106346692292517 2 2 0.03999616326172524 0 0 0
d 0 0 -0.081184693787837714 6 6 0.032137239533016261 2.5 2.5 0.049047454254821446 0 0 0
d 0 0 -0.088750428469268811 6 6 0.031226927038007838 3 3 0.057523501431260976 0 0 0
d 0 0 -0.10240358610742337 6 6 0.02957748887793251 4 4 0.072826097229490724 0 0 0
d 0 0 -0.11424334414886403 6 6 0.028140746456949875 5 5 0.08610259769182757 0 0 0
d 0 0 -0.12439691588276869 6 6 0.026904519867969663 6 6 0.097492396014341925 0 0 0
d 0 0 -0.13297956427903679 6 6 0.025857031947847213 7 7 0.10712253233118958 0 0 0
d 0 0 -0.14012990329568942 6 6 0.024982975199354079 8 8 0.11514692809628063 0 0 0
d 0 0 -0.14597125879197326 6 6 0.024268332926136657 9 9 0.12170292586325913 0 0 0
d 0 0 -0.15081559483504295 6 6 0.02367545068248816 10 10 0.12714014414003544 0 0 0
d 0 0 -0.15484076481624057 6 6 0.023182797836061187 11 11 0.13165796698010704 0 0 0
d 0 0 -0.15848625574723993 6 6 0.022736687988634367 12 12 0.13574956775827943 0 0 0
d 0 0 -0.16149067429596137 6 6 0.022369142658838055 13 13 0.13912153163517049 0 0 0
d 0 0 -0.16395755826654523 6 6 0.022067472999770594 14 14 0.14189008526669111 0 0 0
d 0 0 -0.16620378733517535 6 6 0.02179290582360954 15 15 0.14441088150745557 0 0 0
d 0 0 -0.16804239003786214 6 6 0.021568266876063634 16 16 0.14647412316179598 0 0 0
d 0 0 -0.16951289972273795 6 6 0.021388675023693036 17 17 0.14812422469904368 0 0 0
d 0 0 -0.17069038752035232 6 6 0.021244921198548591 18 18 0.1494454663218022 0 0 0
d 0 0 -0.17164083934713129 6 6 0.021128921391965885 19 19 0.15051191795516464 0 0 0
d 0 0 -0.17241930337073796 6 6 0.021033938028848221 20 20 0.15138536534185273 0 0 0
d 0 0 -0.17307039150108555 6 6 0.020954515015629744 21 21 0.15211587076225844 0 0 0
d 0 0 -0.17363108921717846 6 6 0.020886132495443938 22 22 0.1527449524028559 0 0 0
d 0 0 -0.17413154649609611 6 6 0.020825108381232287 23 23 0.15330643822104781 0 0 0
d 0 0 -0.17459401985044545 6 6 0.020768725841802962 24 24 0.15382529401220388 0 0 0
d 0 0 -0.17502687800471575 6 6 0.020715962734828935 25 25 0.15431091463207225 0 0 0
d 0 0 -0.17542782057820866 6 6 0.020667097828335521 26 26 0.15476072216869541 0 0 0
d 0 0 -0.17579725372522226 6 6 0.020622079981927475 27 27 0.15517517365147593 0 0 0
d 0 0 -0.17613843430283885 6 6 0.020580510886190048 28 28 0.15555794374661278 0 0 0
d 0 0 -0.17645471163445023 6 6 0.020541981363352311 29 29 0.15591265264089263 0 0 0
d 0 0 -0.17674882236139675 6 6 0.020506156967434946 30 30 0.15624242188709794 0 0 0
d 0 0 -0.17702291149441987 6 6 0.020472775501723255 31 31 0.15654982365662501 0 0 0
d 0 0 -0.17727867498120961 6 6 0.020441629620004856 32 32 0.15683685763723634 0 0 0
d 0 0 -0.17751749246714074 6 6 0.020412550618865807 33 33 0.15710517767410237 0 0 0
d 0 0 -0.17774053501069095 6 6 0.020385395294287956 34 34 0.15735530187399177 0 0 0
d 0 0 -0.17794884976040515 6 6 0.020360035613828584 35 35 0.15758911912783707 0 0 0
d 0 0 -0.17814342814104428 6 6 0.020336350403877584 36 36 0.15780747698824343 0 0 0
d 0 0 -0.17832526096707896 6 6 0.020314218633500938 37 37 0.15801145583178283 0 0 0
d 0 0 -0.1784953788945802 6 6 0.020293514486427383 38 38 0.15820218436321237 0 0 0
d 0 0 -0.17865487401749 6 6 0.020274104729953741 39 39 0.15838096825002196 0 0 0
d 0 0 -0.17880489180087719 6 6 0.02025584969430011 40 40 0.15854913804725393 0 0 0
Q 2 13 "Source Voltage"
Q 3 13 "Gate Voltage"
Q 4 13 "Drain Voltage"
Q 5 13 "Substrate Voltage"
Q 20 13 "Source Current"
Q 21 13 "Gate Current"
Q 22 13 "Drain Current"
Q 23 13 "Substrate Current"
Q 92 21 Contact
Q 601 13 "Source Int. Voltage"
Q 602 13 "Gate Int. Voltage"
Q 603 13 "Drain Int. Voltage"
Q 604 13 "Substrate Int. Voltage"
EOF 1646134528
