v VICTORYDEVICE
# silvaco.file ASCII version=1.14.29 format=1 contents=SDB,Tables=1

Copyright "###################################################################"
Copyright "#                    Copyright Silvaco Inc. (c)                   #"
Copyright "#                            1992-2014                            #"
Copyright "#                                                                 #"
Copyright "# This file format and the following Key are copyright Silvaco    #"
Copyright "# International. You may not use, this format or key without      #"
Copyright "# reproducing this message in full and obtaining                  #"
Copyright "# express written permission from Silvaco Inc.                    #"
Copyright "#                                                                 #"
Copyright "# To obtain such permission please contact: Silvaco Inc.          #"
Copyright "#                                           support@silvaco.com   #"
Copyright "#                                                                 #"
Copyright "# KEY=SVC86hn7562asdx                       PROD=345              #"
Copyright "###################################################################"
#This file was created by VICTORYDEVICE version 1.24.0.R
#victoryd 1.24.0.R (Wed Jun 26 14:38:19 PDT 2024)
#libSDB 1.12.65 (Thu Dec  7 08:14:05 PST 2023)
a VICTORYDEVICE
j 1 9
k 4
r 1 92
x 3 43 42 46
w source 1 1
r 2 92
x 3 43 42 46
w gate 1 2
r 3 92
x 3 43 42 46
w drain 1 3
r 4 92
x 3 43 42 46
w substrate 1 4
y 1 15
z 300
f 4 source gate drain substrate
p 12 2 601 20 3 602 21 4 603 22 5 604 23
d 0 0 -0.0033856200706147157 4 4 0.00017110414767742817 0.1 0.1 0.0032145158714541192 0 0 0
d 0 0 -0.0066077400869495768 4 4 0.00015167143280769152 0.2 0.2 0.0064560686541539564 0 0 0
d 0 0 -0.0098308394925707924 4 4 0.00013471535918798327 0.3 0.3 0.0096961241333820645 0 0 0
d 0 0 -0.013054617097085084 4 4 0.00011998688425084023 0.4 0.4 0.012934630212833866 0 0 0
d 0 0 -0.016278788231296807 4 4 0.00010725867024962846 0.5 0.5 0.016171529561047053 0 0 0
d 0 0 -0.019503082422069436 4 4 9.6309508166671735e-05 0.60000000000000009 0.60000000000000009 0.019406772913902748 0 0 0
d 0 0 -0.022727243741946596 4 4 8.6917767108151423e-05 0.7 0.7 0.022640325974838456 0 0 0
d 0 0 -0.025951033508128676 4 4 7.8863392505108229e-05 0.8 0.8 0.025872170115623584 0 0 0
d 0 0 -0.029174234044328326 4 4 7.1935209936475086e-05 0.9 0.9 0.029102298834391863 0 0 0
d 0 0 -0.032396651833281193 4 4 6.5939436238017897e-05 1 1 0.032330712397043181 0 0 0
d 0 0 -0.035618118780442132 4 4 6.0706203678268747e-05 1.1000000000000001 1.1000000000000001 0.035557412576763869 0 0 0
d 0 0 -0.038838491177757617 4 4 5.6092642776866636e-05 1.2000000000000002 1.2000000000000002 0.03878239853498075 0 0 0
d 0 0 -0.042057646773130591 4 4 5.1982645515998467e-05 1.3 1.3 0.042005664127614591 0 0 0
d 0 0 -0.045275480768470808 4 4 4.8284302205903484e-05 1.4000000000000001 1.4000000000000001 0.045227196466264906 0 0 0
d 0 0 -0.048491901569553617 4 4 4.4926174621902174e-05 1.5 1.5 0.048446975394931716 0 0 0
d 0 0 -0.051706826875268133 4 4 4.1853325380847788e-05 1.6000000000000001 1.6000000000000001 0.051664973549887284 0 0 0
d 0 0 -0.054920180412173981 4 4 3.9023663572636057e-05 1.7000000000000002 1.7000000000000002 0.054881156748601341 0 0 0
d 0 0 -0.058131889399019671 4 4 3.6404859854788912e-05 1.8 1.8 0.058095484539164882 0 0 0
d 0 0 -0.06134188269179458 4 4 3.3971883417500228e-05 1.9000000000000001 1.9000000000000001 0.061307910808377081 0 0 0
d 0 0 -0.064550089498048496 4 4 3.1705107332329326e-05 2 2 0.064518384390716166 0 0 0
d 0 0 -0.09651758181468427 4 4 1.5736859496669369e-05 3 3 0.096501844955187599 0 0 0
d 0 0 -0.12821909511284785 4 4 7.7638822579219655e-06 4 4 0.12821133123058992 0 0 0
d 0 0 -0.15956042343643503 4 4 4.0735260705109802e-06 5 5 0.15955634991036452 0 0 0
d 0 0 -0.19043352117544882 4 4 2.385395442596649e-06 6 6 0.19043113578000623 0 0 0
d 0 0 -0.22071430447348822 4 4 1.5372226939693332e-06 7 7 0.22071276725079425 0 0 0
d 0 0 -0.25026929042476098 4 4 1.046747851180946e-06 8 8 0.25026824367690981 0 0 0
d 0 0 -0.27896736613325102 4 4 7.2625163986460872e-07 9 9 0.27896663988161119 0 0 0
d 0 0 -0.30666771303979223 4 4 4.9932064807899532e-07 10 10 0.30666721371914413 0 0 0
d 0 0 -0.33318872814231981 4 4 3.3226651447014554e-07 11 11 0.33318839587580534 0 0 0
d 0 0 -0.35829719101136792 4 4 2.088709940487807e-07 12 12 0.35829698214037387 0 0 0
d 0 0 -0.38170382140435782 4 4 1.2093942242877609e-07 13 13 0.3817037004649354 0 0 0
d 0 0 -0.40306147830585548 4 4 6.3529925691047125e-08 14 14 0.40306141477592983 0 0 0
d 0 0 -0.42202787237749462 4 4 3.0851375465070891e-08 15 15 0.42202784152611911 0 0 0
d 0 0 -0.43843372377281831 4 4 1.4697357086921713e-08 16 16 0.4384337090754612 0 0 0
d 0 0 -0.45237760878094435 4 4 7.3211859409742646e-09 17 17 0.45237760145975842 0 0 0
d 0 0 -0.46422605533755962 4 4 3.9300098856646441e-09 18 18 0.46422605140754974 0 0 0
d 0 0 -0.47448260182666196 4 4 2.2680529060779225e-09 19 19 0.47448259955860905 0 0 0
d 0 0 -0.48357388465367174 4 4 1.3893674867235987e-09 20 20 0.48357388326430423 0 0 0
Q 2 13 "Source Voltage"
Q 3 13 "Gate Voltage"
Q 4 13 "Drain Voltage"
Q 5 13 "Substrate Voltage"
Q 20 13 "Source Current"
Q 21 13 "Gate Current"
Q 22 13 "Drain Current"
Q 23 13 "Substrate Current"
Q 92 21 Contact
Q 601 13 "Source Int. Voltage"
Q 602 13 "Gate Int. Voltage"
Q 603 13 "Drain Int. Voltage"
Q 604 13 "Substrate Int. Voltage"
EOF 871817200
