v VICTORYDEVICE
# silvaco.file ASCII version=1.14.29 format=1 contents=SDB,Tables=1

Copyright "###################################################################"
Copyright "#                    Copyright Silvaco Inc. (c)                   #"
Copyright "#                            1992-2014                            #"
Copyright "#                                                                 #"
Copyright "# This file format and the following Key are copyright Silvaco    #"
Copyright "# International. You may not use, this format or key without      #"
Copyright "# reproducing this message in full and obtaining                  #"
Copyright "# express written permission from Silvaco Inc.                    #"
Copyright "#                                                                 #"
Copyright "# To obtain such permission please contact: Silvaco Inc.          #"
Copyright "#                                           support@silvaco.com   #"
Copyright "#                                                                 #"
Copyright "# KEY=SVC86hn7562asdx                       PROD=345              #"
Copyright "###################################################################"
#This file was created by VICTORYDEVICE version 1.24.0.R
#victoryd 1.24.0.R (Wed Jun 26 14:38:19 PDT 2024)
#libSDB 1.12.65 (Thu Dec  7 08:14:05 PST 2023)
a VICTORYDEVICE
j 1 9
k 4
r 1 92
x 3 43 42 46
w source 1 1
r 2 92
x 3 43 42 46
w gate 1 2
r 3 92
x 3 43 42 46
w drain 1 3
r 4 92
x 3 43 42 46
w substrate 1 4
y 1 15
z 300
f 4 source gate drain substrate
p 12 2 601 20 3 602 21 4 603 22 5 604 23
d 0 0 -1.8039500249161401e-16 0 0 3.3646532475981167e-28 0.01 0.01 1.8041590891613998e-16 0 0 0
d 0 0 -7.9334349576724834e-16 0 0 4.3581142977169568e-32 0.1 0.1 7.9334349576724488e-16 0 0 0
d 0 0 -9.219227389948783e-16 0 0 1.8449609129271238e-26 0.5 0.5 9.2192273895433243e-16 0 0 0
d 0 0 -9.4153596125425516e-16 0 0 -2.315711019823491e-28 1 1 9.415359612545356e-16 0 0 0
d 0 0 -9.5617619306784494e-16 0 0 -2.4553994838123363e-28 2 2 9.5617619306815772e-16 0 0 0
d 0 0 -9.759272426527477e-16 0 0 1.1615632583330128e-29 4 4 9.7592724265273429e-16 0 0 0
d 0 0 -9.9055917192005591e-16 0 0 -1.1937806688304777e-27 6 6 9.9055917193583115e-16 0 0 0
d 0 0 -1.0029421998528978e-15 0 0 5.6241217497554331e-25 8 8 1.0029421998647128e-15 0 0 0
d 0 0 -1.0098924185374881e-15 0 0 1.1779057202001613e-24 10 10 1.0098924185398611e-15 0 0 0
d 0 0 -1.0160990583721179e-15 0 0 1.4919910774783297e-24 12 12 1.0160990583743291e-15 0 0 0
d 0 0 -1.0222957309624881e-15 0 0 2.2296335701707161e-24 14 14 1.0222957309650217e-15 0 0 0
d 0 0 -1.0291976286023916e-15 0 0 3.1867666126640199e-23 16 16 1.0291976286157407e-15 0 0 0
d 0 0 -1.0358855333376328e-15 0 0 3.4234326296658444e-25 18 18 1.0358855333383938e-15 0 0 0
d 0 0 -1.04204825251814e-15 0 0 1.1214966974511253e-25 20 20 1.0420482525367321e-15 0 0 0
d 0 0 -1.046583770871942e-15 0 0 3.9072380986389349e-24 22 22 1.0465837708967182e-15 0 0 0
d 0 0 -1.0506468476541397e-15 0 0 4.2519571847724423e-24 24 24 1.0506468476531737e-15 0 0 0
d 0 0 -1.0546140059711565e-15 0 0 6.6835653661872684e-24 26 26 1.0546140059700684e-15 0 0 0
d 0 0 -1.0584783977194817e-15 0 0 2.8433824822813137e-23 28 28 1.0584783977189281e-15 0 0 0
d 0 0 -1.0622475944255175e-15 0 0 2.7041683263939465e-23 30 30 1.0622475944179905e-15 0 0 0
d 0 0 -1.0659042082119474e-15 0 0 1.1172922083246973e-24 32 32 1.0659042082126284e-15 0 0 0
d 0 0 -1.0694529596208982e-15 0 0 8.7541071573780567e-24 34 34 1.0694529596296619e-15 0 0 0
d 0 0 -1.0729677608651137e-15 0 0 7.9992079899682039e-24 36 36 1.0729677608712022e-15 0 0 0
d 0 0 -1.0762925522804298e-15 0 0 3.622044633002932e-23 38 38 1.0762925522916466e-15 0 0 0
d 0 0 -1.0790734382848221e-15 0 0 2.0164160096722063e-23 40 40 1.0790734382936573e-15 0 0 0
d 0 0 -1.0814873461913035e-15 0 0 3.9659460068990886e-23 42 42 1.0814873462028234e-15 0 0 0
d 0 0 -1.0838540261579286e-15 0 0 2.0885038086884623e-22 44 44 1.0838540261838543e-15 0 0 0
d 0 0 -1.0862007796083081e-15 0 0 2.5708520266319906e-23 46 46 1.0862007796172755e-15 0 0 0
d 0 0 -1.0885329788480371e-15 0 0 3.5662640709287546e-23 48 48 1.0885329788585049e-15 0 0 0
d 0 0 -1.0908589065789104e-15 0 0 3.5604361376570592e-23 50 50 1.0908589065893496e-15 0 0 0
d 0 0 -1.0931779887147414e-15 0 0 3.8812581717885524e-23 52 52 1.0931779887251396e-15 0 0 0
d 0 0 -1.095485100659159e-15 0 0 2.7150802363931118e-23 54 54 1.0954851006678574e-15 0 0 0
d 0 0 -1.0977811000628502e-15 0 0 1.5827111661302555e-23 56 56 1.0977811000695965e-15 0 0 0
d 0 0 -1.1000728240776388e-15 0 0 1.7097188602455589e-22 58 58 1.1000728241004414e-15 0 0 0
d 0 0 -1.1023808175757695e-15 0 0 8.9838482958444851e-23 60 60 1.1023808175931101e-15 0 0 0
d 0 0 -1.1046882616924694e-15 0 0 5.3954990717155416e-23 62 62 1.1046882617062102e-15 0 0 0
d 0 0 -1.106980355506018e-15 0 0 3.6046679686645038e-23 64 64 1.1069803555170648e-15 0 0 0
d 0 0 -1.1092534949372027e-15 0 0 3.8559523082066641e-22 66 66 1.1092534949110524e-15 0 0 0
d 0 0 -1.1114023289360363e-15 0 0 1.7289420844017899e-21 68 68 1.1114023290037094e-15 0 0 0
d 0 0 -1.1133527517945845e-15 0 0 1.3548156741954911e-21 70 70 1.1133527518520446e-15 0 0 0
d 0 0 -1.1150508500471308e-15 0 0 3.0613004096879695e-21 72 72 1.1150508501394032e-15 0 0 0
d 0 0 -1.116699625433163e-15 0 0 1.2633279328128423e-21 74 74 1.1166996254920499e-15 0 0 0
d 0 0 -1.1183442772519133e-15 0 0 2.4206705794585569e-21 76 76 1.1183442773329174e-15 0 0 0
d 0 0 -1.1199847673575667e-15 0 0 5.731335041119261e-22 78 78 1.1199847673966705e-15 0 0 0
d 0 0 -1.1216203044739026e-15 0 0 1.0783269578928631e-21 80 80 1.1216203045269184e-15 0 0 0
d 0 0 -1.123250562427971e-15 0 0 1.9748353303544851e-21 82 82 1.1232505624981016e-15 0 0 0
d 0 0 -1.1248761216997236e-15 0 0 5.1517810967822945e-22 84 84 1.1248761217341219e-15 0 0 0
d 0 0 -1.1264964243365744e-15 0 0 9.2553340802873523e-22 86 86 1.1264964243800963e-15 0 0 0
d 0 0 -1.128110383322583e-15 0 0 2.5355415748674727e-22 88 88 1.1281103833437414e-15 0 0 0
d 0 0 -1.1297177617435516e-15 0 0 4.3596366312851559e-22 90 90 1.1297177617691828e-15 0 0 0
d 0 0 -1.1313183534588947e-15 0 0 7.1674973225139596e-22 92 92 1.1313183534894082e-15 0 0 0
d 0 0 -1.1329119325841623e-15 0 0 1.117061665753726e-21 94 94 1.1329119326200243e-15 0 0 0
d 0 0 -1.1344982671874339e-15 0 0 2.9554519121816256e-22 96 96 1.1344982672051334e-15 0 0 0
d 0 0 -1.1360771699361155e-15 0 0 4.2638198708852239e-22 98 98 1.1360771699569014e-15 0 0 0
d 0 0 -1.1376485207189362e-15 0 0 5.8393108391573249e-22 100 100 1.1376485207432509e-15 0 0 0
d 0 0 -1.1415437637904774e-15 0 0 1.0891561558083582e-21 105 105 1.1415437638273266e-15 0 0 0
d 0 0 -1.1453797731178009e-15 0 0 1.3686804407194962e-21 110 110 1.1453797731718175e-15 0 0 0
d 0 0 -1.1486494409692988e-15 0 0 6.3969149567738693e-21 115 115 1.1486494411424887e-15 0 0 0
d 0 0 -1.1513627945630804e-15 0 0 3.0465539367400902e-21 120 120 1.1513627946912753e-15 0 0 0
d 0 0 -1.1540564260555281e-15 0 0 2.092518871775115e-21 125 125 1.1540564261661274e-15 0 0 0
d 0 0 -1.1567336295250725e-15 0 0 1.2806557482421396e-21 130 130 1.1567336296151967e-15 0 0 0
d 0 0 -1.1593944895698125e-15 0 0 4.1452495140118072e-21 135 135 1.159394489736499e-15 0 0 0
d 0 0 -1.1620391929730736e-15 0 0 2.2457514971174302e-21 140 140 1.1620391931012938e-15 0 0 0
d 0 0 -1.1646670933319232e-15 0 0 1.1552563637162379e-21 145 145 1.1646670934289614e-15 0 0 0
d 0 0 -1.1672771951634686e-15 0 0 3.7711315309371753e-21 150 150 1.1672771953417985e-15 0 0 0
d 0 0 -1.1698691510125197e-15 0 0 1.8874478791565974e-21 155 155 1.1698691511454294e-15 0 0 0
d 0 0 -1.1724968485962289e-15 0 0 6.7297800212308257e-21 160 160 1.1724968488449686e-15 0 0 0
d 0 0 -1.1752452677667334e-15 0 0 6.1733624781034767e-21 165 165 1.1752452676127554e-15 0 0 0
d 0 0 -1.177742122021172e-15 0 0 2.6202917629929952e-20 170 170 1.1777421225350273e-15 0 0 0
d 0 0 -1.1796822482120527e-15 0 0 1.4518234393098634e-20 175 175 1.179682247801904e-15 0 0 0
d 0 0 -1.1816073194888471e-15 0 0 3.9160955119402044e-21 180 180 1.1816073197329546e-15 0 0 0
d 0 0 -1.1835226969266112e-15 0 0 2.7350991507437769e-21 185 185 1.1835226971468053e-15 0 0 0
d 0 0 -1.1854336225755636e-15 0 0 1.7291116618308594e-20 190 190 1.1854336231312857e-15 0 0 0
d 0 0 -1.1873429123576786e-15 0 0 1.2756914516391758e-20 195 195 1.1873429128845375e-15 0 0 0
d 0 0 -1.1892521155080236e-15 0 0 9.4073155443518978e-21 200 200 1.18925211599455e-15 0 0 0
d 0 0 -1.1911616689249858e-15 0 0 6.8190851621617267e-21 205 205 1.1911616693646133e-15 0 0 0
d 0 0 -1.1930705301309487e-15 0 0 4.9268572586174192e-21 210 210 1.1930705305287661e-15 0 0 0
d 0 0 -1.1949769864346922e-15 0 0 3.5505070450859837e-21 215 215 1.1949769867984919e-15 0 0 0
d 0 0 -1.196879625355561e-15 0 0 2.4835651311833425e-20 220 220 1.1968796264311983e-15 0 0 0
d 0 0 -1.1978283963330446e-15 0 0 6.4506552970578751e-20 222.5 222.5 1.1978283976941809e-15 0 0 0
d 0 0 -1.1987720411039268e-15 0 0 5.3804985775908709e-20 225 225 1.198772042456246e-15 0 0 0
d 0 0 -1.2005034707271764e-15 0 0 1.9069304482102169e-19 230 230 1.2005034684447211e-15 0 0 0
d 0 0 -1.2019191099921962e-15 0 0 3.3186992402091503e-20 235 235 1.2019191087549337e-15 0 0 0
d 0 0 -1.2031874211965705e-15 0 0 6.0204326773084959e-20 240 240 1.203187423302068e-15 0 0 0
d 0 0 -1.2044513885733256e-15 0 0 4.9433680951074828e-20 245 245 1.2044513905640172e-15 0 0 0
d 0 0 -1.2057130323332349e-15 0 0 4.2233551770654748e-20 250 250 1.2057130342544285e-15 0 0 0
d 0 0 -1.2069724663328449e-15 0 0 3.6055037957595568e-20 255 255 1.2069724681915337e-15 0 0 0
d 0 0 -1.2082296426681267e-15 0 0 3.0829438771945037e-20 260 260 1.2082296444778924e-15 0 0 0
d 0 0 -1.2094847168292945e-15 0 0 2.6604556009276851e-20 265 265 1.2094847185907671e-15 0 0 0
d 0 0 -1.2107375221714892e-15 0 0 1.6868969267291036e-20 270 270 1.2107375248932437e-15 0 0 0
d 0 0 -1.2113627494655396e-15 0 0 7.1659731777491866e-20 272.5 272.5 1.2113627523944582e-15 0 0 0
d 0 0 -1.2119864185675817e-15 0 0 6.6656720282337299e-20 275 275 1.2119864214726324e-15 0 0 0
d 0 0 -1.2131330522682479e-15 0 0 3.0765551065215633e-19 280 280 1.2131330594530554e-15 0 0 0
d 0 0 -1.2142134521809514e-15 0 0 3.4698266860887338e-20 285 285 1.2142134555056985e-15 0 0 0
d 0 0 -1.2150417976132418e-15 0 0 8.198909665859987e-20 290 290 1.215041802810736e-15 0 0 0
d 0 0 -1.2158619875499692e-15 0 0 8.0833065540875079e-20 295 295 1.2158619928858037e-15 0 0 0
d 0 0 -1.2166796099158007e-15 0 0 7.4418417169108337e-20 300 300 1.216679615195472e-15 0 0 0
d 0 0 -1.2174956681979344e-15 0 0 6.8903043662328291e-20 305 305 1.2174956734017788e-15 0 0 0
d 0 0 -1.2183101946993438e-15 0 0 1.2934875652143977e-19 310 310 1.2183102079786374e-15 0 0 0
d 0 0 -1.2187167263231915e-15 0 0 2.2093025069764865e-19 312.5 312.5 1.2187167357278445e-15 0 0 0
d 0 0 -1.2191220011589233e-15 0 0 2.1190332182479576e-19 315 315 1.2191220106184287e-15 0 0 0
d 0 0 -1.2198608755909871e-15 0 0 1.7642122488853862e-18 320 320 1.2198609109801379e-15 0 0 0
d 0 0 -1.2205410430051547e-15 0 0 2.5674958225634525e-19 325 325 1.2205410607914238e-15 0 0 0
d 0 0 -1.2210640888393845e-15 0 0 1.3172542698344709e-19 330 330 1.2210641028259037e-15 0 0 0
d 0 0 -1.2215790323033752e-15 0 0 2.4877728240024707e-19 335 335 1.2215790529820889e-15 0 0 0
d 0 0 -1.2220910379902632e-15 0 0 2.2344245948210711e-19 340 340 1.2220910295425681e-15 0 0 0
d 0 0 -1.2223458121399733e-15 0 0 9.4322572785277098e-19 342.5 342.5 1.2223458556163232e-15 0 0 0
d 0 0 -1.2225871804392468e-15 0 0 3.6763250694097328e-19 345 345 1.2225872390592291e-15 0 0 0
d 0 0 -1.2230563593980051e-15 0 0 2.6653651745108333e-19 350 350 1.2230563874675871e-15 0 0 0
d 0 0 -1.2234175743831138e-15 0 0 1.954224085723197e-19 355 355 1.2234175347576273e-15 0 0 0
d 0 0 -1.2235902945899743e-15 0 0 3.8960766134897767e-19 357.5 357.5 1.2235903425284591e-15 0 0 0
d 0 0 -1.2237605139001432e-15 0 0 5.3368894949368791e-19 360 360 1.2237604547109922e-15 0 0 0
d 0 0 -1.2239083872445295e-15 0 0 5.4392848337385779e-20 362.5 362.5 1.2239084287745082e-15 0 0 0
d 0 0 -1.2240698148833265e-15 0 0 1.6903286384609176e-19 365 365 1.2240697982376879e-15 0 0 0
d 0 0 -1.2243255161728821e-15 0 0 1.0959113307145557e-19 370 370 1.2243254531624721e-15 0 0 0
d 0 0 -1.2244343466245991e-15 0 0 1.7022446654439971e-19 372.5 372.5 1.2244342431821054e-15 0 0 0
d 0 0 -1.2245369850993126e-15 0 0 1.4947120614951055e-19 375 375 1.2245370322787398e-15 0 0 0
d 0 0 -1.2247084947752155e-15 0 0 8.8638618730824204e-21 380 380 1.2247094860962658e-15 0 0 0
d 0 0 -1.2247822579704886e-15 0 0 5.2877772637026179e-19 382.5 382.5 1.2247820655088218e-15 0 0 0
d 0 0 -1.2248381949384585e-15 0 0 1.7900970941845515e-19 385 385 1.2248387460874393e-15 0 0 0
d 0 0 -1.2249235122177751e-15 0 0 1.1035750496622482e-20 390 390 1.2249233248217699e-15 0 0 0
d 0 0 -1.22496774767252e-15 0 0 4.3714041606432284e-19 395 395 1.224959905330961e-15 0 0 0
d 0 0 -1.2249928617553184e-15 0 0 2.2758579783510903e-19 400 400 1.2247556936879364e-15 0 0 0
d 0 0 -1.2250132591765238e-15 0 0 5.1944315585072254e-19 405 405 1.2249114048780409e-15 0 0 0
d 0 0 -1.2250231379711688e-15 0 0 1.6392097250783026e-18 407.5 407.5 1.2250198211230717e-15 0 0 0
d 0 0 -1.2250327595702085e-15 0 0 2.3871019399556405e-19 410 410 1.2250328890806828e-15 0 0 0
d 0 0 -1.2250422465781126e-15 0 0 2.4054706721384068e-19 412.5 412.5 1.2250392838271991e-15 0 0 0
d 0 0 -1.225051333747369e-15 0 0 1.7598915722806928e-19 415 415 1.2247535560753462e-15 0 0 0
d 0 0 -1.2250609310737455e-15 0 0 1.9413426928043759e-18 417.5 417.5 1.2250635774034584e-15 0 0 0
d 0 0 -1.225070166783606e-15 0 0 7.5435129818068774e-19 420 420 1.2250773040790312e-15 0 0 0
d 0 0 -1.2250884617734722e-15 0 0 2.9623349802321738e-20 425 425 1.2250877968620714e-15 0 0 0
d 0 0 -1.2251065960638122e-15 0 0 1.2113818277099286e-19 430 430 1.2241245051676306e-15 0 0 0
d 0 0 -1.2251245820513123e-15 0 0 3.3555013400860169e-19 435 435 1.217964675770381e-15 0 0 0
d 0 0 -1.2251425418847139e-15 0 0 2.2567984501224298e-19 440 440 1.2206183585933439e-15 0 0 0
d 0 0 -1.2251604149837935e-15 0 0 9.5564676274485941e-20 445 445 1.2232738786108904e-15 0 0 0
d 0 0 -1.2251782145276903e-15 0 0 1.3279588966866349e-19 450 450 1.2225424034402052e-15 0 0 0
d 0 0 -1.2251959985604953e-15 0 0 2.6768263106014629e-20 455 455 1.2251891076385741e-15 0 0 0
d 0 0 -1.2252136980046248e-15 0 0 6.8160233989911767e-19 460 460 1.2243042084092015e-15 0 0 0
d 0 0 -1.2252313735067726e-15 0 0 7.7449409817003931e-19 465 465 1.2245175683946981e-15 0 0 0
d 0 0 -1.2252490085647831e-15 0 0 7.7103885767642508e-19 470 470 1.2248416160342301e-15 0 0 0
d 0 0 -1.2252666082969005e-15 0 0 7.7199850337630992e-19 475 475 1.2250693213943765e-15 0 0 0
d 0 0 -1.2252841770426107e-15 0 0 7.7371419522995025e-19 480 480 1.225189358096665e-15 0 0 0
d 0 0 -1.2253017176582622e-15 0 0 7.7657161605038782e-19 485 485 1.2252568419911191e-15 0 0 0
d 0 0 -1.225319232717411e-15 0 0 7.96262059817673e-19 490 490 1.2241928879579166e-15 0 0 0
d 0 0 -1.2253367249261846e-15 0 0 7.7923960331985618e-19 495 495 1.2253211878656815e-15 0 0 0
d 0 0 -1.2253541947130374e-15 0 0 7.7691398430198315e-19 500 500 1.2253461572703121e-15 0 0 0
d 0 0 -1.2253716433497907e-15 0 0 7.7712187137898737e-19 505 505 1.2253669953599032e-15 0 0 0
d 0 0 -1.2253890721685886e-15 0 0 7.2715538961886753e-19 510 510 1.2253873283252186e-15 0 0 0
d 0 0 -1.2254064829129825e-15 0 0 7.1068726982927828e-19 515 515 1.2254051144668087e-15 0 0 0
d 0 0 -1.2254238770025364e-15 0 0 7.0420904236412258e-19 520 520 1.2254226079578797e-15 0 0 0
d 0 0 -1.2254412557820929e-15 0 0 7.0210504957179671e-19 525 525 1.2254400429911701e-15 0 0 0
d 0 0 -1.2254586214573024e-15 0 0 6.8821495892008042e-19 530 530 1.2254571485033499e-15 0 0 0
d 0 0 -1.2254759755919051e-15 0 0 6.8151356105233838e-19 535 535 1.2254745387065931e-15 0 0 0
d 0 0 -1.2254933198704991e-15 0 0 6.8000715939914416e-19 540 540 1.2254919678319773e-15 0 0 0
d 0 0 -1.225510656252434e-15 0 0 6.7959658073822615e-19 545 545 1.2255094411721414e-15 0 0 0
d 0 0 -1.2255279865233835e-15 0 0 6.7989360337522811e-19 550 550 1.2255269497964275e-15 0 0 0
d 0 0 -1.2255453117969412e-15 0 0 6.8179474029088792e-19 555 555 1.2255444431564533e-15 0 0 0
d 0 0 -1.2255626328018531e-15 0 0 6.8300664742359212e-19 560 560 1.2255619175433378e-15 0 0 0
d 0 0 -1.2255799503382475e-15 0 0 6.8788756763965396e-19 565 565 1.2255793737603792e-15 0 0 0
d 0 0 -1.2255972649708215e-15 0 0 6.8749924189001164e-19 570 570 1.2255968024121355e-15 0 0 0
d 0 0 -1.2256145767929522e-15 0 0 6.8829759897581841e-19 575 575 1.2256142007174574e-15 0 0 0
d 0 0 -1.225631885517632e-15 0 0 6.897327786778729e-19 580 580 1.2256315783602537e-15 0 0 0
d 0 0 -1.2256491907982855e-15 0 0 6.9128031520142597e-19 585 585 1.2256489392865237e-15 0 0 0
d 0 0 -1.2256664923875428e-15 0 0 6.9258857326326391e-19 590 590 1.2256662849944801e-15 0 0 0
d 0 0 -1.2256837900048877e-15 0 0 6.9370027058150427e-19 595 595 1.2256836170474299e-15 0 0 0
d 0 0 -1.2257010833333345e-15 0 0 6.9468870419446678e-19 600 600 1.225700938006233e-15 0 0 0
d 0 0 -1.225718372121316e-15 0 0 6.9742836515632116e-19 605 605 1.2257182775975882e-15 0 0 0
d 0 0 -1.2257356561784387e-15 0 0 6.8142393673886917e-19 610 610 1.2257355784385931e-15 0 0 0
d 0 0 -1.2257529352607632e-15 0 0 6.8157979340741265e-19 615 615 1.2257528693100884e-15 0 0 0
d 0 0 -1.2257702091546487e-15 0 0 6.8162512019584369e-19 620 620 1.2257701529168487e-15 0 0 0
d 0 0 -1.2257874777511461e-15 0 0 6.8162484676222353e-19 625 625 1.2257874306507988e-15 0 0 0
d 0 0 -1.2258047410700031e-15 0 0 6.8236323758750579e-19 630 630 1.2258047003249756e-15 0 0 0
d 0 0 -1.2258219992300297e-15 0 0 6.8065032780354782e-19 635 635 1.2258219643576121e-15 0 0 0
d 0 0 -1.225839252410992e-15 0 0 6.8028632117642802e-19 640 640 1.2258392223343291e-15 0 0 0
d 0 0 -1.2258565008320017e-15 0 0 6.805801875977891e-19 645 645 1.2258564768457351e-15 0 0 0
d 0 0 -1.2258737447666288e-15 0 0 6.7831488597801864e-19 650 650 1.2258737240777919e-15 0 0 0
d 0 0 -1.2258909845317279e-15 0 0 6.784896916946452e-19 655 655 1.2258909665533142e-15 0 0 0
d 0 0 -1.2259082204753387e-15 0 0 6.787507220920549e-19 660 660 1.2259082047902545e-15 0 0 0
d 0 0 -1.2259254529641391e-15 0 0 6.7910120857489374e-19 665 665 1.2259254392242981e-15 0 0 0
d 0 0 -1.2259426824012585e-15 0 0 6.7954336998720835e-19 670 670 1.2259426703355139e-15 0 0 0
d 0 0 -1.2259599092796425e-15 0 0 6.800783674000425e-19 675 675 1.2259598986790194e-15 0 0 0
d 0 0 -1.2259771342537451e-15 0 0 6.8070319065109771e-19 680 680 1.2259771249505349e-15 0 0 0
d 0 0 -1.2259943582109946e-15 0 0 6.8140838663993823e-19 685 685 1.2259943500642064e-15 0 0 0
d 0 0 -1.2260115823772758e-15 0 0 6.8218105634126509e-19 690 690 1.2260115752651579e-15 0 0 0
d 0 0 -1.2260288085007359e-15 0 0 6.8300732778112873e-19 695 695 1.2260288023165604e-15 0 0 0
d 0 0 -1.2260460391438203e-15 0 0 6.8387274796960741e-19 700 700 1.2260460337920483e-15 0 0 0
d 0 0 -1.2260632781172072e-15 0 0 6.8476219895486372e-19 705 705 1.2260632735094768e-15 0 0 0
d 0 0 -1.2260805311020114e-15 0 0 6.8566061338597433e-19 710 710 1.2260805271549318e-15 0 0 0
d 0 0 -1.2260978065262813e-15 0 0 6.865538691929513e-19 715 715 1.226097803163135e-15 0 0 0
d 0 0 -1.2261151167886324e-15 0 0 6.8742975674923363e-19 720 720 1.2261151139423576e-15 0 0 0
d 0 0 -1.2261324799480251e-15 0 0 6.8827663395400921e-19 725 725 1.2261324775612247e-15 0 0 0
d 0 0 -1.2261499220270016e-15 0 0 6.8908367622274208e-19 730 730 1.2261499200495981e-15 0 0 0
d 0 0 -1.226167480096357e-15 0 0 6.9099198667558424e-19 735 735 1.2261674784772811e-15 0 0 0
d 0 0 -1.2261852063544393e-15 0 0 6.7635451724060014e-19 740 740 1.2261852051121237e-15 0 0 0
d 0 0 -1.2262031734050101e-15 0 0 6.7672961502202486e-19 745 745 1.2262031724441525e-15 0 0 0
d 0 0 -1.2262214812029383e-15 0 0 6.7701965412047848e-19 750 750 1.2262214804915147e-15 0 0 0
d 0 0 -1.2262402659549378e-15 0 0 6.772162947191838e-19 755 755 1.2262402654642736e-15 0 0 0
d 0 0 -1.2262597115876325e-15 0 0 6.7731302559701437e-19 760 760 1.2262597112922035e-15 0 0 0
d 0 0 -1.2262800642843457e-15 0 0 6.7730183729722504e-19 765 765 1.2262800641615644e-15 0 0 0
d 0 0 -1.2263016507095683e-15 0 0 6.7717253524674589e-19 770 770 1.2263016507394898e-15 0 0 0
d 0 0 -1.2263249006704364e-15 0 0 6.769097281091379e-19 775 775 1.2263249008353955e-15 0 0 0
d 0 0 -1.2263503752029098e-15 0 0 6.7649135183438201e-19 780 780 1.2263503754871597e-15 0 0 0
d 0 0 -1.2263788013987668e-15 0 0 6.7588548305340476e-19 785 785 1.2263788017882097e-15 0 0 0
d 0 0 -1.2264111156383866e-15 0 0 6.7504567028008666e-19 790 790 1.2264111161204781e-15 0 0 0
d 0 0 -1.2264485172629829e-15 0 0 6.7390448896974397e-19 795 795 1.2264485178267757e-15 0 0 0
d 0 0 -1.2264925351184793e-15 0 0 6.7241154564628366e-19 800 800 1.2264925357545173e-15 0 0 0
d 0 0 -1.2265451099494165e-15 0 0 6.6865393271974539e-19 805 805 1.2265451106503626e-15 0 0 0
d 0 0 -1.2266086962896346e-15 0 0 6.6576834106022173e-19 810 810 1.2266086970484571e-15 0 0 0
d 0 0 -1.2266863882418705e-15 0 0 6.6183667656306198e-19 815 815 1.2266863890532477e-15 0 0 0
d 0 0 -1.2267820739512126e-15 0 0 6.5645126576843456e-19 820 820 1.2267820748108209e-15 0 0 0
d 0 0 -1.2269006232102059e-15 0 0 6.4906468196991786e-19 825 825 1.2269006241146109e-15 0 0 0
d 0 0 -1.2270481106506695e-15 0 0 6.3897139943284834e-19 830 830 1.227048111597215e-15 0 0 0
d 0 0 -1.227232072856873e-15 0 0 6.2530891071728068e-19 835 835 1.2272320738435522e-15 0 0 0
d 0 0 -1.2274617918901548e-15 0 0 6.0709540648471742e-19 840 840 1.2274617929154586e-15 0 0 0
d 0 0 -1.2277485920445264e-15 0 0 5.8330047894118351e-19 845 845 1.2277485931072848e-15 0 0 0
d 0 0 -1.2281061342564681e-15 0 0 5.5295474897911028e-19 850 850 1.228106135355727e-15 0 0 0
d 0 0 -1.2285506952460316e-15 0 0 5.1527345913837522e-19 855 855 1.2285506963810518e-15 0 0 0
d 0 0 -1.2291014251171341e-15 0 0 4.6977234509084145e-19 860 860 1.2291014262876016e-15 0 0 0
d 0 0 -1.229780584732566e-15 0 0 4.1638874116430056e-19 865 865 1.2297805859390667e-15 0 0 0
d 0 0 -1.2306137683967167e-15 0 0 3.5560704036641409e-19 870 870 1.230613769641455e-15 0 0 0
d 0 0 -1.2316301153630776e-15 0 0 2.8862935802994496e-19 875 875 1.231630116650842e-15 0 0 0
d 0 0 -1.2328625055079426e-15 0 0 2.1763971697234212e-19 880 880 1.2328625068473803e-15 0 0 0
d 0 0 -1.2343477232632841e-15 0 0 1.4621641890813688e-19 885 885 1.2343477246686463e-15 0 0 0
d 0 0 -1.2361265646799732e-15 0 0 7.9943349073500304e-20 890 890 1.2361265661735829e-15 0 0 0
d 0 0 -1.2382438606097274e-15 0 0 2.7271049234298043e-20 895 895 1.238243862225524e-15 0 0 0
d 0 0 -1.2407483963512897e-15 0 0 7.1025310711376338e-22 900 900 1.2407483981398926e-15 0 0 0
d 0 0 -1.2436927218939197e-15 0 0 1.836392436310185e-20 905 905 1.2436927239293901e-15 0 0 0
d 0 0 -1.2471328620831514e-15 0 0 1.1285893839990984e-19 910 910 1.2471328644715449e-15 0 0 0
d 0 0 -1.2511279545551174e-15 0 0 3.157262927142879e-19 915 915 1.2511279574554296e-15 0 0 0
d 0 0 -1.2557398187524236e-15 0 0 6.8809292248845817e-19 920 920 1.2557398223865243e-15 0 0 0
d 0 0 -1.261032517146703e-15 0 0 1.3197436791592486e-18 925 925 1.2610325218281386e-15 0 0 0
d 0 0 -1.2670719057378602e-15 0 0 2.3688585285707231e-19 930 930 1.2670719086263225e-15 0 0 0
d 0 0 -1.2739251401275423e-15 0 0 3.7328703346685509e-19 935 935 1.2739251436148167e-15 0 0 0
d 0 0 -1.2816601299701304e-15 0 0 5.7896646438120781e-19 940 940 1.2816601342481654e-15 0 0 0
d 0 0 -1.2903447921564965e-15 0 0 8.8926076054353955e-19 945 945 1.2903447974857383e-15 0 0 0
d 0 0 -1.3000460003989814e-15 0 0 1.356863798491386e-18 950 950 1.3000460071323885e-15 0 0 0
d 0 0 -1.3108281602362881e-15 0 0 2.0602535247774713e-18 955 955 1.3108281688536435e-15 0 0 0
d 0 0 -1.3227606239681955e-15 0 0 2.1500759272076774e-19 960 960 1.322760631087901e-15 0 0 0
d 0 0 -1.3359441145380734e-15 0 0 3.4309652283208429e-19 965 965 1.3359441231480548e-15 0 0 0
d 0 0 -1.3506149341498132e-15 0 0 5.5240895127092836e-19 970 970 1.3506149446975389e-15 0 0 0
d 0 0 -1.3666833631642652e-15 0 0 7.9433862163237119e-19 975 975 1.3666833759910358e-15 0 0 0
d 0 0 -1.3842293140979308e-15 0 0 1.3883397909283051e-18 980 980 1.3842293304233281e-15 0 0 0
d 0 0 -1.4034358980590089e-15 0 0 1.4758390846082123e-19 985 985 1.4034359118899509e-15 0 0 0
d 0 0 -1.4243046977854476e-15 0 0 2.1610703419319753e-19 990 990 1.4243047141654124e-15 0 0 0
d 0 0 -1.4469499426265516e-15 0 0 3.3151947663214289e-19 995 995 1.4469499622556947e-15 0 0 0
d 0 0 -1.4714578088310139e-15 0 0 5.0645598158022128e-19 1000 1000 1.4714578325086744e-15 0 0 0
d 0 0 -1.4979451308591984e-15 0 0 7.7772674986649275e-19 1005 1005 1.4979451596972816e-15 0 0 0
d 0 0 -1.5265713520822627e-15 0 0 1.2019785633408063e-18 1010 1010 1.5265713875948572e-15 0 0 0
d 0 0 -1.5576056835049826e-15 0 0 1.871451220390295e-18 1015 1015 1.5576057278941941e-15 0 0 0
d 0 0 -1.5913068744272229e-15 0 0 2.0304148698925263e-19 1020 1020 1.5913069100075129e-15 0 0 0
d 0 0 -1.6278735843378005e-15 0 0 3.1486531021930706e-19 1025 1025 1.6278736269268717e-15 0 0 0
d 0 0 -1.6675689164852077e-15 0 0 4.8199413841604763e-19 1030 1030 1.6675689678637436e-15 0 0 0
d 0 0 -1.7108603463965549e-15 0 0 7.3603292658584781e-19 1035 1035 1.7108604090852109e-15 0 0 0
d 0 0 -1.7583826639006114e-15 0 0 1.0835042618176676e-18 1040 1040 1.7583827407009302e-15 0 0 0
d 0 0 -1.8104956046952233e-15 0 0 1.537650472283422e-18 1045 1045 1.8104956990273256e-15 0 0 0
d 0 0 -1.8676839700323276e-15 0 0 1.5263908167241878e-19 1050 1050 1.8676840471976037e-15 0 0 0
d 0 0 -1.9304051881842471e-15 0 0 3.8544992154821798e-19 1055 1055 1.9304052735823367e-15 0 0 0
d 0 0 -1.9990911455519349e-15 0 0 5.0388820689055827e-19 1060 1060 1.9990912468233467e-15 0 0 0
d 0 0 -2.0741893399635692e-15 0 0 5.8409776370015127e-19 1065 1065 2.0741894596813341e-15 0 0 0
d 0 0 -2.1562531835440058e-15 0 0 6.3332991066927296e-19 1070 1070 2.156253325170807e-15 0 0 0
d 0 0 -2.2461032947930879e-15 0 0 6.4020095936744144e-19 1075 1075 2.2461034625857986e-15 0 0 0
d 0 0 -2.3449550711278497e-15 0 0 4.1358466715471134e-20 1080 1080 2.3449552368785707e-15 0 0 0
d 0 0 -2.4543065111538097e-15 0 0 3.4762932194637263e-20 1085 1085 2.4543067068032386e-15 0 0 0
d 0 0 -2.5755267346602302e-15 0 0 2.6900807895850328e-20 1090 1090 2.5755269663795915e-15 0 0 0
d 0 0 -2.7097085724307734e-15 0 0 2.0011725743239465e-20 1095 1095 2.7097088481204216e-15 0 0 0
d 0 0 -2.8579461812307707e-15 0 0 1.6495579618276031e-20 1100 1100 2.8579465226202114e-15 0 0 0
d 0 0 -3.0206069191421514e-15 0 0 2.6613020127616968e-20 1105 1105 3.0206073257397946e-15 0 0 0
d 0 0 -3.1993993909431187e-15 0 0 4.1979130610125058e-20 1110 1110 3.1993998967295167e-15 0 0 0
d 0 0 -3.3962898268560732e-15 0 0 1.1127607848896245e-19 1115 1115 3.3962904866865891e-15 0 0 0
d 0 0 -3.6133237020906031e-15 0 0 3.322760628600628e-20 1120 1120 3.6133244436334737e-15 0 0 0
d 0 0 -3.8528962936544832e-15 0 0 1.5650015793952543e-19 1125 1125 3.8528973096988441e-15 0 0 0
d 0 0 -4.1175558142728846e-15 0 0 7.3514304162203252e-20 1130 1130 4.1175570058869261e-15 0 0 0
d 0 0 -4.4098270718099363e-15 0 0 3.2126488362509712e-20 1135 1135 4.409828512892538e-15 0 0 0
d 0 0 -4.732581590627474e-15 0 0 6.8401881384828033e-20 1140 1140 4.7325834845694857e-15 0 0 0
d 0 0 -5.0899366790584723e-15 0 0 4.1158929610278615e-20 1145 1145 5.089939054912626e-15 0 0 0
d 0 0 -5.4880528304251724e-15 0 0 2.313001416640226e-20 1150 1150 5.4880559236255576e-15 0 0 0
d 0 0 -5.9376542622612214e-15 0 0 9.8453439006913263e-22 1155 1155 5.9376573183368777e-15 0 0 0
d 0 0 -6.4505164701421555e-15 0 0 4.5909525254407212e-19 1160 1160 6.4505221270129428e-15 0 0 0
d 0 0 -7.0371439446562198e-15 0 0 4.6994236285237918e-19 1165 1165 7.0371516078174949e-15 0 0 0
d 0 0 -7.7031842882155405e-15 0 0 -8.2737918491225273e-21 1170 1170 7.7031933322351717e-15 0 0 0
d 0 0 -8.4498343854067906e-15 0 0 1.1853341109055218e-19 1175 1175 8.4498472375952904e-15 0 0 0
d 0 0 -9.2874769620151804e-15 0 0 1.382199327675521e-19 1180 1180 9.2874914577052158e-15 0 0 0
d 0 0 -1.0268116907981399e-14 0 0 1.0722119104330608e-19 1185 1185 1.0268135669672632e-14 0 0 0
d 0 0 -1.1442749177250444e-14 0 0 -2.0968296993220757e-20 1190 1190 1.1442775254916819e-14 0 0 0
d 0 0 -1.2837276296876551e-14 0 0 -2.782436886917392e-20 1195 1195 1.2837312014644895e-14 0 0 0
d 0 0 -1.4477255404773578e-14 0 0 -9.4682950221816288e-21 1200 1200 1.4477302820542119e-14 0 0 0
d 0 0 -1.5209101519125996e-14 0 0 -2.538336324085752e-20 1202 1202 1.5209155984097034e-14 0 0 0
d 0 0 -1.5982634897361725e-14 0 0 4.7904180932034e-22 1204 1204 1.598269639686623e-14 0 0 0
d 0 0 -1.6799999374032745e-14 0 0 -6.7275702032152749e-21 1206 1206 1.6800068371567164e-14 0 0 0
d 0 0 -1.7683029920214823e-14 0 0 -3.8146367507344254e-20 1208 1208 1.7683107930586143e-14 0 0 0
d 0 0 -1.8649312350595575e-14 0 0 -3.9889503543666565e-20 1210 1210 1.86494015376596e-14 0 0 0
d 0 0 -1.9700501361743227e-14 0 0 -2.3827361298747183e-20 1212 1212 1.9700603572768499e-14 0 0 0
d 0 0 -2.0843191260514901e-14 0 0 -4.6807128851585439e-20 1214 1214 2.0843308296440761e-14 0 0 0
d 0 0 -2.2087753629078279e-14 0 0 -3.9619933069607952e-20 1216 1216 2.2087888519311951e-14 0 0 0
d 0 0 -2.3447753092677008e-14 0 0 -5.6937671813035805e-20 1218 1218 2.3447908998880232e-14 0 0 0
d 0 0 -2.4939942706768281e-14 0 0 -4.2509026412308981e-20 1220 1220 2.4940123557606257e-14 0 0 0
d 0 0 -2.6584726432075416e-14 0 0 -1.390486638801351e-19 1222 1222 2.658493638480262e-14 0 0 0
d 0 0 -2.8407314738396851e-14 0 0 -1.7929848136858368e-19 1224 1224 2.8407559347770049e-14 0 0 0
d 0 0 -3.0441133444495976e-14 0 0 -1.624900154324388e-19 1226 1226 3.0441418743443972e-14 0 0 0
d 0 0 -3.27399747676519e-14 0 0 -3.2252266191358044e-19 1228 1228 3.2740307790343916e-14 0 0 0
d 0 0 -3.5390672075267213e-14 0 0 -3.7533058862928684e-19 1230 1230 3.539105932556636e-14 0 0 0
d 0 0 -3.8159090323654961e-14 0 0 -3.6722322343062595e-19 1232 1232 3.8159545462482698e-14 0 0 0
d 0 0 -4.122782807833323e-14 0 0 -5.3202907159692643e-19 1234 1234 4.1228374040072361e-14 0 0 0
d 0 0 -4.4681751311473807e-14 0 0 -4.9665252804539811e-19 1236 1236 4.4682410477184978e-14 0 0 0
d 0 0 -4.8598680823414995e-14 0 0 -6.8062066547476671e-19 1238 1238 4.8599473491668808e-14 0 0 0
d 0 0 -5.3072432335597136e-14 0 0 -7.6552163991033385e-19 1240 1240 5.3073393856447771e-14 0 0 0
d 0 0 -5.8218925556565755e-14 0 0 -1.1392928607595043e-18 1242 1242 5.8220092563021551e-14 0 0 0
d 0 0 -6.4173194244399735e-14 0 0 -1.3914652637949034e-18 1244 1244 6.4174613578684153e-14 0 0 0
d 0 0 -7.1099687945670153e-14 0 0 -1.6390418357418855e-18 1246 1246 7.1101420286168019e-14 0 0 0
d 0 0 -7.9236757441371395e-14 0 0 -2.0021392229281315e-18 1248 1248 7.9238878241838196e-14 0 0 0
d 0 0 -8.9149397361461095e-14 0 0 -2.5894495908620152e-18 1250 1250 8.9151988258551584e-14 0 0 0
d 0 0 -1.0015181347731862e-13 0 0 -3.1785040498403141e-18 1252 1252 1.0015507020435662e-13 0 0 0
d 0 0 -1.1288872906465e-13 0 0 -4.1701779745017456e-18 1254 1254 1.1289290205927302e-13 0 0 0
d 0 0 -1.2812999249916165e-13 0 0 -5.3593519839210901e-18 1256 1256 1.2813536699724301e-13 0 0 0
d 0 0 -1.4656048627170488e-13 0 0 -6.9264331360854399e-18 1258 1258 1.4656745788251164e-13 0 0 0
d 0 0 -1.6908083286772208e-13 0 0 -9.0900557628261036e-18 1260 1260 1.6908993554201755e-13 0 0 0
d 0 0 -1.9711457246363399e-13 0 0 -1.1992135472587842e-17 1262 1262 1.9712657303107528e-13 0 0 0
d 0 0 -2.32473628935477e-13 0 0 -1.5938803043072179e-17 1264 1264 2.3248959059355564e-13 0 0 0
d 0 0 -2.7779883217123527e-13 0 0 -2.1337719285027711e-17 1266 1266 2.7782026122388399e-13 0 0 0
d 0 0 -3.3765371280754514e-13 0 0 -2.9143547871485447e-17 1268 1268 3.3768289755642455e-13 0 0 0
d 0 0 -4.2021326596060708e-13 0 0 -4.0572920387427405e-17 1270 1270 4.2025384835183854e-13 0 0 0
d 0 0 -5.3678341378711102e-13 0 0 -5.9738746087447977e-17 1272 1272 5.3684316864314464e-13 0 0 0
d 0 0 -6.9795640470820908e-13 0 0 -9.1569735805268806e-17 1274 1274 6.9804798324154333e-13 0 0 0
d 0 0 -9.3899108905861067e-13 0 0 -1.4586334302836884e-16 1276 1276 9.391369844859197e-13 0 0 0
d 0 0 -1.3183519030339808e-12 0 0 -2.4360665204340464e-16 1278 1278 1.3185955225078824e-12 0 0 0
d 0 0 -1.9595614927146127e-12 0 0 -4.3240942551752846e-16 1280 1280 1.9599939194584609e-12 0 0 0
d 0 0 -3.2038455214075786e-12 0 0 -8.4829315068242301e-16 1282 1282 3.2046938574559729e-12 0 0 0
d 0 0 -6.3759277888303999e-12 0 0 -2.1117860269595686e-15 1284 1284 6.3780395471602283e-12 0 0 0
d 0 0 -1.5835860473324416e-11 0 0 -7.2841825484341611e-15 1286 1286 1.5843144618044977e-11 0 0 0
d 0 0 -2.2068750399721305e-11 0 0 -1.1266983408907451e-14 1286.5 1286.5 2.2080017405948595e-11 0 0 0
d 0 0 -3.3287229081284575e-11 0 0 -1.9179535295447624e-14 1287 1287 3.3306408531175064e-11 0 0 0
d 0 0 -4.3177192228077257e-11 0 0 -2.6758322650146241e-14 1287.25 1287.25 4.320395138335099e-11 0 0 0
d 0 0 -4.6546926329384405e-11 0 0 -2.9447124284443998e-14 1287.3125 1287.3125 4.657637286205935e-11 0 0 0
d 0 0 -5.0468000476070157e-11 0 0 -3.2637023298615741e-14 1287.375 1287.375 5.0500636789024172e-11 0 0 0
d 0 0 -5.5109423833613345e-11 0 0 -3.6492700603374972e-14 1287.4375 1287.4375 5.5145914552110073e-11 0 0 0
d 0 0 -5.6409459396722795e-11 0 0 -3.7587432548492724e-14 1287.453125 1287.453125 5.644704680726709e-11 0 0 0
d 0 0 -5.7774747192798215e-11 0 0 -3.874379113936904e-14 1287.46875 1287.46875 5.7813492333451166e-11 0 0 0
d 0 0 -6.0724599512826114e-11 0 0 -4.126534540163769e-14 1287.5 1287.5 6.0765865010288742e-11 0 0 0
d 0 0 -1.4830315031037305e-10 0 0 -1.2936162730846946e-13 1288 1288 1.4843251193537869e-10 0 0 0
d 0 0 -2.2709375193490226e-10 0 0 -2.2859660288266169e-13 1288.5 1288.5 2.2732234205318269e-10 0 0 0
d 0 0 -2.3329428581058276e-10 0 0 -2.3697858428025425e-13 1288.53125 1288.53125 2.3353126110018816e-10 0 0 0
d 0 0 -2.3966598120904476e-10 0 0 -2.4567126436079133e-13 1288.5625 1288.5625 2.3991165415244017e-10 0 0 0
d 0 0 -2.5293259287620442e-10 0 0 -2.6402280354008394e-13 1288.625 1288.625 2.5319661506754352e-10 0 0 0
d 0 0 -2.8163573941570104e-10 0 0 -3.0485052270504768e-13 1288.75 1288.75 2.8194059901800995e-10 0 0 0
d 0 0 -2.9711122557898626e-10 0 0 -3.274736818105871e-13 1288.8125 1288.8125 2.9743870340521339e-10 0 0 0
d 0 0 -3.0513767439181372e-10 0 0 -3.3936973072043022e-13 1288.84375 1288.84375 3.0547704475832335e-10 0 0 0
d 0 0 -3.0717471069037417e-10 0 0 -3.424061888449539e-13 1288.8515625 1288.8515625 3.075171189468952e-10 0 0 0
d 0 0 -3.0922395478933399e-10 0 0 -3.4546787797629195e-13 1288.859375 1288.859375 3.0956942431483862e-10 0 0 0
d 0 0 -3.0973826246966307e-10 0 0 -3.4623737725517076e-13 1288.861328125 1288.861328125 3.1008449171170834e-10 0 0 0
d 0 0 -3.1025323868605875e-10 0 0 -3.4700834008089575e-13 1288.86328125 1288.86328125 3.1060024426536787e-10 0 0 0
d 0 0 -3.1128550687588661e-10 0 0 -3.4855504242458822e-13 1288.8671875 1288.8671875 3.1163406746506787e-10 0 0 0
d 0 0 -3.1335885905974481e-10 0 0 -3.5166703027587023e-13 1288.875 1288.875 3.1371052348082465e-10 0 0 0
d 0 0 -3.4823704422641081e-10 0 0 -4.0506611666868074e-13 1289 1289 3.4864211177863605e-10 0 0 0
d 0 0 -5.2139765757757179e-10 0 0 -6.9649851625956927e-13 1289.5 1289.5 5.220941551536577e-10 0 0 0
d 0 0 -5.2772059618031785e-10 0 0 -7.0789175695385278e-13 1289.515625 1289.515625 5.2842848426047414e-10 0 0 0
d 0 0 -5.2851600909302465e-10 0 0 -7.0932848692323984e-13 1289.517578125 1289.517578125 5.2922533939828531e-10 0 0 0
d 0 0 -5.2931139503694428e-10 0 0 -7.1076594380337727e-13 1289.51953125 1289.51953125 5.3002215805636276e-10 0 0 0
d 0 0 -5.2970958883487109e-10 0 0 -7.1148586873305933e-13 1289.5205078125 1289.5205078125 5.3042107258361057e-10 0 0 0
d 0 0 -5.2990852495627009e-10 0 0 -7.1184561436181698e-13 1289.52099609375 1289.52099609375 5.3062036668923655e-10 0 0 0
d 0 0 -5.8277027193944893e-10 0 0 -8.0912425712880945e-13 1289.64599609375 1289.64599609375 5.8357939924213069e-10 0 0 0
Q 2 13 "Source Voltage"
Q 3 13 "Gate Voltage"
Q 4 13 "Drain Voltage"
Q 5 13 "Substrate Voltage"
Q 20 13 "Source Current"
Q 21 13 "Gate Current"
Q 22 13 "Drain Current"
Q 23 13 "Substrate Current"
Q 92 21 Contact
Q 601 13 "Source Int. Voltage"
Q 602 13 "Gate Int. Voltage"
Q 603 13 "Drain Int. Voltage"
Q 604 13 "Substrate Int. Voltage"
EOF 2010166208
