v VICTORYDEVICE
# silvaco.file ASCII version=1.14.29 format=1 contents=SDB,Tables=1

Copyright "###################################################################"
Copyright "#                    Copyright Silvaco Inc. (c)                   #"
Copyright "#                            1992-2014                            #"
Copyright "#                                                                 #"
Copyright "# This file format and the following Key are copyright Silvaco    #"
Copyright "# International. You may not use, this format or key without      #"
Copyright "# reproducing this message in full and obtaining                  #"
Copyright "# express written permission from Silvaco Inc.                    #"
Copyright "#                                                                 #"
Copyright "# To obtain such permission please contact: Silvaco Inc.          #"
Copyright "#                                           support@silvaco.com   #"
Copyright "#                                                                 #"
Copyright "# KEY=SVC86hn7562asdx                       PROD=345              #"
Copyright "###################################################################"
#This file was created by VICTORYDEVICE version 1.24.0.R
#victoryd 1.24.0.R (Wed Jun 26 14:38:19 PDT 2024)
#libSDB 1.12.65 (Thu Dec  7 08:14:05 PST 2023)
a VICTORYDEVICE
j 1 9
k 4
r 1 92
x 3 43 42 46
w source 1 1
r 2 92
x 3 43 42 46
w gate 1 2
r 3 92
x 3 43 42 46
w drain 1 3
r 4 92
x 3 43 42 46
w substrate 1 4
y 1 15
z 300
f 4 source gate drain substrate
p 12 2 601 20 3 602 21 4 603 22 5 604 23
d 0 0 -3.3305282396669992e-28 0 0 -4.2812342183238316e-37 0.01 0.01 3.3305282439206664e-28 0 0 -1.1767850632576948e-46
d 0 0 -1.8001284707447794e-27 0 0 -4.1575281539542255e-36 0.1 0.1 1.8001284749023075e-27 0 0 -2.6379152207489354e-44
d 0 0 -2.2605980943051847e-27 0 0 -1.7118689948167527e-35 0.5 0.5 2.2605981115250907e-27 0 0 -1.0115963605073854e-37
d 0 0 -2.3752467010510585e-27 0 0 -2.4709732762524957e-32 1 1 2.375591466325997e-27 0 0 -3.2005553944344673e-31
d 0 0 -2.3762498844057634e-27 0 0 -4.1876650123893727e-32 2 2 2.3768852396084994e-27 0 0 -5.9347855261194456e-31
d 0 0 -2.3768155660613916e-27 0 0 -6.1368983685124206e-32 2.5 2.5 2.3777902828417833e-27 0 0 -9.1334779670689693e-31
d 0 0 -2.3775410171010823e-27 0 0 -1.0710016708256568e-31 3 3 2.3793393513949524e-27 0 0 -1.6912341267873587e-30
d 0 0 -2.3778087933115122e-27 0 0 -1.0881078011792317e-31 4 4 2.3796864601365845e-27 0 0 -1.7687773492685439e-30
d 0 0 -2.3780447959368509e-27 0 0 -1.1222815209163618e-31 5 5 2.3800172567282251e-27 0 0 -1.8602326392951367e-30
d 0 0 -2.3783013149969674e-27 0 0 -1.2098209738223531e-31 6 6 2.3804680128701836e-27 0 0 -2.0457157761487196e-30
d 0 0 -2.3784583181458103e-27 0 0 -1.2055343483783898e-31 7 7 2.3806385400597978e-27 0 0 -2.0596606172604364e-30
d 0 0 -2.3785958088161896e-27 0 0 -1.202342914928496e-31 8 8 2.3807850153940638e-27 0 0 -2.0689724432378045e-30
d 0 0 -2.3787383480334743e-27 0 0 -1.2200319877209645e-31 9 9 2.3809789219950474e-27 0 0 -2.1185707952311049e-30
d 0 0 -2.3788727761012214e-27 0 0 -1.2816757076049378e-31 10 10 2.3812480793976542e-27 0 0 -2.2471294928547852e-30
d 0 0 -2.3789406473661542e-27 0 0 -1.2842545374916021e-31 11 11 2.3813224331765378e-27 0 0 -2.2533603566071071e-30
d 0 0 -2.378995345230452e-27 0 0 -1.2860042927454166e-31 12 12 2.3813797562899489e-27 0 0 -2.2558106302178639e-30
d 0 0 -2.3790488706225813e-27 0 0 -1.2828505034975918e-31 13 13 2.3814377106449238e-27 0 0 -2.2602346800362841e-30
d 0 0 -2.3790753740446291e-27 0 0 -1.2864708408294474e-31 13.5 13.5 2.3814672305051582e-27 0 0 -2.2632093741842611e-30
d 0 0 -2.3791041519793429e-27 0 0 -1.2889597896347315e-31 14 14 2.3815054843532508e-27 0 0 -2.2723422860333555e-30
d 0 0 -2.3791706451331032e-27 0 0 -1.3080806635505756e-31 15 15 2.3816155263728315e-27 0 0 -2.3140731699134853e-30
d 0 0 -2.379213048980341e-27 0 0 -1.3282420306802649e-31 15.5 15.5 2.3817040794235682e-27 0 0 -2.358206240155082e-30
d 0 0 -2.3792452233305717e-27 0 0 -1.3120718689508885e-31 16 16 2.3817579140977942e-27 0 0 -2.3789704683645877e-30
d 0 0 -2.379271074204581e-27 0 0 -1.3032778016318374e-31 16.5 16.5 2.3817904380990854e-27 0 0 -2.3854253704934622e-30
d 0 0 -2.3792952471522895e-27 0 0 -1.3401372623363537e-31 17 17 2.3818179867156986e-27 0 0 -2.3887258380759598e-30
d 0 0 -2.3793189413010129e-27 0 0 -1.3408919287780836e-31 17.5 17.5 2.3818447375917621e-27 0 0 -2.3917072643740191e-30
d 0 0 -2.3793423578448838e-27 0 0 -1.3418219601690406e-31 18 18 2.3818713892585463e-27 0 0 -2.3948492473182469e-30
d 0 0 -2.3793658700823132e-27 0 0 -1.3432042418249133e-31 18.5 18.5 2.381899310295782e-27 0 0 -2.399119928696701e-30
d 0 0 -2.3793896269339453e-27 0 0 -1.3422162021366658e-31 19 19 2.3819292230838811e-27 0 0 -2.4050597079048668e-30
d 0 0 -2.379411567036141e-27 0 0 -1.3466502791133327e-31 19.5 19.5 2.3819544385424536e-27 0 0 -2.4082431091166609e-30
d 0 0 -2.3794293994549581e-27 0 0 -1.3423999928525575e-31 20 20 2.3819737891084759e-27 0 0 -2.409735583230976e-30
d 0 0 -2.3794362031806184e-27 0 0 -1.1619818884740047e-31 20.25 20.25 2.3819813395839068e-27 0 0 -2.4104576180307581e-30
d 0 0 -2.3794438365038906e-27 0 0 -1.347632149220114e-31 20.5 20.5 2.3819905991747642e-27 0 0 -2.4119995383702702e-30
d 0 0 -2.3794507231628273e-27 0 0 -1.3486305723951972e-31 20.75 20.75 2.3819980627541937e-27 0 0 -2.4125625929429523e-30
d 0 0 -2.3794576453005282e-27 0 0 -1.3480924559910853e-31 21 21 2.3820055354969002e-27 0 0 -2.4131018057380883e-30
d 0 0 -2.3794715354504708e-27 0 0 -1.3489650667252575e-31 21.5 21.5 2.3820217924675927e-27 0 0 -2.4153605155176379e-30
d 0 0 -2.3794834971970826e-27 0 0 -1.3507670492503233e-31 22 22 2.3820373220043527e-27 0 0 -2.4187598130497853e-30
d 0 0 -2.3794957389774953e-27 0 0 -1.3550058688231524e-31 22.5 22.5 2.3820567710146939e-27 0 0 -2.4256254279828149e-30
d 0 0 -2.3795105215821515e-27 0 0 -1.355239987551366e-31 23 23 2.3820855210917227e-27 0 0 -2.4389835137796162e-30
d 0 0 -2.3795289515149444e-27 0 0 -1.3704437565949216e-31 23.5 23.5 2.382127715333543e-27 0 0 -2.461719754031389e-30
d 0 0 -2.3795461201911033e-27 0 0 -1.3796995313797407e-31 24 24 2.3821656477225485e-27 0 0 -2.481588880010566e-30
d 0 0 -2.3795588561892379e-27 0 0 -9.0987291575844391e-32 24.5 24.5 2.3821875993763482e-27 0 0 -2.4904156892849888e-30
d 0 0 -2.3795692218696769e-27 0 0 -1.3624394056982559e-31 25 25 2.3822010085150632e-27 0 0 -2.4933395516552086e-30
d 0 0 -2.3795788013450658e-27 0 0 -1.3791539639277615e-31 25.5 25.5 2.382211661089264e-27 0 0 -2.4943783650921588e-30
d 0 0 -2.379588130394496e-27 0 0 -1.3849247563068981e-31 26 26 2.3822215146988224e-27 0 0 -2.4948918313962567e-30
d 0 0 -2.3795973626411453e-27 0 0 -1.3849848450788579e-31 26.5 26.5 2.3822311343456162e-27 0 0 -2.4952733941778941e-30
d 0 0 -2.3796065546428123e-27 0 0 -1.3850645113383668e-31 27 27 2.3822407489788358e-27 0 0 -2.4956879605205401e-30
d 0 0 -2.3796157955428474e-27 0 0 -1.3852824214605287e-31 27.5 27.5 2.3822507146384156e-27 0 0 -2.4963908832654558e-30
d 0 0 -2.3796252487576309e-27 0 0 -1.3858362468975514e-31 28 28 2.3822616500765465e-27 0 0 -2.4978178504603273e-30
d 0 0 -2.3796347744105672e-27 0 0 -1.3865716889099555e-31 28.5 28.5 2.3822730656301929e-27 0 0 -2.4996342974841714e-30
d 0 0 -2.3796439978912447e-27 0 0 -1.3870898398513058e-31 29 29 2.3822836591096251e-27 0 0 -2.5009526194534465e-30
d 0 0 -2.3796530503945391e-27 0 0 -1.3877253930564558e-31 29.5 29.5 2.3822942248850619e-27 0 0 -2.5024067785148226e-30
d 0 0 -2.3796605856803333e-27 0 0 -1.3883790089377756e-31 30 30 2.3823029527758352e-27 0 0 -2.5035524000827972e-30
d 0 0 -2.3796659906710799e-27 0 0 -1.3887041121553726e-31 30.5 30.5 2.3823086018063998e-27 0 0 -2.5037892081056347e-30
d 0 0 -2.3796727691907183e-27 0 0 -1.391219810954225e-31 31 31 2.3823171379216412e-27 0 0 -2.5054736287723569e-30
d 0 0 -2.3796791658884291e-27 0 0 -1.3892387540266894e-31 31.5 31.5 2.3823242822791621e-27 0 0 -2.5061925157716056e-30
d 0 0 -2.3796848351033495e-27 0 0 -1.3902773671671214e-31 32 32 2.3823323861084427e-27 0 0 -2.5085234013766908e-30
d 0 0 -2.3796898461461141e-27 0 0 -1.3919205579440238e-31 32.5 32.5 2.3823410656827886e-27 0 0 -2.5120280693638287e-30
d 0 0 -2.3796950334244359e-27 0 0 -1.3938587616846095e-31 33 33 2.3823506659376055e-27 0 0 -2.5162469236636276e-30
d 0 0 -2.3797010994627357e-27 0 0 -1.3967786146136377e-31 33.5 33.5 2.3823635437182269e-27 0 0 -2.5227673919891695e-30
d 0 0 -2.3797084550101101e-27 0 0 -1.4014487447582368e-31 34 34 2.3823812487317656e-27 0 0 -2.5326741778598491e-30
d 0 0 -2.3797160746265984e-27 0 0 -1.408024630068167e-31 34.5 34.5 2.3824000077817258e-27 0 0 -2.5433374974063498e-30
d 0 0 -2.379722488310063e-27 0 0 -1.4123611996164398e-31 35 35 2.3824143503675678e-27 0 0 -2.5509281213278487e-30
d 0 0 -2.3797275557194774e-27 0 0 -1.4134248518422576e-31 35.5 35.5 2.3824237326455817e-27 0 0 -2.5550595421741256e-30
d 0 0 -2.3797318108385639e-27 0 0 -1.4151581835945295e-31 36 36 2.3824301496952068e-27 0 0 -2.557130128796798e-30
d 0 0 -2.3797355991836334e-27 0 0 -1.4185130035565269e-31 36.5 36.5 2.3824349336853654e-27 0 0 -2.5580842162757319e-30
d 0 0 -2.3797390724630335e-27 0 0 -1.3784155791239308e-31 37 37 2.3824388781318198e-27 0 0 -2.5585360387339055e-30
d 0 0 -2.3797415102489142e-27 0 0 -1.4130627449798028e-31 37.5 37.5 2.3824421608804065e-27 0 0 -2.5593443578940999e-30
d 0 0 -2.3797440820680265e-27 0 0 -1.4139893553053416e-31 38 38 2.3824468801013304e-27 0 0 -2.5613990996783293e-30
d 0 0 -2.3797473454391995e-27 0 0 -1.4145949615960516e-31 38.5 38.5 2.3824515638613644e-27 0 0 -2.562758929248018e-30
d 0 0 -2.3797503676567525e-27 0 0 -1.4150319126151339e-31 39 39 2.3824556076697307e-27 0 0 -2.5637368262065262e-30
d 0 0 -2.3797525385281049e-27 0 0 -1.4158866216119402e-31 39.5 39.5 2.3824597481366728e-27 0 0 -2.5656209537671801e-30
d 0 0 -2.3797543342147223e-27 0 0 -1.4167530896477289e-31 40 40 2.3824633781164461e-27 0 0 -2.5673685982472629e-30
d 0 0 -2.3797556014617279e-27 0 0 -1.4169642201802822e-31 40.5 40.5 2.3824650837156718e-27 0 0 -2.567785840001244e-30
d 0 0 -2.379756731918571e-27 0 0 -1.4238631374609275e-31 41 41 2.3824668036090244e-27 0 0 -2.5683480231700573e-30
d 0 0 -2.3797589747064411e-27 0 0 -1.4193613690243294e-31 41.5 41.5 2.3824739737986019e-27 0 0 -2.5730629718401186e-30
d 0 0 -2.3797644245330468e-27 0 0 -1.4250443799182666e-31 42 42 2.3824927749445917e-27 0 0 -2.5858435251882795e-30
d 0 0 -2.3797656436396877e-27 0 0 -1.4264374770945928e-31 42.03125 42.03125 2.3824972045817268e-27 0 0 -2.5889171943245783e-30
d 0 0 -2.3797668065255576e-27 0 0 -1.4277404173019417e-31 42.0625 42.0625 2.3825014240104073e-27 0 0 -2.5918434446838587e-30
d 0 0 -2.3797677872792531e-27 0 0 -1.4288292785204035e-31 42.09375 42.09375 2.3825049582332058e-27 0 0 -2.594288066336484e-30
d 0 0 -2.3797685528273443e-27 0 0 -1.4296634686502846e-31 42.125 42.125 2.3825076816281609e-27 0 0 -2.5961624542112001e-30
d 0 0 -2.3797699262273475e-27 0 0 -1.4310053470104016e-31 42.25 42.25 2.3825122030985447e-27 0 0 -2.5991763389765354e-30
d 0 0 -2.3797713903764632e-27 0 0 -1.4321773365975085e-31 42.5 42.5 2.3825164144987323e-27 0 0 -2.6018063893024446e-30
d 0 0 -2.3797781421704713e-27 0 0 -1.4395705975127837e-31 43 43 2.3825404953439537e-27 0 0 -2.6183961447548033e-30
d 0 0 -2.3797845056325612e-27 0 0 -1.4469040230750101e-31 44 44 2.3825639669737923e-27 0 0 -2.6347713635911286e-30
d 0 0 -2.3797989780556491e-27 0 0 -1.4643688361502584e-31 46 46 2.3826194425521941e-27 0 0 -2.6740276129253504e-30
d 0 0 -2.3798090957172346e-27 0 0 -1.4767303677054237e-31 48 48 2.3826585808888958e-27 0 0 -2.7018121282838109e-30
d 0 0 -2.3798193462493913e-27 0 0 -1.4893766861554451e-31 50 50 2.382698538182477e-27 0 0 -2.730254260943275e-30
d 0 0 -2.3798294522587955e-27 0 0 -1.5019664387853077e-31 52 52 2.382738233808078e-27 0 0 -2.7585849055114501e-30
d 0 0 -2.3798394280536305e-27 0 0 -1.5144749037680115e-31 54 54 2.3827777145072959e-27 0 0 -2.786835090966787e-30
d 0 0 -2.3798492853535725e-27 0 0 -1.5270422264341837e-31 56 56 2.3828170182816696e-27 0 0 -2.815029958082275e-30
d 0 0 -2.3798590306034748e-27 0 0 -1.5395194276265653e-31 58 58 2.3828561631440909e-27 0 0 -2.8431805588407034e-30
d 0 0 -2.3798686687017384e-27 0 0 -1.5519907511688935e-31 60 60 2.3828951614975264e-27 0 0 -2.8712940538512113e-30
d 0 0 -2.3798782042036784e-27 0 0 -1.5644358390657027e-31 62 62 2.3829340248355717e-27 0 0 -2.899377060958648e-30
d 0 0 -2.3798876413939089e-27 0 0 -1.5768681923012699e-31 64 64 2.3829727639901141e-27 0 0 -2.9274358229830122e-30
d 0 0 -2.3798969841498741e-27 0 0 -1.5892869493958409e-31 66 66 2.3830113885248088e-27 0 0 -2.9554757574870247e-30
d 0 0 -2.3799062358877383e-27 0 0 -1.6016920971025885e-31 68 68 2.3830499064513094e-27 0 0 -2.9835012368011644e-30
d 0 0 -2.3799153995983962e-27 0 0 -1.6140913597564691e-31 70 70 2.3830883243190312e-27 0 0 -3.0115156395944326e-30
d 0 0 -2.3799244779328421e-27 0 0 -1.6264817046656401e-31 72 72 2.3831266475249736e-27 0 0 -3.039521566111983e-30
d 0 0 -2.3799334733369927e-27 0 0 -1.6388631493503877e-31 74 74 2.3831648808550921e-27 0 0 -3.0675212280649595e-30
d 0 0 -2.3799423883789351e-27 0 0 -1.6512402307380744e-31 76 76 2.3832030298839983e-27 0 0 -3.0955174766312632e-30
d 0 0 -2.3799512270084358e-27 0 0 -1.6636131123068629e-31 78 78 2.3832411064825249e-27 0 0 -3.1235178726525947e-30
d 0 0 -2.3799600002764881e-27 0 0 -1.6760039333241108e-31 80 80 2.3832791540362671e-27 0 0 -3.1515533664354377e-30
d 0 0 -2.3799687531180448e-27 0 0 -1.6884668359401066e-31 82 82 2.3833173663311785e-27 0 0 -3.1797665290613862e-30
d 0 0 -2.3799776842450956e-27 0 0 -1.7012913588826888e-31 84 84 2.383356623708109e-27 0 0 -3.2088103219211012e-30
d 0 0 -2.3799875461731886e-27 0 0 -1.7155785222232983e-31 86 86 2.3834003030679356e-27 0 0 -3.24119887550504e-30
d 0 0 -2.3799996990648282e-27 0 0 -1.7333680810066427e-31 88 88 2.3834546306118618e-27 0 0 -3.2815941069315838e-30
d 0 0 -2.3800135518861266e-27 0 0 -1.7539043261114612e-31 90 90 2.3835172152838066e-27 0 0 -3.328272291234543e-30
d 0 0 -2.3800262840142183e-27 0 0 -1.7730273367255413e-31 92 92 2.3835753238705144e-27 0 0 -3.3717371216680916e-30
d 0 0 -2.3800362836422691e-27 0 0 -1.7882047220926158e-31 94 94 2.3836213263538084e-27 0 0 -3.4062222381758413e-30
d 0 0 -2.3800448481341055e-27 0 0 -1.8013159443764644e-31 96 96 2.383660983157779e-27 0 0 -3.4360030684328889e-30
d 0 0 -2.3800529853839085e-27 0 0 -1.813863228291472e-31 98 98 2.3836988972388765e-27 0 0 -3.4645238681314414e-30
d 0 0 -2.3800609991503975e-27 0 0 -1.8263080035716931e-31 100 100 2.383736469226219e-27 0 0 -3.4928355440695582e-30
d 0 0 -2.3800809233284834e-27 0 0 -1.8577528857925032e-31 105 105 2.3838309115889768e-27 0 0 -3.5642128636369382e-30
d 0 0 -2.3801006729187755e-27 0 0 -1.8894818806051888e-31 110 110 2.3839260017823723e-27 0 0 -3.6363805979035005e-30
d 0 0 -2.3801202630189828e-27 0 0 -1.9215504587158928e-31 115 115 2.3840218077853923e-27 0 0 -3.7093895914970874e-30
d 0 0 -2.3801400313618615e-27 0 0 -1.9545262066918509e-31 120 120 2.3841200265833866e-27 0 0 -3.7845425790993858e-30
d 0 0 -2.3801603564398607e-27 0 0 -1.9890841559255974e-31 125 125 2.3842226727035709e-27 0 0 -3.8634077660844367e-30
d 0 0 -2.380181631614503e-27 0 0 -2.0259819268585713e-31 130 130 2.3843319723814127e-27 0 0 -3.9477423033185885e-30
d 0 0 -2.3802042981577143e-27 0 0 -2.0661323812181091e-31 135 135 2.3844505660779616e-27 0 0 -4.0396548186254014e-30
d 0 0 -2.3802293339692396e-27 0 0 -2.1114956222572416e-31 140 140 2.3845842141658393e-27 0 0 -4.143730652214925e-30
d 0 0 -2.3802582605047164e-27 0 0 -2.1652781419513559e-31 145 145 2.3847422209851225e-27 0 0 -4.2674326662095634e-30
d 0 0 -2.3802935588891207e-27 0 0 -2.2329525868603971e-31 150 150 2.3849404172654693e-27 0 0 -4.4235631176609287e-30
d 0 0 -2.3803396540095684e-27 0 0 -2.3248315711035546e-31 155 155 2.3852084663505068e-27 0 0 -4.6363291837857354e-30
d 0 0 -2.3804046604778868e-27 0 0 -2.4614751358637793e-31 160 160 2.385605058539698e-27 0 0 -4.9542505482416474e-30
d 0 0 -2.3805042623275316e-27 0 0 -2.6880047754249216e-31 165 165 2.3862577314783544e-27 0 0 -5.4846686740663477e-30
d 0 0 -2.3806705062708372e-27 0 0 -3.1175585713271716e-31 170 170 2.3874824120792003e-27 0 0 -6.5001499512303691e-30
d 0 0 -2.3809702299848397e-27 0 0 -4.0872449075867408e-31 175 175 2.390209028697565e-27 0 0 -8.8300742219668188e-30
d 0 0 -2.3815268027537415e-27 0 0 -6.8198070201905114e-31 180 180 2.3978032789557147e-27 0 0 -1.5594495499954232e-29
d 0 0 -2.3825255943857347e-27 0 0 -1.7389394382912861e-30 185 185 2.4275060318433682e-27 0 0 -4.3241498019343735e-29
d 0 0 -2.3844315068367371e-27 0 0 -1.0603668450257278e-29 190 190 2.6967037818260761e-27 0 0 -3.016686065390817e-28
d 0 0 -2.3861582049585807e-27 0 0 -5.4682628660214173e-29 195 195 4.1835572226912671e-27 0 0 -1.7427164019821427e-27
d 0 0 -2.3886579215031486e-27 0 0 -5.8013709518614051e-28 197.5 197.5 2.4668509163774292e-26 0 0 -2.1699714147073972e-26
d 0 0 -2.3913345307677325e-27 0 0 -6.9731940396804036e-27 197.8125 197.8125 3.173628475032481e-25 0 0 -3.0799831893279996e-25
d 0 0 -2.3943426709145249e-27 0 0 -1.0185563657325022e-25 197.890625 197.890625 5.4710450483760123e-24 0 0 -5.3667950691318471e-24
d 0 0 -2.3978106015911777e-27 0 0 -1.603743957065889e-24 197.96875 197.96875 1.0254952928472105e-22 0 0 -1.0094338751705357e-22
d 0 0 -2.4153876804243339e-27 0 0 -3.9020104979556287e-22 198.125 198.125 3.5093963155349823e-20 0 0 -3.4703759690167648e-20
d 0 0 -2.4633158554018704e-27 0 0 -8.7371132376391434e-20 198.28125 198.28125 1.0848703425310709e-17 0 0 -1.0761332290471e-17
d 0 0 -2.5147010714544942e-27 0 0 -1.4279573098836079e-17 198.4375 198.4375 2.263026979766807e-15 0 0 -2.2487474066654559e-15
d 0 0 -2.5507559813710511e-27 0 0 -1.027638017564915e-15 198.59375 198.59375 1.7981342058063034e-13 0 0 -1.7878578256306287e-13
d 0 0 -2.5837695314688768e-27 0 0 -1.7790168180997935e-13 198.75 198.75 2.4091492593752935e-11 0 0 -2.3913590911942953e-11
d 0 0 -2.656057935169003e-27 0 0 -3.615274992911385e-10 199.0625 199.0625 1.7529374755010288e-09 0 0 -1.3914099762098905e-09
d 0 0 -2.6994463922178489e-27 0 0 -5.4153280304786239e-09 199.21875 199.21875 7.755050728105728e-09 0 0 -2.3397226976271037e-09
d 0 0 -2.7952000524710424e-27 0 0 -5.9580440881946483e-08 199.375 199.375 6.2888254373806845e-08 0 0 -3.307813491860364e-09
d 0 0 -4.0149815180560485e-27 0 0 -2.6570447509767834e-07 199.453125 199.453125 2.698804522361373e-07 0 0 -4.1759771384589658e-09
d 0 0 -2.4317971594727934e-26 0 0 -6.9311478712262405e-07 199.53125 199.53125 6.9821541580042936e-07 0 0 -5.1006286778053408e-09
d 0 0 -3.6060147239989541e-25 0 0 -1.2703419894206506e-06 199.609375 199.609375 1.2763766309012582e-06 0 0 -6.0346414806075875e-09
d 0 0 -5.9355320651753622e-24 0 0 -1.9328517722299975e-06 199.6875 199.6875 1.9398273318884679e-06 0 0 -6.9755596584703213e-09
d 0 0 -1.614691121708416e-21 0 0 -3.4189845360858752e-06 199.84375 199.84375 3.4278580392230697e-06 0 0 -8.8735031371931151e-09
d 0 0 -4.2495566520128003e-19 0 0 -5.0356968613447766e-06 200 200 5.0464812463299132e-06 0 0 -1.0784384984711334e-08
d 0 0 -0.0072725681369765205 0 0 -4.3723352443573134e-05 205 205 0.0073163589594855191 0 0 -6.7470065425543601e-08
d 0 0 -0.020726363056566346 0 0 -6.9559675952424421e-05 210 210 0.020796055000741449 0 0 -1.3226822267765284e-07
d 0 0 -0.036163077706225503 0 0 -9.4684673262661906e-05 215 215 0.036257992893789684 0 0 -2.3051430151420451e-07
d 0 0 -0.053120835049350022 0 0 -0.00012034709144304062 220 220 0.053241556084005152 0 0 -3.7394321209404673e-07
d 0 0 -0.071505059372427432 0 0 -0.00014696318834545212 225 225 0.071652608133844192 0 0 -5.8557307131947234e-07
d 0 0 -0.091283375563347771 0 0 -0.00017476125649255067 230 230 0.09145903376494828 0 0 -8.9694510796044609e-07
d 0 0 -0.11240317376702297 0 0 -0.00020386939537121761 235 235 0.11260838751721705 0 0 -1.3443548228762376e-06
d 0 0 -0.12344989411088211 0 0 -0.00021895655191273426 237.5 237.5 0.1236704836158625 0 0 -1.6329530676419133e-06
d 0 0 -0.13479133848776911 0 0 -0.00023447745958542869 240 240 0.13502779057234754 0 0 -1.9746249929740296e-06
d 0 0 -0.15838857742704127 0 0 -0.00026681553468586351 245 245 0.15865824726898789 0 0 -2.8543072607558202e-06
d 0 0 -0.18321364433614734 0 0 -0.00030096206936163319 250 250 0.18351868652760422 0 0 -4.0801220952513667e-06
d 0 0 -0.20929457907754545 0 0 -0.00033696916127765747 255 255 0.20963733984189278 0 0 -5.7916030696863963e-06
d 0 0 -0.23659711546943576 0 0 -0.00037482437097795723 260 260 0.2369800964020968 0 0 -8.1565616830608966e-06
d 0 0 -0.26496032248262813 0 0 -0.00041447151575456235 265 265 0.26538612904594405 0 0 -1.1335047561370474e-05
d 0 0 -0.27946615945249709 0 0 -0.00043492843311149725 267.5 267.5 0.27991435404946396 0 0 -1.3266163855412787e-05
d 0 0 -0.29417084227910884 0 0 -0.00045578740687525542 270 270 0.29464208011783966 0 0 -1.5450431855539332e-05
d 0 0 -0.32412975083841522 0 0 -0.00049880567929326092 275 275 0.32464925025301572 0 0 -2.0693735307231105e-05
d 0 0 -0.35529997592463786 0 0 -0.00052865695360081926 280 280 0.35585600042740512 0 0 -2.7367549166442197e-05
d 0 0 -0.38800858350892597 0 0 -0.00054605969511013893 285 285 0.38859045537818321 0 0 -3.5812174147075716e-05
d 0 0 -0.42180030401449753 0 0 -0.00056462598389516046 290 290 0.42241137665218387 0 0 -4.6446653791171729e-05
d 0 0 -0.45651091145651046 0 0 -0.00058442130753820335 295 295 0.45715506890125646 0 0 -5.9736137207806896e-05
d 0 0 -0.49208639274276494 0 0 -0.00060563841957321897 300 300 0.49276823236908796 0 0 -7.6201206749780054e-05
d 0 0 -0.52840488716680378 0 0 -0.00062803056616697844 305 305 0.5291293515567268 0 0 -9.6433823756028765e-05
d 0 0 -0.56536542329736128 0 0 -0.00065140843312541804 310 310 0.56613792209494707 0 0 -0.000121090364460383
d 0 0 -0.60288839707509689 0 0 -0.00067571291280317297 315 315 0.60371499824149422 0 0 -0.00015088825359411756
d 0 0 -0.6409045614905482 0 0 -0.00070089355322833138 320 320 0.64179205761155367 0 0 -0.00018660256777712123
d 0 0 -0.67934238707350103 0 0 -0.00072689415463958939 325 325 0.68029834406870515 0 0 -0.0002290628405645369
d 0 0 -0.71813472779643839 0 0 -0.00075368166372543027 330 330 0.71916755644302521 0 0 -0.00027914698286130555
d 0 0 -0.75721965890782383 0 0 -0.00078123525213230041 335 335 0.7583386699993574 0 0 -0.00033777583940132846
d 0 0 -0.79656741437338108 0 0 -0.00080965592870684369 340 340 0.79778297189498282 0 0 -0.00040590159289492447
d 0 0 -0.83612093858141123 0 0 -0.00083905107593358098 345 345 0.8374445039156132 0 0 -0.00048451425826838342
d 0 0 -0.87579561050622423 0 0 -0.00086939938291739211 350 350 0.87723964833417789 0 0 -0.00057463844503631263
d 0 0 -0.9155402010881023 0 0 -0.000900635152517112 355 355 0.91711814804740543 0 0 -0.00067731180678606622
d 0 0 -0.95530980196492543 0 0 -0.00093270098878537786 360 360 0.95703608586496269 0 0 -0.00079358291125188117
d 0 0 -0.99506107578768543 0 0 -0.00096556803240888339 365 365 0.99695114696452225 0 0 -0.00092450314442783039
d 0 0 -1.0347525572878762 0 0 -0.00099922607286810302 370 370 1.0368229016858408 0 0 -0.0010711183250966037
d 0 0 -1.0743452491701706 0 0 -0.0010336735815316173 375 375 1.0766133824484223 0 0 -0.0012344596967199127
d 0 0 -1.1138038278521256 0 0 -0.0010689064974102932 380 380 1.1162882672131782 0 0 -0.0014155328636424362
d 0 0 -1.1530966286818649 0 0 -0.0011049140210027451 385 385 1.1558168546497025 0 0 -0.0016153119468348865
d 0 0 -1.1921935053369164 0 0 -0.0011416936491779682 390 390 1.1951699325274918 0 0 -0.0018347335413974953
d 0 0 -1.2310638932418516 0 0 -0.0011792655409110793 395 395 1.2343178523333227 0 0 -0.0020746935505601381
d 0 0 -1.2696774543905212 0 0 -0.0012176682312326156 400 400 1.2732311674567436 0 0 -0.0023360448349898726
d 0 0 -1.308005471292379 0 0 -0.0012569483135021064 405 405 1.3118820156094704 0 0 -0.0026195960035891243
d 0 0 -1.3460216109786129 0 0 -0.0012971548330417706 410 410 1.3502448763747172 0 0 -0.0029261105630627106
d 0 0 -1.3837020239414919 0 0 -0.0013383377841433442 415 415 1.388296669359441 0 0 -0.0032563076338057947
d 0 0 -1.4210252195155162 0 0 -0.0013805481560027035 420 420 1.4260166305837212 0 0 -0.003610862912202314
d 0 0 -1.4579719042497368 0 0 -0.0014238384283839119 425 425 1.4633861521554958 0 0 -0.0039904094773750426
d 0 0 -1.4945248087552114 0 0 -0.0014682630857021772 430 430 1.5003886108366289 0 0 -0.0043955389957152178
d 0 0 -1.530668708058899 0 0 -0.0015138794648919323 435 435 1.5370093908751821 0 0 -0.0048268033513910319
d 0 0 -1.5664044036938121 0 0 -0.0015607832497480224 440 440 1.573249894993842 0 0 -0.0052847080502819461
d 0 0 -1.6017476745014472 0 0 -0.0016091114954521661 445 445 1.6091265005768991 0 0 -0.00576971457999977
d 0 0 -1.6366657897683401 0 0 -0.0016588774147805393 450 450 1.6446069487378139 0 0 -0.006282281554693305
d 0 0 -1.6711426340859621 0 0 -0.0017101312456328627 455 455 1.6796755959091532 0 0 -0.0068228305775582558
d 0 0 -1.7051698302601999 0 0 -0.0017629430989686071 460 460 1.7143245278718571 0 0 -0.0073917545126886697
d 0 0 -1.7387408966955036 0 0 -0.001817389157545656 465 465 1.7485477105694986 0 0 -0.0079894247164494329
d 0 0 -1.7718506440879767 0 0 -0.0018735513837217169 470 470 1.782340391003181 0 0 -0.00861619553148253
d 0 0 -1.8044948288082965 0 0 -0.0019315192874545086 475 475 1.8156987562943585 0 0 -0.0092724081986074094
d 0 0 -1.8366693611012981 0 0 -0.0019913953302721438 480 480 1.8486191510144607 0 0 -0.0099583945828906166
d 0 0 -1.8683670568636315 0 0 -0.0020533183983301269 485 485 1.8810948577201514 0 0 -0.010674482458189697
d 0 0 -1.8995475667574986 0 0 -0.002117685305927684 490 490 1.9130862712080063 0 0 -0.011421019144580257
d 0 0 -1.9299776485789928 0 0 -0.0021863867004739976 495 495 1.9443625232533859 0 0 -0.012198487973919236
d 0 0 -1.959864073017084 0 0 -0.0022581808540651145 500 500 1.9751293178002405 0 0 -0.013007063929091556
d 0 0 -1.9894003147612891 0 0 -0.0023317340457858615 505 505 2.0055789726170046 0 0 -0.013846923809929577
d 0 0 -2.0185544114834517 0 0 -0.0024073716661121573 510 510 2.0356801867787331 0 0 -0.014718403629169147
d 0 0 -2.0469778288903164 0 0 -0.0024881544568996308 515 515 2.0650880593029304 0 0 -0.015622075955714274
d 0 0 -2.0743220118155681 0 0 -0.0025775884868000517 520 520 2.0934581251454869 0 0 -0.016558524843118892
d 0 0 -2.1011297685892893 0 0 -0.002671531990001595 525 525 2.1213289677911034 0 0 -0.017527667211812516
d 0 0 -2.127663030956116 0 0 -0.0027678395344514525 530 530 2.1489604862505125 0 0 -0.018529615759945241
d 0 0 -2.1539957725246244 0 0 -0.0028658727379800601 535 535 2.1764262635013401 0 0 -0.019564618238735881
d 0 0 -2.1801611154106308 0 0 -0.0029653091900783105 540 540 2.2037593737827974 0 0 -0.020632949182088536
d 0 0 -2.206178507596277 0 0 -0.0030659220639458113 545 545 2.2309793189866887 0 0 -0.021734889326465952
d 0 0 -2.232061032619217 0 0 -0.0031675217867996072 550 550 2.2580992739386732 0 0 -0.022870719532656542
d 0 0 -2.2578182730377541 0 0 -0.0032699331067293233 555 555 2.2851289243217385 0 0 -0.024040718177255151
d 0 0 -2.2834577747153482 0 0 -0.0033729827739005579 560 560 2.3120759169838014 0 0 -0.025245159494552707
d 0 0 -2.3089859582562147 0 0 -0.0034764907701387328 565 565 2.338946761467831 0 0 -0.026484312441477399
d 0 0 -2.3344088092736159 0 0 -0.0035802621754146011 570 570 2.3657475111227129 0 0 -0.027758439673682536
d 0 0 -2.3597324870088237 0 0 -0.0036840778650268687 575 575 2.392484361688064 0 0 -0.029067796814213592
d 0 0 -2.3849639465409407 0 0 -0.0037876823919896756 580 580 2.4191642605906778 0 0 -0.030412631657747418
d 0 0 -2.4101115216271216 0 0 -0.0038907678457439357 585 585 2.445795472884857 0 0 -0.03179318341199152
d 0 0 -2.4351846342197581 0 0 -0.0039929587118634879 590 590 2.4723872757068843 0 0 -0.033209682775262664
d 0 0 -2.4601849344052007 0 0 -0.0040938719375418122 595 595 2.4989411658125915 0 0 -0.034662359469849101
d 0 0 -2.4850304288761609 0 0 -0.0041939669275372765 600 600 2.5253759035142851 0 0 -0.036151507710587075
d 0 0 -2.5095761754147787 0 0 -0.0042951696530849409 605 605 2.5515488148597441 0 0 -0.037677469791880296
d 0 0 -2.5338860827488547 0 0 -0.0043975044747825249 610 610 2.5775239881021017 0 0 -0.039240400878464289
d 0 0 -2.5579946394281303 0 0 -0.0045007843259141037 615 615 2.6033358974139409 0 0 -0.040840473659896279
d 0 0 -2.581898713436011 0 0 -0.0046051005980519916 620 620 2.6289816967313735 0 0 -0.042477882697310808
d 0 0 -2.6055466100236448 0 0 -0.0047111457052341661 625 625 2.6544106012408921 0 0 -0.044152845512013157
d 0 0 -2.6289026641362141 0 0 -0.0048195687206747471 630 630 2.679587768063119 0 0 -0.045865535206229983
d 0 0 -2.6520052155576521 0 0 -0.0049301103350540944 635 635 2.7045514332271576 0 0 -0.047616107334451201
d 0 0 -2.6748551760772221 0 0 -0.0050431382759460065 640 640 2.7293030533599256 0 0 -0.049404739006757382
d 0 0 -2.697461230984993 0 0 -0.0051584697205543104 645 645 2.7538512872514476 0 0 -0.051231586545900196
d 0 0 -2.7198371739421447 0 0 -0.0052758145387323185 650 650 2.7782098667933317 0 0 -0.053096878312454729
d 0 0 -2.7419547250665723 0 0 -0.0053954242496546574 655 655 2.8023509497529311 0 0 -0.055000800436703877
d 0 0 -2.7638512898840966 0 0 -0.0055169120152509651 660 660 2.8263116369100918 0 0 -0.056943435010744475
d 0 0 -2.7855574858490906 0 0 -0.0056398340329618111 665 665 2.8501221962093317 0 0 -0.058924876327279295
d 0 0 -2.8070447605132633 0 0 -0.0057642651219271058 670 670 2.8737543032474937 0 0 -0.060945277612303408
d 0 0 -2.8283096962805079 0 0 -0.0058902424689623971 675 675 2.8972047069104518 0 0 -0.063004768160981856
d 0 0 -2.8494020500006956 0 0 -0.0060173698265941315 680 680 2.9205228444019236 0 0 -0.065103424574633653
d 0 0 -2.8703381441358551 0 0 -0.0061453859289811261 685 685 2.9437248801124687 0 0 -0.067241350047632528
d 0 0 -2.891084595555141 0 0 -0.0062742811136912366 690 690 2.9667775666856135 0 0 -0.069418690016781318
d 0 0 -2.9116066849648226 0 0 -0.006404239097165523 695 695 2.9896465112788162 0 0 -0.071635587216828403
d 0 0 -2.9319522725464493 0 0 -0.0065351511971885089 700 700 3.0123795262099362 0 0 -0.073892102466298765
d 0 0 -2.9521550533438607 0 0 -0.0066668422732216303 705 705 3.0350102011152389 0 0 -0.076188305498156528
d 0 0 -2.9722225467498808 0 0 -0.0067991662180524855 710 710 3.0575459996921399 0 0 -0.078524286724206332
d 0 0 -2.9921266759571186 0 0 -0.0069320093269254314 715 715 3.0799588520578176 0 0 -0.080900166773773721
d 0 0 -3.0118053537943847 0 0 -0.0070654226899242775 720 720 3.1021868719356163 0 0 -0.083316095451307678
d 0 0 -3.0312877295313787 0 0 -0.007199516058309297 725 725 3.1242593773050724 0 0 -0.085772131715384434
d 0 0 -3.0506232584240793 0 0 -0.0073342939830597521 730 730 3.1462258640687448 0 0 -0.088268311661605786
d 0 0 -3.0698298650006497 0 0 -0.0074697358508069352 735 735 3.1681042992857598 0 0 -0.090804698434302833
d 0 0 -3.0889079557524228 0 0 -0.0076057782068741676 740 740 3.1898951029886313 0 0 -0.093381369029334485
d 0 0 -3.1078245462595975 0 0 -0.0077422982570003723 745 745 3.2115652736738181 0 0 -0.095998429157220316
d 0 0 -3.1265185576964711 0 0 -0.0078792277382491102 750 750 3.2330537940196895 0 0 -0.098656008584969118
d 0 0 -3.1311656603872633 0 0 -0.007913323674864494 751.25 751.25 3.2384057179166841 0 0 -0.099326733854556273
d 0 0 -3.1313196407318018 0 0 -0.0079141035999150278 751.2890625 751.2890625 3.2385814701369564 0 0 -0.099347725805239817
d 0 0 -3.1314840410549589 0 0 -0.0079145781974369559 751.328125 751.328125 3.2387673287516661 0 0 -0.099368709499270236
d 0 0 -3.1318181474245597 0 0 -0.007915565560019433 751.40625 751.40625 3.2391443899261936 0 0 -0.099410676941614401
d 0 0 -3.1321620203415601 0 0 -0.0079168519820814378 751.484375 751.484375 3.2395314964884818 0 0 -0.09945262416484002
d 0 0 -3.1326931366907109 0 0 -0.0079186817541462857 751.5625 751.5625 3.2401058554785092 0 0 -0.099494037033652033
d 0 0 -3.1346447259134655 0 0 -0.007927166176140794 751.875 751.875 3.2422325182707539 0 0 -0.099660626181147224
d 0 0 -3.1387382101366543 0 0 -0.0079421394121498359 752.5 752.5 3.2466730850582697 0 0 -0.099992735509465733
d 0 0 -3.1435356457951968 0 0 -0.0079491674532375465 753.125 753.125 3.251808647665444 0 0 -0.10032383441700954
d 0 0 -3.1449198683052741 0 0 -0.0079494936233580095 753.28125 753.28125 3.2532763598756484 0 0 -0.10040699794701598
d 0 0 -3.146813563506826 0 0 -0.0079492093720625115 753.4375 753.4375 3.2552524856349172 0 0 -0.10048971275602882
d 0 0 -3.1487288161017712 0 0 -0.007949140364223577 753.515625 753.515625 3.2572079518835304 0 0 -0.10052999541753563
d 0 0 -3.1519405269119103 0 0 -0.0079509977956272269 753.5546875 753.5546875 3.2604391338780849 0 0 -0.10054760917054736
d 0 0 -3.1549512262376789 0 0 -0.00795349764517248 753.564453125 753.564453125 3.2634543503060369 0 0 -0.10054962642318541
d 0 0 -3.1566943247007826 0 0 -0.0079547409736239524 753.56689453125 753.56689453125 3.2651981325135053 0 0 -0.10054906683909891
d 0 0 -3.1575536819150636 0 0 -0.0079552406631598887 753.5675048828125 753.5675048828125 3.2660573949587159 0 0 -0.10054847238049239
d 0 0 -3.1579508696434853 0 0 -0.0079554395675609842 753.56765747070312 753.56765747070312 3.2664544373961557 0 0 -0.10054812818510915
d 0 0 -3.1581118400628725 0 0 -0.0079555137743812544 753.56769561767578 753.56769561767578 3.2666153298292473 0 0 -0.10054797599199372
d 0 0 -3.1582290385865197 0 0 -0.0079555653619897432 753.56771469116211 753.56771469116211 3.2667324644694888 0 0 -0.1005478605209795
d 0 0 -3.1583178772806577 0 0 -0.0079556030593314394 753.56772422790527 753.56772422790527 3.2668212506941292 0 0 -0.10054777035414006
d 0 0 -3.1583938451242086 0 0 -0.0079556343129981756 753.56772899627686 753.56772899627686 3.2668971708726096 0 0 -0.10054769143540276
Q 2 13 "Source Voltage"
Q 3 13 "Gate Voltage"
Q 4 13 "Drain Voltage"
Q 5 13 "Substrate Voltage"
Q 20 13 "Source Current"
Q 21 13 "Gate Current"
Q 22 13 "Drain Current"
Q 23 13 "Substrate Current"
Q 92 21 Contact
Q 601 13 "Source Int. Voltage"
Q 602 13 "Gate Int. Voltage"
Q 603 13 "Drain Int. Voltage"
Q 604 13 "Substrate Int. Voltage"
EOF 1110602544
