v VICTORYDEVICE
# silvaco.file ASCII version=1.14.29 format=1 contents=SDB,Tables=1

Copyright "###################################################################"
Copyright "#                    Copyright Silvaco Inc. (c)                   #"
Copyright "#                            1992-2014                            #"
Copyright "#                                                                 #"
Copyright "# This file format and the following Key are copyright Silvaco    #"
Copyright "# International. You may not use, this format or key without      #"
Copyright "# reproducing this message in full and obtaining                  #"
Copyright "# express written permission from Silvaco Inc.                    #"
Copyright "#                                                                 #"
Copyright "# To obtain such permission please contact: Silvaco Inc.          #"
Copyright "#                                           support@silvaco.com   #"
Copyright "#                                                                 #"
Copyright "# KEY=SVC86hn7562asdx                       PROD=345              #"
Copyright "###################################################################"
#This file was created by VICTORYDEVICE version 1.24.0.R
#victoryd 1.24.0.R (Wed Jun 26 14:38:19 PDT 2024)
#libSDB 1.12.65 (Thu Dec  7 08:14:05 PST 2023)
a VICTORYDEVICE
j 1 9
k 4
r 1 92
x 3 43 42 46
w source 1 1
r 2 92
x 3 43 42 46
w gate 1 2
r 3 92
x 3 43 42 46
w drain 1 3
r 4 92
x 3 43 42 46
w substrate 1 4
y 1 15
z 300
f 4 source gate drain substrate
p 12 2 601 20 3 602 21 4 603 22 5 604 23
d 0 0 -3.3305282396670005e-28 0 0 -4.2801178968149161e-37 0.01 0.01 3.3305282439206678e-28 0 0 1.1530422355758331e-45
d 0 0 -1.8001284707447801e-27 0 0 -4.1575282165282452e-36 0.1 0.1 1.8001284749023082e-27 0 0 -2.286464392725199e-44
d 0 0 -2.2605980943051908e-27 0 0 -1.7118705358246579e-35 0.5 0.5 2.2605981115250968e-27 0 0 -1.0115958012512921e-37
d 0 0 -2.3520678459801823e-27 0 0 -1.7317771393893623e-34 0.75 0.75 2.3520693114689002e-27 0 0 -1.2923110040419568e-33
d 0 0 -2.3752467014267769e-27 0 0 -2.4709744386976629e-32 1 1 2.3755914666515233e-27 0 0 -3.2005548035958808e-31
d 0 0 -2.3762498848860401e-27 0 0 -4.1876669227773024e-32 2 2 2.3768852400614568e-27 0 0 -5.9347850618830059e-31
d 0 0 -2.3768155665514617e-27 0 0 -6.1369012232760521e-32 2.5 2.5 2.3777902832978151e-27 0 0 -9.1334773411969171e-31
d 0 0 -2.3775410176011865e-27 0 0 -1.0710021796871522e-31 3 3 2.379339351847008e-27 0 0 -1.69123402785216e-30
d 0 0 -2.3778087938184502e-27 0 0 -1.088126275504184e-31 4 4 2.3796864606048006e-27 0 0 -1.768777258425104e-30
d 0 0 -2.3780447964425044e-27 0 0 -1.1222820515752252e-31 5 5 2.3800172571889642e-27 0 0 -1.8602325412958205e-30
d 0 0 -2.3783013155074594e-27 0 0 -1.2098215545203772e-31 6 6 2.3804680133405384e-27 0 0 -2.0457156787521908e-30
d 0 0 -2.3784583186570348e-27 0 0 -1.2055350811383555e-31 7 7 2.3806385405312141e-27 0 0 -2.0596605209335993e-30
d 0 0 -2.3785958093280821e-27 0 0 -1.2023433965022781e-31 8 8 2.3807850158665585e-27 0 0 -2.0689723480442188e-30
d 0 0 -2.3787383485453212e-27 0 0 -1.2200325336910805e-31 9 9 2.3809789224655414e-27 0 0 -2.1185706977725742e-30
d 0 0 -2.3788727766149962e-27 0 0 -1.2816762933526182e-31 10 10 2.3812480798711436e-27 0 0 -2.2471293937106877e-30
d 0 0 -2.3789406478804456e-27 0 0 -1.2842649785405984e-31 11 11 2.3813224336511558e-27 0 0 -2.2533602583945398e-30
d 0 0 -2.3789953457450185e-27 0 0 -1.2860048747262683e-31 12 12 2.3813797567651173e-27 0 0 -2.2558105326190114e-30
d 0 0 -2.3790488711373874e-27 0 0 -1.2828493793316267e-31 13 13 2.3814377111205212e-27 0 0 -2.2602345829041972e-30
d 0 0 -2.3790753745595059e-27 0 0 -1.2864714184908704e-31 13.5 13.5 2.3814672309807926e-27 0 0 -2.2632092771389807e-30
d 0 0 -2.3791041524942781e-27 0 0 -1.2889606468845475e-31 14 14 2.3815054848287635e-27 0 0 -2.2723421887804388e-30
d 0 0 -2.3791706456479599e-27 0 0 -1.3080812491004944e-31 15 15 2.3816155268469771e-27 0 0 -2.3140730707813198e-30
d 0 0 -2.3792130494955249e-27 0 0 -1.3282426237256885e-31 15.5 15.5 2.3817040798978605e-27 0 0 -2.3582061399598379e-30
d 0 0 -2.3792452238461667e-27 0 0 -1.3120799344640978e-31 16 16 2.381757914572998e-27 0 0 -2.3789703683284267e-30
d 0 0 -2.3792710747203557e-27 0 0 -1.303277663985858e-31 16.5 16.5 2.3817904385746627e-27 0 0 -2.3854252706686643e-30
d 0 0 -2.3792952476681958e-27 0 0 -1.3401378577818086e-31 17 17 2.3818179871915446e-27 0 0 -2.3887257384811928e-30
d 0 0 -2.3793189418170311e-27 0 0 -1.3408925190065458e-31 17.5 17.5 2.3818447380678168e-27 0 0 -2.3917071649761636e-30
d 0 0 -2.3793423583609982e-27 0 0 -1.3418225531797426e-31 18 18 2.3818713897347521e-27 0 0 -2.3948491480704084e-30
d 0 0 -2.379365870598485e-27 0 0 -1.3432048375877762e-31 18.5 18.5 2.3818993107719799e-27 0 0 -2.3991198294544467e-30
d 0 0 -2.3793896274502237e-27 0 0 -1.3422163069074644e-31 19 19 2.3819292235602164e-27 0 0 -2.4050596087165986e-30
d 0 0 -2.3794115675525475e-27 0 0 -1.3466509674887913e-31 19.5 19.5 2.3819544390190382e-27 0 0 -2.4082430101295911e-30
d 0 0 -2.3794293999715542e-27 0 0 -1.3424010726887969e-31 20 20 2.3819737895853497e-27 0 0 -2.4097354844369333e-30
d 0 0 -2.3794362036972142e-27 0 0 -1.1619822326449808e-31 20.25 20.25 2.3819813400607867e-27 0 0 -2.41045751927689e-30
d 0 0 -2.3794438370205507e-27 0 0 -1.3476327394189485e-31 20.5 20.5 2.3819905996517581e-27 0 0 -2.4119994396811886e-30
d 0 0 -2.379450723679511e-27 0 0 -1.348631162115276e-31 20.75 20.75 2.3819980632312652e-27 0 0 -2.4125624943431355e-30
d 0 0 -2.3794576458172506e-27 0 0 -1.3480930452427772e-31 21 21 2.3820055359740517e-27 0 0 -2.4131017072165323e-30
d 0 0 -2.3794715359672919e-27 0 0 -1.3489656601658889e-31 21.5 21.5 2.382021792944912e-27 0 0 -2.4153604171089645e-30
d 0 0 -2.3794834977139708e-27 0 0 -1.3507675992372535e-31 22 22 2.3820373224817208e-27 0 0 -2.418759714625354e-30
d 0 0 -2.3794957394944097e-27 0 0 -1.3550064601241648e-31 22.5 22.5 2.3820567714919766e-27 0 0 -2.4256253293626197e-30
d 0 0 -2.3795105220990573e-27 0 0 -1.3552410646434355e-31 23 23 2.3820855215686789e-27 0 0 -2.438983414613622e-30
d 0 0 -2.3795289520319198e-27 0 0 -1.3704443619117697e-31 23.5 23.5 2.3821277158102808e-27 0 0 -2.4617196541302921e-30
d 0 0 -2.3795461207083126e-27 0 0 -1.3797002213487347e-31 24 24 2.3821656481997261e-27 0 0 -2.481588779913926e-30
d 0 0 -2.3795588567066254e-27 0 0 -9.0990055378243716e-32 24.5 24.5 2.382187599853967e-27 0 0 -2.4904155893062877e-30
d 0 0 -2.3795692223871563e-27 0 0 -1.3624427662210955e-31 25 25 2.3822010089929145e-27 0 0 -2.4933394518148609e-30
d 0 0 -2.3795788018626026e-27 0 0 -1.3791547273504867e-31 25.5 25.5 2.3822116615672577e-27 0 0 -2.4943782653801289e-30
d 0 0 -2.3795881309120798e-27 0 0 -1.3849253570605852e-31 26 26 2.3822215151769284e-27 0 0 -2.4948917318059412e-30
d 0 0 -2.3795973631587722e-27 0 0 -1.384985445112946e-31 26.5 26.5 2.3822311348238212e-27 0 0 -2.4952732947036384e-30
d 0 0 -2.3796065551604786e-27 0 0 -1.3850651126612762e-31 27 27 2.3822407494571291e-27 0 0 -2.4956878611529021e-30
d 0 0 -2.3796157960605492e-27 0 0 -1.385283023760137e-31 27.5 27.5 2.3822507151167756e-27 0 0 -2.4963907839810767e-30
d 0 0 -2.3796252492753664e-27 0 0 -1.3858368428956628e-31 28 28 2.3822616505549531e-27 0 0 -2.4978177512245796e-30
d 0 0 -2.3796347749283476e-27 0 0 -1.3865722726856091e-31 28.5 28.5 2.3822730661086824e-27 0 0 -2.4996341983107768e-30
d 0 0 -2.3796439984090717e-27 0 0 -1.3870904225910688e-31 29 29 2.3822836595882082e-27 0 0 -2.5009525203621463e-30
d 0 0 -2.379653050912407e-27 0 0 -1.3877259635494776e-31 29.5 29.5 2.3822942253637045e-27 0 0 -2.502406679473176e-30
d 0 0 -2.3796605861982941e-27 0 0 -1.3883795297548864e-31 30 30 2.3823029532546299e-27 0 0 -2.5035523011255442e-30
d 0 0 -2.37966599118905e-27 0 0 -1.3887048159943656e-31 30.5 30.5 2.3823086022852218e-27 0 0 -2.5037891092005282e-30
d 0 0 -2.3796727697087168e-27 0 0 -1.3912201082223503e-31 31 31 2.3823171384004994e-27 0 0 -2.5054735298827726e-30
d 0 0 -2.3796791664064463e-27 0 0 -1.389239350920344e-31 31.5 31.5 2.3823242827580382e-27 0 0 -2.5061924169115288e-30
d 0 0 -2.3796848356214115e-27 0 0 -1.3902779843693304e-31 32 32 2.382332386587316e-27 0 0 -2.508523302453591e-30
d 0 0 -2.3796898466642084e-27 0 0 -1.3919211507909664e-31 32.5 32.5 2.3823410661616684e-27 0 0 -2.5120279703628072e-30
d 0 0 -2.3796950339425409e-27 0 0 -1.3938593661959158e-31 33 33 2.382350666416434e-27 0 0 -2.5162468245323498e-30
d 0 0 -2.3797010999808378e-27 0 0 -1.3967792435927713e-31 33.5 33.5 2.3823635441969111e-27 0 0 -2.5227672925994751e-30
d 0 0 -2.3797084555282284e-27 0 0 -1.4014492914999799e-31 34 34 2.3823812492103182e-27 0 0 -2.5326740781279215e-30
d 0 0 -2.3797160751447809e-27 0 0 -1.4080256514579845e-31 34.5 34.5 2.3824000082603107e-27 0 0 -2.5433373974264579e-30
d 0 0 -2.3797224888283248e-27 0 0 -1.4123617433075394e-31 35 35 2.3824143508462977e-27 0 0 -2.5509280212628732e-30
d 0 0 -2.3797275562377944e-27 0 0 -1.4134255969152945e-31 35.5 35.5 2.3824237331244274e-27 0 0 -2.5550594420986312e-30
d 0 0 -2.379731811356916e-27 0 0 -1.4151589572873543e-31 36 36 2.3824301501741285e-27 0 0 -2.5571300287391849e-30
d 0 0 -2.37973559970201e-27 0 0 -1.4185135124011584e-31 36.5 36.5 2.3824349341643399e-27 0 0 -2.5580841162494094e-30
d 0 0 -2.3797390729814323e-27 0 0 -1.3784206977339201e-31 37 37 2.3824388786108341e-27 0 0 -2.5585359387388183e-30
d 0 0 -2.3797415107673149e-27 0 0 -1.4130633517612418e-31 37.5 37.5 2.3824421613593272e-27 0 0 -2.5593442578041297e-30
d 0 0 -2.3797440825864627e-27 0 0 -1.4139899603810879e-31 38 38 2.3824468805803681e-27 0 0 -2.5613989996324247e-30
d 0 0 -2.3797473459576227e-27 0 0 -1.4145955673069284e-31 38.5 38.5 2.3824515643403486e-27 0 0 -2.5627588291519616e-30
d 0 0 -2.3797503681752238e-27 0 0 -1.4150325164885709e-31 39 39 2.3824556081488063e-27 0 0 -2.5637367261493093e-30
d 0 0 -2.3797525390465955e-27 0 0 -1.4158872275528099e-31 39.5 39.5 2.3824597486157226e-27 0 0 -2.5656208536334954e-30
d 0 0 -2.3797543347332341e-27 0 0 -1.4167536964634692e-31 40 40 2.3824633785955393e-27 0 0 -2.5673684981020988e-30
d 0 0 -2.3797556019802473e-27 0 0 -1.4169648311005033e-31 40.5 40.5 2.3824650841947794e-27 0 0 -2.5677857398600167e-30
d 0 0 -2.3797567324370836e-27 0 0 -1.4238637391076582e-31 41 41 2.3824668040880427e-27 0 0 -2.5683479229425245e-30
d 0 0 -2.3797589752249461e-27 0 0 -1.4193619778553959e-31 41.5 41.5 2.3824739742775075e-27 0 0 -2.5730628714066261e-30
d 0 0 -2.3797644250511346e-27 0 0 -1.4250606117680247e-31 42 42 2.3824927754217442e-27 0 0 -2.5858434231877965e-30
d 0 0 -2.3797656441577673e-27 0 0 -1.4264380882531618e-31 42.03125 42.03125 2.3824972050587932e-27 0 0 -2.5889170921807127e-30
d 0 0 -2.3797668070437086e-27 0 0 -1.427741029850816e-31 42.0625 42.0625 2.3825014244876922e-27 0 0 -2.5918433426139775e-30
d 0 0 -2.3797677877975066e-27 0 0 -1.4288296113383815e-31 42.09375 42.09375 2.382504958710834e-27 0 0 -2.594287964442148e-30
d 0 0 -2.3797685533456997e-27 0 0 -1.4296640819395183e-31 42.125 42.125 2.3825076821061406e-27 0 0 -2.5961623525137818e-30
d 0 0 -2.3797699267459433e-27 0 0 -1.4310059611493385e-31 42.25 42.25 2.3825122035773786e-27 0 0 -2.5991762377998075e-30
d 0 0 -2.3797713908950557e-27 0 0 -1.4321778934126835e-31 42.5 42.5 2.3825164149775045e-27 0 0 -2.6018062880129871e-30
d 0 0 -2.379778142689128e-27 0 0 -1.4395712182450558e-31 43 43 2.3825404958226297e-27 0 0 -2.6183960429373039e-30
d 0 0 -2.3797845061511448e-27 0 0 -1.44690404485882e-31 44 44 2.3825639674518904e-27 0 0 -2.6347712609180651e-30
d 0 0 -2.3797989785744834e-27 0 0 -1.4643694670561627e-31 46 46 2.3826194430305785e-27 0 0 -2.674027509392391e-30
d 0 0 -2.3798090962361482e-27 0 0 -1.4767310783190409e-31 48 48 2.3826585813671159e-27 0 0 -2.7018120238851489e-30
d 0 0 -2.3798193467683917e-27 0 0 -1.4893773298808619e-31 50 50 2.382698538660555e-27 0 0 -2.7302541556784399e-30
d 0 0 -2.3798294527778813e-27 0 0 -1.5019670873130942e-31 52 52 2.3827382342860146e-27 0 0 -2.7585847993854639e-30
d 0 0 -2.3798394285728002e-27 0 0 -1.5144694270302313e-31 54 54 2.3827777149850913e-27 0 0 -2.7868349839832344e-30
d 0 0 -2.3798492858728247e-27 0 0 -1.5270289387789603e-31 56 56 2.3828170187593236e-27 0 0 -2.8150298502440891e-30
d 0 0 -2.3798590311228085e-27 0 0 -1.5395166111251848e-31 58 58 2.3828561636216039e-27 0 0 -2.8431804501505084e-30
d 0 0 -2.3798686692211521e-27 0 0 -1.5519915377545959e-31 60 60 2.3828951619748981e-27 0 0 -2.8712939443113832e-30
d 0 0 -2.379878204723171e-27 0 0 -1.5644386226644453e-31 62 62 2.3829340253128024e-27 0 0 -2.8993769505713359e-30
d 0 0 -2.379887641913479e-27 0 0 -1.5768694412266039e-31 64 64 2.3829727644672038e-27 0 0 -2.9274357117501437e-30
d 0 0 -2.379896984669521e-27 0 0 -1.5892876702829696e-31 66 66 2.3830113890017572e-27 0 0 -2.9554756454103464e-30
d 0 0 -2.3799062364074605e-27 0 0 -1.6016933804441499e-31 68 68 2.3830499069281171e-27 0 0 -2.983501123882263e-30
d 0 0 -2.3799154001181927e-27 0 0 -1.6140910866834556e-31 70 70 2.383088324795698e-27 0 0 -3.0115155258347725e-30
d 0 0 -2.3799244784527121e-27 0 0 -1.6264826933121396e-31 72 72 2.383126648001499e-27 0 0 -3.0395214515129227e-30
d 0 0 -2.3799334738569355e-27 0 0 -1.6388626066678179e-31 74 74 2.3831648813314769e-27 0 0 -3.0675211126277608e-30
d 0 0 -2.3799423888989493e-27 0 0 -1.6512382269145431e-31 76 76 2.3832030303602417e-27 0 0 -3.0955173603570703e-30
d 0 0 -2.3799512275285207e-27 0 0 -1.663607381932591e-31 78 78 2.383241106958627e-27 0 0 -3.1235177555422179e-30
d 0 0 -2.3799600007966425e-27 0 0 -1.6760046707412567e-31 80 80 2.3832791545122271e-27 0 0 -3.1515532484884413e-30
d 0 0 -2.3799687536382678e-27 0 0 -1.6884675829279351e-31 82 82 2.3833173668069933e-27 0 0 -3.179766410271542e-30
d 0 0 -2.3799776847653861e-27 0 0 -1.7012921331129306e-31 84 84 2.3833566241837623e-27 0 0 -3.2088102022561111e-30
d 0 0 -2.379987546693545e-27 0 0 -1.7155814570590495e-31 86 86 2.3834003035433722e-27 0 0 -3.2411987548385314e-30
d 0 0 -2.3799996995852618e-27 0 0 -1.7333756130384371e-31 88 88 2.3834546310870118e-27 0 0 -3.2815939850056204e-30
d 0 0 -2.3800135524066649e-27 0 0 -1.7539077898409295e-31 90 90 2.3835172157587034e-27 0 0 -3.3282721679143927e-30
d 0 0 -2.3800262845348732e-27 0 0 -1.7730276347570982e-31 92 92 2.3835753243452712e-27 0 0 -3.3717369971237172e-30
d 0 0 -2.3800362841630165e-27 0 0 -1.7882055349217092e-31 94 94 2.3836213268284623e-27 0 0 -3.4062221126676727e-30
d 0 0 -2.3800448486549236e-27 0 0 -1.8013068329817255e-31 96 96 2.3836609836323063e-27 0 0 -3.4360029420643854e-30
d 0 0 -2.3800529859047897e-27 0 0 -1.8138814442300434e-31 98 98 2.3836988977132653e-27 0 0 -3.4645237409271952e-30
d 0 0 -2.3800609996713397e-27 0 0 -1.826287785586677e-31 100 100 2.3837364697004661e-27 0 0 -3.4928354160330836e-30
d 0 0 -2.3800809238495752e-27 0 0 -1.8577557135755691e-31 105 105 2.3838309120628626e-27 0 0 -3.564212733503412e-30
d 0 0 -2.3801006734400155e-27 0 0 -1.8894816433240321e-31 110 110 2.3839260022558962e-27 0 0 -3.6363804656578742e-30
d 0 0 -2.3801202635403673e-27 0 0 -1.9215535183409327e-31 115 115 2.3840218082585478e-27 0 0 -3.7093894571180332e-30
d 0 0 -2.3801400318833906e-27 0 0 -1.9545270803027655e-31 120 120 2.3841200270561593e-27 0 0 -3.7845424425276099e-30
d 0 0 -2.3801603569615358e-27 0 0 -1.9890854945944908e-31 125 125 2.3842226731759379e-27 0 0 -3.8634076272145867e-30
d 0 0 -2.3801816321363299e-27 0 0 -2.0259844905343911e-31 130 130 2.3843319728533428e-27 0 0 -3.9477421619962391e-30
d 0 0 -2.3802042986796998e-27 0 0 -2.0661322260287174e-31 135 135 2.3844505665494099e-27 0 0 -4.039654674633547e-30
d 0 0 -2.3802293344913965e-27 0 0 -2.1114964013041264e-31 140 140 2.3845842146367283e-27 0 0 -4.1437305052003969e-30
d 0 0 -2.3802582610270663e-27 0 0 -2.1652791266154145e-31 145 145 2.3847422214553299e-27 0 0 -4.2674325156021621e-30
d 0 0 -2.3802935594116988e-27 0 0 -2.2329536056846681e-31 150 150 2.3849404177347875e-27 0 0 -4.4235629625164425e-30
d 0 0 -2.3803396545324324e-27 0 0 -2.3248326364682113e-31 155 155 2.3852084668185661e-27 0 0 -4.6363290224535453e-30
d 0 0 -2.3804046610011335e-27 0 0 -2.4614762692245067e-31 160 160 2.3856050590057983e-27 0 0 -4.9542503776632837e-30
d 0 0 -2.3805042628513265e-27 0 0 -2.688006009758021e-31 165 165 2.3862577319410539e-27 0 0 -5.4846684880907855e-30
d 0 0 -2.3806705067954636e-27 0 0 -3.1175600372855237e-31 170 170 2.3874824125351258e-27 0 0 -6.5001497359335404e-30
d 0 0 -2.3809702305107834e-27 0 0 -4.0872468641596901e-31 175 175 2.3902090291375478e-27 0 0 -8.8300739403485979e-30
d 0 0 -2.3815268032817296e-27 0 0 -6.8198103616039925e-31 180 180 2.3978032793495136e-27 0 0 -1.5594495031623615e-29
d 0 0 -2.3825255949163767e-27 0 0 -1.738940309162221e-30 185 185 2.4275060320440629e-27 0 0 -4.3241496818526015e-29
d 0 0 -2.3844315073678555e-27 0 0 -1.0603673803830699e-29 190 190 2.6967037791382976e-27 0 0 -3.016685979666114e-28
d 0 0 -2.3861582054934529e-27 0 0 -5.4682656406678023e-29 195 195 4.1835572050134593e-27 0 0 -1.7427163560229983e-27
d 0 0 -2.3886579220172301e-27 0 0 -5.8013737536100643e-28 197.5 197.5 2.4668508308038276e-26 0 0 -2.1699713010649007e-26
d 0 0 -2.3913345308460628e-27 0 0 -6.9731945395571765e-27 197.8125 197.8125 3.1736269691680202e-25 0 0 -3.0799816784639878e-25
d 0 0 -2.3943426709134089e-27 0 0 -1.0185563647382154e-25 197.890625 197.890625 5.4710420056944935e-24 0 0 -5.3667920265497582e-24
d 0 0 -2.3978106015893517e-27 0 0 -1.6037439549810117e-24 197.96875 197.96875 1.0254947215921337e-22 0 0 -1.0094333039363078e-22
d 0 0 -2.4153876804180188e-27 0 0 -3.9020104942508654e-22 198.125 198.125 3.5093943662609657e-20 0 0 -3.4703740197797958e-20
d 0 0 -2.4633158554576293e-27 0 0 -8.7371132869632409e-20 198.28125 198.28125 1.0848697553826712e-17 0 0 -1.0761326418493762e-17
d 0 0 -2.5147010714125831e-27 0 0 -1.4279573039676337e-17 198.4375 198.4375 2.263027020827408e-15 0 0 -2.2487474477852168e-15
d 0 0 -2.5507559549804378e-27 0 0 -1.0276340399517382e-15 198.59375 198.59375 1.7982037778894495e-13 0 0 -1.7879274374899064e-13
d 0 0 -2.5837662317885706e-27 0 0 -1.7781844788285372e-13 198.75 198.75 2.4200025924260125e-11 0 0 -2.4022207476377269e-11
d 0 0 -2.6551851731468218e-27 0 0 -3.4170102779481104e-10 199.0625 199.0625 1.8212000868399222e-09 0 0 -1.4794990590451112e-09
d 0 0 -2.6992821496779097e-27 0 0 -5.3272951757384611e-09 199.21875 199.21875 7.8451685857215599e-09 0 0 -2.5178734099830988e-09
d 0 0 -2.7951882384116015e-27 0 0 -5.9575354930017112e-08 199.375 199.375 6.3137904476994734e-08 0 0 -3.5625495469776195e-09
d 0 0 -4.0176283321513422e-27 0 0 -2.6593943938263161e-07 199.453125 199.453125 2.7043005150189158e-07 0 0 -4.4906121192599616e-09
d 0 0 -2.4370083874753815e-26 0 0 -6.9355806516094626e-07 199.53125 199.53125 6.9903332382627404e-07 0 0 -5.4752586653278734e-09
d 0 0 -3.6158883239880525e-25 0 0 -1.2709584983101134e-06 199.609375 199.609375 1.2774252752850951e-06 0 0 -6.4667769749817174e-09
d 0 0 -5.9538190887735643e-24 0 0 -1.9336123009568039e-06 199.6875 199.6875 1.9410748613681842e-06 0 0 -7.4625604113800622e-09
d 0 0 -1.6205597144821938e-21 0 0 -3.420004632128094e-06 199.84375 199.84375 3.4294662023790802e-06 0 0 -9.4615702509847851e-09
d 0 0 -4.2668928885072999e-19 0 0 -5.0369103135643751e-06 200 200 5.0483697438762376e-06 0 0 -1.1459430311435893e-08
d 0 0 -1.0922533303869272e-16 0 0 -6.7166221361654688e-06 200.15625 200.15625 6.7300579816391059e-06 0 0 -1.3435845364411648e-08
d 0 0 -2.6920331816095022e-14 0 0 -8.4340606894600891e-06 200.3125 200.3125 8.4494191256075756e-06 0 0 -1.535840922715619e-08
d 0 0 -1.2783793666927433e-09 0 0 -1.1941175091593874e-05 200.625 200.625 1.1961393656977566e-05 0 0 -1.8940186016998349e-08
d 0 0 -0.00015590284550146346 0 0 -1.8698653004735486e-05 201.25 201.25 0.00017462790693363324 0 0 -2.640842743428178e-08
d 0 0 -0.001878878428760075 0 0 -2.8660067352615913e-05 202.5 202.5 0.0019075797208059982 0 0 -4.1224693307164612e-08
d 0 0 -0.0072789362089466774 0 0 -4.3733968451735082e-05 205 205 0.0073227396862543016 0 0 -6.9508855889131988e-08
d 0 0 -0.0207490601299875 0 0 -6.9584394922615297e-05 210 210 0.02081878014330401 0 0 -1.3561839389439327e-07
d 0 0 -0.036161951167436528 0 0 -9.4683642823621943e-05 215 215 0.036256865194454764 0 0 -2.3038419461687908e-07
d 0 0 -0.052933999304928869 0 0 -0.00012020518138574622 220 220 0.053054558236332587 0 0 -3.5375001797632359e-07
d 0 0 -0.070836615115800305 0 0 -0.00014651099225307043 225 225 0.070983638419984979 0 0 -5.1231193160847758e-07
d 0 0 -0.089976323707874881 0 0 -0.00017395977002556312 230 230 0.09015102528309947 0 0 -7.4180519902107391e-07
d 0 0 -0.11010227851392677 0 0 -0.00020257558340758857 235 235 0.11030589380422404 0 0 -1.0397068896754288e-06
d 0 0 -0.11266633466315606 0 0 -0.00020622631476879875 235.625 235.625 0.11287364112134247 0 0 -1.0801434176155142e-06
d 0 0 -0.11392733636843917 0 0 -0.00020804550688489654 235.9375 235.9375 0.11413647958649227 0 0 -1.0977111682032622e-06
d 0 0 -0.11455798940266039 0 0 -0.00020895696809950073 236.09375 236.09375 0.11476805286132043 0 0 -1.1064905605387809e-06
d 0 0 -0.11521142465783335 0 0 -0.00020988235207099702 236.25 236.25 0.11542242500975905 0 0 -1.1179998546990769e-06
d 0 0 -0.11654737257950255 0 0 -0.00021175297489309095 236.5625 236.5625 0.11676027010863337 0 0 -1.1445542377215956e-06
d 0 0 -0.11789890993605316 0 0 -0.00021363722030376698 236.875 236.875 0.11811372024115466 0 0 -1.1730847977357322e-06
d 0 0 -0.1192592908367944 0 0 -0.00021553112001893696 237.1875 237.1875 0.11947602475337749 0 0 -1.2027965641504068e-06
d 0 0 -0.12062660008134925 0 0 -0.0002174333246000707 237.5 237.5 0.1208452668697866 0 0 -1.2334638372868114e-06
d 0 0 -0.12337932013343288 0 0 -0.00022126039227505012 238.125 238.125 0.1236018778939125 0 0 -1.2973682045710043e-06
d 0 0 -0.12615438844876586 0 0 -0.00022511607330072319 238.75 238.75 0.1263808690765208 0 0 -1.3645544542113286e-06
d 0 0 -0.13176826887848583 0 0 -0.00023291080909109077 240 240 0.13200268851455943 0 0 -1.5088269824864251e-06
d 0 0 -0.14324291707108844 0 0 -0.00024883361789331535 242.5 242.5 0.14349359054166208 0 0 -1.8398526803125435e-06
d 0 0 -0.15503967381347319 0 0 -0.00026520897240936404 245 245 0.15530711793706961 0 0 -2.2351511870612501e-06
d 0 0 -0.16715359844105762 0 0 -0.00028204449896832349 247.5 247.5 0.16743834870140722 0 0 -2.7057613812974191e-06
d 0 0 -0.17958077689600049 0 0 -0.00029934422617880615 250 250 0.17988338574959853 0 0 -3.2646274192511534e-06
d 0 0 -0.19231766401276204 0 0 -0.00031710951516106343 252.5 252.5 0.1926387002335602 0 0 -3.9267056370821292e-06
d 0 0 -0.20536133138528814 0 0 -0.00033533968036895934 255 255 0.20570138030144755 0 0 -4.7092357904592403e-06
d 0 0 -0.21870920010965353 0 0 -0.00035403345942817732 257.5 257.5 0.21906886563803912 0 0 -5.6320689574106354e-06
d 0 0 -0.23235594839507895 0 0 -0.00037318817364306075 260 260 0.23273585364961893 0 0 -6.7170808969251012e-06
d 0 0 -0.25986380367195672 0 0 -0.00041264623961780836 265 265 0.26028567626749777 0 0 -9.2263559232461975e-06
d 0 0 -0.2664344843788003 0 0 -0.00042262891678376027 266.25 266.25 0.26686690470133256 0 0 -9.791405748490555e-06
d 0 0 -0.27286186888184522 0 0 -0.00043266078242236395 267.5 267.5 0.27330484326757565 0 0 -1.0313603308073779e-05
d 0 0 -0.27913767360698305 0 0 -0.0004427253089521521 268.75 268.75 0.27959118200408495 0 0 -1.0783088149770754e-05
d 0 0 -0.28525105786257637 0 0 -0.00045285601761129043 270 270 0.28571511146171163 0 0 -1.1197581523985119e-05
d 0 0 -0.29122126085090749 0 0 -0.00046304723186071836 271.25 271.25 0.29169586834615885 0 0 -1.1560263390608866e-05
d 0 0 -0.29706300387556955 0 0 -0.00047331706867798784 272.5 272.5 0.29754819863941434 0 0 -1.1877695166829005e-05
d 0 0 -0.30279622140528412 0 0 -0.00048367235273779718 273.75 273.75 0.30329205105332152 0 0 -1.2157295299575149e-05
d 0 0 -0.30844157948615031 0 0 -0.00049411241879191608 275 275 0.3089480979451118 0 0 -1.2406040169564968e-05
d 0 0 -0.33069461426695701 0 0 -0.00052344198694208354 280 280 0.33123125106424528 0 0 -1.319481034616117e-05
d 0 0 -0.35290652450152682 0 0 -0.0005389690252430373 285 285 0.35345929750669147 0 0 -1.3803979921594165e-05
d 0 0 -0.37482696646155994 0 0 -0.0005555448765814545 290 290 0.3753968516844024 0 0 -1.4340346261010163e-05
d 0 0 -0.39640271575111741 0 0 -0.00057332119654678905 295 295 0.39699088459231463 0 0 -1.484764465046976e-05
d 0 0 -0.41766386476564016 0 0 -0.00059255932143923861 300 300 0.41827176991578391 0 0 -1.5345828704531124e-05
d 0 0 -0.43855283437341308 0 0 -0.00061307261355194437 305 305 0.43918175422588052 0 0 -1.5847238915519051e-05
d 0 0 -0.45904130636040696 0 0 -0.00063473118291666026 310 310 0.45969239732635447 0 0 -1.6359783030837717e-05
d 0 0 -0.4792112578382538 0 0 -0.00065714804589998572 315 315 0.4798852925932855 0 0 -1.6886709131740911e-05
d 0 0 -0.4992016852474872 0 0 -0.00067973550639758196 320 320 0.49989884819376812 0 0 -1.7427439883324916e-05
d 0 0 -0.51992508416918592 0 0 -0.00069927937218594561 325 325 0.520642340705606 0 0 -1.7977164234074044e-05
d 0 0 -0.54084319983157825 0 0 -0.00071784042996039321 330 330 0.54157958275229889 0 0 -1.8542490760194611e-05
d 0 0 -0.56185326095205113 0 0 -0.00073567804206391856 335 335 0.56260806424154053 0 0 -1.9125247425447116e-05
d 0 0 -0.58309788472833046 0 0 -0.00075292139320465605 340 340 0.58387053282770085 0 0 -1.9726706165704136e-05
d 0 0 -0.6046508839807061 0 0 -0.00076997283980780149 345 345 0.60544120377654997 0 0 -2.034695603600963e-05
d 0 0 -0.62651432642147054 0 0 -0.00078719145677550459 350 350 0.62732250387735333 0 0 -2.0985999107271413e-05
d 0 0 -0.64862311914736337 0 0 -0.00080467006438140727 355 355 0.64944943630483465 0 0 -2.1647093089845654e-05
d 0 0 -0.67125838937080839 0 0 -0.00082263216751150619 360 360 0.6721033502183511 0 0 -2.2328680031238931e-05
d 0 0 -0.69385969976952633 0 0 -0.00084057681647485148 365 365 0.6947233119236933 0 0 -2.3035337692050225e-05
d 0 0 -0.71735481749190078 0 0 -0.00085926631500263034 370 370 0.71823784810005631 0 0 -2.3764293152909518e-05
d 0 0 -0.74072358124017823 0 0 -0.00087785973663375219 375 375 0.74162596129812119 0 0 -2.4520321309214985e-05
d 0 0 -0.76405160727292776 0 0 -0.00089643094424380774 380 380 0.76497334625344704 0 0 -2.5308036275377832e-05
d 0 0 -0.78893562218320057 0 0 -0.0009162761271029673 385 385 0.78987801928626633 0 0 -2.6120975962817792e-05
d 0 0 -0.81379781467700185 0 0 -0.000936130775754303 390 390 0.81476090699860315 0 0 -2.6961545847076904e-05
d 0 0 -0.83863679902193178 0 0 -0.00095600983703429145 395 395 0.83962064549113025 0 0 -2.7836632164182498e-05
d 0 0 -0.86344538807365179 0 0 -0.00097592004416541581 400 400 0.86445005649647633 0 0 -2.8748378659118973e-05
d 0 0 -0.88821866570596364 0 0 -0.0009958515359195948 405 405 0.88924421637619522 0 0 -2.9699134311993752e-05
d 0 0 -0.91295501970995585 0 0 -0.0010157884100504436 410 410 0.91400149939912567 0 0 -3.069127911928138e-05
d 0 0 -0.93766797773393507 0 0 -0.0010357285908890762 415 415 0.9387354339128009 0 0 -3.172758797672091e-05
d 0 0 -0.96398073937469797 0 0 -0.0010569760325783266 420 420 0.96507053003621646 0 0 -3.2814628940211436e-05
d 0 0 -0.99156806072776449 0 0 -0.0010792611357908527 425 425 0.99268124990921769 0 0 -3.3928045662329262e-05
d 0 0 -1.019464575413277 0 0 -0.0011017957118637921 430 430 1.0206014822013334 0 0 -3.5111076192637435e-05
d 0 0 -1.0483532875948278 0 0 -0.0011251249712849749 435 435 1.0495147557232467 0 0 -3.6343157134079194e-05
d 0 0 -1.0774196700415368 0 0 -0.0011485825241142162 440 440 1.0786058779362462 0 0 -3.7625370595102437e-05
d 0 0 -1.1066729179590515 0 0 -0.0011721665618422449 445 445 1.107884053274327 0 0 -3.8968753433146977e-05
d 0 0 -1.1361144625536319 0 0 -0.0011958682233186686 450 450 1.1373507092327468 0 0 -4.0378455796274203e-05
d 0 0 -1.165746411792852 0 0 -0.0012196804973725591 455 455 1.1670079525744252 0 0 -4.1860284200558577e-05
d 0 0 -1.1955715736020931 0 0 -0.0012436001663164468 460 460 1.1968585946236727 0 0 -4.342085526306021e-05
d 0 0 -1.2255936286934366 0 0 -0.0012676283979146359 465 465 1.2269063248895029 0 0 -4.5067798151638031e-05
d 0 0 -1.2558174810486129 0 0 -0.0012917701589590647 470 470 1.2571560611960622 0 0 -4.6809988490264995e-05
d 0 0 -1.2862497394135548 0 0 -0.0013160333316776364 475 475 1.2876144306168666 0 0 -4.8657871634125979e-05
d 0 0 -1.3168993341348267 0 0 -0.0013404281878974572 480 480 1.3182903862473183 0 0 -5.0623924594048039e-05
d 0 0 -1.3477783644761854 0 0 -0.001364967459480126 485 485 1.3491960551786131 0 0 -5.2723242947489291e-05
d 0 0 -1.3789036202745515 0 0 -0.0013896672659313523 490 490 1.3803482621315095 0 0 -5.4974591026658115e-05
d 0 0 -1.4103004817281977 0 0 -0.0014145501114764213 495 495 1.4117724344002158 0 0 -5.7402560541948379e-05
d 0 0 -1.4420253715811717 0 0 -0.0014396626777143419 500 500 1.4435250827027073 0 0 -6.0048443821396902e-05
d 0 0 -1.458128294528845 0 0 -0.001452398711691047 502.5 502.5 1.4596422153117314 0 0 -6.1522071195418903e-05
d 0 0 -1.4753566999227214 0 0 -0.0014660184916299543 505 505 1.4768861150553088 0 0 -6.339664095725472e-05
d 0 0 -1.5106109819537563 0 0 -0.0014938787021368514 510 510 1.5121716203721991 0 0 -6.6759716305923663e-05
d 0 0 -1.5463310023265273 0 0 -0.0015221124514985353 515 515 1.5479236124039024 0 0 -7.0497625876561528e-05
d 0 0 -1.5825817994144808 0 0 -0.0015507593883453046 520 520 1.5842073075490966 0 0 -7.4748746270398217e-05
d 0 0 -1.6194524460894184 0 0 -0.0015798801624604796 525 525 1.6211120330844624 0 0 -7.9706832583528351e-05
d 0 0 -1.6571099681352104 0 0 -0.0016096047185954253 530 530 1.6588052968400324 0 0 -8.5723986226664956e-05
d 0 0 -1.6959198814202148 0 0 -0.0016402216413024073 535 535 1.6976536887902294 0 0 -9.3585728712143449e-05
d 0 0 -1.7371607064665648 0 0 -0.0016727407350852852 540 540 1.7389395820528208 0 0 -0.00010613485117067246
d 0 0 -1.7486224889182489 0 0 -0.00168177730067639 541.25 541.25 1.7504160317745996 0 0 -0.00011176555567426487
d 0 0 -1.7551119201338354 0 0 -0.0016868943859954465 541.875 541.875 1.7569151264499614 0 0 -0.00011631193013052499
d 0 0 -1.7593222924825425 0 0 -0.0016902157519723693 542.1875 542.1875 1.7611333370333562 0 0 -0.0001208287988413892
d 0 0 -1.7602171406824085 0 0 -0.0016909221134677626 542.2265625 542.2265625 1.7620303176072682 0 0 -0.00012225481139190887
d 0 0 -1.7606206208953163 0 0 -0.0016912407424934154 542.236328125 542.236328125 1.7624348937046828 0 0 -0.00012303206687318193
d 0 0 -1.7607152529609247 0 0 -0.0016913154922909538 542.237548828125 542.237548828125 1.7625298011437112 0 0 -0.00012323269049537502
d 0 0 -1.7607907296916123 0 0 -0.0016913751176703079 542.2381591796875 542.2381591796875 1.7626055037398922 0 0 -0.00012339893060959596
d 0 0 -1.7608227958131624 0 0 -0.0016914004512527648 542.23831176757812 542.23831176757812 1.7626376676513573 0 0 -0.00012347138694211536
d 0 0 -1.7608499920327108 0 0 -0.0016914219383407831 542.23838806152344 542.23838806152344 1.7626649477211489 0 0 -0.00012353375009729273
Q 2 13 "Source Voltage"
Q 3 13 "Gate Voltage"
Q 4 13 "Drain Voltage"
Q 5 13 "Substrate Voltage"
Q 20 13 "Source Current"
Q 21 13 "Gate Current"
Q 22 13 "Drain Current"
Q 23 13 "Substrate Current"
Q 92 21 Contact
Q 601 13 "Source Int. Voltage"
Q 602 13 "Gate Int. Voltage"
Q 603 13 "Drain Int. Voltage"
Q 604 13 "Substrate Int. Voltage"
EOF 810107744
