v VICTORYDEVICE
# silvaco.file ASCII version=1.14.29 format=1 contents=SDB,Tables=1

Copyright "###################################################################"
Copyright "#                    Copyright Silvaco Inc. (c)                   #"
Copyright "#                            1992-2014                            #"
Copyright "#                                                                 #"
Copyright "# This file format and the following Key are copyright Silvaco    #"
Copyright "# International. You may not use, this format or key without      #"
Copyright "# reproducing this message in full and obtaining                  #"
Copyright "# express written permission from Silvaco Inc.                    #"
Copyright "#                                                                 #"
Copyright "# To obtain such permission please contact: Silvaco Inc.          #"
Copyright "#                                           support@silvaco.com   #"
Copyright "#                                                                 #"
Copyright "# KEY=SVC86hn7562asdx                       PROD=345              #"
Copyright "###################################################################"
#This file was created by VICTORYDEVICE version 1.24.0.R
#victoryd 1.24.0.R (Wed Jun 26 14:38:19 PDT 2024)
#libSDB 1.12.65 (Thu Dec  7 08:14:05 PST 2023)
a VICTORYDEVICE
j 1 9
k 4
r 1 92
x 3 43 42 46
w source 1 1
r 2 92
x 3 43 42 46
w gate 1 2
r 3 92
x 3 43 42 46
w drain 1 3
r 4 92
x 3 43 42 46
w substrate 1 4
y 1 15
z 300
f 4 source gate drain substrate
p 12 2 601 20 3 602 21 4 603 22 5 604 23
d 0 0 -7.3426359044375936e-29 0 0 -3.6706380393719156e-37 0.01 0.01 7.3426359411439836e-29 0 0 -6.9395032906437466e-44
d 0 0 -3.5856960624318289e-28 0 0 -4.0583283829114399e-36 0.1 0.1 3.5856961030151682e-28 0 0 -6.4880605254659923e-42
d 0 0 -3.7462464755347237e-28 0 0 -1.0552714068662446e-35 0.3 0.3 3.7462465812068082e-28 0 0 -1.4494302740442132e-38
d 0 0 -3.7516387157887854e-28 0 0 -1.7427474717477169e-35 0.5 0.5 3.7516391875260555e-28 0 0 -2.9746254660128185e-35
d 0 0 -3.7529501043332394e-28 0 0 -2.4362963868186268e-35 0.75 0.75 3.7529918159263256e-28 0 0 -4.1467963447380244e-33
d 0 0 -3.7535618829674453e-28 0 0 -2.9619256944152579e-35 0.875 0.875 3.7538283731660792e-28 0 0 -2.6619400606440207e-32
d 0 0 -3.754154322287004e-28 0 0 -1.4301744428165152e-34 1 1 3.7558523296479901e-28 0 0 -1.6965771865539266e-31
d 0 0 -3.7557865180607169e-28 0 0 -2.330257620531367e-31 1.5 1.5 3.7945294621587889e-28 0 0 -3.6412686477540308e-30
d 0 0 -3.7568061734829572e-28 0 0 -3.4815215797620894e-31 1.75 1.75 3.8127953855606602e-28 0 0 -5.2507690499220136e-30
d 0 0 -3.7579829972007959e-28 0 0 -4.3506624406836644e-31 2 2 3.8223811643789714e-28 0 0 -6.0047504737627189e-30
d 0 0 -3.7592366292151307e-28 0 0 -5.2232475760442782e-31 2.25 2.25 3.8309720990859212e-28 0 0 -6.651222229474225e-30
d 0 0 -3.7605486433737189e-28 0 0 -6.0183384653032798e-31 2.5 2.5 3.8414401030975935e-28 0 0 -7.4873121258566912e-30
d 0 0 -3.7619059864711578e-28 0 0 -7.1718842278337776e-31 2.75 2.75 3.8542992852485556e-28 0 0 -8.5221414549553099e-30
d 0 0 -3.7632800196226777e-28 0 0 -8.0176384465558757e-31 3 3 3.8671650962146284e-28 0 0 -9.5867438145383552e-30
d 0 0 -3.7659431716834983e-28 0 0 -9.5692521361565806e-31 3.5 3.5 3.8825819166781896e-28 0 0 -1.0706949285853456e-29
d 0 0 -3.7683577189294853e-28 0 0 -1.1206423972369191e-30 4 4 3.8887977424991829e-28 0 0 -1.0923359959661931e-29
d 0 0 -3.7694748920625096e-28 0 0 -1.1733780237928948e-30 4.25 4.25 3.8928947694235742e-28 0 0 -1.1168609712313575e-29
d 0 0 -3.7705374513672812e-28 0 0 -1.2205715068877946e-30 4.5 4.5 3.9046997579879459e-28 0 0 -1.2195659155178665e-29
d 0 0 -3.7723814797448903e-28 0 0 -1.3042575398274422e-30 5 5 3.9195089739962764e-28 0 0 -1.3408491885311149e-29
d 0 0 -3.7739656586654372e-28 0 0 -1.3881951456536205e-30 5.5 5.5 3.9296857135486149e-28 0 0 -1.4183810342754894e-29
d 0 0 -3.775331529945482e-28 0 0 -1.4970022241112603e-30 6 6 3.9371673023562277e-28 0 0 -1.4686575017047715e-29
d 0 0 -3.7759051801927448e-28 0 0 -1.529293862567472e-30 6.25 6.25 3.9400487594512499e-28 0 0 -1.4885064063282587e-29
d 0 0 -3.7763604766072269e-28 0 0 -1.555883261973127e-30 6.5 6.5 3.9426178461047544e-28 0 0 -1.5069853726483237e-29
d 0 0 -3.7768583106831967e-28 0 0 -1.6014837341272619e-30 7 7 3.9476225520336202e-28 0 0 -1.5474940400944161e-29
d 0 0 -3.776999537257262e-28 0 0 -1.6410776141267693e-30 7.5 7.5 3.952303531143446e-28 0 0 -1.5889321774493797e-29
d 0 0 -3.7770531752064189e-28 0 0 -1.6788777219038135e-30 8 8 3.9561422958637317e-28 0 0 -1.6230034343827481e-29
d 0 0 -3.7770933992993254e-28 0 0 -1.7188554209800316e-30 8.5 8.5 3.9595240641391003e-28 0 0 -1.6524211062997792e-29
d 0 0 -3.7771308777758466e-28 0 0 -1.7997693612437595e-30 9 9 3.964284174303155e-28 0 0 -1.6915560291487074e-29
d 0 0 -3.7771670043687092e-28 0 0 -1.8410576472622996e-30 9.5 9.5 3.9670597217575346e-28 0 0 -1.7148214091565775e-29
d 0 0 -3.7772022321229962e-28 0 0 -1.8712741139429427e-30 10 10 3.969054624886614e-28 0 0 -1.7313965162420884e-29
d 0 0 -3.7772369610625709e-28 0 0 -1.8988428669223941e-30 10.5 10.5 3.9708632486036599e-28 0 0 -1.7463785887117774e-29
d 0 0 -3.7772722962544905e-28 0 0 -1.925688270821507e-30 11 11 3.9730366166821384e-28 0 0 -1.7650743771923165e-29
d 0 0 -3.7773121499414551e-28 0 0 -1.9546370733658262e-30 11.5 11.5 3.9761025407246262e-28 0 0 -1.7924402004971406e-29
d 0 0 -3.7773697536535855e-28 0 0 -1.9857620415065044e-30 12 12 3.9804935871852755e-28 0 0 -1.8326621311674768e-29
d 0 0 -3.7774785183985304e-28 0 0 -2.0121552805926924e-30 12.5 12.5 3.984929712590014e-28 0 0 -1.8732964138563575e-29
d 0 0 -3.7776987813338679e-28 0 0 -2.0333584045481848e-30 13 13 3.9889451885551943e-28 0 0 -1.9091282317561687e-29
d 0 0 -3.7780094238256845e-28 0 0 -2.0515731172279042e-30 13.5 13.5 3.9914028990477101e-28 0 0 -1.9287774404923325e-29
d 0 0 -3.7782673629152737e-28 0 0 -2.0683584254991364e-30 14 14 3.993059249305377e-28 0 0 -1.9410830213519045e-29
d 0 0 -3.7784631523413153e-28 0 0 -2.0844117838048379e-30 14.5 14.5 3.9944417155471773e-28 0 0 -1.9513444536738243e-29
d 0 0 -3.7786429846241129e-28 0 0 -2.1000833021965349e-30 15 15 3.9958284275882287e-28 0 0 -1.9618460994127468e-29
d 0 0 -3.77882537570724e-28 0 0 -2.1155354630297695e-30 15.5 15.5 3.9972240399916537e-28 0 0 -1.9724330965373854e-29
d 0 0 -3.7790140076882595e-28 0 0 -2.1308408982280259e-30 16 16 3.9982808468118658e-28 0 0 -1.9795843014056378e-29
d 0 0 -3.7792079553910441e-28 0 0 -2.1460181955325013e-30 16.5 16.5 3.9989196585674998e-28 0 0 -1.9825152122073506e-29
d 0 0 -3.7794062773014819e-28 0 0 -2.1711579694808584e-30 17 17 3.9993612129901367e-28 0 0 -1.9834452132773669e-29
d 0 0 -3.7796093036916681e-28 0 0 -2.1758446566798589e-30 17.5 17.5 3.9998293644343753e-28 0 0 -1.9846161417557237e-29
d 0 0 -3.7798185960995953e-28 0 0 -2.1903471026660769e-30 18 18 4.0005173272112412e-28 0 0 -1.9879526008432095e-29
d 0 0 -3.7800350583298838e-28 0 0 -2.2045914694317473e-30 18.5 18.5 4.0015949064851699e-28 0 0 -1.9951393346153901e-29
d 0 0 -3.7802486863016609e-28 0 0 -2.2194875694636277e-30 19 19 4.0030171879639117e-28 0 0 -2.0057362596960006e-29
d 0 0 -3.780471025230863e-28 0 0 -2.234064876113156e-30 19.5 19.5 4.0045890629248475e-28 0 0 -2.0177738893754123e-29
d 0 0 -3.7807162754944919e-28 0 0 -2.247308506339279e-30 20 20 4.0060484850470394e-28 0 0 -2.0285912448903393e-29
d 0 0 -3.7809990664466608e-28 0 0 -2.2584538909606632e-30 20.5 20.5 4.007271373429731e-28 0 0 -2.0368776807395658e-29
d 0 0 -3.7813077325023783e-28 0 0 -2.268540499543775e-30 21 21 4.0082925994904001e-28 0 0 -2.0429946199210455e-29
d 0 0 -3.7816404724014252e-28 0 0 -2.2777732795319104e-30 21.5 21.5 4.0092734373726002e-28 0 0 -2.0485523217515987e-29
d 0 0 -3.7819960770376887e-28 0 0 -2.286250384485892e-30 22 22 4.010239955763856e-28 0 0 -2.0538137488005777e-29
d 0 0 -3.7823720671833002e-28 0 0 -2.2940610338340852e-30 22.5 22.5 4.0110873266075852e-28 0 0 -2.0577464908433987e-29
d 0 0 -3.7827650436005375e-28 0 0 -2.28777381479846e-30 23 23 4.0117317309567263e-28 0 0 -2.0595376346428291e-29
d 0 0 -3.7835886560207897e-28 0 0 -2.3143680562973641e-30 24 24 4.0125082239168154e-28 0 0 -2.0577588122687618e-29
d 0 0 -3.784406920638904e-28 0 0 -2.327403429988777e-30 25 25 4.0129505483864215e-28 0 0 -2.0526959344762943e-29
d 0 0 -3.7851546307659943e-28 0 0 -2.3842154690342628e-30 26 26 4.0137366286346907e-28 0 0 -2.0473982798518746e-29
d 0 0 -3.7858892623125562e-28 0 0 -2.4003922010302637e-30 27 27 4.014062030458527e-28 0 0 -2.0416884613308633e-29
d 0 0 -3.7866043980323348e-28 0 0 -2.4136431713385523e-30 28 28 4.0143596184623251e-28 0 0 -2.0361876146082333e-29
d 0 0 -3.7872952488046594e-28 0 0 -2.425992443989102e-30 29 29 4.0146524085396881e-28 0 0 -2.030972351448803e-29
d 0 0 -3.7879599365106248e-28 0 0 -2.4375419897064557e-30 30 30 4.0149398061666926e-28 0 0 -2.0260444716973571e-29
d 0 0 -3.7885984608848165e-28 0 0 -2.4483686958620343e-30 31 31 4.0152208461286456e-28 0 0 -2.0213851380734567e-29
d 0 0 -3.7892118666382198e-28 0 0 -2.4591104722450447e-30 32 32 4.0154948400042979e-28 0 0 -2.0169689449795342e-29
d 0 0 -3.7898016976068673e-28 0 0 -2.4689870061708162e-30 33 33 4.0157614873852362e-28 0 0 -2.0127699794786602e-29
d 0 0 -3.790369680182278e-28 0 0 -2.4774957961490109e-30 34 34 4.0160208418328733e-28 0 0 -2.0087642562873107e-29
d 0 0 -3.7909175597722388e-28 0 0 -2.4892276747163092e-30 35 35 4.0162732537402176e-28 0 0 -2.0049304567627514e-29
d 0 0 -3.7914470277384441e-28 0 0 -2.4947314865796715e-30 36 36 4.0165193232897787e-28 0 0 -2.0012499095989479e-29
d 0 0 -3.7919596956017738e-28 0 0 -2.502954202795941e-30 37 37 4.0167598660980627e-28 0 0 -1.9977062738548862e-29
d 0 0 -3.7924570884820817e-28 0 0 -2.5110280080367115e-30 38 38 4.0169958823847959e-28 0 0 -1.9942851381359386e-29
d 0 0 -3.7929406394903323e-28 0 0 -2.5190513867047418e-30 39 39 4.0172285158363095e-28 0 0 -1.9909736226955012e-29
d 0 0 -3.7934116734760869e-28 0 0 -2.5077997051196847e-30 40 40 4.0174589863781884e-28 0 0 -1.9877600212463452e-29
d 0 0 -3.7938713761249811e-28 0 0 -2.5353750883848645e-30 41 41 4.0176884816149009e-28 0 0 -1.9846335449970395e-29
d 0 0 -3.7943207555560407e-28 0 0 -2.5442496671252156e-30 42 42 4.0179179979881585e-28 0 0 -1.9815842991572396e-29
d 0 0 -3.7947606169007443e-28 0 0 -2.553018073132434e-30 43 43 4.0181481461476948e-28 0 0 -1.9786037193334503e-29
d 0 0 -3.7951915547997493e-28 0 0 -2.565010206882493e-30 44 44 4.0183789868936628e-28 0 0 -1.97568465605317e-29
d 0 0 -3.7956140921291019e-28 0 0 -2.5713679489580568e-30 45 45 4.0186099488009469e-28 0 0 -1.972821771622947e-29
d 0 0 -3.7960283469443158e-28 0 0 -2.581090741881343e-30 46 46 4.0188399848912565e-28 0 0 -1.9700073051032274e-29
d 0 0 -3.7964343830764096e-28 0 0 -2.3226867080590671e-30 47 47 4.0190677271661283e-28 0 0 -1.9672334087808757e-29
d 0 0 -3.7968323191315404e-28 0 0 -2.6009915751049733e-30 48 48 4.0192915159669926e-28 0 0 -1.9644928107403085e-29
d 0 0 -3.7972224662025559e-28 0 0 -2.6109527684563823e-30 49 49 4.0195097102634263e-28 0 0 -1.9617771634539242e-29
d 0 0 -3.7976052160283668e-28 0 0 -2.6208081971055291e-30 50 50 4.0197208881180547e-28 0 0 -1.9590759011683454e-29
d 0 0 -3.7979797441359732e-28 0 0 -2.63056375389767e-30 51 51 4.0199229697482496e-28 0 0 -1.9563758806538535e-29
d 0 0 -3.7983257604842116e-28 0 0 -2.6410067620299047e-30 52 52 4.0201015926209849e-28 0 0 -1.9536576636954548e-29
d 0 0 -3.7986639863205181e-28 0 0 -2.651401062361544e-30 53 53 4.0202698724406421e-28 0 0 -1.9509187549952284e-29
d 0 0 -3.7990292314188127e-28 0 0 -2.6604204946829274e-30 54 54 4.0204489112004995e-28 0 0 -1.9481547483485725e-29
d 0 0 -3.7993983993378673e-28 0 0 -2.6689686177703013e-30 55 55 4.0206232278437261e-28 0 0 -1.9453514232815376e-29
d 0 0 -3.7997673125137415e-28 0 0 -2.6772004812176266e-30 56 56 4.0207907336771175e-28 0 0 -1.9425141636601259e-29
d 0 0 -3.8001345362339058e-28 0 0 -2.6851443391898151e-30 57 57 4.020951633465415e-28 0 0 -1.9396565383961098e-29
d 0 0 -3.8004987674936582e-28 0 0 -2.6928126762899791e-30 58 58 4.0211064433471304e-28 0 0 -1.9367954909057224e-29
d 0 0 -3.8006792641761563e-28 0 0 -2.6968348986246868e-30 58.5 58.5 4.0211817501611655e-28 0 0 -1.9353703491106953e-29
d 0 0 -3.8008584294507187e-28 0 0 -2.7009232228505019e-30 59 59 4.0212557566224859e-28 0 0 -1.9339522066118761e-29
d 0 0 -3.8012120887298732e-28 0 0 -2.7073429707421618e-30 60 60 4.0214001429075537e-28 0 0 -1.9311462447025913e-29
d 0 0 -3.8013862862322914e-28 0 0 -2.7168315787269379e-30 60.5 60.5 4.0214706470113015e-28 0 0 -1.929762535498307e-29
d 0 0 -3.8015585628846301e-28 0 0 -2.698808424126695e-30 61 61 4.021540097541643e-28 0 0 -1.928393975361628e-29
d 0 0 -3.801728816878728e-28 0 0 -2.3582495717694329e-30 61.5 61.5 4.0216085397469228e-28 0 0 -1.9270419408699715e-29
d 0 0 -3.8018969605937298e-28 0 0 -2.7208296150434682e-30 62 62 4.0216760099757809e-28 0 0 -1.9257075327131384e-29
d 0 0 -3.8020629129306497e-28 0 0 -2.7240461140876875e-30 62.5 62.5 4.0217425326214007e-28 0 0 -1.9243915886031804e-29
d 0 0 -3.8022265828877944e-28 0 0 -2.727206227248229e-30 63 63 4.0218081126268458e-28 0 0 -1.9230946971097669e-29
d 0 0 -3.8023878262624081e-28 0 0 -2.7303181401952983e-30 63.5 63.5 4.0218727135037809e-28 0 0 -1.9218171977555118e-29
d 0 0 -3.8025462846562873e-28 0 0 -2.7334049048514683e-30 64 64 4.0219361708083271e-28 0 0 -1.920559107888791e-29
d 0 0 -3.802840778089041e-28 0 0 -2.740204077287818e-30 65 65 4.0220520213350113e-28 0 0 -1.9180920264276149e-29
d 0 0 -3.8031245347324372e-28 0 0 -2.8098309848784618e-30 66 66 4.0230382988919303e-28 0 0 -1.9181545431127072e-29
d 0 0 -3.8033748157249091e-28 0 0 -2.8192921041571398e-30 67 67 4.023151851105849e-28 0 0 -1.9158411433937e-29
d 0 0 -3.8036191368531913e-28 0 0 -2.8272561160117501e-30 68 68 4.0232455997981163e-28 0 0 -1.9135390186425703e-29
d 0 0 -3.8037393164944316e-28 0 0 -2.8311458562276628e-30 68.5 68.5 4.0232918002581825e-28 0 0 -1.9124103972988146e-29
d 0 0 -3.8038582032858911e-28 0 0 -2.8349795221741222e-30 69 69 4.0233375754404494e-28 0 0 -1.9112964678586134e-29
d 0 0 -3.8039758185273811e-28 0 0 -2.8387421808022843e-30 69.5 69.5 4.0233829404921902e-28 0 0 -1.9101970096991854e-29
d 0 0 -3.8040921836745014e-28 0 0 -2.8424547328900476e-30 70 70 4.0234279088423418e-28 0 0 -1.9091117923593324e-29
d 0 0 -3.8043212494484656e-28 0 0 -2.8497140038863379e-30 71 71 4.0235167023499252e-28 0 0 -1.9069831286379385e-29
d 0 0 -3.8044339926103127e-28 0 0 5.9259653640886085e-31 71.5 71.5 4.0235605482307406e-28 0 0 -1.9059391991244442e-29
d 0 0 -3.8045455705922949e-28 0 0 -2.8567613965585464e-30 72 72 4.0236040391944378e-28 0 0 -1.904908547928382e-29
d 0 0 -3.8047653130893614e-28 0 0 -2.8636064258886234e-30 73 73 4.0236899891453496e-28 0 0 -1.9028861179710213e-29
d 0 0 -3.8049806374958286e-28 0 0 -2.8702580727714559e-30 74 74 4.0237746122739249e-28 0 0 -1.9009139405038176e-29
d 0 0 -3.8051916982410996e-28 0 0 -2.8767245966710355e-30 75 75 4.0238579615108926e-28 0 0 -1.8989901730308398e-29
d 0 0 -3.8052956762568295e-28 0 0 -1.3995177132756508e-30 75.5 75.5 4.0238991734565818e-28 0 0 -1.898045885552493e-29
d 0 0 -3.8053986433766386e-28 0 0 -6.2580359891016442e-31 76 76 4.0239400844196823e-28 0 0 -1.8971130406202199e-29
d 0 0 -3.8056016145919269e-28 0 0 -2.889132579577821e-30 77 77 4.0240210244354827e-28 0 0 -1.8952808415575949e-29
d 0 0 -3.8058007473851607e-28 0 0 -2.8950943651282997e-30 78 78 4.0241008217450124e-28 0 0 -1.8934919493252457e-29
d 0 0 -3.8059961713226257e-28 0 0 -2.902374242688393e-30 79 79 4.0241795139256053e-28 0 0 -1.8917448124493155e-29
d 0 0 -3.8061880103502673e-28 0 0 -2.9065330759453099e-30 80 80 4.0242571364246927e-28 0 0 -1.8900379531497204e-29
d 0 0 -3.8062826228035126e-28 0 0 3.0591583350631962e-30 80.5 80.5 4.0242955571324108e-28 0 0 -1.889199185451017e-29
d 0 0 -3.8063763831382725e-28 0 0 -2.912034359510223e-30 81 81 4.0243337229348727e-28 0 0 -1.8883699653390137e-29
d 0 0 -3.8064693054240716e-28 0 0 -2.9147563846549523e-30 81.5 81.5 4.0243716378197401e-28 0 0 -1.8875501278669486e-29
d 0 0 -3.8065614034470343e-28 0 0 -2.9174365142735578e-30 82 82 4.0244093057006021e-28 0 0 -1.8867395122580268e-29
d 0 0 -3.8066526907213754e-28 0 0 -2.920078616794024e-30 82.5 82.5 4.0244467304239263e-28 0 0 -1.885937961813228e-29
d 0 0 -3.806743180500188e-28 0 0 -2.9226440639514448e-30 83 83 4.0244839157750761e-28 0 0 -1.8851453238070692e-29
d 0 0 -3.8068328857848769e-28 0 0 -2.9251892974442941e-30 83.5 83.5 4.0245208654829865e-28 0 0 -1.8843614493637106e-29
d 0 0 -3.8069218193322554e-28 0 0 -2.9277214325733102e-30 84 84 4.024557583222876e-28 0 0 -1.8835861933015415e-29
d 0 0 -3.8070099936579457e-28 0 0 -2.9302156890952119e-30 84.5 84.5 4.0245940726160391e-28 0 0 -1.8828194139292393e-29
d 0 0 -3.807097421034311e-28 0 0 -2.9326835027463762e-30 85 85 4.0246303372254856e-28 0 0 -1.8820609727707031e-29
d 0 0 -3.8071841134808925e-28 0 0 -2.9351215756819247e-30 85.5 85.5 4.0246663805459372e-28 0 0 -1.8813107341920245e-29
d 0 0 -3.8072700827455006e-28 0 0 -2.9375295791204565e-30 86 86 4.0247022059868324e-28 0 0 -1.880568564904304e-29
d 0 0 -3.8073553402751886e-28 0 0 -2.9399079730090973e-30 86.5 86.5 4.0247378168477046e-28 0 0 -1.8798343333272148e-29
d 0 0 -3.8074398971787604e-28 0 0 -2.9422572523380051e-30 87 87 4.0247732162870395e-28 0 0 -1.8791079088257872e-29
d 0 0 -3.8075237641862819e-28 0 0 -2.9445854361177831e-30 87.5 87.5 4.0248084072884878e-28 0 0 -1.8783891608789075e-29
d 0 0 -3.807606951615385e-28 0 0 -2.9468664170995472e-30 88 88 4.0248433926314862e-28 0 0 -1.8776779582930918e-29
d 0 0 -3.8076894693567348e-28 0 0 -2.94913122539405e-30 88.5 88.5 4.0248781748753195e-28 0 0 -1.8769741686130213e-29
d 0 0 -3.8077713268890809e-28 0 0 -2.9513689987777878e-30 89 89 4.0249127563644193e-28 0 0 -1.8762776578674831e-29
d 0 0 -3.8078525333268787e-28 0 0 -2.9535802057624784e-30 89.5 89.5 4.0249471392574054e-28 0 0 -1.8755882907085823e-29
d 0 0 -3.8079330974929806e-28 0 0 -2.9557736313530388e-30 90 90 4.0249813255748442e-28 0 0 -1.8749059308798748e-29
d 0 0 -3.8080130280008726e-28 0 0 -2.9579344746416717e-30 90.5 90.5 4.0250153172547527e-28 0 0 -1.8742304418477639e-29
d 0 0 -3.8080923333295236e-28 0 0 -2.960062823387363e-30 91 91 4.0250491162036946e-28 0 0 -1.8735616874046562e-29
d 0 0 -3.8081710218790504e-28 0 0 -2.9621639374055489e-30 91.5 91.5 4.0250827243349215e-28 0 0 -1.8728995321063568e-29
d 0 0 -3.8082491020032978e-28 0 0 -2.9640261074283706e-30 92 92 4.0251161435906623e-28 0 0 -1.8722438414980131e-29
d 0 0 -3.8083265820218455e-28 0 0 -2.9650126919835968e-30 92.5 92.5 4.0251493759503997e-28 0 0 -1.8715944821630953e-29
d 0 0 -3.8084034702171015e-28 0 0 -2.9627970027577545e-30 93 93 4.0251824234293668e-28 0 0 -1.8709513216727325e-29
d 0 0 -3.8084797748223316e-28 0 0 -2.9491162298812978e-30 93.5 93.5 4.0252152880717878e-28 0 0 -1.8703142285198695e-29
d 0 0 -3.8085555040050726e-28 0 0 -2.9170902601191807e-30 94 94 4.025247971942559e-28 0 0 -1.8696830721081131e-29
d 0 0 -3.8086306658485916e-28 0 0 -2.8905847318535595e-30 94.5 94.5 4.0252804771199854e-28 0 0 -1.869057722842201e-29
d 0 0 -3.8087052683324557e-28 0 0 -2.6841109973766802e-30 95 95 4.0253128056913547e-28 0 0 -1.8684380523429906e-29
d 0 0 -3.8087793193121014e-28 0 0 -1.7442644421401508e-30 95.5 95.5 4.025344959752779e-28 0 0 -1.8678239337868161e-29
d 0 0 -3.808852826496372e-28 0 0 1.2141405490085674e-29 96 96 4.0253769414148293e-28 0 0 -1.867215242345948e-29
d 0 0 -3.8089257974212233e-28 0 0 9.3424478369347912e-29 96.5 96.5 4.0254087528160818e-28 0 0 -1.8666118556821907e-29
d 0 0 -3.8089982394169632e-28 0 0 1.6106561812153883e-28 97 97 4.0254403961476906e-28 0 0 -1.8660136544180787e-29
d 0 0 -3.8090701595654624e-28 0 0 2.9922775114513856e-28 97.5 97.5 4.0254718736934663e-28 0 0 -1.8654205224805304e-29
d 0 0 -3.80914156464284e-28 0 0 -2.9878387375378224e-30 98 98 4.0255031878913361e-28 0 0 -1.8648323471842876e-29
d 0 0 -3.8092124610426883e-28 0 0 -2.9896973131254912e-30 98.5 98.5 4.0255343414228533e-28 0 0 -1.8642490189079014e-29
d 0 0 -3.8092828546760389e-28 0 0 -2.9915423496376722e-30 99 99 4.0255653373360327e-28 0 0 -1.8636704302336911e-29
d 0 0 -3.8093527508489203e-28 0 0 -2.9933705338033834e-30 99.5 99.5 4.0255961792007407e-28 0 0 -1.863096474511279e-29
d 0 0 -3.8094221540047526e-28 0 0 -2.9951788932008025e-30 100 100 4.0256268712683365e-28 0 0 -1.8625270546153713e-29
d 0 0 -3.8095082194580154e-28 0 0 -2.997460453881461e-30 100.625 100.625 4.0256650334883037e-28 0 0 -1.861821555287396e-29
d 0 0 -3.8095935252963403e-28 0 0 -2.7088514788814852e-30 101.25 101.25 4.0257029815737554e-28 0 0 -1.8611227790963089e-29
d 0 0 -3.8096780751780655e-28 0 0 -3.0013272129701523e-30 101.875 101.875 4.0257407289931504e-28 0 0 -1.8604305034187108e-29
d 0 0 -3.8097618724155866e-28 0 0 -3.0007452174234192e-30 102.5 102.5 4.0257782890625178e-28 0 0 -1.8597445250856307e-29
d 0 0 -3.8098449223907943e-28 0 0 -2.8513804130907583e-30 103.125 103.125 4.0258156722889579e-28 0 0 -1.8590647024077044e-29
d 0 0 -3.8099272396377189e-28 0 0 -2.6449348392884986e-30 103.75 103.75 4.0258528833207809e-28 0 0 -1.858391118573334e-29
d 0 0 -3.8100088372686563e-28 0 0 9.5847211837793119e-28 104.375 104.375 4.0258899216010817e-28 0 0 -1.8577237949806534e-29
d 0 0 -3.810089731818577e-28 0 0 -3.0117698951063512e-30 105 105 4.0259267819931391e-28 0 0 -1.857062821807462e-29
d 0 0 -3.8101299209518966e-28 0 0 -3.0141678880119912e-30 105.3125 105.3125 4.0259451432816147e-28 0 0 -1.8567347514219132e-29
d 0 0 -3.8101699408913602e-28 0 0 -3.015259595948719e-30 105.625 105.625 4.0259634574532347e-28 0 0 -1.8564083096833369e-29
d 0 0 -3.8102097937083077e-28 0 0 -3.0163462098229146e-30 105.9375 105.9375 4.0259817237286019e-28 0 0 -1.8560835080695512e-29
d 0 0 -3.8102494813606391e-28 0 0 -3.0174271953626711e-30 106.25 106.25 4.0259999414542291e-28 0 0 -1.8557603559755513e-29
d 0 0 -3.8102890056835276e-28 0 0 -3.0185019971464695e-30 106.5625 106.5625 4.0260181101165829e-28 0 0 -1.8554388605382546e-29
d 0 0 -3.8103283683903289e-28 0 0 -3.019570032153891e-30 106.875 106.875 4.0260362293422425e-28 0 0 -1.8551190266462791e-29
d 0 0 -3.8103675710803236e-28 0 0 -3.0206305614337101e-30 107.1875 107.1875 4.0260542988885323e-28 0 0 -1.8548008570744637e-29
d 0 0 -3.8104066152502928e-28 0 0 -3.0216826844440448e-30 107.5 107.5 4.0260723186285675e-28 0 0 -1.8544843526899237e-29
d 0 0 -3.8104842335828741e-28 0 0 -3.0238341587281792e-30 108.125 108.125 4.0261082086565583e-28 0 0 -1.8538563348305834e-29
d 0 0 -3.81052281034199e-28 0 0 -3.0247711720793877e-30 108.4375 108.4375 4.0261260791130288e-28 0 0 -1.8535448156644607e-29
d 0 0 -3.8105612337955532e-28 0 0 -3.0257665891394405e-30 108.75 108.75 4.0261439000688059e-28 0 0 -1.8532349507172884e-29
d 0 0 -3.8106376253979178e-28 0 0 -3.0279745723561993e-30 109.375 109.375 4.0261793943108621e-28 0 0 -1.8526201614416776e-29
d 0 0 -3.8106755957528786e-28 0 0 -3.0285212892123577e-30 109.6875 109.6875 4.026197068067086e-28 0 0 -1.8523152243923565e-29
d 0 0 -3.8107134172207131e-28 0 0 -3.0292868814397876e-30 110 110 4.026214693245165e-28 0 0 -1.8520119163057347e-29
d 0 0 -3.8107322724402614e-28 0 0 3.8295647458567878e-30 110.15625 110.15625 4.0262234876962237e-28 0 0 -1.8518608707393108e-29
d 0 0 -3.8107510908156181e-28 0 0 3.7611426461188954e-30 110.3125 110.3125 4.0262322700969321e-28 0 0 -1.8517102294967136e-29
d 0 0 -3.810788617516366e-28 0 0 -3.030291311985808e-30 110.625 110.625 4.0262497988693467e-28 0 0 -1.8514101558426033e-29
d 0 0 -3.8108632339610568e-28 0 0 -3.0339997799884404e-30 111.25 111.25 4.0262847131080534e-28 0 0 -1.8508148134711248e-29
d 0 0 -3.8109372735805144e-28 0 0 -3.0358659346422639e-30 111.875 111.875 4.0263194376463725e-28 0 0 -1.8502258162487709e-29
d 0 0 -3.8109740790668052e-28 0 0 -3.0219448813460163e-30 112.1875 112.1875 4.0263367292023872e-28 0 0 -1.8499336726170472e-29
d 0 0 -3.8110107426171786e-28 0 0 -3.015381436947882e-30 112.5 112.5 4.0263539737816071e-28 0 0 -1.8496430852034551e-29
d 0 0 -3.8110836463458436e-28 0 0 1.7300720653245037e-27 113.125 113.125 4.0263883222765902e-28 0 0 -1.8490665357177445e-29
d 0 0 -3.8111559888207191e-28 0 0 6.8536079922721664e-28 113.75 113.75 4.0264224831924335e-28 0 0 -1.8484960783518736e-29
d 0 0 -3.8112277724866086e-28 0 0 -3.0433389056390034e-30 114.375 114.375 4.0264564556536645e-28 0 0 -1.8479316202791945e-29
d 0 0 -3.8112989974903168e-28 0 0 -3.0453932882232599e-30 115 115 4.0264902374433201e-28 0 0 -1.8473730672385577e-29
d 0 0 -3.8113696603284458e-28 0 0 -2.9878740131074627e-30 115.625 115.625 4.0265238242076032e-28 0 0 -1.8468203257620128e-29
d 0 0 -3.8114397509650284e-28 0 0 -3.0486044344489699e-30 116.25 116.25 4.0265572077527772e-28 0 0 -1.8462733055958057e-29
d 0 0 -3.8114745752758465e-28 0 0 -1.5822328517659439e-30 116.5625 116.5625 4.0265738188136625e-28 0 0 -1.8460019144246536e-29
d 0 0 -3.8115092459919592e-28 0 0 -1.1723458246638322e-30 116.875 116.875 4.0265903719935865e-28 0 0 -1.8457319229243585e-29
d 0 0 -3.811543755067873e-28 0 0 -6.6777467569631214e-31 117.1875 117.1875 4.0266068622529001e-28 0 0 -1.8454633227142161e-29
d 0 0 -3.8115780893047509e-28 0 0 -5.31130784062906e-32 117.5 117.5 4.0266232815000759e-28 0 0 -1.8451961073184435e-29
d 0 0 -3.8116461178896705e-28 0 0 -3.0543136894324076e-30 118.125 118.125 4.0266558375283762e-28 0 0 -1.844665827453925e-29
d 0 0 -3.8117124946887377e-28 0 0 -3.0151369837837683e-30 118.75 118.75 4.0266875422431378e-28 0 0 -1.8441412944557336e-29
d 0 0 -3.8117423748244008e-28 0 0 -2.8268232532405725e-31 119.0625 119.0625 4.0267014831413177e-28 0 0 -1.8438821416417337e-29
d 0 0 -3.8117546933667873e-28 0 0 -2.997855318206332e-30 119.21875 119.21875 4.0267069125165436e-28 0 0 -1.8437539850467405e-29
d 0 0 -3.8117672273887629e-28 0 0 -2.9671972080030379e-30 119.375 119.375 4.0267124749480057e-28 0 0 -1.843626034410134e-29
d 0 0 -3.8118273696573638e-28 0 0 -3.0592327484749633e-30 120 120 4.0267407124807e-28 0 0 -1.8431135805166049e-29
d 0 0 -3.8118911698444007e-28 0 0 9.9106482679006581e-30 120.625 120.625 4.0267712248966324e-28 0 0 -1.8426041306810772e-29
d 0 0 -3.811923775030882e-28 0 0 2.9681709576781177e-29 120.9375 120.9375 4.0267869417674947e-28 0 0 -1.8423508242805119e-29
d 0 0 -3.8119565348935264e-28 0 0 3.6770399137110049e-29 121.25 121.25 4.0268027796399051e-28 0 0 -1.8420986324772753e-29
d 0 0 -3.8120221167887958e-28 0 0 -3.0652680807908157e-30 121.875 121.875 4.0268345803774224e-28 0 0 -1.8415977756681728e-29
d 0 0 -3.8120875167795524e-28 0 0 -3.0668644864103075e-30 122.5 122.5 4.0268663900721324e-28 0 0 -1.8411017078311621e-29
d 0 0 -3.8121526086292856e-28 0 0 -2.9588486596777321e-30 123.125 123.125 4.0268981325502558e-28 0 0 -1.8406104314302407e-29
d 0 0 -3.8122173415895265e-28 0 0 -3.0549274549636369e-30 123.75 123.75 4.0269297762168825e-28 0 0 -1.8401239097174454e-29
d 0 0 -3.8122816924658149e-28 0 0 -3.0090519468455112e-30 124.375 124.375 4.0269613057626932e-28 0 0 -1.8396420923021757e-29
d 0 0 -3.8123456502564646e-28 0 0 -3.0727394108310618e-30 125 125 4.0269927130987995e-28 0 0 -1.839164923374177e-29
d 0 0 -3.8124092101069477e-28 0 0 -3.0745542150262854e-30 125.625 125.625 4.0270239937898253e-28 0 0 -1.838692344949956e-29
d 0 0 -3.8124723705594264e-28 0 0 -3.0759088217788509e-30 126.25 126.25 4.0270551454313729e-28 0 0 -1.8382242983449924e-29
d 0 0 -3.8125351321608545e-28 0 0 -3.0659177463472213e-30 126.875 126.875 4.0270861668288088e-28 0 0 -1.8377607249051343e-29
d 0 0 -3.8125974966987903e-28 0 0 -3.0789399903614137e-30 127.5 127.5 4.0271170575461107e-28 0 0 -1.8373015663888614e-29
d 0 0 -3.8126594667537802e-28 0 0 -3.0803674370758924e-30 128.125 128.125 4.0271478176413767e-28 0 0 -1.8368467651683757e-29
d 0 0 -3.812721045422815e-28 0 0 -3.0817772723399387e-30 128.75 128.75 4.0271784475029629e-28 0 0 -1.836396264326416e-29
d 0 0 -3.8127822361405073e-28 0 0 8.9767727843050333e-30 129.375 129.375 4.0272089477431372e-28 0 0 -1.8359500076888861e-29
d 0 0 -3.812843042558643e-28 0 0 -3.0845481168516244e-30 130 130 4.0272393191260027e-28 0 0 -1.8355079398142832e-29
d 0 0 -3.8129034684619163e-28 0 0 1.7302611250291478e-30 130.625 130.625 4.0272695625166121e-28 0 0 -1.8350700059527805e-29
d 0 0 -3.8129635177067769e-28 0 0 -3.0872540324843398e-30 131.25 131.25 4.0272996788435963e-28 0 0 -1.8346361519835743e-29
d 0 0 -3.8130231941754542e-28 0 0 -3.0883554698667146e-30 131.875 131.875 4.027329669070658e-28 0 0 -1.8342063243384462e-29
d 0 0 -3.8130825017402044e-28 0 0 -3.0760400664659142e-30 132.5 132.5 4.0273595341739454e-28 0 0 -1.8337804699180844e-29
d 0 0 -3.8131120183837946e-28 0 0 -3.0905144872441771e-30 132.8125 132.8125 4.0273744201080913e-28 0 0 -1.8335690161819698e-29
d 0 0 -3.8131414442346344e-28 0 0 -3.0911537807601285e-30 133.125 133.125 4.0273892751238458e-28 0 0 -1.8333585360115511e-29
d 0 0 -3.8131707797619989e-28 0 0 -3.0918416951729685e-30 133.4375 133.4375 4.0274040993390622e-28 0 0 -1.8331490228644125e-29
d 0 0 -3.8132000254299824e-28 0 0 -3.0924819271826809e-30 133.75 133.75 4.0274188928694287e-28 0 0 -1.832940470225875e-29
d 0 0 -3.8132291816969296e-28 0 0 -3.0930367053951163e-30 134.0625 134.0625 4.0274336558280939e-28 0 0 -1.8327328715734637e-29
d 0 0 -3.8132582490148896e-28 0 0 -3.0936512425566202e-30 134.375 134.375 4.027448388325313e-28 0 0 -1.832526220421662e-29
d 0 0 -3.813287227829086e-28 0 0 -3.0942582938585539e-30 134.6875 134.6875 4.0274630904680993e-28 0 0 -1.8323205102877608e-29
d 0 0 -3.813316118577393e-28 0 0 -3.0948571198215222e-30 135 135 4.0274777623598857e-28 0 0 -1.832115734705413e-29
d 0 0 -3.8133449216898012e-28 0 0 -3.0954468096171654e-30 135.3125 135.3125 4.0274924041001964e-28 0 0 -1.8319118872230602e-29
d 0 0 -3.8133736375878629e-28 0 0 -3.0960263064797856e-30 135.625 135.625 4.0275070157842809e-28 0 0 -1.8317089614048257e-29
d 0 0 -3.8134308093813191e-28 0 0 -3.0962952341913062e-30 136.25 136.25 4.0275361493409592e-28 0 0 -1.8313058491026598e-29
d 0 0 -3.8134876371370752e-28 0 0 -3.0915306372128321e-30 136.875 136.875 4.027565163690899e-28 0 0 -1.8309063466785898e-29
d 0 0 -3.8135441238528188e-28 0 0 -3.0571401284425655e-30 137.5 137.5 4.0275940593970458e-28 0 0 -1.830510403361472e-29
d 0 0 -3.813600272309105e-28 0 0 -2.8051802289057289e-30 138.125 138.125 4.0276228369017173e-28 0 0 -1.8301179687777761e-29
d 0 0 -3.8136560850182732e-28 0 0 -2.7528755886037697e-30 138.75 138.75 4.0276514964938471e-28 0 0 -1.8297289929777018e-29
d 0 0 -3.8137115641486236e-28 0 0 -3.0682155450780742e-30 139.375 139.375 4.0276800382600806e-28 0 0 -1.8293434264189502e-29
d 0 0 -3.8137667114088937e-28 0 0 -2.1416616848416608e-30 140 140 4.0277084620100082e-28 0 0 -1.8289612198825662e-29
d 0 0 -3.8138215278672966e-28 0 0 -3.1056998542122831e-30 140.625 140.625 4.027736767158785e-28 0 0 -1.8285823242841842e-29
d 0 0 -3.8138760136580248e-28 0 0 -3.1068186589272216e-30 141.25 141.25 4.0277649525265274e-28 0 0 -1.8282066903195055e-29
d 0 0 -3.813930167483544e-28 0 0 -3.1078790218227097e-30 141.875 141.875 4.0277930160246262e-28 0 0 -1.8278342678277785e-29
d 0 0 -3.8139839857207682e-28 0 0 -3.1086618365739003e-30 142.5 142.5 4.0278209540930021e-28 0 0 -1.827465004630941e-29
d 0 0 -3.8140374606926417e-28 0 0 -3.1081823166993953e-30 143.125 143.125 4.0278487605610757e-28 0 0 -1.8270988442926563e-29
d 0 0 -3.8140905769866465e-28 0 0 -3.1024033866572794e-30 143.75 143.75 4.0278764242632568e-28 0 0 -1.8267357213763374e-29
d 0 0 -3.8141433025265202e-28 0 0 -3.0643477272958154e-30 144.375 144.375 4.0279039232455236e-28 0 0 -1.8263755500119816e-29
d 0 0 -3.8141955626346146e-28 0 0 -2.9238133893748535e-30 145 145 4.0279312079652221e-28 0 0 -1.8260181907754417e-29
d 0 0 -3.8142471420486682e-28 0 0 -3.1144662769855894e-30 145.625 145.625 4.0279581378059751e-28 0 0 -1.825663325270571e-29
d 0 0 -3.8142970479424284e-28 0 0 -3.1156053045417541e-30 146.25 146.25 4.0279840683703783e-28 0 0 -1.8253096333394567e-29
d 0 0 -3.814340985975507e-28 0 0 -3.1170075162398796e-30 146.875 146.875 4.0280062181375683e-28 0 0 -1.8249514646247325e-29
d 0 0 -3.814403158197073e-28 0 0 -3.1389667179244858e-30 147.5 147.5 4.0285543178405614e-28 0 0 -1.8276149246424358e-29
d 0 0 -3.8144762808867281e-28 0 0 -3.0930367000516436e-30 147.8125 147.8125 4.0297583573891057e-28 0 0 -1.8342606149218898e-29
d 0 0 -3.8144948575081375e-28 0 0 -3.0780506336958359e-30 148.125 148.125 4.0297791514764679e-28 0 0 -1.8341464971298261e-29
d 0 0 -3.8145308290553696e-28 0 0 -3.1882816770099503e-30 148.75 148.75 4.029797338292746e-28 0 0 -1.833787336386051e-29
d 0 0 -3.8145666457470626e-28 0 0 -3.1895017647329401e-30 149.375 149.375 4.0298152728206705e-28 0 0 -1.8334294419896484e-29
d 0 0 -3.8146023140191947e-28 0 0 -3.1923411438258758e-30 150 150 4.0298330683631031e-28 0 0 -1.8330734218399014e-29
d 0 0 -3.8146378358587295e-28 0 0 -3.1851408046177863e-30 150.625 150.625 4.0298507414962855e-28 0 0 -1.8327193357807497e-29
d 0 0 -3.8146732130589911e-28 0 0 -3.1761040039124505e-30 151.25 151.25 4.0298683048655659e-28 0 0 -1.8323672220851719e-29
d 0 0 -3.8147084472808579e-28 0 0 -3.1726811929423862e-30 151.875 151.875 4.0298857685089663e-28 0 0 -1.8320171049248801e-29
d 0 0 -3.8147435400889516e-28 0 0 -3.184892254791473e-30 152.5 152.5 4.0299031406273337e-28 0 0 -1.8316689986981164e-29
d 0 0 -3.814778492974853e-28 0 0 -3.0223393502307094e-30 153.125 153.125 4.0299204280660878e-28 0 0 -1.8313229107191112e-29
d 0 0 -3.8148133073730002e-28 0 0 -3.2026444649960902e-30 153.75 153.75 4.029937636633521e-28 0 0 -1.830978842978533e-29
d 0 0 -3.8148479846721835e-28 0 0 -3.2043106648557952e-30 154.375 154.375 4.029954771320645e-28 0 0 -1.8306367933443936e-29
d 0 0 -3.8148825262242438e-28 0 0 -3.2059634161834892e-30 155 155 4.029971836458904e-28 0 0 -1.8302967564104885e-29
d 0 0 -3.8149169333508698e-28 0 0 -3.2076028908198732e-30 155.625 155.625 4.0299888358371734e-28 0 0 -1.8299587241153725e-29
d 0 0 -3.8149512073490123e-28 0 0 -3.2092295696938746e-30 156.25 156.25 4.030005772791175e-28 0 0 -1.8296226862081743e-29
d 0 0 -3.814985349495168e-28 0 0 -3.2108437306983069e-30 156.875 156.875 4.0300226502735963e-28 0 0 -1.8292886306106086e-29
d 0 0 -3.8150023715178884e-28 0 0 -3.211646154283585e-30 157.1875 157.1875 4.0300310675449978e-28 0 0 -1.829122341976545e-29
d 0 0 -3.8150193610486501e-28 0 0 -3.2124455276863158e-30 157.5 157.5 4.0300394709102858e-28 0 0 -1.8289565437083248e-29
d 0 0 -3.8150532432538542e-28 0 0 -3.1644607838421081e-30 158.125 158.125 4.0300562370460598e-28 0 0 -1.8286264105946773e-29
d 0 0 -3.8150869973414803e-28 0 0 -3.2059687711658662e-30 158.75 158.75 4.0300729507825176e-28 0 0 -1.8282982152834758e-29
d 0 0 -3.8151206245286557e-28 0 0 -3.215824727084084e-30 159.375 159.375 4.0300896140095175e-28 0 0 -1.827971940902701e-29
d 0 0 -3.8151541260179319e-28 0 0 -3.2186370967754077e-30 160 160 4.0301062284315125e-28 0 0 -1.8276475698774683e-29
d 0 0 -3.8151708299971771e-28 0 0 -3.2099707384969381e-30 160.3125 160.3125 4.0301145178280889e-28 0 0 -1.8274860924825436e-29
d 0 0 -3.8151875029951994e-28 0 0 -3.2145786722333039e-30 160.625 160.625 4.0301227955896402e-28 0 0 -1.8273250841072975e-29
d 0 0 -3.8152041451571346e-28 0 0 -3.2177550679783275e-30 160.9375 160.9375 4.0301310618863369e-28 0 0 -1.8271645424355012e-29
d 0 0 -3.815220756626656e-28 0 0 -3.2199849395303572e-30 161.25 161.25 4.0301393168803011e-28 0 0 -1.8270044651394991e-29
d 0 0 -3.8152373375458503e-28 0 0 -3.221604811448143e-30 161.5625 161.5625 4.0301475607260382e-28 0 0 -1.8268448498853112e-29
d 0 0 -3.8152538880550873e-28 0 0 -3.2228444879648291e-30 161.875 161.875 4.0301557935708336e-28 0 0 -1.8266856943375592e-29
d 0 0 -3.8152704082928919e-28 0 0 -3.2238568522663335e-30 162.1875 162.1875 4.0301640155551201e-28 0 0 -1.8265269961641778e-29
d 0 0 -3.8152868983958206e-28 0 0 -3.2247397044266996e-30 162.5 162.5 4.030172226812822e-28 0 0 -1.8263687530408644e-29
d 0 0 -3.81530335849835e-28 0 0 -3.2255523884473161e-30 162.8125 162.8125 4.0301804274716718e-28 0 0 -1.8262109626552249e-29
d 0 0 -3.8153197887327695e-28 0 0 -3.2263287508708161e-30 163.125 163.125 4.0301886176535117e-28 0 0 -1.8260536227105661e-29
d 0 0 -3.8153361892290952e-28 0 0 -3.2270868138922148e-30 163.4375 163.4375 4.0301967974745735e-28 0 0 -1.8258967309293177e-29
d 0 0 -3.8153525601149961e-28 0 0 -3.2278354961206738e-30 163.75 163.75 4.0302049670457474e-28 0 0 -1.8257402850560404e-29
d 0 0 -3.8153689015157366e-28 0 0 -3.2285788988646974e-30 164.0625 164.0625 4.0302131264728361e-28 0 0 -1.8255842828600195e-29
d 0 0 -3.8153852135541416e-28 0 0 -3.2293187739087481e-30 164.375 164.375 4.0302212758567984e-28 0 0 -1.825428722137428e-29
d 0 0 -3.815401496350575e-28 0 0 -3.2300558200662749e-30 164.6875 164.6875 4.0302294152939842e-28 0 0 -1.825273600713069e-29
d 0 0 -3.8154177500229412e-28 0 0 -3.2307903029689227e-30 165 165 4.0302375448763599e-28 0 0 -1.8251189164417155e-29
d 0 0 -3.8154339746866988e-28 0 0 -3.1413590126104457e-30 165.3125 165.3125 4.030245664691727e-28 0 0 -1.8249646672090597e-29
d 0 0 -3.815450170454896e-28 0 0 -3.197714945866335e-30 165.625 165.625 4.0302537748239329e-28 0 0 -1.8248108509323025e-29
d 0 0 -3.8154663374382143e-28 0 0 -3.2189565834567962e-30 165.9375 165.9375 4.0302618753530745e-28 0 0 -1.8246574655604307e-29
d 0 0 -3.8154824757450299e-28 0 0 -3.2278031914843947e-30 166.25 166.25 4.0302699663556976e-28 0 0 -1.8245045090741837e-29
d 0 0 -3.8154985854814818e-28 0 0 -3.2319186338217712e-30 166.5625 166.5625 4.0302780479049842e-28 0 0 -1.8243519794857796e-29
d 0 0 -3.8155146667515527e-28 0 0 -3.2351465845001894e-30 166.875 166.875 4.0302861200709154e-28 0 0 -1.8241998748384107e-29
d 0 0 -3.8155307196571544e-28 0 0 -3.2358643949476301e-30 167.1875 167.1875 4.0302941829202367e-28 0 0 -1.8240481932055583e-29
d 0 0 -3.8155467442982182e-28 0 0 -3.2365798954281899e-30 167.5 167.5 4.0303022365176502e-28 0 0 -1.8238969326901337e-29
d 0 0 -3.8155627407727926e-28 0 0 -3.237293101131205e-30 167.8125 167.8125 4.03031028092443e-28 0 0 -1.8237460914235027e-29
d 0 0 -3.815578709177141e-28 0 0 -3.2380040267108935e-30 168.125 168.125 4.0303183161995468e-28 0 0 -1.8235956675643918e-29
d 0 0 -3.8155946496058408e-28 0 0 -3.2387126864728437e-30 168.4375 168.4375 4.0303263423996068e-28 0 0 -1.8234456592977153e-29
d 0 0 -3.8156105621518863e-28 0 0 -3.2394190944335316e-30 168.75 168.75 4.0303343595789929e-28 0 0 -1.8232960648333372e-29
d 0 0 -3.8156264469067865e-28 0 0 -3.2401232643196798e-30 169.0625 169.0625 4.0303423677899962e-28 0 0 -1.8231468824047812e-29
d 0 0 -3.8156423039606657e-28 0 0 -3.240825209582109e-30 169.375 169.375 4.0303503670829419e-28 0 0 -1.8229981102679153e-29
d 0 0 -3.8156581334023587e-28 0 0 -3.2415249434258489e-30 169.6875 169.6875 4.0303583575063081e-28 0 0 -1.8228497466996208e-29
d 0 0 -3.8156739353195078e-28 0 0 -3.2422224787918613e-30 170 170 4.0303663391070724e-28 0 0 -1.8227017899964599e-29
d 0 0 -3.8159230907953241e-28 0 0 -3.2530938477060997e-30 175 175 4.0304928776627748e-28 0 0 -1.8203884839038949e-29
d 0 0 -3.81593843742238e-28 0 0 -3.2537558113356395e-30 175.3125 175.3125 4.0305007151755733e-28 0 0 -1.8202471966837922e-29
d 0 0 -3.8159537579806967e-28 0 0 -3.2544157770582578e-30 175.625 175.625 4.030508544505166e-28 0 0 -1.8201062877735652e-29
d 0 0 -3.8159690525473582e-28 0 0 -3.2550737586398196e-30 175.9375 175.9375 4.0305163656795445e-28 0 0 -1.8199657556559067e-29
d 0 0 -3.8159843211992028e-28 0 0 -3.2557297662246585e-30 176.25 176.25 4.0305241787261575e-28 0 0 -1.8198255988181391e-29
d 0 0 -3.8159995640128282e-28 0 0 -3.2563838098989378e-30 176.5625 176.5625 4.0305319836719362e-28 0 0 -1.8196858157521188e-29
d 0 0 -3.816014781064593e-28 0 0 -3.2570358996867429e-30 176.875 176.875 4.0305397805433126e-28 0 0 -1.8195464049541714e-29
d 0 0 -3.8160299724306166e-28 0 0 -3.2576860456935672e-30 177.1875 177.1875 4.0305475693662391e-28 0 0 -1.8194073649250663e-29
d 0 0 -3.8160451381867768e-28 0 0 -3.2583342575097608e-30 177.5 177.5 4.0305553501662063e-28 0 0 -1.8192686941700155e-29
d 0 0 -3.816060278408705e-28 0 0 -3.2589805451398288e-30 177.8125 177.8125 4.030563122968257e-28 0 0 -1.8191303911987014e-29
d 0 0 -3.8160753931717808e-28 0 0 -3.259624918361344e-30 178.125 178.125 4.0305708877970001e-28 0 0 -1.8189924545253239e-29
d 0 0 -3.8161055466215895e-28 0 0 -3.2609079594054834e-30 178.75 178.75 4.0305863936308994e-28 0 0 -1.8187176741521703e-29
d 0 0 -3.8161205854577501e-28 0 0 -3.2615466484173876e-30 179.0625 179.0625 4.030594134683207e-28 0 0 -1.8185808275040479e-29
d 0 0 -3.8161355991338922e-28 0 0 -3.2621834605545905e-30 179.375 179.375 4.030601867856525e-28 0 0 -1.8184443412573663e-29
d 0 0 -3.8161505877240028e-28 0 0 -3.2628184062651874e-30 179.6875 179.6875 4.0306095931734481e-28 0 0 -1.8183082139501693e-29
d 0 0 -3.8161655513017536e-28 0 0 -3.2634514949688748e-30 180 180 4.0306173106561895e-28 0 0 -1.8181724441255992e-29
d 0 0 -3.8164016255183648e-28 0 0 -3.2733358326884793e-30 185 185 4.03073974161003e-28 0 0 -1.8160475775295727e-29
d 0 0 -3.8164307002678527e-28 0 0 -3.274539952481396e-30 185.625 185.625 4.0307549087832427e-28 0 0 -1.8157880899057622e-29
d 0 0 -3.8164596802314296e-28 0 0 -3.2757373177226248e-30 186.25 186.25 4.0307700460154802e-28 0 0 -1.8155299260679102e-29
d 0 0 -3.8164741348256815e-28 0 0 -3.2763311457260066e-30 186.5625 186.5625 4.0307776034383923e-28 0 0 -1.8154013372557048e-29
d 0 0 -3.8164885659102858e-28 0 0 -3.2769258368675931e-30 186.875 186.875 4.0307851534165196e-28 0 0 -1.8152730754304166e-29
d 0 0 -3.816502973545559e-28 0 0 -3.2775188597629137e-30 187.1875 187.1875 4.0307926959621131e-28 0 0 -1.8151451392892056e-29
d 0 0 -3.816517357790768e-28 0 0 -3.2781102235922857e-30 187.5 187.5 4.0308002310867694e-28 0 0 -1.8150175275377284e-29
d 0 0 -3.8165317187040576e-28 0 0 -3.2786999373061269e-30 187.8125 187.8125 4.0308077588013878e-28 0 0 -1.8148902388903416e-29
d 0 0 -3.8165460563423703e-28 0 0 -3.2792880098680196e-30 188.125 188.125 4.0308152791161215e-28 0 0 -1.8147632720703307e-29
d 0 0 -3.8165603707613567e-28 0 0 -3.2798744499161973e-30 188.4375 188.4375 4.0308227920403255e-28 0 0 -1.8146366258101522e-29
d 0 0 -3.8165746620152764e-28 0 0 -3.2804592660649252e-30 188.75 188.75 4.0308302975824955e-28 0 0 -1.8145102988517063e-29
d 0 0 -3.8165889301568876e-28 0 0 -3.2810424669207667e-30 189.0625 189.0625 4.030837795750199e-28 0 0 -1.8143842899466338e-29
d 0 0 -3.816603175237322e-28 0 0 -3.2816240610039551e-30 189.375 189.375 4.0308452865499997e-28 0 0 -1.8142585978566466e-29
d 0 0 -3.8166173973059438e-28 0 0 -3.2822040565876274e-30 189.6875 189.6875 4.0308527699873685e-28 0 0 -1.8141332213539018e-29
d 0 0 -3.8166315964101917e-28 0 0 -3.282782462099955e-30 190 190 4.0308602460665845e-28 0 0 -1.8140081592214147e-29
d 0 0 -3.8166457725953997e-28 0 0 -3.2833592857748696e-30 190.3125 190.3125 4.0308677147906238e-28 0 0 -1.8138834102535328e-29
d 0 0 -3.8166599259045918e-28 0 0 -3.2839345358898531e-30 190.625 190.625 4.0308751761610273e-28 0 0 -1.8137589732564638e-29
d 0 0 -3.8166740563782493e-28 0 0 -3.2845083095264518e-30 190.9375 190.9375 4.0308826301777555e-28 0 0 -1.813634847048892e-29
d 0 0 -3.8166881640540431e-28 0 0 -3.2850804283299868e-30 191.25 191.25 4.0308900768390173e-28 0 0 -1.8135110304626684e-29
d 0 0 -3.8167022489665266e-28 0 0 -3.2856509985344374e-30 191.5625 191.5625 4.0308975161410753e-28 0 0 -1.8133875223436157e-29
d 0 0 -3.8167163111467806e-28 0 0 -3.2862200281238805e-30 191.875 191.875 4.0309049480780171e-28 0 0 -1.8132643215524559e-29
d 0 0 -3.8167303506219996e-28 0 0 -3.2867875251125149e-30 192.1875 192.1875 4.030912372641494e-28 0 0 -1.8131414269658848e-29
d 0 0 -3.8167443674150134e-28 0 0 -3.2873534973890603e-30 192.5 192.5 4.0309197898204128e-28 0 0 -1.8130188374778324e-29
d 0 0 -3.8167583615437208e-28 0 0 -3.2879179528554115e-30 192.8125 192.8125 4.0309271996005744e-28 0 0 -1.8128965520009362e-29
d 0 0 -3.8167723330204305e-28 0 0 -3.2884808993735738e-30 193.125 193.125 4.0309346019642492e-28 0 0 -1.8127745694682814e-29
d 0 0 -3.8167862818510723e-28 0 0 -3.2890423449272196e-30 193.4375 193.4375 4.0309419968896745e-28 0 0 -1.812652888835466e-29
d 0 0 -3.8168002080342646e-28 0 0 -3.2896022973876673e-30 193.75 193.75 4.0309493843504527e-28 0 0 -1.8125315090830619e-29
d 0 0 -3.8168141115601907e-28 0 0 -3.2901607646468434e-30 194.0625 194.0625 4.030956764314834e-28 0 0 -1.8124104292195736e-29
d 0 0 -3.8168279924092487e-28 0 0 -3.2907177546527203e-30 194.375 194.375 4.0309641367448445e-28 0 0 -1.8122896482850111e-29
d 0 0 -3.816841850550404e-28 0 0 -3.2912732754126248e-30 194.6875 194.6875 4.0309715015952335e-28 0 0 -1.8121691653552446e-29
d 0 0 -3.8168556859391766e-28 0 0 -3.291827334998657e-30 195 195 4.0309788588121767e-28 0 0 -1.8120489795473422e-29
d 0 0 -3.8168694985151483e-28 0 0 -3.2923799415080181e-30 195.3125 195.3125 4.0309862083316771e-28 0 0 -1.811929090026185e-29
d 0 0 -3.816883288198858e-28 0 0 -3.2929311032294735e-30 195.625 195.625 4.0309935500775704e-28 0 0 -1.8118094960127176e-29
d 0 0 -3.8168970548878882e-28 0 0 -3.293480828601531e-30 195.9375 195.9375 4.0310008839590105e-28 0 0 -1.8116901967943668e-29
d 0 0 -3.8169107984518764e-28 0 0 -3.2940291678838718e-30 196.25 196.25 4.0310082098672649e-28 0 0 -1.81157119173833e-29
d 0 0 -3.8169245187260846e-28 0 0 -3.2945760416880825e-30 196.5625 196.5625 4.0310155276715874e-28 0 0 -1.8114524803087278e-29
d 0 0 -3.8169382155029918e-28 0 0 -3.2951215062984508e-30 196.875 196.875 4.0310228372138139e-28 0 0 -1.8113340620890595e-29
d 0 0 -3.8169518885211352e-28 0 0 -3.2956655713046326e-30 197.1875 197.1875 4.0310301383012e-28 0 0 -1.8112159368120318e-29
d 0 0 -3.816965537450049e-28 0 0 -3.2962082468920211e-30 197.5 197.5 4.031037430696747e-28 0 0 -1.8110981043998565e-29
d 0 0 -3.8169791618695491e-28 0 0 -3.2967495439786398e-30 197.8125 197.8125 4.0310447141059028e-28 0 0 -1.8109805650197359e-29
d 0 0 -3.8169927612406163e-28 0 0 -3.2972894745472974e-30 198.125 198.125 4.0310519881578681e-28 0 0 -1.8108633191619213e-29
d 0 0 -3.8170063348634458e-28 0 0 -3.2978280519573562e-30 198.4375 198.4375 4.0310592523786674e-28 0 0 -1.810746367752266e-29
d 0 0 -3.8170198818152656e-28 0 0 -3.2983652915318243e-30 198.75 198.75 4.0310665061512355e-28 0 0 -1.8106297123192237e-29
d 0 0 -3.8170334008550118e-28 0 0 -3.298901215440429e-30 199.0625 199.0625 4.0310737486542421e-28 0 0 -1.8105133552500636e-29
d 0 0 -3.8170468902712942e-28 0 0 -3.2994358372708482e-30 199.375 199.375 4.0310809787645274e-28 0 0 -1.810397300199876e-29
d 0 0 -3.8170603476279896e-28 0 0 -3.2999691905207797e-30 199.6875 199.6875 4.0310881948938692e-28 0 0 -1.8102815527765833e-29
d 0 0 -3.8170737693126528e-28 0 0 -3.1746047465844145e-30 200 200 4.0310953946992636e-28 0 0 -1.8101661217579852e-29
d 0 0 -3.8170871496728419e-28 0 0 -3.196958368728348e-30 200.3125 200.3125 4.0311025745289063e-28 0 0 -1.8100510214215475e-29
d 0 0 -3.8171004791955172e-28 0 0 -3.2188665402550914e-30 200.625 200.625 4.0311097282544809e-28 0 0 -1.8099362764604876e-29
d 0 0 -3.8171137401252981e-28 0 0 -3.2414401105135529e-30 200.9375 200.9375 4.0311168444611407e-28 0 0 -1.8098219338283712e-29
d 0 0 -3.8171268936918488e-28 0 0 -3.2666150122477612e-30 201.25 201.25 4.0311238982575502e-28 0 0 -1.8097080973088631e-29
d 0 0 -3.8171398299435732e-28 0 0 -3.2947848373785768e-30 201.5625 201.5625 4.0311308191135165e-28 0 0 -1.8095950635128788e-29
d 0 0 -3.8171520736226893e-28 0 0 -3.3036655247327418e-30 201.875 201.875 4.0311373023254671e-28 0 0 -1.8094841216098084e-29
d 0 0 -3.8171575245255963e-28 0 0 -3.3039535989211719e-30 202.03125 202.03125 4.0311387843313327e-28 0 0 -1.8094305570423479e-29
d 0 0 -3.8171626611052778e-28 0 0 -3.3042278044715673e-30 202.1875 202.1875 4.0311427301729983e-28 0 0 -1.8093779102289731e-29
d 0 0 -3.8171729016926715e-28 0 0 -3.3047746554019459e-30 202.5 202.5 4.0311479416041718e-28 0 0 -1.809272893689006e-29
d 0 0 -3.8172232088745962e-28 0 0 -3.3068709068985055e-30 203.75 203.75 4.031174831261521e-28 0 0 -1.8088291331793971e-29
d 0 0 -3.8172363381896767e-28 0 0 -3.3073866888323206e-30 204.0625 204.0625 4.0311819229384472e-28 0 0 -1.8087171786044741e-29
d 0 0 -3.8172494849571304e-28 0 0 -3.3079008815038068e-30 204.375 204.375 4.0311890320066814e-28 0 0 -1.8086053823451292e-29
d 0 0 -3.8172626368586139e-28 0 0 -3.3084135904015522e-30 204.6875 204.6875 4.0311961505666011e-28 0 0 -1.8084937780397145e-29
d 0 0 -3.8172757868396567e-28 0 0 -3.3089248783340214e-30 205 205 4.0312032740858874e-28 0 0 -1.8083823846289039e-29
d 0 0 -3.8173020649465595e-28 0 0 -3.3099433444785608e-30 205.625 205.625 4.0312175256277076e-28 0 0 -1.8081602723636288e-29
d 0 0 -3.8173151881439789e-28 0 0 -3.310450573508181e-30 205.9375 205.9375 4.0312246504570631e-28 0 0 -1.8080495657209619e-29
d 0 0 -3.8173282986472068e-28 0 0 -3.3109564925266403e-30 206.25 206.25 4.0312317732730025e-28 0 0 -1.8079390969600522e-29
d 0 0 -3.8173413953834369e-28 0 0 -3.3114611152392407e-30 206.5625 206.5625 4.031238893368587e-28 0 0 -1.8078288682923425e-29
d 0 0 -3.8173544775411192e-28 0 0 -3.2751751289095059e-30 206.875 206.875 4.0312460102039061e-28 0 0 -1.8077188811986287e-29
d 0 0 -3.8173675444949773e-28 0 0 -3.2793014871392076e-30 207.1875 207.1875 4.031253123358141e-28 0 0 -1.8076091366394509e-29
d 0 0 -3.8173805957560674e-28 0 0 -3.2828806302875514e-30 207.5 207.5 4.0312602324976445e-28 0 0 -1.8074996351953352e-29
d 0 0 -3.8173936309374886e-28 0 0 -3.2860254384706484e-30 207.8125 207.8125 4.0312673373540226e-28 0 0 -1.807390377163206e-29
d 0 0 -3.8174066497302063e-28 0 0 -3.288819359163898e-30 208.125 208.125 4.0312744377086897e-28 0 0 -1.8072813626244069e-29
d 0 0 -3.8174196518856221e-28 0 0 -3.2913260620971667e-30 208.4375 208.4375 4.0312815333817285e-28 0 0 -1.8071725914937783e-29
d 0 0 -3.817432637202745e-28 0 0 -3.2935948958164188e-30 208.75 208.75 4.0312886242236947e-28 0 0 -1.8070640635558224e-29
d 0 0 -3.8174456055185845e-28 0 0 -3.295664625001939e-30 209.0625 209.0625 4.0312957101094825e-28 0 0 -1.806955778491797e-29
d 0 0 -3.8174585567008404e-28 0 0 -3.2975662172342967e-30 209.375 209.375 4.0313027909336538e-28 0 0 -1.8068477359003446e-29
d 0 0 -3.8174714906422627e-28 0 0 -3.2993244843657959e-30 209.6875 209.6875 4.0313098666068376e-28 0 0 -1.8067399353134246e-29
d 0 0 -3.8174844072562384e-28 0 0 -3.3009596733570811e-30 210 210 4.0313169370529104e-28 0 0 -1.8066323762087648e-29
d 0 0 -3.8176886901566062e-28 0 0 -3.3246255935496463e-30 215 215 4.0314293197444706e-28 0 0 -1.8049437365236793e-29
d 0 0 -3.8178885128977159e-28 0 0 -3.3320366079822407e-30 220 220 4.0315402613933494e-28 0 0 -1.8033138241580559e-29
d 0 0 -3.8179377847122969e-28 0 0 -3.3338470170282018e-30 221.25 221.25 4.0315677707474911e-28 0 0 -1.8029151586491193e-29
d 0 0 -3.8179867872970595e-28 0 0 -3.3356410453135406e-30 222.5 222.5 4.0315951900654236e-28 0 0 -1.8025199231522771e-29
d 0 0 -3.8180839934026085e-28 0 0 -3.3391810254127482e-30 225 225 4.0316497594854258e-28 0 0 -1.8017395582868963e-29
d 0 0 -3.8181801475758584e-28 0 0 -3.3426586352334834e-30 227.5 227.5 4.031703971006838e-28 0 0 -1.8009723707864508e-29
d 0 0 -3.8182752635066493e-28 0 0 -3.346075915247698e-30 230 230 4.0317578244520085e-28 0 0 -1.8002180179288246e-29
d 0 0 -3.8182988813955307e-28 0 0 -3.3469210476874052e-30 230.625 230.625 4.0317712315499727e-28 0 0 -1.800031396775677e-29
d 0 0 -3.8183224349850849e-28 0 0 -3.3477625700226173e-30 231.25 231.25 4.031784615953805e-28 0 0 -1.7998455526849379e-29
d 0 0 -3.8183693491077313e-28 0 0 -3.3494349190759787e-30 232.5 232.5 4.0318113160163868e-28 0 0 -1.7994761771789543e-29
d 0 0 -3.8184160046646388e-28 0 0 -3.3510932433031208e-30 233.75 233.75 4.0318379227221214e-28 0 0 -1.7991098562445128e-29
d 0 0 -3.8184623982500791e-28 0 0 -3.3527378529740797e-30 235 235 4.0318644326879574e-28 0 0 -1.7987465590811285e-29
d 0 0 -3.8185085222016347e-28 0 0 -3.3543691152630184e-30 236.25 236.25 4.0318908396740337e-28 0 0 -1.7983862631965083e-29
d 0 0 -3.818554359464297e-28 0 0 -3.3559875182323353e-30 237.5 237.5 4.0319171311160797e-28 0 0 -1.7980289646945935e-29
d 0 0 -3.8185998681483627e-28 0 0 -3.3575938539412642e-30 238.75 238.75 4.0319432776983894e-28 0 0 -1.7976747101060856e-29
d 0 0 -3.8186449235258537e-28 0 0 -3.3591898924872262e-30 240 240 4.0319691941743405e-28 0 0 -1.7973237172361435e-29
d 0 0 -3.8186891209141726e-28 0 0 -3.3607807323866982e-30 241.25 241.25 4.0319946059656293e-28 0 0 -1.7969767772759001e-29
d 0 0 -3.8187104157150347e-28 0 0 -3.3613437771719438e-30 241.875 241.875 4.032006796125863e-28 0 0 -1.7968057894699581e-29
d 0 0 -3.8187301886515547e-28 0 0 -3.3623941653086748e-30 242.5 242.5 4.032017980607385e-28 0 0 -1.7966385032429601e-29
d 0 0 -3.8188705662798748e-28 0 0 -3.4005776965212753e-30 245 245 4.0339783716712581e-28 0 0 -1.8110202842617044e-29
d 0 0 -3.8190039567336528e-28 0 0 -3.407377020737356e-30 250 250 4.0340566255018985e-28 0 0 -1.8097889851893074e-29
d 0 0 -3.819134599143133e-28 0 0 -3.4131381892504951e-30 255 255 4.0341311759300819e-28 0 0 -1.8085737178910517e-29
d 0 0 -3.819262848310833e-28 0 0 -3.4124387763606046e-30 260 260 4.0342041010384584e-28 0 0 -1.8073792580678146e-29
d 0 0 -3.8193889574491592e-28 0 0 -3.4266722859553882e-30 265 265 4.0342760490263089e-28 0 0 -1.8062036861285904e-29
d 0 0 -3.8195130233509907e-28 0 0 -3.4328397869239706e-30 270 270 4.034347242900751e-28 0 0 -1.8050493486661938e-29
d 0 0 -3.8196351751788336e-28 0 0 -3.4390678761580425e-30 275 275 4.0344180486972028e-28 0 0 -1.8039219319503647e-29
d 0 0 -3.8197556176660832e-28 0 0 -3.4451046953868939e-30 280 280 4.0344933224988626e-28 0 0 -1.8028665785150205e-29
d 0 0 -3.8198763322389984e-28 0 0 -3.4516796156053932e-30 285 285 4.0346542543814651e-28 0 0 -1.8026112598543317e-29
d 0 0 -3.8200109380719908e-28 0 0 -3.4634360752015068e-30 290 290 4.0354676045777857e-28 0 0 -1.8082230575377997e-29
d 0 0 -3.8201415717830388e-28 0 0 -3.4743156776157334e-30 295 295 4.0361633900571885e-28 0 0 -1.8127866149803796e-29
d 0 0 -3.8202573976576472e-28 0 0 -3.480552658323988e-30 300 300 4.0363017771913563e-28 0 0 -1.8123885295046901e-29
d 0 0 -3.8203702736349166e-28 0 0 -3.486181330739392e-30 305 305 4.0363821882996962e-28 0 0 -1.8115010135738582e-29
d 0 0 -3.8204825793373837e-28 0 0 -3.4920093179679807e-30 310 310 4.0365012625982046e-28 0 0 -1.81098590081141e-29
d 0 0 -3.820592342140846e-28 0 0 -3.4973070819659973e-30 315 315 4.0365869427941927e-28 0 0 -1.8102152983368677e-29
d 0 0 -3.8207023620104844e-28 0 0 -3.5029061072414793e-30 320 320 4.0367975729691973e-28 0 0 -1.8106614988641128e-29
d 0 0 -3.8208135691152251e-28 0 0 -3.5090025548703014e-30 325 325 4.0372064422503216e-28 0 0 -1.8130284758643322e-29
d 0 0 -3.8209217578160076e-28 0 0 -3.5145973169417592e-30 330 330 4.0374728945099238e-28 0 0 -1.8140516352449845e-29
d 0 0 -3.8210266718549037e-28 0 0 -3.5196215140923335e-30 335 335 4.0375825725927661e-28 0 0 -1.8135968559694278e-29
d 0 0 -3.821129853491425e-28 0 0 -3.524439676975938e-30 340 340 4.0376565662046957e-28 0 0 -1.8128231594351167e-29
d 0 0 -3.8212317179141816e-28 0 0 -3.5291487952969102e-30 345 345 4.0377246693919537e-28 0 0 -1.8120146352490721e-29
d 0 0 -3.8213324390044489e-28 0 0 -3.533788481520825e-30 350 350 4.0377973606638677e-28 0 0 -1.8112703685266718e-29
d 0 0 -3.8214320015265559e-28 0 0 -3.5383525503944714e-30 355 355 4.0378711052221221e-28 0 0 -1.810555783789302e-29
d 0 0 -3.8215302537061577e-28 0 0 -3.5428014349619206e-30 360 360 4.0379331100536136e-28 0 0 -1.8097484209013622e-29
d 0 0 -3.8216273880406719e-28 0 0 -3.5471917598118343e-30 365 365 4.0379961579583519e-28 0 0 -1.8089685232204337e-29
d 0 0 -3.8217233510219924e-28 0 0 -3.5515681836849195e-30 370 370 4.0380589125759955e-28 0 0 -1.8081987971716017e-29
d 0 0 -3.8218182267546136e-28 0 0 -3.5559036657719694e-30 375 375 4.0381211636169033e-28 0 0 -1.8074390020456944e-29
d 0 0 -3.8219121081867945e-28 0 0 -3.5601531725937355e-30 380 380 4.0381827024180597e-28 0 0 -1.8066906250532814e-29
d 0 0 -3.8220050253917383e-28 0 0 -3.5643169381983616e-30 385 385 4.0382435901065962e-28 0 0 -1.8059539533287416e-29
d 0 0 -3.8220970015879183e-28 0 0 -3.5683988997664293e-30 390 390 4.0383038862553329e-28 0 0 -1.8052289566975095e-29
d 0 0 -3.8221880596821489e-28 0 0 -3.5724026070530973e-30 395 395 4.0383636304336645e-28 0 0 -1.8045154468098504e-29
d 0 0 -3.8222782227395458e-28 0 0 -3.5763311534944782e-30 400 400 4.0384228485957978e-28 0 0 -1.803813143213064e-29
d 0 0 -3.8223675143549628e-28 0 0 -3.5801871714802279e-30 405 405 4.0384815576311114e-28 0 0 -1.8031217156134463e-29
d 0 0 -3.8224559591228067e-28 0 0 -3.5839727942455562e-30 410 410 4.0385397679610902e-28 0 0 -1.8024408089582351e-29
d 0 0 -3.8225435832603637e-28 0 0 -3.5876895799178907e-30 415 415 4.0385974848284367e-28 0 0 -1.8017700576887818e-29
d 0 0 -3.8226304154389381e-28 0 0 -3.5913383949922003e-30 420 420 4.0386547085998165e-28 0 0 -1.8011090921088131e-29
d 0 0 -3.8227164878665163e-28 0 0 -3.5949192596013988e-30 425 425 4.038711434038093e-28 0 0 -1.8004575357524889e-29
d 0 0 -3.8228018376553361e-28 0 0 -3.5984311661031433e-30 430 430 4.0387676480752379e-28 0 0 -1.7998149875717323e-29
d 0 0 -3.8228865086518091e-28 0 0 -3.601871860590601e-30 435 435 4.0388233250946669e-28 0 0 -1.7991809782577829e-29
d 0 0 -3.8229705546930761e-28 0 0 -3.6052374059354555e-30 440 440 4.0388784182241647e-28 0 0 -1.7985548937455602e-29
d 0 0 -3.8230540468297901e-28 0 0 -3.6085212760571055e-30 445 445 4.0389328444601306e-28 0 0 -1.7979358367012166e-29
d 0 0 -3.8231370896138636e-28 0 0 -3.6117086353764506e-30 450 450 4.0389864594730616e-28 0 0 -1.7973226052848545e-29
d 0 0 -3.823219846441862e-28 0 0 -3.6147008177120172e-30 455 455 4.0390390177847667e-28 0 0 -1.7967133538848275e-29
d 0 0 -3.8233025608551979e-28 0 0 -3.586491209279745e-30 460 460 4.0390901471439056e-28 0 0 -1.7961053260220347e-29
d 0 0 -3.82338547760857e-28 0 0 -3.6204559019003321e-30 465 465 4.0391395185518759e-28 0 0 -1.7954948169493374e-29
d 0 0 -3.8234685267447796e-28 0 0 -3.2811807064094563e-30 470 470 4.0391874378839954e-28 0 0 -1.7948777361358507e-29
d 0 0 -3.8235512885072983e-28 0 0 -2.8125165934636096e-30 475 475 4.0392350186550501e-28 0 0 -1.79425510079572e-29
d 0 0 -3.8236336198964261e-28 0 0 -1.8306672133431755e-30 480 480 4.0392830920955874e-28 0 0 -1.7936390383300815e-29
d 0 0 -3.8237156423193867e-28 0 0 -1.1525871559400666e-30 485 485 4.0393318623188592e-28 0 0 -1.7930395135272201e-29
d 0 0 -3.823797363957977e-28 0 0 -2.5994349879826439e-30 490 490 4.0393816686719175e-28 0 0 -1.792461982063086e-29
d 0 0 -3.8238788298730905e-28 0 0 -1.9210129157533372e-30 495 495 4.0394327889155484e-28 0 0 -1.7919091264002106e-29
d 0 0 -3.823960019963927e-28 0 0 -2.7409247123853595e-30 500 500 4.0394856789785162e-28 0 0 -1.7913843781105463e-29
d 0 0 -3.8240409869884975e-28 0 0 -2.2429266654867159e-30 505 505 4.0395407471174357e-28 0 0 -1.7908910396063631e-29
d 0 0 -3.8241217252460225e-28 0 0 -2.7262714415485145e-30 510 510 4.039598594564932e-28 0 0 -1.7904337957913049e-29
d 0 0 -3.824202285777358e-28 0 0 -2.5491044419714248e-30 515 515 4.0396598392473935e-28 0 0 -1.7900177246312669e-29
d 0 0 -3.8242826836333896e-28 0 0 -2.6378724693444954e-30 520 520 4.0397252815590216e-28 0 0 -1.7896493086984805e-29
d 0 0 -3.8243629556416693e-28 0 0 -2.8123951026311226e-30 525 525 4.0397958322418016e-28 0 0 -1.7893360600398335e-29
d 0 0 -3.8244431431167246e-28 0 0 -2.426335265057575e-30 530 530 4.0398725587591044e-28 0 0 -1.7890868464428023e-29
d 0 0 -3.8245232372224649e-28 0 0 -2.8426648651884183e-30 535 535 4.039956782031126e-28 0 0 -1.7889124931158006e-29
d 0 0 -3.8246032389511658e-28 0 0 -1.2808409034673447e-30 540 540 4.0400500069222447e-28 0 0 -1.7888254619599518e-29
d 0 0 -3.8246828850097754e-28 0 0 -2.7403004677750583e-30 545 545 4.0401542956565698e-28 0 0 -1.7888419996473294e-29
d 0 0 -3.8247617320867119e-28 0 0 -3.6589823432700329e-30 550 550 4.0402721440122415e-28 0 0 -1.7889814919727744e-29
d 0 0 -3.8248391473087128e-28 0 0 -3.1977425696489254e-30 555 555 4.040406519004947e-28 0 0 -1.7892667094931129e-29
d 0 0 -3.8249150450383587e-28 0 0 -3.6673055137376964e-30 560 560 4.0405600388104531e-28 0 0 -1.7897193852517736e-29
d 0 0 -3.8249898382908214e-28 0 0 -3.6708966940096745e-30 565 565 4.040735131879594e-28 0 0 -1.7903613143953897e-29
d 0 0 -3.8250640070959221e-28 0 0 -3.6748829058199466e-30 570 570 4.0409345940706051e-28 0 0 -1.7912175786330079e-29
d 0 0 -3.8251379467584823e-28 0 0 -3.6626972839712588e-30 575 575 4.0411617900685816e-28 0 0 -1.7923177625993907e-29
d 0 0 -3.8252119712280851e-28 0 0 -3.6837660920018779e-30 580 580 4.0414206823812565e-28 0 0 -1.7936962260590322e-29
d 0 0 -3.8252863452643492e-28 0 0 -3.6890189772464614e-30 585 585 4.0417158376941002e-28 0 0 -1.7953922704246017e-29
d 0 0 -3.8253613103167959e-28 0 0 -3.6946090673452252e-30 590 590 4.0420524480076719e-28 0 0 -1.7974504045556528e-29
d 0 0 -3.8254371014595987e-28 0 0 -3.7007194164405771e-30 595 595 4.042436367917917e-28 0 0 -1.7999207153551627e-29
d 0 0 -3.8255139583177522e-28 0 0 -3.7074273618331281e-30 600 600 4.0428741641988262e-28 0 0 -1.8028593215273157e-29
d 0 0 -3.8255921324977941e-28 0 0 -3.7148152825330675e-30 605 605 4.0433731749474918e-28 0 0 -1.8063288960524653e-29
d 0 0 -3.8256718930745119e-28 0 0 -3.7229758742512161e-30 610 610 4.0439415769696375e-28 0 0 -1.8103992514895308e-29
d 0 0 -3.8257535310341635e-28 0 0 -3.7320131196527004e-30 615 615 4.0445884610310388e-28 0 0 -1.8151479879990834e-29
d 0 0 -3.8258373632019053e-28 0 0 -3.7420431218335813e-30 620 620 4.0453239151921383e-28 0 0 -1.8206612077243564e-29
d 0 0 -3.8259237359734855e-28 0 0 -3.753195068899438e-30 625 625 4.0461591168416889e-28 0 0 -1.827034301803832e-29
d 0 0 -3.8260130290536607e-28 0 0 -3.7656123460095129e-30 630 630 4.0471064343569848e-28 0 0 -1.8343728184515661e-29
d 0 0 -3.8261056593369109e-28 0 0 -3.7794538006879098e-30 635 635 4.0481795396076308e-28 0 0 -1.8427934226683278e-29
d 0 0 -3.8262020850314734e-28 0 0 -3.7948951743825313e-30 640 640 4.0493935328250612e-28 0 0 -1.8524249605434429e-29
d 0 0 -3.8263028101156073e-28 0 0 -3.8121307192679501e-30 645 645 4.0507650817032052e-28 0 0 -1.8634096439491858e-29
d 0 0 -3.8264083892174391e-28 0 0 -3.8313750293705712e-30 650 650 4.0523125769907677e-28 0 0 -1.8759043747962321e-29
d 0 0 -3.8265194330201212e-28 0 0 -3.8528651079896914e-30 655 655 4.05405630729773e-28 0 0 -1.8900822319771182e-29
d 0 0 -3.8266366143084228e-28 0 0 -3.8768627199217804e-30 660 660 4.0560186563880215e-28 0 0 -1.9061341488038112e-29
d 0 0 -3.8267606747903951e-28 0 0 -3.9036570666554833e-30 665 665 4.0582243268927247e-28 0 0 -1.9242708143577478e-29
d 0 0 -3.8268924328494501e-28 0 0 -3.9335678436672132e-30 670 670 4.0607005951862918e-28 0 0 -1.944724839001691e-29
d 0 0 -3.8270327924098372e-28 0 0 -3.9669487482282769e-30 675 675 4.0634776031626871e-28 0 0 -1.9677532327056691e-29
d 0 0 -3.8271827531340013e-28 0 0 -4.0041915220533756e-30 680 680 4.0665886938795162e-28 0 0 -1.9936402552498107e-29
d 0 0 -3.8273434222157343e-28 0 0 -4.0457306321720522e-30 685 685 4.0700707995710111e-28 0 0 -2.0227007103355638e-29
d 0 0 -3.8275160280908466e-28 0 0 -4.0920487171212772e-30 690 690 4.0739648924490537e-28 0 0 -2.055283771869942e-29
d 0 0 -3.8277019364604846e-28 0 0 -4.1436829554083497e-30 695 695 4.0783165111237199e-28 0 0 -2.0917774510915171e-29
d 0 0 -3.8279026691152429e-28 0 0 -4.201232551131252e-30 700 700 4.0831763785189127e-28 0 0 -2.1326138389235742e-29
d 0 0 -3.8281199261657364e-28 0 0 -4.2653675803471249e-30 705 705 4.0886011310034131e-28 0 0 -2.1782752903420566e-29
d 0 0 -3.8283556124327046e-28 0 0 -4.336839504899222e-30 710 710 4.0946541832937085e-28 0 0 -2.2293017581201088e-29
d 0 0 -3.8286118689315617e-28 0 0 -4.4164937429768039e-30 715 715 4.1014067596895736e-28 0 0 -2.2862995332824452e-29
d 0 0 -3.828891110603501e-28 0 0 -4.5052847943096794e-30 720 720 4.1089391294587528e-28 0 0 -2.349951709121552e-29
d 0 0 -3.8291960716914053e-28 0 0 -4.6042945604567779e-30 725 725 4.1173420925637188e-28 0 0 -2.4210307526774593e-29
d 0 0 -3.8295298604231769e-28 0 0 -4.7147546838659168e-30 730 730 4.1267187711366257e-28 0 0 -2.5004136387478971e-29
d 0 0 -3.8298960249737372e-28 0 0 -4.8380739530055102e-30 735 735 4.1371867728441284e-28 0 0 -2.5891000834033649e-29
d 0 0 -3.8302986332500773e-28 0 0 -4.9758720716840248e-30 740 740 4.1488808107407177e-28 0 0 -2.6882345677379978e-29
d 0 0 -3.8307423706368877e-28 0 0 -5.130021364747208e-30 745 745 4.1619559123673097e-28 0 0 -2.7991332808294987e-29
d 0 0 -3.8312326638741787e-28 0 0 -5.3026984168735462e-30 750 750 4.1765914717571477e-28 0 0 -2.9233182371423341e-29
d 0 0 -3.8317758460769196e-28 0 0 -5.4964486863711283e-30 755 755 4.1929966077599601e-28 0 0 -3.0625627481932872e-29
d 0 0 -3.8323793830200571e-28 0 0 -5.7142684637204638e-30 760 760 4.2114174522552789e-28 0 0 -3.2189538459801735e-29
d 0 0 -3.8330521748692635e-28 0 0 -5.9597123780235857e-30 765 765 4.2321468568440833e-28 0 0 -3.3949755819458434e-29
d 0 0 -3.8338049347831401e-28 0 0 -6.2370450555745606e-30 770 770 4.2555367550105827e-28 0 0 -3.5936136967169744e-29
d 0 0 -3.834650668513313e-28 0 0 -6.5514323259655729e-30 775 775 4.2820137631223701e-28 0 0 -3.8184877134940152e-29
d 0 0 -3.8356053016894973e-28 0 0 -6.9092000225436315e-30 780 780 4.3120996624226422e-28 0 0 -4.0740236050770879e-29
d 0 0 -3.8366885409823431e-28 0 0 -7.3181833033071194e-30 785 785 4.3464394514596264e-28 0 0 -4.365690774442123e-29
d 0 0 -3.8379250807739568e-28 0 0 -7.7882091688415838e-30 790 790 4.385840591554655e-28 0 0 -4.7003341909228268e-29
d 0 0 -3.8393463138254226e-28 0 0 -8.3317767892225983e-30 795 795 4.4313286197532077e-28 0 0 -5.0866453803555878e-29
d 0 0 -3.8409927942392753e-28 0 0 -8.9650361927757387e-30 800 800 4.4842272326237672e-28 0 0 -5.5358407645673455e-29
d 0 0 -3.8429178586697091e-28 0 0 -9.7092273516740394e-30 805 805 4.5462760833441428e-28 0 0 -6.0626595115769329e-29
d 0 0 -3.845193086694806e-28 0 0 -1.0592849766269168e-29 810 810 4.6198085232374602e-28 0 0 -6.6868693887996255e-29
d 0 0 -3.8479167786143447e-28 0 0 -1.1655028874564546e-29 815 815 4.7080278197766121e-28 0 0 -7.4356075241662254e-29
d 0 0 -3.8512275705096009e-28 0 0 -1.2950916964165948e-29 820 820 4.8154513154283792e-28 0 0 -8.3471457527711855e-29
d 0 0 -3.8553271804264706e-28 0 0 -1.4560704193372898e-29 825 825 4.9486536914464561e-28 0 0 -9.4771946908625657e-29
d 0 0 -3.8605202275061902e-28 0 0 -1.6605367454875686e-29 830 830 5.117570707273104e-28 0 0 -1.0909968052181568e-28
d 0 0 -3.8672879541854746e-28 0 0 -1.9275775778728989e-29 835 835 5.3379181025518436e-28 0 0 -1.2778723905790788e-28
d 0 0 -3.876434359152562e-28 0 0 -2.2890286392573045e-29 840 840 5.6359946594319727e-28 0 0 -1.5306574363536804e-28
d 0 0 -3.8894017519797709e-28 0 0 -2.8018985121400576e-29 845 845 6.0590581428989924e-28 0 0 -1.8894665397052159e-28
d 0 0 -3.90903399362984e-28 0 0 -3.5784220965918731e-29 850 850 6.7003763371895679e-28 0 0 -2.4335001339005474e-28
d 0 0 -3.941752585319365e-28 0 0 -4.8718280625016441e-29 855 855 7.7703948788240968e-28 0 0 -3.3414594872549135e-28
d 0 0 -4.0056389384769722e-28 0 0 -7.3948973250756533e-29 860 860 9.8604141184289601e-28 0 0 -5.1152854474444236e-28
d 0 0 -4.1793266588598701e-28 0 0 -1.4243521137051113e-28 865 865 1.5536761367281482e-27 0 0 -9.9330825947164995e-28
d 0 0 -6.2292258722301962e-28 0 0 -9.4634164584270756e-28 870 870 8.216529782686969e-27 0 0 -6.6472655496212614e-27
d 0 0 -1.1079276913834983e-27 0 0 -2.8407147847783462e-27 870.625 870.625 2.3908416190796892e-26 0 0 -1.9959773714635049e-26
d 0 0 -7.9913629953605599e-27 0 0 -2.9676424450620437e-26 870.9375 870.9375 2.4606476187381071e-25 0 0 -2.0839697442782973e-25
d 0 0 -2.4212978783358509e-26 0 0 -9.2898922475235888e-26 870.9765625 870.9765625 7.6926844692487635e-25 0 0 -6.52156545666282e-25
d 0 0 -1.489269603060834e-25 0 0 -5.7885441245948185e-25 871.015625 871.015625 4.7893161354623121e-24 0 0 -4.0615347626967464e-24
d 0 0 -1.334727267014849e-24 0 0 -5.198094431654382e-24 871.0546875 871.0546875 4.2983129202816014e-23 0 0 -3.6450307504146782e-23
d 0 0 -1.2719464725238335e-23 0 0 -4.953358066911331e-23 871.09375 871.09375 4.0937750743521391e-22 0 0 -3.4712446204086225e-22
d 0 0 -1.2353635684454013e-22 0 0 -4.809543187911129e-22 871.1328125 871.1328125 3.9728182350518851e-21 0 0 -3.3683275594162319e-21
d 0 0 -1.4270324301970873e-21 0 0 -5.5539075036137009e-21 871.171875 871.171875 4.5850633898199068e-20 0 0 -3.8869693964388278e-20
d 0 0 -1.883578320576815e-20 0 0 -7.3281153557243515e-20 871.2109375 871.2109375 6.0460810148637911e-19 0 0 -5.1249116472336741e-19
d 0 0 -4.4459653548352713e-20 0 0 -1.72950486141356e-19 871.220703125 871.220703125 1.4266390971088398e-18 0 0 -1.2092289574191312e-18
d 0 0 -5.7660771407786771e-20 0 0 -2.2429524107873764e-19 871.221923828125 871.221923828125 1.8500576888265933e-18 0 0 -1.5681016763400689e-18
Q 2 13 "Source Voltage"
Q 3 13 "Gate Voltage"
Q 4 13 "Drain Voltage"
Q 5 13 "Substrate Voltage"
Q 20 13 "Source Current"
Q 21 13 "Gate Current"
Q 22 13 "Drain Current"
Q 23 13 "Substrate Current"
Q 92 21 Contact
Q 601 13 "Source Int. Voltage"
Q 602 13 "Gate Int. Voltage"
Q 603 13 "Drain Int. Voltage"
Q 604 13 "Substrate Int. Voltage"
EOF 1064660544
