v VICTORYDEVICE
# silvaco.file ASCII version=1.14.29 format=1 contents=SDB,Tables=1

Copyright "###################################################################"
Copyright "#                    Copyright Silvaco Inc. (c)                   #"
Copyright "#                            1992-2014                            #"
Copyright "#                                                                 #"
Copyright "# This file format and the following Key are copyright Silvaco    #"
Copyright "# International. You may not use, this format or key without      #"
Copyright "# reproducing this message in full and obtaining                  #"
Copyright "# express written permission from Silvaco Inc.                    #"
Copyright "#                                                                 #"
Copyright "# To obtain such permission please contact: Silvaco Inc.          #"
Copyright "#                                           support@silvaco.com   #"
Copyright "#                                                                 #"
Copyright "# KEY=SVC86hn7562asdx                       PROD=345              #"
Copyright "###################################################################"
#This file was created by VICTORYDEVICE version 1.24.0.R
#victoryd 1.24.0.R (Wed Jun 26 14:38:19 PDT 2024)
#libSDB 1.12.65 (Thu Dec  7 08:14:05 PST 2023)
a VICTORYDEVICE
j 1 9
k 4
r 1 92
x 3 43 42 46
w source 1 1
r 2 92
x 3 43 42 46
w gate 1 2
r 3 92
x 3 43 42 46
w drain 1 3
r 4 92
x 3 43 42 46
w substrate 1 4
y 1 15
z 300
f 4 source gate drain substrate
p 12 2 601 20 3 602 21 4 603 22 5 604 23
d 0 0 -7.3426342727822128e-29 0 0 -3.6645654193918616e-37 0.01 0.01 7.3426343094278716e-29 0 0 -5.2425021693466159e-44
d 0 0 -3.5856960216199851e-28 0 0 -4.0922101313364741e-36 0.1 0.1 3.5856960625421351e-28 0 0 -5.0464243673083965e-42
d 0 0 -3.7462464737479319e-28 0 0 -1.0649850540065639e-35 0.3 0.3 3.7462465803591688e-28 0 0 -1.1273396260586258e-38
d 0 0 -3.7516387113807744e-28 0 0 -1.7595660407123039e-35 0.5 0.5 3.7516391207588539e-28 0 0 -2.3342147577548634e-35
d 0 0 -3.7529501948869008e-28 0 0 -2.4569504513994118e-35 0.75 0.75 3.75299113147012e-28 0 0 -4.0690888174628228e-33
d 0 0 -3.7541544643738393e-28 0 0 -1.4441272776369291e-34 1 1 3.7558957700580506e-28 0 0 -1.7398615569343057e-31
d 0 0 -3.7557065610755128e-28 0 0 -2.2643039687774858e-31 1.5 1.5 3.7788174392562862e-28 0 0 -2.08465742119964e-30
d 0 0 -3.7566598155801125e-28 0 0 -3.4124975484618093e-31 1.75 1.75 3.7954365082305266e-28 0 0 -3.5364195101948525e-30
d 0 0 -3.7577742747488473e-28 0 0 -4.2908817056044517e-31 2 2 3.8048998593677982e-28 0 0 -4.2834702913473864e-30
d 0 0 -3.758991760266659e-28 0 0 -5.1595124513451726e-31 2.25 2.25 3.8135391413508732e-28 0 0 -4.9387868632868615e-30
d 0 0 -3.7602695946336503e-28 0 0 -6.0609820629725144e-31 2.5 2.5 3.8227097651097566e-28 0 0 -5.6379188413135087e-30
d 0 0 -3.7615820408607122e-28 0 0 -7.0588043359280257e-31 2.75 2.75 3.8331466800450456e-28 0 0 -6.4505834848404693e-30
d 0 0 -3.7629022866357565e-28 0 0 -7.8813698255904574e-31 3 3 3.842365372586596e-28 0 0 -7.1581716125246059e-30
d 0 0 -3.7654857746428934e-28 0 0 -9.6085434681466585e-31 3.5 3.5 3.8538868273728652e-28 0 0 -7.8792509261824786e-30
d 0 0 -3.7679026927106063e-28 0 0 -1.0981665097700223e-30 4 4 3.8588705148661008e-28 0 0 -7.9986157057564849e-30
d 0 0 -3.7700681484688673e-28 0 0 -1.210257369842055e-30 4.5 4.5 3.8624331661190865e-28 0 0 -8.0262443951716767e-30
d 0 0 -3.7719555959005466e-28 0 0 -1.3084693116243156e-30 5 5 3.8694770735847814e-28 0 0 -8.4436784567991326e-30
d 0 0 -3.7735662105964432e-28 0 0 -1.3943544509952807e-30 5.5 5.5 3.8806326886883888e-28 0 0 -9.312293358213543e-30
d 0 0 -3.7749383848357568e-28 0 0 -1.4690352093925389e-30 6 6 3.8879514085694314e-28 0 0 -9.832267163974889e-30
d 0 0 -3.7760259870162269e-28 0 0 -1.5363095880412344e-30 6.5 6.5 3.8943373130811e-28 0 0 -1.0294823018446081e-29
d 0 0 -3.7767077849915288e-28 0 0 -1.6016390996740071e-30 7 7 3.9002228165621845e-28 0 0 -1.0749864057391558e-29
d 0 0 -3.7769529819027145e-28 0 0 -1.6447010638519789e-30 7.5 7.5 3.9049231536424224e-28 0 0 -1.1152316110118781e-29
d 0 0 -3.7770292448872946e-28 0 0 -1.6801249526591014e-30 8 8 3.9090510715796125e-28 0 0 -1.1522057716572648e-29
d 0 0 -3.7770738402489521e-28 0 0 -1.7137200293311232e-30 8.5 8.5 3.9124152909603533e-28 0 0 -1.1820425041857873e-29
d 0 0 -3.7770931059666788e-28 0 0 -1.7306029652563738e-30 8.75 8.75 3.9138720058430112e-28 0 0 -1.1947287022376873e-29
d 0 0 -3.7771117457196579e-28 0 0 -1.7480773151468249e-30 9 9 3.9154374712140007e-28 0 0 -1.2084495234287846e-29
d 0 0 -3.7771480205869593e-28 0 0 -1.7874024155911745e-30 9.5 9.5 3.9194508845512521e-28 0 0 -1.24428839810369e-29
d 0 0 -3.7771832450631244e-28 0 0 -1.8405398007284816e-30 10 10 3.9225634063724675e-28 0 0 -1.2697476330205826e-29
d 0 0 -3.777217731972752e-28 0 0 -1.8685332259299317e-30 10.5 10.5 3.9252929482375286e-28 0 0 -1.2938988400541064e-29
d 0 0 -3.7772519955550466e-28 0 0 -1.894243825968342e-30 11 11 3.9272780212716973e-28 0 0 -1.310835874569636e-29
d 0 0 -3.7772878894536493e-28 0 0 -1.9198593946432472e-30 11.5 11.5 3.929329863248688e-28 0 0 -1.3284337984860779e-29
d 0 0 -3.7773317948771144e-28 0 0 -1.9467069436257424e-30 12 12 3.9313176175154957e-28 0 0 -1.3451875321973554e-29
d 0 0 -3.777361855497214e-28 0 0 -1.9601087465006756e-30 12.25 12.25 3.9323152121787914e-28 0 0 -1.3535226921657229e-29
d 0 0 -3.7774022514693835e-28 0 0 -1.972251510137897e-30 12.5 12.5 3.9333252226161854e-28 0 0 -1.3619428514412231e-29
d 0 0 -3.7775361796048329e-28 0 0 -1.9958005778281695e-30 13 13 3.9352926638242222e-28 0 0 -1.3779847844092239e-29
d 0 0 -3.7777781759588711e-28 0 0 -2.0155949389210729e-30 13.5 13.5 3.9371613210632896e-28 0 0 -1.3922719571509222e-29
d 0 0 -3.7780665199494757e-28 0 0 -2.0333076724075525e-30 14 14 3.9388142741390365e-28 0 0 -1.4041467746540002e-29
d 0 0 -3.7782949653085211e-28 0 0 -2.0497087245275786e-30 14.5 14.5 3.9402093397278079e-28 0 0 -1.4141728717385976e-29
d 0 0 -3.7784808678027258e-28 0 0 -2.0646503034322081e-30 15 15 3.9414904424955075e-28 0 0 -1.4236307165847495e-29
d 0 0 -3.7786574050643053e-28 0 0 -2.0790154074193091e-30 15.5 15.5 3.942804657153898e-28 0 0 -1.4335709801531733e-29
d 0 0 -3.7788379611723445e-28 0 0 -2.0931538480034784e-30 16 16 3.9441530014451744e-28 0 0 -1.4438350179272454e-29
d 0 0 -3.7790248022065129e-28 0 0 -2.1071861429535155e-30 16.5 16.5 3.9452067394446794e-28 0 0 -1.4511007580845612e-29
d 0 0 -3.779216093696548e-28 0 0 -2.1212085602578227e-30 17 17 3.9458480012600421e-28 0 0 -1.454198219608648e-29
d 0 0 -3.7794071074664767e-28 0 0 -2.1467047855775937e-30 17.5 17.5 3.9462656082998227e-28 0 0 -1.4550262200725918e-29
d 0 0 -3.7795972628629322e-28 0 0 -2.16114691094541e-30 18 18 3.9466699434389451e-28 0 0 -1.455698288976387e-29
d 0 0 -3.7799958727213164e-28 0 0 -2.189949136327698e-30 19 19 3.9482385404013288e-28 0 0 -1.4634317631673527e-29
d 0 0 -3.780438613238497e-28 0 0 -2.2263410098404878e-30 20 20 3.9512138393040687e-28 0 0 -1.4851181583157608e-29
d 0 0 -3.7806826679219028e-28 0 0 -2.2384704631124873e-30 20.5 20.5 3.9527275132208737e-28 0 0 -1.496601406677765e-29
d 0 0 -3.7809442710815413e-28 0 0 -2.2498614664039951e-30 21 21 3.9539555326546922e-28 0 0 -1.5051264690916875e-29
d 0 0 -3.7812235619457166e-28 0 0 -2.2605716249670766e-30 21.5 21.5 3.9549394354599481e-28 0 0 -1.5111015726439462e-29
d 0 0 -3.7815160443527023e-28 0 0 -2.270885541913887e-30 22 22 3.9558200200051826e-28 0 0 -1.5159512023337172e-29
d 0 0 -3.7821448921532042e-28 0 0 -2.2900255308279625e-30 23 23 3.957506086781695e-28 0 0 -1.5246093932021345e-29
d 0 0 -3.7828378877240539e-28 0 0 -2.306634952755963e-30 24 24 3.9587430090655812e-28 0 0 -1.5283876736815572e-29
d 0 0 -3.7836006304643665e-28 0 0 -2.3213622379664573e-30 25 25 3.9594252392195956e-28 0 0 -1.5262239969914253e-29
d 0 0 -3.7843903254900242e-28 0 0 -2.3321706011309077e-30 26 26 3.9598337651476247e-28 0 0 -1.521217335556941e-29
d 0 0 -3.785180436729555e-28 0 0 -2.343097656589381e-30 27 27 3.9601588745206885e-28 0 0 -1.5154807002627506e-29
d 0 0 -3.7859346279967705e-28 0 0 -2.3611586724388367e-30 28 28 3.960453169538412e-28 0 0 -1.5097947221757351e-29
d 0 0 -3.7866513250452482e-28 0 0 -2.3647563104366158e-30 29 29 3.9607358782290268e-28 0 0 -1.5043719707185593e-29
d 0 0 -3.7873417754345107e-28 0 0 -2.3980364569948739e-30 30 30 3.9612318809167419e-28 0 0 -1.499426208722803e-29
d 0 0 -3.788002501959001e-28 0 0 -2.4047457677498917e-30 31 31 3.9615048181211412e-28 0 0 -1.4945887648392225e-29
d 0 0 -3.7883204807290149e-28 0 0 -2.4076580516067831e-30 31.5 31.5 3.961637509798329e-28 0 0 -1.4922748391954505e-29
d 0 0 -3.7886262291728762e-28 0 0 -2.4118265903099721e-30 32 32 3.9617659451688532e-28 0 0 -1.4900298589304211e-29
d 0 0 -3.789212506631448e-28 0 0 -2.4274634441690862e-30 33 33 3.9620147249511542e-28 0 0 -1.4857191870731424e-29
d 0 0 -3.7897775014891516e-28 0 0 -2.4318602176184155e-30 34 34 3.9622578140295451e-28 0 0 -1.481617103196323e-29
d 0 0 -3.7903380813938722e-28 0 0 -2.4395285383720629e-30 35 35 3.9625030061417271e-28 0 0 -1.4776968255702986e-29
d 0 0 -3.7908841720376496e-28 0 0 -2.4499041523993825e-30 36 36 3.9627449431624095e-28 0 0 -1.4739484359232073e-29
d 0 0 -3.7914118050995728e-28 0 0 -2.4533944493604604e-30 37 37 3.962981357164089e-28 0 0 -1.4703560757186466e-29
d 0 0 -3.7919205887642472e-28 0 0 -2.4601066669250994e-30 38 38 3.9632119701928607e-28 0 0 -1.466903147593624e-29
d 0 0 -3.792400849238154e-28 0 0 -2.4673599677266851e-30 39 39 3.9634316134853159e-28 0 0 -1.4635716456989476e-29
d 0 0 -3.7928599640013931e-28 0 0 -2.4749836031002595e-30 40 40 3.9636444615035796e-28 0 0 -1.4603470227093558e-29
d 0 0 -3.7933092927718044e-28 0 0 -2.5006044072042578e-30 41 41 3.9640637729669555e-28 0 0 -1.4574843612310958e-29
d 0 0 -3.7937444997101155e-28 0 0 -2.5094952179140694e-30 42 42 3.9642850348090062e-28 0 0 -1.4544558292587169e-29
d 0 0 -3.7939561641092505e-28 0 0 -2.5136133715394464e-30 42.5 42.5 3.9643887197294677e-28 0 0 -1.4529645617510162e-29
d 0 0 -3.7941619994412928e-28 0 0 -2.5180005103086463e-30 43 43 3.9644904958078051e-28 0 0 -1.45149183516589e-29
d 0 0 -3.7945656005016158e-28 0 0 -2.5268282015215486e-30 44 44 3.9646936906631434e-28 0 0 -1.4485980940354481e-29
d 0 0 -3.7949617973069743e-28 0 0 -2.5359476260622282e-30 45 45 3.9648981951584349e-28 0 0 -1.4457692159083897e-29
d 0 0 -3.7951604861517561e-28 0 0 -2.5404484929084e-30 45.5 45.5 3.9650028494866074e-28 0 0 -1.444378789243292e-29
d 0 0 -3.7953599500442637e-28 0 0 -2.5448914964518245e-30 46 46 3.9651092690508513e-28 0 0 -1.4430041665509603e-29
d 0 0 -3.795558274145045e-28 0 0 -2.5493695357717677e-30 46.5 46.5 3.9652161890904097e-28 0 0 -1.4416442381858102e-29
d 0 0 -3.795754909883943e-28 0 0 -2.5541244452559228e-30 47 47 3.9653231281074919e-28 0 0 -1.440298269940604e-29
d 0 0 -3.7959496668895769e-28 0 0 -2.5605531022551328e-30 47.5 47.5 3.9654298048241882e-28 0 0 -1.4389655287879994e-29
d 0 0 -3.7961424509519598e-28 0 0 -2.5566372116206573e-30 48 48 3.9655359832366973e-28 0 0 -1.4376452273601301e-29
d 0 0 -3.7968914061612181e-28 0 0 -2.5786286229641916e-30 50 50 3.9659503265665708e-28 0 0 -1.4324689066854818e-29
d 0 0 -3.7975875886175749e-28 0 0 -2.6001020100518833e-30 52 52 3.966328101299418e-28 0 0 -1.427394922930236e-29
d 0 0 -3.7979300260109174e-28 0 0 -2.6246652213061495e-30 53 53 3.966697950062625e-28 0 0 -1.4252127183864614e-29
d 0 0 -3.7982639213418577e-28 0 0 -2.6359306448299481e-30 54 54 3.9668824359518284e-28 0 0 -1.4227331088892222e-29
d 0 0 -3.7985886030128208e-28 0 0 -2.6449550533527549e-30 55 55 3.9670309154156644e-28 0 0 -1.4201937569759619e-29
d 0 0 -3.7989097323611903e-28 0 0 -2.6537913334361775e-30 56 56 3.9672110023017333e-28 0 0 -1.4176335658076616e-29
d 0 0 -3.7992305051048156e-28 0 0 -2.6623605111000697e-30 57 57 3.9673587011452907e-28 0 0 -1.4150458537457404e-29
d 0 0 -3.7993920929280502e-28 0 0 -2.5919723656388025e-30 57.5 57.5 3.9674311529747451e-28 0 0 -1.4137399907500245e-29
d 0 0 -3.7995557465493951e-28 0 0 -2.5276105025637476e-30 58 58 3.9675034574047852e-28 0 0 -1.4124258592937857e-29
d 0 0 -3.7997201482865017e-28 0 0 -2.3162898250153144e-30 58.5 58.5 3.9675749478055013e-28 0 0 -1.4111058699743514e-29
d 0 0 -3.7998845968833186e-28 0 0 -1.8393555014778954e-30 59 59 3.9676453062569284e-28 0 0 -1.409781613833744e-29
d 0 0 -3.8002125045497423e-28 0 0 -2.6857257146263631e-30 60 60 3.9677824398588258e-28 0 0 -1.407126781637843e-29
d 0 0 -3.8003755792207766e-28 0 0 8.0724046365327639e-30 60.5 60.5 3.9678492622669491e-28 0 0 -1.4057996364201587e-29
d 0 0 -3.8005378323573107e-28 0 0 -2.6929647069810119e-30 61 61 3.9679149822736324e-28 0 0 -1.4044750397832113e-29
d 0 0 -3.8008591005971713e-28 0 0 -2.6999990439890524e-30 62 62 3.9680432245374926e-28 0 0 -1.4018413407358295e-29
d 0 0 -3.801476767604945e-28 0 0 -2.7137650824844586e-30 64 64 3.9682837970282426e-28 0 0 -1.3966937858255831e-29
d 0 0 -3.8017715723950841e-28 0 0 -2.7205288988881499e-30 65 65 3.968396717405769e-28 0 0 -1.3941985602180383e-29
d 0 0 -3.8020606160392622e-28 0 0 -2.7285041110304034e-30 66 66 3.9685260443419133e-28 0 0 -1.3918038719234681e-29
d 0 0 -3.8022072936349026e-28 0 0 -2.7428775519373655e-30 66.5 66.5 3.9687316228401283e-28 0 0 -1.390955803461415e-29
d 0 0 -3.802349028394463e-28 0 0 -2.7493225722759313e-30 67 67 3.968830314596439e-28 0 0 -1.389876141622189e-29
d 0 0 -3.8024878220532939e-28 0 0 -2.7524497879821643e-30 67.5 67.5 3.9688860118891681e-28 0 0 -1.3887139296991934e-29
d 0 0 -3.802556590826837e-28 0 0 -2.7251253936868614e-30 67.75 67.75 3.9689127079217285e-28 0 0 -1.3881364729244492e-29
d 0 0 -3.8026249524977855e-28 0 0 -2.7246555867559427e-30 68 68 3.9689389861751619e-28 0 0 -1.3875622689685257e-29
d 0 0 -3.802692914504065e-28 0 0 -2.7239672590293331e-30 68.25 68.25 3.9689650580978875e-28 0 0 -1.3869918005186527e-29
d 0 0 -3.8027604798136157e-28 0 0 -2.7230404268560861e-30 68.5 68.5 3.9689909857187039e-28 0 0 -1.3864252055773222e-29
d 0 0 -3.802827650077069e-28 0 0 -2.7218484016053544e-30 68.75 68.75 3.9690167818810275e-28 0 0 -1.3858625072470402e-29
d 0 0 -3.8028944268691938e-28 0 0 -2.720358619627354e-30 69 69 3.9690424501888457e-28 0 0 -1.3853037047865343e-29
d 0 0 -3.8029608119068489e-28 0 0 -2.7185331098294848e-30 69.25 69.25 3.9690679926520992e-28 0 0 -1.3847487911936147e-29
d 0 0 -3.8030268070654841e-28 0 0 -2.7163270408549192e-30 69.5 69.5 3.9690934109555395e-28 0 0 -1.3841977563204856e-29
d 0 0 -3.8030924143627329e-28 0 0 -2.7136871385125381e-30 69.75 69.75 3.9691187066660706e-28 0 0 -1.3836505875756121e-29
d 0 0 -3.8031576359372162e-28 0 0 -2.7105497447770783e-30 70 70 3.9691438812682519e-28 0 0 -1.383107270226673e-29
d 0 0 -3.8032224740269579e-28 0 0 -2.7068388852635264e-30 70.25 70.25 3.969168936171626e-28 0 0 -1.3825677876302389e-29
d 0 0 -3.8032869309478946e-28 0 0 -2.702462155256262e-30 70.5 70.5 3.9691938727128393e-28 0 0 -1.3820321214411736e-29
d 0 0 -3.8033510090723011e-28 0 0 -2.697307004203002e-30 70.75 70.75 3.9692186921561401e-28 0 0 -1.3815002518112988e-29
d 0 0 -3.8034147108067487e-28 0 0 -2.6912346793776215e-30 71 71 3.9692433956926872e-28 0 0 -1.3809721575800895e-29
d 0 0 -3.803665801833853e-28 0 0 -2.7785562466673435e-30 72 72 3.9693410718771679e-28 0 0 -1.3788970757664132e-29
d 0 0 -3.8041505646366401e-28 0 0 -2.7888452737219876e-30 74 74 3.9695311017326734e-28 0 0 -1.374920843588133e-29
d 0 0 -3.8042681571605533e-28 0 0 -2.7909565796745553e-30 74.5 74.5 3.9695774944063993e-28 0 0 -1.3739619663983989e-29
d 0 0 -3.8043263963850943e-28 0 0 -1.8209047737725358e-30 74.75 74.75 3.9696005120395375e-28 0 0 -1.3734877315820074e-29
d 0 0 -3.8043842477162778e-28 0 0 -1.3135039146620755e-30 75 75 3.9696234016278269e-28 0 0 -1.373016981088939e-29
d 0 0 -3.804498670905106e-28 0 0 -2.7961450892079742e-30 75.5 75.5 3.9696687373419606e-28 0 0 -1.3720861579002156e-29
d 0 0 -3.80461078953991e-28 0 0 -2.7985294770922866e-30 76 76 3.9697131834431566e-28 0 0 -1.3711710507482253e-29
d 0 0 -3.8050078948551038e-28 0 0 1.8611499845265224e-30 78 78 3.96986788902577e-28 0 0 -1.367736521621877e-29
d 0 0 -3.805432836910652e-28 0 0 -2.5736809571889239e-30 80 80 3.9700396537120398e-28 0 0 -1.3643572966489988e-29
d 0 0 -3.805845594534932e-28 0 0 5.2407557955506702e-27 82 82 3.970208733444504e-28 0 0 -1.3611408387843144e-29
d 0 0 -3.8062431150838352e-28 0 0 -2.467903329850995e-30 84 84 3.9703733501475782e-28 0 0 -1.3580848234894162e-29
d 0 0 -3.8066258591351588e-28 0 0 -2.8052310979711718e-30 86 86 3.9705334763595129e-28 0 0 -1.3551781495511818e-29
d 0 0 -3.8069943675053675e-28 0 0 1.153111663526946e-28 88 88 3.9706891493393323e-28 0 0 -1.3524107285613818e-29
d 0 0 -3.8073473849185922e-28 0 0 2.9231077317851327e-30 90 90 3.9708394793424499e-28 0 0 -1.3497760180540438e-29
d 0 0 -3.8076688758151463e-28 0 0 -2.9034678698727762e-30 92 92 3.9718203069317487e-28 0 0 -1.3511675241787436e-29
d 0 0 -3.8079229085628391e-28 0 0 -2.9118936498195717e-30 94 94 3.9719264720448493e-28 0 0 -1.3488462551101886e-29
d 0 0 -3.808170616803424e-28 0 0 -2.9198729883405965e-30 96 96 3.972028815260715e-28 0 0 -1.3465946555912759e-29
d 0 0 -3.8084123481781278e-28 0 0 -2.9275022865712796e-30 98 98 3.9721289042784231e-28 0 0 -1.3444151705518837e-29
d 0 0 -3.8086483840272373e-28 0 0 -2.934788404667043e-30 100 100 3.9722270511208907e-28 0 0 -1.3423048216033542e-29
d 0 0 -3.8092156963622549e-28 0 0 -2.9518988038986038e-30 105 105 3.9724653343453858e-28 0 0 -1.3373064859999177e-29
d 0 0 -3.8097541787669725e-28 0 0 -2.9675036100848069e-30 110 110 3.9726952711430485e-28 0 0 -1.3326601741586403e-29
d 0 0 -3.810265503440788e-28 0 0 -2.9818345233044209e-30 115 115 3.9729173764797359e-28 0 0 -1.3283352781514284e-29
d 0 0 -3.8107515025125573e-28 0 0 -2.9950775563225496e-30 120 120 3.973132054058219e-28 0 0 -1.3242977497964151e-29
d 0 0 -3.811214499356909e-28 0 0 -3.0032778269108046e-30 125 125 3.9733398741334923e-28 0 0 -1.3205043658454822e-29
d 0 0 -3.8116565219216679e-28 0 0 -3.0193025502431701e-30 130 130 3.9735413474164643e-28 0 0 -1.3169179919991827e-29
d 0 0 -3.8120790533641661e-28 0 0 -3.0305313921202203e-30 135 135 3.9737369036088927e-28 0 0 -1.3135253470330044e-29
d 0 0 -3.81248327406088e-28 0 0 -3.041129039295751e-30 140 140 3.9739270098708256e-28 0 0 -1.3103244508478406e-29
d 0 0 -3.8128696582444076e-28 0 0 -3.0512828049253291e-30 145 145 3.9741127093170128e-28 0 0 -1.3073020557700492e-29
d 0 0 -3.8132388528670892e-28 0 0 -3.0564987213820021e-30 150 150 3.9742940401035776e-28 0 0 -1.3044546600590038e-29
d 0 0 -3.813592776843018e-28 0 0 -3.0546525700136973e-30 155 155 3.9744704613684764e-28 0 0 -1.3017780907468572e-29
d 0 0 -3.813933562606866e-28 0 0 -3.0795850850043347e-30 160 160 3.9746426490664185e-28 0 0 -1.299252249175982e-29
d 0 0 -3.8142622481755206e-28 0 0 -3.0843019690745648e-30 165 165 3.9748109326212922e-28 0 0 -1.2968642792570347e-29
d 0 0 -3.8145797192706599e-28 0 0 -3.0935740162033535e-30 170 170 3.974976270199346e-28 0 0 -1.2946081062994334e-29
d 0 0 -3.8148877397465963e-28 0 0 -3.101082541119278e-30 175 175 3.9751608947451285e-28 0 0 -1.2926222178728121e-29
d 0 0 -3.8152076458919376e-28 0 0 -3.121209322643635e-30 180 180 3.9758023156920488e-28 0 0 -1.2938257657338657e-29
d 0 0 -3.8155393647808848e-28 0 0 -3.153439216245573e-30 185 185 3.9768757700626138e-28 0 0 -1.2980193695397539e-29
d 0 0 -3.8158236416480196e-28 0 0 -3.1613261689485966e-30 190 190 3.9771249556419036e-28 0 0 -1.2968049953024911e-29
d 0 0 -3.8160957369918514e-28 0 0 -3.168050242342261e-30 195 195 3.9772898046819847e-28 0 0 -1.295135651809509e-29
d 0 0 -3.8163612551772661e-28 0 0 -3.1743880424713277e-30 200 200 3.9774767830930817e-28 0 0 -1.2937145733423371e-29
d 0 0 -3.8166176964160005e-28 0 0 -3.1793916855546206e-30 205 205 3.9776238783704102e-28 0 0 -1.2921223810095263e-29
d 0 0 -3.8168673110424622e-28 0 0 -3.1841040117546396e-30 210 210 3.9777686310777965e-28 0 0 -1.2906027878533766e-29
d 0 0 -3.817110378766455e-28 0 0 -3.1885168775010988e-30 215 215 3.9779095910313539e-28 0 0 -1.289140433423763e-29
d 0 0 -3.8173472794563763e-28 0 0 -3.1926761999178953e-30 220 220 3.9780475912378453e-28 0 0 -1.287735497579797e-29
d 0 0 -3.8175782944756708e-28 0 0 -3.1966450083616859e-30 225 225 3.9781833861845523e-28 0 0 -1.2863864162521761e-29
d 0 0 -3.8178037805712951e-28 0 0 -3.2004578847378365e-30 230 230 3.9783185156647406e-28 0 0 -1.2851015624606717e-29
d 0 0 -3.8180244712279385e-28 0 0 -3.204217713741131e-30 235 235 3.9784634472554667e-28 0 0 -1.2839679889011753e-29
d 0 0 -3.8182432944659225e-28 0 0 -3.2088914541276584e-30 240 240 3.9786919933693076e-28 0 0 -1.283597843623784e-29
d 0 0 -3.8184660511763551e-28 0 0 -3.2164710521364097e-30 245 245 3.9791546012321354e-28 0 0 -1.2852383953441604e-29
d 0 0 -3.8186808634545939e-28 0 0 -3.2226575775764555e-30 250 250 3.9795162497729035e-28 0 0 -1.2860881054254494e-29
d 0 0 -3.8188845282264474e-28 0 0 -3.2262555388939182e-30 255 255 3.9796879621053628e-28 0 0 -1.2854087848997662e-29
d 0 0 -3.8190826523166787e-28 0 0 -3.2292043739897001e-30 260 260 3.9798193899906697e-28 0 0 -1.2844469393409348e-29
d 0 0 -3.8192767062483368e-28 0 0 -3.2319724517283543e-30 265 265 3.9799457531020466e-28 0 0 -1.2834932233635803e-29
d 0 0 -3.8194675774105722e-28 0 0 -3.2348229034524715e-30 270 270 3.9800860761722925e-28 0 0 -1.2827026974676786e-29
d 0 0 -3.819653909381165e-28 0 0 -3.2372257204601768e-30 275 275 3.9802004389932886e-28 0 0 -1.2817427295716207e-29
d 0 0 -3.8198369650448811e-28 0 0 -3.2395824336899497e-30 280 280 3.9803182636798244e-28 0 0 -1.2808547432893393e-29
d 0 0 -3.8200167057459557e-28 0 0 -3.2418357623523325e-30 285 285 3.9804347934850302e-28 0 0 -1.279997301156981e-29
d 0 0 -3.8201932563750723e-28 0 0 -3.2439885259953626e-30 290 290 3.9805497622441436e-28 0 0 -1.2791662060907048e-29
d 0 0 -3.8203667545871978e-28 0 0 -3.2460500579043759e-30 295 295 3.9806633844391417e-28 0 0 -1.2783612927284575e-29
d 0 0 -3.8205373353406454e-28 0 0 -3.2480303477375389e-30 300 300 3.9807759196811172e-28 0 0 -1.2775828086303681e-29
d 0 0 -3.820705131280242e-28 0 0 -3.2499396642114262e-30 305 305 3.9808876403154601e-28 0 0 -1.2768311239304184e-29
d 0 0 -3.8208702762285373e-28 0 0 -3.2517888904740884e-30 310 310 3.980998857583303e-28 0 0 -1.2761069244986383e-29
d 0 0 -3.821032910155995e-28 0 0 -3.2535897552610127e-30 315 315 3.9811099530021042e-28 0 0 -1.2754114529313183e-29
d 0 0 -3.8211931844073006e-28 0 0 -3.2553551312803642e-30 320 320 3.9812214094316083e-28 0 0 -1.2747467371024765e-29
d 0 0 -3.8213512574090253e-28 0 0 -3.257101540098969e-30 325 325 3.9813338346059279e-28 0 0 -1.2741156197755916e-29
d 0 0 -3.8215072724473048e-28 0 0 -3.2588556128119881e-30 330 330 3.9814479709550934e-28 0 0 -1.2735214241171597e-29
d 0 0 -3.8216613709272595e-28 0 0 -3.2606537619282612e-30 335 335 3.9815647344796388e-28 0 0 -1.2729682561550971e-29
d 0 0 -3.8218137447372254e-28 0 0 -3.2625337609031384e-30 340 340 3.981685277795549e-28 0 0 -1.2724619130427358e-29
d 0 0 -3.8219646685132785e-28 0 0 -3.2645237587259719e-30 345 345 3.9818110092054857e-28 0 0 -1.2720100233518968e-29
d 0 0 -3.8221145568317083e-28 0 0 -3.265415247920969e-30 350 350 3.9819435464671246e-28 0 0 -1.2716215965828077e-29
d 0 0 -3.8222641335238867e-28 0 0 -3.2689810860264922e-30 355 355 3.9820845014981765e-28 0 0 -1.2713055705347151e-29
d 0 0 -3.8224148061039e-28 0 0 -3.2713252596340388e-30 360 360 3.9822349866660287e-28 0 0 -1.2710676908772239e-29
d 0 0 -3.8225682123559173e-28 0 0 -3.2626815414052586e-30 365 365 3.9823968853849728e-28 0 0 -1.2709191314333291e-29
d 0 0 -3.8227236922603013e-28 0 0 -3.2763150906888501e-30 370 370 3.9825774375173932e-28 0 0 -1.2709059440223315e-29
d 0 0 -3.8228801139710215e-28 0 0 -3.2796955650674526e-30 375 375 3.9827852957650484e-28 0 0 -1.2710822611789389e-29
d 0 0 -3.8230375319671444e-28 0 0 -3.2841021772528196e-30 380 380 3.9830279543201377e-28 0 0 -1.2714940055724146e-29
d 0 0 -3.823196399620282e-28 0 0 -3.2898081035262809e-30 385 385 3.983313610309429e-28 0 0 -1.2721912963323512e-29
d 0 0 -3.8233572980958274e-28 0 0 -3.2971276865965758e-30 390 390 3.9836518851116184e-28 0 0 -1.2732331013876754e-29
d 0 0 -3.8235209116543125e-28 0 0 -3.3064294167595399e-30 395 395 3.9840541039019771e-28 0 0 -1.2746889807306584e-29
d 0 0 -3.8236880041608223e-28 0 0 -3.3181492164669899e-30 400 400 3.9845335773099117e-28 0 0 -1.2766408096784734e-29
d 0 0 -3.8238591167927146e-28 0 0 -3.3328439971623208e-30 405 405 3.9851061903772298e-28 0 0 -1.2791863166556975e-29
d 0 0 -3.8240331565677512e-28 0 0 -3.3513783574522146e-30 410 410 3.985792024739406e-28 0 0 -1.2824484783519659e-29
d 0 0 -3.8242079494219194e-28 0 0 -3.3745294222556183e-30 415 415 3.9866143602409532e-28 0 0 -1.2865681560530031e-29
d 0 0 -3.8243853584038512e-28 0 0 -3.4041700635985597e-30 420 420 3.987593438393399e-28 0 0 -1.2916637866014643e-29
d 0 0 -3.8245685114882579e-28 0 0 -3.4289131080402209e-30 425 425 3.9887497554650446e-28 0 0 -1.2978532252672034e-29
d 0 0 -3.8247602103110005e-28 0 0 -3.4820026158945646e-30 430 430 3.990111166715518e-28 0 0 -1.3053093000491189e-29
d 0 0 -3.8249630959531053e-28 0 0 -3.532430459370467e-30 435 435 3.9917125773256783e-28 0 0 -1.3142517677883324e-29
d 0 0 -3.8251796695131771e-28 0 0 -3.5921091276894999e-30 440 440 3.9935927911738251e-28 0 0 -1.324920303837528e-29
d 0 0 -3.8254125152937536e-28 0 0 -3.6624567963177827e-30 445 445 3.9957950248032532e-28 0 0 -1.337579415463213e-29
d 0 0 -3.8256644499769915e-28 0 0 -3.7450838800838636e-30 450 450 3.998367899501522e-28 0 0 -1.3525261072369112e-29
d 0 0 -3.8259385958985467e-28 0 0 -3.8418097876920052e-30 455 455 4.0013661493805967e-28 0 0 -1.3700945560513017e-29
d 0 0 -3.8262384336333109e-28 0 0 -3.9546837347023974e-30 460 460 4.0048513053186508e-28 0 0 -1.3906603433831585e-29
d 0 0 -3.8265678518354324e-28 0 0 -4.0860090432724263e-30 465 465 4.0088924533486609e-28 0 0 -1.4146451108050426e-29
d 0 0 -3.8269311998027341e-28 0 0 -4.238371081297015e-30 470 470 4.0135670969346833e-28 0 0 -1.4425218631897871e-29
d 0 0 -3.8273333454887097e-28 0 0 -4.4146692925329919e-30 475 475 4.0189621442791468e-28 0 0 -1.4748210586510697e-29
d 0 0 -3.8277797411024521e-28 0 0 -4.6181540055897162e-30 480 480 4.0251750453401355e-28 0 0 -1.5121376418178648e-29
d 0 0 -3.8282764984320018e-28 0 0 -4.8524689409501925e-30 485 485 4.0323151091963299e-28 0 0 -1.5551392135482612e-29
d 0 0 -3.8288304762828847e-28 0 0 -5.1217005916201011e-30 490 490 4.0405050399121687e-28 0 0 -1.6045755771308259e-29
d 0 0 -3.8294493828818162e-28 0 0 -5.4304359553708223e-30 495 495 4.0498827386370077e-28 0 0 -1.6612899620148349e-29
d 0 0 -3.8301418967779898e-28 0 0 -5.7838304608632968e-30 500 500 4.0606034322758935e-28 0 0 -1.726232308892713e-29
d 0 0 -3.830917810744615e-28 0 0 -6.1876883744786586e-30 505 505 4.0728422060630449e-28 0 0 -1.8004751157364313e-29
d 0 0 -3.8317882045230937e-28 0 0 -6.6485585368522273e-30 510 510 4.0867970403814804e-28 0 0 -1.8852325048986381e-29
d 0 0 -3.8327656540252093e-28 0 0 -7.1738490433379383e-30 515 515 4.102692482515944e-28 0 0 -1.9818833805735568e-29
d 0 0 -3.8338644868145192e-28 0 0 -7.7719656006526778e-30 520 520 4.120784121960417e-28 0 0 -2.0919997913937097e-29
d 0 0 -3.8351010964134942e-28 0 0 -8.4524791342856842e-30 525 525 4.141364083213458e-28 0 0 -2.217381954571072e-29
d 0 0 -3.8364943310619537e-28 0 0 -9.2263316167036717e-30 530 530 4.1647678057767439e-28 0 0 -2.360101585477528e-29
d 0 0 -3.8380659763554904e-28 0 0 -1.0106097021079406e-29 535 535 4.1913824572292634e-28 0 0 -2.5225551066297794e-29
d 0 0 -3.8398413603362664e-28 0 0 -1.1106300124238753e-29 540 540 4.2216574337086272e-28 0 0 -2.7075307212997313e-29
d 0 0 -3.8418501166599359e-28 0 0 -1.2243820871775212e-29 545 545 4.2561175558662883e-28 0 0 -2.9182923048860031e-29
d 0 0 -3.8441271571746365e-28 0 0 -1.3538404353311793e-29 550 550 4.2953797760473041e-28 0 0 -3.1586857533954997e-29
d 0 0 -3.8467139304306361e-28 0 0 -1.5013315082227391e-29 555 555 4.3401746548860166e-28 0 0 -3.4332757363310695e-29
d 0 0 -3.8496601175157313e-28 0 0 -1.6696237219553584e-29 560 560 4.3913754304631033e-28 0 0 -3.747529407518356e-29
d 0 0 -3.8530260154703892e-28 0 0 -1.8620575151973249e-29 565 565 4.4500390265740458e-28 0 0 -4.1080725958392478e-29
d 0 0 -3.8568857292183267e-28 0 0 -2.0827039219888861e-29 570 570 4.5174578740054484e-28 0 0 -4.5230175258823264e-29
d 0 0 -3.8613316089984608e-28 0 0 -2.3365598104893642e-29 575 575 4.5952262374735047e-28 0 0 -5.0023864742610778e-29
d 0 0 -3.8664812668804865e-28 0 0 -2.629829188775038e-29 580 580 4.6853357115314525e-28 0 0 -5.5587152577239772e-29
d 0 0 -3.8724891119597773e-28 0 0 -2.9703154425546579e-29 585 585 4.790311799869144e-28 0 0 -6.2079114365390046e-29
d 0 0 -3.8795591392297126e-28 0 0 -3.3680152571531896e-29 590 590 4.9134085563502581e-28 0 0 -6.9704789140522089e-29
d 0 0 -3.8879443689114382e-28 0 0 -3.8362926963678156e-29 595 595 5.0589083248130167e-28 0 0 -7.8732577070740424e-29
d 0 0 -3.8979688915664502e-28 0 0 -4.3949051076372348e-29 600 600 5.2326502759834938e-28 0 0 -8.9519087365331777e-29
d 0 0 -3.9100763739961298e-28 0 0 -5.067389972902389e-29 605 605 5.4423438259805746e-28 0 0 -1.0255284546942065e-28
d 0 0 -3.9248948958244736e-28 0 0 -5.8858541209361644e-29 610 610 5.6986868643507383e-28 0 0 -1.1852065564326483e-28
d 0 0 -3.9433380706788161e-28 0 0 -6.8984272496291464e-29 615 615 6.0173193676808455e-28 0 0 -1.3841385720391147e-28
d 0 0 -3.9667761757223677e-28 0 0 -8.1768243229271644e-29 620 620 6.4216467336899028e-28 0 0 -1.6371881256748188e-28
d 0 0 -3.9973570408377449e-28 0 0 -9.8331837595573007e-29 625 625 6.9483492389195355e-28 0 0 -1.9676738221260608e-28
d 0 0 -4.0386270441318663e-28 0 0 -1.2053824587043538e-28 630 630 7.6583591655436006e-28 0 0 -2.4143496627073816e-28
d 0 0 -4.0967809504434047e-28 0 0 -1.5172087543970016e-28 635 635 8.6605658137546253e-28 0 0 -3.0465761089142191e-28
d 0 0 -4.1840760609722407e-28 0 0 -1.9844995119043182e-28 640 640 1.0170374681272077e-27 0 0 -4.0017991083955298e-28
d 0 0 -4.3294356073932826e-28 0 0 -2.7588296080137062e-28 645 645 1.2686042468791327e-27 0 0 -5.5977772533843373e-28
d 0 0 -4.6187672483368408e-28 0 0 -4.2896675777862274e-28 650 650 1.768533144306089e-27 0 0 -8.7768966169378218e-28
d 0 0 -5.4727789407669289e-28 0 0 -8.7766774799885793e-28 655 655 3.2402062813886114e-27 0 0 -1.8152606393130607e-27
d 0 0 -7.1823583660724704e-27 0 0 -3.5431276859412231e-26 660 660 1.1686878098924261e-25 0 0 -7.4255145763757902e-26
d 0 0 -1.5339474464603933e-26 0 0 -7.789044219259292e-26 660.078125 660.078125 2.5647277389885233e-25 0 0 -1.6324285724165549e-25
d 0 0 -1.6318989671121984e-25 0 0 -8.4731427866767585e-25 660.15625 660.15625 2.7854999753496488e-24 0 0 -1.7749957999707531e-24
d 0 0 -6.981748865436697e-25 0 0 -3.6309428436344482e-24 660.17578125 660.17578125 1.1932573509591709e-23 0 0 -7.6034557794141428e-24
d 0 0 -3.9782425823061593e-24 0 0 -2.069486020227576e-23 660.1953125 660.1953125 6.7989796552818471e-23 0 0 -4.3316693768236496e-23
d 0 0 -1.5286302615240483e-22 0 0 -7.9497203316092038e-22 660.234375 660.234375 2.6101868249101046e-21 0 0 -1.6623517655967788e-21
d 0 0 -8.3761513743320218e-21 0 0 -4.3542752314277493e-20 660.2734375 660.2734375 1.4287210313351655e-19 0 0 -9.0953199444907025e-20
d 0 0 -2.477061492301812e-20 0 0 -1.2875351715604406e-19 660.283203125 660.283203125 4.2238791915912053e-19 0 0 -2.6886378708005835e-19
d 0 0 -4.8084132990117549e-20 0 0 -2.4991597035181329e-19 660.2880859375 660.2880859375 8.1978049393458846e-19 0 0 -5.2178039059265762e-19
d 0 0 -6.1930524509923477e-20 0 0 -3.2187371862206935e-19 660.289306640625 660.289306640625 1.0557725587817465e-18 0 0 -6.7196831564975368e-19
d 0 0 -7.7694560911755701e-20 0 0 -4.0379518181699472e-19 660.2899169921875 660.2899169921875 1.3244304617187034e-18 0 0 -8.4294071898995312e-19
Q 2 13 "Source Voltage"
Q 3 13 "Gate Voltage"
Q 4 13 "Drain Voltage"
Q 5 13 "Substrate Voltage"
Q 20 13 "Source Current"
Q 21 13 "Gate Current"
Q 22 13 "Drain Current"
Q 23 13 "Substrate Current"
Q 92 21 Contact
Q 601 13 "Source Int. Voltage"
Q 602 13 "Gate Int. Voltage"
Q 603 13 "Drain Int. Voltage"
Q 604 13 "Substrate Int. Voltage"
EOF 625086896
