v VICTORYDEVICE
# silvaco.file ASCII version=1.14.29 format=1 contents=SDB,Tables=1

Copyright "###################################################################"
Copyright "#                    Copyright Silvaco Inc. (c)                   #"
Copyright "#                            1992-2014                            #"
Copyright "#                                                                 #"
Copyright "# This file format and the following Key are copyright Silvaco    #"
Copyright "# International. You may not use, this format or key without      #"
Copyright "# reproducing this message in full and obtaining                  #"
Copyright "# express written permission from Silvaco Inc.                    #"
Copyright "#                                                                 #"
Copyright "# To obtain such permission please contact: Silvaco Inc.          #"
Copyright "#                                           support@silvaco.com   #"
Copyright "#                                                                 #"
Copyright "# KEY=SVC86hn7562asdx                       PROD=345              #"
Copyright "###################################################################"
#This file was created by VICTORYDEVICE version 1.24.0.R
#victoryd 1.24.0.R (Wed Jun 26 14:38:19 PDT 2024)
#libSDB 1.12.65 (Thu Dec  7 08:14:05 PST 2023)
a VICTORYDEVICE
j 1 9
k 4
r 1 92
x 3 43 42 46
w source 1 1
r 2 92
x 3 43 42 46
w gate 1 2
r 3 92
x 3 43 42 46
w drain 1 3
r 4 92
x 3 43 42 46
w substrate 1 4
y 1 15
z 300
f 4 source gate drain substrate
p 12 2 601 20 3 602 21 4 603 22 5 604 23
d 0 0 -1.7218505323551931e-16 0 0 -5.1891195198407424e-35 0.01 0.01 1.7213486994887625e-16 0 0 0
d 0 0 -7.450739477273773e-16 0 0 -4.3112053946074958e-35 0.1 0.1 7.4507396372785004e-16 0 0 0
d 0 0 -8.6603109386118688e-16 0 0 -1.6448651795723493e-36 0.5 0.5 8.6603109386118826e-16 0 0 0
d 0 0 -8.8469468213111003e-16 0 0 -1.5287072105043949e-36 1 1 8.8469468213111053e-16 0 0 0
d 0 0 -8.9946285743187624e-16 0 0 -1.8603012223841666e-36 2 2 8.9946285743188039e-16 0 0 0
d 0 0 -9.1976832166116501e-16 0 0 1.1292934820488302e-35 4 4 9.1976832166552268e-16 0 0 0
d 0 0 -9.3440767894994543e-16 0 0 7.6845913137382538e-35 6 6 9.344076789465127e-16 0 0 0
d 0 0 -9.4714985851741367e-16 0 0 5.8925317531659847e-34 8 8 9.4714985851546499e-16 0 0 0
d 0 0 -9.5648253395489878e-16 0 0 3.4703102701923289e-32 10 10 9.5648253395547209e-16 0 0 0
d 0 0 -9.6331283717076688e-16 0 0 4.6019666326246091e-30 12 12 9.6331283723096446e-16 0 0 0
d 0 0 -9.6989642349649806e-16 0 0 8.3853444508065078e-31 14 14 9.6989642354640338e-16 0 0 0
d 0 0 -9.7760090955344831e-16 0 0 2.7389280922188427e-32 16 16 9.7760090957302961e-16 0 0 0
d 0 0 -9.8519238541298575e-16 0 0 -1.3771810264707333e-34 18 18 9.851923854202555e-16 0 0 0
d 0 0 -9.9260164949265544e-16 0 0 9.9225304527572834e-32 20 20 9.9260164945353623e-16 0 0 0
d 0 0 -9.9982216205684688e-16 0 0 1.5084598889616597e-32 22 22 9.9982216204667906e-16 0 0 0
d 0 0 -1.005696087600977e-15 0 0 2.7151960985942106e-30 24 24 1.005696087451352e-15 0 0 0
d 0 0 -1.0107137849267692e-15 0 0 4.7479165581540332e-31 26 26 1.0107137848484704e-15 0 0 0
d 0 0 -1.0155767721672605e-15 0 0 6.6842610977924285e-31 28 28 1.0155767722769411e-15 0 0 0
d 0 0 -1.0203730107322525e-15 0 0 1.0732413586461881e-31 30 30 1.0203730108394725e-15 0 0 0
d 0 0 -1.0251066624436692e-15 0 0 1.9829829585315578e-30 32 32 1.0251066627438097e-15 0 0 0
d 0 0 -1.0297530188398858e-15 0 0 2.4450357755036168e-31 34 34 1.0297530189357354e-15 0 0 0
d 0 0 -1.0344683395157302e-15 0 0 9.470449280481881e-31 36 36 1.0344683396629571e-15 0 0 0
d 0 0 -1.0391709007026356e-15 0 0 3.3213562546133595e-30 38 38 1.0391709009494315e-15 0 0 0
d 0 0 -1.0438021695068145e-15 0 0 1.0178400332038139e-31 40 40 1.0438021695664112e-15 0 0 0
d 0 0 -1.0483752710044982e-15 0 0 6.3010488100983122e-32 42 42 1.048375271068389e-15 0 0 0
d 0 0 -1.052895866622788e-15 0 0 -2.3647580572515817e-31 44 44 1.0528958666806088e-15 0 0 0
d 0 0 -1.0573474336928233e-15 0 0 4.4699709830109901e-30 46 46 1.0573474339163418e-15 0 0 0
d 0 0 -1.0613360460472696e-15 0 0 5.7642227100402721e-29 48 48 1.061336046886671e-15 0 0 0
d 0 0 -1.0649625825419962e-15 0 0 2.6830951646056929e-29 50 50 1.0649625831111191e-15 0 0 0
d 0 0 -1.0683832460607706e-15 0 0 9.4464266859837608e-29 52 52 1.0683832468822395e-15 0 0 0
d 0 0 -1.0717957541858338e-15 0 0 5.9789533562958116e-29 54 54 1.0717957548064683e-15 0 0 0
d 0 0 -1.0752045108764203e-15 0 0 3.0894736824805372e-29 56 56 1.0752045113231948e-15 0 0 0
d 0 0 -1.0786138496039424e-15 0 0 1.7269901925734193e-30 58 58 1.0786138498854541e-15 0 0 0
d 0 0 -1.0820239368306486e-15 0 0 -3.0374240743519277e-29 60 60 1.0820239369571748e-15 0 0 0
d 0 0 -1.0854328053117453e-15 0 0 1.1017370723642478e-28 62 62 1.0854328063723224e-15 0 0 0
d 0 0 -1.0888384703176733e-15 0 0 -8.4793939042321072e-29 64 64 1.088838470749919e-15 0 0 0
d 0 0 -1.0922470629992242e-15 0 0 -1.6980562984848387e-28 66 66 1.092247063237093e-15 0 0 0
d 0 0 -1.0957520239986089e-15 0 0 -2.6993625277462876e-28 68 68 1.0957520241213787e-15 0 0 0
d 0 0 -1.0992713075843612e-15 0 0 -4.125630863468665e-28 70 70 1.0992713076407915e-15 0 0 0
d 0 0 -1.1028164671502627e-15 0 0 -6.1507182632428329e-28 72 72 1.1028164671420783e-15 0 0 0
d 0 0 -1.1063943761037458e-15 0 0 -8.2986095650331266e-28 74 74 1.1063943763292622e-15 0 0 0
d 0 0 -1.110011799335503e-15 0 0 -1.2781792521279159e-27 76 76 1.1100117993160554e-15 0 0 0
d 0 0 -1.1136757352868406e-15 0 0 -1.8859596722089575e-27 78 78 1.1136757350429625e-15 0 0 0
d 0 0 -1.117393150615777e-15 0 0 -2.7211334244858638e-27 80 80 1.1173931501921273e-15 0 0 0
d 0 0 -1.1211703957960062e-15 0 0 -3.8788468923987261e-27 82 82 1.1211703952661405e-15 0 0 0
d 0 0 -1.1250117352604854e-15 0 0 -5.4912091290553602e-27 84 84 1.1250117347329893e-15 0 0 0
d 0 0 -1.1289587172141941e-15 0 0 -7.7364655779806006e-27 86 86 1.1289587168258542e-15 0 0 0
d 0 0 -1.1331476742465898e-15 0 0 -1.0840425077653495e-26 88 88 1.1331476741348139e-15 0 0 0
d 0 0 -1.137285084695099e-15 0 0 -1.4714475450313348e-26 90 90 1.1372850818428028e-15 0 0 0
d 0 0 -1.1412916311539262e-15 0 0 -1.9353825494876805e-26 92 92 1.1412916258886311e-15 0 0 0
d 0 0 -1.1451237630135556e-15 0 0 -2.5029892327668022e-26 94 94 1.1451237680217836e-15 0 0 0
d 0 0 -1.1488070287025482e-15 0 0 -3.1243693706044518e-26 96 96 1.1488070318101318e-15 0 0 0
d 0 0 -1.1525540007590337e-15 0 0 -3.8811427791882448e-26 98 98 1.1525540043880286e-15 0 0 0
d 0 0 -1.1563656940421679e-15 0 0 -4.8180007264459801e-26 100 100 1.1563656981177287e-15 0 0 0
d 0 0 -1.1661743168804939e-15 0 0 -8.2144040676976461e-26 105 105 1.1661743267979296e-15 0 0 0
d 0 0 -1.1763334356280657e-15 0 0 -1.4007689259553449e-25 110 110 1.1763334440444797e-15 0 0 0
d 0 0 -1.1878444042464246e-15 0 0 -2.3683967787576376e-25 115 115 1.1878444108952337e-15 0 0 0
d 0 0 -1.1997678099623993e-15 0 0 -3.9594313278455971e-25 120 120 1.1997678159505156e-15 0 0 0
d 0 0 -1.2120113839914258e-15 0 0 -6.5459759568627592e-25 125 125 1.2120113883952328e-15 0 0 0
d 0 0 -1.2245987538854587e-15 0 0 -1.0694493915855136e-24 130 130 1.2245987545367275e-15 0 0 0
d 0 0 -1.2375297194646824e-15 0 0 -1.7263343155047989e-24 135 135 1.2375297239254037e-15 0 0 0
d 0 0 -1.2507804370273665e-15 0 0 -2.7516532289257845e-24 140 140 1.2507804365974523e-15 0 0 0
d 0 0 -1.2652625171060822e-15 0 0 -4.3576636113877437e-24 145 145 1.2652625187160929e-15 0 0 0
d 0 0 -1.2812378630589487e-15 0 0 -6.8439583258880774e-24 150 150 1.2812378677816216e-15 0 0 0
d 0 0 -1.2980536213736344e-15 0 0 -1.0613627021409763e-23 155 155 1.2980536299438234e-15 0 0 0
d 0 0 -1.3152976337661978e-15 0 0 -1.6212645785204597e-23 160 160 1.3152976506113829e-15 0 0 0
d 0 0 -1.3328928257564511e-15 0 0 -2.4367795410250227e-23 165 165 1.3328928483027495e-15 0 0 0
d 0 0 -1.3507189825576355e-15 0 0 -3.5995803177352e-23 170 170 1.3507190193495013e-15 0 0 0
d 0 0 -1.3686858233959167e-15 0 0 -5.2145304620655216e-23 175 175 1.3686858762008344e-15 0 0 0
d 0 0 -1.3866503623329487e-15 0 0 -7.3117777935703556e-23 180 180 1.3866504457806334e-15 0 0 0
d 0 0 -1.403774367538948e-15 0 0 -9.8514881131480709e-23 185 185 1.403774464674441e-15 0 0 0
d 0 0 -1.4176197870517394e-15 0 0 -1.2041664532603411e-22 190 190 1.4176199171826276e-15 0 0 0
d 0 0 -1.4312278556853186e-15 0 0 -1.4522915407606507e-22 195 195 1.4312279985604452e-15 0 0 0
d 0 0 -1.4447508058816614e-15 0 0 -1.7348492800497627e-22 200 200 1.4447509754509378e-15 0 0 0
d 0 0 -1.458190984964048e-15 0 0 -2.0523176370929091e-22 205 205 1.458191169920647e-15 0 0 0
d 0 0 -1.4715475014668392e-15 0 0 -2.4035404967643369e-22 210 210 1.4715477223217528e-15 0 0 0
d 0 0 -1.4851005313929946e-15 0 0 -2.7852105253539882e-22 215 215 1.4851007590583841e-15 0 0 0
d 0 0 -1.498747037451909e-15 0 0 -3.1928769870221941e-22 220 220 1.4987473518281952e-15 0 0 0
d 0 0 -1.5123207210139469e-15 0 0 -3.6209274716088428e-22 225 225 1.5123210784009104e-15 0 0 0
d 0 0 -1.5258683463597167e-15 0 0 -4.06262696964887e-22 230 230 1.5258687432348864e-15 0 0 0
d 0 0 -1.5394279463078125e-15 0 0 -4.5108159990403068e-22 235 235 1.539428388398721e-15 0 0 0
d 0 0 -1.5530298812793393e-15 0 0 -4.9586457838663272e-22 240 240 1.5530303832868884e-15 0 0 0
d 0 0 -1.5671173346713189e-15 0 0 -5.3998970878866299e-22 245 245 1.5671178756822638e-15 0 0 0
d 0 0 -1.5826149750905255e-15 0 0 -5.8298460660043953e-22 250 250 1.582615560102309e-15 0 0 0
d 0 0 -1.5981951328554758e-15 0 0 -6.2495340283186992e-22 255 255 1.5981957622462426e-15 0 0 0
d 0 0 -1.6140900539624718e-15 0 0 -6.6599551364856687e-22 260 260 1.6140907288544608e-15 0 0 0
d 0 0 -1.63040879488132e-15 0 0 -7.063851740796775e-22 265 265 1.6304095034514139e-15 0 0 0
d 0 0 -1.6472328552963607e-15 0 0 -7.4649973249102565e-22 270 270 1.6472336048465751e-15 0 0 0
d 0 0 -1.6646286669151579e-15 0 0 -7.8685586126681645e-22 275 275 1.6646294578521121e-15 0 0 0
d 0 0 -1.6826278676465525e-15 0 0 -8.2618673010584241e-22 280 280 1.6826286991984819e-15 0 0 0
d 0 0 -1.7015381371731262e-15 0 0 -8.644818569082648e-22 285 285 1.7015390088231939e-15 0 0 0
d 0 0 -1.7213734490320503e-15 0 0 -9.0651904411348996e-22 290 290 1.7213743624206353e-15 0 0 0
d 0 0 -1.7420229805566667e-15 0 0 -9.5647148065607067e-22 295 295 1.7420239390586708e-15 0 0 0
d 0 0 -1.7635796606436892e-15 0 0 -1.028279255933692e-21 300 300 1.7635806922161992e-15 0 0 0
d 0 0 -1.7860725451869559e-15 0 0 -1.1484292903201789e-21 305 305 1.7860736990698935e-15 0 0 0
d 0 0 -1.809732157285119e-15 0 0 -1.3072147970734655e-21 310 310 1.8097334713275327e-15 0 0 0
d 0 0 -1.8358085959948999e-15 0 0 -1.5077118600954532e-21 315 315 1.8358101106230172e-15 0 0 0
d 0 0 -1.8624827380473059e-15 0 0 -1.7427510568122932e-21 320 320 1.8624844832326552e-15 0 0 0
d 0 0 -1.8899565459620587e-15 0 0 -2.0206142158081262e-21 325 325 1.8899585797338067e-15 0 0 0
d 0 0 -1.9173687419411454e-15 0 0 -2.3337032630492076e-21 330 330 1.9173710663624165e-15 0 0 0
d 0 0 -1.9451772295482019e-15 0 0 -2.6945915133545761e-21 335 335 1.945179933447204e-15 0 0 0
d 0 0 -1.9725763720563045e-15 0 0 -3.0862587042234745e-21 340 340 1.9725794712968545e-15 0 0 0
d 0 0 -2.0000163621604099e-15 0 0 -3.5149323693953254e-21 345 345 2.0000198808297221e-15 0 0 0
d 0 0 -2.0275581683772343e-15 0 0 -3.9865085579524731e-21 350 350 2.0275621585728967e-15 0 0 0
d 0 0 -2.0551925567609132e-15 0 0 -4.4967754209217137e-21 355 355 2.0551970571256923e-15 0 0 0
d 0 0 -2.0829100780930662e-15 0 0 -5.0375723424573356e-21 360 360 2.0829151191608993e-15 0 0 0
d 0 0 -2.1107127145612461e-15 0 0 -5.5983640252831767e-21 365 365 2.1107183160844933e-15 0 0 0
d 0 0 -2.1386281158381309e-15 0 0 -6.1751936137401037e-21 370 370 2.1386343031243469e-15 0 0 0
d 0 0 -2.1667230064055313e-15 0 0 -6.7877968941807869e-21 375 375 2.1667298051091342e-15 0 0 0
d 0 0 -2.1950375363166171e-15 0 0 -7.4443363018639901e-21 380 380 2.1950449908814307e-15 0 0 0
d 0 0 -2.2238547886822232e-15 0 0 -8.3574170867245906e-21 385 385 2.223863153590773e-15 0 0 0
d 0 0 -2.2530597066418677e-15 0 0 -9.5112465488074013e-21 390 390 2.253069224584736e-15 0 0 0
d 0 0 -2.2825436870329686e-15 0 0 -1.0850138806318949e-20 395 395 2.2825545430120646e-15 0 0 0
d 0 0 -2.312267647121888e-15 0 0 -1.2359082332371292e-20 400 400 2.3122800110795689e-15 0 0 0
d 0 0 -2.3421891953744041e-15 0 0 -1.4044241329337648e-20 405 405 2.3422032567826429e-15 0 0 0
d 0 0 -2.3723647344211474e-15 0 0 -1.5921887693451402e-20 410 410 2.3723806819426406e-15 0 0 0
d 0 0 -2.4048593153881684e-15 0 0 -1.7836849738384255e-20 415 415 2.404877425360656e-15 0 0 0
d 0 0 -2.4354579671459012e-15 0 0 -1.9851519912293655e-20 420 420 2.4354779242047918e-15 0 0 0
d 0 0 -2.4639292076446896e-15 0 0 -2.1848584808002395e-20 425 425 2.4639511394089305e-15 0 0 0
d 0 0 -2.4925700627799081e-15 0 0 -2.4027462531167989e-20 430 430 2.492594155570422e-15 0 0 0
d 0 0 -2.5215669613228687e-15 0 0 -2.6386749838039823e-20 435 435 2.521593419768432e-15 0 0 0
d 0 0 -2.5508787028224063e-15 0 0 -2.8924028627645363e-20 440 440 2.550907853224371e-15 0 0 0
d 0 0 -2.5804925548633454e-15 0 0 -3.1637815023611621e-20 445 445 2.580524092578455e-15 0 0 0
d 0 0 -2.610439730022017e-15 0 0 -3.4524733514077098e-20 450 450 2.6104740526837699e-15 0 0 0
d 0 0 -2.6407465757905739e-15 0 0 -3.7582791593806495e-20 455 455 2.6407841030102734e-15 0 0 0
d 0 0 -2.6714372215257374e-15 0 0 -4.0804977659899411e-20 460 460 2.6714779586050117e-15 0 0 0
d 0 0 -2.7025350689792728e-15 0 0 -4.4179864495576781e-20 465 465 2.7025791716115789e-15 0 0 0
d 0 0 -2.7340634640236267e-15 0 0 -4.769280366439607e-20 470 470 2.7341110728431363e-15 0 0 0
d 0 0 -2.7660457227260099e-15 0 0 -5.1325657554412664e-20 475 475 2.7660969595167756e-15 0 0 0
d 0 0 -2.7985049997313131e-15 0 0 -5.5056621987574987e-20 480 480 2.7985599636640904e-15 0 0 0
d 0 0 -2.8314639982944205e-15 0 0 -5.8860082154916187e-20 485 485 2.8315228051679652e-15 0 0 0
d 0 0 -2.8649444635546214e-15 0 0 -6.2706896687975743e-20 490 490 2.8650071104376144e-15 0 0 0
d 0 0 -2.8989663069017994e-15 0 0 -6.6564906290122826e-20 495 495 2.8990328303012916e-15 0 0 0
d 0 0 -2.9335461206917502e-15 0 0 -7.0399781518602528e-20 500 500 2.9336164721898479e-15 0 0 0
d 0 0 -2.9686941724512789e-15 0 0 -7.4176200519894806e-20 505 505 2.9687682912505199e-15 0 0 0
d 0 0 -3.004405213522168e-15 0 0 -7.7859292789387245e-20 510 510 3.0044830026529267e-15 0 0 0
d 0 0 -3.0405708984231718e-15 0 0 -8.1415402177635344e-20 515 515 3.0406522548479149e-15 0 0 0
d 0 0 -3.0793032263091458e-15 0 0 -8.4840887085085927e-20 520 520 3.0793881996047539e-15 0 0 0
d 0 0 -3.1181946919078493e-15 0 0 -8.8087729136217983e-20 525 525 3.1182826490679788e-15 0 0 0
d 0 0 -3.1573472293514605e-15 0 0 -9.1145296709568999e-20 530 530 3.1574382334154887e-15 0 0 0
d 0 0 -3.1968721461732107e-15 0 0 -9.4014896674484349e-20 535 535 3.19696599998566e-15 0 0 0
d 0 0 -3.236905209219821e-15 0 0 -9.6711638467036105e-20 540 540 3.2370018845165774e-15 0 0 0
d 0 0 -3.2773125135469505e-15 0 0 -9.926290820733173e-20 545 545 3.2774117325819735e-15 0 0 0
d 0 0 -3.3181678599564119e-15 0 0 -1.0171389181676292e-19 550 550 3.3182695210991399e-15 0 0 0
d 0 0 -3.3595726313869261e-15 0 0 -1.0412291120655104e-19 555 555 3.3596766930974221e-15 0 0 0
d 0 0 -3.4016383656242675e-15 0 0 -1.0655829413608929e-19 560 560 3.4017448513243474e-15 0 0 0
d 0 0 -3.4444798059815835e-15 0 0 -1.0909483752052844e-19 565 565 3.4445888205494239e-15 0 0 0
d 0 0 -3.4882077906249766e-15 0 0 -1.1180963733561047e-19 570 570 3.4883195168538558e-15 0 0 0
d 0 0 -3.5329228434732718e-15 0 0 -1.1477826767847227e-19 575 575 3.5330375823342358e-15 0 0 0
d 0 0 -3.5787106418889061e-15 0 0 -1.1807186369153545e-19 580 580 3.5788285421900602e-15 0 0 0
d 0 0 -3.6256397470505157e-15 0 0 -1.2175536179274211e-19 585 585 3.6257613247952462e-15 0 0 0
d 0 0 -3.6737614673188595e-15 0 0 -1.2588685159237201e-19 590 590 3.6738871787521553e-15 0 0 0
d 0 0 -3.7231112212827119e-15 0 0 -1.3051778954306157e-19 595 595 3.7232415767353211e-15 0 0 0
d 0 0 -3.7737106228458294e-15 0 0 -1.3569373579860076e-19 600 600 3.7738461835703966e-15 0 0 0
d 0 0 -3.8255688638817524e-15 0 0 -1.414551622811934e-19 605 605 3.8257101748042666e-15 0 0 0
d 0 0 -3.8786723039258183e-15 0 0 -1.4783589340115252e-19 610 610 3.8788204730700464e-15 0 0 0
d 0 0 -3.9316602772579956e-15 0 0 -1.5457541190297597e-19 615 615 3.9318150989065324e-15 0 0 0
d 0 0 -3.9862011622157065e-15 0 0 -1.6204586226135987e-19 620 620 3.9863629704358747e-15 0 0 0
d 0 0 -4.0405753203119463e-15 0 0 -1.698810530585341e-19 625 625 4.0407454144889476e-15 0 0 0
d 0 0 -4.0925733811773326e-15 0 0 -1.7744419374882123e-19 630 630 4.0927509172210031e-15 0 0 0
d 0 0 -4.145433000583564e-15 0 0 -1.8540094597760948e-19 635 635 4.1456185163248469e-15 0 0 0
d 0 0 -4.1993479601039169e-15 0 0 -1.9397134077605644e-19 640 640 4.1995420844340933e-15 0 0 0
d 0 0 -4.2543640098141783e-15 0 0 -2.0318424658164214e-19 645 645 4.2545673888845433e-15 0 0 0
d 0 0 -4.3105102019474079e-15 0 0 -2.1306930706860976e-19 650 650 4.3107235111846815e-15 0 0 0
d 0 0 -4.3678086940071283e-15 0 0 -2.2365905546503466e-19 655 655 4.3680326411123487e-15 0 0 0
d 0 0 -4.4262723881696151e-15 0 0 -2.3498919830995833e-19 660 660 4.4265077162785469e-15 0 0 0
d 0 0 -4.4858886144169713e-15 0 0 -2.4709893105464949e-19 665 665 4.4861358145297276e-15 0 0 0
d 0 0 -4.5465319537876594e-15 0 0 -2.6003201976484073e-19 670 670 4.5467921137318693e-15 0 0 0
d 0 0 -4.6134140249584407e-15 0 0 -2.7376423571500673e-19 675 675 4.6136879498272558e-15 0 0 0
d 0 0 -4.683653740495596e-15 0 0 -2.8839992701308162e-19 680 680 4.6839423004128706e-15 0 0 0
d 0 0 -4.754964352479073e-15 0 0 -3.040275765871336e-19 685 685 4.7552685594272064e-15 0 0 0
d 0 0 -4.8277611046427217e-15 0 0 -3.2070287289519127e-19 690 690 4.828082006197553e-15 0 0 0
d 0 0 -4.9022537643394635e-15 0 0 -3.384901544076757e-19 695 695 4.9025924740851085e-15 0 0 0
d 0 0 -4.9786077651317558e-15 0 0 -3.5746092952901428e-19 700 700 4.9789654673361522e-15 0 0 0
d 0 0 -5.0569788329770473e-15 0 0 -3.7769504783906083e-19 705 705 5.0573567836400649e-15 0 0 0
d 0 0 -5.1375254006923301e-15 0 0 -3.9928393318794696e-19 710 710 5.1379249645910801e-15 0 0 0
d 0 0 -5.2204139620827309e-15 0 0 -4.2233800717933633e-19 715 715 5.2208366058804773e-15 0 0 0
d 0 0 -5.3058205435441436e-15 0 0 -4.4700326984130754e-19 720 720 5.3062676366208163e-15 0 0 0
d 0 0 -5.3939277141491355e-15 0 0 -4.7349416125279816e-19 725 725 5.3944013079534416e-15 0 0 0
d 0 0 -5.4849126992639933e-15 0 0 -5.021439630891346e-19 730 730 5.4854149530630799e-15 0 0 0
d 0 0 -5.5789120681649464e-15 0 0 -5.3347117220077527e-19 735 735 5.5794456622514236e-15 0 0 0
d 0 0 -5.6759237050485546e-15 0 0 -5.6838031936710291e-19 740 740 5.6764922294788174e-15 0 0 0
d 0 0 -5.7757133703469547e-15 0 0 -6.083691332880325e-19 745 745 5.7763219145945882e-15 0 0 0
d 0 0 -5.8784463814011564e-15 0 0 -6.5311440342255232e-19 750 750 5.8790996863958417e-15 0 0 0
d 0 0 -5.9847107621714004e-15 0 0 -7.0077567826019103e-19 755 755 5.9854117348297465e-15 0 0 0
d 0 0 -6.0947143427704685e-15 0 0 -7.5095092371902019e-19 760 760 6.0954654965926783e-15 0 0 0
d 0 0 -6.2084158492373056e-15 0 0 -8.0372343249537823e-19 765 765 6.2092197812761659e-15 0 0 0
d 0 0 -6.3250290235286201e-15 0 0 -8.5881048975169727e-19 770 770 6.3258884285053739e-15 0 0 0
d 0 0 -6.4429835843939605e-15 0 0 -9.1670180972300786e-19 775 775 6.4438998498775046e-15 0 0 0
d 0 0 -6.5639412456205027e-15 0 0 -9.7891150905850212e-19 780 780 6.5649204540837397e-15 0 0 0
d 0 0 -6.6785588480346947e-15 0 0 -1.0392848046436177e-18 785 785 6.6795984369453762e-15 0 0 0
d 0 0 -6.7940199073776409e-15 0 0 -1.1028196045456967e-18 790 790 6.7951229948381093e-15 0 0 0
d 0 0 -6.9104231709194413e-15 0 0 -1.1699471339787645e-18 795 795 6.9115933830179729e-15 0 0 0
d 0 0 -7.0277566702250891e-15 0 0 -1.2406489867430206e-18 800 800 7.0289975812260666e-15 0 0 0
d 0 0 -7.1460567285193189e-15 0 0 -1.3150831740672694e-18 805 805 7.1473720699373357e-15 0 0 0
d 0 0 -7.2653651182514757e-15 0 0 -1.3934327010996538e-18 810 810 7.266758820114216e-15 0 0 0
d 0 0 -7.3857344431716707e-15 0 0 -1.4758742874079138e-18 815 815 7.3872105880850885e-15 0 0 0
d 0 0 -7.50722776088141e-15 0 0 -1.5625843656698052e-18 820 820 7.5087906134335196e-15 0 0 0
d 0 0 -7.629917109680384e-15 0 0 -1.6537406310671754e-18 825 825 7.6315711167948842e-15 0 0 0
d 0 0 -7.7538819974306833e-15 0 0 -1.7495223417638759e-18 830 830 7.7556317854786507e-15 0 0 0
d 0 0 -7.8792082483505416e-15 0 0 -1.85011006049035e-18 835 835 7.8810586243877396e-15 0 0 0
d 0 0 -8.0059872661050737e-15 0 0 -1.9556850843462463e-18 840 840 8.007943218567468e-15 0 0 0
d 0 0 -8.1343156685251835e-15 0 0 -2.0664286556595661e-18 845 845 8.1363823671524175e-15 0 0 0
d 0 0 -8.264295224918905e-15 0 0 -2.1825209794033185e-18 850 850 8.2664780196938263e-15 0 0 0
d 0 0 -8.3960330281910413e-15 0 0 -2.3041400397554346e-18 855 855 8.3983374470985226e-15 0 0 0
d 0 0 -8.529641843503048e-15 0 0 -2.4314601919029726e-18 860 860 8.5320735888744075e-15 0 0 0
d 0 0 -8.6652405865678282e-15 0 0 -2.5646504976211705e-18 865 865 8.6678055297476607e-15 0 0 0
d 0 0 -8.8029548926658252e-15 0 0 -2.7038727694103487e-18 870 870 8.8056590667021541e-15 0 0 0
d 0 0 -8.9429177360610023e-15 0 0 -2.8492792838228697e-18 875 875 8.9457673260815172e-15 0 0 0
d 0 0 -9.0852700437477648e-15 0 0 -3.0010101199848314e-18 880 880 9.0882713746460762e-15 0 0 0
d 0 0 -9.2301612138517174e-15 0 0 -3.1591900842083178e-18 885 885 9.2333207348803327e-15 0 0 0
d 0 0 -9.3777493865398619e-15 0 0 -3.3239252197468369e-18 890 890 9.3810736524274963e-15 0 0 0
d 0 0 -9.5282011316215496e-15 0 0 -3.4952989474343559e-18 895 895 9.531696779884822e-15 0 0 0
d 0 0 -9.6816892531793854e-15 0 0 -3.6733672899884581e-18 900 900 9.6853629766302334e-15 0 0 0
d 0 0 -9.8383826632199344e-15 0 0 -3.8581478861731437e-18 905 905 9.8422412019465373e-15 0 0 0
d 0 0 -9.9984036995240599e-15 0 0 -4.0495767160228308e-18 910 910 1.0002453679001471e-14 0 0 0
d 0 0 -1.0161503903056573e-14 0 0 -4.2471017076236331e-18 915 915 1.0165752048536799e-14 0 0 0
d 0 0 -1.032116189981416e-14 0 0 -4.4411791556782177e-18 920 920 1.0325601909675878e-14 0 0 0
d 0 0 -1.0499768037016378e-14 0 0 -4.6463667279808713e-18 925 925 1.0504415047541324e-14 0 0 0
d 0 0 -1.0680833015739288e-14 0 0 -4.8372552488968515e-18 930 930 1.0685670812083659e-14 0 0 0
d 0 0 -1.086333362987216e-14 0 0 -5.0318320350688595e-18 935 935 1.0868365852123097e-14 0 0 0
d 0 0 -1.1049327907708831e-14 0 0 -5.2304892423330357e-18 940 940 1.1054558769940632e-14 0 0 0
d 0 0 -1.1239628543500466e-14 0 0 -5.4331412681268799e-18 945 945 1.1245062039877421e-14 0 0 0
d 0 0 -1.1434778526626581e-14 0 0 -5.6395810971066293e-18 950 950 1.14404184432455e-14 0 0 0
d 0 0 -1.1635227215097196e-14 0 0 -5.8495593130795354e-18 955 955 1.164107708918528e-14 0 0 0
d 0 0 -1.184138348001068e-14 0 0 -6.0628261493188449e-18 960 960 1.1847446599535735e-14 0 0 0
d 0 0 -1.2053633494501345e-14 0 0 -6.2791652855655005e-18 965 965 1.2059912931509857e-14 0 0 0
d 0 0 -1.2272344140307639e-14 0 0 -6.4984200774934562e-18 970 970 1.2278842810505517e-14 0 0 0
d 0 0 -1.2497858930256139e-14 0 0 -6.7205417778304748e-18 975 975 1.2504580276239135e-14 0 0 0
d 0 0 -1.2730483201806813e-14 0 0 -6.9437756474398277e-18 980 980 1.2737427720436777e-14 0 0 0
d 0 0 -1.2970604150513006e-14 0 0 -7.1697334874831743e-18 985 985 1.2977774593225799e-14 0 0 0
d 0 0 -1.3218369388704613e-14 0 0 -7.3985388190092565e-18 990 990 1.3225768585847344e-14 0 0 0
d 0 0 -1.3473848619784115e-14 0 0 -7.6291098101209431e-18 995 995 1.348147832253353e-14 0 0 0
d 0 0 -1.3737033576945514e-14 0 0 -7.8605012328292087e-18 1000 1000 1.3744894608763685e-14 0 0 0
d 0 0 -1.4007800032967709e-14 0 0 -8.0920542690181159e-18 1005 1005 1.40158925586478e-14 0 0 0
d 0 0 -1.4285888129100353e-14 0 0 -8.3232833483792567e-18 1010 1010 1.4294211827739644e-14 0 0 0
d 0 0 -1.4570910138022138e-14 0 0 -8.5537987204032301e-18 1015 1015 1.4579464298690631e-14 0 0 0
d 0 0 -1.4862380639759912e-14 0 0 -8.7832409615880865e-18 1020 1020 1.4871164191724457e-14 0 0 0
d 0 0 -1.5159764650539188e-14 0 0 -9.0111988418536284e-18 1025 1025 1.5168776772341173e-14 0 0 0
d 0 0 -1.5462550835733101e-14 0 0 -9.2370619682012881e-18 1030 1030 1.5471788659733718e-14 0 0 0
d 0 0 -1.5770390308113697e-14 0 0 -9.4597187052754419e-18 1035 1035 1.5779850705602135e-14 0 0 0
d 0 0 -1.6077517186967104e-14 0 0 -9.6920299355634112e-18 1040 1040 1.6087209740467345e-14 0 0 0
d 0 0 -1.6373993307438915e-14 0 0 -9.9078653152723773e-18 1045 1045 1.6383901881072542e-14 0 0 0
d 0 0 -1.6682002399890544e-14 0 0 -1.012796883752628e-17 1050 1050 1.6692128003873507e-14 0 0 0
d 0 0 -1.6967780181468053e-14 0 0 -1.0321535775135761e-17 1055 1055 1.6978101231958799e-14 0 0 0
d 0 0 -1.725147509052074e-14 0 0 -1.05061754640039e-17 1060 1060 1.7261982208864449e-14 0 0 0
d 0 0 -1.7535364273451276e-14 0 0 -1.0684227563990808e-17 1065 1065 1.7546049118406141e-14 0 0 0
d 0 0 -1.78194237162376e-14 0 0 -1.0855373427927715e-17 1070 1070 1.7830279441453617e-14 0 0 0
d 0 0 -1.8104339211036269e-14 0 0 -1.1017426682290512e-17 1075 1075 1.8115356735407343e-14 0 0 0
d 0 0 -1.8389911654498993e-14 0 0 -1.1169502028762917e-17 1080 1080 1.8401081134826704e-14 0 0 0
d 0 0 -1.867614523817554e-14 0 0 -1.1310231154159645e-17 1085 1085 1.8687455414370964e-14 0 0 0
d 0 0 -1.8962907733554103e-14 0 0 -1.143835004257126e-17 1090 1090 1.8974346096815195e-14 0 0 0
d 0 0 -1.9250041615235355e-14 0 0 -1.1552546729676289e-17 1095 1095 1.9261594341087279e-14 0 0 0
d 0 0 -1.953736686951936e-14 0 0 -1.1651477726118461e-17 1100 1100 1.9549018779920712e-14 0 0 0
d 0 0 -1.9824678603836188e-14 0 0 -1.1733786590306657e-17 1105 1105 1.983641314378609e-14 0 0 0
d 0 0 -2.0111737369047365e-14 0 0 -1.1798125037181848e-17 1110 1110 2.012353660867702e-14 0 0 0
d 0 0 -2.0398275510025994e-14 0 0 -1.1843173930326333e-17 1115 1115 2.0410118611852524e-14 0 0 0
d 0 0 -2.0683998345619049e-14 0 0 -1.1867669126038127e-17 1120 1120 2.0695866089428424e-14 0 0 0
d 0 0 -2.0968586768358603e-14 0 0 -1.1870431256178553e-17 1125 1125 2.0980457402889625e-14 0 0 0
d 0 0 -2.1251699276587348e-14 0 0 -1.185039953430175e-17 1130 1130 2.1263550055605613e-14 0 0 0
d 0 0 -2.1532964225466724e-14 0 0 -1.1806671524531141e-17 1135 1135 2.1544771447800293e-14 0 0 0
d 0 0 -2.1811942209926178e-14 0 0 -1.1738559334028835e-17 1140 1140 2.1823681481887137e-14 0 0 0
d 0 0 -2.2087884898229496e-14 0 0 -1.1645727264395218e-17 1145 1145 2.2099531476490958e-14 0 0 0
d 0 0 -2.2347328308313905e-14 0 0 -1.1532635026030385e-17 1150 1150 2.2358861823544909e-14 0 0 0
d 0 0 -2.2606188369389643e-14 0 0 -1.1396294647097969e-17 1155 1155 2.2617585371918226e-14 0 0 0
d 0 0 -2.2842866066119635e-14 0 0 -1.1247686599180675e-17 1160 1160 2.2854114275790584e-14 0 0 0
d 0 0 -2.3075246840102371e-14 0 0 -1.1081786428324031e-17 1165 1165 2.3086330093622231e-14 0 0 0
d 0 0 -2.3304234455723992e-14 0 0 -1.0899344600941273e-17 1170 1170 2.3315134220606168e-14 0 0 0
d 0 0 -2.3529961526349159e-14 0 0 -1.0701608012239732e-17 1175 1175 2.3540663586226934e-14 0 0 0
d 0 0 -2.3752614114570109e-14 0 0 -1.0490164719579865e-17 1180 1180 2.3763104758410418e-14 0 0 0
d 0 0 -2.3972520275274046e-14 0 0 -1.0266920620786119e-17 1185 1185 2.3982787697668581e-14 0 0 0
d 0 0 -2.4190130800068035e-14 0 0 -1.0034084547890401e-17 1190 1190 2.4200165405373937e-14 0 0 0
d 0 0 -2.4406058563279017e-14 0 0 -9.7941359584873353e-18 1195 1195 2.4415853236527861e-14 0 0 0
d 0 0 -2.4621105451561239e-14 0 0 -9.5497769530771824e-18 1200 1200 2.4630655783478318e-14 0 0 0
d 0 0 -2.4836279844012827e-14 0 0 -9.3038667400434683e-18 1205 1205 2.484558427412769e-14 0 0 0
d 0 0 -2.5052801446012851e-14 0 0 -9.0593430640335235e-18 1210 1210 2.5061862184458511e-14 0 0 0
d 0 0 -2.5272082036798843e-14 0 0 -8.8191455566405732e-18 1215 1215 2.5280902512294466e-14 0 0 0
d 0 0 -2.549566487534851e-14 0 0 -8.5861580229057291e-18 1220 1220 2.5504252270090903e-14 0 0 0
d 0 0 -2.5724995024054167e-14 0 0 -8.3632712551250011e-18 1225 1225 2.5733359400895407e-14 0 0 0
d 0 0 -2.5947893803692169e-14 0 0 -8.1639189483246388e-18 1230 1230 2.5956050754281397e-14 0 0 0
d 0 0 -2.6177199606480613e-14 0 0 -7.9785501501226521e-18 1235 1235 2.6185178870168585e-14 0 0 0
d 0 0 -2.6395711025942416e-14 0 0 -7.8197678996043188e-18 1240 1240 2.6403531707456659e-14 0 0 0
d 0 0 -2.6622066456268573e-14 0 0 -7.6740932591817713e-18 1245 1245 2.6629741353945059e-14 0 0 0
d 0 0 -2.6858395023871932e-14 0 0 -7.5412588757676009e-18 1250 1250 2.6865937015027541e-14 0 0 0
d 0 0 -2.7106135943920101e-14 0 0 -7.4213786649305824e-18 1255 1255 2.7113557907151243e-14 0 0 0
d 0 0 -2.7366508104042229e-14 0 0 -7.3145499238032327e-18 1260 1260 2.7373822965884351e-14 0 0 0
d 0 0 -2.7640608652153709e-14 0 0 -7.2207747043662722e-18 1265 1265 2.764782934202233e-14 0 0 0
d 0 0 -2.7929400138401633e-14 0 0 -7.1399558666291993e-18 1270 1270 2.7936539355655185e-14 0 0 0
d 0 0 -2.8233584286406739e-14 0 0 -7.0719182223387426e-18 1275 1275 2.8240654461974339e-14 0 0 0
d 0 0 -2.8552719097347567e-14 0 0 -7.0165106496785867e-18 1280 1280 2.8559727987264603e-14 0 0 0
d 0 0 -2.8867469249120591e-14 0 0 -6.9752212317214801e-18 1285 1285 2.8874442044191025e-14 0 0 0
d 0 0 -2.9217311459882777e-14 0 0 -6.9424767541851922e-18 1290 1290 2.9224214835868362e-14 0 0 0
d 0 0 -2.9582049449590001e-14 0 0 -6.9190950435187334e-18 1295 1295 2.9588939709738792e-14 0 0 0
d 0 0 -2.995936807486519e-14 0 0 -6.9048345733549427e-18 1300 1300 2.9966230673458773e-14 0 0 0
d 0 0 -3.0351345174645053e-14 0 0 -6.8992723576373989e-18 1305 1305 3.0358177421380367e-14 0 0 0
d 0 0 -3.0759021817319566e-14 0 0 -6.9021018931420499e-18 1310 1310 3.0765813647134383e-14 0 0 0
d 0 0 -3.118321584207716e-14 0 0 -6.9131085095882579e-18 1315 1315 3.1189947104489784e-14 0 0 0
d 0 0 -3.16248188908256e-14 0 0 -6.9323328775191191e-18 1320 1320 3.1631436926330369e-14 0 0 0
d 0 0 -3.2081136505622244e-14 0 0 -6.9557064270491755e-18 1325 1325 3.2087813163509195e-14 0 0 0
d 0 0 -3.2551536654167171e-14 0 0 -6.981635649196365e-18 1330 1330 3.2556176039119028e-14 0 0 0
d 0 0 -3.3040548915083837e-14 0 0 -7.0147873749755303e-18 1335 1335 3.3045755199076278e-14 0 0 0
d 0 0 -3.3548766526160052e-14 0 0 -7.0551868522348949e-18 1340 1340 3.3552763730779084e-14 0 0 0
d 0 0 -3.4076642268222544e-14 0 0 -7.102419175390599e-18 1345 1345 3.4083079284653225e-14 0 0 0
d 0 0 -3.4624852415174016e-14 0 0 -7.1561710642812653e-18 1350 1350 3.4629897020646761e-14 0 0 0
d 0 0 -3.5194309187995033e-14 0 0 -7.2161282745797935e-18 1355 1355 3.5200781057785881e-14 0 0 0
d 0 0 -3.5785704190298584e-14 0 0 -7.282034816360127e-18 1360 1360 3.5791424330548794e-14 0 0 0
d 0 0 -3.6399549455825585e-14 0 0 -7.3536915106983035e-18 1365 1365 3.6405645864993841e-14 0 0 0
d 0 0 -3.7035695603314324e-14 0 0 -7.4310271382148592e-18 1370 1370 3.7040494219456792e-14 0 0 0
d 0 0 -3.7694097839981246e-14 0 0 -7.5139902179102685e-18 1375 1375 3.7698399553078115e-14 0 0 0
d 0 0 -3.8375158732406444e-14 0 0 -7.6025390482328081e-18 1380 1380 3.8369373787587883e-14 0 0 0
d 0 0 -3.9079173765528772e-14 0 0 -7.6966529204658339e-18 1385 1385 3.9070730764752091e-14 0 0 0
d 0 0 -3.9805676229391422e-14 0 0 -7.7963183288317005e-18 1390 1390 3.9802593025850358e-14 0 0 0
d 0 0 -4.0554051095109448e-14 0 0 -7.9016927616763356e-18 1395 1395 4.0545267275483268e-14 0 0 0
d 0 0 -4.132406167161022e-14 0 0 -8.0129285086099352e-18 1400 1400 4.1327302272116451e-14 0 0 0
d 0 0 -4.1638012581673421e-14 0 0 -8.0591040461669198e-18 1402 1402 4.1631395342240907e-14 0 0 0
d 0 0 -4.1955328306955497e-14 0 0 -8.1062564809327468e-18 1404 1404 4.1959503817238264e-14 0 0 0
d 0 0 -4.2276192440904396e-14 0 0 -8.1543698874581985e-18 1406 1406 4.228039539371273e-14 0 0 0
d 0 0 -4.2600762116277553e-14 0 0 -8.2034329296770746e-18 1408 1408 4.2604987416528019e-14 0 0 0
d 0 0 -4.2929024763884299e-14 0 0 -8.2534577516497241e-18 1410 1410 4.2933272010863843e-14 0 0 0
d 0 0 -4.3260973444251321e-14 0 0 -8.3044563310528505e-18 1412 1412 4.3265241884269883e-14 0 0 0
d 0 0 -4.3596607618743503e-14 0 0 -8.3564404698232269e-18 1414 1414 4.3600895987816076e-14 0 0 0
d 0 0 -4.3935932907313306e-14 0 0 -8.4094217842869663e-18 1416 1416 4.3940238366153546e-14 0 0 0
d 0 0 -4.4278960458461661e-14 0 0 -8.4634117713501699e-18 1418 1418 4.4283279956121175e-14 0 0 0
d 0 0 -4.4625706678907356e-14 0 0 -8.5184220369941261e-18 1420 1420 4.463003965018068e-14 0 0 0
d 0 0 -4.4976192540358422e-14 0 0 -8.5744645250825594e-18 1422 1422 4.4980541056922813e-14 0 0 0
d 0 0 -4.5330609902028106e-14 0 0 -8.6315297782535244e-18 1424 1424 4.5335033238151052e-14 0 0 0
d 0 0 -4.568926234055755e-14 0 0 -8.689594818704723e-18 1426 1426 4.5693771973727475e-14 0 0 0
d 0 0 -4.6052181762115114e-14 0 0 -8.7486731044573692e-18 1428 1428 4.6056779170987836e-14 0 0 0
d 0 0 -4.6419402185407455e-14 0 0 -8.8087782228246423e-18 1430 1430 4.6424099031237289e-14 0 0 0
d 0 0 -4.6791082937022535e-14 0 0 -8.8698962221651169e-18 1432 1432 4.6795913216665877e-14 0 0 0
d 0 0 -4.7167320250875393e-14 0 0 -8.9320469112607688e-18 1434 1434 4.7172288340354253e-14 0 0 0
d 0 0 -4.7548146760811986e-14 0 0 -8.9952453985555489e-18 1436 1436 4.7553259245101213e-14 0 0 0
d 0 0 -4.7933596242828653e-14 0 0 -9.0595067734963249e-18 1438 1438 4.793885038477484e-14 0 0 0
d 0 0 -4.8323701808491064e-14 0 0 -9.1248459510795614e-18 1440 1440 4.8329079260034476e-14 0 0 0
d 0 0 -4.8718494976585238e-14 0 0 -9.1912774301546676e-18 1442 1442 4.8723963093706577e-14 0 0 0
d 0 0 -4.91180069208691e-14 0 0 -9.2588154521251084e-18 1444 1444 4.9123528414217519e-14 0 0 0
d 0 0 -4.9522271343714302e-14 0 0 -9.3274744381035051e-18 1446 1446 4.9527817126990967e-14 0 0 0
d 0 0 -4.9931327129000527e-14 0 0 -9.3972693985408707e-18 1448 1448 4.9936885372168532e-14 0 0 0
d 0 0 -5.034521914363451e-14 0 0 -9.4682160395100554e-18 1450 1450 5.0350795340308691e-14 0 0 0
d 0 0 -5.0763997075010975e-14 0 0 -9.5403305353405924e-18 1452 1452 5.0769606707345765e-14 0 0 0
d 0 0 -5.1187713643969683e-14 0 0 -9.6136291815583395e-18 1454 1454 5.1193374141873048e-14 0 0 0
d 0 0 -5.1616423439338599e-14 0 0 -9.6881281343530442e-18 1456 1456 5.1622149783025553e-14 0 0 0
d 0 0 -5.2050182606448567e-14 0 0 -9.7638432773208089e-18 1458 1458 5.2055986344219056e-14 0 0 0
d 0 0 -5.2489049041296994e-14 0 0 -9.8407901571142937e-18 1460 1460 5.2494938899901584e-14 0 0 0
d 0 0 -5.2933082759167779e-14 0 0 -9.9189839285071642e-18 1462 1462 5.2939065580612548e-14 0 0 0
d 0 0 -5.3382346288893393e-14 0 0 -9.9984392759535997e-18 1464 1464 5.3388427806867261e-14 0 0 0
d 0 0 -5.3836905068173816e-14 0 0 -1.0079170294904365e-17 1466 1466 5.3843090444588551e-14 0 0 0
d 0 0 -5.4296827863159488e-14 0 0 -1.0161190316874327e-17 1468 1468 5.4303122038443614e-14 0 0 0
d 0 0 -5.4762187273160868e-14 0 0 -1.0244511656568459e-17 1470 1470 5.4768595201039653e-14 0 0 0
d 0 0 -5.523306039393737e-14 0 0 -1.0329145238849246e-17 1472 1472 5.5239587215375226e-14 0 0 0
d 0 0 -5.570952980247294e-14 0 0 -1.0415100036311256e-17 1474 1474 5.5716180988749753e-14 0 0 0
d 0 0 -5.6191684914173004e-14 0 0 -1.050238213536284e-17 1476 1476 5.6198466398515315e-14 0 0 0
d 0 0 -5.6679624437984179e-14 0 0 -1.0590993173230654e-17 1478 1478 5.6686542770571494e-14 0 0 0
d 0 0 -5.7173460861584193e-14 0 0 -1.0680927411932633e-17 1480 1480 5.7180523616733364e-14 0 0 0
d 0 0 -5.7673329720803409e-14 0 0 -1.0772165549192845e-17 1482 1482 5.7680546790430842e-14 0 0 0
d 0 0 -5.8179413057180522e-14 0 0 -1.0864659053913149e-17 1484 1484 5.8186800666552475e-14 0 0 0
d 0 0 -5.8692021544876384e-14 0 0 -1.095827492427668e-17 1486 1486 5.8699618249323463e-14 0 0 0
d 0 0 -5.9211336541778607e-14 0 0 -1.1052977927175054e-17 1488 1488 5.92187328197593e-14 0 0 0
d 0 0 -5.9726136880935668e-14 0 0 -1.1156507166241552e-17 1490 1490 5.9732331038225869e-14 0 0 0
d 0 0 -6.024751129485891e-14 0 0 -1.1261286850205044e-17 1492 1492 6.0254462824496416e-14 0 0 0
d 0 0 -6.0775547119607249e-14 0 0 -1.1367344701048077e-17 1494 1494 6.0782678541090996e-14 0 0 0
d 0 0 -6.1310148063154618e-14 0 0 -1.14748341601753e-17 1496 1496 6.1317455461849782e-14 0 0 0
d 0 0 -6.1851335625983383e-14 0 0 -1.1583830035899073e-17 1498 1498 6.185881736474975e-14 0 0 0
d 0 0 -6.2399173345626703e-14 0 0 -1.1694380151661158e-17 1500 1500 6.2406830203931473e-14 0 0 0
d 0 0 -6.2953745565295163e-14 0 0 -1.1806519915649138e-17 1502 1502 6.2961579505612436e-14 0 0 0
d 0 0 -6.3515149166783736e-14 0 0 -1.1920278016466648e-17 1504 1504 6.3523162618740933e-14 0 0 0
d 0 0 -6.4083489746410899e-14 0 0 -1.2035679096345421e-17 1506 1506 6.4091685308706113e-14 0 0 0
d 0 0 -6.4658879674787395e-14 0 0 -1.2152745169254681e-17 1508 1508 6.4667260010507872e-14 0 0 0
d 0 0 -6.5241437049744731e-14 0 0 -1.2271496438414684e-17 1510 1510 6.5250004778244149e-14 0 0 0
d 0 0 -6.5831285083062684e-14 0 0 -1.2391951789327306e-17 1512 1512 6.5840042582703674e-14 0 0 0
d 0 0 -6.6428551702305411e-14 0 0 -1.251412909027941e-17 1514 1514 6.6437500908081076e-14 0 0 0
d 0 0 -6.7033369291231504e-14 0 0 -1.2638045375049557e-17 1516 1516 6.7042511693465022e-14 0 0 0
d 0 0 -6.7645874564200898e-14 0 0 -1.276371695475252e-17 1518 1518 6.7655211535023423e-14 0 0 0
d 0 0 -6.8266208570443316e-14 0 0 -1.2891159482418173e-17 1520 1520 6.827574186458989e-14 0 0 0
d 0 0 -6.8894517570906473e-14 0 0 -1.3020388141419512e-17 1522 1522 6.8904249675088193e-14 0 0 0
d 0 0 -6.953095252718061e-14 0 0 -1.315141746104327e-17 1524 1524 6.9540886589488079e-14 0 0 0
d 0 0 -7.0175666704410601e-14 0 0 -1.3284260623329708e-17 1526 1526 7.0185806302569695e-14 0 0 0
d 0 0 -7.082882026992986e-14 0 0 -1.3418930134790958e-17 1528 1528 7.0839169127681778e-14 0 0 0
d 0 0 -7.149057937902541e-14 0 0 -1.3555436987362151e-17 1530 1530 7.1501141223612583e-14 0 0 0
d 0 0 -7.2161117817643322e-14 0 0 -1.3693789668894607e-17 1532 1532 7.2171896440142035e-14 0 0 0
d 0 0 -7.2840621029886914e-14 0 0 -1.3833991721861898e-17 1534 1534 7.285162066392095e-14 0 0 0
d 0 0 -7.3529299336681855e-14 0 0 -1.3976033680622845e-17 1536 1536 7.3540526182023584e-14 0 0 0
d 0 0 -7.4227457080018794e-14 0 0 -1.411985076415981e-17 1538 1538 7.4238908583443888e-14 0 0 0
d 0 0 -7.4932983958843191e-14 0 0 -1.4266864402894824e-17 1540 1540 7.494445187249072e-14 0 0 0
d 0 0 -7.5647941015077299e-14 0 0 -1.4415930310431149e-17 1542 1542 7.565972196922178e-14 0 0 0
d 0 0 -7.637278704005576e-14 0 0 -1.4566895008981024e-17 1544 1544 7.6384802691447797e-14 0 0 0
d 0 0 -7.7107665961557826e-14 0 0 -1.4719802243705132e-17 1546 1546 7.7119917307018732e-14 0 0 0
d 0 0 -7.785275295517202e-14 0 0 -1.4874676686355471e-17 1548 1548 7.7865241090277172e-14 0 0 0
d 0 0 -7.8608237846578501e-14 0 0 -1.5031537052226765e-17 1550 1550 7.8620844608023993e-14 0 0 0
d 0 0 -7.9374319472627791e-14 0 0 -1.5190399124501773e-17 1552 1552 7.9387122413615629e-14 0 0 0
d 0 0 -8.0151203724537877e-14 0 0 -1.5351276726469707e-17 1554 1554 8.0164252730410175e-14 0 0 0
d 0 0 -8.0939104046889909e-14 0 0 -1.551418190194634e-17 1556 1556 8.095240040785527e-14 0 0 0
d 0 0 -8.1738244232839618e-14 0 0 -1.5679122535584394e-17 1558 1558 8.1751789701007478e-14 0 0 0
d 0 0 -8.2548709666427646e-14 0 0 -1.5846187369257189e-17 1560 1560 8.2562491802732617e-14 0 0 0
d 0 0 -8.3370747912146019e-14 0 0 -1.6015374884273221e-17 1562 1562 8.3384783486344042e-14 0 0 0
d 0 0 -8.4204694774618392e-14 0 0 -1.6186635452475771e-17 1564 1564 8.4218981463800552e-14 0 0 0
d 0 0 -8.5050777477157406e-14 0 0 -1.635998368630039e-17 1566 1566 8.5065315965961215e-14 0 0 0
d 0 0 -8.5909231414486783e-14 0 0 -1.6535431697873307e-17 1568 1568 8.5924022083441551e-14 0 0 0
d 0 0 -8.6780292882394459e-14 0 0 -1.6712992985094408e-17 1570 1570 8.6795336360859777e-14 0 0 0
d 0 0 -8.7664215618830249e-14 0 0 -1.6892673955003491e-17 1572 1572 8.7679512456835558e-14 0 0 0
d 0 0 -8.8561250874043638e-14 0 0 -1.7074484196164896e-17 1574 1574 8.8576801434524505e-14 0 0 0
d 0 0 -8.9471654814881238e-14 0 0 -1.7258432698593087e-17 1576 1576 8.94874594326478e-14 0 0 0
d 0 0 -9.0395688197030991e-14 0 0 -1.7444528006593982e-17 1578 1578 9.0411747156993945e-14 0 0 0
d 0 0 -9.1333616261567715e-14 0 0 -1.7632778263452544e-17 1580 1580 9.1349929804772839e-14 0 0 0
d 0 0 -9.2285708673396111e-14 0 0 -1.7823191234225112e-17 1582 1582 9.2302277003616702e-14 0 0 0
d 0 0 -9.3252239472033099e-14 0 0 -1.8015774321118727e-17 1584 1584 9.3269062762759651e-14 0 0 0
d 0 0 -9.4233487026508822e-14 0 0 -1.8210534575725365e-17 1586 1586 9.425056542813826e-14 0 0 0
d 0 0 -9.5229733991216948e-14 0 0 -1.8407478709897995e-17 1588 1588 9.5247067638297022e-14 0 0 0
d 0 0 -9.6241267026195793e-14 0 0 -1.8606613020989844e-17 1590 1590 9.6247309401442686e-14 0 0 0
d 0 0 -9.7268377690276498e-14 0 0 -1.8807943742669927e-17 1592 1592 9.7275275700372133e-14 0 0 0
d 0 0 -9.8311360988646727e-14 0 0 -1.9011476545716379e-17 1594 1594 9.8319092054187818e-14 0 0 0
d 0 0 -9.9370516260042651e-14 0 0 -1.9217216888906998e-17 1596 1596 9.9379057910071366e-14 0 0 0
d 0 0 -1.0044614689432433e-13 0 0 -1.9425169946087754e-17 1598 1598 1.0045547684947107e-13 0 0 0
d 0 0 -1.015385602827026e-13 0 0 -1.963534061865457e-17 1600 1600 1.0154865651503798e-13 0 0 0
d 0 0 -1.0264806776760615e-13 0 0 -1.984773354863066e-17 1602 1602 1.0265890855358614e-13 0 0 0
d 0 0 -1.0377498459259181e-13 0 0 -2.0062353132284438e-17 1604 1604 1.0378654855877865e-13 0 0 0
d 0 0 -1.0491962985277865e-13 0 0 -2.0279203534206747e-17 1606 1606 1.0493189601505588e-13 0 0 0
d 0 0 -1.0608232644642475e-13 0 0 -2.049828870175446e-17 1608 1608 1.0609527424499005e-13 0 0 0
d 0 0 -1.0726340102850008e-13 0 0 -2.0719612379773844e-17 1610 1610 1.0727701036265764e-13 0 0 0
d 0 0 -1.0846318396742521e-13 0 0 -2.0943178125536233e-17 1612 1612 1.084774352351924e-13 0 0 0
d 0 0 -1.0968200930644192e-13 0 0 -2.1168989323829398e-17 1614 1614 1.0969688345294779e-13 0 0 0
d 0 0 -1.1092021473115334e-13 0 0 -2.1397049202112173e-17 1616 1616 1.1093569330597782e-13 0 0 0
d 0 0 -1.1217814154441787e-13 0 0 -2.1627360845521114e-17 1618 1618 1.1219420676238593e-13 0 0 0
d 0 0 -1.1345613464900736e-13 0 0 -2.1859927211321562e-17 1620 1620 1.1347276944450961e-13 0 0 0
d 0 0 -1.1475454253757268e-13 0 0 -2.2094751142176501e-17 1622 1622 1.1477173060242958e-13 0 0 0
d 0 0 -1.1607371728898586e-13 0 0 -2.2331835377451805e-17 1624 1624 1.1609144308877895e-13 0 0 0
d 0 0 -1.1741401457029744e-13 0 0 -2.2571182561715509e-17 1626 1626 1.1743226334103536e-13 0 0 0
d 0 0 -1.1877579364413279e-13 0 0 -2.2812795249568464e-17 1628 1628 1.1879455137605452e-13 0 0 0
d 0 0 -1.2015941738183686e-13 0 0 -2.3056675905857263e-17 1630 1630 1.2017867079807033e-13 0 0 0
d 0 0 -1.2156525228264551e-13 0 0 -2.330282690008077e-17 1632 1632 1.2158498881822567e-13 0 0 0
d 0 0 -1.2299366849851115e-13 0 0 -2.3551250493371404e-17 1634 1634 1.2301387628211714e-13 0 0 0
d 0 0 -1.2444503986302699e-13 0 0 -2.3801948815796136e-17 1636 1636 1.2446570770139902e-13 0 0 0
d 0 0 -1.2591974392123188e-13 0 0 -2.4054923830837543e-17 1638 1638 1.2594086128508363e-13 0 0 0
d 0 0 -1.2741816195477963e-13 0 0 -2.4310177282673168e-17 1640 1640 1.2743971896484858e-13 0 0 0
d 0 0 -1.2894067899357144e-13 0 0 -2.4567710620061768e-17 1642 1642 1.2896266640575542e-13 0 0 0
d 0 0 -1.3048768379960918e-13 0 0 -2.4827524887903223e-17 1644 1644 1.3051009298854298e-13 0 0 0
d 0 0 -1.3205956879995971e-13 0 0 -2.5089620573230832e-17 1646 1646 1.3208239174069615e-13 0 0 0
d 0 0 -1.336567299303688e-13 0 0 -2.5353997385372344e-17 1648 1648 1.3367995917797074e-13 0 0 0
d 0 0 -1.3527956632335092e-13 0 0 -2.562065393809417e-17 1650 1650 1.3530319499014464e-13 0 0 0
d 0 0 -1.3692847972210248e-13 0 0 -2.588958728031401e-17 1652 1652 1.3695250145202317e-13 0 0 0
d 0 0 -1.386038733963147e-13 0 0 -2.6160792181929679e-17 1654 1654 1.3862828233498904e-13 0 0 0
d 0 0 -1.403061501092422e-13 0 0 -2.6434260000275567e-17 1656 1656 1.4033094086662401e-13 0 0 0
d 0 0 -1.4203570815117373e-13 0 0 -2.6709976773393173e-17 1658 1658 1.420608757489423e-13 0 0 0
d 0 0 -1.4379293303810843e-13 0 0 -2.698791974031438e-17 1660 1660 1.4381847282080958e-13 0 0 0
d 0 0 -1.4557817805308601e-13 0 0 -2.7268050185267512e-17 1662 1662 1.4560408549607943e-13 0 0 0
d 0 0 -1.4739170913986095e-13 0 0 -2.7550295646743547e-17 1664 1664 1.4741797927381103e-13 0 0 0
d 0 0 -1.492334791582618e-13 0 0 -2.7834486490380167e-17 1666 1666 1.4926010359630778e-13 0 0 0
d 0 0 -1.5111024443659026e-13 0 0 -2.8121730664740777e-17 1668 1668 1.5113736695060865e-13 0 0 0
d 0 0 -1.5303771670941769e-13 0 0 -2.8416195662766718e-17 1670 1670 1.5306520985070659e-13 0 0 0
d 0 0 -1.5499230074894845e-13 0 0 -2.8713660434468776e-17 1672 1672 1.5502009638462681e-13 0 0 0
d 0 0 -1.5697461018066187e-13 0 0 -2.9014109161272727e-17 1674 1674 1.5700273166771043e-13 0 0 0
d 0 0 -1.5898567558214523e-13 0 0 -2.9317652286523335e-17 1676 1676 1.5901412686367811e-13 0 0 0
d 0 0 -1.6102624424500986e-13 0 0 -2.9624356532044286e-17 1678 1678 1.610550285230988e-13 0 0 0
d 0 0 -1.630969606980717e-13 0 0 -2.9934274340083403e-17 1680 1680 1.6311590122986373e-13 0 0 0
d 0 0 -1.6519842822643557e-13 0 0 -3.0247453745149757e-17 1682 1682 1.652180191130905e-13 0 0 0
d 0 0 -1.6733122640273906e-13 0 0 -3.0563939681255454e-17 1684 1684 1.6735146152942e-13 0 0 0
d 0 0 -1.6949592767496084e-13 0 0 -3.0883776810382579e-17 1686 1686 1.695168000825311e-13 0 0 0
d 0 0 -1.7169310324938784e-13 0 0 -3.1207009969565199e-17 1688 1688 1.7171460562793005e-13 0 0 0
d 0 0 -1.7392332748941649e-13 0 0 -3.1533684606500865e-17 1690 1690 1.7394545246743502e-13 0 0 0
d 0 0 -1.7618718092266621e-13 0 0 -3.1863847041718676e-17 1692 1692 1.7620992125517025e-13 0 0 0
d 0 0 -1.7848525244571394e-13 0 0 -3.2197544635922668e-17 1694 1694 1.7850860113876897e-13 0 0 0
d 0 0 -1.8081814104281592e-13 0 0 -3.2534825902464489e-17 1696 1696 1.8084209143653285e-13 0 0 0
d 0 0 -1.831864571993398e-13 0 0 -3.2875740586515403e-17 1698 1698 1.8321100302278603e-13 0 0 0
d 0 0 -1.8559082421317902e-13 0 0 -3.322033973063576e-17 1700 1700 1.8561625397722951e-13 0 0 0
d 0 0 -1.8803187892039437e-13 0 0 -3.3568675693806014e-17 1702 1702 1.880580090427024e-13 0 0 0
d 0 0 -1.9051027320556386e-13 0 0 -3.3920802212614855e-17 1704 1704 1.9053696985404603e-13 0 0 0
d 0 0 -1.930266746651983e-13 0 0 -3.4276774427011295e-17 1706 1706 1.9305393381581414e-13 0 0 0
d 0 0 -1.9558176755973208e-13 0 0 -3.4636648892917955e-17 1708 1708 1.9560958563105508e-13 0 0 0
d 0 0 -1.981762537273957e-13 0 0 -3.5000483606380743e-17 1710 1710 1.9820462757617556e-13 0 0 0
d 0 0 -2.0081085347591092e-13 0 0 -3.5368338020348454e-17 1712 1712 2.0083978039025532e-13 0 0 0
d 0 0 -2.0348630647497004e-13 0 0 -3.574027305915186e-17 1714 1714 2.0351578416559569e-13 0 0 0
d 0 0 -2.0620337265579932e-13 0 0 -3.6116351131086669e-17 1716 1716 2.0623339924589266e-13 0 0 0
d 0 0 -2.0896283312277047e-13 0 0 -3.6496636139402912e-17 1718 1718 2.089934071368661e-13 0 0 0
d 0 0 -2.1176549108106378e-13 0 0 -3.6881193491938935e-17 1720 1720 2.1179661143324862e-13 0 0 0
d 0 0 -2.1461217278368254e-13 0 0 -3.7270090109599541e-17 1722 1722 2.1464383876535917e-13 0 0 0
d 0 0 -2.1750372850059641e-13 0 0 -3.7663394433857125e-17 1724 1724 2.1753593976798225e-13 0 0 0
d 0 0 -2.2044103351239851e-13 0 0 -3.8061176433447299e-17 1726 1726 2.2047379007389434e-13 0 0 0
d 0 0 -2.2342498913056135e-13 0 0 -3.8463507610433431e-17 1728 1728 2.2345829133408951e-13 0 0 0
d 0 0 -2.2645652374614542e-13 0 0 -3.8870461005825228e-17 1730 1730 2.2649037226653266e-13 0 0 0
d 0 0 -2.2953659390857776e-13 0 0 -3.9282111204941371e-17 1732 1732 2.2957098743255501e-13 0 0 0
d 0 0 -2.3266618543656845e-13 0 0 -3.9698534342878707e-17 1734 1734 2.3270112789603213e-13 0 0 0
d 0 0 -2.3584631456035458e-13 0 0 -4.0119808109758409e-17 1736 1736 2.3588180691638186e-13 0 0 0
d 0 0 -2.3907802910149105e-13 0 0 -4.0546011757356327e-17 1738 1738 2.3911407356377233e-13 0 0 0
d 0 0 -2.4236240968483969e-13 0 0 -4.0977226105641557e-17 1740 1740 2.4239900837562172e-13 0 0 0
d 0 0 -2.4570057098935814e-13 0 0 -4.1413533551080874e-17 1742 1742 2.4573772628542753e-13 0 0 0
d 0 0 -2.4909366303594755e-13 0 0 -4.1855018076353063e-17 1744 1744 2.4913137755728592e-13 0 0 0
d 0 0 -2.5254287251423956e-13 0 0 -4.2301765262120182e-17 1746 1746 2.5258114911292874e-13 0 0 0
d 0 0 -2.5604942414911098e-13 0 0 -4.2753862301330927e-17 1748 1748 2.5608826589850086e-13 0 0 0
d 0 0 -2.5961458210787814e-13 0 0 -4.3211398016597666e-17 1750 1750 2.5965399229203115e-13 0 0 0
d 0 0 -2.6323965144905882e-13 0 0 -4.3674462881249056e-17 1752 1752 2.6327963355248814e-13 0 0 0
d 0 0 -2.6692597961359098e-13 0 0 -4.4143149044720987e-17 1754 1754 2.6696653731131118e-13 0 0 0
d 0 0 -2.7067495795941643e-13 0 0 -4.461755036301471e-17 1756 1756 2.7071609510732957e-13 0 0 0
d 0 0 -2.7448802334038897e-13 0 0 -4.5097762435022388e-17 1758 1758 2.7452974396603232e-13 0 0 0
d 0 0 -2.7836665973056346e-13 0 0 -4.5583882645598347e-17 1760 1760 2.7840896802424825e-13 0 0 0
d 0 0 -2.8231239989506747e-13 0 0 -4.6076010216338471e-17 1762 1762 2.8235530020144305e-13 0 0 0
d 0 0 -2.8632682710896931e-13 0 0 -4.6574246265122159e-17 1764 1764 2.8637032391904953e-13 0 0 0
d 0 0 -2.9041157692584062e-13 0 0 -4.7078693875570281e-17 1766 1766 2.904556748695342e-13 0 0 0
d 0 0 -2.9456833899808046e-13 0 0 -4.7589458177679194e-17 1768 1768 2.9461304283726893e-13 0 0 0
d 0 0 -2.9879885895152422e-13 0 0 -4.8106646441003865e-17 1770 1770 2.9884417357373525e-13 0 0 0
d 0 0 -3.0310494031741843e-13 0 0 -4.8630368181881742e-17 1772 1772 3.0315087073014374e-13 0 0 0
d 0 0 -3.0748844652549968e-13 0 0 -4.9160735286312102e-17 1774 1774 3.0753499785120904e-13 0 0 0
d 0 0 -3.1195130296310933e-13 0 0 -4.9697862150288311e-17 1776 1776 3.1199848043501148e-13 0 0 0
d 0 0 -3.1649549910434509e-13 0 0 -5.0241865839263978e-17 1778 1778 3.1654330806295228e-13 0 0 0
d 0 0 -3.2112309071670306e-13 0 0 -5.0792866268894541e-17 1780 1780 3.211715366072407e-13 0 0 0
d 0 0 -3.2583620215501894e-13 0 0 -5.1350986409478432e-17 1782 1782 3.2588529052573655e-13 0 0 0
d 0 0 -3.3063702874819016e-13 0 0 -5.1916352515902873e-17 1784 1784 3.3068676524962164e-13 0 0 0
d 0 0 -3.3552783929189752e-13 0 0 -5.2489094385869893e-17 1786 1786 3.3557822967710784e-13 0 0 0
d 0 0 -3.405109786601396e-13 0 0 -5.3069345649033276e-17 1788 1788 3.4056202878600145e-13 0 0 0
d 0 0 -3.4558887055101776e-13 0 0 -5.3657244089917042e-17 1790 1790 3.4564058638055333e-13 0 0 0
d 0 0 -3.5076402038501877e-13 0 0 -5.4252932007726447e-17 1792 1792 3.5081640799083922e-13 0 0 0
d 0 0 -3.5603901837713749e-13 0 0 -5.4856556616416896e-17 1794 1794 3.5609208394600809e-13 0 0 0
d 0 0 -3.6141654280765581e-13 0 0 -5.5468270488667612e-17 1796 1796 3.6147029264621127e-13 0 0 0
d 0 0 -3.6689936352060079e-13 0 0 -5.6088232047760551e-17 1798 1798 3.6695380406223379e-13 0 0 0
d 0 0 -3.7249034569883364e-13 0 0 -5.6716606113657627e-17 1800 1800 3.7254548351175189e-13 0 0 0
d 0 0 -3.7532731514163712e-13 0 0 -5.7034000184274919e-17 1801 1801 3.753792028927378e-13 0 0 0
d 0 0 -3.7819244921040449e-13 0 0 -5.7353563437587289e-17 1802 1802 3.782447690727892e-13 0 0 0
d 0 0 -3.8108613016146074e-13 0 0 -5.7675317507295386e-17 1803 1803 3.8113888270722147e-13 0 0 0
d 0 0 -3.8400875159431892e-13 0 0 -5.7999285595601704e-17 1804 1804 3.8406193737120321e-13 0 0 0
d 0 0 -3.8696071405014612e-13 0 0 -5.8325491452974898e-17 1805 1805 3.8701433362387533e-13 0 0 0
d 0 0 -3.8994242517882549e-13 0 0 -5.8653959403860714e-17 1806 1806 3.8999647913441414e-13 0 0 0
d 0 0 -3.9295429991399534e-13 0 0 -5.8984714373662265e-17 1807 1807 3.9300878885713324e-13 0 0 0
d 0 0 -3.9599676065656366e-13 0 0 -5.9317781917038139e-17 1808 1808 3.960516852150606e-13 0 0 0
d 0 0 -3.9907023746726893e-13 0 0 -5.9653188247579246e-17 1809 1809 3.9912559829255838e-13 0 0 0
d 0 0 -4.0217516826888976e-13 0 0 -5.9990960268927997e-17 1810 1810 4.0223096603759056e-13 0 0 0
d 0 0 -4.0531199905874254e-13 0 0 -6.0331125607407138e-17 1811 1811 4.0536823447427653e-13 0 0 0
d 0 0 -4.084811841321435e-13 0 0 -6.0673712646228908e-17 1812 1812 4.0853785792640664e-13 0 0 0
d 0 0 -4.1168318631754849e-13 0 0 -6.1018750561358653e-17 1813 1813 4.1174029925263423e-13 0 0 0
d 0 0 -4.1491847722412624e-13 0 0 -6.1366269359111558e-17 1814 1814 4.1497603009409925e-13 0 0 0
d 0 0 -4.1818753750256192e-13 0 0 -6.1716299915564614e-17 1815 1815 4.1824553113527999e-13 0 0 0
d 0 0 -4.2149085711993106e-13 0 0 -6.2068874017870844e-17 1816 1816 4.2154929237891461e-13 0 0 0
d 0 0 -4.2482893564953195e-13 0 0 -6.242402440756704e-17 1817 1817 4.248878134358788e-13 0 0 0
d 0 0 -4.2820228257660922e-13 0 0 -6.2781784825971373e-17 1818 1818 4.2826160383095428e-13 0 0 0
d 0 0 -4.3161141762095423e-13 0 0 -6.3142190061772001e-17 1819 1819 4.3167118332547249e-13 0 0 0
d 0 0 -4.3505687107741738e-13 0 0 -6.3505276000913368e-17 1820 1820 4.351170822578698e-13 0 0 0
d 0 0 -4.3853918417542208e-13 0 0 -6.3871079678892301e-17 1821 1821 4.3859984190324353e-13 0 0 0
d 0 0 -4.4205890945862684e-13 0 0 -6.4239639335582038e-17 1822 1822 4.4212001485305621e-13 0 0 0
d 0 0 -4.4561661118593912e-13 0 0 -6.4610994472707976e-17 1823 1823 4.4567816541619115e-13 0 0 0
d 0 0 -4.4921286575514655e-13 0 0 -6.4985185914105936e-17 1824 1824 4.4927487004262581e-13 0 0 0
d 0 0 -4.5284826215049296e-13 0 0 -6.536225586889976e-17 1825 1825 4.5291071777105042e-13 0 0 0
d 0 0 -4.5652340241559266e-13 0 0 -6.5742247997742387e-17 1826 1826 4.5658631070182624e-13 0 0 0
d 0 0 -4.6023890215314572e-13 0 0 -6.6125207482271549e-17 1827 1827 4.6030226449674499e-13 0 0 0
d 0 0 -4.6399539105298499e-13 0 0 -6.6511181097938794e-17 1828 1828 4.6405920890712252e-13 0 0 0
d 0 0 -4.6779351345006184e-13 0 0 -6.6900217290378344e-17 1829 1829 4.6785778833183302e-13 0 0 0
d 0 0 -4.7163392891405167e-13 0 0 -6.7292366255490334e-17 1830 1830 4.7169866240696433e-13 0 0 0
d 0 0 -4.7551731287234047e-13 0 0 -6.7687680023421177e-17 1831 1831 4.7558250662885782e-13 0 0 0
d 0 0 -4.794443572682336e-13 0 0 -6.8086212546632901e-17 1832 1832 4.7951001301237382e-13 0 0 0
d 0 0 -4.8341577125631611e-13 0 0 -6.8488019792261632e-17 1833 1833 4.8348189078631058e-13 0 0 0
d 0 0 -4.8743228193697651e-13 0 0 -6.8893159838975303e-17 1834 1834 4.8749886712799186e-13 0 0 0
d 0 0 -4.9149463513220106e-13 0 0 -6.9301692978549467e-17 1835 1835 4.9156168793912894e-13 0 0 0
d 0 0 -4.9560359620483768e-13 0 0 -6.9713681822390662e-17 1836 1836 4.9567111866515622e-13 0 0 0
d 0 0 -4.9975995092362314e-13 0 0 -7.0129191413246213e-17 1837 1837 4.998279451603358e-13 0 0 0
d 0 0 -5.0396450637636959e-13 0 0 -7.0548289342350077e-17 1838 1838 5.0403297460102725e-13 0 0 0
d 0 0 -5.0821809193380909e-13 0 0 -7.0971045872264932e-17 1839 1839 5.0828703644962012e-13 0 0 0
d 0 0 -5.1252156026669738e-13 0 0 -7.1397534065691299e-17 1840 1840 5.1259098347173261e-13 0 0 0
d 0 0 -5.1687578841888952e-13 0 0 -7.1827829920526193e-17 1841 1841 5.1694569280938979e-13 0 0 0
d 0 0 -5.2128167893921112e-13 0 0 -7.2262012511464279e-17 1842 1842 5.2135206711300298e-13 0 0 0
d 0 0 -5.2574016107506066e-13 0 0 -7.2700164138447002e-17 1843 1843 5.2581103573508915e-13 0 0 0
d 0 0 -5.3025219203079773e-13 0 0 -7.314237048227615e-17 1844 1844 5.3032355598878333e-13 0 0 0
d 0 0 -5.3481875829408823e-13 0 0 -7.3588720767720579e-17 1845 1845 5.3489061447431817e-13 0 0 0
d 0 0 -5.3944087703350133e-13 0 0 -7.403930793445689e-17 1846 1846 5.3951322847676223e-13 0 0 0
d 0 0 -5.4411959757077388e-13 0 0 -7.4494228816196727e-17 1847 1847 5.4419244743843644e-13 0 0 0
d 0 0 -5.4885600293128127e-13 0 0 -7.4953584328365906e-17 1848 1848 5.4892935450954716e-13 0 0 0
d 0 0 -5.5365121147638172e-13 0 0 -7.5417479664712284e-17 1849 1849 5.5372506818070181e-13 0 0 0
d 0 0 -5.5850637862141766e-13 0 0 -7.5886024503231534e-17 1850 1850 5.585807440010937e-13 0 0 0
d 0 0 -5.6342269864327019e-13 0 0 -7.6359333221809707e-17 1851 1851 5.6349757638625059e-13 0 0 0
d 0 0 -5.6840140659828927e-13 0 0 -7.6837525125784965e-17 1852 1852 5.6847680053617519e-13 0 0 0
d 0 0 -5.7344378035694109e-13 0 0 -7.7320724688073598e-17 1853 1853 5.7351969447017835e-13 0 0 0
d 0 0 -5.7855114259327056e-13 0 0 -7.7809061784612179e-17 1854 1854 5.7862758101670412e-13 0 0 0
d 0 0 -5.8372486301976966e-13 0 0 -7.8302671956071344e-17 1855 1855 5.838018300482192e-13 0 0 0
d 0 0 -5.8896636069817917e-13 0 0 -7.8801696677717544e-17 1856 1856 5.8904386079243061e-13 0 0 0
d 0 0 -5.942771065759429e-13 0 0 -7.9306283653331769e-17 1857 1857 5.9435514436892803e-13 0 0 0
d 0 0 -5.9965862598384511e-13 0 0 -7.9816587105047057e-17 1858 1858 5.9973720628723386e-13 0 0 0
d 0 0 -6.0511251971893685e-13 0 0 -8.0332771260032767e-17 1859 1859 6.0519275899349005e-13 0 0 0
d 0 0 -6.1064039360761895e-13 0 0 -8.0854998012952635e-17 1860 1860 6.1072115743178645e-13 0 0 0
d 0 0 -6.1624397077025513e-13 0 0 -8.1383446180640168e-17 1861 1861 6.1632526530132485e-13 0 0 0
d 0 0 -6.2192502219088859e-13 0 0 -8.1918299291446743e-17 1862 1862 6.2200685377284145e-13 0 0 0
d 0 0 -6.2768538799070469e-13 0 0 -8.2459749082014406e-17 1863 1863 6.277677631611048e-13 0 0 0
d 0 0 -6.3352698081201312e-13 0 0 -8.3007995881087122e-17 1864 1864 6.3360990631060099e-13 0 0 0
d 0 0 -6.3945178935862323e-13 0 0 -8.3563249009795848e-17 1865 1865 6.3953527213630912e-13 0 0 0
d 0 0 -6.4546188209802253e-13 0 0 -8.4125727198966146e-17 1866 1866 6.4554592932629767e-13 0 0 0
d 0 0 -6.5155941113072848e-13 0 0 -8.4695659023990565e-17 1867 1867 6.5164403021151134e-13 0 0 0
d 0 0 -6.5774661623218113e-13 0 0 -8.5273283357809571e-17 1868 1868 6.5783181480811782e-13 0 0 0
d 0 0 -6.6402582907251657e-13 0 0 -8.5858849842544425e-17 1869 1869 6.6411161503775236e-13 0 0 0
d 0 0 -6.7039947761951263e-13 0 0 -8.6452619380323666e-17 1870 1870 6.7048585913095581e-13 0 0 0
d 0 0 -6.7687009072993004e-13 0 0 -8.7054864643842013e-17 1871 1871 6.7695707621902663e-13 0 0 0
d 0 0 -6.8344030293437318e-13 0 0 -8.7665870607185604e-17 1872 1872 6.8352790111941308e-13 0 0 0
d 0 0 -6.9011285942067518e-13 0 0 -8.828593509745174e-17 1873 1873 6.902010793196508e-13 0 0 0
d 0 0 -6.9689062122066159e-13 0 0 -8.8915369367683506e-17 1874 1874 6.9697947216469943e-13 0 0 0
d 0 0 -7.0377657060496978e-13 0 0 -8.9554498691631355e-17 1875 1875 7.0386606225235812e-13 0 0 0
d 0 0 -7.1077381669039681e-13 0 0 -9.0203662980843371e-17 1876 1876 7.1086395904122982e-13 0 0 0
d 0 0 -7.1788560126401373e-13 0 0 -9.0863217424575479e-17 1877 1877 7.1797640467547703e-13 0 0 0
d 0 0 -7.2511530482802378e-13 0 0 -9.1533533153001072e-17 1878 1878 7.2520678003034173e-13 0 0 0
d 0 0 -7.3246645286905372e-13 0 0 -9.221499792418838e-17 1879 1879 7.3255861098212445e-13 0 0 0
d 0 0 -7.3994272235525562e-13 0 0 -9.2908016835301588e-17 1880 1880 7.4003557490599637e-13 0 0 0
d 0 0 -7.4754794846426488e-13 0 0 -9.3613013058471989e-17 1881 1881 7.4764150740469203e-13 0 0 0
d 0 0 -7.5528613154470904e-13 0 0 -9.4330428601775704e-17 1882 1882 7.5538040927077806e-13 0 0 0
d 0 0 -7.6316144431360209e-13 0 0 -9.5060725095748156e-17 1883 1883 7.6325645368483183e-13 0 0 0
d 0 0 -7.7117823929160015e-13 0 0 -9.5804384605863273e-17 1884 1884 7.7127399365150663e-13 0 0 0
d 0 0 -7.7934105647936601e-13 0 0 -9.6561910471703297e-17 1885 1885 7.7943756967673225e-13 0 0 0
d 0 0 -7.876546312521422e-13 0 0 -9.733382817171491e-17 1886 1886 7.877519176631344e-13 0 0 0
d 0 0 -7.9612390252882702e-13 0 0 -9.8120686216438866e-17 1887 1887 7.9622197708005737e-13 0 0 0
d 0 0 -8.0475402124711749e-13 0 0 -9.8923057071713922e-17 1888 1888 8.0485289943953839e-13 0 0 0
d 0 0 -8.1355035889223551e-13 0 0 -9.9741538103947128e-17 1889 1889 8.1365005682602437e-13 0 0 0
d 0 0 -8.2251851642975774e-13 0 0 -1.0057675255999237e-16 1890 1890 8.2261905083016303e-13 0 0 0
d 0 0 -8.3166433343349427e-13 0 0 -1.0142935057424991e-16 1891 1891 8.317657216776787e-13 0 0 0
d 0 0 -8.4099389745852944e-13 0 0 -1.0230001020616997e-16 1892 1892 8.4109615760343886e-13 0 0 0
d 0 0 -8.5051355365957477e-13 0 0 -1.0318943850887999e-16 1893 1893 8.5061670447086222e-13 0 0 0
d 0 0 -8.6022991465562966e-13 0 0 -1.0409837262985616e-16 1894 1894 8.6033397563766639e-13 0 0 0
d 0 0 -8.7014987064310674e-13 0 0 -1.0502758094479724e-16 1895 1895 8.7025486207011098e-13 0 0 0
d 0 0 -8.8028059976068763e-13 0 0 -1.0597786422606563e-16 1896 1896 8.8038654270900307e-13 0 0 0
d 0 0 -8.9062957871066939e-13 0 0 -1.0695005684730494e-16 1897 1897 8.9073649509222979e-13 0 0 0
d 0 0 -9.0120459364352035e-13 0 0 -1.0794502802612584e-16 1898 1898 9.0131250624053504e-13 0 0 0
d 0 0 -9.1201375131489104e-13 0 0 -1.0896368310707268e-16 1899 1899 9.1212268381579096e-13 0 0 0
d 0 0 -9.2306549052759216e-13 0 0 -1.1000696488743395e-16 1900 1900 9.2317546756427771e-13 0 0 0
d 0 0 -9.3436859387530856e-13 0 0 -1.1107585498882229e-16 1901 1901 9.3447964106174386e-13 0 0 0
d 0 0 -9.4593219981054378e-13 0 0 -1.1217137527777644e-16 1902 1902 9.460443437827465e-13 0 0 0
d 0 0 -9.5776581506751457e-13 0 0 -1.1329458933881961e-16 1903 1903 9.5787908352499228e-13 0 0 0
d 0 0 -9.6987932748336595e-13 0 0 -1.1444660400316818e-16 1904 1904 9.6999374923205886e-13 0 0 0
d 0 0 -9.8228301928529113e-13 0 0 -1.1562857093488823e-16 1905 1905 9.8239862428207907e-13 0 0 0
d 0 0 -9.949875792329948e-13 0 0 -1.168416885357799e-16 1906 1906 9.9510439863105182e-13 0 0 0
d 0 0 -1.0080040861194025e-12 0 0 -1.1808720820913403e-16 1907 1907 1.0081221523195033e-12 0 0 0
d 0 0 -1.0213440642461406e-12 0 0 -1.1936642962461044e-16 1908 1908 1.0214634109495892e-12 0 0 0
d 0 0 -1.0350194971667841e-12 0 0 -1.2068070312132528e-16 1909 1909 1.0351401594228373e-12 0 0 0
d 0 0 -1.049042837190215e-12 0 0 -1.2203143307534961e-16 1910 1910 1.0491648514504785e-12 0 0 0
d 0 0 -1.0634270248291021e-12 0 0 -1.234200797349827e-16 1911 1911 1.0635504290016018e-12 0 0 0
d 0 0 -1.0781854965037829e-12 0 0 -1.2484816146944753e-16 1912 1912 1.078310330012094e-12 0 0 0
d 0 0 -1.0933322174173694e-12 0 0 -1.2631725729950149e-16 1913 1913 1.0934585212601351e-12 0 0 0
d 0 0 -1.1088816977344268e-12 0 0 -1.2782900940979703e-16 1914 1914 1.1090095145491282e-12 0 0 0
d 0 0 -1.1248490508375873e-12 0 0 -1.2938512175018811e-16 1915 1915 1.1249784249612504e-12 0 0 0
d 0 0 -1.1412499365703213e-12 0 0 -1.3098737275142591e-16 1916 1916 1.1413809141106788e-12 0 0 0
d 0 0 -1.1581006080773208e-12 0 0 -1.326376154543355e-16 1917 1917 1.1582332369896977e-12 0 0 0
d 0 0 -1.1754179506238245e-12 0 0 -1.34337779451124e-16 1918 1918 1.175552280787326e-12 0 0 0
d 0 0 -1.1932195090300762e-12 0 0 -1.3608987476624307e-16 1919 1919 1.1933555923278123e-12 0 0 0
d 0 0 -1.2115235174026186e-12 0 0 -1.3789599604744134e-16 1920 1920 1.2116614078061954e-12 0 0 0
d 0 0 -1.2303489313723338e-12 0 0 -1.3975832710528307e-16 1921 1921 1.2304886850309608e-12 0 0 0
d 0 0 -1.2497154630926988e-12 0 0 -1.416791458384751e-16 1922 1922 1.2498571384273034e-12 0 0 0
d 0 0 -1.2696436192834211e-12 0 0 -1.4366082958341971e-16 1923 1923 1.2697872770861927e-12 0 0 0
d 0 0 -1.2901547426331955e-12 0 0 -1.4570586092826112e-16 1924 1924 1.290300446173024e-12 0 0 0
d 0 0 -1.3112710569044256e-12 0 0 -1.4781683403386815e-16 1925 1925 1.3114188720387348e-12 0 0 0
d 0 0 -1.3330157161145328e-12 0 0 -1.4999646150648616e-16 1926 1926 1.3331657114080505e-12 0 0 0
d 0 0 -1.3554128582049867e-12 0 0 -1.5224758186903032e-16 1927 1927 1.3555651050560377e-12 0 0 0
d 0 0 -1.3784876636529076e-12 0 0 -1.5457316767997579e-16 1928 1928 1.3786422364278582e-12 0 0 0
d 0 0 -1.4022664195345105e-12 0 0 -1.5697633435017788e-16 1929 1929 1.4024233957110406e-12 0 0 0
d 0 0 -1.4267765896306583e-12 0 0 -1.5946034970952933e-16 1930 1930 1.4269360499505848e-12 0 0 0
d 0 0 -1.4520468932530733e-12 0 0 -1.620286446417963e-16 1931 1931 1.4522089218857604e-12 0 0 0
d 0 0 -1.4781073875347888e-12 0 0 -1.6468482401232208e-16 1932 1932 1.4782720722514009e-12 0 0 0
d 0 0 -1.5049895590004274e-12 0 0 -1.6743267856146649e-16 1933 1933 1.5051569913599514e-12 0 0 0
d 0 0 -1.5327264253230074e-12 0 0 -1.7027619770235201e-16 1934 1934 1.5328967008708951e-12 0 0 0
d 0 0 -1.5613526529187679e-12 0 0 -1.732195836649412e-16 1935 1935 1.5615258713994873e-12 0 0 0
d 0 0 -1.5909046874257752e-12 0 0 -1.762672660006937e-16 1936 1936 1.5910809530095558e-12 0 0 0
d 0 0 -1.6214209016541927e-12 0 0 -1.7942391592133202e-16 1937 1937 1.6216003231776844e-12 0 0 0
d 0 0 -1.6529417742868587e-12 0 0 -1.8269445987673119e-16 1938 1938 1.6531244655067679e-12 0 0 0
d 0 0 -1.685510163710257e-12 0 0 -1.8608409501470307e-16 1939 1939 1.685696247441383e-12 0 0 0
d 0 0 -1.7191714738518615e-12 0 0 -1.8959826540816253e-16 1940 1940 1.7193610716594635e-12 0 0 0
d 0 0 -1.7539745415151683e-12 0 0 -1.9324265399675066e-16 1941 1941 1.7541677836031508e-12 0 0 0
d 0 0 -1.7899733588683855e-12 0 0 -1.9702293679294469e-16 1942 1942 1.7901703811131915e-12 0 0 0
d 0 0 -1.8271697038635987e-12 0 0 -2.0095373795937215e-16 1943 1943 1.8273706568568948e-12 0 0 0
d 0 0 -1.8655543219401724e-12 0 0 -2.050515601300446e-16 1944 1944 1.8657593726615511e-12 0 0 0
d 0 0 -1.9052695023156515e-12 0 0 -2.0931068963939067e-16 1945 1945 1.9054788120005216e-12 0 0 0
d 0 0 -1.9463988452029866e-12 0 0 -2.1373601088714861e-16 1946 1946 1.9466125800175211e-12 0 0 0
d 0 0 -1.9890055400656021e-12 0 0 -2.1833667993960254e-16 1947 1947 1.9892238753324778e-12 0 0 0
d 0 0 -2.0331584833769139e-12 0 0 -2.2312222712113842e-16 1948 1948 2.0333816039433809e-12 0 0 0
d 0 0 -2.0789316824714504e-12 0 0 -2.2810276731053552e-16 1949 1949 2.0791597832930459e-12 0 0 0
d 0 0 -2.1264043733239402e-12 0 0 -2.3328910925160396e-16 1950 1950 2.1266376601568463e-12 0 0 0
d 0 0 -2.175661352602635e-12 0 0 -2.3869284455009568e-16 1951 1951 2.1759000427844927e-12 0 0 0
d 0 0 -2.2267934179305461e-12 0 0 -2.4432643505613689e-16 1952 1952 2.2270377412480281e-12 0 0 0
d 0 0 -2.2798978877178498e-12 0 0 -2.5020330526325723e-16 1953 1953 2.2801480873658342e-12 0 0 0
d 0 0 -2.3350791941695618e-12 0 0 -2.5633794307894405e-16 1954 1954 2.335335527810037e-12 0 0 0
d 0 0 -2.392449551409948e-12 0 0 -2.6274601130617474e-16 1955 1955 2.3927122923410175e-12 0 0 0
d 0 0 -2.4521297047211182e-12 0 0 -2.6944447190843817e-16 1956 1956 2.4523991430248228e-12 0 0 0
d 0 0 -2.5142497692291922e-12 0 0 -2.7645172511118351e-16 1957 1957 2.514526213622554e-12 0 0 0
d 0 0 -2.5789501689005868e-12 0 0 -2.8378776569069622e-16 1958 1958 2.5792339478909374e-12 0 0 0
d 0 0 -2.6463826880270257e-12 0 0 -2.9147435890084163e-16 1959 1959 2.6466741518172032e-12 0 0 0
d 0 0 -2.716711649685279e-12 0 0 -2.9953523897418973e-16 1960 1960 2.7170111721105772e-12 0 0 0
d 0 0 -2.7901152380385514e-12 0 0 -3.0799633353127746e-16 1961 1961 2.7904232187268391e-12 0 0 0
d 0 0 -2.8667869835853928e-12 0 0 -3.1688601773479092e-16 1962 1962 2.8671038503594584e-12 0 0 0
d 0 0 -2.9469374334530601e-12 0 0 -3.2623540265506214e-16 1963 1963 2.947263645004799e-12 0 0 0
d 0 0 -3.0307960320827062e-12 0 0 -3.3607866303701452e-16 1964 1964 3.0311320809520817e-12 0 0 0
d 0 0 -3.1186132414057647e-12 0 0 -3.4645341051526419e-16 1965 1965 3.1189596573008743e-12 0 0 0
d 0 0 -3.2106629340937672e-12 0 0 -3.5740111932151414e-16 1966 1966 3.211020287591607e-12 0 0 0
d 0 0 -3.3072451872787394e-12 0 0 -3.6896762448391452e-16 1967 1967 3.3076141489650979e-12 0 0 0
d 0 0 -3.4086889965419992e-12 0 0 -3.8120363366260663e-16 1968 1968 3.4090701924286828e-12 0 0 0
d 0 0 -3.5153562407240422e-12 0 0 -3.9416543069620499e-16 1969 1969 3.5157503959546188e-12 0 0 0
d 0 0 -3.6276452864178154e-12 0 0 -4.0791556696120148e-16 1970 1970 3.6280531884329643e-12 0 0 0
d 0 0 -3.7459955210872364e-12 0 0 -4.2252371508595846e-16 1971 1971 3.7464180266385949e-12 0 0 0
d 0 0 -3.8708924097270867e-12 0 0 -4.3806764076823793e-16 1972 1972 3.8713304528157924e-12 0 0 0
d 0 0 -4.0028732367916326e-12 0 0 -4.5463432392684621e-16 1973 1973 4.0033278376600542e-12 0 0 0
d 0 0 -4.1425336733395886e-12 0 0 -4.723212599816596e-16 1974 1974 4.143005970781642e-12 0 0 0
d 0 0 -4.2905350088823211e-12 0 0 -4.9123793424533794e-16 1975 1975 4.2910262151300567e-12 0 0 0
d 0 0 -4.4476127957550584e-12 0 0 -5.115075876437514e-16 1976 1976 4.4481242571905739e-12 0 0 0
d 0 0 -4.6145862395728773e-12 0 0 -5.3326920591968504e-16 1977 1977 4.6151194413424946e-12 0 0 0
d 0 0 -4.7923691618289918e-12 0 0 -5.5667986984534543e-16 1978 1978 4.7929258300251726e-12 0 0 0
d 0 0 -4.9819816844956355e-12 0 0 -5.8191738181427267e-16 1979 1979 4.9825635844823367e-12 0 0 0
d 0 0 -5.1845647571579503e-12 0 0 -6.0918349735283073e-16 1980 1980 5.1851739146994111e-12 0 0 0
d 0 0 -5.4013951967305933e-12 0 0 -6.3870748895895272e-16 1981 1981 5.4020338655019462e-12 0 0 0
d 0 0 -5.6339032109365558e-12 0 0 -6.707503672938907e-16 1982 1982 5.6345739036732277e-12 0 0 0
d 0 0 -5.8836918776910498e-12 0 0 -7.0560975464689263e-16 1983 1983 5.8843974020154146e-12 0 0 0
d 0 0 -6.1525590681606955e-12 0 0 -7.4362555926163904e-16 1984 1984 6.1533026762577681e-12 0 0 0
d 0 0 -6.4425208112540406e-12 0 0 -7.8518640006010036e-16 1985 1985 6.4433059717917126e-12 0 0 0
d 0 0 -6.7558391002504466e-12 0 0 -8.3073732798378133e-16 1986 1986 6.7566697996606076e-12 0 0 0
d 0 0 -7.0950507526861101e-12 0 0 -8.8078849063679311e-16 1987 1987 7.0959314863006431e-12 0 0 0
d 0 0 -7.4630001921777335e-12 0 0 -9.3592531423039919e-16 1988 1988 7.4639360393178638e-12 0 0 0
d 0 0 -7.8628757646101843e-12 0 0 -9.9682034322191426e-16 1989 1989 7.8638725676670418e-12 0 0 0
d 0 0 -8.2982488936797071e-12 0 0 -1.0642468572157885e-15 1990 1990 8.2993131166773868e-12 0 0 0
d 0 0 -8.7731202056771463e-12 0 0 -1.1390951756566734e-15 1991 1991 8.7742592686669693e-12 0 0 0
d 0 0 -9.2919694459364693e-12 0 0 -1.2223915048123263e-15 1992 1992 9.2931917950858429e-12 0 0 0
d 0 0 -9.8598138671827268e-12 0 0 -1.3153204657066365e-15 1993 1993 9.8611291333284845e-12 0 0 0
d 0 0 -1.0482276038375937e-11 0 0 -1.4192519816620421e-15 1994 1994 1.0483695222463684e-11 0 0 0
d 0 0 -1.1165664205251623e-11 0 0 -1.5357736787386663e-15 1995 1995 1.116719989612344e-11 0 0 0
d 0 0 -1.191706948419535e-11 0 0 -1.6667303006758752e-15 1996 1996 1.1918736115687215e-11 0 0 0
d 0 0 -1.2744488175879798e-11 0 0 -1.8142723737926339e-15 1997 1997 1.274630233243269e-11 0 0 0
d 0 0 -1.3656961002457741e-11 0 0 -1.9809154613611545e-15 1998 1998 1.3658941893594095e-11 0 0 0
d 0 0 -1.4663611528704413e-11 0 0 -2.1694969439827856e-15 1999 1999 1.4665780997748534e-11 0 0 0
d 0 0 -1.5776878858081773e-11 0 0 -2.3835600321598949e-15 2000 2000 1.5779262385841279e-11 0 0 0
d 0 0 -1.8378622321081259e-11 0 0 -2.9053803333603094e-15 2002 2002 1.8381527673460154e-11 0 0 0
d 0 0 -2.1595467451353362e-11 0 0 -3.5898981596473908e-15 2004 2004 2.1599057306938986e-11 0 0 0
d 0 0 -2.5609943666755181e-11 0 0 -4.5007323926106346e-15 2006 2006 2.5614444368669135e-11 0 0 0
d 0 0 -3.0680286323582161e-11 0 0 -5.7338042867118521e-15 2008 2008 3.0686020058862789e-11 0 0 0
d 0 0 -3.7183478467441094e-11 0 0 -7.4386058519487826e-15 2010 2010 3.7190917000396429e-11 0 0 0
d 0 0 -4.5689976935766814e-11 0 0 -9.8570694808371683e-15 2012 2012 4.5699833916883925e-11 0 0 0
d 0 0 -5.7088917780958007e-11 0 0 -1.3395314749358441e-14 2014 2014 5.7102312978958379e-11 0 0 0
d 0 0 -7.2814310883908283e-11 0 0 -1.8762384703972641e-14 2016 2016 7.2833073115146636e-11 0 0 0
d 0 0 -9.4749637473584514e-11 0 0 -2.7067778026675137e-14 2018 2018 9.477670509239164e-11 0 0 0
d 0 0 -1.2656430605478652e-10 0 0 -4.0476071840002122e-14 2020 2020 1.2660478197619582e-10 0 0 0
d 0 0 -1.738891471286298e-10 0 0 -6.2729048434672982e-14 2022 2022 1.7395187575377747e-10 0 0 0
d 0 0 -2.4629639116942273e-10 0 0 -1.0057935699667883e-13 2024 2024 2.4639697073265159e-10 0 0 0
d 0 0 -3.613343832775106e-10 0 0 -1.6673833478641532e-13 2026 2026 3.6150112201881428e-10 0 0 0
d 0 0 -5.5332376077519552e-10 0 0 -2.8632889797683327e-13 2028 2028 5.5361009002949085e-10 0 0 0
d 0 0 -8.9182320980531959e-10 0 0 -5.1089347894038788e-13 2030 2030 8.9233410366306793e-10 0 0 0
d 0 0 -1.5188120672404766e-09 0 0 -9.4773545437694438e-13 2032 2032 1.5197598030040119e-09 0 0 0
d 0 0 -2.723342374455626e-09 0 0 -1.8206094214610704e-12 2034 2034 2.7251629840926516e-09 0 0 0
d 0 0 -5.0971303172523367e-09 0 0 -3.5989919096920761e-12 2036 2036 5.100729310615702e-09 0 0 0
d 0 0 -9.8624179013596815e-09 0 0 -7.2778214898716781e-12 2038 2038 9.8696957235521538e-09 0 0 0
d 0 0 -1.9563480240419534e-08 0 0 -1.4985242882088165e-11 2040 2040 1.9578465483233624e-08 0 0 0
d 0 0 -3.9610852595271319e-08 0 0 -3.1370291011728288e-11 2042 2042 3.9642222885300834e-08 0 0 0
d 0 0 -8.1419165229221779e-08 0 0 -6.6528352704586779e-11 2044 2044 8.1485693581676018e-08 0 0 0
d 0 0 -1.7443857158891757e-07 0 0 -1.4691111138241998e-10 2046 2046 1.745854826994721e-07 0 0 0
d 0 0 -3.7769504890856559e-07 0 0 -3.2773233406307679e-10 2048 2048 3.7802278124087856e-07 0 0 0
d 0 0 -8.1554543097829395e-07 0 0 -7.291611029893528e-10 2050 2050 8.1627459208094731e-07 0 0 0
d 0 0 -1.7567260693771129e-06 0 0 -1.6191498497711312e-09 2052 2052 1.7583452192260712e-06 0 0 0
d 0 0 -3.794945433675922e-06 0 0 -3.609552923891513e-09 2054 2054 3.7985549865976473e-06 0 0 0
d 0 0 -8.3092855891263912e-06 0 0 -8.1717618515048248e-09 2056 2056 8.3174573509772872e-06 0 0 0
d 0 0 -1.8737445357216804e-05 0 0 -1.9110562292588699e-08 2058 2058 1.8756555919507939e-05 0 0 0
d 0 0 -4.4369155429007699e-05 0 0 -4.7092181551950614e-08 2060 2060 4.4416247610559751e-05 0 0 0
d 0 0 -0.00011389512521132089 0 0 -1.261231632107912e-07 2062 2062 0.00011402124837453106 0 0 0
d 0 0 -0.00019541163902449469 0 0 -2.2137623777670046e-07 2063 2063 0.00019563301526227128 0 0 0
d 0 0 -0.00026959078443383261 0 0 -3.094105799046468e-07 2063.5 2063.5 0.00026990019501373742 0 0 0
d 0 0 -0.00033267053810232797 0 0 -3.8491919990095855e-07 2063.75 2063.75 0.00033305545730222914 0 0 0
d 0 0 -0.00040486025872523129 0 0 -4.7167912190827209e-07 2063.875 2063.875 0.00040533193784713983 0 0 0
d 0 0 -0.00041412655154401479 0 0 -4.8281776101732829e-07 2063.87890625 2063.87890625 0.00041460936930503097 0 0 0
d 0 0 -0.00041944172342504952 0 0 -4.8920536007542296e-07 2063.8798828125 2063.8798828125 0.0004199309287851272 0 0 0
d 0 0 -0.00042128075519500197 0 0 -4.9141512021578214e-07 2063.8800048828125 2063.8800048828125 0.00042177217031521554 0 0 0
Q 2 13 "Source Voltage"
Q 3 13 "Gate Voltage"
Q 4 13 "Drain Voltage"
Q 5 13 "Substrate Voltage"
Q 20 13 "Source Current"
Q 21 13 "Gate Current"
Q 22 13 "Drain Current"
Q 23 13 "Substrate Current"
Q 92 21 Contact
Q 601 13 "Source Int. Voltage"
Q 602 13 "Gate Int. Voltage"
Q 603 13 "Drain Int. Voltage"
Q 604 13 "Substrate Int. Voltage"
EOF 701623376
