v VICTORYDEVICE
# silvaco.file ASCII version=1.14.29 format=1 contents=SDB,Tables=1

Copyright "###################################################################"
Copyright "#                    Copyright Silvaco Inc. (c)                   #"
Copyright "#                            1992-2014                            #"
Copyright "#                                                                 #"
Copyright "# This file format and the following Key are copyright Silvaco    #"
Copyright "# International. You may not use, this format or key without      #"
Copyright "# reproducing this message in full and obtaining                  #"
Copyright "# express written permission from Silvaco Inc.                    #"
Copyright "#                                                                 #"
Copyright "# To obtain such permission please contact: Silvaco Inc.          #"
Copyright "#                                           support@silvaco.com   #"
Copyright "#                                                                 #"
Copyright "# KEY=SVC86hn7562asdx                       PROD=345              #"
Copyright "###################################################################"
#This file was created by VICTORYDEVICE version 1.24.0.R
#victoryd 1.24.0.R (Wed Jun 26 14:38:19 PDT 2024)
#libSDB 1.12.65 (Thu Dec  7 08:14:05 PST 2023)
a VICTORYDEVICE
j 1 9
k 4
r 1 92
x 3 43 42 46
w gate 1 1
r 2 92
x 3 43 42 46
w source 1 2
r 3 92
x 3 43 42 46
w drain 1 3
r 4 92
x 3 43 42 46
w substrate 1 4
y 1 15
z 300
f 4 gate source drain substrate
p 12 2 601 20 3 602 21 4 603 22 5 604 23
d 0 0 -5.1891850344384628e-35 0 0 -1.7215059733176847e-16 0.01 0.01 1.7210041403061343e-16 0 0 0
d 0 0 -4.2703258889281428e-35 0 0 -7.449059696440447e-16 0.1 0.1 7.4490598655243324e-16 0 0 0
d 0 0 -1.5249073876879562e-36 0 0 -8.6580156084431763e-16 0.5 0.5 8.6580156084431625e-16 0 0 0
d 0 0 -1.5287761780019776e-36 0 0 -8.8442369730421755e-16 1 1 8.8442369730421814e-16 0 0 0
d 0 0 -1.8691972416672359e-36 0 0 -8.9912682737180838e-16 2 2 8.9912682737181292e-16 0 0 0
d 0 0 9.9774811046729217e-36 0 0 -9.1931419712071112e-16 4 4 9.1931419712653094e-16 0 0 0
d 0 0 7.8476977403419386e-35 0 0 -9.3384948818767497e-16 6 6 9.3384948818162362e-16 0 0 0
d 0 0 5.2817022128810079e-34 0 0 -9.4646266160073812e-16 8 8 9.4646266159665202e-16 0 0 0
d 0 0 4.2285058665820258e-32 0 0 -9.5568193607473052e-16 10 10 9.5568193607580633e-16 0 0 0
d 0 0 4.0491224911138465e-30 0 0 -9.6239483735609556e-16 12 12 9.623948375214698e-16 0 0 0
d 0 0 8.2095555484613936e-31 0 0 -9.6886647615681082e-16 14 14 9.6886647630824017e-16 0 0 0
d 0 0 2.5906324927104881e-32 0 0 -9.76415619004014e-16 16 16 9.7641561906271077e-16 0 0 0
d 0 0 -3.0621032038780419e-34 0 0 -9.8388212810557769e-16 18 18 9.8388212812671739e-16 0 0 0
d 0 0 9.1457183865019427e-32 0 0 -9.9116336981232753e-16 20 20 9.9116336970021363e-16 0 0 0
d 0 0 1.5346400053406919e-32 0 0 -9.9824843205773468e-16 22 22 9.9824843202644195e-16 0 0 0
d 0 0 1.2136670611645332e-31 0 0 -1.0039683769258766e-15 24 24 1.0039683768343532e-15 0 0 0
d 0 0 2.2946317539869502e-31 0 0 -1.0088409607700575e-15 26 26 1.0088409606061697e-15 0 0 0
d 0 0 1.0460756887439808e-30 0 0 -1.0135726125571431e-15 28 28 1.0135726127456181e-15 0 0 0
d 0 0 3.4964373330606038e-32 0 0 -1.0182360387097252e-15 30 30 1.018236039013906e-15 0 0 0
d 0 0 7.1343117659343767e-31 0 0 -1.0228341780267472e-15 32 32 1.0228341787262304e-15 0 0 0
d 0 0 8.3129166929917364e-32 0 0 -1.0273447534224448e-15 34 34 1.0273447537065878e-15 0 0 0
d 0 0 5.3745153886539226e-31 0 0 -1.0317949508322457e-15 36 36 1.031794951423315e-15 0 0 0
d 0 0 2.2001672537324696e-30 0 0 -1.0363520682058335e-15 38 38 1.0363520694130293e-15 0 0 0
d 0 0 3.588095712537577e-32 0 0 -1.0408376758398781e-15 40 40 1.0408376761794226e-15 0 0 0
d 0 0 -4.1557714157012387e-32 0 0 -1.0452590670055711e-15 42 42 1.0452590674009413e-15 0 0 0
d 0 0 -3.1144924195875746e-31 0 0 -1.0496234181247907e-15 44 44 1.0496234185315757e-15 0 0 0
d 0 0 3.8836475973305996e-30 0 0 -1.0538962960254698e-15 46 46 1.0538962979475473e-15 0 0 0
d 0 0 8.2852192829830899e-29 0 0 -1.0576513862582441e-15 48 48 1.0576513954535198e-15 0 0 0
d 0 0 8.2260055471813797e-29 0 0 -1.0610704276925872e-15 50 50 1.0610704355982613e-15 0 0 0
d 0 0 1.0140159174622105e-28 0 0 -1.0643172827071133e-15 52 52 1.064317289322573e-15 0 0 0
d 0 0 6.9898835734455389e-29 0 0 -1.0675521759536387e-15 54 54 1.0675521807062683e-15 0 0 0
d 0 0 4.1950003593441145e-29 0 0 -1.0707808473226012e-15 56 56 1.070780850576229e-15 0 0 0
d 0 0 1.0534352865598297e-29 0 0 -1.0740074747383261e-15 58 58 1.0740074766885573e-15 0 0 0
d 0 0 -2.1381856720265325e-29 0 0 -1.0772306075370177e-15 60 60 1.0772306085396148e-15 0 0 0
d 0 0 -6.197480578466357e-29 0 0 -1.0804472007191313e-15 62 62 1.0804472018827514e-15 0 0 0
d 0 0 -6.2256182031973534e-29 0 0 -1.0836583287742301e-15 64 64 1.0836583309689595e-15 0 0 0
d 0 0 -1.27352189735623e-28 0 0 -1.0868677445459215e-15 66 66 1.086867746328532e-15 0 0 0
d 0 0 -2.4818279652236541e-28 0 0 -1.0900920622971049e-15 68 68 1.0900920630269139e-15 0 0 0
d 0 0 -3.8240553095771893e-28 0 0 -1.0933946258576673e-15 70 70 1.0933946263651963e-15 0 0 0
d 0 0 -5.7208584691930554e-28 0 0 -1.0967091969142214e-15 72 72 1.096709197276918e-15 0 0 0
d 0 0 -8.4684933577991218e-28 0 0 -1.1000462031531838e-15 74 74 1.100046203341439e-15 0 0 0
d 0 0 -1.2374682279173397e-27 0 0 -1.1034120755732949e-15 76 76 1.1034120756118052e-15 0 0 0
d 0 0 -1.789375412351243e-27 0 0 -1.1068129587511308e-15 78 78 1.1068129586742313e-15 0 0 0
d 0 0 -2.5169405726732335e-27 0 0 -1.1102549217514112e-15 80 80 1.1102549221142854e-15 0 0 0
d 0 0 -3.6295774888126648e-27 0 0 -1.1137437620217136e-15 82 82 1.1137437620939823e-15 0 0 0
d 0 0 -5.1548471005117471e-27 0 0 -1.1172844204691443e-15 84 84 1.1172844203878074e-15 0 0 0
d 0 0 -7.2500886941800898e-27 0 0 -1.1208784672224362e-15 86 86 1.1208784671231547e-15 0 0 0
d 0 0 -9.9327395190299285e-27 0 0 -1.1244687259302993e-15 88 88 1.1244687288118113e-15 0 0 0
d 0 0 -9.7365514617819695e-27 0 0 -1.1279327071164695e-15 90 90 1.1279326941934555e-15 0 0 0
d 0 0 -1.7442250812854744e-26 0 0 -1.1313585519389079e-15 92 92 1.1313585540385399e-15 0 0 0
d 0 0 -2.1626242001671936e-26 0 0 -1.1346167773088283e-15 94 94 1.1346167789264296e-15 0 0 0
d 0 0 -2.6734514554948336e-26 0 0 -1.1379161969755357e-15 96 96 1.1379161987543544e-15 0 0 0
d 0 0 -3.3023790668081054e-26 0 0 -1.1412662657136404e-15 98 98 1.1412662676752703e-15 0 0 0
d 0 0 -4.0770543348326685e-26 0 0 -1.1446726117201266e-15 100 100 1.1446726138419698e-15 0 0 0
d 0 0 -6.8715437045117419e-26 0 0 -1.1534414823392522e-15 105 105 1.1534414866702875e-15 0 0 0
d 0 0 -1.155072242708041e-25 0 0 -1.1625466785527845e-15 110 110 1.1625466831086183e-15 0 0 0
d 0 0 -1.9264955158004998e-25 0 0 -1.1719172657434565e-15 115 115 1.1719172699807719e-15 0 0 0
d 0 0 -3.1899771755371294e-25 0 0 -1.1825991012626572e-15 120 120 1.1825991050218125e-15 0 0 0
d 0 0 -5.2312621847792588e-25 0 0 -1.1935951235163181e-15 125 125 1.1935951268259452e-15 0 0 0
d 0 0 -8.4898138266628751e-25 0 0 -1.2048740868797424e-15 130 130 1.2048740880082314e-15 0 0 0
d 0 0 -1.3631853921741862e-24 0 0 -1.2164539183260616e-15 135 135 1.2164539188831794e-15 0 0 0
d 0 0 -2.1658725318217498e-24 0 0 -1.228337032285243e-15 140 140 1.2283370333129167e-15 0 0 0
d 0 0 -3.4038358222057367e-24 0 0 -1.2405090379013601e-15 145 145 1.2405090430809902e-15 0 0 0
d 0 0 -5.3085932914694939e-24 0 0 -1.2535436945498527e-15 150 150 1.253543698471215e-15 0 0 0
d 0 0 -8.2361324812635407e-24 0 0 -1.2677514168292064e-15 155 155 1.2677514247988577e-15 0 0 0
d 0 0 -1.2641599252772223e-23 0 0 -1.2828388359107395e-15 160 160 1.2828388478591214e-15 0 0 0
d 0 0 -1.91352275198923e-23 0 0 -1.2986260599549048e-15 165 165 1.2986260781159056e-15 0 0 0
d 0 0 -2.8422290683412097e-23 0 0 -1.3146944071010999e-15 170 170 1.3146944392697022e-15 0 0 0
d 0 0 -3.9476073355275312e-23 0 0 -1.330490041957319e-15 175 175 1.3304901098095373e-15 0 0 0
d 0 0 -5.5482457097200374e-23 0 0 -1.3449221826079933e-15 180 180 1.3449222004131838e-15 0 0 0
d 0 0 -6.992442472877409e-23 0 0 -1.3570964781257171e-15 185 185 1.3570965310827214e-15 0 0 0
d 0 0 -8.6285731279921215e-23 0 0 -1.3693622899553495e-15 190 190 1.3693623518401303e-15 0 0 0
d 0 0 -1.0561002921131514e-22 0 0 -1.381638613191431e-15 195 195 1.3816386787367449e-15 0 0 0
d 0 0 -1.2836038582340744e-22 0 0 -1.3938749007788891e-15 200 200 1.3938749684210282e-15 0 0 0
d 0 0 -1.5490925955634485e-22 0 0 -1.406055063861619e-15 205 205 1.4060552163326853e-15 0 0 0
d 0 0 -1.8560053835281949e-22 0 0 -1.4181738130962534e-15 210 210 1.4181739920447766e-15 0 0 0
d 0 0 -2.2072830814095579e-22 0 0 -1.4302283652692762e-15 215 215 1.430228571419101e-15 0 0 0
d 0 0 -2.6049627904137015e-22 0 0 -1.4422137230784768e-15 220 220 1.442213954743385e-15 0 0 0
d 0 0 -3.049914288481097e-22 0 0 -1.4541245668456188e-15 225 225 1.4541248399133059e-15 0 0 0
d 0 0 -3.5415910796874351e-22 0 0 -1.4659558192355802e-15 230 230 1.4659561360703661e-15 0 0 0
d 0 0 -4.0778269908936692e-22 0 0 -1.4777019827390763e-15 235 235 1.4777023486649773e-15 0 0 0
d 0 0 -4.654394958002774e-22 0 0 -1.4895186921572867e-15 240 240 1.4895191099883412e-15 0 0 0
d 0 0 -5.2654314278507056e-22 0 0 -1.5015390292704093e-15 245 245 1.5015395063055222e-15 0 0 0
d 0 0 -5.9046819333773738e-22 0 0 -1.5134824382517415e-15 250 250 1.5134829792815628e-15 0 0 0
d 0 0 -6.5642308716271581e-22 0 0 -1.5253870336165301e-15 255 255 1.5253875533920413e-15 0 0 0
d 0 0 -7.2358630885640785e-22 0 0 -1.537274464186133e-15 260 260 1.5372751581338609e-15 0 0 0
d 0 0 -7.9118337799924665e-22 0 0 -1.5491765784758417e-15 265 265 1.5491774224076332e-15 0 0 0
d 0 0 -8.5835222736918298e-22 0 0 -1.5626501398153961e-15 270 270 1.5626510153096635e-15 0 0 0
d 0 0 -9.2497346467373955e-22 0 0 -1.5760641261732575e-15 275 275 1.5760650691380398e-15 0 0 0
d 0 0 -9.908883803856324e-22 0 0 -1.5896183251292993e-15 280 280 1.5896193524588667e-15 0 0 0
d 0 0 -1.0562105093251415e-21 0 0 -1.6034139071936818e-15 285 285 1.6034150514736297e-15 0 0 0
d 0 0 -1.121261694801044e-21 0 0 -1.6175238265340881e-15 290 290 1.6175250734911931e-15 0 0 0
d 0 0 -1.1865057166783448e-21 0 0 -1.6320064726794271e-15 295 295 1.6320076881522898e-15 0 0 0
d 0 0 -1.2524561112091867e-21 0 0 -1.646900877857599e-15 300 300 1.6469022659069891e-15 0 0 0
d 0 0 -1.3187431733570581e-21 0 0 -1.6621142992796855e-15 305 305 1.6621157187920142e-15 0 0 0
d 0 0 -1.3803338716965121e-21 0 0 -1.6774603603309687e-15 310 310 1.6774615964595664e-15 0 0 0
d 0 0 -1.4412599609421425e-21 0 0 -1.6930982542526803e-15 315 315 1.6930997384553726e-15 0 0 0
d 0 0 -1.5039708429097898e-21 0 0 -1.708920692375262e-15 320 320 1.7089222877804968e-15 0 0 0
d 0 0 -1.5761896420536864e-21 0 0 -1.7255782098118837e-15 325 325 1.7255799108972557e-15 0 0 0
d 0 0 -1.6677550335948961e-21 0 0 -1.7428850670693016e-15 330 330 1.7428869107022191e-15 0 0 0
d 0 0 -1.803966440827177e-21 0 0 -1.7608517096827849e-15 335 335 1.760853579255814e-15 0 0 0
d 0 0 -2.0017471938287512e-21 0 0 -1.7794628574937394e-15 340 340 1.7794649548059262e-15 0 0 0
d 0 0 -2.2612215017178433e-21 0 0 -1.8004287122110168e-15 345 345 1.8004310853757303e-15 0 0 0
d 0 0 -2.5591972494441012e-21 0 0 -1.8216510718201957e-15 350 350 1.8216537653561794e-15 0 0 0
d 0 0 -2.905950660788516e-21 0 0 -1.8435343580247781e-15 355 355 1.8435374224011779e-15 0 0 0
d 0 0 -3.3045816435566145e-21 0 0 -1.8658624731581236e-15 360 360 1.8658658287244076e-15 0 0 0
d 0 0 -3.7575409810045187e-21 0 0 -1.8884590411991606e-15 365 365 1.8884628552717091e-15 0 0 0
d 0 0 -4.2685627808951092e-21 0 0 -1.9112433370425668e-15 370 370 1.9112477380252035e-15 0 0 0
d 0 0 -4.8147238297724845e-21 0 0 -1.9333768369201029e-15 375 375 1.9333819349363526e-15 0 0 0
d 0 0 -5.4118097031167604e-21 0 0 -1.9553896113216521e-15 380 380 1.9553958354067313e-15 0 0 0
d 0 0 -5.9222866318019214e-21 0 0 -1.9738883912115705e-15 385 385 1.9738945587885654e-15 0 0 0
d 0 0 -6.4598950010270698e-21 0 0 -1.9922909403146562e-15 390 390 1.992297808004561e-15 0 0 0
d 0 0 -7.0264154474115759e-21 0 0 -2.0108223963813063e-15 395 395 2.0108298273695883e-15 0 0 0
d 0 0 -7.6186993516168142e-21 0 0 -2.0294524604795626e-15 400 400 2.0294604516736993e-15 0 0 0
d 0 0 -8.2320590809097503e-21 0 0 -2.0480834590142249e-15 405 405 2.0480920408869863e-15 0 0 0
d 0 0 -8.8626091672162197e-21 0 0 -2.0667300553994787e-15 410 410 2.066739239073267e-15 0 0 0
d 0 0 -9.5108950897299883e-21 0 0 -2.0854078223651605e-15 415 415 2.0854176218107698e-15 0 0 0
d 0 0 -1.0186408093468993e-20 0 0 -2.1041408720064998e-15 420 420 2.104151313697045e-15 0 0 0
d 0 0 -1.0894378564435367e-20 0 0 -2.1229436853251135e-15 425 425 2.122954806504498e-15 0 0 0
d 0 0 -1.1656058534792333e-20 0 0 -2.1418531234283723e-15 430 430 2.1418649643987972e-15 0 0 0
d 0 0 -1.2613132038674943e-20 0 0 -2.1610117601815379e-15 435 435 2.1610245345069621e-15 0 0 0
d 0 0 -1.3759254848917712e-20 0 0 -2.1803720104967295e-15 440 440 2.1803859131132193e-15 0 0 0
d 0 0 -1.506204673716298e-20 0 0 -2.1998784590611585e-15 445 445 2.1998936516779999e-15 0 0 0
d 0 0 -1.6497387737475299e-20 0 0 -2.2194998668944044e-15 450 450 2.2195164839511278e-15 0 0 0
d 0 0 -1.8058533142065244e-20 0 0 -2.2392255109200397e-15 455 455 2.2392436796869684e-15 0 0 0
d 0 0 -1.9747719225473145e-20 0 0 -2.2590518014944626e-15 460 460 2.2590719744918768e-15 0 0 0
d 0 0 -2.1572497250272124e-20 0 0 -2.2789756983741803e-15 465 465 2.2789976705109663e-15 0 0 0
d 0 0 -2.3547190403595408e-20 0 0 -2.2989899884448876e-15 470 470 2.2990139079550816e-15 0 0 0
d 0 0 -2.5650426952245267e-20 0 0 -2.3190499149564144e-15 475 475 2.3190759171855219e-15 0 0 0
d 0 0 -2.7929094189883145e-20 0 0 -2.340037193566363e-15 480 480 2.3400654812578535e-15 0 0 0
d 0 0 -3.0471266937096168e-20 0 0 -2.3628597699012839e-15 485 485 2.3628905621942603e-15 0 0 0
d 0 0 -3.3258669409187229e-20 0 0 -2.3855205032187091e-15 490 490 2.3855540575279248e-15 0 0 0
d 0 0 -3.629076067978736e-20 0 0 -2.4082341839754524e-15 495 495 2.4082707297582629e-15 0 0 0
d 0 0 -3.9568805911434726e-20 0 0 -2.4310577108278773e-15 500 500 2.4310974939898183e-15 0 0 0
d 0 0 -4.3095661500698119e-20 0 0 -2.4540206191261936e-15 505 505 2.4540639294271907e-15 0 0 0
d 0 0 -4.6876294709584003e-20 0 0 -2.4771431332350015e-15 510 510 2.4771903318052063e-15 0 0 0
d 0 0 -5.0915677405380308e-20 0 0 -2.5004408737093714e-15 515 515 2.5004919809152662e-15 0 0 0
d 0 0 -5.5219715810583806e-20 0 0 -2.5239276358379052e-15 520 520 2.5239834051249818e-15 0 0 0
d 0 0 -5.9794228119251997e-20 0 0 -2.547652265872329e-15 525 525 2.5477121308103204e-15 0 0 0
d 0 0 -6.4639559688145515e-20 0 0 -2.5716889981315928e-15 530 530 2.5717532852683936e-15 0 0 0
d 0 0 -6.975535099703449e-20 0 0 -2.5959833139335762e-15 535 535 2.5960536015698673e-15 0 0 0
d 0 0 -7.513850897597465e-20 0 0 -2.620514110611107e-15 540 540 2.62058798355678e-15 0 0 0
d 0 0 -8.0779625851684538e-20 0 0 -2.6452837664980338e-15 545 545 2.6453642549545049e-15 0 0 0
d 0 0 -8.6354091744064399e-20 0 0 -2.6691970557989877e-15 550 550 2.669283743499725e-15 0 0 0
d 0 0 -9.2298127725720907e-20 0 0 -2.6938912990468508e-15 555 555 2.6939833567254059e-15 0 0 0
d 0 0 -9.7718828398583715e-20 0 0 -2.7164164148548219e-15 560 560 2.7165146778864172e-15 0 0 0
d 0 0 -1.0264055782754617e-19 0 0 -2.7370651808693296e-15 565 565 2.7371670921704009e-15 0 0 0
d 0 0 -1.0760913535354755e-19 0 0 -2.7577490569075371e-15 570 570 2.7578564036858718e-15 0 0 0
d 0 0 -1.1264101337861572e-19 0 0 -2.7785737788427511e-15 575 575 2.7786861419534587e-15 0 0 0
d 0 0 -1.1773083056141872e-19 0 0 -2.7995738151462753e-15 580 580 2.7996899397622487e-15 0 0 0
d 0 0 -1.2286695555885573e-19 0 0 -2.8207654197194139e-15 585 585 2.8208864809956776e-15 0 0 0
d 0 0 -1.280349725690498e-19 0 0 -2.8421579457908962e-15 590 590 2.8422857961113984e-15 0 0 0
d 0 0 -1.3321889058185637e-19 0 0 -2.8637570600825562e-15 595 595 2.8638900741418133e-15 0 0 0
d 0 0 -1.3840175760419945e-19 0 0 -2.8855655154960666e-15 600 600 2.8857036900005247e-15 0 0 0
d 0 0 -1.4356608907076471e-19 0 0 -2.907582579156201e-15 605 605 2.9077258914789588e-15 0 0 0
d 0 0 -1.486941982965563e-19 0 0 -2.929801029487424e-15 610 610 2.9299494361447598e-15 0 0 0
d 0 0 -1.5376820831881369e-19 0 0 -2.9521919239920874e-15 615 615 2.9523453459065081e-15 0 0 0
d 0 0 -1.5878742003757925e-19 0 0 -2.9754077032803866e-15 620 620 2.9755653649552901e-15 0 0 0
d 0 0 -1.6373755657332312e-19 0 0 -2.9994552404680912e-15 625 625 2.9996184723031113e-15 0 0 0
d 0 0 -1.6858500632983619e-19 0 0 -3.0235046336709913e-15 630 630 3.0236727552595001e-15 0 0 0
d 0 0 -1.7331972430710795e-19 0 0 -3.0476115982642452e-15 635 635 3.0477844034903017e-15 0 0 0
d 0 0 -1.7793369751034279e-19 0 0 -3.0717889460275043e-15 640 640 3.0719662888870498e-15 0 0 0
d 0 0 -1.8242215321192631e-19 0 0 -3.0960342952146628e-15 645 645 3.0962161904326476e-15 0 0 0
d 0 0 -1.867874019505855e-19 0 0 -3.1205251593304089e-15 650 650 3.1207113559479709e-15 0 0 0
d 0 0 -1.9103021339754126e-19 0 0 -3.1451019488767846e-15 655 655 3.1452921551808478e-15 0 0 0
d 0 0 -1.9515913749154216e-19 0 0 -3.169773307050909e-15 660 660 3.1699675484600967e-15 0 0 0
d 0 0 -1.9918823088981989e-19 0 0 -3.194548795288873e-15 665 665 3.1947469813288491e-15 0 0 0
d 0 0 -2.0313590025890755e-19 0 0 -3.2194388294151097e-15 670 670 3.2196430105161464e-15 0 0 0
d 0 0 -2.0701193836796526e-19 0 0 -3.2443907409967499e-15 675 675 3.2445994428489092e-15 0 0 0
d 0 0 -2.1056036010816824e-19 0 0 -3.2678956430429447e-15 680 680 3.268101927347049e-15 0 0 0
d 0 0 -2.1416835326847391e-19 0 0 -3.2918886131238515e-15 685 685 3.2921037109160936e-15 0 0 0
d 0 0 -2.1721447685507284e-19 0 0 -3.3129129796790155e-15 690 690 3.3131285063455578e-15 0 0 0
d 0 0 -2.2025941808962051e-19 0 0 -3.3338827951449622e-15 695 695 3.3340992028323242e-15 0 0 0
d 0 0 -2.2335298481863605e-19 0 0 -3.35496998278513e-15 700 700 3.3551941717380349e-15 0 0 0
d 0 0 -2.2652419208216539e-19 0 0 -3.3762322465065914e-15 705 705 3.3764561944054753e-15 0 0 0
d 0 0 -2.2979751357134643e-19 0 0 -3.3977013792528751e-15 710 710 3.3979284575558496e-15 0 0 0
d 0 0 -2.3319579943876698e-19 0 0 -3.4194001396446153e-15 715 715 3.4196275779789292e-15 0 0 0
d 0 0 -2.3674099546620561e-19 0 0 -3.441347191677003e-15 720 720 3.4415812448134056e-15 0 0 0
d 0 0 -2.4045429916945523e-19 0 0 -3.4635588289928716e-15 725 725 3.4637992997432941e-15 0 0 0
d 0 0 -2.4435543508774026e-19 0 0 -3.4860457387881802e-15 730 730 3.4862903280762397e-15 0 0 0
d 0 0 -2.4845840856045501e-19 0 0 -3.5087924933902432e-15 735 735 3.509036448116801e-15 0 0 0
d 0 0 -2.5254662122915976e-19 0 0 -3.5306637846565021e-15 740 740 3.5309013618603316e-15 0 0 0
d 0 0 -2.569756634761452e-19 0 0 -3.5533902880365748e-15 745 745 3.5536468376844426e-15 0 0 0
d 0 0 -2.6129123303238207e-19 0 0 -3.5747910641269689e-15 750 750 3.5750470200123158e-15 0 0 0
d 0 0 -2.6574153295277707e-19 0 0 -3.5960695824612028e-15 755 755 3.596325707085864e-15 0 0 0
d 0 0 -2.7041109024220432e-19 0 0 -3.6175799821678962e-15 760 760 3.6178258538970263e-15 0 0 0
d 0 0 -2.7531286957722108e-19 0 0 -3.6393393688780377e-15 765 765 3.6395570333719631e-15 0 0 0
d 0 0 -2.8045656114601462e-19 0 0 -3.6613510557350764e-15 770 770 3.6614975829308514e-15 0 0 0
d 0 0 -2.8585122627255533e-19 0 0 -3.6836169299068161e-15 775 775 3.6838952563383907e-15 0 0 0
d 0 0 -2.9150581368654878e-19 0 0 -3.7061393375551237e-15 780 780 3.7063714993550794e-15 0 0 0
d 0 0 -2.9742841609231057e-19 0 0 -3.728917865141245e-15 785 785 3.7291744148914928e-15 0 0 0
d 0 0 -3.0362572805638602e-19 0 0 -3.7519476775768191e-15 790 790 3.7512054867190065e-15 0 0 0
d 0 0 -3.1010274617537006e-19 0 0 -3.7752186085114148e-15 795 795 3.772438282499683e-15 0 0 0
d 0 0 -3.1686408343195178e-19 0 0 -3.7987207003585959e-15 800 800 3.7984871472510852e-15 0 0 0
d 0 0 -3.2391889513421691e-19 0 0 -3.8224603766872048e-15 805 805 3.822664224799125e-15 0 0 0
d 0 0 -3.3127866466692119e-19 0 0 -3.8464500224807648e-15 810 810 3.8457027709978188e-15 0 0 0
d 0 0 -3.3895356353732525e-19 0 0 -3.8706950750537337e-15 815 815 3.8682343559646784e-15 0 0 0
d 0 0 -3.4695424150605259e-19 0 0 -3.8952001043104226e-15 820 820 3.8932750444843005e-15 0 0 0
d 0 0 -3.5529296162412879e-19 0 0 -3.9199693706712218e-15 825 825 3.911926337146479e-15 0 0 0
d 0 0 -3.6398679844317263e-19 0 0 -3.9450088772190965e-15 830 830 3.9421623648140258e-15 0 0 0
d 0 0 -3.7302146757456266e-19 0 0 -3.9703226565057427e-15 835 835 3.9585258381354768e-15 0 0 0
d 0 0 -3.822411572170585e-19 0 0 -3.9958899220487431e-15 840 840 3.9763737824123908e-15 0 0 0
d 0 0 -3.9178739643528482e-19 0 0 -4.0217291195453717e-15 845 845 4.0098872492565387e-15 0 0 0
d 0 0 -4.0172704281650142e-19 0 0 -4.0478564742545029e-15 850 850 4.0424040923006004e-15 0 0 0
d 0 0 -4.1206940398167594e-19 0 0 -4.0742805817244266e-15 855 855 4.0704132300033598e-15 0 0 0
d 0 0 -4.2282398778349362e-19 0 0 -4.1010040602305527e-15 860 860 4.0993215945548263e-15 0 0 0
d 0 0 -4.3400121344665193e-19 0 0 -4.1280288588433267e-15 865 865 4.1171771745608136e-15 0 0 0
d 0 0 -4.4561253936815405e-19 0 0 -4.1553571576886828e-15 870 870 4.1504970090083329e-15 0 0 0
d 0 0 -4.5766916389512853e-19 0 0 -4.182989063113843e-15 875 875 4.1796353670064546e-15 0 0 0
d 0 0 -4.7018266946926252e-19 0 0 -4.2109239110934759e-15 880 880 4.2066483567320429e-15 0 0 0
d 0 0 -4.8316677394586307e-19 0 0 -4.2391641560667648e-15 885 885 4.2329941905013529e-15 0 0 0
d 0 0 -4.9663682543597239e-19 0 0 -4.2677136215944853e-15 890 890 4.2596564254614459e-15 0 0 0
d 0 0 -5.1060762439509568e-19 0 0 -4.2965722859919893e-15 895 895 4.2885827055330139e-15 0 0 0
d 0 0 -5.2509314996848677e-19 0 0 -4.3257350017533957e-15 900 900 4.3174701432788289e-15 0 0 0
d 0 0 -5.4010819161424172e-19 0 0 -4.3551930654108923e-15 905 905 4.3460987674153899e-15 0 0 0
d 0 0 -5.5566985238086957e-19 0 0 -4.3849324823318898e-15 910 910 4.3751914502224648e-15 0 0 0
d 0 0 -5.717972489272786e-19 0 0 -4.4149172969755255e-15 915 915 4.4047819287377731e-15 0 0 0
d 0 0 -5.8850206027717808e-19 0 0 -4.4454002185308704e-15 920 920 4.4343058046762949e-15 0 0 0
d 0 0 -6.0571613307003618e-19 0 0 -4.4799346150382702e-15 925 925 4.4656813999941807e-15 0 0 0
d 0 0 -6.2356682068226226e-19 0 0 -4.5145583585604993e-15 930 930 4.5035648270831672e-15 0 0 0
d 0 0 -6.4207399988951924e-19 0 0 -4.549321323335136e-15 935 935 4.5379807310496452e-15 0 0 0
d 0 0 -6.6125697004462394e-19 0 0 -4.5843635145080099e-15 940 940 4.57289380316639e-15 0 0 0
d 0 0 -6.8113833102405985e-19 0 0 -4.619748496473722e-15 945 945 4.6081411857201643e-15 0 0 0
d 0 0 -7.017425386740182e-19 0 0 -4.6555158823314764e-15 950 950 4.6437478329147434e-15 0 0 0
d 0 0 -7.2309582344404862e-19 0 0 -4.6916953882388832e-15 955 955 4.6796471062141934e-15 0 0 0
d 0 0 -7.4522617845566708e-19 0 0 -4.7283119485065232e-15 960 960 4.7160347220042607e-15 0 0 0
d 0 0 -7.6816342921564366e-19 0 0 -4.7653879846136549e-15 965 965 4.7529957785737368e-15 0 0 0
d 0 0 -7.9193929898717676e-19 0 0 -4.8029443455673116e-15 970 970 4.7898702981275627e-15 0 0 0
d 0 0 -8.1658826453354924e-19 0 0 -4.8410017461649401e-15 975 975 4.828991585211769e-15 0 0 0
d 0 0 -8.4214799796472538e-19 0 0 -4.8795808903243939e-15 980 980 4.8673389086372153e-15 0 0 0
d 0 0 -8.6866005977238804e-19 0 0 -4.9187023706155667e-15 985 985 4.9060631861226005e-15 0 0 0
d 0 0 -8.9617180623907975e-19 0 0 -4.9583875335071574e-15 990 990 4.9583499290929802e-15 0 0 0
d 0 0 -9.2473857186519559e-19 0 0 -4.9986583623484233e-15 995 995 4.9986840214673305e-15 0 0 0
d 0 0 -9.5442671153887003e-19 0 0 -5.0395371559467825e-15 1000 1000 5.0395496168623788e-15 0 0 0
d 0 0 -9.8531819566219082e-19 0 0 -5.0810464255180843e-15 1005 1005 5.0810669717750965e-15 0 0 0
d 0 0 -1.0175159346988031e-18 0 0 -5.1232082581529344e-15 1010 1010 5.1232367822544814e-15 0 0 0
d 0 0 -1.0511501571900283e-18 0 0 -5.1660440401091538e-15 1015 1015 5.1660782820118233e-15 0 0 0
d 0 0 -1.0863846369006767e-18 0 0 -5.2095732954458967e-15 1020 1020 5.2096103527438316e-15 0 0 0
d 0 0 -1.1234247098691117e-18 0 0 -5.2538106741762154e-15 1025 1025 5.2538374632115433e-15 0 0 0
d 0 0 -1.1625388644870596e-18 0 0 -5.2987616298576862e-15 1030 1030 5.2987560904061522e-15 0 0 0
d 0 0 -1.2041138005804513e-18 0 0 -5.3444155258525995e-15 1035 1035 5.3443376580392042e-15 0 0 0
d 0 0 -1.2487272108452119e-18 0 0 -5.3907370059878789e-15 1040 1040 5.3905206156495857e-15 0 0 0
d 0 0 -1.2970063321589197e-18 0 0 -5.4376807910996495e-15 1045 1045 5.4372743694386325e-15 0 0 0
d 0 0 -1.3489314916295938e-18 0 0 -5.4852629055040756e-15 1050 1050 5.4847373693317651e-15 0 0 0
d 0 0 -1.4036439015157915e-18 0 0 -5.53358843785457e-15 1055 1055 5.5330695152359505e-15 0 0 0
d 0 0 -1.4604128550598113e-18 0 0 -5.5827591428658135e-15 1060 1060 5.5823015501998734e-15 0 0 0
d 0 0 -1.5189718275181796e-18 0 0 -5.6328341363952044e-15 1065 1065 5.6324532478077292e-15 0 0 0
d 0 0 -1.5792812401783174e-18 0 0 -5.6838487191453012e-15 1070 1070 5.6835518462421075e-15 0 0 0
d 0 0 -1.6413733815977336e-18 0 0 -5.7358278411216209e-15 1075 1075 5.7356179310562203e-15 0 0 0
d 0 0 -1.7053025465196721e-18 0 0 -5.788789824260745e-15 1080 1080 5.7886638917070664e-15 0 0 0
d 0 0 -1.7711317079848981e-18 0 0 -5.8427464918842159e-15 1085 1085 5.8426986566154683e-15 0 0 0
d 0 0 -1.8389285987432181e-18 0 0 -5.8977022968355578e-15 1090 1090 5.8977306537741452e-15 0 0 0
d 0 0 -1.9087628779251883e-18 0 0 -5.9536529513533527e-15 1095 1095 5.9537611128730233e-15 0 0 0
d 0 0 -1.9806998540410204e-18 0 0 -6.0105828031643091e-15 1100 1100 6.0107735266386217e-15 0 0 0
d 0 0 -2.0547780344450672e-18 0 0 -6.0684556499780949e-15 1105 1105 6.0687171699651389e-15 0 0 0
d 0 0 -2.1312183486339558e-18 0 0 -6.1273682206792356e-15 1110 1110 6.127709838629689e-15 0 0 0
d 0 0 -2.2128210066555636e-18 0 0 -6.1886123702341218e-15 1115 1115 6.1890256658519409e-15 0 0 0
d 0 0 -2.2969060622217959e-18 0 0 -6.250177351836098e-15 1120 1120 6.2506492337260733e-15 0 0 0
d 0 0 -2.3837763554494554e-18 0 0 -6.3121833643879348e-15 1125 1125 6.3127503551933843e-15 0 0 0
d 0 0 -2.473570179609337e-18 0 0 -6.3746349232063535e-15 1130 1130 6.3752998595499305e-15 0 0 0
d 0 0 -2.5663940231550443e-18 0 0 -6.437520111646974e-15 1135 1135 6.4382844880911697e-15 0 0 0
d 0 0 -2.662401467347829e-18 0 0 -6.5008345651493041e-15 1140 1140 6.5016965070359709e-15 0 0 0
d 0 0 -2.7622904154610836e-18 0 0 -6.5646099305350418e-15 1145 1145 6.5655782192893381e-15 0 0 0
d 0 0 -2.8655395049316963e-18 0 0 -6.628731928839922e-15 1150 1150 6.6298110255800543e-15 0 0 0
d 0 0 -2.9723603176406852e-18 0 0 -6.6932059675894569e-15 1155 1155 6.6943987147914468e-15 0 0 0
d 0 0 -3.0828224840418832e-18 0 0 -6.7580281766283503e-15 1160 1160 6.7593483991150448e-15 0 0 0
d 0 0 -3.1970424392481408e-18 0 0 -6.823198702831671e-15 1165 1165 6.8246481307411795e-15 0 0 0
d 0 0 -3.3151395672158754e-18 0 0 -6.8887218251019596e-15 1170 1170 6.8903057892998233e-15 0 0 0
d 0 0 -3.4372343425160966e-18 0 0 -6.9546038970100499e-15 1175 1175 6.9563209847098065e-15 0 0 0
d 0 0 -3.5634494282355681e-18 0 0 -7.020853136595565e-15 1180 1180 7.0227140598153964e-15 0 0 0
d 0 0 -3.6939101113641771e-18 0 0 -7.0874793945203259e-15 1185 1185 7.0894964214298218e-15 0 0 0
d 0 0 -3.8287445346068797e-18 0 0 -7.1544939338299403e-15 1190 1190 7.1566691932233154e-15 0 0 0
d 0 0 -3.9680838377208484e-18 0 0 -7.2219092383584167e-15 1195 1195 7.2242490662200294e-15 0 0 0
d 0 0 -4.1120622537431036e-18 0 0 -7.2897388522072512e-15 1200 1200 7.2922497366325675e-15 0 0 0
d 0 0 -4.2608171835615577e-18 0 0 -7.3579972464589175e-15 1205 1205 7.3605098957353227e-15 0 0 0
d 0 0 -4.4144892719846869e-18 0 0 -7.4266997338846373e-15 1210 1210 7.4293565214113151e-15 0 0 0
d 0 0 -4.5732224778871937e-18 0 0 -7.4958623725172676e-15 1215 1215 7.4987101552759837e-15 0 0 0
d 0 0 -4.7371641668005935e-18 0 0 -7.5655019227875931e-15 1220 1220 7.5685481913131038e-15 0 0 0
d 0 0 -4.9064652223445008e-18 0 0 -7.6356358126545465e-15 1225 1225 7.6388881601746847e-15 0 0 0
d 0 0 -5.0812801820926316e-18 0 0 -7.7062821188140422e-15 1230 1230 7.7097482214056876e-15 0 0 0
d 0 0 -5.261767404056641e-18 0 0 -7.7774595629478194e-15 1235 1235 7.7811471569258496e-15 0 0 0
d 0 0 -5.4480892690264004e-18 0 0 -7.849187520796212e-15 1240 1240 7.8531043797821424e-15 0 0 0
d 0 0 -5.6404124296117692e-18 0 0 -7.9214860448180674e-15 1245 1245 7.925639961819424e-15 0 0 0
d 0 0 -5.8389081248522379e-18 0 0 -7.9943759038537467e-15 1250 1250 7.9987746840217694e-15 0 0 0
d 0 0 -6.0437525832124073e-18 0 0 -8.0678786437697571e-15 1255 1255 8.0725301079088696e-15 0 0 0
d 0 0 -6.2551275286545331e-18 0 0 -8.1420166691971198e-15 1260 1260 8.1469286596733937e-15 0 0 0
d 0 0 -6.4732207893285594e-18 0 0 -8.2168133408867062e-15 1265 1265 8.2219941300201911e-15 0 0 0
d 0 0 -6.6982270035926985e-18 0 0 -8.2922930821802545e-15 1270 1270 8.2977503950992942e-15 0 0 0
d 0 0 -6.9303484322303388e-18 0 0 -8.3684814932029382e-15 1275 1275 8.3742228953836161e-15 0 0 0
d 0 0 -7.1697959008556323e-18 0 0 -8.4454054765547401e-15 1280 1280 8.4514388105547563e-15 0 0 0
d 0 0 -7.4167899039300422e-18 0 0 -8.5230933791816385e-15 1285 1285 8.529426465596883e-15 0 0 0
d 0 0 -7.6715615819637323e-18 0 0 -8.6015748805559937e-15 1290 1290 8.5990379769863484e-15 0 0 0
d 0 0 -7.9343554687890751e-18 0 0 -8.6808822583599041e-15 1295 1295 8.6791394767402384e-15 0 0 0
d 0 0 -8.2054293844291839e-18 0 0 -8.7610489655376687e-15 1300 1300 8.7601000761517358e-15 0 0 0
d 0 0 -8.4850576262406044e-18 0 0 -8.8421109186917107e-15 1305 1305 8.8419540402558656e-15 0 0 0
d 0 0 -8.7735329247877283e-18 0 0 -8.9241064548092105e-15 1310 1310 8.9247382591923171e-15 0 0 0
d 0 0 -9.0711690024745115e-18 0 0 -9.0070765593757036e-15 1315 1315 9.0084924580112053e-15 0 0 0
d 0 0 -9.3783034875799684e-18 0 0 -9.0910650859101646e-15 1320 1320 9.0932594388818519e-15 0 0 0
d 0 0 -9.6953012722431605e-18 0 0 -9.1761189450812518e-15 1325 1325 9.1790852878023241e-15 0 0 0
d 0 0 -1.0022558475762269e-17 0 0 -9.2622882251754699e-15 1330 1330 9.2660195062594014e-15 0 0 0
d 0 0 -1.0360507307809976e-17 0 0 -9.349626176814733e-15 1335 1335 9.3541149995165103e-15 0 0 0
d 0 0 -1.0709622353757558e-17 0 0 -9.4381889432141e-15 1340 1340 9.4434278018770189e-15 0 0 0
d 0 0 -1.1070429157149741e-17 0 0 -9.5280348219625663e-15 1345 1345 9.5340163242903708e-15 0 0 0
d 0 0 -1.1443516443238618e-17 0 0 -9.619222655873376e-15 1350 1350 9.6259397208204071e-15 0 0 0
d 0 0 -1.1829553787969829e-17 0 0 -9.7118085292717597e-15 1355 1355 9.7192545442576672e-15 0 0 0
d 0 0 -1.2229316671769774e-17 0 0 -9.8058388162927334e-15 1360 1360 9.8140077048839727e-15 0 0 0
d 0 0 -1.2643720316156495e-17 0 0 -9.9013337938258038e-15 1365 1365 9.9102197844438306e-15 0 0 0
d 0 0 -1.3073863722901669e-17 0 0 -9.9982380034108153e-15 1370 1370 1.000783392851318e-14 0 0 0
d 0 0 -1.3521096218462537e-17 0 0 -1.0096214905229013e-14 1375 1375 1.0106157999504571e-14 0 0 0
d 0 0 -1.3984821132250525e-17 0 0 -1.0208995770292264e-14 1380 1380 1.0220164460015782e-14 0 0 0
d 0 0 -1.4469100146411533e-17 0 0 -1.032610697914654e-14 1385 1385 1.0337854275673918e-14 0 0 0
d 0 0 -1.4972223202705634e-17 0 0 -1.0444601309527719e-14 1390 1390 1.0457053788669928e-14 0 0 0
d 0 0 -1.5501256834664625e-17 0 0 -1.0565306739687786e-14 1395 1395 1.0578504618704938e-14 0 0 0
d 0 0 -1.6058231377152776e-17 0 0 -1.0688647380839634e-14 1400 1400 1.07026086310279e-14 0 0 0
d 0 0 -1.6289145183636778e-17 0 0 -1.0738804465798321e-14 1402 1402 1.0752556792313067e-14 0 0 0
d 0 0 -1.6524836258516e-17 0 0 -1.0789465618978576e-14 1404 1404 1.0803570449615127e-14 0 0 0
d 0 0 -1.6765409481275431e-17 0 0 -1.0840654288285042e-14 1406 1406 1.0855113885964909e-14 0 0 0
d 0 0 -1.7010984320510955e-17 0 0 -1.0892394232694887e-14 1408 1408 1.0907210859053046e-14 0 0 0
d 0 0 -1.7261693898821721e-17 0 0 -1.0944709459868334e-14 1410 1410 1.0959885409841032e-14 0 0 0
d 0 0 -1.7517683471509698e-17 0 0 -1.0997624214092553e-14 1412 1412 1.101316184627312e-14 0 0 0
d 0 0 -1.777910919844052e-17 0 0 -1.1051162971906864e-14 1414 1414 1.1067064737805905e-14 0 0 0
d 0 0 -1.8046137526987955e-17 0 0 -1.110535045466958e-14 1416 1416 1.1121618926226651e-14 0 0 0
d 0 0 -1.8318945053619797e-17 0 0 -1.1160211659582012e-14 1418 1418 1.1176849554491249e-14 0 0 0
d 0 0 -1.8597718620888677e-17 0 0 -1.1215771905745478e-14 1420 1420 1.1232782110364655e-14 0 0 0
d 0 0 -1.8882655467114033e-17 0 0 -1.1272056889520542e-14 1422 1422 1.1289442479353992e-14 0 0 0
d 0 0 -1.9173963340181549e-17 0 0 -1.1329092743135219e-14 1424 1424 1.1346857001080725e-14 0 0 0
d 0 0 -1.9471860555339206e-17 0 0 -1.1386906091334607e-14 1426 1426 1.1405052524027419e-14 0 0 0
d 0 0 -1.9776576011050603e-17 0 0 -1.1445524102171235e-14 1428 1428 1.1464056454833096e-14 0 0 0
d 0 0 -2.0088349186981066e-17 0 0 -1.1504974529330281e-14 1430 1430 1.1523896799546507e-14 0 0 0
d 0 0 -2.0407430145803499e-17 0 0 -1.1565285744426978e-14 1432 1432 1.1584602195247794e-14 0 0 0
d 0 0 -2.0734079553759282e-17 0 0 -1.1626486758432642e-14 1434 1434 1.1646201931144363e-14 0 0 0
d 0 0 -2.1068568727986807e-17 0 0 -1.1688607231804863e-14 1436 1436 1.17087259586561e-14 0 0 0
d 0 0 -2.1411179713175595e-17 0 0 -1.1751677473080437e-14 1438 1438 1.1772204890187352e-14 0 0 0
d 0 0 -2.1762197242920052e-17 0 0 -1.1815727367841651e-14 1440 1440 1.1827761497602033e-14 0 0 0
d 0 0 -2.2121941454262301e-17 0 0 -1.18807905975709e-14 1442 1442 1.1893827649965922e-14 0 0 0
d 0 0 -2.2490719637991191e-17 0 0 -1.1946898217118883e-14 1444 1444 1.1960803830597104e-14 0 0 0
d 0 0 -2.2868856999262918e-17 0 0 -1.2014082867405302e-14 1446 1446 1.2028893710966169e-14 0 0 0
d 0 0 -2.3256691831015638e-17 0 0 -1.2082377662327105e-14 1448 1448 1.209815397830561e-14 0 0 0
d 0 0 -2.3654573384980244e-17 0 0 -1.2151816074441339e-14 1450 1450 1.21685415849051e-14 0 0 0
d 0 0 -2.4062862797741974e-17 0 0 -1.2222431863373515e-14 1452 1452 1.2240090825101926e-14 0 0 0
d 0 0 -2.4481933201769604e-17 0 0 -1.2294258957081196e-14 1454 1454 1.231283621351895e-14 0 0 0
d 0 0 -2.4912169894410831e-17 0 0 -1.2367331321110372e-14 1456 1456 1.2386812358237907e-14 0 0 0
d 0 0 -2.5353970492448009e-17 0 0 -1.2441682808589711e-14 1458 1458 1.2462053815002677e-14 0 0 0
d 0 0 -2.580774506646065e-17 0 0 -1.2517346989967923e-14 1460 1460 1.2538594920428162e-14 0 0 0
d 0 0 -2.6273916248604548e-17 0 0 -1.259435696169765e-14 1462 1462 1.2616469603441824e-14 0 0 0
d 0 0 -2.6752919306618038e-17 0 0 -1.2672745133368809e-14 1464 1464 1.269571117353578e-14 0 0 0
d 0 0 -2.7245202175923892e-17 0 0 -1.2752542993209278e-14 1466 1466 1.2776352087829693e-14 0 0 0
d 0 0 -2.7751225440638882e-17 0 0 -1.2833780852414825e-14 1468 1468 1.2858423694375341e-14 0 0 0
d 0 0 -2.8271462253176248e-17 0 0 -1.2916487569453636e-14 1470 1470 1.2941955955206527e-14 0 0 0
d 0 0 -2.8806398180979654e-17 0 0 -1.3000690256319612e-14 1472 1472 1.3026977150071296e-14 0 0 0
d 0 0 -2.935653096783082e-17 0 0 -1.3086413969681658e-14 1474 1474 1.3113513564054477e-14 0 0 0
d 0 0 -2.9922370196200664e-17 0 0 -1.3173681390982673e-14 1476 1476 1.3201589163199028e-14 0 0 0
d 0 0 -3.0504436836345895e-17 0 0 -1.3262512500759265e-14 1478 1478 1.3291225263490592e-14 0 0 0
d 0 0 -3.1103262667358056e-17 0 0 -1.3352924253745868e-14 1480 1480 1.3382440199884705e-14 0 0 0
d 0 0 -3.1719389555187429e-17 0 0 -1.3444930262645786e-14 1482 1482 1.3475249003392712e-14 0 0 0
d 0 0 -3.2353368572758881e-17 0 0 -1.3538540499737673e-14 1484 1484 1.3569663095540192e-14 0 0 0
d 0 0 -3.3005758947515041e-17 0 0 -1.3633761026675793e-14 1486 1486 1.3665690010705756e-14 0 0 0
d 0 0 -3.3677126872256815e-17 0 0 -1.3730593774751649e-14 1488 1488 1.3763338751180315e-14 0 0 0
d 0 0 -3.436804387160435e-17 0 0 -1.3829036323776119e-14 1490 1490 1.3862600957318831e-14 0 0 0
d 0 0 -3.5079085394548011e-17 0 0 -1.3929081848789332e-14 1492 1492 1.3963469378632983e-14 0 0 0
d 0 0 -3.5810790927017501e-17 0 0 -1.4030717295141462e-14 1494 1494 1.4056772713770297e-14 0 0 0
d 0 0 -3.6563815968205591e-17 0 0 -1.4133930530961574e-14 1496 1496 1.4162052097898627e-14 0 0 0
d 0 0 -3.7338723039243297e-17 0 0 -1.4238703106945445e-14 1498 1498 1.4273436220987766e-14 0 0 0
d 0 0 -3.8136023880376462e-17 0 0 -1.4345003713984835e-14 1500 1500 1.4382577432896381e-14 0 0 0
d 0 0 -3.8956298161901055e-17 0 0 -1.4452809763849057e-14 1502 1502 1.4491181785042846e-14 0 0 0
d 0 0 -3.9800092933127201e-17 0 0 -1.4562090517291474e-14 1504 1504 1.4601316275320488e-14 0 0 0
d 0 0 -4.0667924091276044e-17 0 0 -1.4672814362857005e-14 1506 1506 1.4712918531937036e-14 0 0 0
d 0 0 -4.1560262376668555e-17 0 0 -1.4784950150491941e-14 1508 1508 1.4825957845263902e-14 0 0 0
d 0 0 -4.2477482228289075e-17 0 0 -1.489847168342263e-14 1510 1510 1.4940408288666236e-14 0 0 0
d 0 0 -4.3419648569299583e-17 0 0 -1.5013372965176915e-14 1512 1512 1.5056263434539929e-14 0 0 0
d 0 0 -4.439314782727264e-17 0 0 -1.51293825682308e-14 1514 1514 1.5173276985604219e-14 0 0 0
d 0 0 -4.5405385442615334e-17 0 0 -1.5245841069478775e-14 1516 1516 1.5290755363318183e-14 0 0 0
d 0 0 -4.6443691347783436e-17 0 0 -1.5363196340505965e-14 1518 1518 1.5409163236460801e-14 0 0 0
d 0 0 -4.7509295377200588e-17 0 0 -1.5481393872132879e-14 1520 1520 1.5528441095817662e-14 0 0 0
d 0 0 -4.8602852926269127e-17 0 0 -1.5600396913406116e-14 1522 1522 1.5648553075526518e-14 0 0 0
d 0 0 -4.9724882102007452e-17 0 0 -1.5720171900393669e-14 1524 1524 1.5769466033483548e-14 0 0 0
d 0 0 -5.0875840066405649e-17 0 0 -1.5840686688763391e-14 1526 1526 1.589114817734561e-14 0 0 0
d 0 0 -5.2056147526020311e-17 0 0 -1.5961910279037545e-14 1528 1528 1.6013568824611577e-14 0 0 0
d 0 0 -5.3266198484670833e-17 0 0 -1.6083812941671862e-14 1530 1530 1.613669853760959e-14 0 0 0
d 0 0 -5.4506363454649779e-17 0 0 -1.6206366668210233e-14 1532 1532 1.6260509577437406e-14 0 0 0
d 0 0 -5.5776985511129929e-17 0 0 -1.6329546085913874e-14 1534 1534 1.6384976813429223e-14 0 0 0
d 0 0 -5.7078354110740726e-17 0 0 -1.6453332962063283e-14 1536 1536 1.6510082188327141e-14 0 0 0
d 0 0 -5.8411380415293723e-17 0 0 -1.6577615602292386e-14 1538 1538 1.6635715731505442e-14 0 0 0
d 0 0 -5.9778271453343823e-17 0 0 -1.670205148528404e-14 1540 1540 1.6761535570829947e-14 0 0 0
d 0 0 -6.1176814356083137e-17 0 0 -1.6826999933353822e-14 1542 1542 1.6887903052307918e-14 0 0 0
d 0 0 -6.260748665450871e-17 0 0 -1.6952410581210896e-14 1544 1544 1.7014761503152127e-14 0 0 0
d 0 0 -6.4070647443144742e-17 0 0 -1.7078252166140049e-14 1546 1546 1.7142081890020617e-14 0 0 0
d 0 0 -6.5566756011715865e-17 0 0 -1.720448070064839e-14 1548 1548 1.7269821820426782e-14 0 0 0
d 0 0 -6.709619167232936e-17 0 0 -1.7331061648011525e-14 1550 1550 1.7397946875804674e-14 0 0 0
d 0 0 -6.8659155591630069e-17 0 0 -1.7457990871990005e-14 1552 1552 1.7526453229829175e-14 0 0 0
d 0 0 -7.0256011414824423e-17 0 0 -1.7585240758011861e-14 1554 1554 1.765531354588781e-14 0 0 0
d 0 0 -7.1887110793679204e-17 0 0 -1.771277883479294e-14 1556 1556 1.7784495714753074e-14 0 0 0
d 0 0 -7.3552836528138305e-17 0 0 -1.7840577591242852e-14 1558 1558 1.7913972584886846e-14 0 0 0
d 0 0 -7.525358490686952e-17 0 0 -1.7968610623328026e-14 1560 1560 1.8043718141216551e-14 0 0 0
d 0 0 -7.6989628345613654e-17 0 0 -1.8096863452755893e-14 1562 1562 1.816897160166748e-14 0 0 0
d 0 0 -7.8761677447828021e-17 0 0 -1.8225293052728214e-14 1564 1564 1.8299538988786723e-14 0 0 0
d 0 0 -8.0570173171859325e-17 0 0 -1.8353876968712247e-14 1566 1566 1.8430249265213098e-14 0 0 0
d 0 0 -8.2415668201961006e-17 0 0 -1.8482590238312962e-14 1568 1568 1.8561131977804865e-14 0 0 0
d 0 0 -8.4298780147937299e-17 0 0 -1.8611408629217314e-14 1570 1570 1.8692147758151827e-14 0 0 0
d 0 0 -8.622019810435143e-17 0 0 -1.87403089925028e-14 1572 1572 1.8823265393459947e-14 0 0 0
d 0 0 -8.8180695928626679e-17 0 0 -1.8869269623719522e-14 1574 1574 1.8954464099626416e-14 0 0 0
d 0 0 -9.0181146228445876e-17 0 0 -1.8998270692213873e-14 1576 1576 1.9085725191812448e-14 0 0 0
d 0 0 -9.2222536688501951e-17 0 0 -1.9127294771109885e-14 1578 1578 1.9217080404034687e-14 0 0 0
d 0 0 -9.4305985714369442e-17 0 0 -1.925632739246363e-14 1580 1580 1.934833432657646e-14 0 0 0
d 0 0 -9.643277072632571e-17 0 0 -1.9385357716056853e-14 1582 1582 1.9479704565740199e-14 0 0 0
d 0 0 -9.860434155346839e-17 0 0 -1.9514379559057189e-14 1584 1584 1.9611094824478237e-14 0 0 0
d 0 0 -1.0082235339572818e-16 0 0 -1.9643392217708912e-14 1586 1586 1.9742506718395182e-14 0 0 0
d 0 0 -1.0308869547177096e-16 0 0 -1.9772401671678181e-14 1588 1588 1.987394882576623e-14 0 0 0
d 0 0 -1.0540552516694697e-16 0 0 -1.9901421927772828e-14 1590 1590 2.0005438053900744e-14 0 0 0
d 0 0 -1.0777530657097583e-16 0 0 -2.003047657157756e-14 1592 1592 2.0137001218916045e-14 0 0 0
d 0 0 -1.1020085378322701e-16 0 0 -2.0159600544221885e-14 1594 1594 2.0268676856833358e-14 0 0 0
d 0 0 -1.1268538027819005e-16 0 0 -2.0288842409311791e-14 1596 1596 2.040051754623064e-14 0 0 0
d 0 0 -1.1523255450147354e-16 0 0 -2.041826708625311e-14 1598 1598 2.05325926549385e-14 0 0 0
d 0 0 -1.1784655157567769e-16 0 0 -2.0547956638113588e-14 1600 1600 2.066498918995838e-14 0 0 0
d 0 0 -1.2053211916195647e-16 0 0 -2.0678013768397567e-14 1602 1602 2.0797815386200575e-14 0 0 0
d 0 0 -1.2329464371125049e-16 0 0 -2.0808564700186434e-14 1604 1604 2.0931201958245548e-14 0 0 0
d 0 0 -1.2614021756937186e-16 0 0 -2.0939761955228173e-14 1606 1606 2.1065311337928531e-14 0 0 0
d 0 0 -1.2907570487011743e-16 0 0 -2.1071787013901227e-14 1608 1608 2.1200331636031412e-14 0 0 0
d 0 0 -1.3210880282347841e-16 0 0 -2.1204852665028503e-14 1610 1610 2.1336483605321286e-14 0 0 0
d 0 0 -1.3524809476744119e-16 0 0 -2.1339204845469146e-14 1612 1612 2.1474022464510512e-14 0 0 0
d 0 0 -1.3850309076542022e-16 0 0 -2.1475123746885813e-14 1614 1614 2.1613238589574638e-14 0 0 0
d 0 0 -1.4188425181165942e-16 0 0 -2.1612923971401403e-14 1616 1616 2.1754457392397559e-14 0 0 0
d 0 0 -1.4540299434412052e-16 0 0 -2.1752953550226443e-14 1618 1618 2.1898039406853295e-14 0 0 0
d 0 0 -1.4907167278311345e-16 0 0 -2.1895591705402393e-14 1620 1620 2.2044376707018421e-14 0 0 0
d 0 0 -1.5290353965595972e-16 0 0 -2.2041245316781678e-14 1622 1622 2.2193889816226072e-14 0 0 0
d 0 0 -1.5691268468178806e-16 0 0 -2.2190344168806612e-14 1624 1624 2.2347023034711335e-14 0 0 0
d 0 0 -1.6111395629579493e-16 0 0 -2.2343335165968675e-14 1626 1626 2.2504238489357543e-14 0 0 0
d 0 0 -1.6552287097551065e-16 0 0 -2.2500675811899276e-14 1628 1628 2.2666009500437892e-14 0 0 0
d 0 0 -1.7015551714562365e-16 0 0 -2.2662827330584766e-14 1630 1630 2.2832813605826404e-14 0 0 0
d 0 0 -1.7502846120690055e-16 0 0 -2.283024785467255e-14 1632 1632 2.3005125658923708e-14 0 0 0
d 0 0 -1.8015866324195279e-16 0 0 -2.3003386108188016e-14 1634 1634 2.3183411435434417e-14 0 0 0
d 0 0 -1.855634092119042e-16 0 0 -2.3182675968806401e-14 1636 1636 2.3368122140424448e-14 0 0 0
d 0 0 -1.9126026510210111e-16 0 0 -2.3368532214543602e-14 1638 1638 2.3559690124652896e-14 0 0 0
d 0 0 -1.9726705671512054e-16 0 0 -2.3561347653505434e-14 1640 1640 2.3758526010611291e-14 0 0 0
d 0 0 -2.0360187689832194e-16 0 0 -2.3761491718279369e-14 1642 1642 2.3965017309556572e-14 0 0 0
d 0 0 -2.1028312017743396e-16 0 0 -2.3969310493947262e-14 1644 1644 2.4179528496676085e-14 0 0 0
d 0 0 -2.1732954324667189e-16 0 0 -2.418512805324379e-14 1646 1646 2.4402402415187616e-14 0 0 0
d 0 0 -2.2476034866822171e-16 0 0 -2.440924890243811e-14 1648 1648 2.4633962809943994e-14 0 0 0
d 0 0 -2.3259528849051262e-16 0 0 -2.4641961310038896e-14 1650 1650 2.4874517759763584e-14 0 0 0
d 0 0 -2.408547844307729e-16 0 0 -2.4883541233993244e-14 1652 1652 2.5124363721675583e-14 0 0 0
d 0 0 -2.4956006106415733e-16 0 0 -2.5134256630569329e-14 1654 1654 2.5383789968091271e-14 0 0 0
d 0 0 -2.5873328828401293e-16 0 0 -2.5394370551763899e-14 1656 1656 2.5652813691037437e-14 0 0 0
d 0 0 -2.6839773921977983e-16 0 0 -2.5664151612683017e-14 1658 1658 2.5932423572501336e-14 0 0 0
d 0 0 -2.7857793785382966e-16 0 0 -2.594386841186276e-14 1660 1660 2.6222341518641748e-14 0 0 0
d 0 0 -2.892998334850775e-16 0 0 -2.6233801150872872e-14 1662 1662 2.6523014060671498e-14 0 0 0
d 0 0 -3.0059097104953989e-16 0 0 -2.6534242573655174e-14 1664 1664 2.6834761757015659e-14 0 0 0
d 0 0 -3.1248066054965233e-16 0 0 -2.6845501437933834e-14 1666 1666 2.7157923280902409e-14 0 0 0
d 0 0 -3.2500018387313638e-16 0 0 -2.7167904902203962e-14 1668 1668 2.7492854849946026e-14 0 0 0
d 0 0 -3.3818297186508063e-16 0 0 -2.7501800505547135e-14 1670 1670 2.7839941932485853e-14 0 0 0
d 0 0 -3.5206486273959013e-16 0 0 -2.7847556926436481e-14 1672 1672 2.8199587442415351e-14 0 0 0
d 0 0 -3.6668441558423657e-16 0 0 -2.8205564415883706e-14 1674 1674 2.857222042454943e-14 0 0 0
d 0 0 -3.8208353842703023e-16 0 0 -2.8576237647634361e-14 1676 1676 2.8958297626207582e-14 0 0 0
d 0 0 -3.9830968771127314e-16 0 0 -2.8960047854034222e-14 1678 1678 2.9358341991363314e-14 0 0 0
d 0 0 -4.1533661323870733e-16 0 0 -2.9355257201521886e-14 1680 1680 2.9770586529229998e-14 0 0 0
d 0 0 -4.3310955756495154e-16 0 0 -2.9759157063224278e-14 1682 1682 3.0192254062086591e-14 0 0 0
d 0 0 -4.5189086492878526e-16 0 0 -3.0182969099845323e-14 1684 1684 3.0634847695266272e-14 0 0 0
d 0 0 -4.7269267382710347e-16 0 0 -3.0678921502325332e-14 1686 1686 3.1151603155853432e-14 0 0 0
d 0 0 -4.945325297173548e-16 0 0 -3.1184347787441611e-14 1688 1688 3.167887052698646e-14 0 0 0
d 0 0 -5.1754563782899976e-16 0 0 -3.1704121679248452e-14 1690 1690 3.2221659271594256e-14 0 0 0
d 0 0 -5.4182537065412328e-16 0 0 -3.2240199145430041e-14 1692 1692 3.2782017885418026e-14 0 0 0
d 0 0 -5.6745854461846271e-16 0 0 -3.2793815253048895e-14 1694 1694 3.3361268336596499e-14 0 0 0
d 0 0 -5.9453344790408147e-16 0 0 -3.3365969203215587e-14 1696 1696 3.3960498164011326e-14 0 0 0
d 0 0 -6.2314234236732531e-16 0 0 -3.3957563619247939e-14 1698 1698 3.4580702289191677e-14 0 0 0
d 0 0 -6.5338264238288571e-16 0 0 -3.4569458316841093e-14 1700 1700 3.522283797026825e-14 0 0 0
d 0 0 -6.8535765534328346e-16 0 0 -3.5202494398469651e-14 1702 1702 3.5887849639114199e-14 0 0 0
d 0 0 -7.1917715104262563e-16 0 0 -3.5857505826761443e-14 1704 1704 3.657668104551401e-14 0 0 0
d 0 0 -7.549578611746014e-16 0 0 -3.6535325034304661e-14 1706 1706 3.7290281367504968e-14 0 0 0
d 0 0 -7.9282395608481796e-16 0 0 -3.7236785554930375e-14 1708 1708 3.8029608320234397e-14 0 0 0
d 0 0 -8.3290752812026349e-16 0 0 -3.7962723336201662e-14 1710 1710 3.8795629952478906e-14 0 0 0
d 0 0 -8.753488697964672e-16 0 0 -3.8713968979995376e-14 1712 1712 3.9589317165576945e-14 0 0 0
d 0 0 -9.2028544942751027e-16 0 0 -3.9490929929680239e-14 1714 1714 4.0411214877807311e-14 0 0 0
d 0 0 -9.6786397942534815e-16 0 0 -4.0294064740524827e-14 1716 1716 4.1261928362524834e-14 0 0 0
d 0 0 -1.0182439914357304e-15 0 0 -4.1123981344191463e-14 1718 1718 4.2142225088678992e-14 0 0 0
d 0 0 -1.0715930634269969e-15 0 0 -4.1981240038238359e-14 1720 1720 4.3052832936692257e-14 0 0 0
d 0 0 -1.1280872790392223e-15 0 0 -4.286635823211419e-14 1722 1722 4.3994445404407472e-14 0 0 0
d 0 0 -1.1879121226045833e-15 0 0 -4.3779827491455911e-14 1724 1724 4.4967739546382803e-14 0 0 0
d 0 0 -1.2512637862957025e-15 0 0 -4.4722139318443682e-14 1726 1726 4.5973403061308078e-14 0 0 0
d 0 0 -1.3183505293132588e-15 0 0 -4.5693806983822509e-14 1728 1728 4.7012157483087516e-14 0 0 0
d 0 0 -1.3893936749800667e-15 0 0 -4.6695372242342203e-14 1730 1730 4.8084765893241222e-14 0 0 0
d 0 0 -1.4646281933697139e-15 0 0 -4.7727398484997488e-14 1732 1732 4.9192026655668732e-14 0 0 0
d 0 0 -1.5443085166300149e-15 0 0 -4.8790600444104979e-14 1734 1734 5.0334908937030969e-14 0 0 0
d 0 0 -1.6287444041412146e-15 0 0 -4.9886705372394402e-14 1736 1736 5.1515449751097537e-14 0 0 0
d 0 0 -1.7182333584969818e-15 0 0 -5.1016618926170927e-14 1738 1738 5.2734852257474737e-14 0 0 0
d 0 0 -1.8130642488080603e-15 0 0 -5.2180616790826148e-14 1740 1740 5.3993670805626081e-14 0 0 0
d 0 0 -1.9134557199517281e-15 0 0 -5.3377001534895081e-14 1742 1742 5.529044930511726e-14 0 0 0
d 0 0 -2.0196922967151148e-15 0 0 -5.4605432029654962e-14 1744 1744 5.6625124606113812e-14 0 0 0
d 0 0 -2.1320785621849155e-15 0 0 -5.5865727889794073e-14 1746 1746 5.799780650861106e-14 0 0 0
d 0 0 -2.250932323090548e-15 0 0 -5.7157671905985131e-14 1748 1748 5.9408604275265056e-14 0 0 0
d 0 0 -2.3765546533952643e-15 0 0 -5.8480419567097868e-14 1750 1750 6.0856974266090755e-14 0 0 0
d 0 0 -2.5091635003072161e-15 0 0 -5.9831298111956e-14 1752 1752 6.2340461657545391e-14 0 0 0
d 0 0 -2.649049374005728e-15 0 0 -6.1209014943575474e-14 1754 1754 6.3858064362563451e-14 0 0 0
d 0 0 -2.7964715249203818e-15 0 0 -6.2611564138199488e-14 1756 1756 6.5408035707961379e-14 0 0 0
d 0 0 -2.9517350078393706e-15 0 0 -6.4037694349716513e-14 1758 1758 6.6989429402197295e-14 0 0 0
d 0 0 -3.1153925727172502e-15 0 0 -6.5490227141016495e-14 1760 1760 6.8605619757243989e-14 0 0 0
d 0 0 -3.2879635125441352e-15 0 0 -6.6970784118201897e-14 1762 1762 7.0258747673749073e-14 0 0 0
d 0 0 -3.4699022125735213e-15 0 0 -6.8479457760339865e-14 1764 1764 7.1949360015151166e-14 0 0 0
d 0 0 -3.6617587990429453e-15 0 0 -7.0017597063627424e-14 1766 1766 7.3679355903132712e-14 0 0 0
d 0 0 -3.8632806785970336e-15 0 0 -7.1571168834646376e-14 1768 1768 7.543444954684873e-14 0 0 0
d 0 0 -4.0747746349499275e-15 0 0 -7.3136893191107312e-14 1770 1770 7.7211667862883501e-14 0 0 0
d 0 0 -4.2981599948652914e-15 0 0 -7.4739020883268426e-14 1772 1772 7.9037180913346337e-14 0 0 0
d 0 0 -4.5342159782933196e-15 0 0 -7.6379355297233987e-14 1774 1774 8.0913571309387019e-14 0 0 0
d 0 0 -4.7836983300625246e-15 0 0 -7.8058857438566332e-14 1776 1776 8.2842555801313035e-14 0 0 0
d 0 0 -5.0474224816517113e-15 0 0 -7.9778701199844685e-14 1778 1778 8.482612371302979e-14 0 0 0
d 0 0 -5.3262753241694047e-15 0 0 -8.1540336277008837e-14 1780 1780 8.6866611631582233e-14 0 0 0
d 0 0 -5.6212207452480227e-15 0 0 -8.3345476369664032e-14 1782 1782 8.8966697144210734e-14 0 0 0
d 0 0 -5.9333085471455759e-15 0 0 -8.5196134259467592e-14 1784 1784 9.1129442834835641e-14 0 0 0
d 0 0 -6.263695466224277e-15 0 0 -8.7094794519287626e-14 1786 1786 9.3358490012682283e-14 0 0 0
d 0 0 -6.61364777025348e-15 0 0 -8.9044370334130203e-14 1788 1788 9.5658018130503957e-14 0 0 0
d 0 0 -6.9843641483289352e-15 0 0 -9.104601117557395e-14 1790 1790 9.8030375348587753e-14 0 0 0
d 0 0 -7.3769079949813479e-15 0 0 -9.3098657404665132e-14 1792 1792 1.0047556542373572e-13 0 0 0
d 0 0 -7.7934595980114216e-15 0 0 -9.5213232690858901e-14 1794 1794 1.0300669231200029e-13 0 0 0
d 0 0 -8.2357514309892264e-15 0 0 -9.7393993351422762e-14 1796 1796 1.056297448046519e-13 0 0 0
d 0 0 -8.7055879920659927e-15 0 0 -9.9644981543767613e-14 1798 1798 1.0835056970472927e-13 0 0 0
d 0 0 -9.2049380511340069e-15 0 0 -1.0197066048333899e-13 1800 1800 1.1117559869795287e-13 0 0 0
d 0 0 -9.4663424265841947e-15 0 0 -1.0316302512156469e-13 1801 1801 1.1262936765550897e-13 0 0 0
d 0 0 -9.7359289776977921e-15 0 0 -1.0437578926312846e-13 1802 1802 1.1411171834672069e-13 0 0 0
d 0 0 -1.001401178083604e-14 0 0 -1.0560972465756502e-13 1803 1803 1.1562373654221346e-13 0 0 0
d 0 0 -1.030085475273907e-14 0 0 -1.0686506798541391e-13 1804 1804 1.1716592284112016e-13 0 0 0
d 0 0 -1.05967372367753e-14 0 0 -1.0814208960918684e-13 1805 1805 1.1873882694758043e-13 0 0 0
d 0 0 -1.0901951400836887e-14 0 0 -1.0944106000140994e-13 1806 1806 1.2034301150257595e-13 0 0 0
d 0 0 -1.1216791113436356e-14 0 0 -1.1076215005039558e-13 1807 1807 1.2197894126294366e-13 0 0 0
d 0 0 -1.1541549917614481e-14 0 0 -1.1210540998807993e-13 1808 1808 1.2364696000367271e-13 0 0 0
d 0 0 -1.1876518243655242e-14 0 0 -1.1347074232356159e-13 1809 1809 1.2534726066415768e-13 0 0 0
d 0 0 -1.2221979585865608e-14 0 0 -1.1485786679644669e-13 1810 1810 1.2707984647832261e-13 0 0 0
d 0 0 -1.2578205386275966e-14 0 0 -1.1626627590629916e-13 1811 1811 1.2884448138777075e-13 0 0 0
d 0 0 -1.2945448433637709e-14 0 0 -1.1769518068350489e-13 1812 1812 1.3064062921164474e-13 0 0 0
d 0 0 -1.332393477668572e-14 0 0 -1.1914344872620348e-13 1813 1813 1.3246738359741054e-13 0 0 0
d 0 0 -1.3713854577211136e-14 0 0 -1.2060954102245379e-13 1814 1814 1.3432339569410738e-13 0 0 0
d 0 0 -1.4115353143682132e-14 0 0 -1.2209146178609757e-13 1815 1815 1.3620681502377458e-13 0 0 0
d 0 0 -1.4528524758053148e-14 0 0 -1.2358674745322674e-13 1816 1816 1.3811527230471843e-13 0 0 0
d 0 0 -1.4953413801598143e-14 0 0 -1.2509253718446465e-13 1817 1817 1.4004595107900847e-13 0 0 0
d 0 0 -1.5390029693332613e-14 0 0 -1.2660578627892182e-13 1818 1818 1.419958160646067e-13 0 0 0
d 0 0 -1.5838383468232334e-14 0 0 -1.2812369714365316e-13 1819 1819 1.4396208070344752e-13 0 0 0
d 0 0 -1.6298552859213486e-14 0 0 -1.2964441182203001e-13 1820 1820 1.459429647717195e-13 0 0 0
d 0 0 -1.6770774100581129e-14 0 0 -1.3116786915291889e-13 1821 1821 1.4793864334252007e-13 0 0 0
d 0 0 -1.7255537285610233e-14 0 0 -1.3269651859259894e-13 1822 1822 1.4995205596538417e-13 0 0 0
d 0 0 -1.7753643061899145e-14 0 0 -1.3423552516703884e-13 1823 1823 1.5198916831392478e-13 0 0 0
d 0 0 -1.8266188720314319e-14 0 0 -1.3579230536938421e-13 1824 1824 1.5405849417224681e-13 0 0 0
d 0 0 -1.8794488216348389e-14 0 0 -1.3737554673875864e-13 1825 1825 1.5617003503507582e-13 0 0 0
d 0 0 -1.9339963143171937e-14 0 0 -1.3899409141682367e-13 1826 1826 1.5833405463734098e-13 0 0 0
d 0 0 -1.9904047850603195e-14 0 0 -1.4065606957373679e-13 1827 1827 1.6056011749908478e-13 0 0 0
d 0 0 -2.0488133222114701e-14 0 0 -1.423684634982723e-13 1828 1828 1.6285659679258676e-13 0 0 0
d 0 0 -2.1093549470472602e-14 0 0 -1.4413705277952244e-13 1829 1829 1.6523060231971245e-13 0 0 0
d 0 0 -2.1721575003514431e-14 0 0 -1.4596658442462004e-13 1830 1830 1.6768815949542598e-13 0 0 0
d 0 0 -2.2373457372064478e-14 0 0 -1.4786102421645541e-13 1831 1831 1.7023448165343208e-13 0 0 0
d 0 0 -2.3050436922296513e-14 0 0 -1.4982380295208205e-13 1832 1832 1.7287423993694964e-13 0 0 0
d 0 0 -2.3753768598761901e-14 0 0 -1.518580216658943e-13 1833 1833 1.7561179032491907e-13 0 0 0
d 0 0 -2.4484740467402808e-14 0 0 -1.5396660936788863e-13 1834 1834 1.7845134989327675e-13 0 0 0
d 0 0 -2.5244689059088332e-14 0 0 -1.5615243951123171e-13 1835 1835 1.8139712862605842e-13 0 0 0
d 0 0 -2.6035012192655971e-14 0 0 -1.5841841480666628e-13 1836 1836 1.8445342705284574e-13 0 0 0
d 0 0 -2.6857180025851106e-14 0 0 -1.6076752940096681e-13 1837 1837 1.8762470947816077e-13 0 0 0
d 0 0 -2.7712744992456947e-14 0 0 -1.632029156041228e-13 1838 1838 1.9091566064577889e-13 0 0 0
d 0 0 -2.8603351150922428e-14 0 0 -1.6572788046839407e-13 1839 1839 1.9433123166641144e-13 0 0 0
d 0 0 -2.9530743348235894e-14 0 0 -1.6834593598463244e-13 1840 1840 1.9787667937790114e-13 0 0 0
d 0 0 -3.0496776507905155e-14 0 0 -1.7106082552152082e-13 1841 1841 2.0155760207244097e-13 0 0 0
d 0 0 -3.1503425283302027e-14 0 0 -1.7387654833426326e-13 1842 1842 2.0537997365860904e-13 0 0 0
d 0 0 -3.2552794272601917e-14 0 0 -1.7679738342762379e-13 1843 1843 2.0935017773934652e-13 0 0 0
d 0 0 -3.3647128963886642e-14 0 0 -1.7982791370071164e-13 1844 1844 2.134750427018461e-13 0 0 0
d 0 0 -3.4788827564219648e-14 0 0 -1.8297305107092381e-13 1845 1845 2.1776187867056976e-13 0 0 0
d 0 0 -3.5980453861268961e-14 0 0 -1.8623806313133247e-13 1846 1846 2.2221851702625884e-13 0 0 0
d 0 0 -3.7224751267957648e-14 0 0 -1.8962860181153036e-13 1847 1847 2.2685335311143028e-13 0 0 0
d 0 0 -3.8524658208060597e-14 0 0 -1.9315073446771712e-13 1848 1848 2.3167539270605959e-13 0 0 0
d 0 0 -3.9883325012621021e-14 0 0 -1.9681097781123708e-13 1849 1849 2.3669430285253515e-13 0 0 0
d 0 0 -4.1304132512929464e-14 0 0 -2.006163350878378e-13 1850 1850 2.4192046762789578e-13 0 0 0
d 0 0 -4.2790712535281022e-14 0 0 -2.0457433693745653e-13 1851 1851 2.4736504949837464e-13 0 0 0
d 0 0 -4.4346970525683002e-14 0 0 -2.0869308639304736e-13 1852 1852 2.5304005694293363e-13 0 0 0
d 0 0 -4.5977110559112695e-14 0 0 -2.1298130851463105e-13 1853 1853 2.589584190965716e-13 0 0 0
d 0 0 -4.7685663017837194e-14 0 0 -2.1744840519971169e-13 1854 1854 2.6513406823906025e-13 0 0 0
d 0 0 -4.947751525664843e-14 0 0 -2.2210451576181437e-13 1855 1855 2.715820310387173e-13 0 0 0
d 0 0 -5.135794560936333e-14 0 0 -2.2696058392296549e-13 1856 1856 2.7831852955138686e-13 0 0 0
d 0 0 -5.3332661129865001e-14 0 0 -2.3202843191989581e-13 1857 1857 2.8536109306768357e-13 0 0 0
d 0 0 -5.5407839500702239e-14 0 0 -2.373208424713034e-13 1858 1858 2.9272868198885536e-13 0 0 0
d 0 0 -5.7590175579523156e-14 0 0 -2.428516493831845e-13 1859 1859 3.004418249785477e-13 0 0 0
d 0 0 -5.9886933081850037e-14 0 0 -2.4863583755962532e-13 1860 1860 3.0852277065637067e-13 0 0 0
d 0 0 -6.230600190498365e-14 0 0 -2.5468965309677236e-13 1861 1861 3.1699565501577345e-13 0 0 0
d 0 0 -6.4855961556246387e-14 0 0 -2.6103072388788516e-13 1862 1862 3.2588668545734038e-13 0 0 0
d 0 0 -6.7546151005824449e-14 0 0 -2.6767819059398365e-13 1863 1863 3.35224341612281e-13 0 0 0
d 0 0 -7.0386744924631689e-14 0 0 -2.7465284658696305e-13 1864 1864 3.4503959152327758e-13 0 0 0
d 0 0 -7.3388835427663173e-14 0 0 -2.8197728275232041e-13 1865 1865 3.5536611819124057e-13 0 0 0
d 0 0 -7.6564516469888783e-14 0 0 -2.8967602687151079e-13 1866 1866 3.6624054335217007e-13 0 0 0
d 0 0 -7.9926963174647914e-14 0 0 -2.9777565234353625e-13 1867 1867 3.7770261552857135e-13 0 0 0
d 0 0 -8.3490485147267962e-14 0 0 -3.0630479065694037e-13 1868 1868 3.8979527581433413e-13 0 0 0
d 0 0 -8.7270491120897891e-14 0 0 -3.152938549520775e-13 1869 1869 4.0256434608299495e-13 0 0 0
d 0 0 -9.1283135073924257e-14 0 0 -3.2477377151617617e-13 1870 1870 4.1605690660024059e-13 0 0 0
d 0 0 -9.5543362946656326e-14 0 0 -3.3476979300011713e-13 1871 1871 4.3031315595749802e-13 0 0 0
d 0 0 -1.0013103345652888e-13 0 0 -3.4550700944240755e-13 1872 1872 4.4563804290582335e-13 0 0 0
d 0 0 -1.052348548509869e-13 0 0 -3.5753046376027106e-13 1873 1873 4.6276531861609093e-13 0 0 0
d 0 0 -1.1063593133003017e-13 0 0 -3.7012495232779537e-13 1874 1874 4.8076088366404379e-13 0 0 0
d 0 0 -1.1637658974701198e-13 0 0 -3.8339107458013194e-13 1875 1875 4.9976766433301463e-13 0 0 0
d 0 0 -1.2248956436596973e-13 0 0 -3.9739556387163178e-13 1876 1876 5.198851282433739e-13 0 0 0
d 0 0 -1.2900758535777545e-13 0 0 -4.1220123360497533e-13 1877 1877 5.4120881896856945e-13 0 0 0
d 0 0 -1.3596521016297507e-13 0 0 -4.2787240467740101e-13 1878 1878 5.6383761484637211e-13 0 0 0
d 0 0 -1.433995596556184e-13 0 0 -4.4447681680542947e-13 1879 1879 5.8787637646735595e-13 0 0 0
d 0 0 -1.5135078107787505e-13 0 0 -4.6208662425674548e-13 1880 1880 6.1343740534138489e-13 0 0 0
d 0 0 -1.59862424460817e-13 0 0 -4.807790684269514e-13 1881 1881 6.40641492895132e-13 0 0 0
d 0 0 -1.6898179138015039e-13 0 0 -5.0063701368200582e-13 1882 1882 6.6961880507030175e-13 0 0 0
d 0 0 -1.787602783353836e-13 0 0 -5.2174941650925682e-13 1883 1883 7.0050969485375392e-13 0 0 0
d 0 0 -1.8925372405710155e-13 0 0 -5.4421175677233827e-13 1884 1884 7.3346548083952386e-13 0 0 0
d 0 0 -2.0052276465258034e-13 0 0 -5.68126442920002e-13 1885 1885 7.6864920758425203e-13 0 0 0
d 0 0 -2.1263319794884091e-13 0 0 -5.93603195219797e-13 1886 1886 8.0623639318193416e-13 0 0 0
d 0 0 -2.256563570269475e-13 0 0 -6.2075940715278608e-13 1887 1887 8.4641576419491157e-13 0 0 0
d 0 0 -2.3966949203379964e-13 0 0 -6.4972048276264561e-13 1888 1888 8.8938997481377823e-13 0 0 0
d 0 0 -2.5475615844608235e-13 0 0 -6.8062014563205235e-13 1889 1889 9.3537630409791322e-13 0 0 0
d 0 0 -2.7100660834065814e-13 0 0 -7.1360071152287353e-13 1890 1890 9.846073198867526e-13 0 0 0
d 0 0 -2.8851817709074355e-13 0 0 -7.488133073175086e-13 1891 1891 1.0373314844337815e-12 0 0 0
d 0 0 -3.0739564464506187e-13 0 0 -7.8641798835906609e-13 1892 1892 1.0938136330330591e-12 0 0 0
d 0 0 -3.2775316450040499e-13 0 0 -8.265875854051509e-13 1893 1893 1.1543407499382784e-12 0 0 0
d 0 0 -3.4971949508873099e-13 0 0 -8.6951907433713559e-13 1894 1894 1.2192385694629959e-12 0 0 0
d 0 0 -3.7343696468064013e-13 0 0 -9.1542943661215222e-13 1895 1895 1.2888664013343601e-12 0 0 0
d 0 0 -3.9906526874944715e-13 0 0 -9.6456292255372638e-13 1896 1896 1.363628191349648e-12 0 0 0
d 0 0 -4.2674237587178149e-13 0 0 -1.017099496030218e-12 1897 1897 1.4438418719538013e-12 0 0 0
d 0 0 -4.56624491077573e-13 0 0 -1.07324879851009e-12 1898 1898 1.5298732896451329e-12 0 0 0
d 0 0 -4.8888163445015203e-13 0 0 -1.1332380875037864e-12 1899 1899 1.6221197220176861e-12 0 0 0
d 0 0 -5.2370215096468173e-13 0 0 -1.1973207404450405e-12 1900 1900 1.721022891480269e-12 0 0 0
d 0 0 -5.6128805061415577e-13 0 0 -1.2657641281492101e-12 1901 1901 1.8270521788412919e-12 0 0 0
d 0 0 -6.0185633937035647e-13 0 0 -1.3388511853645601e-12 1902 1902 1.9407075248208689e-12 0 0 0
d 0 0 -6.4564054307940287e-13 0 0 -1.4168822341253147e-12 1903 1903 2.0625227772994292e-12 0 0 0
d 0 0 -6.9289251399008502e-13 0 0 -1.500177221679363e-12 1904 1904 2.1930697357737548e-12 0 0 0
d 0 0 -7.4388460576430058e-13 0 0 -1.5890785104199189e-12 1905 1905 2.3329631162990818e-12 0 0 0
d 0 0 -7.9891232622964549e-13 0 0 -1.6839543908788153e-12 1906 1906 2.4828667172349846e-12 0 0 0
d 0 0 -8.5829762918990944e-13 0 0 -1.7852035767762316e-12 1907 1907 2.6435012061056096e-12 0 0 0
d 0 0 -9.2239311573930597e-13 0 0 -1.893261134442424e-12 1908 1908 2.8156542503356456e-12 0 0 0
d 0 0 -9.9158766684093448e-13 0 0 -2.0086067553049346e-12 1909 1909 3.0001944223160284e-12 0 0 0
d 0 0 -1.0663147012071891e-12 0 0 -2.1317775198924839e-12 1910 1910 3.1980922212883298e-12 0 0 0
d 0 0 -1.1470664808582903e-12 0 0 -2.2633914536847949e-12 1911 1911 3.4104579347533936e-12 0 0 0
d 0 0 -1.2344283233976935e-12 0 0 -2.4042077714200833e-12 1912 1912 3.6386360950555377e-12 0 0 0
d 0 0 -1.3292582769621483e-12 0 0 -2.5554610452293064e-12 1913 1913 3.884719322481437e-12 0 0 0
d 0 0 -1.4280750765644838e-12 0 0 -2.7101022439876353e-12 1914 1914 4.1381773203089643e-12 0 0 0
d 0 0 -1.5338824167938357e-12 0 0 -2.8735393463770858e-12 1915 1915 4.4074217634633569e-12 0 0 0
d 0 0 -1.6482852785480417e-12 0 0 -3.0483261112953459e-12 1916 1916 4.6966113901537841e-12 0 0 0
d 0 0 -1.7719744284587892e-12 0 0 -3.2352123600127714e-12 1917 1917 5.0071867888111434e-12 0 0 0
d 0 0 -1.9057913714794455e-12 0 0 -3.435168710213104e-12 1918 1918 5.3409600820659807e-12 0 0 0
d 0 0 -2.0507046066447406e-12 0 0 -3.6493290319963708e-12 1919 1919 5.7000336390520857e-12 0 0 0
d 0 0 -2.2078185841854644e-12 0 0 -3.8789939853602599e-12 1920 1920 6.0868125699978234e-12 0 0 0
d 0 0 -2.3783928767202566e-12 0 0 -4.1256515171592672e-12 1921 1921 6.5040443943764824e-12 0 0 0
d 0 0 -2.5638698877682339e-12 0 0 -4.3910099354253041e-12 1922 1922 6.954879823739419e-12 0 0 0
d 0 0 -2.7659189917907573e-12 0 0 -4.6770557115522625e-12 1923 1923 7.4429747039425904e-12 0 0 0
d 0 0 -2.9865359774457946e-12 0 0 -4.9861985858811246e-12 1924 1924 7.9727345639846413e-12 0 0 0
d 0 0 -3.2258098794313894e-12 0 0 -5.3175555873987492e-12 1925 1925 8.5433654675065131e-12 0 0 0
d 0 0 -3.4879991523396828e-12 0 0 -5.6770536336398542e-12 1926 1926 9.1650527867614133e-12 0 0 0
d 0 0 -3.7758487095424508e-12 0 0 -6.0678595482108658e-12 1927 1927 9.8437082586063264e-12 0 0 0
d 0 0 -4.0926463148890578e-12 0 0 -6.4938082328101751e-12 1928 1928 1.05864545486303e-11 0 0 0
d 0 0 -4.4421613061416764e-12 0 0 -6.9592555736717114e-12 1929 1929 1.140141688082308e-11 0 0 0
d 0 0 -4.8290148623944632e-12 0 0 -7.469614214595251e-12 1930 1930 1.229862907809425e-11 0 0 0
d 0 0 -5.2586979772568325e-12 0 0 -8.0312967625216106e-12 1931 1931 1.3289994740977344e-11 0 0 0
d 0 0 -5.7375347784922083e-12 0 0 -8.6515763055564574e-12 1932 1932 1.438911108533866e-11 0 0 0
d 0 0 -6.2734771447279002e-12 0 0 -9.3396153706143275e-12 1933 1933 1.5613092516669712e-11 0 0 0
d 0 0 -6.8781839881407487e-12 0 0 -1.0108775427579174e-11 1934 1934 1.6986959416888657e-11 0 0 0
d 0 0 -7.5644230766416861e-12 0 0 -1.0973500188274739e-11 1935 1935 1.8537923265849533e-11 0 0 0
d 0 0 -8.3497957311337896e-12 0 0 -1.195358704861847e-11 1936 1936 2.0303382780169942e-11 0 0 0
d 0 0 -9.2764787086725191e-12 0 0 -1.3095124423245418e-11 1937 1937 2.2371603129400627e-11 0 0 0
d 0 0 -9.4103149032904539e-12 0 0 -1.3257787309878005e-11 1937.125 1937.125 2.2668102201651018e-11 0 0 0
d 0 0 -9.4834705981307424e-12 0 0 -1.3345809033076441e-11 1937.1875 1937.1875 2.2829279600213792e-11 0 0 0
d 0 0 -9.4891979274091805e-12 0 0 -1.3352537408958998e-11 1937.19140625 1937.19140625 2.2841735293048341e-11 0 0 0
d 0 0 -9.4911112542867143e-12 0 0 -1.3354730366474387e-11 1937.1923828125 1937.1923828125 2.2845841612022951e-11 0 0 0
Q 2 13 "Gate Voltage"
Q 3 13 "Source Voltage"
Q 4 13 "Drain Voltage"
Q 5 13 "Substrate Voltage"
Q 20 13 "Gate Current"
Q 21 13 "Source Current"
Q 22 13 "Drain Current"
Q 23 13 "Substrate Current"
Q 92 21 Contact
Q 601 13 "Gate Int. Voltage"
Q 602 13 "Source Int. Voltage"
Q 603 13 "Drain Int. Voltage"
Q 604 13 "Substrate Int. Voltage"
EOF 1887988800
