v VICTORYDEVICE
# silvaco.file ASCII version=1.14.29 format=1 contents=SDB,Tables=1

Copyright "###################################################################"
Copyright "#                    Copyright Silvaco Inc. (c)                   #"
Copyright "#                            1992-2014                            #"
Copyright "#                                                                 #"
Copyright "# This file format and the following Key are copyright Silvaco    #"
Copyright "# International. You may not use, this format or key without      #"
Copyright "# reproducing this message in full and obtaining                  #"
Copyright "# express written permission from Silvaco Inc.                    #"
Copyright "#                                                                 #"
Copyright "# To obtain such permission please contact: Silvaco Inc.          #"
Copyright "#                                           support@silvaco.com   #"
Copyright "#                                                                 #"
Copyright "# KEY=SVC86hn7562asdx                       PROD=345              #"
Copyright "###################################################################"
#This file was created by VICTORYDEVICE version 1.24.0.R
#victoryd 1.24.0.R (Wed Jun 26 14:38:19 PDT 2024)
#libSDB 1.12.65 (Thu Dec  7 08:14:05 PST 2023)
a VICTORYDEVICE
j 1 9
k 4
r 1 92
x 3 43 42 46
w gate 1 1
r 2 92
x 3 43 42 46
w source 1 2
r 3 92
x 3 43 42 46
w drain 1 3
r 4 92
x 3 43 42 46
w substrate 1 4
y 1 15
z 300
f 4 gate source drain substrate
p 12 2 601 20 3 602 21 4 603 22 5 604 23
d 0 0 -5.1891329069159977e-35 0 0 -1.7218487656956462e-16 0.01 0.01 1.7213469327757878e-16 0 0 0
d 0 0 -4.307859704761863e-35 0 0 -7.4506868831556083e-16 0.1 0.1 7.4506870521972402e-16 0 0 0
d 0 0 -1.6314456273052483e-36 0 0 -8.660065809113692e-16 0.5 0.5 8.6600658091136979e-16 0 0 0
d 0 0 -1.5287074142153214e-36 0 0 -8.8465350326968552e-16 1 1 8.8465350326968611e-16 0 0 0
d 0 0 -1.8608815384277485e-36 0 0 -8.9939784740892953e-16 2 2 8.9939784740893466e-16 0 0 0
d 0 0 1.1184261763718459e-35 0 0 -9.1966565600434635e-16 4 4 9.1966565601046081e-16 0 0 0
d 0 0 7.7311228264100908e-35 0 0 -9.3427309027776417e-16 6 6 9.3427309027230308e-16 0 0 0
d 0 0 5.7578429081217858e-34 0 0 -9.4697762647831241e-16 8 8 9.4697762647465821e-16 0 0 0
d 0 0 3.6577947554327997e-32 0 0 -9.5627634853888218e-16 10 10 9.5627634853998047e-16 0 0 0
d 0 0 4.4311227555643559e-30 0 0 -9.6307141529911281e-16 12 12 9.6307141545289001e-16 0 0 0
d 0 0 8.3179737799586413e-31 0 0 -9.6962100316909287e-16 14 14 9.6962100330964895e-16 0 0 0
d 0 0 2.7051965969883931e-32 0 0 -9.7727970813511234e-16 16 16 9.7727970819205685e-16 0 0 0
d 0 0 -1.8656871150677962e-34 0 0 -9.8483380509523324e-16 18 18 9.8483380511611498e-16 0 0 0
d 0 0 9.7004270927438357e-32 0 0 -9.9220511866604814e-16 20 20 9.9220511855624915e-16 0 0 0
d 0 0 1.5125842659880455e-32 0 0 -9.993856764761852e-16 22 22 9.993856764477799e-16 0 0 0
d 0 0 1.2576501632321124e-31 0 0 -1.0052134679976665e-15 24 24 1.0052134679146947e-15 0 0 0
d 0 0 3.8437557922142681e-31 0 0 -1.0101873090220346e-15 26 26 1.0101873088300874e-15 0 0 0
d 0 0 7.781899446723776e-31 0 0 -1.0150101869137165e-15 28 28 1.0150101871801473e-15 0 0 0
d 0 0 8.1486641063652026e-32 0 0 -1.0197659778090466e-15 30 30 1.0197659780984898e-15 0 0 0
d 0 0 1.7459844699057489e-30 0 0 -1.0244583512437554e-15 32 32 1.0244583521011566e-15 0 0 0
d 0 0 2.0385225471857878e-31 0 0 -1.0290623411770453e-15 34 34 1.0290623414561256e-15 0 0 0
d 0 0 8.0771130003609228e-31 0 0 -1.033696719226542e-15 36 36 1.0336967196791575e-15 0 0 0
d 0 0 2.9729738134816285e-30 0 0 -1.0383583054783914e-15 38 38 1.0383583062999253e-15 0 0 0
d 0 0 7.707985946243144e-32 0 0 -1.0429446282470413e-15 40 40 1.042944628457582e-15 0 0 0
d 0 0 3.4066611158191722e-32 0 0 -1.0474711282677956e-15 42 42 1.0474711285128639e-15 0 0 0
d 0 0 -2.5188910505365939e-31 0 0 -1.0519438172374478e-15 44 44 1.0519438174820341e-15 0 0 0
d 0 0 4.4967889715760986e-30 0 0 -1.0563402113308516e-15 46 46 1.05634021243961e-15 0 0 0
d 0 0 3.610863290746929e-30 0 0 -1.0602494324960006e-15 48 48 1.0602494339102357e-15 0 0 0
d 0 0 1.2236493500418975e-29 0 0 -1.0638163318753469e-15 50 50 1.0638163342955512e-15 0 0 0
d 0 0 9.6028949392573537e-29 0 0 -1.0671812890896416e-15 52 52 1.0671812945247889e-15 0 0 0
d 0 0 6.3037982621473409e-29 0 0 -1.0705367385855728e-15 54 54 1.070536743167603e-15 0 0 0
d 0 0 3.4442336097320804e-29 0 0 -1.0738871528074563e-15 56 56 1.0738871564139538e-15 0 0 0
d 0 0 4.4977381817478541e-30 0 0 -1.0772367616499561e-15 58 58 1.0772367640593359e-15 0 0 0
d 0 0 -2.7604750834162171e-29 0 0 -1.0805857992631793e-15 60 60 1.0805858004593459e-15 0 0 0
d 0 0 1.3078875345179909e-28 0 0 -1.0839320657370385e-15 62 62 1.083932074305087e-15 0 0 0
d 0 0 -7.7829606918857235e-29 0 0 -1.0872742555190662e-15 64 64 1.0872742588734808e-15 0 0 0
d 0 0 -9.0957104595398476e-29 0 0 -1.0906139841215662e-15 66 66 1.0906139884339049e-15 0 0 0
d 0 0 -2.5520432108529904e-28 0 0 -1.0940322078269098e-15 68 68 1.0940322090543938e-15 0 0 0
d 0 0 -4.0279717643231921e-28 0 0 -1.0974796453396891e-15 70 70 1.0974796458710011e-15 0 0 0
d 0 0 -6.0179429347667963e-28 0 0 -1.100949458910235e-15 72 72 1.1009494590966055e-15 0 0 0
d 0 0 -8.8678274279963945e-28 0 0 -1.1044487947935853e-15 74 74 1.1044487946835375e-15 0 0 0
d 0 0 -1.2294242180994827e-27 0 0 -1.1079842246762512e-15 76 76 1.107984225397204e-15 0 0 0
d 0 0 -1.8348837487403081e-27 0 0 -1.1115624703741719e-15 78 78 1.1115624702675114e-15 0 0 0
d 0 0 -2.6621275610243423e-27 0 0 -1.1151902656612802e-15 80 80 1.1151902650101653e-15 0 0 0
d 0 0 -3.8025082124174845e-27 0 0 -1.1188739650948251e-15 82 82 1.1188739641897482e-15 0 0 0
d 0 0 -5.3833466221726261e-27 0 0 -1.1226186862801161e-15 84 84 1.1226186853883704e-15 0 0 0
d 0 0 -7.5764540198261986e-27 0 0 -1.1264264894846487e-15 86 86 1.1264264888528388e-15 0 0 0
d 0 0 -1.0591827370141043e-26 0 0 -1.1303626393304139e-15 88 88 1.1303626390303225e-15 0 0 0
d 0 0 -1.4277389134464426e-26 0 0 -1.1343686671131477e-15 90 90 1.1343686735357824e-15 0 0 0
d 0 0 -1.8930920426226294e-26 0 0 -1.1382352207266078e-15 92 92 1.1382352166329462e-15 0 0 0
d 0 0 -2.3906494767959224e-26 0 0 -1.1418250296445071e-15 94 94 1.1418250326437667e-15 0 0 0
d 0 0 -2.9690047693767163e-26 0 0 -1.1453764013531946e-15 96 96 1.1453764046415297e-15 0 0 0
d 0 0 -3.6809565263173718e-26 0 0 -1.1489886915916219e-15 98 98 1.1489886951253632e-15 0 0 0
d 0 0 -4.5608550147149694e-26 0 0 -1.1526636719849791e-15 100 100 1.1526636756918219e-15 0 0 0
d 0 0 -7.7433669438568705e-26 0 0 -1.1621257313955545e-15 105 105 1.1621257392851506e-15 0 0 0
d 0 0 -1.3146897857858873e-25 0 0 -1.1719421459598184e-15 110 110 1.1719421527350682e-15 0 0 0
d 0 0 -2.2132018516859749e-25 0 0 -1.1827170715669156e-15 115 115 1.1827170770557279e-15 0 0 0
d 0 0 -3.6883155407663918e-25 0 0 -1.1942476021121101e-15 120 120 1.1942476070140282e-15 0 0 0
d 0 0 -6.0815116995540544e-25 0 0 -1.2060658565486535e-15 125 125 1.2060658603557881e-15 0 0 0
d 0 0 -9.9135681771536025e-25 0 0 -1.2182098559417648e-15 130 130 1.2182098568095759e-15 0 0 0
d 0 0 -1.5976732527602826e-24 0 0 -1.2306849017501258e-15 135 135 1.2306849072667133e-15 0 0 0
d 0 0 -2.5432206072496644e-24 0 0 -1.243482835879299e-15 140 140 1.2434828374228625e-15 0 0 0
d 0 0 -4.0109880838175649e-24 0 0 -1.2569092203802663e-15 145 145 1.2569092216311002e-15 0 0 0
d 0 0 -6.2966846872125498e-24 0 0 -1.2718372901332454e-15 150 150 1.271837294737108e-15 0 0 0
d 0 0 -9.7745373329855553e-24 0 0 -1.2880179917552462e-15 155 155 1.2880180000028844e-15 0 0 0
d 0 0 -1.4958170341907986e-23 0 0 -1.3046448993045518e-15 160 160 1.3046449156711113e-15 0 0 0
d 0 0 -2.2545288653168276e-23 0 0 -1.3216410193337312e-15 165 165 1.3216410412428793e-15 0 0 0
d 0 0 -3.3428016235270293e-23 0 0 -1.3389028785607941e-15 170 170 1.3389029105330785e-15 0 0 0
d 0 0 -4.8490736688733231e-23 0 0 -1.3563102688476841e-15 175 175 1.3563103242412589e-15 0 0 0
d 0 0 -6.7951683971785069e-23 0 0 -1.3732085485856049e-15 180 180 1.3732086078120664e-15 0 0 0
d 0 0 -8.8582507214434985e-23 0 0 -1.388452867381676e-15 185 185 1.3884529493634738e-15 0 0 0
d 0 0 -1.0832950196115948e-22 0 0 -1.4016349333602703e-15 190 190 1.4016350371116443e-15 0 0 0
d 0 0 -1.3133927735106997e-22 0 0 -1.4147391336585716e-15 195 195 1.4147392628658064e-15 0 0 0
d 0 0 -1.5791405429683533e-22 0 0 -1.4277774049165499e-15 200 200 1.4277775592612674e-15 0 0 0
d 0 0 -1.8823660202226442e-22 0 0 -1.4407434145625257e-15 205 205 1.4407435958631493e-15 0 0 0
d 0 0 -2.2237098582917221e-22 0 0 -1.4536273597014933e-15 210 210 1.4536275409072888e-15 0 0 0
d 0 0 -2.6024552545377921e-22 0 0 -1.4664191230665795e-15 215 215 1.4664193745237911e-15 0 0 0
d 0 0 -3.0164432055115338e-22 0 0 -1.4791702877239056e-15 220 220 1.4791705786086571e-15 0 0 0
d 0 0 -3.46159300492857e-22 0 0 -1.4921925892274873e-15 225 225 1.4921929229945179e-15 0 0 0
d 0 0 -3.9332799775322215e-22 0 0 -1.5051825515409659e-15 230 230 1.5051829293199753e-15 0 0 0
d 0 0 -4.4251181956706171e-22 0 0 -1.518122999862396e-15 235 235 1.5181234253540336e-15 0 0 0
d 0 0 -4.929815735012849e-22 0 0 -1.5310470300795362e-15 240 240 1.5310474678186051e-15 0 0 0
d 0 0 -5.439971487359818e-22 0 0 -1.5439818936361663e-15 245 245 1.5439824440397246e-15 0 0 0
d 0 0 -5.9489392889795991e-22 0 0 -1.5569270091360186e-15 250 250 1.5569276652192077e-15 0 0 0
d 0 0 -6.4494369397784536e-22 0 0 -1.571404022687565e-15 255 255 1.5714046930189241e-15 0 0 0
d 0 0 -6.9409349681342985e-22 0 0 -1.5860882776512353e-15 260 260 1.5860890024031534e-15 0 0 0
d 0 0 -7.4233404817104211e-22 0 0 -1.6009706889179812e-15 265 265 1.6009714900213146e-15 0 0 0
d 0 0 -7.8984631766906904e-22 0 0 -1.6161762415555245e-15 270 270 1.61617705150932e-15 0 0 0
d 0 0 -8.3696299252374756e-22 0 0 -1.6317913141861332e-15 275 275 1.6317921830689969e-15 0 0 0
d 0 0 -8.8412423722666863e-22 0 0 -1.6478850382185714e-15 280 280 1.6478859674640329e-15 0 0 0
d 0 0 -9.3195847844250169e-22 0 0 -1.6645155373306273e-15 285 285 1.6645165298617288e-15 0 0 0
d 0 0 -9.7857081807941495e-22 0 0 -1.6816926547546148e-15 290 290 1.6816937196792776e-15 0 0 0
d 0 0 -1.0250017711192494e-21 0 0 -1.6995924983021373e-15 295 295 1.6995936044631547e-15 0 0 0
d 0 0 -1.0761134144306316e-21 0 0 -1.7184950991748573e-15 300 300 1.7184962794085021e-15 0 0 0
d 0 0 -1.1364142463345183e-21 0 0 -1.7381482366833972e-15 305 305 1.7381494033263795e-15 0 0 0
d 0 0 -1.2198840891319441e-21 0 0 -1.7586235382426793e-15 310 310 1.7586248066563049e-15 0 0 0
d 0 0 -1.3554041059001265e-21 0 0 -1.7799175056339602e-15 315 315 1.7799189748083882e-15 0 0 0
d 0 0 -1.5330286995692913e-21 0 0 -1.8019972559726124e-15 320 320 1.8019986974337123e-15 0 0 0
d 0 0 -1.7562417469864524e-21 0 0 -1.8262294110771369e-15 325 325 1.82623084938789e-15 0 0 0
d 0 0 -2.0039954890352957e-21 0 0 -1.8502436288852895e-15 330 330 1.8502457712975634e-15 0 0 0
d 0 0 -2.2882194648187659e-21 0 0 -1.8746900243752743e-15 335 335 1.8746923643652203e-15 0 0 0
d 0 0 -2.6136791288017841e-21 0 0 -1.8995100229559249e-15 340 340 1.8995126929239882e-15 0 0 0
d 0 0 -2.9838991171595703e-21 0 0 -1.9246225665699204e-15 345 345 1.9246256125975978e-15 0 0 0
d 0 0 -3.4018611473739809e-21 0 0 -1.9499506632597523e-15 350 350 1.9499541299282919e-15 0 0 0
d 0 0 -3.86952940003103e-21 0 0 -1.9754824024754245e-15 355 355 1.9754863382943904e-15 0 0 0
d 0 0 -4.3873803249032575e-21 0 0 -2.0013646584690377e-15 360 360 2.0013691124759293e-15 0 0 0
d 0 0 -4.953248507987693e-21 0 0 -2.0273441831196332e-15 365 365 2.0273492017485207e-15 0 0 0
d 0 0 -5.5615627294856975e-21 0 0 -2.0533791373207554e-15 370 370 2.0533847632876857e-15 0 0 0
d 0 0 -6.2032190057838234e-21 0 0 -2.0794651057287784e-15 375 375 2.079471367660037e-15 0 0 0
d 0 0 -6.8696808769799093e-21 0 0 -2.105609266521697e-15 380 380 2.1056161914735117e-15 0 0 0
d 0 0 -7.5654320540203867e-21 0 0 -2.1318442435297131e-15 385 385 2.1318518595645296e-15 0 0 0
d 0 0 -8.3008247441639046e-21 0 0 -2.1581972659770081e-15 390 390 2.1582057429648154e-15 0 0 0
d 0 0 -9.1606954825694931e-21 0 0 -2.1847252780520582e-15 395 395 2.1847348369353856e-15 0 0 0
d 0 0 -1.0224706566437796e-20 0 0 -2.2103078807565967e-15 400 400 2.2103185814957334e-15 0 0 0
d 0 0 -1.1356954916200712e-20 0 0 -2.2340889774156232e-15 405 405 2.2341009001512329e-15 0 0 0
d 0 0 -1.2505113361571522e-20 0 0 -2.2564734994762203e-15 410 410 2.2564866233983894e-15 0 0 0
d 0 0 -1.3754751985186172e-20 0 0 -2.2789459889267181e-15 415 415 2.278960262529758e-15 0 0 0
d 0 0 -1.5108645130030173e-20 0 0 -2.3015369430607185e-15 420 420 2.3015524958928131e-15 0 0 0
d 0 0 -1.6573200461633864e-20 0 0 -2.3242449139899121e-15 425 425 2.3242618606470924e-15 0 0 0
d 0 0 -1.8161445510709321e-20 0 0 -2.3470317996315707e-15 430 430 2.3470502927647884e-15 0 0 0
d 0 0 -1.9847668228745644e-20 0 0 -2.3714972623518244e-15 435 435 2.3715174911144991e-15 0 0 0
d 0 0 -2.1699978065357842e-20 0 0 -2.39720158016527e-15 440 440 2.3972235317496174e-15 0 0 0
d 0 0 -2.376978689724799e-20 0 0 -2.4228877191785361e-15 445 445 2.4229116979295689e-15 0 0 0
d 0 0 -2.6043491875260844e-20 0 0 -2.4487030952888398e-15 450 450 2.4487293048233141e-15 0 0 0
d 0 0 -2.851734377856371e-20 0 0 -2.4746945216705317e-15 455 455 2.4747236279306063e-15 0 0 0
d 0 0 -3.1189021121219863e-20 0 0 -2.50089966756066e-15 460 460 2.5009314141082542e-15 0 0 0
d 0 0 -3.4057615902482015e-20 0 0 -2.5274171418220282e-15 465 465 2.5274517558091955e-15 0 0 0
d 0 0 -3.712401679276715e-20 0 0 -2.5542628663980687e-15 470 470 2.5543000326234541e-15 0 0 0
d 0 0 -4.0387457880244049e-20 0 0 -2.5813665846297219e-15 475 475 2.5814065844194146e-15 0 0 0
d 0 0 -4.3850085058273161e-20 0 0 -2.6087535422939253e-15 480 480 2.6087972435636403e-15 0 0 0
d 0 0 -4.7507798572036069e-20 0 0 -2.636443057819985e-15 485 485 2.6364903817144818e-15 0 0 0
d 0 0 -5.1353655576352694e-20 0 0 -2.664453152670881e-15 490 490 2.66450430229138e-15 0 0 0
d 0 0 -5.5378108453468409e-20 0 0 -2.6928016285489483e-15 495 495 2.6928567929479416e-15 0 0 0
d 0 0 -5.9568705869668579e-20 0 0 -2.7215063121670425e-15 500 500 2.72156566368428e-15 0 0 0
d 0 0 -6.3909814501153702e-20 0 0 -2.7505849957303571e-15 505 505 2.7506486876088341e-15 0 0 0
d 0 0 -6.838227898258271e-20 0 0 -2.7800552354291168e-15 510 510 2.7801233990499556e-15 0 0 0
d 0 0 -7.2963434204322525e-20 0 0 -2.8099340666213746e-15 515 515 2.8100069128050614e-15 0 0 0
d 0 0 -7.7627218037797054e-20 0 0 -2.8402375861920763e-15 520 520 2.8403150839016189e-15 0 0 0
d 0 0 -8.2344513381775704e-20 0 0 -2.8709803092942834e-15 525 525 2.8710625718382345e-15 0 0 0
d 0 0 -8.7083721768810514e-20 0 0 -2.9021741517898272e-15 530 530 2.9022611398669643e-15 0 0 0
d 0 0 -9.1811580340906619e-20 0 0 -2.9338265503402969e-15 535 535 2.9339182456421143e-15 0 0 0
d 0 0 -9.6494193068766946e-20 0 0 -2.9659357444920038e-15 540 540 2.9660320920618519e-15 0 0 0
d 0 0 -1.0109800499334318e-19 0 0 -2.9984687417110971e-15 545 545 2.9985696406020431e-15 0 0 0
d 0 0 -1.0560754152305846e-19 0 0 -3.0323840120930979e-15 550 550 3.0324895350261564e-15 0 0 0
d 0 0 -1.0999304045170753e-19 0 0 -3.0674119421491809e-15 555 555 3.0675215770068893e-15 0 0 0
d 0 0 -1.1421834229165268e-19 0 0 -3.1025715511651018e-15 560 560 3.1026853562471386e-15 0 0 0
d 0 0 -1.1827211349727682e-19 0 0 -3.1379222629893824e-15 565 565 3.1380400621297509e-15 0 0 0
d 0 0 -1.2215456213734436e-19 0 0 -3.1736132330753298e-15 570 570 3.1737348729919352e-15 0 0 0
d 0 0 -1.2587573490327694e-19 0 0 -3.2096278113302672e-15 575 575 3.2097530179772064e-15 0 0 0
d 0 0 -1.2945795415251517e-19 0 0 -3.2459012424014243e-15 580 580 3.2460299314971377e-15 0 0 0
d 0 0 -1.3293697239688154e-19 0 0 -3.2824545333024316e-15 585 585 3.282586593028451e-15 0 0 0
d 0 0 -1.3608309063121358e-19 0 0 -3.317460498397433e-15 590 590 3.3175958966751095e-15 0 0 0
d 0 0 -1.3944419437923854e-19 0 0 -3.3542767577886678e-15 595 595 3.3544155377085817e-15 0 0 0
d 0 0 -1.4217461550820605e-19 0 0 -3.3869426562311832e-15 600 600 3.3870847071234934e-15 0 0 0
d 0 0 -1.4466125949656294e-19 0 0 -3.4178686255101906e-15 605 605 3.4180108360229234e-15 0 0 0
d 0 0 -1.4723695313007751e-19 0 0 -3.4490719330479052e-15 610 610 3.449217807428196e-15 0 0 0
d 0 0 -1.4995729619939232e-19 0 0 -3.4807123237900523e-15 615 615 3.4808612507018406e-15 0 0 0
d 0 0 -1.528649052855773e-19 0 0 -3.5128664951909005e-15 620 620 3.5130200747136739e-15 0 0 0
d 0 0 -1.5599746043881817e-19 0 0 -3.5455854537337533e-15 625 625 3.5457409882104964e-15 0 0 0
d 0 0 -1.5938930732590662e-19 0 0 -3.578907476439758e-15 630 630 3.5790669443830395e-15 0 0 0
d 0 0 -1.6307190676681111e-19 0 0 -3.612862362893293e-15 635 635 3.6130242643369116e-15 0 0 0
d 0 0 -1.6707407564786843e-19 0 0 -3.6474732778161264e-15 640 640 3.6476394145283751e-15 0 0 0
d 0 0 -1.7142223508412328e-19 0 0 -3.6827579656182463e-15 645 645 3.682928488884555e-15 0 0 0
d 0 0 -1.7614071056139833e-19 0 0 -3.7187297015287206e-15 650 650 3.7189039276879014e-15 0 0 0
d 0 0 -1.8125208033764306e-19 0 0 -3.7553981719926821e-15 655 655 3.7555807376857093e-15 0 0 0
d 0 0 -1.8677757133319809e-19 0 0 -3.7927703729876374e-15 660 660 3.7929561857795104e-15 0 0 0
d 0 0 -1.9273748462679034e-19 0 0 -3.8308513171080754e-15 665 665 3.831044112004696e-15 0 0 0
d 0 0 -1.9915167106891372e-19 0 0 -3.8696448647638334e-15 670 670 3.8698450760443695e-15 0 0 0
d 0 0 -2.0604011003864577e-19 0 0 -3.909154370585906e-15 675 675 3.9093605732829054e-15 0 0 0
d 0 0 -2.1342378634619767e-19 0 0 -3.949383338752514e-15 680 680 3.9495972359164945e-15 0 0 0
d 0 0 -2.2132678105294265e-19 0 0 -3.9903363426260666e-15 685 685 3.9905584712866031e-15 0 0 0
d 0 0 -2.2978359934158711e-19 0 0 -4.0320210713852683e-15 690 690 4.0322519879900712e-15 0 0 0
d 0 0 -2.3860656233402677e-19 0 0 -4.0743826080436313e-15 695 695 4.0746215294153772e-15 0 0 0
d 0 0 -2.479468375838994e-19 0 0 -4.1174771844060277e-15 700 700 4.1177255574053292e-15 0 0 0
d 0 0 -2.5789554260326343e-19 0 0 -4.1613308139268478e-15 705 705 4.1615892550514116e-15 0 0 0
d 0 0 -2.6847109175358411e-19 0 0 -4.2059482934593712e-15 710 710 4.2062174353377622e-15 0 0 0
d 0 0 -2.796965908671129e-19 0 0 -4.2513364812879866e-15 715 715 4.2516169783364982e-15 0 0 0
d 0 0 -2.9159816887368302e-19 0 0 -4.2975028327682987e-15 720 720 4.2977953630213221e-15 0 0 0
d 0 0 -3.0420403991681903e-19 0 0 -4.3444516653644872e-15 725 725 4.3447569299927241e-15 0 0 0
d 0 0 -3.175413083176384e-19 0 0 -4.3921707834455176e-15 730 730 4.3924895693211518e-15 0 0 0
d 0 0 -3.3161488888976674e-19 0 0 -4.4405594935248418e-15 735 735 4.4408925539625704e-15 0 0 0
d 0 0 -3.4544856326812802e-19 0 0 -4.486612611141724e-15 740 740 4.486955277199961e-15 0 0 0
d 0 0 -3.6083865088460323e-19 0 0 -4.5369493510021174e-15 745 745 4.5373063572292856e-15 0 0 0
d 0 0 -3.7456982689161967e-19 0 0 -4.5857460952519708e-15 750 750 4.5861170669889205e-15 0 0 0
d 0 0 -3.8856130641993586e-19 0 0 -4.6332963168440007e-15 755 755 4.6336857308922322e-15 0 0 0
d 0 0 -4.0313165749616729e-19 0 0 -4.6811316387467731e-15 760 760 4.6815356633533735e-15 0 0 0
d 0 0 -4.1834177439226738e-19 0 0 -4.7295127486068118e-15 765 765 4.7299320342055882e-15 0 0 0
d 0 0 -4.3423239671037931e-19 0 0 -4.7785616582282726e-15 770 770 4.7789968669670794e-15 0 0 0
d 0 0 -4.5083940140561203e-19 0 0 -4.8283561992904797e-15 775 775 4.8288080418134611e-15 0 0 0
d 0 0 -4.6819810177851578e-19 0 0 -4.878956585148902e-15 780 780 4.8794257970206377e-15 0 0 0
d 0 0 -4.8634502408885676e-19 0 0 -4.9304154153938997e-15 785 785 4.9309027642556577e-15 0 0 0
d 0 0 -5.0531913221423951e-19 0 0 -4.9827823727199629e-15 790 790 4.9832886657748097e-15 0 0 0
d 0 0 -5.2516328059567028e-19 0 0 -5.0361070718360511e-15 795 795 5.0366331128997669e-15 0 0 0
d 0 0 -5.4592578772834425e-19 0 0 -5.090439599136206e-15 800 800 5.0909862728317797e-15 0 0 0
d 0 0 -5.6765875431349604e-19 0 0 -5.145819627729042e-15 805 805 5.1463878254951404e-15 0 0 0
d 0 0 -5.9039357920258008e-19 0 0 -5.2022082031951723e-15 810 810 5.2027971204767495e-15 0 0 0
d 0 0 -6.1283338149065586e-19 0 0 -5.2564771769359864e-15 815 815 5.2570894188773544e-15 0 0 0
d 0 0 -6.374009227400137e-19 0 0 -5.3141004906645972e-15 820 820 5.3147092843687622e-15 0 0 0
d 0 0 -6.6130547974775715e-19 0 0 -5.3685779648695994e-15 825 825 5.3692318102304866e-15 0 0 0
d 0 0 -6.8621451913269767e-19 0 0 -5.423469675737371e-15 830 830 5.4241377889204023e-15 0 0 0
d 0 0 -7.1258676067190897e-19 0 0 -5.4793576838836407e-15 835 835 5.4800440686144319e-15 0 0 0
d 0 0 -7.4074114215648235e-19 0 0 -5.5362716774160088e-15 840 840 5.5369739246409932e-15 0 0 0
d 0 0 -7.7115659663926868e-19 0 0 -5.5941678024375253e-15 845 845 5.5948753363036683e-15 0 0 0
d 0 0 -8.0435517680077926e-19 0 0 -5.6529669848065916e-15 850 850 5.6536555080066334e-15 0 0 0
d 0 0 -8.4020944701063783e-19 0 0 -5.712700480507915e-15 855 855 5.7133420253149073e-15 0 0 0
d 0 0 -8.7793448841600947e-19 0 0 -5.7735335197974835e-15 860 860 5.7740881603963326e-15 0 0 0
d 0 0 -9.1703035557508196e-19 0 0 -5.8355893424224892e-15 865 865 5.8355119845944463e-15 0 0 0
d 0 0 -9.5736381522711974e-19 0 0 -5.8989144473744779e-15 870 870 5.8994135868657013e-15 0 0 0
d 0 0 -9.9892521897203459e-19 0 0 -5.9635109423516389e-15 875 875 5.9627704918896662e-15 0 0 0
d 0 0 -1.0417342618488353e-18 0 0 -6.0293526215535617e-15 880 880 6.0278822076850538e-15 0 0 0
d 0 0 -1.0858267875655645e-18 0 0 -6.096415272237704e-15 885 885 6.0967484122250396e-15 0 0 0
d 0 0 -1.1312621735378495e-18 0 0 -6.1646948532717709e-15 890 890 6.163918061725222e-15 0 0 0
d 0 0 -1.1780531790801699e-18 0 0 -6.2341424846520969e-15 895 895 6.2339450526668014e-15 0 0 0
d 0 0 -1.2275236609031029e-18 0 0 -6.3057511196311864e-15 900 900 6.304060687290165e-15 0 0 0
d 0 0 -1.27949293279237e-18 0 0 -6.3786368160931242e-15 905 905 6.3745986815167887e-15 0 0 0
d 0 0 -1.3332771279222592e-18 0 0 -6.4520629449463066e-15 910 910 6.4449968173586335e-15 0 0 0
d 0 0 -1.3890127823495865e-18 0 0 -6.5260627122286611e-15 915 915 6.5167735471399845e-15 0 0 0
d 0 0 -1.4467976489799695e-18 0 0 -6.600638869013061e-15 920 920 6.5944143320367164e-15 0 0 0
d 0 0 -1.5068470142665128e-18 0 0 -6.675804503701139e-15 925 925 6.6700328362057845e-15 0 0 0
d 0 0 -1.5694465923480719e-18 0 0 -6.751476749391324e-15 930 930 6.7472799814677643e-15 0 0 0
d 0 0 -1.6343484717176537e-18 0 0 -6.8275883744672622e-15 935 935 6.8236867951010342e-15 0 0 0
d 0 0 -1.7016895734975638e-18 0 0 -6.9041581199707097e-15 940 940 6.8963560903033492e-15 0 0 0
d 0 0 -1.771530700093668e-18 0 0 -6.9811908984539312e-15 945 945 6.9717125313576542e-15 0 0 0
d 0 0 -1.8439573130713164e-18 0 0 -7.0586913192521166e-15 950 950 7.0573591375824033e-15 0 0 0
d 0 0 -1.9190533843462594e-18 0 0 -7.136667840689345e-15 955 955 7.130290756328026e-15 0 0 0
d 0 0 -1.9969002590547562e-18 0 0 -7.2151289516735064e-15 960 960 7.214217032927767e-15 0 0 0
d 0 0 -2.0775779288635746e-18 0 0 -7.2940839587661692e-15 965 965 7.2933122696582116e-15 0 0 0
d 0 0 -2.1611716460928867e-18 0 0 -7.3735488942203501e-15 970 970 7.3728322880738769e-15 0 0 0
d 0 0 -2.2477729363742675e-18 0 0 -7.4535464526172193e-15 975 975 7.4530063525224639e-15 0 0 0
d 0 0 -2.3374712714376428e-18 0 0 -7.5340976911191865e-15 980 980 7.5337133945864918e-15 0 0 0
d 0 0 -2.4303542111403815e-18 0 0 -7.6152224497104678e-15 985 985 7.6150353902506898e-15 0 0 0
d 0 0 -2.5265149006639562e-18 0 0 -7.6969458043106331e-15 990 990 7.6969570188086481e-15 0 0 0
d 0 0 -2.6260385491639477e-18 0 0 -7.779286187405495e-15 995 995 7.7793550367958935e-15 0 0 0
d 0 0 -2.729010115204544e-18 0 0 -7.8622628243466839e-15 1000 1000 7.8623727991541828e-15 0 0 0
d 0 0 -2.8355249664451964e-18 0 0 -7.94590438606787e-15 1005 1005 7.9461356022735462e-15 0 0 0
d 0 0 -2.945679774160615e-18 0 0 -8.0302409162264783e-15 1010 1010 8.0306449721126284e-15 0 0 0
d 0 0 -3.0595691438370764e-18 0 0 -8.1153013406120154e-15 1015 1015 8.1159058337683883e-15 0 0 0
d 0 0 -3.177286797344489e-18 0 0 -8.2011147655836794e-15 1020 1020 8.2019395014816829e-15 0 0 0
d 0 0 -3.298926223382012e-18 0 0 -8.2877112483636505e-15 1025 1025 8.2887741580239429e-15 0 0 0
d 0 0 -3.4245808948483418e-18 0 0 -8.3751221927940024e-15 1030 1030 8.376441197038676e-15 0 0 0
d 0 0 -3.5543440926863675e-18 0 0 -8.4633804574042672e-15 1035 1035 8.4649655782070422e-15 0 0 0
d 0 0 -3.6883079841584626e-18 0 0 -8.5525199808148109e-15 1040 1040 8.5543669044467742e-15 0 0 0
d 0 0 -3.8265635556356281e-18 0 0 -8.6425760697040052e-15 1045 1045 8.644676610624324e-15 0 0 0
d 0 0 -3.9691996531555219e-18 0 0 -8.7335851263043484e-15 1050 1050 8.7359362175869017e-15 0 0 0
d 0 0 -4.1163019176858042e-18 0 0 -8.8255843971053571e-15 1055 1055 8.8281834603221526e-15 0 0 0
d 0 0 -4.2679539617459847e-18 0 0 -8.9186131538686056e-15 1060 1060 8.9214748219730903e-15 0 0 0
d 0 0 -4.4242381836647906e-18 0 0 -9.0127135050102779e-15 1065 1065 9.0032639051227732e-15 0 0 0
d 0 0 -4.5852340050198536e-18 0 0 -9.1079297013361558e-15 1070 1070 9.0998040578360687e-15 0 0 0
d 0 0 -4.7510148315335922e-18 0 0 -9.2043066564316103e-15 1075 1075 9.197286449844786e-15 0 0 0
d 0 0 -4.9216481041861298e-18 0 0 -9.3018905201315261e-15 1080 1080 9.2959033660934311e-15 0 0 0
d 0 0 -5.0971963739564242e-18 0 0 -9.4007296491547538e-15 1085 1085 9.3958218802506457e-15 0 0 0
d 0 0 -5.2777156785473678e-18 0 0 -9.5008738024517823e-15 1090 1090 9.4970623855827995e-15 0 0 0
d 0 0 -5.463253730201682e-18 0 0 -9.602372974268222e-15 1095 1095 9.5996317808421893e-15 0 0 0
d 0 0 -5.6538489368069058e-18 0 0 -9.7052761169103495e-15 1100 1100 9.703562110268424e-15 0 0 0
d 0 0 -5.8495296739469718e-18 0 0 -9.8096286952136041e-15 1105 1105 9.8088877614551166e-15 0 0 0
d 0 0 -6.0503138719371867e-18 0 0 -9.9154674288779059e-15 1110 1110 9.9145237557760334e-15 0 0 0
d 0 0 -6.2562097631327824e-18 0 0 -1.0022807953548221e-14 1115 1115 1.0022504093681631e-14 0 0 0
d 0 0 -6.4672208481321111e-18 0 0 -1.0131609763777573e-14 1120 1120 1.0132236622801991e-14 0 0 0
d 0 0 -6.6833730706353884e-18 0 0 -1.024162509172691e-14 1125 1125 1.0243085218164354e-14 0 0 0
d 0 0 -6.9030138168784889e-18 0 0 -1.036090725558272e-14 1130 1130 1.0364396320463756e-14 0 0 0
d 0 0 -7.1259434191543354e-18 0 0 -1.049083939724268e-14 1135 1135 1.0494737305686585e-14 0 0 0
d 0 0 -7.3541921848241395e-18 0 0 -1.0621290708198422e-14 1140 1140 1.0625808525193433e-14 0 0 0
d 0 0 -7.5875139503303037e-18 0 0 -1.0753363688240015e-14 1145 1145 1.0758469563652932e-14 0 0 0
d 0 0 -7.8258099473375366e-18 0 0 -1.0887460614614008e-14 1150 1150 1.0893129628234502e-14 0 0 0
d 0 0 -8.0690270105721735e-18 0 0 -1.1023830088097424e-14 1155 1155 1.1030035961335833e-14 0 0 0
d 0 0 -8.3171499200098775e-18 0 0 -1.1162664349318217e-14 1160 1160 1.1169380883569041e-14 0 0 0
d 0 0 -8.5701990041178753e-18 0 0 -1.1304127742562308e-14 1165 1165 1.1311330615219814e-14 0 0 0
d 0 0 -8.8282398381349415e-18 0 0 -1.1448372414720844e-14 1170 1170 1.1456038093280452e-14 0 0 0
d 0 0 -9.0914064368395203e-18 0 0 -1.1595544052892161e-14 1175 1175 1.1593296994852705e-14 0 0 0
d 0 0 -9.3586057028917354e-18 0 0 -1.1745785102824507e-14 1180 1180 1.1745442518882502e-14 0 0 0
d 0 0 -9.6301105062891485e-18 0 0 -1.1899315151217462e-14 1185 1185 1.1900752949389998e-14 0 0 0
d 0 0 -9.9076458309711747e-18 0 0 -1.2056276944783108e-14 1190 1190 1.2059283239592472e-14 0 0 0
d 0 0 -1.0190652983770194e-17 0 0 -1.2216789101552568e-14 1195 1195 1.2221202373524915e-14 0 0 0
d 0 0 -1.0478477341094564e-17 0 0 -1.2380981697883652e-14 1200 1200 1.2386650952569869e-14 0 0 0
d 0 0 -1.0770541769398794e-17 0 0 -1.2548985789162861e-14 1205 1205 1.2555634462183296e-14 0 0 0
d 0 0 -1.106640705999146e-17 0 0 -1.272092093971264e-14 1210 1210 1.2728511182377682e-14 0 0 0
d 0 0 -1.1365722910786978e-17 0 0 -1.2896884605197156e-14 1215 1215 1.2905384671318496e-14 0 0 0
d 0 0 -1.1668200801569401e-17 0 0 -1.3076945309601126e-14 1220 1220 1.3086257045063791e-14 0 0 0
d 0 0 -1.1973605049701442e-17 0 0 -1.3261138568166855e-14 1225 1225 1.3271178286213221e-14 0 0 0
d 0 0 -1.2281744769921333e-17 0 0 -1.3449464124444243e-14 1230 1230 1.3460063520617613e-14 0 0 0
d 0 0 -1.259246530774913e-17 0 0 -1.3641884014130488e-14 1235 1235 1.3653080877473277e-14 0 0 0
d 0 0 -1.2905640085678006e-17 0 0 -1.383832171365309e-14 1240 1240 1.3850086797445062e-14 0 0 0
d 0 0 -1.3221162293407543e-17 0 0 -1.4038662952557882e-14 1245 1245 1.405095264586324e-14 0 0 0
d 0 0 -1.3538934981416826e-17 0 0 -1.424275858767118e-14 1250 1250 1.4246459908502389e-14 0 0 0
d 0 0 -1.3858858971720627e-17 0 0 -1.4450430498529177e-14 1255 1255 1.4456172805580992e-14 0 0 0
d 0 0 -1.4180815027942595e-17 0 0 -1.4661479224177611e-14 1260 1260 1.466896629978092e-14 0 0 0
d 0 0 -1.4504639078868686e-17 0 0 -1.4875696025807036e-14 1265 1265 1.4884685956801511e-14 0 0 0
d 0 0 -1.4830074793312074e-17 0 0 -1.5092880678797862e-14 1270 1270 1.5103177926397771e-14 0 0 0
d 0 0 -1.5156627300112023e-17 0 0 -1.5312882475378681e-14 1275 1275 1.5324337322808297e-14 0 0 0
d 0 0 -1.5486200698055589e-17 0 0 -1.5535184315916299e-14 1280 1280 1.554728480497292e-14 0 0 0
d 0 0 -1.5828597024815659e-17 0 0 -1.5757225798046741e-14 1285 1285 1.5770255570886555e-14 0 0 0
d 0 0 -1.6171143021585161e-17 0 0 -1.5980701169421945e-14 1290 1290 1.5994556496004079e-14 0 0 0
d 0 0 -1.65140458364011e-17 0 0 -1.6205438872232947e-14 1295 1295 1.622005853570526e-14 0 0 0
d 0 0 -1.6856882179329877e-17 0 0 -1.6431358104767731e-14 1300 1300 1.6446670799216672e-14 0 0 0
d 0 0 -1.7199057311136827e-17 0 0 -1.6658404914673988e-14 1305 1305 1.667434898731155e-14 0 0 0
d 0 0 -1.753984971223257e-17 0 0 -1.6886549183100366e-14 1310 1310 1.6903071875412447e-14 0 0 0
d 0 0 -1.7878893325285528e-17 0 0 -1.7115627494355182e-14 1315 1315 1.7132642851217295e-14 0 0 0
d 0 0 -1.82171942585645e-17 0 0 -1.7344954850706836e-14 1320 1320 1.736248549305505e-14 0 0 0
d 0 0 -1.8551654399780776e-17 0 0 -1.7575234289767836e-14 1325 1325 1.7593229535838392e-14 0 0 0
d 0 0 -1.88815607099863e-17 0 0 -1.7806366535370951e-14 1330 1330 1.7816234735849383e-14 0 0 0
d 0 0 -1.9206067513678014e-17 0 0 -1.8038275810329644e-14 1335 1335 1.8049767001376698e-14 0 0 0
d 0 0 -1.9524037439703976e-17 0 0 -1.8270977963088019e-14 1340 1340 1.8283827821216349e-14 0 0 0
d 0 0 -1.9834435969510219e-17 0 0 -1.8504428935094094e-14 1345 1345 1.851841775689357e-14 0 0 0
d 0 0 -2.0136188189419221e-17 0 0 -1.8738585087380381e-14 1350 1350 1.8753527902758465e-14 0 0 0
d 0 0 -2.0428187136479123e-17 0 0 -1.8973400033873482e-14 1355 1355 1.8989140695683239e-14 0 0 0
d 0 0 -2.0709302969851525e-17 0 0 -1.9208823956857833e-14 1360 1360 1.9225446860614037e-14 0 0 0
d 0 0 -2.0978391705370732e-17 0 0 -1.9444806994673103e-14 1365 1365 1.9461995441628269e-14 0 0 0
d 0 0 -2.1234306825779196e-17 0 0 -1.9681296159526483e-14 1370 1370 1.9698933219486427e-14 0 0 0
d 0 0 -2.1475912175858332e-17 0 0 -1.9918232785662773e-14 1375 1375 1.9936231896130402e-14 0 0 0
d 0 0 -2.1702095518879555e-17 0 0 -2.0155557266742253e-14 1380 1380 2.0173840120957633e-14 0 0 0
d 0 0 -2.1911784956887501e-17 0 0 -2.0393210730363608e-14 1385 1385 2.0411698545244201e-14 0 0 0
d 0 0 -2.2103967639140348e-17 0 0 -2.0631137233806754e-14 1390 1390 2.0649771444524448e-14 0 0 0
d 0 0 -2.2277710984689731e-17 0 0 -2.0869286570796697e-14 1395 1395 2.0887998240638312e-14 0 0 0
d 0 0 -2.243218653802093e-17 0 0 -2.110761778565501e-14 1400 1400 2.1126341009054255e-14 0 0 0
d 0 0 -2.2488420789550512e-17 0 0 -2.1202994689533928e-14 1402 1402 2.1224975484956761e-14 0 0 0
d 0 0 -2.2541420595777084e-17 0 0 -2.1298394940871874e-14 1404 1404 2.1320425457023303e-14 0 0 0
d 0 0 -2.2591152829359134e-17 0 0 -2.1393818286192547e-14 1406 1406 2.1415894662483321e-14 0 0 0
d 0 0 -2.2637588823665667e-17 0 0 -2.148926489957443e-14 1408 1408 2.1511383266671051e-14 0 0 0
d 0 0 -2.2680705048160629e-17 0 0 -2.1584735641179051e-14 1410 1410 2.1606892121618358e-14 0 0 0
d 0 0 -2.2720483484858055e-17 0 0 -2.1680232137303602e-14 1412 1412 2.1702422846254964e-14 0 0 0
d 0 0 -2.2756912022383697e-17 0 0 -2.177575686716067e-14 1414 1414 2.1797977913422443e-14 0 0 0
d 0 0 -2.2789984868881586e-17 0 0 -2.1871313256974648e-14 1416 1416 2.1893560744184031e-14 0 0 0
d 0 0 -2.281970298519218e-17 0 0 -2.1966905782050513e-14 1418 1418 2.1989175810086284e-14 0 0 0
d 0 0 -2.2846074539939163e-17 0 0 -2.2062540077544452e-14 1420 1420 2.2084828744101358e-14 0 0 0
d 0 0 -2.2869115388393942e-17 0 0 -2.2158223058747369e-14 1422 1422 2.2180526461059304e-14 0 0 0
d 0 0 -2.2888849577239233e-17 0 0 -2.2253963051781785e-14 1424 1424 2.2276277288467812e-14 0 0 0
d 0 0 -2.2905309877622756e-17 0 0 -2.2349769935709936e-14 1426 1426 2.2372091108712678e-14 0 0 0
d 0 0 -2.2918538349174735e-17 0 0 -2.2445655297154507e-14 1428 1428 2.2467979513734159e-14 0 0 0
d 0 0 -2.2928586937952335e-17 0 0 -2.2541632598642349e-14 1430 1430 2.2563955973381279e-14 0 0 0
d 0 0 -2.2935518111561415e-17 0 0 -2.2637717361992034e-14 1432 1432 2.2660036018754324e-14 0 0 0
d 0 0 -2.293940553498015e-17 0 0 -2.2733927368173537e-14 1434 1434 2.2756237441950554e-14 0 0 0
d 0 0 -2.2940334790855435e-17 0 0 -2.2830282875164389e-14 1436 1436 2.2852580513721138e-14 0 0 0
d 0 0 -2.2938404148244127e-17 0 0 -2.2926806855398013e-14 1438 1438 2.2949088220615238e-14 0 0 0
d 0 0 -2.2933725383905574e-17 0 0 -2.3023525254424548e-14 1440 1440 2.3045786523207693e-14 0 0 0
d 0 0 -2.292642466028738e-17 0 0 -2.3120467272339569e-14 1442 1442 2.3142704611275336e-14 0 0 0
d 0 0 -2.2916643396851398e-17 0 0 -2.3217669471353054e-14 1444 1444 2.3239879012433016e-14 0 0 0
d 0 0 -2.2904539386367583e-17 0 0 -2.3315174474843639e-14 1446 1446 2.3337352483798783e-14 0 0 0
d 0 0 -2.289028796896345e-17 0 0 -2.3413024665747801e-14 1448 1448 2.3435167378558311e-14 0 0 0
d 0 0 -2.2874083047354129e-17 0 0 -2.3511267368349267e-14 1450 1450 2.3533371011022606e-14 0 0 0
d 0 0 -2.2856138306682619e-17 0 0 -2.3609955380858541e-14 1452 1452 2.363201617641681e-14 0 0 0
d 0 0 -2.2836688510706591e-17 0 0 -2.3709147520866282e-14 1454 1454 2.37311614890774e-14 0 0 0
d 0 0 -2.2815990870452549e-17 0 0 -2.3808909203908385e-14 1456 1456 2.383087298807664e-14 0 0 0
d 0 0 -2.2794326488781168e-17 0 0 -2.3909313040837625e-14 1458 1458 2.3931222512055031e-14 0 0 0
d 0 0 -2.2772001872529172e-17 0 0 -2.4010439572499785e-14 1460 1460 2.403229080730448e-14 0 0 0
d 0 0 -2.2749350491559263e-17 0 0 -2.4112377542961651e-14 1462 1462 2.413416653552189e-14 0 0 0
d 0 0 -2.2726734395445072e-17 0 0 -2.4215224585837399e-14 1464 1464 2.4236947197367559e-14 0 0 0
d 0 0 -2.2704545874586102e-17 0 0 -2.4319088049475157e-14 1466 1466 2.4340739973434216e-14 0 0 0
d 0 0 -2.2683209139225309e-17 0 0 -2.4424085668877097e-14 1468 1468 2.4445662372373584e-14 0 0 0
d 0 0 -2.266318201562863e-17 0 0 -2.45303464986385e-14 1470 1470 2.4551843152549555e-14 0 0 0
d 0 0 -2.2644957393460434e-17 0 0 -2.4638005820344722e-14 1472 1472 2.4659417513728732e-14 0 0 0
d 0 0 -2.2629063434977127e-17 0 0 -2.4747174645763837e-14 1474 1474 2.4768496104331311e-14 0 0 0
d 0 0 -2.261606784846391e-17 0 0 -2.4858010629002568e-14 1476 1476 2.4879235142373044e-14 0 0 0
d 0 0 -2.2606578695063454e-17 0 0 -2.4970693647916444e-14 1478 1478 2.4991814075710734e-14 0 0 0
d 0 0 -2.2601245512836035e-17 0 0 -2.508541892767636e-14 1480 1480 2.5106427584672252e-14 0 0 0
d 0 0 -2.2600760612199618e-17 0 0 -2.5202398171199348e-14 1482 1482 2.5223285857729261e-14 0 0 0
d 0 0 -2.2605860218801285e-17 0 0 -2.5321860613668889e-14 1484 1484 2.5342616801758221e-14 0 0 0
d 0 0 -2.2617325445859425e-17 0 0 -2.5444054022029962e-14 1486 1486 2.5464666577852107e-14 0 0 0
d 0 0 -2.2635983080140801e-17 0 0 -2.5569245641808544e-14 1488 1488 2.5589700266931318e-14 0 0 0
d 0 0 -2.2662706169956168e-17 0 0 -2.5697723084729048e-14 1490 1490 2.5718003020000186e-14 0 0 0
d 0 0 -2.2698414410006984e-17 0 0 -2.5829795146255529e-14 1492 1492 2.5849880656305295e-14 0 0 0
d 0 0 -2.2744074324029935e-17 0 0 -2.5965792538549063e-14 1494 1494 2.5985660352910192e-14 0 0 0
d 0 0 -2.2800699252697747e-17 0 0 -2.610606852066666e-14 1496 1496 2.612569119925431e-14 0 0 0
d 0 0 -2.2869349160475149e-17 0 0 -2.6250999402507989e-14 1498 1498 2.6270344624979106e-14 0 0 0
d 0 0 -2.2951130280018725e-17 0 0 -2.6400984889880776e-14 1500 1500 2.6420014673011323e-14 0 0 0
d 0 0 -2.3047194614853078e-17 0 0 -2.6556448221388961e-14 1502 1502 2.6575118075393432e-14 0 0 0
d 0 0 -2.3158739317867805e-17 0 0 -2.6717836016501976e-14 1504 1504 2.6736094060893443e-14 0 0 0
d 0 0 -2.3287005949772443e-17 0 0 -2.6885617693558616e-14 1506 1506 2.6903403766755723e-14 0 0 0
d 0 0 -2.3433279587919796e-17 0 0 -2.7060284194928255e-14 1508 1508 2.7077529011133478e-14 0 0 0
d 0 0 -2.3598887678959131e-17 0 0 -2.7242345499302997e-14 1510 1510 2.7258969934917399e-14 0 0 0
d 0 0 -2.3785198351120383e-17 0 0 -2.7432325813913771e-14 1512 1512 2.7448240453439584e-14 0 0 0
d 0 0 -2.3993617460105161e-17 0 0 -2.7630753848874967e-14 1514 1514 2.7645859016710139e-14 0 0 0
d 0 0 -2.4225582395241433e-17 0 0 -2.7838141165448834e-14 1516 1516 2.7852327936651121e-14 0 0 0
d 0 0 -2.4482553411381242e-17 0 0 -2.805492788977618e-14 1518 1518 2.8078388744543948e-14 0 0 0
d 0 0 -2.4765914227701814e-17 0 0 -2.8281287797487833e-14 1520 1520 2.8304892200873073e-14 0 0 0
d 0 0 -2.5078217401603733e-17 0 0 -2.8521833346469047e-14 1522 1522 2.8545541338229153e-14 0 0 0
d 0 0 -2.5428509024636018e-17 0 0 -2.8804088140514741e-14 1524 1524 2.8827818474751939e-14 0 0 0
d 0 0 -2.5811342402790331e-17 0 0 -2.9098014233534642e-14 1526 1526 2.9121979976622874e-14 0 0 0
d 0 0 -2.6228621599778181e-17 0 0 -2.9404416622316389e-14 1528 1528 2.942856195371271e-14 0 0 0
d 0 0 -2.6682580614844757e-17 0 0 -2.9724896542001603e-14 1530 1530 2.9749237386004419e-14 0 0 0
d 0 0 -2.7175422684256149e-17 0 0 -3.0060521076401887e-14 1532 1532 3.0085077577157659e-14 0 0 0
d 0 0 -2.7709442613806544e-17 0 0 -3.0412338794840851e-14 1534 1534 3.0437135856705107e-14 0 0 0
d 0 0 -2.8287036043918997e-17 0 0 -3.0781359888561467e-14 1536 1536 3.080642973946488e-14 0 0 0
d 0 0 -2.89107156623189e-17 0 0 -3.1168579546643384e-14 1538 1538 3.1193963174543733e-14 0 0 0
d 0 0 -2.9583127714363006e-17 0 0 -3.1574994549537219e-14 1540 1540 3.1600743329868389e-14 0 0 0
d 0 0 -3.0307071145383938e-17 0 0 -3.2001616487583561e-14 1542 1542 3.2027793615709739e-14 0 0 0
d 0 0 -3.1085523117882122e-17 0 0 -3.2449486424924345e-14 1544 1544 3.2476167936688712e-14 0 0 0
d 0 0 -3.1921676146755669e-17 0 0 -3.2919691219159184e-14 1546 1546 3.2946966351295852e-14 0 0 0
d 0 0 -3.2818999233114021e-17 0 0 -3.341338041772006e-14 1548 1548 3.3441350879007415e-14 0 0 0
d 0 0 -3.3781367640057179e-17 0 0 -3.3931792083399706e-14 1550 1550 3.3960568844009994e-14 0 0 0
d 0 0 -3.4813494162003523e-17 0 0 -3.4476354293512173e-14 1552 1552 3.4506043032270175e-14 0 0 0
d 0 0 -3.5913493737429231e-17 0 0 -3.504728006551345e-14 1554 1554 3.5078364547224465e-14 0 0 0
d 0 0 -3.7065892978345098e-17 0 0 -3.5641491848797298e-14 1556 1556 3.5674082077237458e-14 0 0 0
d 0 0 -3.8290059311562188e-17 0 0 -3.6264009974313464e-14 1558 1558 3.6297914740897188e-14 0 0 0
d 0 0 -3.9599937040179786e-17 0 0 -3.6917446989565978e-14 1560 1560 3.6952818168056454e-14 0 0 0
d 0 0 -4.099963166847704e-17 0 0 -3.7602013439537566e-14 1562 1562 3.763902572166751e-14 0 0 0
d 0 0 -4.2493558670820997e-17 0 0 -3.8318244542431097e-14 1564 1564 3.8357051778080245e-14 0 0 0
d 0 0 -4.408645528747747e-17 0 0 -3.9066585000397044e-14 1566 1566 3.9109455812671536e-14 0 0 0
d 0 0 -4.5782782165032945e-17 0 0 -3.9846637356276445e-14 1568 1568 3.988410229109121e-14 0 0 0
d 0 0 -4.7586610022454636e-17 0 0 -4.0657005019758407e-14 1570 1570 4.0697508242551883e-14 0 0 0
d 0 0 -4.9502085319738326e-17 0 0 -4.1496366514271586e-14 1572 1572 4.1539984869474578e-14 0 0 0
d 0 0 -5.1533776931125962e-17 0 0 -4.2363766633703955e-14 1574 1574 4.2410502987235798e-14 0 0 0
d 0 0 -5.3688850535162518e-17 0 0 -4.3261265256388935e-14 1576 1576 4.3311094093166226e-14 0 0 0
d 0 0 -5.5973089961989586e-17 0 0 -4.4188531978716771e-14 1578 1578 4.4241469810019824e-14 0 0 0
d 0 0 -5.8392423502017032e-17 0 0 -4.5145051073034519e-14 1580 1580 4.520110022280955e-14 0 0 0
d 0 0 -6.0956117201677179e-17 0 0 -4.613366777039004e-14 1582 1582 4.6192815553049935e-14 0 0 0
d 0 0 -6.3674412255316414e-17 0 0 -4.7157427683070758e-14 1584 1584 4.7219726292971472e-14 0 0 0
d 0 0 -6.655723151770485e-17 0 0 -4.8218195385098713e-14 1586 1586 4.8283718803216385e-14 0 0 0
d 0 0 -6.9613639608728969e-17 0 0 -4.9316319662653427e-14 1588 1588 4.9385168248822662e-14 0 0 0
d 0 0 -7.2853190666320591e-17 0 0 -5.0452175558560697e-14 1590 1590 5.0524469778116448e-14 0 0 0
d 0 0 -7.628603092039682e-17 0 0 -5.1626293569635041e-14 1592 1592 5.1696121950907924e-14 0 0 0
d 0 0 -7.9923098313896254e-17 0 0 -5.2839419792148659e-14 1594 1594 5.2914544061479566e-14 0 0 0
d 0 0 -8.377591432073406e-17 0 0 -5.4092592153011424e-14 1596 1596 5.4172826151952527e-14 0 0 0
d 0 0 -8.7856711497406637e-17 0 0 -5.5387460190262781e-14 1598 1598 5.5472713842055828e-14 0 0 0
d 0 0 -9.2178627934002207e-17 0 0 -5.672652921698554e-14 1600 1600 5.6818707877426329e-14 0 0 0
d 0 0 -9.6778485297742119e-17 0 0 -5.8071834240638999e-14 1602 1602 5.8168612769885257e-14 0 0 0
d 0 0 -1.0164511724216847e-16 0 0 -5.9462602992819433e-14 1604 1604 5.9564248150242806e-14 0 0 0
d 0 0 -1.0679694626091846e-16 0 0 -6.0898197293770413e-14 1606 1606 6.1004994274946313e-14 0 0 0
d 0 0 -1.1225238494031236e-16 0 0 -6.2380235127308276e-14 1608 1608 6.2492487542169188e-14 0 0 0
d 0 0 -1.1803116014448136e-16 0 0 -6.3910890762499338e-14 1610 1610 6.4028921947851029e-14 0 0 0
d 0 0 -1.241546266188709e-16 0 0 -6.5492722205456989e-14 1612 1612 6.5616876852891871e-14 0 0 0
d 0 0 -1.3064599971398122e-16 0 0 -6.7128661155443598e-14 1614 1614 6.7259307169481048e-14 0 0 0
d 0 0 -1.3753059830858539e-16 0 0 -6.8822134716307712e-14 1616 1616 6.8959665324208611e-14 0 0 0
d 0 0 -1.4483591576737132e-16 0 0 -7.0573149376437006e-14 1618 1618 7.0717985297605959e-14 0 0 0
d 0 0 -1.5259134869054815e-16 0 0 -7.2384093115964968e-14 1620 1620 7.253668446800933e-14 0 0 0
d 0 0 -1.608298601551433e-16 0 0 -7.4263791801260571e-14 1622 1622 7.4424621662312692e-14 0 0 0
d 0 0 -1.6958757317346158e-16 0 0 -7.6216668826280159e-14 1624 1624 7.6386256398274359e-14 0 0 0
d 0 0 -1.7890384073046055e-16 0 0 -7.824683952550338e-14 1626 1626 7.8425743363267471e-14 0 0 0
d 0 0 -1.8882247829559561e-16 0 0 -8.0360632759271917e-14 1628 1628 8.0549455233319003e-14 0 0 0
d 0 0 -1.9939145061465735e-16 0 0 -8.2564038468604048e-14 1630 1630 8.2763429913885224e-14 0 0 0
d 0 0 -2.1066360418245631e-16 0 0 -8.4863618404921087e-14 1632 1632 8.5074282002955865e-14 0 0 0
d 0 0 -2.22697359722345e-16 0 0 -8.7266569430848774e-14 1634 1634 8.7489266783852188e-14 0 0 0
d 0 0 -2.3555731853392993e-16 0 0 -8.9780749364646821e-14 1636 1636 9.0016306676105861e-14 0 0 0
d 0 0 -2.4931500144718174e-16 0 0 -9.2414727284775766e-14 1638 1638 9.2664042278979723e-14 0 0 0
d 0 0 -2.6404967712420868e-16 0 0 -9.5177838138735745e-14 1640 1640 9.5441887808608545e-14 0 0 0
d 0 0 -2.7984928758135876e-16 0 0 -9.8080239919646102e-14 1642 1642 9.8360089200101119e-14 0 0 0
d 0 0 -2.9681147931358705e-16 0 0 -1.0113297231041566e-13 1644 1644 1.0142978378283526e-13 0 0 0
d 0 0 -3.1504474838395071e-16 0 0 -1.0434801571154238e-13 1646 1646 1.0466306045334732e-13 0 0 0
d 0 0 -3.3466970754713565e-16 0 0 -1.0773834945792742e-13 1648 1648 1.0807301915927016e-13 0 0 0
d 0 0 -3.5582048006860792e-16 0 0 -1.1131800789347415e-13 1650 1650 1.1167382789964024e-13 0 0 0
d 0 0 -3.7864624419843448e-16 0 0 -1.151021328612685e-13 1652 1652 1.1548077868665909e-13 0 0 0
d 0 0 -4.0331288929089842e-16 0 0 -1.1910702098591133e-13 1654 1654 1.1951033350764221e-13 0 0 0
d 0 0 -4.300048441307841e-16 0 0 -1.2335016413268761e-13 1656 1656 1.2378016888274053e-13 0 0 0
d 0 0 -4.5892704337488538e-16 0 0 -1.2785028070027077e-13 1658 1658 1.2830920766622321e-13 0 0 0
d 0 0 -4.9030700134226135e-16 0 0 -1.3262733507331821e-13 1660 1660 1.331176420675976e-13 0 0 0
d 0 0 -5.2439700661881944e-16 0 0 -1.3770253766728186e-13 1662 1662 1.3822693466592181e-13 0 0 0
d 0 0 -5.6147625670879646e-16 0 0 -1.4309830754662934e-13 1664 1664 1.4365978379868e-13 0 0 0
d 0 0 -6.0185255778502397e-16 0 0 -1.488381325463348e-13 1666 1666 1.494399851006489e-13 0 0 0
d 0 0 -6.4586179079343924e-16 0 0 -1.5494604244107387e-13 1668 1668 1.5559190422725617e-13 0 0 0
d 0 0 -6.9385219320464825e-16 0 0 -1.6144351724897105e-13 1670 1670 1.6213736943070482e-13 0 0 0
d 0 0 -7.4699008591732633e-16 0 0 -1.6849342673156436e-13 1672 1672 1.6924041672451358e-13 0 0 0
d 0 0 -8.0562168729116422e-16 0 0 -1.7607733453743928e-13 1674 1674 1.7688295620754991e-13 0 0 0
d 0 0 -8.6949415417531159e-16 0 0 -1.8408483330215873e-13 1676 1676 1.8495432745026524e-13 0 0 0
d 0 0 -9.3919804270274703e-16 0 0 -1.9255544232224836e-13 1678 1678 1.9349464036137414e-13 0 0 0
d 0 0 -1.0153455029576579e-15 0 0 -2.015235619529678e-13 1680 1680 2.0253890745367157e-13 0 0 0
d 0 0 -1.0986032300552253e-15 0 0 -2.1102393964891857e-13 1682 1682 2.1212254287767336e-13 0 0 0
d 0 0 -1.1897056366911625e-15 0 0 -2.2109312066132639e-13 1684 1684 2.2228282629746617e-13 0 0 0
d 0 0 -1.2894656061333514e-15 0 0 -2.3177023156613447e-13 1686 1686 2.3305969717227833e-13 0 0 0
d 0 0 -1.3987855239600185e-15 0 0 -2.4309760561971369e-13 1688 1688 2.4449639114402671e-13 0 0 0
d 0 0 -1.518669468224829e-15 0 0 -2.5512139196410083e-13 1690 1690 2.5664006143275096e-13 0 0 0
d 0 0 -1.650237059556324e-15 0 0 -2.6789220638507318e-13 1692 1692 2.6954244344480264e-13 0 0 0
d 0 0 -1.7947394037498075e-15 0 0 -2.814658571725322e-13 1694 1694 2.8326059657582682e-13 0 0 0
d 0 0 -1.9535775903899735e-15 0 0 -2.9590417321882394e-13 1696 1696 2.9785775080771563e-13 0 0 0
d 0 0 -2.1283242917001422e-15 0 0 -3.1127596181537426e-13 1698 1698 3.1340428610409865e-13 0 0 0
d 0 0 -2.3207491246593879e-15 0 0 -3.276581272716215e-13 1700 1700 3.2997887639140006e-13 0 0 0
d 0 0 -2.5328485978213058e-15 0 0 -3.4513698741486685e-13 1702 1702 3.4766983600551276e-13 0 0 0
d 0 0 -2.7668816700843886e-15 0 0 -3.638098330954094e-13 1704 1704 3.6657671475570685e-13 0 0 0
d 0 0 -3.0254122153138724e-15 0 0 -3.8378678641022245e-13 1706 1706 3.8681219861292707e-13 0 0 0
d 0 0 -3.3113600340967352e-15 0 0 -4.0519302730471304e-13 1708 1708 4.0850438732330266e-13 0 0 0
d 0 0 -3.6280625104735559e-15 0 0 -4.2817147680832852e-13 1710 1710 4.3179953930047823e-13 0 0 0
d 0 0 -3.9793496173519844e-15 0 0 -4.5288605022777541e-13 1712 1712 4.5686539982423636e-13 0 0 0
d 0 0 -4.3696357858908264e-15 0 0 -4.7952562765494187e-13 1714 1714 4.8389526341779484e-13 0 0 0
d 0 0 -4.8040332513236434e-15 0 0 -5.0830893558437236e-13 1716 1716 5.1311296881109789e-13 0 0 0
d 0 0 -5.2884929851828141e-15 0 0 -5.3949059716380952e-13 1718 1718 5.4477909012357689e-13 0 0 0
d 0 0 -5.8299813899202626e-15 0 0 -5.7336869683472752e-13 1720 1720 5.7919867820075734e-13 0 0 0
d 0 0 -6.4367038203956011e-15 0 0 -6.1029432899756184e-13 1722 1722 6.1673103279064331e-13 0 0 0
d 0 0 -7.1183901059786349e-15 0 0 -6.5068377787699089e-13 1724 1724 6.5780216796127442e-13 0 0 0
d 0 0 -7.886663249677029e-15 0 0 -6.9503423943653517e-13 1726 1726 7.0292090266837753e-13 0 0 0
d 0 0 -8.7555216706612394e-15 0 0 -7.439444135221654e-13 1728 1728 7.5269993518179683e-13 0 0 0
d 0 0 -9.7419808327246447e-15 0 0 -7.9814204537470585e-13 1730 1730 8.0788402620372014e-13 0 0 0
d 0 0 -1.0866952699544291e-14 0 0 -8.585222710080758e-13 1732 1732 8.6938922371320742e-13 0 0 0
d 0 0 -1.2156606048660955e-14 0 0 -9.2621111130877468e-13 1734 1734 9.3836771737542743e-13 0 0 0
d 0 0 -1.3643858126837198e-14 0 0 -1.0026198734216038e-12 1736 1736 1.01626370069672e-12 0 0 0
d 0 0 -1.5341981374582618e-14 0 0 -1.0875906135676734e-12 1738 1738 1.1029325625730499e-12 0 0 0
d 0 0 -1.732298016458418e-14 0 0 -1.184830301075369e-12 1740 1740 1.2021532461389246e-12 0 0 0
d 0 0 -1.9648265883901753e-14 0 0 -1.296833252840629e-12 1742 1742 1.316481482472032e-12 0 0 0
d 0 0 -2.2399741167874602e-14 0 0 -1.4269750780813936e-12 1744 1744 1.4493747832344481e-12 0 0 0
d 0 0 -2.5685338933884572e-14 0 0 -1.5796878571311962e-12 1746 1746 1.6053731608514374e-12 0 0 0
d 0 0 -2.964846379218457e-14 0 0 -1.7608208752952747e-12 1748 1748 1.7904693051124899e-12 0 0 0
d 0 0 -3.4482036838667299e-14 0 0 -1.9781843825513286e-12 1750 1750 2.0126663870913389e-12 0 0 0
d 0 0 -4.0449436793783619e-14 0 0 -2.2423596392725943e-12 1752 1752 2.2828090460773822e-12 0 0 0
d 0 0 -4.7913091428644574e-14 0 0 -2.5677572542964872e-12 1754 1754 2.6156703173660403e-12 0 0 0
d 0 0 -5.7360511671714692e-14 0 0 -2.9733547679316835e-12 1756 1756 3.0307152566100216e-12 0 0 0
d 0 0 -6.9554540043104137e-14 0 0 -3.4893830860370047e-12 1758 1758 3.5589376061688287e-12 0 0 0
d 0 0 -8.557519296477442e-14 0 0 -4.1577635027510644e-12 1760 1760 4.2433386804067679e-12 0 0 0
d 0 0 -1.0705692626473735e-13 0 0 -5.0414684624052089e-12 1762 1762 5.1485253783833059e-12 0 0 0
d 0 0 -1.3654630628022263e-13 0 0 -6.2378545419945193e-12 1764 1764 6.3744008428592087e-12 0 0 0
d 0 0 -1.7809030360081434e-13 0 0 -7.9000527346654265e-12 1766 1766 8.0781430390788494e-12 0 0 0
d 0 0 -2.3830945994025639e-13 0 0 -1.0275875763776454e-11 1768 1768 1.0514185224829611e-11 0 0 0
d 0 0 -3.2838077011525857e-13 0 0 -1.3778933764102609e-11 1770 1770 1.4107314535886555e-11 0 0 0
d 0 0 -4.6797141197798429e-13 0 0 -1.9128859193063267e-11 1772 1772 1.9596830607868499e-11 0 0 0
d 0 0 -6.9372888569747659e-13 0 0 -2.7652679343533235e-11 1774 1774 2.8346408229619701e-11 0 0 0
d 0 0 -1.0753197599399018e-12 0 0 -4.1836627120827732e-11 1776 1776 4.2911946881850462e-11 0 0 0
d 0 0 -1.7082877435908698e-12 0 0 -6.4914829644437792e-11 1778 1778 6.6623117391032284e-11 0 0 0
d 0 0 -2.8503566673787206e-12 0 0 -1.0583492941587997e-10 1780 1780 1.0868528609532782e-10 0 0 0
d 0 0 -4.9844098501748627e-12 0 0 -1.8085122513753889e-10 1782 1782 1.8583563503660181e-10 0 0 0
d 0 0 -9.0831572866798487e-12 0 0 -3.2191855585588992e-10 1784 1784 3.3100171315711468e-10 0 0 0
d 0 0 -1.7099080486942133e-11 0 0 -5.9135070941359563e-10 1786 1786 6.0844978995492227e-10 0 0 0
d 0 0 -3.2915910044156509e-11 0 0 -1.1090157850158129e-09 1788 1788 1.1419316952470001e-09 0 0 0
d 0 0 -6.4206035157118417e-11 0 0 -2.1033574899521135e-09 1790 1790 2.1675635256833651e-09 0 0 0
d 0 0 -1.2606383458207726e-10 0 0 -4.0076638444211868e-09 1792 1792 4.1337276807054572e-09 0 0 0
d 0 0 -2.4807173897396589e-10 0 0 -7.6373253390192761e-09 1794 1794 7.8853970855831105e-09 0 0 0
d 0 0 -4.9814240602266144e-10 0 0 -1.4797178334561627e-08 1796 1796 1.5295320746716772e-08 0 0 0
d 0 0 -9.74052002874215e-10 0 0 -2.7780764968163079e-08 1798 1798 2.8754816968270751e-08 0 0 0
d 0 0 -1.8623058926156121e-09 0 0 -5.072406302247115e-08 1800 1800 5.2586368917478272e-08 0 0 0
d 0 0 -2.5576570047199094e-09 0 0 -6.7982559093788963e-08 1801 1801 7.0540216099661762e-08 0 0 0
d 0 0 -3.5017431513403007e-09 0 0 -9.0795689043008162e-08 1802 1802 9.4297432196886766e-08 0 0 0
d 0 0 -4.7849186498049136e-09 0 0 -1.2103082308474553e-07 1803 1803 1.2581574173939868e-07 0 0 0
d 0 0 -6.5321687753856554e-09 0 0 -1.6124677404750896e-07 1804 1804 1.6777894283028759e-07 0 0 0
d 0 0 -8.9150344429747395e-09 0 0 -2.1491448053917086e-07 1805 1805 2.2382951498304206e-07 0 0 0
d 0 0 -1.2175124341152483e-08 0 0 -2.8688107319915122e-07 1806 1806 2.9905619754144326e-07 0 0 0
d 0 0 -1.6648691199061931e-08 0 0 -3.8381642049124432e-07 1807 1807 4.0046511169169768e-07 0 0 0
d 0 0 -2.2811307537983183e-08 0 0 -5.1507029194650687e-07 1808 1808 5.3788159948615723e-07 0 0 0
d 0 0 -3.1347431894528577e-08 0 0 -6.9400260114458594e-07 1809 1809 7.2535003304108288e-07 0 0 0
d 0 0 -4.3269775221673043e-08 0 0 -9.402688886634388e-07 1810 1810 9.8353866388536431e-07 0 0 0
d 0 0 -6.0147856458199784e-08 0 0 -1.2842070748162443e-06 1811 1811 1.344354931274717e-06 0 0 0
d 0 0 -8.4689890544698325e-08 0 0 -1.7781668974866103e-06 1812 1812 1.862856788031601e-06 0 0 0
d 0 0 -1.2270546651333173e-07 0 0 -2.5350730619030922e-06 1813 1813 2.657778528416746e-06 0 0 0
d 0 0 -2.0065563620722925e-07 0 0 -4.0773774399864301e-06 1814 1814 4.2780330761940498e-06 0 0 0
d 0 0 -2.2692313349031977e-07 0 0 -4.5991770745126993e-06 1814.125 1814.125 4.8261002080014494e-06 0 0 0
d 0 0 -2.4116993759191469e-07 0 0 -4.8834067735548104e-06 1814.15625 1814.15625 5.1245767111453152e-06 0 0 0
d 0 0 -2.4461344579880455e-07 0 0 -4.9522628550492097e-06 1814.16015625 1814.16015625 5.1968763008485332e-06 0 0 0
d 0 0 -2.4709060670360406e-07 0 0 -5.0018366308762101e-06 1814.162109375 1814.162109375 5.2489272375802018e-06 0 0 0
d 0 0 -2.4889769873637569e-07 0 0 -5.0380228325028798e-06 1814.1630859375 1814.1630859375 5.2869205312378013e-06 0 0 0
d 0 0 -2.4950598529003494e-07 0 0 -5.0502077546412703e-06 1814.163330078125 1814.163330078125 5.299713739932254e-06 0 0 0
d 0 0 -2.4985856492994198e-07 0 0 -5.0572714622579129e-06 1814.1634521484375 1814.1634521484375 5.3071300271869344e-06 0 0 0
d 0 0 -2.5005238367257106e-07 0 0 -5.0611548078449475e-06 1814.1635131835938 1814.1635131835938 5.3112071915185218e-06 0 0 0
d 0 0 -2.5015481080734133e-07 0 0 -5.0632071236639008e-06 1814.1635437011719 1814.1635437011719 5.3133619344698077e-06 0 0 0
d 0 0 -2.5026152544164376e-07 0 0 -5.0653454131878024e-06 1814.16357421875 1814.16357421875 5.3156069386279834e-06 0 0 0
d 0 0 -2.5403993204769027e-07 0 0 -5.1410988915963469e-06 1814.163818359375 1814.163818359375 5.39513882364265e-06 0 0 0
d 0 0 -2.5353662806848942e-07 0 0 -5.1310031469539106e-06 1814.1638793945312 1814.1638793945312 5.3845397750238819e-06 0 0 0
d 0 0 -2.5335126824558632e-07 0 0 -5.1272854144271272e-06 1814.1638946533203 1814.1638946533203 5.3806366826741447e-06 0 0 0
d 0 0 -2.5323425831796445e-07 0 0 -5.1249386724789246e-06 1814.1639022827148 1814.1639022827148 5.3781729307985626e-06 0 0 0
Q 2 13 "Gate Voltage"
Q 3 13 "Source Voltage"
Q 4 13 "Drain Voltage"
Q 5 13 "Substrate Voltage"
Q 20 13 "Gate Current"
Q 21 13 "Source Current"
Q 22 13 "Drain Current"
Q 23 13 "Substrate Current"
Q 92 21 Contact
Q 601 13 "Gate Int. Voltage"
Q 602 13 "Source Int. Voltage"
Q 603 13 "Drain Int. Voltage"
Q 604 13 "Substrate Int. Voltage"
EOF 1668702064
