v VICTORYDEVICE
# silvaco.file ASCII version=1.14.29 format=1 contents=SDB,Tables=1

Copyright "###################################################################"
Copyright "#                    Copyright Silvaco Inc. (c)                   #"
Copyright "#                            1992-2014                            #"
Copyright "#                                                                 #"
Copyright "# This file format and the following Key are copyright Silvaco    #"
Copyright "# International. You may not use, this format or key without      #"
Copyright "# reproducing this message in full and obtaining                  #"
Copyright "# express written permission from Silvaco Inc.                    #"
Copyright "#                                                                 #"
Copyright "# To obtain such permission please contact: Silvaco Inc.          #"
Copyright "#                                           support@silvaco.com   #"
Copyright "#                                                                 #"
Copyright "# KEY=SVC86hn7562asdx                       PROD=345              #"
Copyright "###################################################################"
#This file was created by VICTORYDEVICE version 1.24.0.R
#victoryd 1.24.0.R (Wed Jun 26 14:38:19 PDT 2024)
#libSDB 1.12.65 (Thu Dec  7 08:14:05 PST 2023)
a VICTORYDEVICE
j 1 9
k 4
r 1 92
x 3 43 42 46
w source 1 1
r 2 92
x 3 43 42 46
w gate 1 2
r 3 92
x 3 43 42 46
w drain 1 3
r 4 92
x 3 43 42 46
w substrate 1 4
y 1 15
z 300
f 4 source gate drain substrate
p 12 2 601 20 3 602 21 4 603 22 5 604 23
d 0 0 -1.3163896526078979e-28 0 0 -3.4144743370017273e-37 0.01 0.01 1.3163896560482628e-28 0 0 -1.4099768001372076e-43
d 0 0 -6.3072311493730801e-28 0 0 -4.0629344989619286e-36 0.1 0.1 6.3072311900031116e-28 0 0 -1.440078757665088e-41
d 0 0 -5.6782052698512112e-28 0 0 -1.06741944835943e-35 0.3 0.3 5.6782053769464504e-28 0 0 -3.4714040150674137e-38
d 0 0 -5.3648349907913707e-28 0 0 -1.7643577968108862e-35 0.5 0.5 5.3648358447587628e-28 0 0 -6.7753162282844134e-35
d 0 0 -5.2935380764503171e-28 0 0 -2.4629684763222476e-35 0.75 0.75 5.2935718110797532e-28 0 0 -3.3488507823653902e-33
d 0 0 -5.2294230875956824e-28 0 0 -1.5405084316636687e-34 1 1 5.2307223990205683e-28 0 0 -1.2977709165058952e-31
d 0 0 -5.2136048517119217e-28 0 0 -1.106859463459714e-33 1.0625 1.0625 5.2165695448238925e-28 0 0 -2.9536246540083419e-31
d 0 0 -5.1986289386905181e-28 0 0 -8.518264756309721e-33 1.125 1.125 5.2041557434000038e-28 0 0 -5.4416220625843019e-31
d 0 0 -5.166454179796376e-28 0 0 -1.1035543384405657e-31 1.25 1.25 5.1780726945480611e-28 0 0 -1.0515520803628794e-30
d 0 0 -5.1109421331186789e-28 0 0 -2.9230212382768044e-31 1.5 1.5 5.1808930234218525e-28 0 0 -6.7027909736278463e-30
d 0 0 -5.0456505432244202e-28 0 0 -4.1361359594381684e-31 1.75 1.75 5.1793438938243951e-28 0 0 -1.2955505037447348e-29
d 0 0 -4.9790148712770984e-28 0 0 -5.085905254364384e-31 2 2 5.1232468016638951e-28 0 0 -1.3914401914467636e-29
d 0 0 -4.9111065450307502e-28 0 0 -6.1110531568285138e-31 2.25 2.25 5.0635022016983761e-28 0 0 -1.4628283167835114e-29
d 0 0 -4.8435977568716327e-28 0 0 -7.1481843860957132e-31 2.5 2.5 5.0058235252237455e-28 0 0 -1.5507601429643207e-29
d 0 0 -4.7777558775008919e-28 0 0 -8.3075935121573381e-31 2.75 2.75 4.9553792234228594e-28 0 0 -1.6931430117779703e-29
d 0 0 -4.7150580336628525e-28 0 0 -9.2778866556668702e-31 3 3 4.9182924516006427e-28 0 0 -1.9395658973478769e-29
d 0 0 -4.6558067486268286e-28 0 0 -1.0100510968124955e-30 3.25 3.25 4.9122268307182341e-28 0 0 -2.4631962611243668e-29
d 0 0 -4.6010965550275291e-28 0 0 -1.0871857228963151e-30 3.5 3.5 4.9144622353273691e-28 0 0 -3.0249226440474695e-29
d 0 0 -4.5518397614191327e-28 0 0 -1.1736085825019747e-30 3.75 3.75 4.886309341150793e-28 0 0 -3.2273181566691366e-29
d 0 0 -4.5074364036363073e-28 0 0 -1.2375824813580763e-30 4 4 4.8509226993720718e-28 0 0 -3.3110872036571152e-29
d 0 0 -4.4316654939970529e-28 0 0 -1.3348465577900484e-30 4.5 4.5 4.7827501711956093e-28 0 0 -3.3773755353274276e-29
d 0 0 -4.3702612683027364e-28 0 0 -1.4360102971924221e-30 5 5 4.7260051312318632e-28 0 0 -3.4138491163452486e-29
d 0 0 -4.3217221084676219e-28 0 0 -1.5326449891827183e-30 5.5 5.5 4.6816236865159317e-28 0 0 -3.445760768743716e-29
d 0 0 -4.2882225471565163e-28 0 0 -1.5955750774929671e-30 6 6 4.6584878323806836e-28 0 0 -3.5430953466478294e-29
d 0 0 -4.2771769315241073e-28 0 0 -1.6235339175776906e-30 6.25 6.25 4.664939919869317e-28 0 0 -3.7152637230488495e-29
d 0 0 -4.2700190200094913e-28 0 0 -1.6519967036547487e-30 6.5 6.5 4.671088458755341e-28 0 0 -3.8454812850981578e-29
d 0 0 -4.2638944416724374e-28 0 0 -1.7226077073358158e-30 7 7 4.6759245481919293e-28 0 0 -3.9480402979457345e-29
d 0 0 -4.2620553335473527e-28 0 0 -1.7674747851499428e-30 7.5 7.5 4.6802691143445762e-28 0 0 -4.0053901140075031e-29
d 0 0 -4.2610220774227799e-28 0 0 -1.8030591402960749e-30 8 8 4.683712333715223e-28 0 0 -4.0466089531306119e-29
d 0 0 -4.2601236608797632e-28 0 0 -1.8366410005024795e-30 8.5 8.5 4.6862213947314705e-28 0 0 -4.0773250860148858e-29
d 0 0 -4.2592838732170893e-28 0 0 -1.8772772893783173e-30 9 9 4.689258192528494e-28 0 0 -4.1120246979019703e-29
d 0 0 -4.2585179272120058e-28 0 0 -1.9135161922727981e-30 9.5 9.5 4.6915572519864899e-28 0 0 -4.1390490766993567e-29
d 0 0 -4.257776280566174e-28 0 0 -1.9437079450610477e-30 10 10 4.6933199030187814e-28 0 0 -4.1610724459067015e-29
d 0 0 -4.2570491671459163e-28 0 0 -1.9925554262513702e-30 10.5 10.5 4.6963700990715323e-28 0 0 -4.1939602475245556e-29
d 0 0 -4.2563343259902974e-28 0 0 -2.0213471869257666e-30 11 11 4.705029853131047e-28 0 0 -4.2848205545040235e-29
d 0 0 -4.2556383273157579e-28 0 0 -2.0512275363178052e-30 11.5 11.5 4.7187936290342157e-28 0 0 -4.4264302635351921e-29
d 0 0 -4.2549878391463439e-28 0 0 -2.0772324743056363e-30 12 12 4.725980621684403e-28 0 0 -4.5022044987067567e-29
d 0 0 -4.2544270494105855e-28 0 0 -2.0991811195910502e-30 12.5 12.5 4.730682944166236e-28 0 0 -4.5526446033229329e-29
d 0 0 -4.253992192201647e-28 0 0 -2.1180441814479755e-30 13 13 4.7355738586209407e-28 0 0 -4.6040152407446768e-29
d 0 0 -4.2535828061674431e-28 0 0 -2.1349329745656646e-30 13.5 13.5 4.7430974535589088e-28 0 0 -4.6816531370897322e-29
d 0 0 -4.2530981733421637e-28 0 0 -2.1510098483867251e-30 14 14 4.7574992478020931e-28 0 0 -4.8289097602480937e-29
d 0 0 -4.2525780918597859e-28 0 0 -2.1665433918645715e-30 14.5 14.5 4.7715909139900834e-28 0 0 -4.9734746711694149e-29
d 0 0 -4.2520612309592883e-28 0 0 -2.1816624329356336e-30 15 15 4.7771879141112876e-28 0 0 -5.0331003856027576e-29
d 0 0 -4.2515559695206068e-28 0 0 -2.1972458255446989e-30 15.5 15.5 4.7789638784162548e-28 0 0 -5.0544208991190415e-29
d 0 0 -4.251063536481465e-28 0 0 -2.2125269369589005e-30 16 16 4.7797725433918211e-28 0 0 -5.065956606279667e-29
d 0 0 -4.250582436788927e-28 0 0 -2.2276203305497977e-30 16.5 16.5 4.7804174379388037e-28 0 0 -5.0757587340888065e-29
d 0 0 -4.2501115702935638e-28 0 0 -2.2424820479975487e-30 17 17 4.7808975315119775e-28 0 0 -5.083831289273529e-29
d 0 0 -4.2492243149193881e-28 0 0 -2.2432480959814051e-30 18 18 4.7812727654556132e-28 0 0 -5.0935673293437968e-29
d 0 0 -4.2488168036132924e-28 0 0 -2.2875360399590934e-30 18.5 18.5 4.7815213766891331e-28 0 0 -5.0986641929778263e-29
d 0 0 -4.248418886038171e-28 0 0 -2.3022056913795073e-30 19 19 4.7819422324769737e-28 0 0 -5.1054609204213262e-29
d 0 0 -4.247613091669918e-28 0 0 -2.3244897882724532e-30 20 20 4.786201482000499e-28 0 0 -5.1538049446581086e-29
d 0 0 -4.246865102575107e-28 0 0 -2.3384827396388951e-30 21 21 4.7936271023064137e-28 0 0 -5.2336013692495008e-29
d 0 0 -4.2461997341093771e-28 0 0 -2.3597450178336734e-30 22 22 4.7960250948200874e-28 0 0 -5.2625791875692875e-29
d 0 0 -4.2456129012889796e-28 0 0 -2.3775621973517477e-30 23 23 4.7968392885574579e-28 0 0 -5.2751490317831658e-29
d 0 0 -4.2451149478941661e-28 0 0 -2.3930513946399412e-30 24 24 4.7971239403185658e-28 0 0 -5.2814806426405164e-29
d 0 0 -4.244670482733395e-28 0 0 -2.4431280352495638e-30 25 25 4.7979201086253841e-28 0 0 -5.2889978490730685e-29
d 0 0 -4.2442357709489314e-28 0 0 -2.4565840794500708e-30 26 26 4.7980701069960699e-28 0 0 -5.2934401409534392e-29
d 0 0 -4.2437986937150818e-28 0 0 -2.4461623193457089e-30 27 27 4.7982344004785784e-28 0 0 -5.2981907225796591e-29
d 0 0 -4.2433481347541246e-28 0 0 -2.4556620875484478e-30 28 28 4.7982857451635065e-28 0 0 -5.3020408411724128e-29
d 0 0 -4.2428771470965968e-28 0 0 -2.4658612025420689e-30 29 29 4.797985306490318e-28 0 0 -5.3026592337522158e-29
d 0 0 -4.2423823208053809e-28 0 0 -2.4757107069471965e-30 30 30 4.7974951645140122e-28 0 0 -5.3016906971351458e-29
d 0 0 -4.2418628070731114e-28 0 0 -2.4975029887297776e-30 31 31 4.7970803247135257e-28 0 0 -5.3017852256415896e-29
d 0 0 -4.2413193862765185e-28 0 0 -2.4959468870255624e-30 32 32 4.7967598775791765e-28 0 0 -5.303118473509094e-29
d 0 0 -4.2407537482079794e-28 0 0 -2.5215126964226173e-30 33 33 4.7965844033424233e-28 0 0 -5.3061723780289825e-29
d 0 0 -4.2401680342686416e-28 0 0 -2.5294025900867761e-30 34 34 4.7968460124623026e-28 0 0 -5.3138395230499072e-29
d 0 0 -4.2398683840820532e-28 0 0 -2.5163630735142938e-30 34.5 34.5 4.7972892077838083e-28 0 0 -5.3208781764320392e-29
d 0 0 -4.239564618812391e-28 0 0 -2.5364935359981495e-30 35 35 4.7980705112765135e-28 0 0 -5.3313464038831618e-29
d 0 0 -4.2392570693441341e-28 0 0 -2.5402223939254861e-30 35.5 35.5 4.7992833882873105e-28 0 0 -5.3461744124961291e-29
d 0 0 -4.2389461118222448e-28 0 0 -2.5434744805970018e-30 36 36 4.8008128143387138e-28 0 0 -5.3642069496266964e-29
d 0 0 -4.2386322117873733e-28 0 0 -2.5471212768779762e-30 36.5 36.5 4.8022852539387727e-28 0 0 -5.3817026189708494e-29
d 0 0 -4.2383160275002274e-28 0 0 -2.5507572245917731e-30 37 37 4.8033883061482083e-28 0 0 -5.3955287352384928e-29
d 0 0 -4.2376872838410252e-28 0 0 -2.5595569214408069e-30 38 38 4.8044635848288508e-28 0 0 -5.4118073177782265e-29
d 0 0 -4.2371003407324522e-28 0 0 -2.5686672936445295e-30 39 39 4.8047995728066962e-28 0 0 -5.4201255751643933e-29
d 0 0 -4.2364849986596579e-28 0 0 -2.5771573431337697e-30 40 40 4.8049973775318321e-28 0 0 -5.4274082538025796e-29
d 0 0 -4.2358250246996035e-28 0 0 -2.5848053497773816e-30 41 41 4.8049943633058974e-28 0 0 -5.4332227879210457e-29
d 0 0 -4.2351578190702355e-28 0 0 -2.5925083044933652e-30 42 42 4.8047098345651862e-28 0 0 -5.4362700167653379e-29
d 0 0 -4.2344883479747062e-28 0 0 -2.6007311027246882e-30 43 43 4.8043326856663667e-28 0 0 -5.438371317489528e-29
d 0 0 -4.2338187454233222e-28 0 0 -2.6093418647275874e-30 44 44 4.8040011921178647e-28 0 0 -5.4408818956366402e-29
d 0 0 -4.233150053397183e-28 0 0 -2.6186861761645985e-30 45 45 4.8036310535523604e-28 0 0 -5.4429481583375246e-29
d 0 0 -4.2324858133275751e-28 0 0 -2.6280480595337193e-30 46 46 4.803154617323606e-28 0 0 -5.4438959213472499e-29
d 0 0 -4.2318299210341461e-28 0 0 -2.6372219055221997e-30 47 47 4.8026243906434367e-28 0 0 -5.4442270570979404e-29
d 0 0 -4.2312328742463537e-28 0 0 -2.647637163245167e-30 48 48 4.8021542293733088e-28 0 0 -5.4444446115482148e-29
d 0 0 -4.2306679462585603e-28 0 0 -2.6996438479844119e-30 49 49 4.8022834007311184e-28 0 0 -5.4461934280533038e-29
d 0 0 -4.2300913991732213e-28 0 0 -2.7105467244948582e-30 50 50 4.8019368170658743e-28 0 0 -5.4474047099925551e-29
d 0 0 -4.2289292558566111e-28 0 0 -2.6315581933439259e-30 52 52 4.8010814742240433e-28 0 0 -5.4484763466990126e-29
d 0 0 -4.2277548057032141e-28 0 0 -2.7465863132177745e-30 54 54 4.8002295393687448e-28 0 0 -5.4498816339501417e-29
d 0 0 -4.2274593408081552e-28 0 0 -2.6678527201315464e-30 54.5 54.5 4.8000437084272365e-28 0 0 -5.4505503696313448e-29
d 0 0 -4.227163174997299e-28 0 0 -2.7475490524302432e-30 55 55 4.7998584270834636e-28 0 0 -5.4512421814090894e-29
d 0 0 -4.226866332419983e-28 0 0 -2.7475924395031055e-30 55.5 55.5 4.7996664650690085e-28 0 0 -5.451884315749148e-29
d 0 0 -4.2265688385046829e-28 0 0 -2.6136603458260125e-30 56 56 4.799462026315795e-28 0 0 -5.4524183026070843e-29
d 0 0 -4.2262707195826229e-28 0 0 -2.2642736308090875e-30 56.5 56.5 4.7992408381982578e-28 0 0 -5.4528008812237604e-29
d 0 0 -4.2259720026140663e-28 0 0 -2.7737597978069947e-30 57 57 4.7990003580102902e-28 0 0 -5.4530061373355955e-29
d 0 0 -4.2256727149654472e-28 0 0 -2.7776618070601611e-30 57.5 57.5 4.7987405762885878e-28 0 0 -5.453033315941316e-29
d 0 0 -4.2253728842983384e-28 0 0 -2.7813824733814641e-30 58 58 4.7984643590196516e-28 0 0 -5.4529105523852923e-29
d 0 0 -4.2250725386083826e-28 0 0 -2.7848832404264761e-30 58.5 58.5 4.7981768355532267e-28 0 0 -5.452688572017857e-29
d 0 0 -4.224771706363217e-28 0 0 -2.7881220143074859e-30 59 59 4.7978843354581936e-28 0 0 -5.452430100695181e-29
d 0 0 -4.2244704166725854e-28 0 0 -2.7910550392370963e-30 59.5 59.5 4.7975936414103271e-28 0 0 -5.4522023934912168e-29
d 0 0 -4.2241686994533185e-28 0 0 -2.7936509103151431e-30 60 60 4.7973117588724174e-28 0 0 -5.4520749288942496e-29
d 0 0 -4.2229581817526635e-28 0 0 -2.8049313910358185e-30 62 62 4.7964382198113153e-28 0 0 -5.4542134114799321e-29
d 0 0 -4.2226548064125225e-28 0 0 -2.7243877764326404e-30 62.5 62.5 4.7963415922912268e-28 0 0 -5.4559889661167782e-29
d 0 0 -4.2223512128794362e-28 0 0 -2.7069080429382401e-30 63 63 4.7963262931540221e-28 0 0 -5.4585858699455554e-29
d 0 0 -4.2220474494585571e-28 0 0 -2.6859239826052316e-30 63.5 63.5 4.7964072718223824e-28 0 0 -5.462153233129775e-29
d 0 0 -4.2217435683597485e-28 0 0 -2.6629238901384025e-30 64 64 4.7965864312123145e-28 0 0 -5.4667094946802532e-29
d 0 0 -4.2211356926643976e-28 0 0 -2.8225038765985908e-30 65 65 4.7971319949510008e-28 0 0 -5.4777126350868781e-29
d 0 0 -4.2205281411216351e-28 0 0 -2.8276022617818959e-30 66 66 4.7976096170210319e-28 0 0 -5.488054532818291e-29
d 0 0 -4.2199216098151166e-28 0 0 -2.8321699250245263e-30 67 67 4.7977912173918243e-28 0 0 -5.4954455987551475e-29
d 0 0 -4.2193170869498113e-28 0 0 -2.837235318443861e-30 68 68 4.7977251702137876e-28 0 0 -5.500357407105501e-29
d 0 0 -4.2181415159029251e-28 0 0 -2.8464689318747283e-30 70 70 4.7972710881593302e-28 0 0 -5.5066341973021936e-29
d 0 0 -4.2176080334529779e-28 0 0 -2.7816434143443536e-30 71 71 4.7970415943349248e-28 0 0 -5.5091518227634774e-29
d 0 0 -4.2170517250373767e-28 0 0 -2.7614759628144866e-30 72 72 4.7968183765057795e-28 0 0 -5.5120114007659337e-29
d 0 0 -4.2167578395741648e-28 0 0 -2.8549142288297399e-30 72.5 72.5 4.7967008622199845e-28 0 0 -5.5135687003631076e-29
d 0 0 -4.2164621279367764e-28 0 0 -2.5334521054257231e-30 73 73 4.7965760503906353e-28 0 0 -5.5150777936449732e-29
d 0 0 -4.2161659658451556e-28 0 0 -2.8293927511777144e-30 73.5 73.5 4.7964366064997134e-28 0 0 -5.5164494093413297e-29
d 0 0 -4.2158697602297013e-28 0 0 -2.8550593946883689e-30 74 74 4.7962767213648187e-28 0 0 -5.5176205543551461e-29
d 0 0 -4.2152778297704712e-28 0 0 -2.8682416323146242e-30 75 75 4.7958883116236191e-28 0 0 -5.5192806552972399e-29
d 0 0 -4.2146868038910369e-28 0 0 -2.8718800056993411e-30 76 76 4.79542221042179e-28 0 0 -5.52016517193712e-29
d 0 0 -4.2140965451155586e-28 0 0 -2.8754437468265088e-30 77 77 4.7949094049859854e-28 0 0 -5.5205842679372221e-29
d 0 0 -4.2138016161129047e-28 0 0 -2.5746712722763222e-30 77.5 77.5 4.79464443854412e-28 0 0 -5.52070943331916e-29
d 0 0 -4.2135067682029634e-28 0 0 -2.6579992481580662e-30 78 78 4.794377372613685e-28 0 0 -5.5208149058990283e-29
d 0 0 -4.2129171830225325e-28 0 0 -2.882296652895284e-30 79 79 4.7938455050262942e-28 0 0 -5.5210535428155259e-29
d 0 0 -4.2126223924626272e-28 0 0 -2.8822258247693892e-30 79.5 79.5 4.7935842852468509e-28 0 0 -5.5212229714844846e-29
d 0 0 -4.2123275856506435e-28 0 0 -2.8831928679533727e-30 80 80 4.7933276860108273e-28 0 0 -5.5214406807000468e-29
d 0 0 -4.2120327669914799e-28 0 0 -2.8843903583520814e-30 80.5 80.5 4.7930756369232843e-28 0 0 -5.5217058347624014e-29
d 0 0 -4.2117379579560933e-28 0 0 -2.8843831391834324e-30 81 81 4.7928270607212099e-28 0 0 -5.5220073352867087e-29
d 0 0 -4.211443201661678e-28 0 0 -2.8877092798273305e-30 81.5 81.5 4.7925803538481605e-28 0 0 -5.5223285924633735e-29
d 0 0 -4.211148574847438e-28 0 0 -2.8897654982968072e-30 82 82 4.7923341239943634e-28 0 0 -5.5226547548156064e-29
d 0 0 -4.21085421568142e-28 0 0 -2.8921203965686522e-30 82.5 82.5 4.7920877523050747e-28 0 0 -5.5229780100574682e-29
d 0 0 -4.2105603999644729e-28 0 0 -2.8950398722110643e-30 83 83 4.7918415096276075e-28 0 0 -5.5232978781961065e-29
d 0 0 -4.2099787528966362e-28 0 0 -2.8984896074287364e-30 84 84 4.7913547279036857e-28 0 0 -5.5239309013211221e-29
d 0 0 -4.2089938490043758e-28 0 0 -2.9495554509167006e-30 86 86 4.7912109952834354e-28 0 0 -5.5272159177086407e-29
d 0 0 -4.2085100724888085e-28 0 0 -2.9558273855757179e-30 87 87 4.7908181060267985e-28 0 0 -5.5274975969335579e-29
d 0 0 -4.2082674620908386e-28 0 0 -2.907143185296513e-30 87.5 87.5 4.7905999886571726e-28 0 0 -5.5275238027533096e-29
d 0 0 -4.2080247162480855e-28 0 0 -2.5895100328030033e-30 88 88 4.7903773577556103e-28 0 0 -5.5275085118999529e-29
d 0 0 -4.2077818287542309e-28 0 0 -2.8952130241282575e-30 88.5 88.5 4.7901507002662232e-28 0 0 -5.5274566249876906e-29
d 0 0 -4.20753879377792e-28 0 0 -2.8975409739223259e-30 89 89 4.7899208539221693e-28 0 0 -5.5273765515759132e-29
d 0 0 -4.2072956056260632e-28 0 0 -2.9417452325214125e-30 89.5 89.5 4.789688894044624e-28 0 0 -5.5272790869423012e-29
d 0 0 -4.2070522589914173e-28 0 0 -2.9321561733858161e-30 90 90 4.7894559845258918e-28 0 0 -5.5271759162932817e-29
d 0 0 -4.2068087491062437e-28 0 0 -2.9410817412342214e-30 90.5 90.5 4.7892232110690074e-28 0 0 -5.5270779400709941e-29
d 0 0 -4.2065650718111559e-28 0 0 -2.9725278652732928e-30 91 91 4.788991410031729e-28 0 0 -5.5269935612793608e-29
d 0 0 -4.2063212236014163e-28 0 0 -2.9745279436363524e-30 91.5 91.5 4.7887610153232698e-28 0 0 -5.5269271532347331e-29
d 0 0 -4.2060772016499544e-28 0 0 -2.9764211743411178e-30 92 92 4.7885319586950421e-28 0 0 -5.5268780605134023e-29
d 0 0 -4.2058330038073837e-28 0 0 -2.9785169299507818e-30 92.5 92.5 4.7883036637104693e-28 0 0 -5.5268405387110018e-29
d 0 0 -4.2055886285813334e-28 0 0 -2.9804374800792126e-30 93 93 4.7880751570215163e-28 0 0 -5.5268048667411789e-29
d 0 0 -4.2053440751006166e-28 0 0 -2.9815130909705117e-30 93.5 93.5 4.7878452785733039e-28 0 0 -5.5267594488066028e-29
d 0 0 -4.2050993430732304e-28 0 0 -2.9842046511140529e-30 94 94 4.7876129278281924e-28 0 0 -5.5266932766973543e-29
d 0 0 -4.2048544327487117e-28 0 0 -2.9084077023165159e-30 94.5 94.5 4.7873772671769696e-28 0 0 -5.5265979643726583e-29
d 0 0 -4.2046093448941238e-28 0 0 -2.9097357069720995e-30 95 95 4.7871378288078153e-28 0 0 -5.5264688158863752e-29
d 0 0 -4.2043640807896238e-28 0 0 -2.9024316237183141e-30 95.5 95.5 4.7868945168308273e-28 0 0 -5.5263048478039323e-29
d 0 0 -4.2041186422457055e-28 0 0 -2.9115971102750746e-30 96 96 4.7866475340095043e-28 0 0 -5.5261080554899668e-29
d 0 0 -4.2038730316404509e-28 0 0 -2.9932749215305881e-30 96.5 96.5 4.7863972747556768e-28 0 0 -5.5258823427856092e-29
d 0 0 -4.2036272519712495e-28 0 0 -2.994899562871104e-30 97 97 4.7861442204131308e-28 0 0 -5.5256324748204462e-29
d 0 0 -4.2033813069110422e-28 0 0 -2.9916585395456776e-30 97.5 97.5 4.7858888594639875e-28 0 0 -5.5253632786213739e-29
d 0 0 -4.2031352008549907e-28 0 0 -2.9887123296005158e-30 98 98 4.7856316416109134e-28 0 0 -5.5250791839875175e-29
d 0 0 -4.2028889389411502e-28 0 0 -2.9853001248175099e-30 98.5 98.5 4.7853729649776276e-28 0 0 -5.5247840952978273e-29
d 0 0 -4.2026425270303158e-28 0 0 -2.9820658966732224e-30 99 99 4.7851131886121812e-28 0 0 -5.5244815168144917e-29
d 0 0 -4.2023959716366403e-28 0 0 -2.9819526178903032e-30 99.5 99.5 4.7848526590162822e-28 0 0 -5.5241748189159737e-29
d 0 0 -4.2021492798111473e-28 0 0 -2.983462229128678e-30 100 100 4.7845917391176268e-28 0 0 -5.5238675293347257e-29
d 0 0 -4.2018407345257695e-28 0 0 -3.0072771654632467e-30 100.625 100.625 4.7842656565980364e-28 0 0 -5.5234885847703908e-29
d 0 0 -4.2015320026740099e-28 0 0 -3.0069776330032481e-30 101.25 101.25 4.7839404842286334e-28 0 0 -5.523123535065836e-29
d 0 0 -4.2012230993130041e-28 0 0 -3.0057122106220399e-30 101.875 101.875 4.7836172065947023e-28 0 0 -5.5227820104814041e-29
d 0 0 -4.2009140392374702e-28 0 0 -3.0091250586778328e-30 102.5 102.5 4.7832968372282396e-28 0 0 -5.5224739336884186e-29
d 0 0 -4.2006048367761438e-28 0 0 -3.0144274774810294e-30 103.125 103.125 4.7829803188398619e-28 0 0 -5.5222085246127742e-29
d 0 0 -4.2002955057250731e-28 0 0 -3.0129795813097453e-30 103.75 103.75 4.7826684087358517e-28 0 0 -5.5219931555329052e-29
d 0 0 -4.1999860593868505e-28 0 0 -3.0168335857318587e-30 104.375 104.375 4.7823615697083966e-28 0 0 -5.5218322592910865e-29
d 0 0 -4.1996765106804228e-28 0 0 -3.0187191007080616e-30 105 105 4.782059886932168e-28 0 0 -5.5217264972877699e-29
d 0 0 -4.199366872293374e-28 0 0 -3.0225409093491747e-30 105.625 105.625 4.781763030956358e-28 0 0 -5.5216723872685112e-29
d 0 0 -4.1990571568601105e-28 0 0 -3.0246741146579696e-30 106.25 106.25 4.7814702841297609e-28 0 0 -5.5216625656353001e-29
d 0 0 -4.1987473771615167e-28 0 0 -3.0259083402087965e-30 106.875 106.875 4.7811806378300926e-28 0 0 -5.5216867571596324e-29
d 0 0 -4.1984375463537894e-28 0 0 -3.0282056757260034e-30 107.5 107.5 4.7808929442677581e-28 0 0 -5.5217332901418842e-29
d 0 0 -4.1981276782465867e-28 0 0 -3.0294082733168149e-30 108.125 108.125 4.7806060806715926e-28 0 0 -5.521790735398612e-29
d 0 0 -4.1978177876640623e-28 0 0 -3.0316041692728841e-30 108.75 108.75 4.7803190818183757e-28 0 0 -5.5218492268730274e-29
d 0 0 -4.1975078909402023e-28 0 0 -3.0333189961677254e-30 109.375 109.375 4.7800312278338155e-28 0 0 -5.5219013347768208e-29
d 0 0 -4.1971980066317858e-28 0 0 -3.0349558037367189e-30 110 110 4.7797421123657932e-28 0 0 -5.521942739025901e-29
d 0 0 -4.1959591256697406e-28 0 0 -3.0414471141252606e-30 112.5 112.5 4.778581350293556e-28 0 0 -5.5220775478772191e-29
d 0 0 -4.1958044259949967e-28 0 0 -3.0422006188614116e-30 112.8125 112.8125 4.7784388482036819e-28 0 0 -5.5221206406526878e-29
d 0 0 -4.1956497918203034e-28 0 0 -3.0429794038080701e-30 113.125 113.125 4.7782980733797963e-28 0 0 -5.5221807255130723e-29
d 0 0 -4.1953407904284228e-28 0 0 -3.0443878393022676e-30 113.75 113.75 4.7780238392130411e-28 0 0 -5.5223724110954551e-29
d 0 0 -4.1947249548895663e-28 0 0 -3.0476711977676461e-30 115 115 4.7775234805523567e-28 0 0 -5.5232181369741991e-29
d 0 0 -4.1935995158586691e-28 0 0 -3.054633544270475e-30 117.5 117.5 4.7769663298770672e-28 0 0 -5.5282077164707178e-29
d 0 0 -4.1933027864415931e-28 0 0 -3.0561763229329959e-30 118.125 118.125 4.7768955911493343e-28 0 0 -5.5303104571511487e-29
d 0 0 -4.1929975496473622e-28 0 0 -3.0575076027956332e-30 118.75 118.75 4.7768399279795268e-28 0 0 -5.5326569734798944e-29
d 0 0 -4.1926896961293823e-28 0 0 -3.0589754430755643e-30 119.375 119.375 4.7767927432262456e-28 0 0 -5.535117039411712e-29
d 0 0 -4.1923807497807592e-28 0 0 -3.0605907196267663e-30 120 120 4.7767415984508084e-28 0 0 -5.5375494155666274e-29
d 0 0 -4.1917613550395454e-28 0 0 -3.0634964435678197e-30 121.25 121.25 4.7765826085073803e-28 0 0 -5.5418628903663177e-29
d 0 0 -4.1914512705130105e-28 0 0 -3.0648949497099184e-30 121.875 121.875 4.7764613663080399e-28 0 0 -5.5436063279096676e-29
d 0 0 -4.1911410510989877e-28 0 0 -3.0663165063468767e-30 122.5 122.5 4.7763099056789474e-28 0 0 -5.5450493230473221e-29
d 0 0 -4.1905204141906385e-28 0 0 -3.0692617821890286e-30 123.75 123.75 4.7759258066995786e-28 0 0 -5.5471277481082491e-29
d 0 0 -4.1902100689251477e-28 0 0 -3.0706316621093865e-30 124.375 124.375 4.7757010044276926e-28 0 0 -5.5478413418741011e-29
d 0 0 -4.1898997404810357e-28 0 0 -3.0720621355331191e-30 125 125 4.7754596977529554e-28 0 0 -5.5483910847427658e-29
d 0 0 -4.1874195346053269e-28 0 0 -3.0827460589107658e-30 130 130 4.7731810457485072e-28 0 0 -5.5493395869609391e-29
d 0 0 -4.1849489089903788e-28 0 0 -3.0924328842836962e-30 135 135 4.770785990802329e-28 0 0 -5.5491266877073208e-29
d 0 0 -4.1827805814129674e-28 0 0 -3.1463679409621693e-30 140 140 4.769737662323417e-28 0 0 -5.5550499883617426e-29
d 0 0 -4.182542061856867e-28 0 0 -3.1469709926264349e-30 140.625 140.625 4.7695060363248248e-28 0 0 -5.5549516592103497e-29
d 0 0 -4.1823036025739239e-28 0 0 -3.1485294810655781e-30 141.25 141.25 4.7692733168466962e-28 0 0 -5.5548441050466481e-29
d 0 0 -4.1820652112776684e-28 0 0 -3.1501583785700556e-30 141.875 141.875 4.7690401432960804e-28 0 0 -5.5547330898901697e-29
d 0 0 -4.181826890425354e-28 0 0 -3.1517568052483371e-30 142.5 142.5 4.7688070162594277e-28 0 0 -5.5546235343111386e-29
d 0 0 -4.1815886423842962e-28 0 0 -3.1533661093967168e-30 143.125 143.125 4.7685744036759468e-28 0 0 -5.5545200430595502e-29
d 0 0 -4.1813504694559893e-28 0 0 -3.1549576204499926e-30 143.75 143.75 4.7683427380025199e-28 0 0 -5.554426873661428e-29
d 0 0 -4.1812314118635222e-28 0 0 -3.1556684577809607e-30 144.0625 144.0625 4.7682273862398922e-28 0 0 -5.5543854001235443e-29
d 0 0 -4.1811123738884649e-28 0 0 -3.1564564814858544e-30 144.375 144.375 4.7681124186538436e-28 0 0 -5.5543479588277797e-29
d 0 0 -4.1809933558044399e-28 0 0 -3.1572415205161447e-30 144.6875 144.6875 4.7679978807664869e-28 0 0 -5.5543149980005548e-29
d 0 0 -4.1808743578822891e-28 0 0 -3.1580236554178397e-30 145 145 4.7678838165987385e-28 0 0 -5.5542869510437947e-29
d 0 0 -4.1807553803900923e-28 0 0 -3.1588029612342199e-30 145.3125 145.3125 4.7677702687451104e-28 0 0 -5.5542642372872996e-29
d 0 0 -4.1806364235932013e-28 0 0 -3.1595795046508197e-30 145.625 145.625 4.7676572783956119e-28 0 0 -5.5542472621905257e-29
d 0 0 -4.1805174877542494e-28 0 0 -3.1603533563676979e-30 145.9375 145.9375 4.7675448852940843e-28 0 0 -5.5542364169112683e-29
d 0 0 -4.1803985731331795e-28 0 0 -3.1611245803995007e-30 146.25 146.25 4.7674331276286828e-28 0 0 -5.5542320771979095e-29
d 0 0 -4.1802796799872574e-28 0 0 -3.1618932317020823e-30 146.5625 146.5625 4.7673220418540719e-28 0 0 -5.5542346016003812e-29
d 0 0 -4.1801608085711105e-28 0 0 -3.1626593757660723e-30 146.875 146.875 4.7672116624484123e-28 0 0 -5.5542443290304556e-29
d 0 0 -4.1800419591367627e-28 0 0 -3.1634230553461636e-30 147.1875 147.1875 4.7671020216112468e-28 0 0 -5.5542615757321196e-29
d 0 0 -4.1799231319336819e-28 0 0 -3.1641843232268403e-30 147.5 147.5 4.7669931489107113e-28 0 0 -5.5542866317460779e-29
d 0 0 -4.1798043272088418e-28 0 0 -3.1649432176083603e-30 147.8125 147.8125 4.7668850708900217e-28 0 0 -5.5543197569678149e-29
d 0 0 -4.1796855452067832e-28 0 0 -3.1656997798575021e-30 148.125 148.125 4.7667778106439211e-28 0 0 -5.554361176905882e-29
d 0 0 -4.1795667861696926e-28 0 0 -3.1664540495416541e-30 148.4375 148.4375 4.766671387375706e-28 0 0 -5.5544110782465275e-29
d 0 0 -4.179448050337484e-28 0 0 -3.1672060505809153e-30 148.75 148.75 4.7665658159447175e-28 0 0 -5.5544696043234772e-29
d 0 0 -4.1793293379478812e-28 0 0 -3.1679558124112092e-30 149.0625 149.0625 4.7664611064129331e-28 0 0 -5.5545368505791079e-29
d 0 0 -4.1792106492365159e-28 0 0 -3.1687033588810186e-30 149.375 149.375 4.7663572635977086e-28 0 0 -5.5546128600875306e-29
d 0 0 -4.1790919844370179e-28 0 0 -3.1694487067131494e-30 149.6875 149.6875 4.7662542866360925e-28 0 0 -5.5546976191936859e-29
d 0 0 -4.1789733437811157e-28 0 0 -3.1701918825567179e-30 150 150 4.7661521685646959e-28 0 0 -5.5547910533083882e-29
d 0 0 -4.1787361358181097e-28 0 0 -3.1713950938355431e-30 150.625 150.625 4.7659504483356573e-28 0 0 -5.555003319647679e-29
d 0 0 -4.1786175689658597e-28 0 0 -3.1721058799176923e-30 150.9375 150.9375 4.7658507982625877e-28 0 0 -5.5551216629982568e-29
d 0 0 -4.1784990271671204e-28 0 0 -3.1728109127188575e-30 151.25 151.25 4.7657519105486872e-28 0 0 -5.5552476968641827e-29
d 0 0 -4.1783805106456288e-28 0 0 -3.1735127936494581e-30 151.5625 151.5625 4.7656537422249433e-28 0 0 -5.5553809869039398e-29
d 0 0 -4.1782620196238241e-28 0 0 -3.1742115464565824e-30 151.875 151.875 4.7655562422743765e-28 0 0 -5.5555210183500596e-29
d 0 0 -4.1780251149631167e-28 0 0 -3.1755135680593294e-30 152.5 152.5 4.7653630024976158e-28 0 0 -5.5558188374021103e-29
d 0 0 -4.1779067017634352e-28 0 0 -3.1762892676495547e-30 152.8125 152.8125 4.7652671198050993e-28 0 0 -5.5559751873352374e-29
d 0 0 -4.1777883149420292e-28 0 0 -3.1769757376366355e-30 153.125 153.125 4.7651716201761909e-28 0 0 -5.5561354077085362e-29
d 0 0 -4.1775516213020665e-28 0 0 -3.1782809438436283e-30 153.75 153.75 4.764981401814314e-28 0 0 -5.5564637593456805e-29
d 0 0 -4.1773150357706724e-28 0 0 -3.1796069247598987e-30 154.375 154.375 4.7647915530510987e-28 0 0 -5.5567959142662967e-29
d 0 0 -4.1770785600616531e-28 0 0 -3.181026144317777e-30 155 155 4.7646012169475402e-28 0 0 -5.5571232692829849e-29
d 0 0 -4.1769603639222778e-28 0 0 -3.1816977895655564e-30 155.3125 155.3125 4.764505594242054e-28 0 0 -5.5572824174637185e-29
d 0 0 -4.176842195874778e-28 0 0 -3.1823607246855727e-30 155.625 155.625 4.764409527743104e-28 0 0 -5.557437133714139e-29
d 0 0 -4.1766059448952893e-28 0 0 -3.1836780918908678e-30 156.25 156.25 4.7642156733757107e-28 0 0 -5.5577293543458258e-29
d 0 0 -4.1763698087944793e-28 0 0 -3.1849831811614327e-30 156.875 156.875 4.7640189556598153e-28 0 0 -5.5579929172846727e-29
d 0 0 -4.1761337892325318e-28 0 0 -3.1862046807007177e-30 157.5 157.5 4.7638188364403906e-28 0 0 -5.5582224094388816e-29
d 0 0 -4.1758978878645431e-28 0 0 -3.1875528374294415e-30 158.125 158.125 4.7636149616168946e-28 0 0 -5.5584142585560899e-29
d 0 0 -4.1756621063500237e-28 0 0 -3.1888146050066857e-30 158.75 158.75 4.7634071611153461e-28 0 0 -5.5585667330488357e-29
d 0 0 -4.1754264463656979e-28 0 0 -3.1901936150135055e-30 159.375 159.375 4.7631954289776096e-28 0 0 -5.5586797424406459e-29
d 0 0 -4.1751909096211345e-28 0 0 -3.191320004366912e-30 160 160 4.7629798909962458e-28 0 0 -5.5587545140312814e-29
d 0 0 -4.1733112851171909e-28 0 0 -3.2009351544686059e-30 165 165 4.7611520461897527e-28 0 0 -5.5583069155920055e-29
d 0 0 -4.1730769512449119e-28 0 0 -3.2021695896171319e-30 165.625 165.625 4.7609151671045333e-28 0 0 -5.5581651424956144e-29
d 0 0 -4.1729598395234564e-28 0 0 -3.2027441680703262e-30 165.9375 165.9375 4.7607963581272837e-28 0 0 -5.5580903577891168e-29
d 0 0 -4.1728427652912934e-28 0 0 -3.2033198633827251e-30 166.25 166.25 4.7606773444627289e-28 0 0 -5.5580133815246224e-29
d 0 0 -4.1726087315846851e-28 0 0 -3.2044680370545305e-30 166.875 166.875 4.7604388247842489e-28 0 0 -5.5578540425156031e-29
d 0 0 -4.1723748552247317e-28 0 0 -3.2056029273993732e-30 167.5 167.5 4.760199846819486e-28 0 0 -5.557689449833926e-29
d 0 0 -4.1721411423315355e-28 0 0 -3.2067282212805292e-30 168.125 168.125 4.7599606420951967e-28 0 0 -5.5575218452018217e-29
d 0 0 -4.1719076004023374e-28 0 0 -3.2078408913957866e-30 168.75 168.75 4.7597214348274104e-28 0 0 -5.5573533831278471e-29
d 0 0 -4.1716742388368099e-28 0 0 -3.2089485092938158e-30 169.375 169.375 4.759482441392516e-28 0 0 -5.5571861201527046e-29
d 0 0 -4.1714410697367171e-28 0 0 -3.2100331069188504e-30 170 170 4.7592438696074902e-28 0 0 -5.5570219993603884e-29
d 0 0 -4.171208109171983e-28 0 0 -3.2111208880632833e-30 170.625 170.625 4.7590059181707216e-28 0 0 -5.5568628316125374e-29
d 0 0 -4.1710917136871429e-28 0 0 -3.2116897657839582e-30 170.9375 170.9375 4.7588872346865897e-28 0 0 -5.5567856298205816e-29
d 0 0 -4.1709753792824311e-28 0 0 -3.2122308648725255e-30 171.25 171.25 4.7587687767850486e-28 0 0 -5.556710274979931e-29
d 0 0 -4.1708591102744766e-28 0 0 -3.2127699771991464e-30 171.5625 171.5625 4.7586505670554915e-28 0 0 -5.5566369470513039e-29
d 0 0 -4.170742911976664e-28 0 0 -3.2133071345502656e-30 171.875 171.875 4.758532627909356e-28 0 0 -5.556565813890527e-29
d 0 0 -4.1706267910385032e-28 0 0 -3.2138423735456223e-30 172.1875 172.1875 4.7584149818750418e-28 0 0 -5.5564970306650745e-29
d 0 0 -4.1705107559421661e-28 0 0 -3.2143757378333218e-30 172.5 172.5 4.7582976520557722e-28 0 0 -5.5564307392793993e-29
d 0 0 -4.1703948177520338e-28 0 0 -3.2149072807660953e-30 172.8125 172.8125 4.7581806628463555e-28 0 0 -5.5563670677634821e-29
d 0 0 -4.1702789912887409e-28 0 0 -3.2154370699444077e-30 173.125 173.125 4.7580640410766251e-28 0 0 -5.556306129522857e-29
d 0 0 -4.1701632970513085e-28 0 0 -3.2159651944521033e-30 173.4375 173.4375 4.7579478178960503e-28 0 0 -5.5562480222369507e-29
d 0 0 -4.1700477645388044e-28 0 0 -3.2164917776768189e-30 173.75 173.75 4.757832032030626e-28 0 0 -5.5561928259565869e-29
d 0 0 -4.1699324383917306e-28 0 0 -3.2170170006778999e-30 174.0625 174.0625 4.7577167357864866e-28 0 0 -5.5561405994072561e-29
d 0 0 -4.1698173907790755e-28 0 0 -3.2175411495972383e-30 174.375 174.375 4.7576020071158371e-28 0 0 -5.5560913721025684e-29
d 0 0 -4.1697027494710421e-28 0 0 -3.2180647232955823e-30 174.6875 174.6875 4.7574879768847833e-28 0 0 -5.5560451257044462e-29
d 0 0 -4.1695887728581661e-28 0 0 -3.2185887217524858e-30 175 175 4.75737490162249e-28 0 0 -5.5560017430351828e-29
d 0 0 -4.1694761077901877e-28 0 0 -3.2191156424775837e-30 175.3125 175.3125 4.7572634134075283e-28 0 0 -5.5559608313845371e-29
d 0 0 -4.1693671299450779e-28 0 0 -3.2196547022720923e-30 175.625 175.625 4.7571558187945941e-28 0 0 -5.5559208034216494e-29
d 0 0 -4.169189152243947e-28 0 0 -3.2208819242967818e-30 176.25 176.25 4.7569802314287254e-28 0 0 -5.5558225998098932e-29
d 0 0 -4.1690990309395821e-28 0 0 -3.2214790190652724e-30 176.5625 176.5625 4.756891675578003e-28 0 0 -5.5557779606439242e-29
d 0 0 -4.1689919655578989e-28 0 0 -3.2220159980095228e-30 176.875 176.875 4.7567870073754115e-28 0 0 -5.5557481716896601e-29
d 0 0 -4.16887980075072e-28 0 0 -3.2225324698386924e-30 177.1875 177.1875 4.756677739021667e-28 0 0 -5.5557254778112305e-29
d 0 0 -4.1687660773623524e-28 0 0 -3.2230412338156902e-30 177.5 177.5 4.7565673091801645e-28 0 0 -5.5557075367660652e-29
d 0 0 -4.168651647394105e-28 0 0 -3.2235454004049244e-30 177.8125 177.8125 4.7564565495385287e-28 0 0 -5.5556938277680507e-29
d 0 0 -4.1685368284187477e-28 0 0 -3.2240461390315668e-30 178.125 178.125 4.7563457733363163e-28 0 0 -5.5556841887975449e-29
d 0 0 -4.1683065594744418e-28 0 0 -3.2250448133275186e-30 178.75 178.75 4.7561247103923567e-28 0 0 -5.5556769501792919e-29
d 0 0 -4.1680758555510663e-28 0 0 -3.2260280740383952e-30 179.375 179.375 4.7559047208089072e-28 0 0 -5.5556857520925857e-29
d 0 0 -4.1678449505070277e-28 0 0 -3.2270028220388409e-30 180 180 4.7556860507733605e-28 0 0 -5.5557106246008567e-29
d 0 0 -4.167613961359535e-28 0 0 -3.2279694853850736e-30 180.625 180.625 4.7554688105544606e-28 0 0 -5.5557514501231776e-29
d 0 0 -4.1673829551611717e-28 0 0 -3.2289282915864895e-30 181.25 181.25 4.7552530292799614e-28 0 0 -5.5558078177285293e-29
d 0 0 -4.1671519740480671e-28 0 0 -3.2298795133136153e-30 181.875 181.875 4.7550386699274957e-28 0 0 -5.5558789133311969e-29
d 0 0 -4.1669210463567154e-28 0 0 -3.2308234685137184e-30 182.5 182.5 4.7548256337014653e-28 0 0 -5.555963448202332e-29
d 0 0 -4.1668056090503948e-28 0 0 -3.231290069998138e-30 182.8125 182.8125 4.7547195648506147e-28 0 0 -5.5560102166297361e-29
d 0 0 -4.1666901921737081e-28 0 0 -3.2317577370332526e-30 183.125 183.125 4.7546137637545045e-28 0 0 -5.5560596386491827e-29
d 0 0 -4.166459426357773e-28 0 0 -3.2326895411753637e-30 183.75 183.75 4.754402852290801e-28 0 0 -5.5561652457095504e-29
d 0 0 -4.1662287602994863e-28 0 0 -3.2334865058776401e-30 184.375 184.375 4.7541926522181761e-28 0 0 -5.5562776734970964e-29
d 0 0 -4.1659982030022719e-28 0 0 -3.234441695188427e-30 185 185 4.7539828926629749e-28 0 0 -5.5563941128909164e-29
d 0 0 -4.1641583430019665e-28 0 0 -3.241610250491315e-30 190 190 4.7522920909658009e-28 0 0 -5.5571763011836713e-29
d 0 0 -4.1640436502013148e-28 0 0 -3.241958557216415e-30 190.3125 190.3125 4.75218460227505e-28 0 0 -5.557205422861449e-29
d 0 0 -4.1639289948828446e-28 0 0 -3.2424050083795155e-30 190.625 190.625 4.7520768420288203e-28 0 0 -5.5572316075026662e-29
d 0 0 -4.1638143773917937e-28 0 0 -3.2428473642963326e-30 190.9375 190.9375 4.7519688075605542e-28 0 0 -5.5572548241126602e-29
d 0 0 -4.1636997980701786e-28 0 0 -3.2432854541333997e-30 191.25 191.25 4.7518604970459845e-28 0 0 -5.5572750500581941e-29
d 0 0 -4.16358525725829e-28 0 0 -3.2437425714310217e-30 191.5625 191.5625 4.7517519093745744e-28 0 0 -5.5572922698371311e-29
d 0 0 -4.1634707552961812e-28 0 0 -3.2441492013637412e-30 191.875 191.875 4.7516430440381505e-28 0 0 -5.5573064740794952e-29
d 0 0 -4.1633562925251538e-28 0 0 -3.2445753966606799e-30 192.1875 192.1875 4.7515339010821187e-28 0 0 -5.557317658784429e-29
d 0 0 -4.1632418692892761e-28 0 0 -3.2449982900395087e-30 192.5 192.5 4.7514244810278265e-28 0 0 -5.557325824788186e-29
d 0 0 -4.1631274859369445e-28 0 0 -3.2454182682272594e-30 192.8125 192.8125 4.7513147848557416e-28 0 0 -5.5573309774499649e-29
d 0 0 -4.1630131428225212e-28 0 0 -3.2458356961378644e-30 193.125 193.125 4.7512048139928486e-28 0 0 -5.5573331265350347e-29
d 0 0 -4.1628988403080614e-28 0 0 -3.2462508950845304e-30 193.4375 193.4375 4.7510945703198119e-28 0 0 -5.5573322862685679e-29
d 0 0 -4.1627845787651679e-28 0 0 -3.2461253519865245e-30 193.75 193.75 4.7509840561397063e-28 0 0 -5.5573284755288339e-29
d 0 0 -4.1626703585770018e-28 0 0 -3.2466100130544486e-30 194.0625 194.0625 4.7508732744174165e-28 0 0 -5.5573217181451519e-29
d 0 0 -4.1625561801404728e-28 0 0 -3.2471070614715856e-30 194.375 194.375 4.750762228518777e-28 0 0 -5.5573120432642946e-29
d 0 0 -4.1624420438686756e-28 0 0 -3.2476033675023083e-30 194.6875 194.6875 4.7506509224354277e-28 0 0 -5.5572994857488683e-29
d 0 0 -4.1623279501935894e-28 0 0 -3.2480894239353005e-30 195 195 4.7505393607910014e-28 0 0 -5.5572840865725541e-29
d 0 0 -4.162213899569123e-28 0 0 -3.248560280275805e-30 195.3125 195.3125 4.7504275488799481e-28 0 0 -5.5572658931811219e-29
d 0 0 -4.1620998924745588e-28 0 0 -3.2490150647206124e-30 195.625 195.625 4.7503154926997069e-28 0 0 -5.5572449597821853e-29
d 0 0 -4.1618720109433105e-28 0 0 -3.2493755414847889e-30 196.25 196.25 4.750090675107975e-28 0 0 -5.5571951247963314e-29
d 0 0 -4.1616443101065503e-28 0 0 -3.2506355695806259e-30 196.875 196.875 4.7498649709493987e-28 0 0 -5.557135155838113e-29
d 0 0 -4.1614167952012119e-28 0 0 -3.2507626455359845e-30 197.5 197.5 4.7496384544138771e-28 0 0 -5.5570657369502208e-29
d 0 0 -4.1613031093692395e-28 0 0 -3.2519057839172929e-30 197.8125 197.8125 4.7495249180101633e-28 0 0 -5.5570277252051971e-29
d 0 0 -4.1611894724469241e-28 0 0 -3.2522997576371676e-30 198.125 198.125 4.749411211276866e-28 0 0 -5.5569876517585053e-29
d 0 0 -4.1610758854236382e-28 0 0 -3.252098510431305e-30 198.4375 198.4375 4.749297346388426e-28 0 0 -5.5569456272925735e-29
d 0 0 -4.1609623494030048e-28 0 0 -3.2526451039077638e-30 198.75 198.75 4.7491833362263598e-28 0 0 -5.5569017662526467e-29
d 0 0 -4.1608488656241871e-28 0 0 -3.2531620887749168e-30 199.0625 199.0625 4.7490691937768686e-28 0 0 -5.5568561860480212e-29
d 0 0 -4.1607354354881337e-28 0 0 -3.2536461163969256e-30 199.375 199.375 4.7489549325194982e-28 0 0 -5.5568090062199176e-29
d 0 0 -4.1606220605902614e-28 0 0 -3.2541077802421932e-30 199.6875 199.6875 4.7488405662615156e-28 0 0 -5.5567603475931165e-29
d 0 0 -4.1605087427615287e-28 0 0 -3.2545467476041423e-30 200 200 4.7487261091079696e-28 0 0 -5.5567103314276108e-29
d 0 0 -4.1603954841206252e-28 0 0 -3.2549676597527407e-30 200.3125 200.3125 4.7486115754206259e-28 0 0 -5.5566590785848583e-29
d 0 0 -4.1602822871410361e-28 0 0 -3.2553748841396409e-30 200.625 200.625 4.748496979805713e-28 0 0 -5.5566067087217695e-29
d 0 0 -4.1601691547383267e-28 0 0 -3.2557720935581443e-30 200.9375 200.9375 4.7483823371306123e-28 0 0 -5.5565533395232694e-29
d 0 0 -4.1600560903852939e-28 0 0 -3.2561621586434565e-30 201.25 201.25 4.7482676625780386e-28 0 0 -5.5564990859818909e-29
d 0 0 -4.1599430982662178e-28 0 0 -3.2565471932623201e-30 201.5625 201.5625 4.7481529717293898e-28 0 0 -5.5564440597299237e-29
d 0 0 -4.1598301834869338e-28 0 0 -3.2569287145506808e-30 201.875 201.875 4.748038280723784e-28 0 0 -5.5563883684260158e-29
d 0 0 -4.1597173523662596e-28 0 0 -3.2573077400726043e-30 202.1875 202.1875 4.747923606508174e-28 0 0 -5.5563321151932188e-29
d 0 0 -4.1596046128486068e-28 0 0 -3.2576849525354672e-30 202.5 202.5 4.747808967214605e-28 0 0 -5.5562753980985314e-29
d 0 0 -4.1594919751015944e-28 0 0 -3.2573102451557096e-30 202.8125 202.8125 4.7476943825826651e-28 0 0 -5.556218309653296e-29
d 0 0 -4.1593794524036504e-28 0 0 -3.257867371718587e-30 203.125 203.125 4.7475798754334319e-28 0 0 -5.5561609362965355e-29
d 0 0 -4.159267062499433e-28 0 0 -3.2583832911724317e-30 203.4375 203.4375 4.7474654720809059e-28 0 0 -5.5561033577938299e-29
d 0 0 -4.1591548297330883e-28 0 0 -3.2588679149662454e-30 203.75 203.75 4.7473512051125936e-28 0 0 -5.5560456464318925e-29
d 0 0 -4.1590427885139444e-28 0 0 -3.259327087236019e-30 204.0625 204.0625 4.7472371167053808e-28 0 0 -5.5559878657930763e-29
d 0 0 -4.1589309891224539e-28 0 0 -3.259765485294194e-30 204.375 204.375 4.7471232644540019e-28 0 0 -5.5559300687167645e-29
d 0 0 -4.1588195076640378e-28 0 0 -3.2601873368709287e-30 204.6875 204.6875 4.7470097313582223e-28 0 0 -5.5558722937399305e-29
d 0 0 -4.1587084631268631e-28 0 0 -3.2605965755496935e-30 205 205 4.7468966429241629e-28 0 0 -5.5558145588450979e-29
d 0 0 -4.1585980449536757e-28 0 0 -3.2609969009243793e-30 205.3125 205.3125 4.7467841947845005e-28 0 0 -5.5557568510948672e-29
d 0 0 -4.1584885519037367e-28 0 0 -3.261391911526254e-30 205.625 205.625 4.7466726915945845e-28 0 0 -5.5556991115462362e-29
d 0 0 -4.1583804673863162e-28 0 0 -3.2617854599533501e-30 205.9375 205.9375 4.7465626223881276e-28 0 0 -5.5556412052861211e-29
d 0 0 -4.1582749074883055e-28 0 0 -3.2621835292528112e-30 206.25 206.25 4.7464551089579962e-28 0 0 -5.5555827473865176e-29
d 0 0 -4.1581752831520736e-28 0 0 -3.2626006074649059e-30 206.5625 206.5625 4.7463535691634333e-28 0 0 -5.5555224579816028e-29
d 0 0 -4.1580803247141906e-28 0 0 -3.2630323048166787e-30 206.875 206.875 4.7462567342292481e-28 0 0 -5.55546084672846e-29
d 0 0 -4.1579915783750633e-28 0 0 -3.2634867220631612e-30 207.1875 207.1875 4.7461661984780018e-28 0 0 -5.5553976937585621e-29
d 0 0 -4.1579072881953843e-28 0 0 -3.2640573657379622e-30 207.5 207.5 4.7460846452117684e-28 0 0 -5.5553680721101701e-29
d 0 0 -4.1578472576529319e-28 0 0 -3.2763814467770911e-30 207.8125 207.8125 4.7465440340666581e-28 0 0 -5.5593299028664119e-29
d 0 0 -4.1578010383796025e-28 0 0 -3.2967109046510838e-30 208.125 208.125 4.7473688957934632e-28 0 0 -5.5660077835195284e-29
d 0 0 -4.157721727300911e-28 0 0 -3.2977089875178518e-30 208.4375 208.4375 4.7473097533545564e-28 0 0 -5.5661096589489535e-29
d 0 0 -4.1576417067106386e-28 0 0 -3.2982718118686868e-30 208.75 208.75 4.747231142336079e-28 0 0 -5.5660674582623253e-29
d 0 0 -4.1575615989244514e-28 0 0 -3.2981989005038292e-30 209.0625 209.0625 4.7471497336087904e-28 0 0 -5.5660047450096492e-29
d 0 0 -4.1574815088836918e-28 0 0 -3.2987809843436299e-30 209.375 209.375 4.7470683456675722e-28 0 0 -5.5659423154983131e-29
d 0 0 -4.1574014377993247e-28 0 0 -3.2993443688265528e-30 209.6875 209.6875 4.7469870124304874e-28 0 0 -5.5658804272024069e-29
d 0 0 -4.1573213857935452e-28 0 0 -3.2998934813675443e-30 210 210 4.7469057388494279e-28 0 0 -5.5658191225124603e-29
d 0 0 -4.1572413529703964e-28 0 0 -3.3004311152009767e-30 210.3125 210.3125 4.7468245294176651e-28 0 0 -5.5657584405091011e-29
d 0 0 -4.1571613394243479e-28 0 0 -3.3009591801496458e-30 210.625 210.625 4.7467433883908882e-28 0 0 -5.5656984185726587e-29
d 0 0 -4.1570813452422325e-28 0 0 -3.3014790879044064e-30 210.9375 210.9375 4.7466623198278368e-28 0 0 -5.5656390926549921e-29
d 0 0 -4.1570013705047211e-28 0 0 -3.3019919281771634e-30 211.25 211.25 4.7465813276159236e-28 0 0 -5.565580497434186e-29
d 0 0 -4.1569214152874723e-28 0 0 -3.3024985925139779e-30 211.5625 211.5625 4.7465004154860681e-28 0 0 -5.5655226663834478e-29
d 0 0 -4.156841479662045e-28 0 0 -3.3029998186209606e-30 211.875 211.875 4.7464195870191082e-28 0 0 -5.5654656317726119e-29
d 0 0 -4.1567615636966378e-28 0 0 -3.303496238767626e-30 212.1875 212.1875 4.7463388456456765e-28 0 0 -5.5654094246165767e-29
d 0 0 -4.1566816674566853e-28 0 0 -3.303988388932448e-30 212.5 212.5 4.7462581946409675e-28 0 0 -5.5653540745824742e-29
d 0 0 -4.1566017910053514e-28 0 0 -3.3044767302642701e-30 212.8125 212.8125 4.746177637115672e-28 0 0 -5.5652996098657388e-29
d 0 0 -4.1565219344039435e-28 0 0 -3.3049616608217795e-30 213.125 213.125 4.7460971760041447e-28 0 0 -5.5652460570443121e-29
d 0 0 -4.1564420977122585e-28 0 0 -3.3054435238288839e-30 213.4375 213.4375 4.7460168140507954e-28 0 0 -5.5651934409196981e-29
d 0 0 -4.156362280988882e-28 0 0 -3.3059226133154541e-30 213.75 213.75 4.7459365537956583e-28 0 0 -5.5651417843533056e-29
d 0 0 -4.1562824842914436e-28 0 0 -3.3063991850496093e-30 214.0625 214.0625 4.7458563975600318e-28 0 0 -5.5650911081064341e-29
d 0 0 -4.1562027076768416e-28 0 0 -3.3068734587875739e-30 214.375 214.375 4.7457763474330801e-28 0 0 -5.5650414306922115e-29
d 0 0 -4.1561229512014429e-28 0 0 -3.3073456261589321e-30 214.6875 214.6875 4.7456964052602743e-28 0 0 -5.5649927682477802e-29
d 0 0 -4.1560432149212598e-28 0 0 -3.3078158559539956e-30 215 215 4.7456165726345288e-28 0 0 -5.564945134434983e-29
d 0 0 -4.1559634988921131e-28 0 0 -3.30828429202125e-30 215.3125 215.3125 4.7455368508908654e-28 0 0 -5.5648985403776073e-29
d 0 0 -4.1558838031697739e-28 0 0 -3.3087510603784704e-30 215.625 215.625 4.7454572411054149e-28 0 0 -5.5648529946430105e-29
d 0 0 -4.1558041278101067e-28 0 0 -3.309216273714312e-30 215.9375 215.9375 4.7453777440995088e-28 0 0 -5.5648085032755195e-29
d 0 0 -4.1557244728691894e-28 0 0 -3.3115116622006985e-30 216.25 216.25 4.7452983613651185e-28 0 0 -5.5647650698883915e-29
d 0 0 -4.1556448384034372e-28 0 0 -3.3120511782441318e-30 216.5625 216.5625 4.7452190914616726e-28 0 0 -5.5647226958204204e-29
d 0 0 -4.1555652244697146e-28 0 0 -3.3125905747479064e-30 216.875 216.875 4.7451399354051495e-28 0 0 -5.564681380362271e-29
d 0 0 -4.1554856311254457e-28 0 0 -3.3131298946176437e-30 217.1875 217.1875 4.7450608931629551e-28 0 0 -5.5646411210566387e-29
d 0 0 -4.1554060584287173e-28 0 0 -3.3136691701418597e-30 217.5 217.5 4.7449819645657593e-28 0 0 -5.5646019140750215e-29
d 0 0 -4.155326506438384e-28 0 0 -3.3142084255115641e-30 217.8125 217.8125 4.7449031493534418e-28 0 0 -5.564563754672626e-29
d 0 0 -4.1552469752141675e-28 0 0 -3.3147476775374447e-30 218.125 218.125 4.7448244472288341e-28 0 0 -5.5645266377215182e-29
d 0 0 -4.1551674648167581e-28 0 0 -3.3152869368235618e-30 218.4375 218.4375 4.7447458579191336e-28 0 0 -5.5644905583206939e-29
d 0 0 -4.1550879753079117e-28 0 0 -3.3158262079979946e-30 218.75 218.75 4.744667381244713e-28 0 0 -5.5644555124803882e-29
d 0 0 -4.1550085067505508e-28 0 0 -3.3163654909603147e-30 219.0625 219.0625 4.7445890171949388e-28 0 0 -5.5644214978765937e-29
d 0 0 -4.1549290592088634e-28 0 0 -3.3169047790328613e-30 219.375 219.375 4.7445107660104611e-28 0 0 -5.5643885146705909e-29
d 0 0 -4.154849632748407e-28 0 0 -3.3174440630228664e-30 219.6875 219.6875 4.7444326282713736e-28 0 0 -5.5643565663872417e-29
d 0 0 -4.154770227436208e-28 0 0 -3.3179833284245955e-30 220 220 4.7443546049905222e-28 0 0 -5.5643256608450002e-29
d 0 0 -4.1546908433408704e-28 0 0 -3.318522557049954e-30 220.3125 220.3125 4.7442766977111989e-28 0 0 -5.5642958111299739e-29
d 0 0 -4.1546114805326833e-28 0 0 -3.3190617285205059e-30 220.625 220.625 4.7441989086084332e-28 0 0 -5.5642670366060326e-29
d 0 0 -4.154532139083734e-28 0 0 -3.3196008184464607e-30 220.9375 220.9375 4.7441212405930499e-28 0 0 -5.5642393639528463e-29
d 0 0 -4.1544528190680228e-28 0 0 -3.3201397996992561e-30 221.25 221.25 4.7440436974177037e-28 0 0 -5.5642128282238199e-29
d 0 0 -4.1543735205615873e-28 0 0 -3.3206786440963508e-30 221.5625 221.5625 4.743966283784121e-28 0 0 -5.56418747391624e-29
d 0 0 -4.1542942436426306e-28 0 0 -3.321217319026039e-30 221.875 221.875 4.7438890054508089e-28 0 0 -5.5641633560463779e-29
d 0 0 -4.1542149883916492e-28 0 0 -3.3217557924278358e-30 222.1875 222.1875 4.7438118693405827e-28 0 0 -5.5641405412228823e-29
d 0 0 -4.1541357548915841e-28 0 0 -3.322294028466531e-30 222.5 222.5 4.7437348836472951e-28 0 0 -5.5641191087123879e-29
d 0 0 -4.1540565432279624e-28 0 0 -3.3228319909253852e-30 222.8125 222.8125 4.7436580579412127e-28 0 0 -5.5640991514918696e-29
d 0 0 -4.1539773534890636e-28 0 0 -3.3233696427080369e-30 223.125 223.125 4.7435814032725592e-28 0 0 -5.5640807772827713e-29
d 0 0 -4.1538981857660883e-28 0 0 -3.3239069448335405e-30 223.4375 223.4375 4.7435049322727348e-28 0 0 -5.5640641095622202e-29
d 0 0 -4.1538190401533427e-28 0 0 -3.3244438573608483e-30 223.75 223.75 4.7434286592527834e-28 0 0 -5.5640492885468188e-29
d 0 0 -4.153739916748438e-28 0 0 -3.3249803404580235e-30 224.0625 224.0625 4.7433526002986094e-28 0 0 -5.5640364721442264e-29
d 0 0 -4.1536608156525071e-28 0 0 -3.3255163533592114e-30 224.375 224.375 4.7432767733624301e-28 0 0 -5.564025836867225e-29
d 0 0 -4.1535817369704362e-28 0 0 -3.3260518548030869e-30 224.6875 224.6875 4.7432011983498251e-28 0 0 -5.5640175787040118e-29
d 0 0 -4.1535026808111256e-28 0 0 -3.3265868041277177e-30 225 225 4.7431258972016217e-28 0 0 -5.5640119139369872e-29
d 0 0 -4.1534236472877725e-28 0 0 -3.3271211591696727e-30 225.3125 225.3125 4.7430508939696638e-28 0 0 -5.5640090799004567e-29
d 0 0 -4.1533446365181792e-28 0 0 -3.3276548800874075e-30 225.625 225.625 4.7429762148852425e-28 0 0 -5.564009335665189e-29
d 0 0 -4.1532656486251039e-28 0 0 -3.3281879247218883e-30 225.9375 225.9375 4.7429018884187202e-28 0 0 -5.5640129626348521e-29
d 0 0 -4.1531866837366465e-28 0 0 -3.3287202528745487e-30 226.25 226.25 4.7428279453284943e-28 0 0 -5.5640202650358492e-29
d 0 0 -4.1531077419866759e-28 0 0 -3.3292518249721155e-30 226.5625 226.5625 4.7427544186970556e-28 0 0 -5.5640315702781026e-29
d 0 0 -4.1530288235153193e-28 0 0 -3.3297826012666924e-30 226.875 226.875 4.7426813439514715e-28 0 0 -5.5640472291598716e-29
d 0 0 -4.1529499284695064e-28 0 0 -3.3303125434686385e-30 227.1875 227.1875 4.7426087588651262e-28 0 0 -5.5640676158848477e-29
d 0 0 -4.1528710570035863e-28 0 0 -3.3308545200782531e-30 227.5 227.5 4.7425367035452212e-28 0 0 -5.5640931278546266e-29
d 0 0 -4.1527922092800297e-28 0 0 -3.3313833938352797e-30 227.8125 227.8125 4.7424652203532072e-28 0 0 -5.5641241851943268e-29
d 0 0 -4.1527133854702291e-28 0 0 -3.3304873448265198e-30 228.125 228.125 4.7423943529873847e-28 0 0 -5.5641612299639005e-29
d 0 0 -4.1526345857554036e-28 0 0 -3.3268425401951238e-30 228.4375 228.4375 4.7423241475322135e-28 0 0 -5.5642047250026162e-29
d 0 0 -4.1525558103276499e-28 0 0 -3.3272695141707556e-30 228.75 228.75 4.7422546563204784e-28 0 0 -5.56425515234984e-29
d 0 0 -4.1524770593911316e-28 0 0 -3.3276961456925446e-30 229.0625 229.0625 4.7421859273801163e-28 0 0 -5.5643130111818314e-29
d 0 0 -4.1523983331634621e-28 0 0 -3.3281224544874794e-30 229.375 229.375 4.7421180124812636e-28 0 0 -5.5643788152021079e-29
d 0 0 -4.1523196318772936e-28 0 0 -3.3285484594384016e-30 229.6875 229.6875 4.7420509645339941e-28 0 0 -5.5644530894230523e-29
d 0 0 -4.152240955782156e-28 0 0 -3.3289055658263592e-30 230 230 4.7419848371647394e-28 0 0 -5.5645363662788184e-29
d 0 0 -4.1509858864742862e-28 0 0 -3.3357216202970853e-30 235 235 4.7410887288658608e-28 0 0 -5.567456261883357e-29
d 0 0 -4.1497443048931727e-28 0 0 -3.3423138892450915e-30 240 240 4.7404602980407024e-28 0 0 -5.5729285426024522e-29
d 0 0 -4.148574886964363e-28 0 0 -3.3487800355997147e-30 245 245 4.7397983369083213e-28 0 0 -5.5773564932036033e-29
d 0 0 -4.1484198547762338e-28 0 0 -3.3495765161061955e-30 245.625 245.625 4.7396889828353704e-28 0 0 -5.5777336344681407e-29
d 0 0 -4.1482648025352572e-28 0 0 -3.3503737437204337e-30 246.25 246.25 4.739575783565839e-28 0 0 -5.5780728030978878e-29
d 0 0 -4.1481097561261592e-28 0 0 -3.351161530304408e-30 246.875 246.875 4.7394589610741022e-28 0 0 -5.5783759650018528e-29
d 0 0 -4.1479547330951079e-28 0 0 -3.3519495747958898e-30 247.5 247.5 4.7393387496272418e-28 0 0 -5.5786452916804169e-29
d 0 0 -4.1477997458868272e-28 0 0 -3.3527337054979049e-30 248.125 248.125 4.7392153942126254e-28 0 0 -5.5788831123017946e-29
d 0 0 -4.147722268671849e-28 0 0 -3.3530998552829981e-30 248.4375 248.4375 4.739152616716289e-28 0 0 -5.5789909714065492e-29
d 0 0 -4.1476448036520113e-28 0 0 -3.3566240298555362e-30 248.75 248.75 4.7390891511800793e-28 0 0 -5.5790918842885646e-29
d 0 0 -4.1474899133211416e-28 0 0 -3.3542947809437456e-30 249.375 249.375 4.7389602781538412e-28 0 0 -5.5792741702322556e-29
d 0 0 -4.1473350802753353e-28 0 0 -3.3550706915644189e-30 250 250 4.7388290498523953e-28 0 0 -5.5794326124909848e-29
d 0 0 -4.1471803087832989e-28 0 0 -3.3558437111754608e-30 250.625 250.625 4.738695737596232e-28 0 0 -5.5795699008510315e-29
d 0 0 -4.1470256022962418e-28 0 0 -3.3566138518387433e-30 251.25 251.25 4.738560614403112e-28 0 0 -5.579688732119652e-29
d 0 0 -4.1468709636531534e-28 0 0 -3.3573808741402083e-30 251.875 251.875 4.7384239486991668e-28 0 0 -5.5797917629162317e-29
d 0 0 -4.1467936705298791e-28 0 0 -3.357763216926934e-30 252.1875 252.1875 4.7383551188061953e-28 0 0 -5.5798381597106062e-29
d 0 0 -4.1467163952276406e-28 0 0 -3.3581465988270256e-30 252.5 252.5 4.7382859993132897e-28 0 0 -5.5798815581755884e-29
d 0 0 -4.146561899035548e-28 0 0 -3.3589057068207053e-30 253.125 253.125 4.7381470102847049e-28 0 0 -5.5799605382374572e-29
d 0 0 -4.1464074768155718e-28 0 0 -3.3596636350978862e-30 253.75 253.75 4.7380072057919642e-28 0 0 -5.5800309272672441e-29
d 0 0 -4.1463302939281384e-28 0 0 -3.3600436930087486e-30 254.0625 254.0625 4.7379370611976372e-28 0 0 -5.5800635296860278e-29
d 0 0 -4.1462531300908253e-28 0 0 -3.3604208513231687e-30 254.375 254.375 4.7378667854263943e-28 0 0 -5.5800947054962131e-29
d 0 0 -4.1460988602166273e-28 0 0 -3.3611457810808588e-30 255 255 4.737725920076628e-28 0 0 -5.5801535676090467e-29
d 0 0 -4.1448675989721085e-28 0 0 -3.367008215250954e-30 260 260 4.7365925667706691e-28 0 0 -5.5805419319950537e-29
d 0 0 -4.1436418310148896e-28 0 0 -3.3727981744814528e-30 265 265 4.7354379632231044e-28 0 0 -5.5806814317258308e-29
d 0 0 -4.1434890209314255e-28 0 0 -3.373501747315005e-30 265.625 265.625 4.735290827086618e-28 0 0 -5.5806679151185945e-29
d 0 0 -4.1434126514974726e-28 0 0 -3.373862956465427e-30 265.9375 265.9375 4.7352170103507043e-28 0 0 -5.5806584169912376e-29
d 0 0 -4.1433363060320398e-28 0 0 -3.3742126371557196e-30 266.25 266.25 4.7351430309871703e-28 0 0 -5.580647121313659e-29
d 0 0 -4.1431836877510613e-28 0 0 -3.3748989201044627e-30 266.875 266.875 4.7349945971619438e-28 0 0 -5.5806192566540459e-29
d 0 0 -4.1430311676857119e-28 0 0 -3.375598059193989e-30 267.5 267.5 4.7348455556365162e-28 0 0 -5.5805846033210622e-29
d 0 0 -4.1428787476378893e-28 0 0 -3.3763015349259157e-30 268.125 268.125 4.7346959422156607e-28 0 0 -5.5805434995342194e-29
d 0 0 -4.1427264296679246e-28 0 0 -3.3769734523285593e-30 268.75 268.75 4.7345457968184602e-28 0 0 -5.5804963221800488e-29
d 0 0 -4.1425742161647559e-28 0 0 -3.3776601767141512e-30 269.375 269.375 4.7343951621736493e-28 0 0 -5.5804434724688987e-29
d 0 0 -4.1424221099390212e-28 0 0 -3.3783535120278618e-30 270 270 4.7342440827207159e-28 0 0 -5.580385364773691e-29
d 0 0 -4.1422701143487087e-28 0 0 -3.3789971093744586e-30 270.625 270.625 4.7340926039293506e-28 0 0 -5.5803224184912595e-29
d 0 0 -4.1421182334720829e-28 0 0 -3.3797101128347477e-30 271.25 271.25 4.7339407719803562e-28 0 0 -5.5802550525735267e-29
d 0 0 -4.141966472350789e-28 0 0 -3.3803613483614689e-30 271.875 271.875 4.733788633631781e-28 0 0 -5.5801836822801461e-29
d 0 0 -4.1418148373398888e-28 0 0 -3.3810548846841785e-30 272.5 272.5 4.7336362364889437e-28 0 0 -5.5801087176801342e-29
d 0 0 -4.1416633366255808e-28 0 0 -3.3817375637266954e-30 273.125 273.125 4.733483629379269e-28 0 0 -5.5800305634537492e-29
d 0 0 -4.1415876398746412e-28 0 0 -3.3819423920930253e-30 273.4375 273.4375 4.7334072628599128e-28 0 0 -5.5799904153802654e-29
d 0 0 -4.1415119810146551e-28 0 0 -3.3822765851483657e-30 273.75 273.75 4.7333308632850254e-28 0 0 -5.5799496195973643e-29
d 0 0 -4.1413607851807894e-28 0 0 -3.3830578620333161e-30 274.375 274.375 4.7331779929593233e-28 0 0 -5.5798662826992784e-29
d 0 0 -4.1412097697114327e-28 0 0 -3.3826588837664504e-30 275 275 4.7330250779931783e-28 0 0 -5.5797809475245059e-29
d 0 0 -4.1410589646229874e-28 0 0 -3.3843860846246989e-30 275.625 275.625 4.7328721898868515e-28 0 0 -5.5796940087197803e-29
d 0 0 -4.1409084156989469e-28 0 0 -3.3850409815452389e-30 276.25 276.25 4.7327194127534881e-28 0 0 -5.5796058625332325e-29
d 0 0 -4.1407581964753821e-28 0 0 -3.3856978570297342e-30 276.875 276.875 4.732566861127005e-28 0 0 -5.5795169085548669e-29
d 0 0 -4.1406084315279892e-28 0 0 -3.3863514092952604e-30 277.5 277.5 4.7324147007628741e-28 0 0 -5.5794275516333444e-29
d 0 0 -4.1404593387396541e-28 0 0 -3.3870051221443483e-30 278.125 278.125 4.7322631918807215e-28 0 0 -5.5793382040478955e-29
d 0 0 -4.1403112733583135e-28 0 0 -3.3876540570865321e-30 278.75 278.75 4.7321127334623677e-28 0 0 -5.5792492855754802e-29
d 0 0 -4.1401646596371408e-28 0 0 -3.3883011474737472e-30 279.375 279.375 4.7319637935970811e-28 0 0 -5.5791612114456388e-29
d 0 0 -4.140020144244182e-28 0 0 -3.3889480859343149e-30 280 280 4.7318170636342988e-28 0 0 -5.5790743900971855e-29
d 0 0 -4.1391881387148895e-28 0 0 -3.4130979333762249e-30 285 285 4.7328341471929708e-28 0 0 -5.5951505439652599e-29
d 0 0 -4.1383767170902412e-28 0 0 -3.4183314049402423e-30 290 290 4.7320296764584205e-28 0 0 -5.5946964521196445e-29
d 0 0 -4.1375698024676525e-28 0 0 -3.4233908438193315e-30 295 295 4.7312388029383096e-28 0 0 -5.5943509203239892e-29
d 0 0 -4.1371875532018745e-28 0 0 -3.4258054325572374e-30 297.5 297.5 4.7308637830502642e-28 0 0 -5.5941817533889287e-29
d 0 0 -4.1368147378969058e-28 0 0 -3.4281639022203567e-30 300 300 4.7304958748331541e-28 0 0 -5.5939951181435301e-29
d 0 0 -4.1364134157911382e-28 0 0 -3.4305699628320396e-30 302.5 302.5 4.7300966484615453e-28 0 0 -5.5937753625061771e-29
d 0 0 -4.1360115065650147e-28 0 0 -3.4329476401025329e-30 305 305 4.7296935122813018e-28 0 0 -5.5935253157039791e-29
d 0 0 -4.1356097770740777e-28 0 0 -3.4352949375038587e-30 307.5 307.5 4.7292875798172828e-28 0 0 -5.5932485332020459e-29
d 0 0 -4.1352084490643981e-28 0 0 -3.4376127947499041e-30 310 310 4.7288796259247824e-28 0 0 -5.5929504863535312e-29
d 0 0 -4.1348076217584339e-28 0 0 -3.4399038612177303e-30 312.5 312.5 4.7284703205068432e-28 0 0 -5.5926367963160023e-29
d 0 0 -4.1344073516324962e-28 0 0 -3.4421631069584451e-30 315 315 4.7280602337456213e-28 0 0 -5.5923125110318035e-29
d 0 0 -4.1340076772165217e-28 0 0 -3.4443974127237927e-30 317.5 317.5 4.7276498512285248e-28 0 0 -5.5919820148076601e-29
d 0 0 -4.1336086294580528e-28 0 0 -3.4466053992990495e-30 320 320 4.7272395960128775e-28 0 0 -5.5916491478545587e-29
d 0 0 -4.1328125336387691e-28 0 0 -3.4509452286135756e-30 325 325 4.7264209346513736e-28 0 0 -5.5909894872641496e-29
d 0 0 -4.1320193780262156e-28 0 0 -3.4551880324725541e-30 330 330 4.7256068079654915e-28 0 0 -5.5903554961444557e-29
d 0 0 -4.1319204680496672e-28 0 0 -3.455565426400652e-30 330.625 330.625 4.7255054686883938e-28 0 0 -5.5902788379329091e-29
d 0 0 -4.1318216168505106e-28 0 0 -3.4562276482569817e-30 331.25 331.25 4.7254042378128844e-28 0 0 -5.5902028255354159e-29
d 0 0 -4.1317228276914907e-28 0 0 -3.4567222954674953e-30 331.875 331.875 4.7253031200851096e-28 0 0 -5.5901274741466948e-29
d 0 0 -4.1316241046978884e-28 0 0 -3.4571883536511192e-30 332.5 332.5 4.7252021208105836e-28 0 0 -5.5900527972090477e-29
d 0 0 -4.131525453214814e-28 0 0 -3.4577900306578173e-30 333.125 333.125 4.7251012463087267e-28 0 0 -5.589978806813769e-29
d 0 0 -4.1314268803800262e-28 0 0 -3.4582968798370522e-30 333.75 333.75 4.7250005044652556e-28 0 0 -5.5899055143852156e-29
d 0 0 -4.1313776264032939e-28 0 0 -3.4585621155569386e-30 334.0625 334.0625 4.7249501864361534e-28 0 0 -5.5898691335800137e-29
d 0 0 -4.1313283961022683e-28 0 0 -3.4588174757051747e-30 334.375 334.375 4.7248999058009648e-28 0 0 -5.5898329319125868e-29
d 0 0 -4.1312791914429311e-28 0 0 -3.459071751119819e-30 334.6875 334.6875 4.7248496645871962e-28 0 0 -5.5897969113599012e-29
d 0 0 -4.1312300148810881e-28 0 0 -3.4593248085417597e-30 335 335 4.7247994653121363e-28 0 0 -5.5897610743659562e-29
d 0 0 -4.1308385653847952e-28 0 0 -3.4613575032893306e-30 337.5 337.5 4.7244003604070031e-28 0 0 -5.5894821998860023e-29
d 0 0 -4.1307904838407933e-28 0 0 -3.4616039417740263e-30 337.8125 337.8125 4.7243514106653832e-28 0 0 -5.5894492322211931e-29
d 0 0 -4.1307430053425595e-28 0 0 -3.4618758254726115e-30 338.125 338.125 4.7243030997847077e-28 0 0 -5.5894173213005405e-29
d 0 0 -4.1306958159881397e-28 0 0 -3.4621600795348267e-30 338.4375 338.4375 4.7242550991887325e-28 0 0 -5.5893859180072854e-29
d 0 0 -4.1306486238313552e-28 0 0 -3.4624583185480298e-30 338.75 338.75 4.7242071036109906e-28 0 0 -5.589354516834695e-29
d 0 0 -4.1306010436940515e-28 0 0 -3.4625413767860861e-30 339.0625 339.0625 4.7241587111840993e-28 0 0 -5.5893224769713837e-29
d 0 0 -4.1305530954946124e-28 0 0 -3.4627855714781386e-30 339.375 339.375 4.7241099429193047e-28 0 0 -5.5892898317041889e-29
d 0 0 -4.1305050383036809e-28 0 0 -3.4630319004103721e-30 339.6875 339.6875 4.7240610686232658e-28 0 0 -5.5892569969015352e-29
d 0 0 -4.1304569933954915e-28 0 0 -3.4632789238357514e-30 340 340 4.7240122144510496e-28 0 0 -5.5892241649791652e-29
d 0 0 -4.1304090059137677e-28 0 0 -3.4635260686619604e-30 340.3125 340.3125 4.7239634273550438e-28 0 0 -5.5891914112430345e-29
d 0 0 -4.1303610927114049e-28 0 0 -3.4637730807777422e-30 340.625 340.625 4.7239147248784265e-28 0 0 -5.5891587682588116e-29
d 0 0 -4.1303132645047129e-28 0 0 -3.4640198278128167e-30 340.9375 340.9375 4.7238661180177728e-28 0 0 -5.5891262527313071e-29
d 0 0 -4.1302655388499294e-28 0 0 -3.4642662165358927e-30 341.25 341.25 4.7238176244943603e-28 0 0 -5.5890938767710635e-29
d 0 0 -4.1302179499867442e-28 0 0 -3.4645121494939208e-30 341.5625 341.5625 4.7237692787470482e-28 0 0 -5.5890616537815253e-29
d 0 0 -4.1301705653845396e-28 0 0 -3.4647574818220363e-30 341.875 341.875 4.7237211486293609e-28 0 0 -5.5890296045097067e-29
d 0 0 -4.1301235315243083e-28 0 0 -3.46500192642715e-30 342.1875 342.1875 4.7236733815318385e-28 0 0 -5.5889977705804656e-29
d 0 0 -4.1300772109718038e-28 0 0 -3.4652447879759333e-30 342.5 342.5 4.7236263424339133e-28 0 0 -5.5889662531966576e-29
d 0 0 -4.1300323899705708e-28 0 0 -3.4654845011472879e-30 342.8125 342.8125 4.723580823033607e-28 0 0 -5.5889352715852709e-29
d 0 0 -4.1299898093444766e-28 0 0 -3.4657196910433721e-30 343.125 343.125 4.7235375717769762e-28 0 0 -5.588905055595471e-29
d 0 0 -4.1299521786433045e-28 0 0 -3.4659448737672444e-30 343.4375 343.4375 4.7234994780180934e-28 0 0 -5.5888779125049672e-29
d 0 0 -4.1299154944439571e-28 0 0 -3.4661999145054627e-30 343.75 343.75 4.7234706071084216e-28 0 0 -5.5889305954766781e-29
d 0 0 -4.1298953566480322e-28 0 0 -3.47019581273148e-30 344.0625 344.0625 4.7244438079144543e-28 0 0 -5.5984649315735391e-29
d 0 0 -4.1298773639423658e-28 0 0 -3.4747583267004036e-30 344.375 344.375 4.7255697135921244e-28 0 0 -5.6094471303417931e-29
d 0 0 -4.1298458758021763e-28 0 0 -3.4750708940787346e-30 344.6875 344.6875 4.725560937574352e-28 0 0 -5.6096429988182404e-29
d 0 0 -4.1298141547767656e-28 0 0 -3.4753100373917631e-30 345 345 4.7255334490231631e-28 0 0 -5.6096614211180791e-29
d 0 0 -4.1297823731738636e-28 0 0 -3.4755314714777862e-30 345.3125 345.3125 4.7255015594602454e-28 0 0 -5.6096385086172602e-29
d 0 0 -4.1297505838281853e-28 0 0 -3.4757511444888755e-30 345.625 345.625 4.7254695805684061e-28 0 0 -5.6096148529920253e-29
d 0 0 -4.1297187887689033e-28 0 0 -3.475968493973631e-30 345.9375 345.9375 4.7254375628564506e-28 0 0 -5.6095909170833293e-29
d 0 0 -4.1296869892813612e-28 0 0 -3.4762080623979853e-30 346.25 346.25 4.7254055140795134e-28 0 0 -5.6095667630206004e-29
d 0 0 -4.1296551864490977e-28 0 0 -3.4764257312146874e-30 346.5625 346.5625 4.7253734402170065e-28 0 0 -5.6095424378311574e-29
d 0 0 -4.1296233812027265e-28 0 0 -3.4765789856313733e-30 346.875 346.875 4.725341346074666e-28 0 0 -5.6095179787386374e-29
d 0 0 -4.1295915743554294e-28 0 0 -3.4768318731557691e-30 347.1875 347.1875 4.7253092355781026e-28 0 0 -5.6094934156435772e-29
d 0 0 -4.1295597666307797e-28 0 0 -3.4770471230884633e-30 347.5 347.5 4.7252771119836602e-28 0 0 -5.6094687728803631e-29
d 0 0 -4.1295279586853731e-28 0 0 -3.4772618597599544e-30 347.8125 347.8125 4.7252449780317362e-28 0 0 -5.6094440704922626e-29
d 0 0 -4.1294961511281106e-28 0 0 -3.477468174875847e-30 348.125 348.125 4.7252128360651956e-28 0 0 -5.6094193251749027e-29
d 0 0 -4.1294643445375888e-28 0 0 -3.4776815978699052e-30 348.4375 348.4375 4.7251806881201822e-28 0 0 -5.6093945509875143e-29
d 0 0 -4.129432539478936e-28 0 0 -3.4778946729500796e-30 348.75 348.75 4.7251485359966843e-28 0 0 -5.6093697598992837e-29
d 0 0 -4.1294007365214543e-28 0 0 -3.478107406118687e-30 349.0625 349.0625 4.725116381320807e-28 0 0 -5.6093449622178295e-29
d 0 0 -4.1293689362587497e-28 0 0 -3.4783197997212931e-30 349.375 349.375 4.7250842255983943e-28 0 0 -5.6093201669338736e-29
d 0 0 -4.1293371393335938e-28 0 0 -3.4785318539845704e-30 349.6875 349.6875 4.7250520702669838e-28 0 0 -5.6092953820081545e-29
d 0 0 -4.1293053464709846e-28 0 0 -3.478743566966884e-30 350 350 4.7250199167510095e-28 0 0 -5.6092706146225276e-29
d 0 0 -4.1290513536218401e-28 0 0 -3.4804099534905853e-30 352.5 352.5 4.7247630249870411e-28 0 0 -5.609073967113796e-29
d 0 0 -4.1290197417390763e-28 0 0 -3.480630138316206e-30 352.8125 352.8125 4.7247310586399548e-28 0 0 -5.6090497806787666e-29
d 0 0 -4.1289882683254594e-28 0 0 -3.4808351682300615e-30 353.125 353.125 4.724699238318899e-28 0 0 -5.6090258767003186e-29
d 0 0 -4.1289570737536876e-28 0 0 -3.48103636277355e-30 353.4375 353.4375 4.7246677109494995e-28 0 0 -5.6090025004164441e-29
d 0 0 -4.128926121632038e-28 0 0 -3.4812341015517546e-30 353.75 353.75 4.7246364385766163e-28 0 0 -5.6089795901660981e-29
d 0 0 -4.1288952011748353e-28 0 0 -3.481431056258629e-30 354.0625 354.0625 4.7246052009470484e-28 0 0 -5.6089567812122348e-29
d 0 0 -4.1288641181978563e-28 0 0 -3.4816296993096445e-30 354.375 354.375 4.7245737952239883e-28 0 0 -5.6089337366930226e-29
d 0 0 -4.1288327326379224e-28 0 0 -3.481831827602852e-30 354.6875 354.6875 4.7245420752204358e-28 0 0 -5.60891021370199e-29
d 0 0 -4.1288011705767628e-28 0 0 -3.4820358076611277e-30 355 355 4.7245101729992281e-28 0 0 -5.6088864336296503e-29
d 0 0 -4.1285475818545253e-28 0 0 -3.4836701294119505e-30 357.5 357.5 4.7242539138082681e-28 0 0 -5.6086962539580713e-29
d 0 0 -4.1284207762961924e-28 0 0 -3.484479305216807e-30 358.75 358.75 4.7241258584520199e-28 0 0 -5.6086026319447321e-29
d 0 0 -4.1282945288541425e-28 0 0 -3.4852803015668544e-30 360 360 4.7239984597482318e-28 0 0 -5.6085112173554055e-29
d 0 0 -4.1280419930944482e-28 0 0 -3.4868692420119634e-30 362.5 362.5 4.723743837858951e-28 0 0 -5.6083315234463792e-29
d 0 0 -4.1277885888416732e-28 0 0 -3.4884564436220239e-30 365 365 4.7234887916359587e-28 0 0 -5.6081563835695991e-29
d 0 0 -4.1275352965472008e-28 0 0 -3.4900292189757707e-30 367.5 367.5 4.7232344206810457e-28 0 0 -5.607988319421105e-29
d 0 0 -4.1275036506774921e-28 0 0 -3.4902272409174655e-30 367.8125 367.8125 4.7232026853792108e-28 0 0 -5.6079678734473868e-29
d 0 0 -4.12747200860546e-28 0 0 -3.4904200134453449e-30 368.125 368.125 4.7231709648146788e-28 0 0 -5.6079475607972358e-29
d 0 0 -4.1274087361496449e-28 0 0 -3.4908098512959181e-30 368.75 368.75 4.7231075692464396e-28 0 0 -5.6079073457956757e-29
d 0 0 -4.1273771059053781e-28 0 0 -3.4910044147733818e-30 369.0625 369.0625 4.7230758949143358e-28 0 0 -5.6078874486493247e-29
d 0 0 -4.1273454797394127e-28 0 0 -3.4911987404449765e-30 369.375 369.375 4.7230442366638516e-28 0 0 -5.6078676952336584e-29
d 0 0 -4.1272822399016546e-28 0 0 -3.4915866783438882e-30 370 370 4.7229809697489965e-28 0 0 -5.6078286301501682e-29
d 0 0 -4.1267769827725654e-28 0 0 -3.4946568959456194e-30 375 375 4.7224775244607135e-28 0 0 -5.6075397272759259e-29
d 0 0 -4.1262732131993818e-28 0 0 -3.4976703768558072e-30 380 380 4.7219799156990121e-28 0 0 -5.6072999873148863e-29
d 0 0 -4.1257729505175664e-28 0 0 -3.5006291293250655e-30 385 385 4.7214909383484203e-28 0 0 -5.6071169728040497e-29
d 0 0 -4.1252839573706764e-28 0 0 -3.5035162459036193e-30 390 390 4.7210183720026681e-28 0 0 -5.6069925217290725e-29
d 0 0 -4.1249658274735057e-28 0 0 -3.5086941948048599e-30 395 395 4.7231904488023345e-28 0 0 -5.6313767938029943e-29
d 0 0 -4.1248106414784516e-28 0 0 -3.5097706538226013e-30 397.5 397.5 4.7230448832148601e-28 0 0 -5.6313653519782468e-29
d 0 0 -4.1246555393172347e-28 0 0 -3.5108372611550054e-30 400 400 4.7229004031872523e-28 0 0 -5.6313649125811532e-29
d 0 0 -4.1243456365323145e-28 0 0 -3.5129416250017948e-30 405 405 4.722619299695172e-28 0 0 -5.6314423869907444e-29
d 0 0 -4.1241908688454308e-28 0 0 -3.5139814793833207e-30 407.5 407.5 4.7224867555378577e-28 0 0 -5.6315607189827589e-29
d 0 0 -4.1240362612314921e-28 0 0 -3.5150117173361474e-30 410 410 4.7223646707425595e-28 0 0 -5.6317829233752685e-29
d 0 0 -4.1237278940866716e-28 0 0 -3.5170451509432626e-30 415 415 4.7221830537062128e-28 0 0 -5.6328470809414734e-29
d 0 0 -4.1234244791641646e-28 0 0 -3.5190231554063945e-30 420 420 4.7221694873478231e-28 0 0 -5.6355477690890232e-29
d 0 0 -4.1231663591888941e-28 0 0 -3.5215470901113358e-30 425 425 4.7250390738517224e-28 0 0 -5.6665724376090717e-29
d 0 0 -4.1230708805178504e-28 0 0 -3.5222190987055971e-30 427.5 427.5 4.7252312452795553e-28 0 0 -5.669381733211252e-29
d 0 0 -4.1229754757245406e-28 0 0 -3.5228860079387137e-30 430 430 4.7253926127860015e-28 0 0 -5.6718827663253136e-29
d 0 0 -4.1228801873177774e-28 0 0 -3.5235479422634481e-30 432.5 432.5 4.7254986779930421e-28 0 0 -5.6738301107861877e-29
d 0 0 -4.1227851231117364e-28 0 0 -3.5242044474140891e-30 435 435 4.7255461248537967e-28 0 0 -5.6751895718960949e-29
d 0 0 -4.1225981587708275e-28 0 0 -3.5254858857587695e-30 440 440 4.7255137619049681e-28 0 0 -5.6766074457941388e-29
d 0 0 -4.1224350603559755e-28 0 0 -3.5267735744561115e-30 445 445 4.7280320948406648e-28 0 0 -5.7032929868734392e-29
d 0 0 -4.1223179124970263e-28 0 0 -3.5275979722259354e-30 450 450 4.7279472682286642e-28 0 0 -5.7035337599277317e-29
d 0 0 -4.1222030023330516e-28 0 0 -3.5284002657576426e-30 455 455 4.7278509933611266e-28 0 0 -5.7036398320431797e-29
d 0 0 -4.1221248432351272e-28 0 0 -3.5289784589788594e-30 460 460 4.7304081111844089e-28 0 0 -5.7299347501049801e-29
d 0 0 -4.1220894187938698e-28 0 0 -3.5292279216888779e-30 462.5 462.5 4.7303790831081102e-28 0 0 -5.7299737801582452e-29
d 0 0 -4.1220640203881889e-28 0 0 -3.5294130219922331e-30 465 465 4.7327951846533379e-28 0 0 -5.7543703336363167e-29
d 0 0 -4.122025040638411e-28 0 0 -3.5296899263637629e-30 470 470 4.7343886685804025e-28 0 0 -5.7706672867751079e-29
d 0 0 -4.1219865032054808e-28 0 0 -3.5298105010269622e-30 475 475 4.7343614426508214e-28 0 0 -5.7707532669093996e-29
d 0 0 -4.1219479713961915e-28 0 0 -3.5302305451651463e-30 480 480 4.7343316992583117e-28 0 0 -5.7708140708157457e-29
d 0 0 -4.1219094449856079e-28 0 0 -3.5305020854170603e-30 485 485 4.7343005091595195e-28 0 0 -5.7708604095049207e-29
d 0 0 -4.1218709238925048e-28 0 0 -3.5307717627581841e-30 490 490 4.7342678995365349e-28 0 0 -5.7708925565396416e-29
d 0 0 -4.1218324080082393e-28 0 0 -3.5310407869605831e-30 495 495 4.7342344086106932e-28 0 0 -5.7709158957154199e-29
d 0 0 -4.1217938972643779e-28 0 0 -3.531309264019049e-30 500 500 4.7342003736865217e-28 0 0 -5.7709338010402541e-29
d 0 0 -4.1217553916222715e-28 0 0 -3.5315771787606739e-30 505 505 4.7341659867844539e-28 0 0 -5.7709481932170914e-29
d 0 0 -4.1217168910630114e-28 0 0 -3.5318445255130533e-30 510 510 4.7341313586897636e-28 0 0 -5.7709601802667816e-29
d 0 0 -4.1216783955810902e-28 0 0 -3.5321113030975405e-30 515 515 4.7340965557660105e-28 0 0 -5.7709704257526428e-29
d 0 0 -4.1216399051804413e-28 0 0 -3.532377514456617e-30 520 520 4.7340616197544125e-28 0 0 -5.7709793468355653e-29
d 0 0 -4.1216014198718223e-28 0 0 -3.5326425830298964e-30 525 525 4.7340265788708311e-28 0 0 -5.7709872252878944e-29
d 0 0 -4.1215629396710371e-28 0 0 -3.5329076144624299e-30 530 530 4.7339914543401759e-28 0 0 -5.7709942728684517e-29
d 0 0 -4.1215244645976975e-28 0 0 -3.5331720234169889e-30 535 535 4.7339562638536055e-28 0 0 -5.7710006659183075e-29
d 0 0 -4.1214859946743957e-28 0 0 -3.5334360207018579e-30 540 540 4.7339210226099025e-28 0 0 -5.7710065557921898e-29
d 0 0 -4.1214475299261524e-28 0 0 -3.5336995182237169e-30 545 545 4.7338857430132847e-28 0 0 -5.7710120658500379e-29
d 0 0 -4.121409070379963e-28 0 0 -3.5339624951355733e-30 550 550 4.7338504343773243e-28 0 0 -5.7710172885072771e-29
d 0 0 -4.1213706160643774e-28 0 0 -3.534224932963275e-30 555 555 4.7338151032884416e-28 0 0 -5.7710222888789892e-29
d 0 0 -4.1213321670091164e-28 0 0 -3.534486569692644e-30 560 560 4.733779754413912e-28 0 0 -5.7710271128676807e-29
d 0 0 -4.1212937232447476e-28 0 0 -3.5347479261985864e-30 565 565 4.7337443913293343e-28 0 0 -5.7710317954441976e-29
d 0 0 -4.1212552848024234e-28 0 0 -3.5350087428112209e-30 570 570 4.7337090171774602e-28 0 0 -5.7710363672410699e-29
d 0 0 -4.121216851713671e-28 0 0 -3.535269009648574e-30 575 575 4.7336736351801307e-28 0 0 -5.7710408596759206e-29
d 0 0 -4.1211784240102149e-28 0 0 -3.5355286616302488e-30 580 580 4.7336382490828037e-28 0 0 -5.7710453094000942e-29
d 0 0 -4.1211400017238306e-28 0 0 -3.535787868002778e-30 585 585 4.7336028635967728e-28 0 0 -5.7710497627236386e-29
d 0 0 -4.1211015848862033e-28 0 0 -3.5360465502613004e-30 590 590 4.7335674848872187e-28 0 0 -5.7710542804981368e-29
d 0 0 -4.121063173528801e-28 0 0 -3.5363047151793718e-30 595 595 4.7335321211552977e-28 0 0 -5.7710589439397584e-29
d 0 0 -4.1210247676827471e-28 0 0 -3.5365623433187902e-30 600 600 4.7334967833789738e-28 0 0 -5.7710638620390135e-29
d 0 0 -4.1209863673786525e-28 0 0 -3.5368194939910853e-30 605 605 4.7334614862952606e-28 0 0 -5.7710691813858871e-29
d 0 0 -4.1209479726464076e-28 0 0 -3.5370761483611298e-30 610 610 4.733426249750197e-28 0 0 -5.7710750996724275e-29
d 0 0 -4.1209095835150042e-28 0 0 -3.5373323127327378e-30 615 615 4.733391100594875e-28 0 0 -5.7710818846536469e-29
d 0 0 -4.1208712000122109e-28 0 0 -3.5375879927172436e-30 620 620 4.7333560753353553e-28 0 0 -5.7710899006503516e-29
d 0 0 -4.1208328221641677e-28 0 0 -3.5378431932967096e-30 625 625 4.7333212238417976e-28 0 0 -5.7710996456440285e-29
d 0 0 -4.1207944499948405e-28 0 0 -3.5380979189261928e-30 630 630 4.7332866144809386e-28 0 0 -5.7711118026062841e-29
d 0 0 -4.1207560835252942e-28 0 0 -3.5383521371211111e-30 635 635 4.7332523410940479e-28 0 0 -5.7711273092844712e-29
d 0 0 -4.1207177227727344e-28 0 0 -3.5386059162114288e-30 640 640 4.733218532224195e-28 0 0 -5.7711474504822261e-29
d 0 0 -4.1206793677493078e-28 0 0 -3.5388592304837725e-30 645 645 4.7331853627814371e-28 0 0 -5.7711739747211062e-29
d 0 0 -4.1206410184606985e-28 0 0 -3.5391120835382369e-30 650 650 4.7331530676884388e-28 0 0 -5.7712092307081909e-29
d 0 0 -4.1206026749047255e-28 0 0 -3.5393644790906095e-30 655 655 4.7331219555997035e-28 0 0 -5.7712563045397257e-29
d 0 0 -4.1205643370704079e-28 0 0 -3.5396159858840599e-30 660 660 4.7330924181091651e-28 0 0 -5.7713191117844155e-29
d 0 0 -4.1205260049384011e-28 0 0 -3.5398673698812453e-30 665 665 4.7330649258959102e-28 0 0 -5.7714023589367202e-29
d 0 0 -4.1204876784840719e-28 0 0 -3.5401182808211138e-30 670 670 4.7330399993538592e-28 0 0 -5.7715112496878131e-29
d 0 0 -4.1204493576844864e-28 0 0 -3.5403687223138909e-30 675 675 4.733018141542935e-28 0 0 -5.7716508143791067e-29
d 0 0 -4.1204110425294342e-28 0 0 -3.5406186917275402e-30 680 680 4.7329997322636528e-28 0 0 -5.7718248506565449e-29
d 0 0 -4.1203727330340854e-28 0 0 -3.5408681878413429e-30 685 685 4.7329849062526556e-28 0 0 -5.7720347053208246e-29
d 0 0 -4.1203344292482784e-28 0 0 -3.5411172089181506e-30 690 690 4.7329734638234834e-28 0 0 -5.7722783806576799e-29
d 0 0 -4.1202961312573244e-28 0 0 -3.5413657428677964e-30 695 695 4.7329648632447479e-28 0 0 -5.7725504582122059e-29
d 0 0 -4.1202578391728753e-28 0 0 -3.5416138060096143e-30 700 700 4.7329583090996241e-28 0 0 -5.772842982458415e-29
d 0 0 -4.1202195531171136e-28 0 0 -3.5418613888630215e-30 705 705 4.7329529051542346e-28 0 0 -5.773146989612771e-29
d 0 0 -4.1201812732054873e-28 0 0 -3.5421084917339761e-30 710 710 4.732947821493699e-28 0 0 -5.7734541791363279e-29
d 0 0 -4.1201429995318122e-28 0 0 -3.5423551166803781e-30 715 715 4.7329424391385359e-28 0 0 -5.7737583600208538e-29
d 0 0 -4.1201047321576494e-28 0 0 -3.5426012677109452e-30 720 720 4.7329364535484091e-28 0 0 -5.7740564859128862e-29
d 0 0 -4.1200664711073803e-28 0 0 -3.5428469507612153e-30 725 725 4.7329299232426806e-28 0 0 -5.7743491413587076e-29
d 0 0 -4.1200282163699352e-28 0 0 -3.543092173434812e-30 730 730 4.7329232544185164e-28 0 0 -5.7746403879698311e-29
d 0 0 -4.1199899679061728e-28 0 0 -3.5433369445633052e-30 735 735 4.7329171308603786e-28 0 0 -5.7749370634554875e-29
d 0 0 -4.119951725658974e-28 0 0 -3.5435812736507972e-30 740 740 4.7329124177914293e-28 0 0 -5.7752478200516822e-29
d 0 0 -4.1199134895628692e-28 0 0 -3.543825170363253e-30 745 745 4.7329100700827903e-28 0 0 -5.7755822065325044e-29
d 0 0 -4.1198752595515539e-28 0 0 -3.5440686441207149e-30 750 750 4.7329110609832514e-28 0 0 -5.7759499554432657e-29
d 0 0 -4.1198370355632427e-28 0 0 -3.5443116939493689e-30 755 755 4.7329163317809764e-28 0 0 -5.7763604796713419e-29
d 0 0 -4.1197988175445741e-28 0 0 -3.5445543462070246e-30 760 760 4.7329267554320424e-28 0 0 -5.7768225086971064e-29
d 0 0 -4.1197606054536366e-28 0 0 -3.5447966007224258e-30 765 765 4.7329431088879629e-28 0 0 -5.777343811841839e-29
d 0 0 -4.1197223992619468e-28 0 0 -3.5450384582069684e-30 770 770 4.7329660555505074e-28 0 0 -5.7779310227971208e-29
d 0 0 -4.1196841989545734e-28 0 0 -3.5452799326792673e-30 775 775 4.7329961457947421e-28 0 0 -5.7785896448515284e-29
d 0 0 -4.1196460045274331e-28 0 0 -3.5455210238840536e-30 780 780 4.7330338449909069e-28 0 0 -5.7793243311288957e-29
d 0 0 -4.1196078159814344e-28 0 0 -3.5457617353752578e-30 785 785 4.7330795922409211e-28 0 0 -5.7801394719986276e-29
d 0 0 -4.1195696333143719e-28 0 0 -3.5460020701528483e-30 790 790 4.7331338811808933e-28 0 0 -5.7810400031644313e-29
d 0 0 -4.1195314565125583e-28 0 0 -3.5462419886657315e-30 795 795 4.7331973436885665e-28 0 0 -5.7820322428041523e-29
d 0 0 -4.1194932855443713e-28 0 0 -3.5464815750180721e-30 800 800 4.733270815507853e-28 0 0 -5.7831245478644269e-29
d 0 0 -4.1194551203570091e-28 0 0 -3.546720793438995e-30 805 805 4.7333553711333863e-28 0 0 -5.7843276629284717e-29
d 0 0 -4.1194169608764453e-28 0 0 -3.5469596473317336e-30 810 810 4.7334523281598323e-28 0 0 -5.7856547637046982e-29
d 0 0 -4.1193788070095389e-28 0 0 -3.5471981403944063e-30 815 815 4.7335632311053484e-28 0 0 -5.787121295238444e-29
d 0 0 -4.1193406586469677e-28 0 0 -3.5474362766175532e-30 820 820 4.733689827704082e-28 0 0 -5.788744734806761e-29
d 0 0 -4.1193025156659683e-28 0 0 -3.5476740602405482e-30 825 825 4.7338340480600884e-28 0 0 -5.7905443834267326e-29
d 0 0 -4.1192643779320833e-28 0 0 -3.5479114921368651e-30 830 830 4.7339979922959779e-28 0 0 -5.7925412423242319e-29
d 0 0 -4.1192262453001353e-28 0 0 -3.548148652890821e-30 835 835 4.7341839282497277e-28 0 0 -5.7947579898836613e-29
d 0 0 -4.1191881176143208e-28 0 0 -3.5483854113263784e-30 840 840 4.7343942983253371e-28 0 0 -5.7972190501432582e-29
d 0 0 -4.1191499947075761e-28 0 0 -3.5486218364437119e-30 845 845 4.734631733741676e-28 0 0 -5.7999507352794869e-29
d 0 0 -4.1191118764005109e-28 0 0 -3.5488579334309014e-30 850 850 4.734899074514836e-28 0 0 -5.8029814454274948e-29
d 0 0 -4.1190737625000196e-28 0 0 -3.5490937080960697e-30 855 855 4.7351993939917915e-28 0 0 -5.806341914015748e-29
d 0 0 -4.1190356527976731e-28 0 0 -3.5493291641143575e-30 860 860 4.7355360273271813e-28 0 0 -5.8100654925317261e-29
d 0 0 -4.1189975470679231e-28 0 0 -3.5495643069714384e-30 865 865 4.7359126038030541e-28 0 0 -5.8141884737162834e-29
d 0 0 -4.1189594450661408e-28 0 0 -3.5497991320156825e-30 870 870 4.736333083303105e-28 0 0 -5.8187504563015752e-29
d 0 0 -4.1189213465264796e-28 0 0 -3.5500336272136579e-30 875 875 4.7368017975890907e-28 0 0 -5.8237947577687426e-29
d 0 0 -4.1188832511595196e-28 0 0 -3.5502678454484965e-30 880 880 4.7373234973279267e-28 0 0 -5.8293688846099587e-29
d 0 0 -4.1188451586496614e-28 0 0 -3.550501760820045e-30 885 885 4.7379034061293407e-28 0 0 -5.8355250726931038e-29
d 0 0 -4.1188070686521982e-28 0 0 -3.5507353721542072e-30 890 890 4.7385472832248786e-28 0 0 -5.8423209140362705e-29
d 0 0 -4.1187689807899928e-28 0 0 -3.5509686751395577e-30 895 895 4.7392614969046021e-28 0 0 -5.8498200911547606e-29
d 0 0 -4.118730894649641e-28 0 0 -3.5512892007755472e-30 900 900 4.7400531114942107e-28 0 0 -5.8580932468071335e-29
d 0 0 -4.1186928097769707e-28 0 0 -3.5515279016406739e-30 905 905 4.7409299915848854e-28 0 0 -5.8672190262606328e-29
d 0 0 -4.1186547256716496e-28 0 0 -3.5517668460659631e-30 910 910 4.7419009285220639e-28 0 0 -5.8772853421404679e-29
d 0 0 -4.1186166417806182e-28 0 0 -3.5520061000216592e-30 915 915 4.7429757959457803e-28 0 0 -5.8883909297824032e-29
d 0 0 -4.1185785574899033e-28 0 0 -3.5522457384930289e-30 920 920 4.7441657436091099e-28 0 0 -5.9006472853556021e-29
d 0 0 -4.1185404721142874e-28 0 0 -3.5524858473424958e-30 925 925 4.7454834419980254e-28 0 0 -5.9141811119841597e-29
d 0 0 -4.1185023848840528e-28 0 0 -3.5527265255867554e-30 930 930 4.7469433947515704e-28 0 0 -5.9291374438519699e-29
d 0 0 -4.1184642949278689e-28 0 0 -3.5529678883445735e-30 935 935 4.7485623420650027e-28 0 0 -5.9456836801106214e-29
d 0 0 -4.1184262012505071e-28 0 0 -3.553210070671184e-30 940 940 4.7503597870713454e-28 0 0 -5.9640148485341001e-29
d 0 0 -4.1183881027036838e-28 0 0 -3.5534532326191238e-30 945 945 4.7523586902412017e-28 0 0 -5.9843605493025612e-29
d 0 0 -4.1183499979475999e-28 0 0 -3.5536975659932923e-30 950 950 4.7545863968452157e-28 0 0 -6.0069942293344894e-29
d 0 0 -4.1183118853996822e-28 0 0 -3.553943303578547e-30 955 955 4.7570758940618853e-28 0 0 -6.0322457529564816e-29
d 0 0 -4.1182737631652442e-28 0 0 -3.5541907319014911e-30 960 960 4.7598675450853579e-28 0 0 -6.0605187423990908e-29
d 0 0 -4.1182356289418867e-28 0 0 -3.5544402092240103e-30 965 965 4.7630115308947039e-28 0 0 -6.0923149946424114e-29
d 0 0 -4.1181974798847432e-28 0 0 -3.5546921916609335e-30 970 970 4.7665713700799949e-28 0 0 -6.1282696784167178e-29
d 0 0 -4.1181593124117363e-28 0 0 -3.5549472718785926e-30 975 975 4.7706291280993028e-28 0 0 -6.1692034248513648e-29
d 0 0 -4.1181211219144413e-28 0 0 -3.555206238208608e-30 980 980 4.7752933574494571e-28 0 0 -6.2162017261674474e-29
d 0 0 -4.1180829023159601e-28 0 0 -3.5554701679205523e-30 985 985 4.78071161019636e-28 0 0 -6.2707400560856159e-29
d 0 0 -4.1180446453722631e-28 0 0 -3.5557405804460518e-30 990 990 4.7870909266694604e-28 0 0 -6.3348887484948727e-29
d 0 0 -4.118006339525465e-28 0 0 -3.5560196981727582e-30 995 995 4.7947329392697868e-28 0 0 -6.4116640208541002e-29
d 0 0 -4.1179679679338468e-28 0 0 -3.5563109221106417e-30 1000 1000 4.8040974250159716e-28 0 0 -6.5056634720621857e-29
d 0 0 -4.1179295048881663e-28 0 0 -3.5566197490915909e-30 1005 1005 4.8159256312970308e-28 0 0 -6.6242992842683343e-29
d 0 0 -4.117890908782204e-28 0 0 -3.5569557117282674e-30 1010 1010 4.8315023455649176e-28 0 0 -6.7804187964661901e-29
d 0 0 -4.1178521068133219e-28 0 0 -3.5573369889057265e-30 1015 1015 4.85328643907503e-28 0 0 -6.9986096333934547e-29
d 0 0 -4.1178129563287185e-28 0 0 -3.5578031749274629e-30 1020 1020 4.8867253302545612e-28 0 0 -7.333343421769957e-29
d 0 0 -4.1177731249639828e-28 0 0 -3.5584638198099082e-30 1025 1025 4.9471255811775649e-28 0 0 -7.9376781801562259e-29
d 0 0 -4.1177316939257796e-28 0 0 -3.5597675313839176e-30 1030 1030 5.1004698805136015e-28 0 0 -9.471405112861765e-29
d 0 0 -4.1176983680823065e-28 0 0 -3.5676632590251909e-30 1035 1035 6.2834824096654548e-28 0 0 -2.1301074090560256e-28
d 0 0 -4.1179546151819647e-28 0 0 -3.6159101571734708e-30 1036.25 1036.25 1.4339001171420311e-27 0 0 -1.0184887454666611e-27
d 0 0 -4.1190551161946752e-28 0 0 -3.7700011369463756e-30 1036.40625 1036.40625 4.0755657006811298e-27 0 0 -3.6598901879665566e-27
d 0 0 -4.1336775660018128e-28 0 0 -5.6814031977073054e-30 1036.484375 1036.484375 3.6971413140274107e-26 0 0 -3.6552363980476368e-26
d 0 0 -4.4574152185418245e-28 0 0 -4.7211557833147284e-29 1036.5625 1036.5625 7.4611854969923716e-25 0 0 -7.4562559661954984e-25
d 0 0 -1.5000312486497819e-26 0 0 -1.8387282284767723e-26 1036.71875 1036.71875 3.0926991446459384e-22 0 0 -3.0923652686982245e-22
d 0 0 -1.0269236499196951e-23 0 0 -1.2875187184886987e-23 1036.875 1036.875 2.1505994910538821e-19 0 0 -2.1503680468170412e-19
d 0 0 -5.0744172061721436e-23 0 0 -6.3547397995587632e-23 1036.9140625 1036.9140625 1.0596523017410948e-18 0 0 -1.0595380101710375e-18
d 0 0 -8.3705935067622319e-23 0 0 -1.0478697996775282e-22 1036.923828125 1036.923828125 1.7463921462248592e-18 0 0 -1.7462036533098239e-18
d 0 0 -9.0593523494765531e-23 0 0 -1.134025486130404e-22 1036.925048828125 1036.925048828125 1.8898219181785625e-18 0 0 -1.8896179221064544e-18
d 0 0 -9.4525594769923247e-23 0 0 -1.1832088957313369e-22 1036.9256591796875 1036.9256591796875 1.9716960481414941e-18 0 0 -1.9714832016571512e-18
Q 2 13 "Source Voltage"
Q 3 13 "Gate Voltage"
Q 4 13 "Drain Voltage"
Q 5 13 "Substrate Voltage"
Q 20 13 "Source Current"
Q 21 13 "Gate Current"
Q 22 13 "Drain Current"
Q 23 13 "Substrate Current"
Q 92 21 Contact
Q 601 13 "Source Int. Voltage"
Q 602 13 "Gate Int. Voltage"
Q 603 13 "Drain Int. Voltage"
Q 604 13 "Substrate Int. Voltage"
EOF 2121283264
