v VICTORYDEVICE
# silvaco.file ASCII version=1.14.29 format=1 contents=SDB,Tables=1

Copyright "###################################################################"
Copyright "#                    Copyright Silvaco Inc. (c)                   #"
Copyright "#                            1992-2014                            #"
Copyright "#                                                                 #"
Copyright "# This file format and the following Key are copyright Silvaco    #"
Copyright "# International. You may not use, this format or key without      #"
Copyright "# reproducing this message in full and obtaining                  #"
Copyright "# express written permission from Silvaco Inc.                    #"
Copyright "#                                                                 #"
Copyright "# To obtain such permission please contact: Silvaco Inc.          #"
Copyright "#                                           support@silvaco.com   #"
Copyright "#                                                                 #"
Copyright "# KEY=SVC86hn7562asdx                       PROD=345              #"
Copyright "###################################################################"
#This file was created by VICTORYDEVICE version 1.24.0.R
#victoryd 1.24.0.R (Wed Jun 26 14:38:19 PDT 2024)
#libSDB 1.12.65 (Thu Dec  7 08:14:05 PST 2023)
a VICTORYDEVICE
j 1 9
k 4
r 1 92
x 3 43 42 46
w source 1 1
r 2 92
x 3 43 42 46
w gate 1 2
r 3 92
x 3 43 42 46
w drain 1 3
r 4 92
x 3 43 42 46
w substrate 1 4
y 1 15
z 300
f 4 source gate drain substrate
p 12 2 601 20 3 602 21 4 603 22 5 604 23
d 0 0 -1.3163896526078979e-28 0 0 -3.4144740282938281e-37 0.01 0.01 1.3163896560482628e-28 0 0 -1.4146845174460007e-43
d 0 0 -6.3072311493730801e-28 0 0 -4.062934223424141e-36 0.1 0.1 6.3072311900031116e-28 0 0 -1.4402073366396904e-41
d 0 0 -5.6782052698512112e-28 0 0 -1.0674194331098032e-35 0.3 0.3 5.6782053769464504e-28 0 0 -3.4714061755577114e-38
d 0 0 -5.3648349907925312e-28 0 0 -1.764357797341109e-35 0.5 0.5 5.3648358447602184e-28 0 0 -6.7753191792761339e-35
d 0 0 -5.2935380764621086e-28 0 0 -2.4629701218448979e-35 0.75 0.75 5.2935718110939213e-28 0 0 -3.348851020094571e-33
d 0 0 -5.2294230876188556e-28 0 0 -1.5405081241719239e-34 1 1 5.2307223991275898e-28 0 0 -1.2977710003521675e-31
d 0 0 -5.2136048517483385e-28 0 0 -1.1068594515322838e-33 1.0625 1.0625 5.2165695450203999e-28 0 0 -2.95362481409588e-31
d 0 0 -5.1986289387927909e-28 0 0 -8.5182647368446056e-33 1.125 1.125 5.2041557437285363e-28 0 0 -5.4416222890445909e-31
d 0 0 -5.1664541806076341e-28 0 0 -1.1035543249493581e-31 1.25 1.25 5.1780726958950807e-28 0 0 -1.0515521353281249e-30
d 0 0 -5.1109421346744467e-28 0 0 -2.9230212153928788e-31 1.5 1.5 5.1808930312083447e-28 0 0 -6.7027915989841012e-30
d 0 0 -5.0456505458042802e-28 0 0 -4.1361359274626762e-31 1.75 1.75 5.1793438974400734e-28 0 0 -1.295550514418562e-29
d 0 0 -4.9790148744232515e-28 0 0 -5.0859052150675347e-31 2 2 5.1232468054175858e-28 0 0 -1.3914401979138415e-29
d 0 0 -4.9111065486245368e-28 0 0 -6.1110531068631922e-31 2.25 2.25 5.0635022059325961e-28 0 0 -1.4628283236860674e-29
d 0 0 -4.8435977607705688e-28 0 0 -7.1481843291183624e-31 2.5 2.5 5.0058235299988083e-28 0 0 -1.5507601522955291e-29
d 0 0 -4.7777558815715927e-28 0 0 -8.3075934511952164e-31 2.75 2.75 4.9553792288826886e-28 0 0 -1.6931430262789995e-29
d 0 0 -4.7150580377593704e-28 0 0 -9.2778865902443717e-31 3 3 4.9182924579886427e-28 0 0 -1.9395659209169425e-29
d 0 0 -4.6558067526206333e-28 0 0 -1.0100510905949769e-30 3.25 3.25 4.9122268391270617e-28 0 0 -2.4631963058962451e-29
d 0 0 -4.6010965589643177e-28 0 0 -1.0871857172618544e-30 3.5 3.5 4.9144622414782658e-28 0 0 -3.024922666759706e-29
d 0 0 -4.5518397652036089e-28 0 0 -1.1736085770620944e-30 3.75 3.75 4.8863093458806619e-28 0 0 -3.2273181666610398e-29
d 0 0 -4.5074364072275765e-28 0 0 -1.2375824758761583e-30 4 4 4.8509227034083387e-28 0 0 -3.3110872086514489e-29
d 0 0 -4.431665497127429e-28 0 0 -1.3348465525831909e-30 4.5 4.5 4.7827501745015482e-28 0 0 -3.3773755376055202e-29
d 0 0 -4.3702612709751108e-28 0 0 -1.4360102925876025e-30 5 5 4.7260051340460185e-28 0 0 -3.4138491182286066e-29
d 0 0 -4.3217221106233248e-28 0 0 -1.5326449844401231e-30 5.5 5.5 4.6816236888140765e-28 0 0 -3.445760770645866e-29
d 0 0 -4.2882225486420129e-28 0 0 -1.5955750730599703e-30 6 6 4.6584878345834575e-28 0 0 -3.5430953542639146e-29
d 0 0 -4.2771769325939738e-28 0 0 -1.6235339133249022e-30 6.25 6.25 4.6649399219041351e-28 0 0 -3.7152637331240588e-29
d 0 0 -4.270019020675704e-28 0 0 -1.6519966996558332e-30 6.5 6.5 4.6710884598883516e-28 0 0 -3.8454812901685225e-29
d 0 0 -4.2638944418740602e-28 0 0 -1.7226077034160582e-30 7 7 4.6759245485788284e-28 0 0 -3.9480403001904818e-29
d 0 0 -4.2620553336479153e-28 0 0 -1.7674747810478938e-30 7.5 7.5 4.6802691145696934e-28 0 0 -4.0053901156633093e-29
d 0 0 -4.2610220775088012e-28 0 0 -1.8030591362160963e-30 8 8 4.6837123339288267e-28 0 0 -4.0466089548130809e-29
d 0 0 -4.2601236609631147e-28 0 0 -1.8366409965050198e-30 8.5 8.5 4.6862213949479834e-28 0 0 -4.077325087738136e-29
d 0 0 -4.2592838732994839e-28 0 0 -1.8772772857473554e-30 9 9 4.6892581927491673e-28 0 0 -4.1120246996516607e-29
d 0 0 -4.2585179272937044e-28 0 0 -1.9135161884412466e-30 9.5 9.5 4.6915572521918463e-28 0 0 -4.1390490783127299e-29
d 0 0 -4.2577762806472045e-28 0 0 -1.9437079414355649e-30 10 10 4.6933199032219989e-28 0 0 -4.161072447495242e-29
d 0 0 -4.2570491672262176e-28 0 0 -1.9925554226049905e-30 10.5 10.5 4.6963700993295281e-28 0 0 -4.1939602496659347e-29
d 0 0 -4.2563343260695449e-28 0 0 -2.0213471832273459e-30 11 11 4.7050298536164721e-28 0 0 -4.2848205589356484e-29
d 0 0 -4.2556383273930037e-28 0 0 -2.0512275325010199e-30 11.5 11.5 4.718793629430111e-28 0 0 -4.426430267103371e-29
d 0 0 -4.2549878392187513e-28 0 0 -2.0772324707077927e-30 12 12 4.7259806219012227e-28 0 0 -4.5022045005106605e-29
d 0 0 -4.2544270494733305e-28 0 0 -2.0991811163098012e-30 12.5 12.5 4.730682944379724e-28 0 0 -4.5526446051590336e-29
d 0 0 -4.2539921922550856e-28 0 0 -2.1180441783576959e-30 13 13 4.7355738588907712e-28 0 0 -4.6040152432190622e-29
d 0 0 -4.2535828062236851e-28 0 0 -2.1349329715477718e-30 13.5 13.5 4.743097454042237e-28 0 0 -4.6816531416624466e-29
d 0 0 -4.2530981734024388e-28 0 0 -2.1510098454092167e-30 14 14 4.7574992484905562e-28 0 0 -4.8289097668277275e-29
d 0 0 -4.2525780919199839e-28 0 0 -2.166543388914028e-30 14.5 14.5 4.7715909144894748e-28 0 0 -4.9734746758561989e-29
d 0 0 -4.2520612310180281e-28 0 0 -2.1816624299801711e-30 15 15 4.7771879144213068e-28 0 0 -5.0331003884097815e-29
d 0 0 -4.2515559695777125e-28 0 0 -2.1972459542094422e-30 15.5 15.5 4.7789638786646995e-28 0 0 -5.0544209013262671e-29
d 0 0 -4.2510635365369555e-28 0 0 -2.2125268829373583e-30 16 16 4.7797725436226376e-28 0 0 -5.0659566083260325e-29
d 0 0 -4.2505824368430005e-28 0 0 -2.2276203307424966e-30 16.5 16.5 4.7804174381464353e-28 0 0 -5.0757587359161804e-29
d 0 0 -4.2501115703463154e-28 0 0 -2.2424820434771449e-30 17 17 4.7808975316847717e-28 0 0 -5.0838312907633604e-29
d 0 0 -4.2492243149691999e-28 0 0 -2.2432480945232517e-30 18 18 4.7812727655968363e-28 0 0 -5.0935673305385035e-29
d 0 0 -4.2488168036612119e-28 0 0 -2.2875360359951252e-30 18.5 18.5 4.7815213768246658e-28 0 0 -5.0986641941284863e-29
d 0 0 -4.2484188860837712e-28 0 0 -2.302205688118044e-30 19 19 4.7819422326139601e-28 0 0 -5.1054609216024425e-29
d 0 0 -4.2476130917095929e-28 0 0 -2.3244897933744993e-30 20 20 4.7862014822254314e-28 0 0 -5.1538049467594386e-29
d 0 0 -4.2468651026077095e-28 0 0 -2.3384827356801601e-30 21 21 4.7936271024814437e-28 0 0 -5.2336013709028637e-29
d 0 0 -4.2461997341345395e-28 0 0 -2.3597450161866033e-30 22 22 4.7960250949549905e-28 0 0 -5.2625791888780677e-29
d 0 0 -4.2456129013075601e-28 0 0 -2.377562196011281e-30 23 23 4.7968392886807399e-28 0 0 -5.2751490330267778e-29
d 0 0 -4.2451149479076714e-28 0 0 -2.393051391344957e-30 24 24 4.79712394044368e-28 0 0 -5.2814806439418585e-29
d 0 0 -4.2446704827438807e-28 0 0 -2.4431280333589554e-30 25 25 4.7979201087490741e-28 0 0 -5.2889978503820673e-29
d 0 0 -4.2442357709575706e-28 0 0 -2.4565840785984282e-30 26 26 4.7980701071251804e-28 0 0 -5.2934401423281153e-29
d 0 0 -4.2437986937231308e-28 0 0 -2.4461623149248074e-30 27 27 4.798234400602263e-28 0 0 -5.2981907238997428e-29
d 0 0 -4.2433481347624929e-28 0 0 -2.4556620877534347e-30 28 28 4.7982857452694052e-28 0 0 -5.3020408423059578e-29
d 0 0 -4.242877147105853e-28 0 0 -2.4658611995522799e-30 29 29 4.7979853065843265e-28 0 0 -5.3026592347530523e-29
d 0 0 -4.2423823208158182e-28 0 0 -2.4757107143749258e-30 30 30 4.7974951646046908e-28 0 0 -5.3016906980864145e-29
d 0 0 -4.2418628070848312e-28 0 0 -2.4975029880256318e-30 31 31 4.797080324809796e-28 0 0 -5.3017852266318827e-29
d 0 0 -4.241319386289502e-28 0 0 -2.4959468874593255e-30 32 32 4.796759877685877e-28 0 0 -5.3031184745873584e-29
d 0 0 -4.2410392175854736e-28 0 0 -2.5138242717076182e-30 32.5 32.5 4.7966412180867074e-28 0 0 -5.3043040566012149e-29
d 0 0 -4.2407537482221413e-28 0 0 -2.5153700815253822e-30 33 33 4.7965844020435187e-28 0 0 -5.3061723792809182e-29
d 0 0 -4.2401680342838707e-28 0 0 -2.5294025887386877e-30 34 34 4.796846012612442e-28 0 0 -5.3138395245338296e-29
d 0 0 -4.2398683840977684e-28 0 0 -2.5163630967564305e-30 34.5 34.5 4.7972892079424245e-28 0 0 -5.3208781779945576e-29
d 0 0 -4.2395646188285591e-28 0 0 -2.536493534467865e-30 35 35 4.7980705114408075e-28 0 0 -5.3313464054967077e-29
d 0 0 -4.239257069360721e-28 0 0 -2.5402223924178655e-30 35.5 35.5 4.7992833884546197e-28 0 0 -5.3461744141345328e-29
d 0 0 -4.2389461118392173e-28 0 0 -2.5434744791860599e-30 36 36 4.8008128145017093e-28 0 0 -5.364206951217141e-29
d 0 0 -4.2386322118046992e-28 0 0 -2.5471212751631663e-30 36.5 36.5 4.8022852540883785e-28 0 0 -5.3817026204230621e-29
d 0 0 -4.2383160275178725e-28 0 0 -2.5507572232981931e-30 37 37 4.8033883062821599e-28 0 0 -5.3955287365303028e-29
d 0 0 -4.2376872838592461e-28 0 0 -2.5595569201623911e-30 38 38 4.8044635849459267e-28 0 0 -5.4118073188946152e-29
d 0 0 -4.2371003407510515e-28 0 0 -2.5686672923653324e-30 39 39 4.8047995729255748e-28 0 0 -5.4201255762951055e-29
d 0 0 -4.2364849986784331e-28 0 0 -2.5771573418437532e-30 40 40 4.8049973776524083e-28 0 0 -5.4274082549496119e-29
d 0 0 -4.2358250247185347e-28 0 0 -2.5848053483296977e-30 41 41 4.8049943634136992e-28 0 0 -5.4332227889402728e-29
d 0 0 -4.2351578190892295e-28 0 0 -2.5925083031658279e-30 42 42 4.8047098346587525e-28 0 0 -5.4362700176437054e-29
d 0 0 -4.2344883479936858e-28 0 0 -2.6007311013716344e-30 43 43 4.8043326857528633e-28 0 0 -5.4383713182999034e-29
d 0 0 -4.2338187454422534e-28 0 0 -2.6093418632480394e-30 44 44 4.8040011922002027e-28 0 0 -5.4408818964085887e-29
d 0 0 -4.23315005341609e-28 0 0 -2.6186861747735782e-30 45 45 4.8036310536301067e-28 0 0 -5.4429481590663691e-29
d 0 0 -4.2324858133461646e-28 0 0 -2.6280480581870824e-30 46 46 4.8031546173987703e-28 0 0 -5.4438959220508351e-29
d 0 0 -4.2318299210529311e-28 0 0 -2.6372219041489661e-30 47 47 4.8026243907173956e-28 0 0 -5.4442270577874992e-29
d 0 0 -4.2312328742654131e-28 0 0 -2.6476371618922449e-30 48 48 4.8021542294477879e-28 0 0 -5.4444446122392242e-29
d 0 0 -4.2306679462777847e-28 0 0 -2.6996438458462981e-30 49 49 4.8022834008068504e-28 0 0 -5.4461934287542333e-29
d 0 0 -4.2300913991926807e-28 0 0 -2.7105467231678829e-30 50 50 4.8019368171408942e-28 0 0 -5.4474047106825141e-29
d 0 0 -4.2289292558765987e-28 0 0 -2.6315582765159581e-30 52 52 4.8010814742981e-28 0 0 -5.4484763473693949e-29
d 0 0 -4.2277548057237354e-28 0 0 -2.7465863108779035e-30 54 54 4.8002295394490569e-28 0 0 -5.4498816346725952e-29
d 0 0 -4.2274593408288038e-28 0 0 -2.6678527303869856e-30 54.5 54.5 4.8000437085076123e-28 0 0 -5.4505503703518868e-29
d 0 0 -4.2271631750180714e-28 0 0 -2.7475490408383972e-30 55 55 4.7998584271628179e-28 0 0 -5.4512421821169166e-29
d 0 0 -4.2268663324408755e-28 0 0 -2.7475924076131317e-30 55.5 55.5 4.7996664651465207e-28 0 0 -5.4518843164360982e-29
d 0 0 -4.2265688385256921e-28 0 0 -2.6136605540815795e-30 56 56 4.799462026391023e-28 0 0 -5.4524183032688402e-29
d 0 0 -4.2262707196037433e-28 0 0 -2.2642739314762899e-30 56.5 56.5 4.7992408382711082e-28 0 0 -5.4528008818594364e-29
d 0 0 -4.2259720026352933e-28 0 0 -2.7737597967803737e-30 57 57 4.7990003580809273e-28 0 0 -5.4530061379468923e-29
d 0 0 -4.2256727149867757e-28 0 0 -2.7776618058510416e-30 57.5 57.5 4.7987405763573622e-28 0 0 -5.4530333165318288e-29
d 0 0 -4.2253728843197619e-28 0 0 -2.7813824724933271e-30 58 58 4.798464359087026e-28 0 0 -5.4529105529597451e-29
d 0 0 -4.2250725386298967e-28 0 0 -2.7848832392431055e-30 58.5 58.5 4.7981768356197007e-28 0 0 -5.4526885725813337e-29
d 0 0 -4.2247717063848136e-28 0 0 -2.7881220133952038e-30 59 59 4.7978843355242443e-28 0 0 -5.4524301012525559e-29
d 0 0 -4.2244704166942573e-28 0 0 -2.7910550380444736e-30 59.5 59.5 4.7975936414763823e-28 0 0 -5.4522023940468687e-29
d 0 0 -4.2241686994750577e-28 0 0 -2.7936509079188306e-30 60 60 4.7973117589388403e-28 0 0 -5.4520749294519193e-29
d 0 0 -4.2229581817745748e-28 0 0 -2.804931389842842e-30 62 62 4.7964382198817246e-28 0 0 -5.454213412072132e-29
d 0 0 -4.2226548064344465e-28 0 0 -2.7243877752312211e-30 62.5 62.5 4.796341592363306e-28 0 0 -5.455988966724731e-29
d 0 0 -4.2223512129013566e-28 0 0 -2.70690794271937e-30 63 63 4.7963262932281532e-28 0 0 -5.4585858705732822e-29
d 0 0 -4.222047449480455e-28 0 0 -2.6859240234108271e-30 63.5 63.5 4.7964072718988256e-28 0 0 -5.4621532337800571e-29
d 0 0 -4.2217435683816051e-28 0 0 -2.6629238877293981e-30 64 64 4.7965864312909119e-28 0 0 -5.466709495351761e-29
d 0 0 -4.2211356926861027e-28 0 0 -2.8225038755711927e-30 65 65 4.7971319950312151e-28 0 0 -5.4777126357747004e-29
d 0 0 -4.2205281411430819e-28 0 0 -2.8276022607667743e-30 66 66 4.7976096170989056e-28 0 0 -5.4880545334840726e-29
d 0 0 -4.2199216098361796e-28 0 0 -2.8321699240972023e-30 67 67 4.7977912174674622e-28 0 0 -5.4954455994013646e-29
d 0 0 -4.219317086970355e-28 0 0 -2.8372353174690772e-30 68 68 4.797725170289759e-28 0 0 -5.5003574077593884e-29
d 0 0 -4.2181415159222159e-28 0 0 -2.8464689309080905e-30 70 70 4.7972710882417534e-28 0 0 -5.5066341980318497e-29
d 0 0 -4.2176080334714275e-28 0 0 -2.7816434816080353e-30 71 71 4.7970415944214018e-28 0 0 -5.5091518235419996e-29
d 0 0 -4.2170517250548873e-28 0 0 -2.7614760493893766e-30 72 72 4.796818376595102e-28 0 0 -5.5120114015824344e-29
d 0 0 -4.2167578395912504e-28 0 0 -2.8549142017365176e-30 72.5 72.5 4.7967008623095815e-28 0 0 -5.513568701186607e-29
d 0 0 -4.2164621279534512e-28 0 0 -2.5334507680013687e-30 73 73 4.7965760504794637e-28 0 0 -5.515077794464892e-29
d 0 0 -4.2163140722406305e-28 0 0 -2.3227940981930511e-30 73.25 73.25 4.7965085874184258e-28 0 0 -5.5157854514438117e-29
d 0 0 -4.2161659658614707e-28 0 0 -2.3470708170930492e-30 73.5 73.5 4.7964366083703648e-28 0 0 -5.5164494101474642e-29
d 0 0 -4.2158697602456747e-28 0 0 -2.855059409590194e-30 74 74 4.7962767214494661e-28 0 0 -5.517620555140306e-29
d 0 0 -4.2152778297858321e-28 0 0 -2.8682416313285984e-30 75 75 4.7958883117026882e-28 0 0 -5.5192806560329183e-29
d 0 0 -4.2146868039059028e-28 0 0 -2.8718800045760217e-30 76 76 4.7954222104961238e-28 0 0 -5.5201651726306764e-29
d 0 0 -4.2140965451300612e-28 0 0 -2.8754437458290394e-30 77 77 4.7949094050572054e-28 0 0 -5.5205842686035922e-29
d 0 0 -4.213801616127272e-28 0 0 -2.5746671836067375e-30 77.5 77.5 4.7946444386143302e-28 0 0 -5.5207094339769161e-29
d 0 0 -4.2135067682172275e-28 0 0 -2.6580016977542392e-30 78 78 4.7943773726831733e-28 0 0 -5.5208149065508092e-29
d 0 0 -4.2132119675278545e-28 0 0 -2.7340087959141352e-30 78.5 78.5 4.7941104069688216e-28 0 0 -5.5209229684698773e-29
d 0 0 -4.212917183036663e-28 0 0 -2.8812755048980668e-30 79 79 4.7938455050777507e-28 0 0 -5.5210535434624684e-29
d 0 0 -4.2126223924767272e-28 0 0 -2.8822258264638414e-30 79.5 79.5 4.7935842853157563e-28 0 0 -5.5212229721324338e-29
d 0 0 -4.2123275856647282e-28 0 0 -2.8831928229540213e-30 80 80 4.7933276860800214e-28 0 0 -5.521440681351163e-29
d 0 0 -4.2120327670055646e-28 0 0 -2.8843903238840208e-30 80.5 80.5 4.7930756369929689e-28 0 0 -5.5217058354185544e-29
d 0 0 -4.2117379579701915e-28 0 0 -2.8843829044684455e-30 81 81 4.792827060791551e-28 0 0 -5.5220073359494366e-29
d 0 0 -4.2114432016758004e-28 0 0 -2.8877092720434058e-30 81.5 81.5 4.792580353919298e-28 0 0 -5.5223285931339363e-29
d 0 0 -4.2111485748615945e-28 0 0 -2.8897655429901879e-30 82 82 4.7923341240664112e-28 0 0 -5.5226547554950512e-29
d 0 0 -4.2108542156956204e-28 0 0 -2.8921203834144796e-30 82.5 82.5 4.7920877523781144e-28 0 0 -5.5229780107465024e-29
d 0 0 -4.2105603999787254e-28 0 0 -2.8950398824932624e-30 83 83 4.7918415097016534e-28 0 0 -5.5232978788947827e-29
d 0 0 -4.2099787529110527e-28 0 0 -2.8984896073031387e-30 84 84 4.7913547279793738e-28 0 0 -5.5239309020346296e-29
d 0 0 -4.2089938490192569e-28 0 0 -2.9495554499539266e-30 86 86 4.7912109953595674e-28 0 0 -5.5272159184174432e-29
d 0 0 -4.2085100725038241e-28 0 0 -2.9558273845568054e-30 87 87 4.7908181061000167e-28 0 0 -5.5274975976174746e-29
d 0 0 -4.2082674621059502e-28 0 0 -2.9071428548285922e-30 87.5 87.5 4.7905999887291747e-28 0 0 -5.5275238034240943e-29
d 0 0 -4.2080247162632975e-28 0 0 -2.5895041351992079e-30 88 88 4.7903773578263721e-28 0 0 -5.527508512557302e-29
d 0 0 -4.2077818287695506e-28 0 0 -2.8952140704157278e-30 88.5 88.5 4.7901507003357958e-28 0 0 -5.5274566256320133e-29
d 0 0 -4.2075387937933518e-28 0 0 -2.8975402892900158e-30 89 89 4.7899208539906558e-28 0 0 -5.5273765522081802e-29
d 0 0 -4.2072956056416125e-28 0 0 -2.941745003169817e-30 89.5 89.5 4.7896888941121626e-28 0 0 -5.5272790875638073e-29
d 0 0 -4.2070522590070885e-28 0 0 -2.9321557778143124e-30 90 90 4.7894559845926322e-28 0 0 -5.5271759169054485e-29
d 0 0 -4.2068087491220413e-28 0 0 -2.9410819752261065e-30 90.5 90.5 4.7892232111350931e-28 0 0 -5.5270779406751814e-29
d 0 0 -4.2065650718270836e-28 0 0 -2.9725278650839465e-30 91 91 4.7889914100972811e-28 0 0 -5.5269935618767153e-29
d 0 0 -4.2063212236174785e-28 0 0 -2.9745279416187391e-30 91.5 91.5 4.788761015388377e-28 0 0 -5.5269271538260923e-29
d 0 0 -4.206077201666153e-28 0 0 -2.9764211739399877e-30 92 92 4.7885319587597592e-28 0 0 -5.5268780610992516e-29
d 0 0 -4.2058330038237231e-28 0 0 -2.9785169289622502e-30 92.5 92.5 4.7883036637748169e-28 0 0 -5.526840539291507e-29
d 0 0 -4.2055886285978136e-28 0 0 -2.9804374779738959e-30 93 93 4.7880751570854927e-28 0 0 -5.5268048673162841e-29
d 0 0 -4.2053440751172394e-28 0 0 -2.9815130815547757e-30 93.5 93.5 4.7878452786368973e-28 0 0 -5.5267594493761532e-29
d 0 0 -4.2050993430899966e-28 0 0 -2.9842046513506373e-30 94 94 4.7876129278913921e-28 0 0 -5.5266932772612278e-29
d 0 0 -4.2048544327656233e-28 0 0 -2.9084073975784454e-30 94.5 94.5 4.7873772672397782e-28 0 0 -5.526597964930847e-29
d 0 0 -4.2046093449111797e-28 0 0 -2.9097370333775908e-30 95 95 4.7871378288702473e-28 0 0 -5.5264688164390182e-29
d 0 0 -4.2043640808068259e-28 0 0 -2.9024328906905651e-30 95.5 95.5 4.7868945168929114e-28 0 0 -5.5263048483512986e-29
d 0 0 -4.204118642263052e-28 0 0 -2.9115982547846537e-30 96 96 4.7866475340712735e-28 0 0 -5.5261080560323948e-29
d 0 0 -4.2038730316579409e-28 0 0 -2.9932749199033289e-30 96.5 96.5 4.7863972748171672e-28 0 0 -5.52588234332345e-29
d 0 0 -4.203627251988883e-28 0 0 -2.9948995549331318e-30 97 97 4.7861442204743736e-28 0 0 -5.5256324753540147e-29
d 0 0 -4.2033813069288192e-28 0 0 -2.9916586175692902e-30 97.5 97.5 4.785888859525007e-28 0 0 -5.5253632791509122e-29
d 0 0 -4.2031352008729085e-28 0 0 -2.9887123595427828e-30 98 98 4.7856316416717248e-28 0 0 -5.5250791845131984e-29
d 0 0 -4.2028889389592088e-28 0 0 -2.9853001998079324e-30 98.5 98.5 4.7853729650382435e-28 0 0 -5.524784095819774e-29
d 0 0 -4.2026425270485134e-28 0 0 -2.9820660910374655e-30 99 99 4.7851131886726106e-28 0 0 -5.524481517332823e-29
d 0 0 -4.2023959716549752e-28 0 0 -2.9819529045347911e-30 99.5 99.5 4.7848526590765394e-28 0 0 -5.5241748194308444e-29
d 0 0 -4.2021492798296176e-28 0 0 -2.9834616539146576e-30 100 100 4.7845917391777333e-28 0 0 -5.5238675298463667e-29
d 0 0 -4.2018407345444083e-28 0 0 -3.0072771616413761e-30 100.625 100.625 4.7842656566579994e-28 0 0 -5.5234885852784579e-29
d 0 0 -4.2015320026928129e-28 0 0 -3.0069776262228154e-30 101.25 101.25 4.7839404842885184e-28 0 0 -5.5231235355710232e-29
d 0 0 -4.2012230993319703e-28 0 0 -3.0057122171665381e-30 101.875 101.875 4.78361720665459e-28 0 0 -5.522782010984542e-29
d 0 0 -4.2009140392565969e-28 0 0 -3.0091252559210474e-30 102.5 102.5 4.7832968372882161e-28 0 0 -5.5224739341904007e-29
d 0 0 -4.2006048367954265e-28 0 0 -3.0144274853300864e-30 103.125 103.125 4.7829803189000088e-28 0 0 -5.5222085251144592e-29
d 0 0 -4.200295505744511e-28 0 0 -3.0129795965010121e-30 103.75 103.75 4.7826684087962416e-28 0 0 -5.521993156035051e-29
d 0 0 -4.19998605940644e-28 0 0 -3.0168335435262929e-30 104.375 104.375 4.7823615697690834e-28 0 0 -5.5218322597942647e-29
d 0 0 -4.1996765107001612e-28 0 0 -3.0187190840682589e-30 105 105 4.782059886993183e-28 0 0 -5.5217264977923393e-29
d 0 0 -4.1993668723132594e-28 0 0 -3.0225408876626181e-30 105.625 105.625 4.7817630310177093e-28 0 0 -5.5216723877745941e-29
d 0 0 -4.1990571568801395e-28 0 0 -3.0246741137687882e-30 106.25 106.25 4.7814702841914324e-28 0 0 -5.5216625661427428e-29
d 0 0 -4.1987473771816864e-28 0 0 -3.0259083767371358e-30 106.875 106.875 4.7811806378920385e-28 0 0 -5.5216867576680549e-29
d 0 0 -4.1984375463740973e-28 0 0 -3.028205674785035e-30 107.5 107.5 4.7808929443299103e-28 0 0 -5.5217332906506172e-29
d 0 0 -4.1981276782670308e-28 0 0 -3.0294082691874098e-30 108.125 108.125 4.7806060807338569e-28 0 0 -5.5217907359067609e-29
d 0 0 -4.1978177876846392e-28 0 0 -3.0316041717542277e-30 108.75 108.75 4.7803190818806356e-28 0 0 -5.5218492273794903e-29
d 0 0 -4.1975078909609093e-28 0 0 -3.0333189952898736e-30 109.375 109.375 4.7800312278959417e-28 0 0 -5.5219013352803185e-29
d 0 0 -4.197198006652621e-28 0 0 -3.0349558030004357e-30 110 110 4.7797421124276575e-28 0 0 -5.5219427395252061e-29
d 0 0 -4.1959591256910628e-28 0 0 -3.0414471132641995e-30 112.5 112.5 4.7785813503536732e-28 0 0 -5.5220775483532177e-29
d 0 0 -4.1958044260163772e-28 0 0 -3.0422006179194255e-30 112.8125 112.8125 4.778438848263601e-28 0 0 -5.5221206411260183e-29
d 0 0 -4.1956497918417413e-28 0 0 -3.042979402891312e-30 113.125 113.125 4.7782980734395432e-28 0 0 -5.522180725984005e-29
d 0 0 -4.1953407904499755e-28 0 0 -3.0443878379965549e-30 113.75 113.75 4.7780238392725422e-28 0 0 -5.5223724115626177e-29
d 0 0 -4.1947249549113485e-28 0 0 -3.0476711968938787e-30 115 115 4.7775234806118866e-28 0 0 -5.5232181374390558e-29
d 0 0 -4.193599515880941e-28 0 0 -3.0546335433455115e-30 117.5 117.5 4.7769663299386419e-28 0 0 -5.5282077169508553e-29
d 0 0 -4.193302786463874e-28 0 0 -3.0561763220655684e-30 118.125 118.125 4.7768955912112955e-28 0 0 -5.5303104576350619e-29
d 0 0 -4.192997549669713e-28 0 0 -3.0575076006996334e-30 118.75 118.75 4.7768399280417167e-28 0 0 -5.5326569739653592e-29
d 0 0 -4.192689696151821e-28 0 0 -3.0589754421251091e-30 119.375 119.375 4.7767927432883924e-28 0 0 -5.5351170398958304e-29
d 0 0 -4.1923807498032903e-28 0 0 -3.0605907187505347e-30 120 120 4.7767415985126171e-28 0 0 -5.5375494160464118e-29
d 0 0 -4.1917613550622639e-28 0 0 -3.0634964426985235e-30 121.25 121.25 4.7765826085678482e-28 0 0 -5.5418628908307495e-29
d 0 0 -4.1914512705358205e-28 0 0 -3.0648949494083527e-30 121.875 121.875 4.7764613663676773e-28 0 0 -5.5436063283648015e-29
d 0 0 -4.1911410511218892e-28 0 0 -3.0663165056406769e-30 122.5 122.5 4.7763099057377598e-28 0 0 -5.5450493234931682e-29
d 0 0 -4.1905204142137194e-28 0 0 -3.0692617813248289e-30 123.75 123.75 4.7759258067569542e-28 0 0 -5.5471277485376081e-29
d 0 0 -4.1902100689483165e-28 0 0 -3.0706316612359719e-30 124.375 124.375 4.775701004484497e-28 0 0 -5.5478413422966543e-29
d 0 0 -4.1898997405042923e-28 0 0 -3.07206213470959e-30 125 125 4.775459697809279e-28 0 0 -5.5483910851594077e-29
d 0 0 -4.1874195346292445e-28 0 0 -3.0827460580723037e-30 130 130 4.7731810458028668e-28 0 0 -5.5493395873490215e-29
d 0 0 -4.1849489090148937e-28 0 0 -3.0924328834632475e-30 135 135 4.7707859908571873e-28 0 0 -5.5491266880918382e-29
d 0 0 -4.1827805814383163e-28 0 0 -3.1463679401766974e-30 140 140 4.7697376623789057e-28 0 0 -5.5550499887425146e-29
d 0 0 -4.1825420618822662e-28 0 0 -3.1469709883580644e-30 140.625 140.625 4.7695060363803897e-28 0 0 -5.5549516595911845e-29
d 0 0 -4.1823036025993741e-28 0 0 -3.1485294802695645e-30 141.25 141.25 4.7692733169023823e-28 0 0 -5.5548441054279504e-29
d 0 0 -4.1820652113031689e-28 0 0 -3.1501583777671445e-30 141.875 141.875 4.7690401433519306e-28 0 0 -5.5547330902723845e-29
d 0 0 -4.1818268904509047e-28 0 0 -3.1517568043935174e-30 142.5 142.5 4.768807016315485e-28 0 0 -5.5546235346947189e-29
d 0 0 -4.1815886424098953e-28 0 0 -3.1533661086186633e-30 143.125 143.125 4.7685744037322588e-28 0 0 -5.5545200434449678e-29
d 0 0 -4.181350469481636e-28 0 0 -3.1549576196568262e-30 143.75 143.75 4.7683427380591341e-28 0 0 -5.5544268740491605e-29
d 0 0 -4.181231411889193e-28 0 0 -3.1556684579917602e-30 144.0625 144.0625 4.7682273862966742e-28 0 0 -5.5543854005126143e-29
d 0 0 -4.1811123739141591e-28 0 0 -3.1564564807369171e-30 144.375 144.375 4.768112418710805e-28 0 0 -5.5543479592183003e-29
d 0 0 -4.1809933558301583e-28 0 0 -3.1572415192685238e-30 144.6875 144.6875 4.7679978808236393e-28 0 0 -5.5543149983926359e-29
d 0 0 -4.1808743579080299e-28 0 0 -3.1580236548609265e-30 145 145 4.7678838166560917e-28 0 0 -5.5542869514375462e-29
d 0 0 -4.1807553804158574e-28 0 0 -3.1588029579943457e-30 145.3125 145.3125 4.7677702688026753e-28 0 0 -5.5542642376828189e-29
d 0 0 -4.1806364236189888e-28 0 0 -3.1595795033787321e-30 145.625 145.625 4.7676572784533974e-28 0 0 -5.5542472625879138e-29
d 0 0 -4.1805174877800602e-28 0 0 -3.1603533554055503e-30 145.9375 145.9375 4.7675448853520985e-28 0 0 -5.554236417310607e-29
d 0 0 -4.1803985731590127e-28 0 0 -3.1611245784110778e-30 146.25 146.25 4.7674331276869329e-28 0 0 -5.5542320775992784e-29
d 0 0 -4.180279680013113e-28 0 0 -3.1618932321642123e-30 146.5625 146.5625 4.767322041912565e-28 0 0 -5.5542346020038408e-29
d 0 0 -4.1801608085969886e-28 0 0 -3.1626593779930424e-30 146.875 146.875 4.7672116625071529e-28 0 0 -5.5542443294360631e-29
d 0 0 -4.1800419591626632e-28 0 0 -3.1634230551122736e-30 147.1875 147.1875 4.7671020216702377e-28 0 0 -5.5542615761399098e-29
d 0 0 -4.1799231319596048e-28 0 0 -3.1641843205804622e-30 147.5 147.5 4.766993148969955e-28 0 0 -5.5542866321560665e-29
d 0 0 -4.1798043272347862e-28 0 0 -3.1649432156956223e-30 147.8125 147.8125 4.7668850709495183e-28 0 0 -5.5543197573800074e-29
d 0 0 -4.17968554523275e-28 0 0 -3.1656997813097287e-30 148.125 148.125 4.7667778107036689e-28 0 0 -5.5543611773202561e-29
d 0 0 -4.1795667861956819e-28 0 0 -3.1664540478724603e-30 148.4375 148.4375 4.7666713874356995e-28 0 0 -5.5544110786630472e-29
d 0 0 -4.1794480503634948e-28 0 0 -3.167206047547872e-30 148.75 148.75 4.7665658160049513e-28 0 0 -5.5544696047420776e-29
d 0 0 -4.1793293379739135e-28 0 0 -3.1679558126125667e-30 149.0625 149.0625 4.7664611064733984e-28 0 0 -5.5545368509997071e-29
d 0 0 -4.1792106492625688e-28 0 0 -3.1687033575057283e-30 149.375 149.375 4.7663572636583945e-28 0 0 -5.554612860510021e-29
d 0 0 -4.1790919844630914e-28 0 0 -3.1694487081985174e-30 149.6875 149.6875 4.7662542866969846e-28 0 0 -5.5546976196179341e-29
d 0 0 -4.1789733438072108e-28 0 0 -3.1701918801400883e-30 150 150 4.76615216862578e-28 0 0 -5.554791053734245e-29
d 0 0 -4.1787361358442461e-28 0 0 -3.1713950932171634e-30 150.625 150.625 4.7659504483970687e-28 0 0 -5.5550033200761624e-29
d 0 0 -4.1786175689920175e-28 0 0 -3.1721058791604671e-30 150.9375 150.9375 4.7658507983241318e-28 0 0 -5.5551216634277514e-29
d 0 0 -4.1784990271932989e-28 0 0 -3.1728109119580736e-30 151.25 151.25 4.7657519106103399e-28 0 0 -5.5552476972944531e-29
d 0 0 -4.178380510671827e-28 0 0 -3.173512792901555e-30 151.5625 151.5625 4.7656537422866793e-28 0 0 -5.5553809873347359e-29
d 0 0 -4.1782620196500421e-28 0 0 -3.1742115457042848e-30 151.875 151.875 4.765556242336169e-28 0 0 -5.5555210187811181e-29
d 0 0 -4.178025114989375e-28 0 0 -3.1755135667230155e-30 152.5 152.5 4.7653630025594371e-28 0 0 -5.555818837832865e-29
d 0 0 -4.1779067017897133e-28 0 0 -3.176289266897138e-30 152.8125 152.8125 4.7652671198668937e-28 0 0 -5.5559751877654136e-29
d 0 0 -4.177788314968327e-28 0 0 -3.1769757368872218e-30 153.125 153.125 4.7651716202379279e-28 0 0 -5.5561354081378481e-29
d 0 0 -4.1775516213284029e-28 0 0 -3.1782809424418955e-30 153.75 153.75 4.7649814018758527e-28 0 0 -5.5564637597724185e-29
d 0 0 -4.1773150357970473e-28 0 0 -3.1796069244792473e-30 154.375 154.375 4.7647915531123298e-28 0 0 -5.5567959146893711e-29
d 0 0 -4.1770785600880666e-28 0 0 -3.1810261435843542e-30 155 155 4.764601217008365e-28 0 0 -5.5571232697014182e-29
d 0 0 -4.1769603639487101e-28 0 0 -3.1816977888228135e-30 155.3125 155.3125 4.7645055943026421e-28 0 0 -5.5572824178795062e-29
d 0 0 -4.1768421959012291e-28 0 0 -3.1823607239403846e-30 155.625 155.625 4.7644095278034383e-28 0 0 -5.5574371341270905e-29
d 0 0 -4.1766059449217772e-28 0 0 -3.1836780911601614e-30 156.25 156.25 4.7642156734354854e-28 0 0 -5.5577293547526239e-29
d 0 0 -4.176369808821003e-28 0 0 -3.1849831804644261e-30 156.875 156.875 4.7640189557189828e-28 0 0 -5.5579929176848308e-29
d 0 0 -4.1761337892590923e-28 0 0 -3.1862046809248666e-30 157.5 157.5 4.7638188364989196e-28 0 0 -5.5582224098321072e-29
d 0 0 -4.1758978878911386e-28 0 0 -3.1875528366802148e-30 158.125 158.125 4.7636149616747724e-28 0 0 -5.5584142589422631e-29
d 0 0 -4.1756621063766542e-28 0 0 -3.1888146042381793e-30 158.75 158.75 4.7634071611725782e-28 0 0 -5.5585667334280013e-29
d 0 0 -4.1754264463923634e-28 0 0 -3.1901936170683002e-30 159.375 159.375 4.7631954290342113e-28 0 0 -5.5586797428129944e-29
d 0 0 -4.1751909096478332e-28 0 0 -3.1913200036750672e-30 160 160 4.7629798910522449e-28 0 0 -5.5587545143970584e-29
d 0 0 -4.1733112851441452e-28 0 0 -3.2009351536525688e-30 165 165 4.7611520462423725e-28 0 0 -5.5583069159199643e-29
d 0 0 -4.1730769512718957e-28 0 0 -3.2021695888992783e-30 165.625 165.625 4.7609151671569145e-28 0 0 -5.5581651428207067e-29
d 0 0 -4.1729598395504555e-28 0 0 -3.2027441673717137e-30 165.9375 165.9375 4.7607963581795591e-28 0 0 -5.5580903581129177e-29
d 0 0 -4.1728427653183078e-28 0 0 -3.2033198626843368e-30 166.25 166.25 4.7606773445149084e-28 0 0 -5.5580133818472237e-29
d 0 0 -4.1726087316117281e-28 0 0 -3.2044680363467192e-30 166.875 166.875 4.7604388248362615e-28 0 0 -5.5578540428360711e-29
d 0 0 -4.1723748552518026e-28 0 0 -3.2056029266903028e-30 167.5 167.5 4.7601998468713659e-28 0 0 -5.5576894501526037e-29
d 0 0 -4.1721411423586351e-28 0 0 -3.206728220567271e-30 168.125 168.125 4.7599606421469761e-28 0 0 -5.5575218455190387e-29
d 0 0 -4.1719076004294657e-28 0 0 -3.2078408906860751e-30 168.75 168.75 4.7597214348791207e-28 0 0 -5.5573533834439161e-29
d 0 0 -4.1716742388639659e-28 0 0 -3.2089485085230357e-30 169.375 169.375 4.7594824414441861e-28 0 0 -5.5571861204679228e-29
d 0 0 -4.1714410697639e-28 0 0 -3.210033106317055e-30 170 170 4.7592438696591477e-28 0 0 -5.5570219996750404e-29
d 0 0 -4.1712081091991929e-28 0 0 -3.2111208873867042e-30 170.625 170.625 4.7590059182223934e-28 0 0 -5.556862831926889e-29
d 0 0 -4.1710917137143662e-28 0 0 -3.211689765076486e-30 170.9375 170.9375 4.7588872347382777e-28 0 0 -5.556785630134876e-29
d 0 0 -4.1709753793096679e-28 0 0 -3.212230864167713e-30 171.25 171.25 4.7587687768367599e-28 0 0 -5.5567102752942277e-29
d 0 0 -4.1708591103017268e-28 0 0 -3.2127699765333061e-30 171.5625 171.5625 4.7586505671072297e-28 0 0 -5.5566369473656588e-29
d 0 0 -4.1707429120039268e-28 0 0 -3.213307133849498e-30 171.875 171.875 4.7585326279611274e-28 0 0 -5.5565658142049975e-29
d 0 0 -4.1706267910657803e-28 0 0 -3.2138423728562465e-30 172.1875 172.1875 4.7584149819268517e-28 0 0 -5.5564970309797097e-29
d 0 0 -4.1705107559694567e-28 0 0 -3.2143757371484477e-30 172.5 172.5 4.7582976521076252e-28 0 0 -5.5564307395942498e-29
d 0 0 -4.1703948177793378e-28 0 0 -3.2149072800930019e-30 172.8125 172.8125 4.7581806628982569e-28 0 0 -5.5563670680785937e-29
d 0 0 -4.1702789913160584e-28 0 0 -3.2154370692401725e-30 173.125 173.125 4.7580640411285794e-28 0 0 -5.5563061298382748e-29
d 0 0 -4.1701632970786403e-28 0 0 -3.215965193732987e-30 173.4375 173.4375 4.757947817948062e-28 0 0 -5.5562480225527148e-29
d 0 0 -4.1700477645661514e-28 0 0 -3.2164917769585336e-30 173.75 173.75 4.7578320320826996e-28 0 0 -5.5561928262727367e-29
d 0 0 -4.1699324384190929e-28 0 0 -3.2170170000017776e-30 174.0625 174.0625 4.7577167358386265e-28 0 0 -5.5561405997238262e-29
d 0 0 -4.1698173908064558e-28 0 0 -3.217541148906986e-30 174.375 174.375 4.757602007168047e-28 0 0 -5.5560913724195926e-29
d 0 0 -4.1697027494984421e-28 0 0 -3.2180647226097041e-30 174.6875 174.6875 4.7574879769370713e-28 0 0 -5.5560451260219557e-29
d 0 0 -4.169588772885593e-28 0 0 -3.2185887210417381e-30 175 175 4.7573749016748641e-28 0 0 -5.556001743353199e-29
d 0 0 -4.1694761078176613e-28 0 0 -3.2191156417722163e-30 175.3125 175.3125 4.75726341346001e-28 0 0 -5.5559608317030713e-29
d 0 0 -4.169367129972685e-28 0 0 -3.2196547015727877e-30 175.625 175.625 4.7571558188472686e-28 0 0 -5.5559208037406567e-29
d 0 0 -4.1691891522719613e-28 0 0 -3.2208819236160661e-30 176.25 176.25 4.7569802314819048e-28 0 0 -5.5558226001296224e-29
d 0 0 -4.1690990309672879e-28 0 0 -3.2214790183844424e-30 176.5625 176.5625 4.756891675630942e-28 0 0 -5.5557779609643944e-29
d 0 0 -4.1689919655854326e-28 0 0 -3.2220159973352215e-30 176.875 176.875 4.7567870074282546e-28 0 0 -5.5557481720108825e-29
d 0 0 -4.1688798007782195e-28 0 0 -3.2225324691737413e-30 177.1875 177.1875 4.7566777390745522e-28 0 0 -5.5557254781331581e-29
d 0 0 -4.1687660773898438e-28 0 0 -3.2230412331341841e-30 177.5 177.5 4.7565673092331206e-28 0 0 -5.5557075370887092e-29
d 0 0 -4.1686516474215974e-28 0 0 -3.2235453997183435e-30 177.8125 177.8125 4.7564565495915664e-28 0 0 -5.55569382809143e-29
d 0 0 -4.1685368284462445e-28 0 0 -3.2240461383339766e-30 178.125 178.125 4.7563457733894428e-28 0 0 -5.5556841891216798e-29
d 0 0 -4.168306559501953e-28 0 0 -3.2250448126492523e-30 178.75 178.75 4.7561247104456689e-28 0 0 -5.5556769505049884e-29
d 0 0 -4.1680758555785945e-28 0 0 -3.2260280733612688e-30 179.375 179.375 4.755904720862413e-28 0 0 -5.5556857524198999e-29
d 0 0 -4.1678449505345738e-28 0 0 -3.2270028213588328e-30 180 180 4.7556860508270654e-28 0 0 -5.5557106249298188e-29
d 0 0 -4.1676139613871e-28 0 0 -3.2279694847080902e-30 180.625 180.625 4.7554688106083646e-28 0 0 -5.5557514504537809e-29
d 0 0 -4.1673829551887556e-28 0 0 -3.228928290918637e-30 181.25 181.25 4.7552530293340574e-28 0 0 -5.55580781806072e-29
d 0 0 -4.1671519740756698e-28 0 0 -3.229879512640442e-30 181.875 181.875 4.7550386699817737e-28 0 0 -5.555878913664864e-29
d 0 0 -4.166921046384336e-28 0 0 -3.2308234678485753e-30 182.5 182.5 4.7548256337559074e-28 0 0 -5.5559634485373018e-29
d 0 0 -4.1668056090780243e-28 0 0 -3.231290069326125e-30 182.8125 182.8125 4.7547195649051304e-28 0 0 -5.5560102169652709e-29
d 0 0 -4.1666901922013466e-28 0 0 -3.2317577363771619e-30 183.125 183.125 4.7546137638090874e-28 0 0 -5.5560596389852163e-29
d 0 0 -4.1664594263854294e-28 0 0 -3.2326895405188442e-30 183.75 183.75 4.7544028523454933e-28 0 0 -5.5561652460463463e-29
d 0 0 -4.1662287603271616e-28 0 0 -3.2334865046163236e-30 184.375 184.375 4.754192652272942e-28 0 0 -5.5562776738343015e-29
d 0 0 -4.1659982030299643e-28 0 0 -3.2344416945704747e-30 185 185 4.753982892717774e-28 0 0 -5.5563941132281226e-29
d 0 0 -4.1641583430297898e-28 0 0 -3.2416102498720945e-30 190 190 4.7522920910193893e-28 0 0 -5.5571763015062748e-29
d 0 0 -4.1640436502291452e-28 0 0 -3.2419585565645513e-30 190.3125 190.3125 4.7521846023284966e-28 0 0 -5.5572054231824842e-29
d 0 0 -4.1639289949106831e-28 0 0 -3.2424050076717764e-30 190.625 190.625 4.7520768420821207e-28 0 0 -5.5572316078220928e-29
d 0 0 -4.1638143774196403e-28 0 0 -3.2428473636249677e-30 190.9375 190.9375 4.7519688076137049e-28 0 0 -5.5572548244304422e-29
d 0 0 -4.1636997980980315e-28 0 0 -3.2432854534052759e-30 191.25 191.25 4.7518604970989828e-28 0 0 -5.5572750503743024e-29
d 0 0 -4.1635852572861501e-28 0 0 -3.2437425707852522e-30 191.5625 191.5625 4.7517519094274165e-28 0 0 -5.5572922701515433e-29
d 0 0 -4.1634707553240484e-28 0 0 -3.244149200751806e-30 191.875 191.875 4.7516430440908358e-28 0 0 -5.5573064743921944e-29
d 0 0 -4.1633562925530291e-28 0 0 -3.2445753960368289e-30 192.1875 192.1875 4.7515339011346461e-28 0 0 -5.557317659095403e-29
d 0 0 -4.1632418693171577e-28 0 0 -3.2449982893934134e-30 192.5 192.5 4.7514244810801952e-28 0 0 -5.557325825097428e-29
d 0 0 -4.1631274859648342e-28 0 0 -3.2454182676281735e-30 192.8125 192.8125 4.7513147849079506e-28 0 0 -5.5573309777574726e-29
d 0 0 -4.1630131428504172e-28 0 0 -3.2458356955142718e-30 193.125 193.125 4.7512048140448988e-28 0 0 -5.5573331268408114e-29
d 0 0 -4.1628988403359645e-28 0 0 -3.2462508944409925e-30 193.4375 193.4375 4.7510945703717035e-28 0 0 -5.5573322865726216e-29
d 0 0 -4.1627845787930781e-28 0 0 -3.2461253491765673e-30 193.75 193.75 4.7509840561914409e-28 0 0 -5.5573284758312016e-29
d 0 0 -4.1626703586049183e-28 0 0 -3.2466100111820511e-30 194.0625 194.0625 4.750873274468995e-28 0 0 -5.5573217184458e-29
d 0 0 -4.1625561801683965e-28 0 0 -3.2471070601540386e-30 194.375 194.375 4.7507622285702013e-28 0 0 -5.5573120435632633e-29
d 0 0 -4.1624420438966056e-28 0 0 -3.2476033666161545e-30 194.6875 194.6875 4.7506509224867004e-28 0 0 -5.557299486046179e-29
d 0 0 -4.1623279502215257e-28 0 0 -3.248089421907162e-30 195 195 4.7505393608421235e-28 0 0 -5.5572840868682325e-29
d 0 0 -4.1622138995970655e-28 0 0 -3.2485602806104378e-30 195.3125 195.3125 4.7504275489309249e-28 0 0 -5.5572658934751984e-29
d 0 0 -4.1620998925025085e-28 0 0 -3.2490150644998512e-30 195.625 195.625 4.7503154927505393e-28 0 0 -5.5572449600746912e-29
d 0 0 -4.1618720109712728e-28 0 0 -3.2493755530873286e-30 196.25 196.25 4.7500906751585321e-28 0 0 -5.5571951250858117e-29
d 0 0 -4.1616443101345243e-28 0 0 -3.2506355692115512e-30 196.875 196.875 4.7498649709996912e-28 0 0 -5.557135156124701e-29
d 0 0 -4.1614167952291984e-28 0 0 -3.2507626400878082e-30 197.5 197.5 4.7496384544639239e-28 0 0 -5.5570657372341216e-29
d 0 0 -4.1613031093972323e-28 0 0 -3.2519057832530774e-30 197.8125 197.8125 4.7495249180600943e-28 0 0 -5.5570277254877773e-29
d 0 0 -4.1611894724749223e-28 0 0 -3.2522997569978574e-30 198.125 198.125 4.7494112113266849e-28 0 0 -5.5569876520398367e-29
d 0 0 -4.1610758854516417e-28 0 0 -3.2520985110825584e-30 198.4375 198.4375 4.7492973464381373e-28 0 0 -5.5569456275727144e-29
d 0 0 -4.1609623494310155e-28 0 0 -3.2526451047922045e-30 198.75 198.75 4.749183336275968e-28 0 0 -5.5569017665316228e-29
d 0 0 -4.1608488656522032e-28 0 0 -3.253162090079581e-30 199.0625 199.0625 4.7490691938263782e-28 0 0 -5.5568561863258819e-29
d 0 0 -4.1607354355161561e-28 0 0 -3.2536461153965561e-30 199.375 199.375 4.7489549325689136e-28 0 0 -5.5568090064967088e-29
d 0 0 -4.1606220606182883e-28 0 0 -3.254107779877754e-30 199.6875 199.6875 4.7488405663108404e-28 0 0 -5.5567603478688831e-29
d 0 0 -4.1605087427895618e-28 0 0 -3.2545467470808638e-30 200 200 4.7487261091572083e-28 0 0 -5.5567103317023976e-29
d 0 0 -4.1603954841486637e-28 0 0 -3.2549676587915725e-30 200.3125 200.3125 4.7486115754697839e-28 0 0 -5.5566590788587068e-29
d 0 0 -4.1602822871690809e-28 0 0 -3.2553748835786122e-30 200.625 200.625 4.7484969798547939e-28 0 0 -5.5566067089947211e-29
d 0 0 -4.1601691547663769e-28 0 0 -3.2557720931766807e-30 200.9375 200.9375 4.7483823371796196e-28 0 0 -5.5565533397953635e-29
d 0 0 -4.1600560904133495e-28 0 0 -3.256162158176127e-30 201.25 201.25 4.748267662626976e-28 0 0 -5.5564990862531655e-29
d 0 0 -4.1599430982942787e-28 0 0 -3.2565471925468809e-30 201.5625 201.5625 4.7481529717782608e-28 0 0 -5.5564440600004147e-29
d 0 0 -4.159830183515001e-28 0 0 -3.2569287139404454e-30 201.875 201.875 4.7480382807725922e-28 0 0 -5.5563883686957568e-29
d 0 0 -4.1597173523943322e-28 0 0 -3.2573077394553933e-30 202.1875 202.1875 4.747923606556923e-28 0 0 -5.5563321154622434e-29
d 0 0 -4.1596046128766857e-28 0 0 -3.2576849519413209e-30 202.5 202.5 4.7478089672632985e-28 0 0 -5.5562753983668699e-29
d 0 0 -4.1594919751296787e-28 0 0 -3.2573102413695552e-30 202.8125 202.8125 4.7476943826313038e-28 0 0 -5.5562183099209967e-29
d 0 0 -4.159379452431741e-28 0 0 -3.2578673705922338e-30 203.125 203.125 4.7475798754820213e-28 0 0 -5.5561609365635905e-29
d 0 0 -4.1592670625275307e-28 0 0 -3.2583832854836623e-30 203.4375 203.4375 4.747465472129446e-28 0 0 -5.5561033580602717e-29
d 0 0 -4.1591548297611932e-28 0 0 -3.2588679139908373e-30 203.75 203.75 4.7473512051610898e-28 0 0 -5.5560456466977491e-29
d 0 0 -4.1590427885420565e-28 0 0 -3.2593270888263443e-30 204.0625 204.0625 4.7472371167538357e-28 0 0 -5.5559878660583656e-29
d 0 0 -4.158930989150575e-28 0 0 -3.2597654843833514e-30 204.375 204.375 4.7471232645024164e-28 0 0 -5.5559300689815056e-29
d 0 0 -4.1588195076921687e-28 0 0 -3.2601873346883433e-30 204.6875 204.6875 4.7470097314066001e-28 0 0 -5.5558722940041425e-29
d 0 0 -4.1587084631550075e-28 0 0 -3.2605965752381021e-30 205 205 4.7468966429725084e-28 0 0 -5.5558145591087932e-29
d 0 0 -4.1585980449818371e-28 0 0 -3.2609969005814739e-30 205.3125 205.3125 4.74678419483282e-28 0 0 -5.5557568513580591e-29
d 0 0 -4.1584885519319214e-28 0 0 -3.2613919110270442e-30 205.625 205.625 4.746672691642886e-28 0 0 -5.5556991118089381e-29
d 0 0 -4.1583804674145368e-28 0 0 -3.2617854595556609e-30 205.9375 205.9375 4.7465626224364246e-28 0 0 -5.5556412055483456e-29
d 0 0 -4.1582749075165969e-28 0 0 -3.2621835285288185e-30 206.25 206.25 4.7464551090063247e-28 0 0 -5.5555827476482689e-29
d 0 0 -4.1581752831805023e-28 0 0 -3.2626006068916101e-30 206.5625 206.5625 4.746353569211863e-28 0 0 -5.5555224582428856e-29
d 0 0 -4.158080324742708e-28 0 0 -3.2630323041643756e-30 206.875 206.875 4.7462567342777317e-28 0 0 -5.5554608469893213e-29
d 0 0 -4.1579915784036229e-28 0 0 -3.2634867214820911e-30 207.1875 207.1875 4.7461661985264998e-28 0 0 -5.5553976940190747e-29
d 0 0 -4.1579072882241205e-28 0 0 -3.2640573650271746e-30 207.5 207.5 4.7460846452608421e-28 0 0 -5.555368072373594e-29
d 0 0 -4.1578472576828636e-28 0 0 -3.2763814469100996e-30 207.8125 207.8125 4.7465440341479756e-28 0 0 -5.5593299033699668e-29
d 0 0 -4.157801038408328e-28 0 0 -3.296710904011274e-30 208.125 208.125 4.747368895843535e-28 0 0 -5.5660077837913187e-29
d 0 0 -4.1577217273295899e-28 0 0 -3.2977089869264408e-30 208.4375 208.4375 4.7473097534032776e-28 0 0 -5.5661096592105961e-29
d 0 0 -4.1576417067393139e-28 0 0 -3.2982718112008111e-30 208.75 208.75 4.7472311423846227e-28 0 0 -5.5660674585225296e-29
d 0 0 -4.1575615989531294e-28 0 0 -3.2981989001311875e-30 209.0625 209.0625 4.7471497336573072e-28 0 0 -5.5660047452695486e-29
d 0 0 -4.1574815089123724e-28 0 0 -3.2987809826867185e-30 209.375 209.375 4.7470683457160648e-28 0 0 -5.5659423157579076e-29
d 0 0 -4.1574014378280081e-28 0 0 -3.2993443688388926e-30 209.6875 209.6875 4.7469870124789576e-28 0 0 -5.5658804274616987e-29
d 0 0 -4.1573213858222313e-28 0 0 -3.2998934823887469e-30 210 210 4.7469057388978756e-28 0 0 -5.5658191227714572e-29
d 0 0 -4.1572413529990861e-28 0 0 -3.3004311133161335e-30 210.3125 210.3125 4.7468245294660886e-28 0 0 -5.5657584407678122e-29
d 0 0 -4.1571613394530393e-28 0 0 -3.3009591798967836e-30 210.625 210.625 4.746743388439291e-28 0 0 -5.5656984188310884e-29
d 0 0 -4.1570813452709275e-28 0 0 -3.3014790867861219e-30 210.9375 210.9375 4.7466623198762181e-28 0 0 -5.5656390929131438e-29
d 0 0 -4.1570013705334188e-28 0 0 -3.3019919270354568e-30 211.25 211.25 4.7465813276642844e-28 0 0 -5.5655804976920641e-29
d 0 0 -4.1569214153161718e-28 0 0 -3.3024985928584255e-30 211.5625 211.5625 4.7465004155344081e-28 0 0 -5.5655226666410625e-29
d 0 0 -4.1568414796907471e-28 0 0 -3.3029998188990476e-30 211.875 211.875 4.7464195870674285e-28 0 0 -5.5654656320299642e-29
d 0 0 -4.1567615637253427e-28 0 0 -3.3034962386040728e-30 212.1875 212.1875 4.7463388456939771e-28 0 0 -5.5654094248736746e-29
d 0 0 -4.1566816674853929e-28 0 0 -3.303988388825854e-30 212.5 212.5 4.7462581946892493e-28 0 0 -5.5653540748393232e-29
d 0 0 -4.1566017910340608e-28 0 0 -3.3044767300965395e-30 212.8125 212.8125 4.7461776371639358e-28 0 0 -5.5652996101223446e-29
d 0 0 -4.1565219344326555e-28 0 0 -3.3049616601116729e-30 213.125 213.125 4.7460971760523897e-28 0 0 -5.5652460573006802e-29
d 0 0 -4.1564420977409732e-28 0 0 -3.3054435233755981e-30 213.4375 213.4375 4.7460168140990233e-28 0 0 -5.5651934411758342e-29
d 0 0 -4.1563622810175986e-28 0 0 -3.3059226131659194e-30 213.75 213.75 4.7459365538438702e-28 0 0 -5.5651417846092152e-29
d 0 0 -4.1562824843201628e-28 0 0 -3.306399184311069e-30 214.0625 214.0625 4.7458563976082266e-28 0 0 -5.565091108362124e-29
d 0 0 -4.1562027077055626e-28 0 0 -3.3068734582475871e-30 214.375 214.375 4.7457763474812588e-28 0 0 -5.5650414309476861e-29
d 0 0 -4.1561229512301666e-28 0 0 -3.3073456257331153e-30 214.6875 214.6875 4.7456964053084377e-28 0 0 -5.5649927685030463e-29
d 0 0 -4.1560432149499862e-28 0 0 -3.3078158553450509e-30 215 215 4.745616572682677e-28 0 0 -5.5649451346900451e-29
d 0 0 -4.1559634989208413e-28 0 0 -3.3082842911991999e-30 215.3125 215.3125 4.7455368509389992e-28 0 0 -5.5648985406324699e-29
d 0 0 -4.1558838031985048e-28 0 0 -3.3087510599936612e-30 215.625 215.625 4.7454572411535353e-28 0 0 -5.5648529948976791e-29
d 0 0 -4.1558041278388393e-28 0 0 -3.3092162728166654e-30 215.9375 215.9375 4.7453777441476139e-28 0 0 -5.5648085035299987e-29
d 0 0 -4.1557244728979247e-28 0 0 -3.3115116614740699e-30 216.25 216.25 4.7452983614132102e-28 0 0 -5.5647650701426891e-29
d 0 0 -4.1556448384321744e-28 0 0 -3.3120511775180904e-30 216.5625 216.5625 4.7452190915097517e-28 0 0 -5.5647226960745363e-29
d 0 0 -4.1555652244984536e-28 0 0 -3.3125905744276446e-30 216.875 216.875 4.7451399354532152e-28 0 0 -5.5646813806162087e-29
d 0 0 -4.1554856311541865e-28 0 0 -3.3131298937941833e-30 217.1875 217.1875 4.7450608932110082e-28 0 0 -5.564641121310406e-29
d 0 0 -4.1554060584574608e-28 0 0 -3.3136691691870422e-30 217.5 217.5 4.7449819646138007e-28 0 0 -5.5646019143286161e-29
d 0 0 -4.1553265064671292e-28 0 0 -3.3142084247036175e-30 217.8125 217.8125 4.7449031494014707e-28 0 0 -5.5645637549260536e-29
d 0 0 -4.1552469752429145e-28 0 0 -3.3147476771513512e-30 218.125 218.125 4.7448244472768513e-28 0 0 -5.5645266379747833e-29
d 0 0 -4.1551674648455069e-28 0 0 -3.3152869359380848e-30 218.4375 218.4375 4.7447458579671382e-28 0 0 -5.5644905585738009e-29
d 0 0 -4.1550879753366614e-28 0 0 -3.3158262076551473e-30 218.75 218.75 4.744667381292707e-28 0 0 -5.5644555127333349e-29
d 0 0 -4.1550085067793023e-28 0 0 -3.3163654900952e-30 219.0625 219.0625 4.7445890172429202e-28 0 0 -5.5644214981293846e-29
d 0 0 -4.1549290592376167e-28 0 0 -3.316904778608546e-30 219.375 219.375 4.7445107660584308e-28 0 0 -5.5643885149232304e-29
d 0 0 -4.1548496327771621e-28 0 0 -3.3174440624966319e-30 219.6875 219.6875 4.7444326283193326e-28 0 0 -5.5643565666397333e-29
d 0 0 -4.1547702274649649e-28 0 0 -3.3179833276059121e-30 220 220 4.7443546050384695e-28 0 0 -5.5643256610973472e-29
d 0 0 -4.154690843369629e-28 0 0 -3.3185225564268989e-30 220.3125 220.3125 4.7442766977591354e-28 0 0 -5.5642958113821785e-29
d 0 0 -4.1546114805614437e-28 0 0 -3.3190617280424214e-30 220.625 220.625 4.744198908656359e-28 0 0 -5.5642670368581015e-29
d 0 0 -4.1545321391124954e-28 0 0 -3.319600817547822e-30 220.9375 220.9375 4.7441212406409649e-28 0 0 -5.5642393642047818e-29
d 0 0 -4.1544528190967859e-28 0 0 -3.3201397991931365e-30 221.25 221.25 4.7440436974656097e-28 0 0 -5.5642128284756265e-29
d 0 0 -4.1543735205903523e-28 0 0 -3.320678643467551e-30 221.5625 221.5625 4.7439662838320172e-28 0 0 -5.5641874741679232e-29
d 0 0 -4.1542942436713964e-28 0 0 -3.3212173185861798e-30 221.875 221.875 4.7438890054986952e-28 0 0 -5.5641633562979446e-29
d 0 0 -4.1542149884204169e-28 0 0 -3.3217557914855747e-30 222.1875 222.1875 4.74381186938846e-28 0 0 -5.5641405414743459e-29
d 0 0 -4.1541357549203527e-28 0 0 -3.3222940276109556e-30 222.5 222.5 4.7437348836951643e-28 0 0 -5.5641191089637472e-29
d 0 0 -4.1540565432567318e-28 0 0 -3.3228319907503231e-30 222.8125 222.8125 4.7436580579890748e-28 0 0 -5.5640991517431392e-29
d 0 0 -4.1539773535178348e-28 0 0 -3.3233696422037916e-30 223.125 223.125 4.7435814033204141e-28 0 0 -5.564080777533958e-29
d 0 0 -4.1538981857948604e-28 0 0 -3.3239069442671147e-30 223.4375 223.4375 4.7435049323205835e-28 0 0 -5.564064109813334e-29
d 0 0 -4.1538190401821158e-28 0 0 -3.3244438571339018e-30 223.75 223.75 4.7434286593006275e-28 0 0 -5.5640492887978822e-29
d 0 0 -4.1537399167772129e-28 0 0 -3.3249803401040114e-30 224.0625 224.0625 4.74335260034645e-28 0 0 -5.5640364723952427e-29
d 0 0 -4.1536608156812819e-28 0 0 -3.3255163528780853e-30 224.375 224.375 4.743276773410268e-28 0 0 -5.5640258371182132e-29
d 0 0 -4.1535817369992119e-28 0 0 -3.3260518544604498e-30 224.6875 224.6875 4.7432011983976612e-28 0 0 -5.5640175789549855e-29
d 0 0 -4.1535026808399031e-28 0 0 -3.3265868030392283e-30 225 225 4.7431258972494587e-28 0 0 -5.5640119141879654e-29
d 0 0 -4.15342364731655e-28 0 0 -3.3271211589545804e-30 225.3125 225.3125 4.7430508940175026e-28 0 0 -5.5640090801514539e-29
d 0 0 -4.1533446365469576e-28 0 0 -3.3276548794203656e-30 225.625 225.625 4.7429762149330839e-28 0 0 -5.5640093359162277e-29
d 0 0 -4.1532656486538832e-28 0 0 -3.3281879240220659e-30 225.9375 225.9375 4.7429018884665679e-28 0 0 -5.5640129628859592e-29
d 0 0 -4.1531866837654267e-28 0 0 -3.328720252730173e-30 226.25 226.25 4.7428279453763492e-28 0 0 -5.5640202652870348e-29
d 0 0 -4.153107742015457e-28 0 0 -3.3292518246368779e-30 226.5625 226.5625 4.7427544187449195e-28 0 0 -5.5640315705293991e-29
d 0 0 -4.1530288235441004e-28 0 0 -3.329782600857933e-30 226.875 226.875 4.742681343999347e-28 0 0 -5.5640472294112993e-29
d 0 0 -4.1529499284982875e-28 0 0 -3.3303125426216888e-30 227.1875 227.1875 4.7426087589130151e-28 0 0 -5.564067616136438e-29
d 0 0 -4.1528710570323683e-28 0 0 -3.3308545193539884e-30 227.5 227.5 4.7425367035931263e-28 0 0 -5.5640931281064074e-29
d 0 0 -4.1527922093088125e-28 0 0 -3.3313833936018136e-30 227.8125 227.8125 4.7424652204011321e-28 0 0 -5.5641241854463184e-29
d 0 0 -4.152713385499012e-28 0 0 -3.3304873439169783e-30 228.125 228.125 4.7423943530353302e-28 0 0 -5.5641612302161331e-29
d 0 0 -4.1526345857841865e-28 0 0 -3.326842539646631e-30 228.4375 228.4375 4.7423241475801841e-28 0 0 -5.5642047252551156e-29
d 0 0 -4.1525558103564328e-28 0 0 -3.3272695135782558e-30 228.75 228.75 4.7422546563684759e-28 0 0 -5.5642551526026432e-29
d 0 0 -4.1524770594199145e-28 0 0 -3.3276961450872495e-30 229.0625 229.0625 4.7421859274281434e-28 0 0 -5.5643130114349698e-29
d 0 0 -4.1523983331922459e-28 0 0 -3.3281224538509852e-30 229.375 229.375 4.7421180125293238e-28 0 0 -5.5643788154556151e-29
d 0 0 -4.1523196319060774e-28 0 0 -3.3285484588009285e-30 229.6875 229.6875 4.7420509645820903e-28 0 0 -5.5644530896769586e-29
d 0 0 -4.1522409558109406e-28 0 0 -3.3289055652497508e-30 230 230 4.7419848372128741e-28 0 0 -5.5645363665331552e-29
d 0 0 -4.15098588650307e-28 0 0 -3.3357216196810857e-30 235 235 4.7410887289148878e-28 0 0 -5.567456262147402e-29
d 0 0 -4.1497443049220076e-28 0 0 -3.3423138886238714e-30 240 240 4.7404602980900236e-28 0 0 -5.572928542869431e-29
d 0 0 -4.1485748869931396e-28 0 0 -3.3487800349829262e-30 245 245 4.7397983369566148e-28 0 0 -5.5773564934609209e-29
d 0 0 -4.1484198548050086e-28 0 0 -3.3495765154852949e-30 245.625 245.625 4.7396889828835096e-28 0 0 -5.5777336347239012e-29
d 0 0 -4.1482648025640302e-28 0 0 -3.3503737430942656e-30 246.25 246.25 4.7395757836138248e-28 0 0 -5.57807280335208e-29
d 0 0 -4.1481097561549314e-28 0 0 -3.3511615296821656e-30 246.875 246.875 4.7394589611219338e-28 0 0 -5.5783759652544755e-29
d 0 0 -4.1479547331238791e-28 0 0 -3.3519495741712057e-30 247.5 247.5 4.7393387496749218e-28 0 0 -5.5786452919314814e-29
d 0 0 -4.1477997459155984e-28 0 0 -3.3527337048790761e-30 248.125 248.125 4.7392153942601565e-28 0 0 -5.5788831125513244e-29
d 0 0 -4.1477222687006202e-28 0 0 -3.3530998546649498e-30 248.4375 248.4375 4.7391526167637466e-28 0 0 -5.5789909716553223e-29
d 0 0 -4.1476448036807816e-28 0 0 -3.3566240291765426e-30 248.75 248.75 4.7390891512274643e-28 0 0 -5.5790918845365945e-29
d 0 0 -4.147489913349912e-28 0 0 -3.3542947803255515e-30 249.375 249.375 4.7389602782010862e-28 0 0 -5.5792741704788202e-29
d 0 0 -4.1473350803041047e-28 0 0 -3.3550706909467762e-30 250 250 4.738829049899505e-28 0 0 -5.579432612736138e-29
d 0 0 -4.1471803088120674e-28 0 0 -3.355843710558715e-30 250.625 250.625 4.7386957376432125e-28 0 0 -5.5795699010948327e-29
d 0 0 -4.1470256023250095e-28 0 0 -3.3566138512222266e-30 251.25 251.25 4.7385606144499696e-28 0 0 -5.5796887323621652e-29
d 0 0 -4.1468709636819211e-28 0 0 -3.3573808735247202e-30 251.875 251.875 4.7384239487459087e-28 0 0 -5.5797917631575241e-29
d 0 0 -4.1467936705586458e-28 0 0 -3.3577632163118614e-30 252.1875 252.1875 4.7383551188528825e-28 0 0 -5.5798381599513145e-29
d 0 0 -4.1467163952564083e-28 0 0 -3.358146598212332e-30 252.5 252.5 4.738285999359924e-28 0 0 -5.5798815584157317e-29
d 0 0 -4.1465618990643139e-28 0 0 -3.3589057062067726e-30 253.125 253.125 4.7381470103312379e-28 0 0 -5.5799605384765209e-29
d 0 0 -4.1464074768443377e-28 0 0 -3.3596636344844762e-30 253.75 253.75 4.738007205838403e-28 0 0 -5.5800309275052956e-29
d 0 0 -4.1463302939569034e-28 0 0 -3.3600436923961324e-30 254.0625 254.0625 4.7379370612440312e-28 0 0 -5.5800635299235972e-29
d 0 0 -4.1462531301195903e-28 0 0 -3.3604208507106577e-30 254.375 254.375 4.7378667854727443e-28 0 0 -5.5800947057333172e-29
d 0 0 -4.1460988602453913e-28 0 0 -3.3611457807055343e-30 255 255 4.7377259201228964e-28 0 0 -5.5801535678452619e-29
d 0 0 -4.1448675990008644e-28 0 0 -3.36700821379434e-30 260 260 4.7365925668164057e-28 0 0 -5.580541932225389e-29
d 0 0 -4.143641831043634e-28 0 0 -3.3727981738855107e-30 265 265 4.7354379632683263e-28 0 0 -5.5806814319505016e-29
d 0 0 -4.143489020960168e-28 0 0 -3.3735017467168769e-30 265.625 265.625 4.7352908271317744e-28 0 0 -5.5806679153425456e-29
d 0 0 -4.1434126515262133e-28 0 0 -3.3738629558665204e-30 265.9375 265.9375 4.7352170103958283e-28 0 0 -5.5806584172148299e-29
d 0 0 -4.1433363060607805e-28 0 0 -3.3742126365583377e-30 266.25 266.25 4.7351430310322603e-28 0 0 -5.5806471215368926e-29
d 0 0 -4.1431836877798002e-28 0 0 -3.3748989195079131e-30 266.875 266.875 4.7349945972069692e-28 0 0 -5.5806192568765654e-29
d 0 0 -4.143031167714449e-28 0 0 -3.3755980586379895e-30 267.5 267.5 4.7348455556814771e-28 0 0 -5.5805846035428721e-29
d 0 0 -4.1428787476666237e-28 0 0 -3.3763015343246515e-30 268.125 268.125 4.7346959422605561e-28 0 0 -5.5805434997553242e-29
d 0 0 -4.1427264296966563e-28 0 0 -3.3769734517344788e-30 268.75 268.75 4.7345457968632919e-28 0 0 -5.5804963224004551e-29
d 0 0 -4.1425742161934868e-28 0 0 -3.3776601761207735e-30 269.375 269.375 4.7343951622184164e-28 0 0 -5.58044347268861e-29
d 0 0 -4.1424221099677494e-28 0 0 -3.3783535115924356e-30 270 270 4.7342440827654203e-28 0 0 -5.5803853649927162e-29
d 0 0 -4.1422701143774342e-28 0 0 -3.3789971086263257e-30 270.625 270.625 4.734092603973993e-28 0 0 -5.5803224187096042e-29
d 0 0 -4.1421182335008066e-28 0 0 -3.3797101122489923e-30 271.25 271.25 4.7339407720249377e-28 0 0 -5.5802550527912021e-29
d 0 0 -4.1419664723795109e-28 0 0 -3.3803613477709141e-30 271.875 271.875 4.7337886336763015e-28 0 0 -5.5801836824971579e-29
d 0 0 -4.1418148373686081e-28 0 0 -3.3810548840974429e-30 272.5 272.5 4.733636236533405e-28 0 0 -5.5801087178964935e-29
d 0 0 -4.1416633366542982e-28 0 0 -3.3817375631563915e-30 273.125 273.125 4.7334836294236711e-28 0 0 -5.5800305636694662e-29
d 0 0 -4.1415876399033577e-28 0 0 -3.3819423915081674e-30 273.4375 273.4375 4.7334072629042862e-28 0 0 -5.5799904155956651e-29
d 0 0 -4.1415119810433699e-28 0 0 -3.3822765845565995e-30 273.75 273.75 4.7333308633293701e-28 0 0 -5.5799496198124502e-29
d 0 0 -4.1413607852095032e-28 0 0 -3.3830578614453334e-30 274.375 274.375 4.7331779930036124e-28 0 0 -5.5798662829137466e-29
d 0 0 -4.1412097697401447e-28 0 0 -3.3826588831962186e-30 275 275 4.7330250780374127e-28 0 0 -5.5797809477383687e-29
d 0 0 -4.1410589646516977e-28 0 0 -3.3843860840389765e-30 275.625 275.625 4.7328721899310339e-28 0 0 -5.5796940089330557e-29
d 0 0 -4.1409084157276572e-28 0 0 -3.3850409809604308e-30 276.25 276.25 4.7327194127976203e-28 0 0 -5.5796058627459361e-29
d 0 0 -4.1407581965040924e-28 0 0 -3.3856978564461726e-30 276.875 276.875 4.7325668611710897e-28 0 0 -5.5795169087670168e-29
d 0 0 -4.1406084315567022e-28 0 0 -3.386351408711876e-30 277.5 277.5 4.7324147008069157e-28 0 0 -5.5794275518449584e-29
d 0 0 -4.1404593387683724e-28 0 0 -3.3870051215621242e-30 278.125 278.125 4.7322631919247245e-28 0 0 -5.5793382042589938e-29
d 0 0 -4.1403112733870435e-28 0 0 -3.3876540565049288e-30 278.75 278.75 4.7321127335063403e-28 0 0 -5.5792492857860853e-29
d 0 0 -4.140164659665887e-28 0 0 -3.3883011468926603e-30 279.375 279.375 4.7319637936410303e-28 0 0 -5.5791612116557764e-29
d 0 0 -4.1400201442729595e-28 0 0 -3.3889480853540547e-30 280 280 4.7318170636782426e-28 0 0 -5.5790743903068792e-29
d 0 0 -4.1391881387441029e-28 0 0 -3.4130979327963494e-30 285 285 4.7328341472372195e-28 0 0 -5.5951505441736846e-29
d 0 0 -4.1383767171194322e-28 0 0 -3.4183314043631897e-30 290 290 4.732029676502515e-28 0 0 -5.5946964523263876e-29
d 0 0 -4.1375698024968273e-28 0 0 -3.4233908432457955e-30 295 295 4.7312388029822453e-28 0 0 -5.5943509205289409e-29
d 0 0 -4.1371875532315336e-28 0 0 -3.4258054319839641e-30 297.5 297.5 4.7308637830945955e-28 0 0 -5.5941817535929802e-29
d 0 0 -4.1368147379260537e-28 0 0 -3.4281639016501719e-30 300 300 4.7304958748768961e-28 0 0 -5.5939951183464964e-29
d 0 0 -4.1364134158202637e-28 0 0 -3.4305699622581539e-30 302.5 302.5 4.7300966485051735e-28 0 0 -5.5937753627080448e-29
d 0 0 -4.1360115065941231e-28 0 0 -3.4329476395359942e-30 305 305 4.7296935123248241e-28 0 0 -5.593525315904774e-29
d 0 0 -4.13560977710317e-28 0 0 -3.4352949369390247e-30 307.5 307.5 4.7292875798607037e-28 0 0 -5.5932485334018127e-29
d 0 0 -4.1352084490934751e-28 0 0 -3.4376127941868343e-30 310 310 4.7288796259681083e-28 0 0 -5.592950486552325e-29
d 0 0 -4.1348076217874948e-28 0 0 -3.4399038606564542e-30 312.5 312.5 4.7284703205500785e-28 0 0 -5.5926367965138791e-29
d 0 0 -4.134407351661541e-28 0 0 -3.4421631063988954e-30 315 315 4.7280602337887732e-28 0 0 -5.5923125112288272e-29
d 0 0 -4.1340076772455494e-28 0 0 -3.4443974121660024e-30 317.5 317.5 4.7276498512715987e-28 0 0 -5.591982015003899e-29
d 0 0 -4.1336086294870635e-28 0 0 -3.4466053987429926e-30 320 320 4.7272395960558805e-28 0 0 -5.5916491480500869e-29
d 0 0 -4.1328125336677457e-28 0 0 -3.4509452280609812e-30 325 325 4.7264209346942565e-28 0 0 -5.5909894874584772e-29
d 0 0 -4.1320193780551564e-28 0 0 -3.4551880319233425e-30 330 330 4.7256068080082776e-28 0 0 -5.5903554963378192e-29
d 0 0 -4.1319204680786043e-28 0 0 -3.4555654260385761e-30 330.625 330.625 4.7255054687311682e-28 0 0 -5.5902788381261684e-29
d 0 0 -4.1318216168794433e-28 0 0 -3.4562276477091448e-30 331.25 331.25 4.7254042378556489e-28 0 0 -5.5902028257285586e-29
d 0 0 -4.1317228277204189e-28 0 0 -3.456722294914901e-30 331.875 331.875 4.7253031201278624e-28 0 0 -5.5901274743397299e-29
d 0 0 -4.1316241047268121e-28 0 0 -3.4571883530851817e-30 332.5 332.5 4.7252021208533257e-28 0 0 -5.5900527974019785e-29
d 0 0 -4.1315254532437341e-28 0 0 -3.4577900301107672e-30 333.125 333.125 4.725101246351458e-28 0 0 -5.5899788070065865e-29
d 0 0 -4.1314268804089427e-28 0 0 -3.4582968792910391e-30 333.75 333.75 4.7250005045079761e-28 0 0 -5.5899055145779255e-29
d 0 0 -4.1313776264322078e-28 0 0 -3.458562115010435e-30 334.0625 334.0625 4.7249501864788685e-28 0 0 -5.5898691337726687e-29
d 0 0 -4.1313283961311803e-28 0 0 -3.4588174751590424e-30 334.375 334.375 4.7248999058436746e-28 0 0 -5.589832932105188e-29
d 0 0 -4.1312791914718422e-28 0 0 -3.4590717505749704e-30 334.6875 334.6875 4.7248496646299006e-28 0 0 -5.5897969115524475e-29
d 0 0 -4.1312300149099965e-28 0 0 -3.4593248079967072e-30 335 335 4.7247994653548363e-28 0 0 -5.5897610745584486e-29
d 0 0 -4.13083856541371e-28 0 0 -3.4613575027447362e-30 337.5 337.5 4.7244003604496815e-28 0 0 -5.5894822000780755e-29
d 0 0 -4.1307904838697277e-28 0 0 -3.4616039412332695e-30 337.8125 337.8125 4.7243514107080777e-28 0 0 -5.589449232413245e-29
d 0 0 -4.1307430053715092e-28 0 0 -3.4618758249360585e-30 338.125 338.125 4.7243030998274139e-28 0 0 -5.5894173214925643e-29
d 0 0 -4.1306958160170912e-28 0 0 -3.4621600789936397e-30 338.4375 338.4375 4.7242550992314369e-28 0 0 -5.5893859181992521e-29
d 0 0 -4.1306486238602959e-28 0 0 -3.4624583181091403e-30 338.75 338.75 4.7242071036536806e-28 0 0 -5.5893545170265989e-29
d 0 0 -4.1306010437229707e-28 0 0 -3.4625413762425322e-30 339.0625 339.0625 4.7241587112267625e-28 0 0 -5.5893224771631722e-29
d 0 0 -4.13055309552352e-28 0 0 -3.4627855709349946e-30 339.375 339.375 4.7241099429619517e-28 0 0 -5.5892898318958977e-29
d 0 0 -4.130505038332584e-28 0 0 -3.4630318998672863e-30 339.6875 339.6875 4.7240610686659039e-28 0 0 -5.5892569970931734e-29
d 0 0 -4.1304569934243927e-28 0 0 -3.4632789232935001e-30 340 340 4.7240122144936813e-28 0 0 -5.5892241651707384e-29
d 0 0 -4.1304090059426672e-28 0 0 -3.4635260681195325e-30 340.3125 340.3125 4.7239634273976702e-28 0 0 -5.5891914114345438e-29
d 0 0 -4.1303610927403034e-28 0 0 -3.4637730802356093e-30 340.625 340.625 4.7239147249210475e-28 0 0 -5.589158768450257e-29
d 0 0 -4.1303132645336115e-28 0 0 -3.4640198272711707e-30 340.9375 340.9375 4.7238661180603902e-28 0 0 -5.5891262529226874e-29
d 0 0 -4.1302655388788289e-28 0 0 -3.4642662159936903e-30 341.25 341.25 4.7238176245369732e-28 0 0 -5.5890938769623788e-29
d 0 0 -4.1302179500156455e-28 0 0 -3.4645121489515755e-30 341.5625 341.5625 4.7237692787896593e-28 0 0 -5.5890616539727779e-29
d 0 0 -4.1301705654134462e-28 0 0 -3.464757481280913e-30 341.875 341.875 4.723721148671972e-28 0 0 -5.5890296047008965e-29
d 0 0 -4.1301235315532267e-28 0 0 -3.4650019258873488e-30 342.1875 342.1875 4.7236733815744568e-28 0 0 -5.5889977707715937e-29
d 0 0 -4.1300772110007499e-28 0 0 -3.4652447874324159e-30 342.5 342.5 4.7236263424765558e-28 0 0 -5.5889662533877297e-29
d 0 0 -4.1300323899995716e-28 0 0 -3.4654845006050744e-30 342.8125 342.8125 4.7235808230762997e-28 0 0 -5.5889352717762971e-29
d 0 0 -4.1299898093735761e-28 0 0 -3.4657196905007494e-30 343.125 343.125 4.7235375718197649e-28 0 0 -5.5889050557864691e-29
d 0 0 -4.1299521786724793e-28 0 0 -3.465944873225267e-30 343.4375 343.4375 4.7234994780609717e-28 0 0 -5.5888779126961099e-29
d 0 0 -4.1299154944732816e-28 0 0 -3.4661999139694513e-30 343.75 343.75 4.7234706071527134e-28 0 0 -5.5889305956799908e-29
d 0 0 -4.1298953566784357e-28 0 0 -3.4701958125245243e-30 344.0625 344.0625 4.7244438080467404e-28 0 0 -5.598464932613066e-29
d 0 0 -4.1298773639717217e-28 0 0 -3.4747583261641036e-30 344.375 344.375 4.7255697136374637e-28 0 0 -5.6094471305550887e-29
d 0 0 -4.1298458758315063e-28 0 0 -3.475070893538726e-30 344.6875 344.6875 4.725560937617747e-28 0 0 -5.6096429990130332e-29
d 0 0 -4.1298141548060893e-28 0 0 -3.4753100368534837e-30 345 345 4.7255334490662038e-28 0 0 -5.6096614213095447e-29
d 0 0 -4.1297823732031846e-28 0 0 -3.4755314709354655e-30 345.3125 345.3125 4.7255015595032718e-28 0 0 -5.6096385088086047e-29
d 0 0 -4.1297505838575054e-28 0 0 -3.4757511439460482e-30 345.625 345.625 4.7254695806114262e-28 0 0 -5.6096148531833126e-29
d 0 0 -4.1297187887982207e-28 0 0 -3.4759684934311561e-30 345.9375 345.9375 4.7254375628994644e-28 0 0 -5.6095909172745628e-29
d 0 0 -4.1296869893106759e-28 0 0 -3.476208061864106e-30 346.25 346.25 4.725405514122521e-28 0 0 -5.6095667632117824e-29
d 0 0 -4.1296551864784106e-28 0 0 -3.4764257306692558e-30 346.5625 346.5625 4.7253734402600077e-28 0 0 -5.6095424380222855e-29
d 0 0 -4.1296233812320376e-28 0 0 -3.4765789851039582e-30 346.875 346.875 4.725341346117661e-28 0 0 -5.609517978929714e-29
d 0 0 -4.1295915743847388e-28 0 0 -3.4768318726135619e-30 347.1875 347.1875 4.7253092356210922e-28 0 0 -5.6094934158346034e-29
d 0 0 -4.1295597666600863e-28 0 0 -3.4770471225432321e-30 347.5 347.5 4.7252771120266435e-28 0 0 -5.6094687730713399e-29
d 0 0 -4.129527958714678e-28 0 0 -3.4772618592224836e-30 347.8125 347.8125 4.7252449780747141e-28 0 0 -5.6094440706831901e-29
d 0 0 -4.1294961511574136e-28 0 0 -3.4774681743404592e-30 348.125 348.125 4.7252128361081673e-28 0 0 -5.609419325365782e-29
d 0 0 -4.12946434456689e-28 0 0 -3.4776815973226974e-30 348.4375 348.4375 4.7251806881631485e-28 0 0 -5.6093945511783442e-29
d 0 0 -4.1294325395082346e-28 0 0 -3.4778946724080559e-30 348.75 348.75 4.7251485360396452e-28 0 0 -5.6093697600900654e-29
d 0 0 -4.129400736550751e-28 0 0 -3.4781074055747989e-30 349.0625 349.0625 4.7251163813637625e-28 0 0 -5.609344962408563e-29
d 0 0 -4.1293689362880447e-28 0 0 -3.4783197991782142e-30 349.375 349.375 4.7250842256413436e-28 0 0 -5.6093201671245589e-29
d 0 0 -4.129337139362887e-28 0 0 -3.4785318534505068e-30 349.6875 349.6875 4.7250520703099277e-28 0 0 -5.609295382198795e-29
d 0 0 -4.129305346500276e-28 0 0 -3.4787435664246032e-30 350 350 4.7250199167939489e-28 0 0 -5.6092706148131199e-29
d 0 0 -4.1290513536511207e-28 0 0 -3.4804099529505634e-30 352.5 352.5 4.724763025029941e-28 0 0 -5.6090739673040262e-29
d 0 0 -4.1290197417683588e-28 0 0 -3.4806301377703253e-30 352.8125 352.8125 4.7247310586828538e-28 0 0 -5.6090497808689576e-29
d 0 0 -4.1289882683547472e-28 0 0 -3.4808351676894749e-30 353.125 353.125 4.7246992383618007e-28 0 0 -5.6090258768904771e-29
d 0 0 -4.1289570737829861e-28 0 0 -3.4810363622332689e-30 353.4375 353.4375 4.7246677109924101e-28 0 0 -5.6090025006065812e-29
d 0 0 -4.1289261216613393e-28 0 0 -3.4812341010107602e-30 353.75 353.75 4.7246364386195261e-28 0 0 -5.6089795903561994e-29
d 0 0 -4.1288952012041339e-28 0 0 -3.4814310557183639e-30 354.0625 354.0625 4.7246052009899519e-28 0 0 -5.6089567814022901e-29
d 0 0 -4.1288641182271406e-28 0 0 -3.4816296987697228e-30 354.375 354.375 4.7245737952668747e-28 0 0 -5.6089337368830151e-29
d 0 0 -4.128832732667195e-28 0 0 -3.4818318270634887e-30 354.6875 354.6875 4.7245420752633061e-28 0 0 -5.6089102138919209e-29
d 0 0 -4.1288011706060291e-28 0 0 -3.4820358071218555e-30 355 355 4.7245101730420886e-28 0 0 -5.6088864338195307e-29
d 0 0 -4.128547581883771e-28 0 0 -3.4836701288743038e-30 357.5 357.5 4.7242539138510846e-28 0 0 -5.6086962541476165e-29
d 0 0 -4.1284207763254309e-28 0 0 -3.48447930467892e-30 358.75 358.75 4.7241258584948202e-28 0 0 -5.6086026321341316e-29
d 0 0 -4.1282945288833819e-28 0 0 -3.4852803010293163e-30 360 360 4.7239984597910232e-28 0 0 -5.6085112175446806e-29
d 0 0 -4.1280419931236634e-28 0 0 -3.4868692414754861e-30 362.5 362.5 4.7237438379017038e-28 0 0 -5.6083315236353975e-29
d 0 0 -4.1277885888708695e-28 0 0 -3.4884564430865345e-30 365 365 4.7234887916786846e-28 0 0 -5.608156383758438e-29
d 0 0 -4.1275352965763819e-28 0 0 -3.4900292184413267e-30 367.5 367.5 4.7232344207237555e-28 0 0 -5.6079883196098386e-29
d 0 0 -4.1275036507066714e-28 0 0 -3.490227240383514e-30 367.8125 367.8125 4.7232026854219188e-28 0 0 -5.6079678736361125e-29
d 0 0 -4.1274720086346367e-28 0 0 -3.4904200129111861e-30 368.125 368.125 4.723170964857385e-28 0 0 -5.6079475609859548e-29
d 0 0 -4.127408736178817e-28 0 0 -3.4908098507619435e-30 368.75 368.75 4.723107569289144e-28 0 0 -5.6079073459843868e-29
d 0 0 -4.1273771059345484e-28 0 0 -3.4910044142395432e-30 369.0625 369.0625 4.7230758949570393e-28 0 0 -5.6078874488380337e-29
d 0 0 -4.1273454797685813e-28 0 0 -3.4911987399112801e-30 369.375 369.375 4.7230442367065542e-28 0 0 -5.6078676954223674e-29
d 0 0 -4.1272822399308196e-28 0 0 -3.4915866778094772e-30 370 370 4.7229809697916973e-28 0 0 -5.6078286303388805e-29
d 0 0 -4.1267769828016981e-28 0 0 -3.4946568954139548e-30 375 375 4.7224775245034269e-28 0 0 -5.6075397274648793e-29
d 0 0 -4.1262732132284831e-28 0 0 -3.4976703763261248e-30 380 380 4.7219799157417784e-28 0 0 -5.6072999875044966e-29
d 0 0 -4.1257729505466488e-28 0 0 -3.5006291287969946e-30 385 385 4.7214909383912906e-28 0 0 -5.6071169729947351e-29
d 0 0 -4.1252839573997956e-28 0 0 -3.5035162453767647e-30 390 390 4.7210183720457312e-28 0 0 -5.6069925219211883e-29
d 0 0 -4.1249658275029101e-28 0 0 -3.5086941942767757e-30 395 395 4.7231904488458165e-28 0 0 -5.6313767939965876e-29
d 0 0 -4.1248106415078444e-28 0 0 -3.5097706532949501e-30 397.5 397.5 4.7230448832583959e-28 0 0 -5.6313653521724444e-29
d 0 0 -4.1246555393466158e-28 0 0 -3.5108372606278797e-30 400 400 4.722900403230849e-28 0 0 -5.631364912776029e-29
d 0 0 -4.1243456365616714e-28 0 0 -3.5129416245100385e-30 405 405 4.7226192997389221e-28 0 0 -5.6314423871872749e-29
d 0 0 -4.124190868874776e-28 0 0 -3.513981478857859e-30 407.5 407.5 4.7224867555817091e-28 0 0 -5.6315607191803667e-29
d 0 0 -4.1240362612608256e-28 0 0 -3.5150117168112931e-30 410 410 4.7223646707865427e-28 0 0 -5.6317829235742517e-29
d 0 0 -4.1237278941159845e-28 0 0 -3.5170451504194762e-30 415 415 4.7221830537506149e-28 0 0 -5.6328470811447413e-29
d 0 0 -4.1234244791934632e-28 0 0 -3.5190231548837165e-30 420 420 4.7221694873929158e-28 0 0 -5.6355477692992315e-29
d 0 0 -4.123166359218424e-28 0 0 -3.521547089587955e-30 425 425 4.7250390738976428e-28 0 0 -5.6665724378253111e-29
d 0 0 -4.1230708805473731e-28 0 0 -3.5222190981825919e-30 427.5 427.5 4.7252312453254479e-28 0 0 -5.669381733427256e-29
d 0 0 -4.1229754757540553e-28 0 0 -3.5228860074159691e-30 430 430 4.7253926128316924e-28 0 0 -5.6718827665393423e-29
d 0 0 -4.1228801873472849e-28 0 0 -3.5235479417410622e-30 432.5 432.5 4.7254986780384585e-28 0 0 -5.6738301109975181e-29
d 0 0 -4.1227851231412368e-28 0 0 -3.5242044468920038e-30 435 435 4.7255461248989674e-28 0 0 -5.6751895721049937e-29
d 0 0 -4.1225981588003189e-28 0 0 -3.5254858852373183e-30 440 440 4.7255137619498572e-28 0 0 -5.6766074460002698e-29
d 0 0 -4.1224350603856184e-28 0 0 -3.5267735739341335e-30 445 445 4.7280320948856714e-28 0 0 -5.7032929870792731e-29
d 0 0 -4.1223179125266656e-28 0 0 -3.5275979717043209e-30 450 450 4.727947268273626e-28 0 0 -5.7035337601331105e-29
d 0 0 -4.1222030023626856e-28 0 0 -3.5284002652363525e-30 455 455 4.7278509934061026e-28 0 0 -5.7036398322487233e-29
d 0 0 -4.1221248432648571e-28 0 0 -3.5289784584573038e-30 460 460 4.7304081112295006e-28 0 0 -5.7299347503107579e-29
d 0 0 -4.1220894188236052e-28 0 0 -3.5292279211674918e-30 462.5 462.5 4.7303790831532145e-28 0 0 -5.729973780364097e-29
d 0 0 -4.1220640204179906e-28 0 0 -3.5294130214703006e-30 465 465 4.732795184698549e-28 0 0 -5.7543703338426148e-29
d 0 0 -4.1220250406682145e-28 0 0 -3.5296899258418815e-30 470 470 4.7343886686256036e-28 0 0 -5.7706672869812635e-29
d 0 0 -4.1219865032352807e-28 0 0 -3.5298105005397861e-30 475 475 4.7343614426960083e-28 0 0 -5.7707532671154398e-29
d 0 0 -4.1219479714259878e-28 0 0 -3.530230544643424e-30 480 480 4.7343316993035039e-28 0 0 -5.7708140710218655e-29
d 0 0 -4.1219094450154006e-28 0 0 -3.5305020848957682e-30 485 485 4.7343005092047136e-28 0 0 -5.7708604097110741e-29
d 0 0 -4.1218709239222939e-28 0 0 -3.5307717622369816e-30 490 490 4.7342678995817307e-28 0 0 -5.7708925567458354e-29
d 0 0 -4.1218324080380249e-28 0 0 -3.5310407864395165e-30 495 495 4.7342344086558908e-28 0 0 -5.770915895921663e-29
d 0 0 -4.1217938972941608e-28 0 0 -3.5313092634980028e-30 500 500 4.7342003737317229e-28 0 0 -5.7709338012465454e-29
d 0 0 -4.1217553916520508e-28 0 0 -3.5315771782397608e-30 505 505 4.7341659868296578e-28 0 0 -5.7709481934234298e-29
d 0 0 -4.1217168910927871e-28 0 0 -3.531844524992272e-30 510 510 4.7341313587349692e-28 0 0 -5.7709601804731649e-29
d 0 0 -4.1216783956108614e-28 0 0 -3.5321113025768292e-30 515 515 4.734096555811218e-28 0 0 -5.7709704259590642e-29
d 0 0 -4.1216399052102098e-28 0 0 -3.5323775139360962e-30 520 520 4.7340616197996218e-28 0 0 -5.7709793470420203e-29
d 0 0 -4.1216014199015872e-28 0 0 -3.5326425825095831e-30 525 525 4.7340265789160404e-28 0 0 -5.7709872254943786e-29
d 0 0 -4.1215629397007984e-28 0 0 -3.5329076139422602e-30 530 530 4.7339914543853861e-28 0 0 -5.7709942730749572e-29
d 0 0 -4.1215244646274553e-28 0 0 -3.5331720228968871e-30 535 535 4.7339562638988138e-28 0 0 -5.7710006661248309e-29
d 0 0 -4.1214859947041499e-28 0 0 -3.5334360201816322e-30 540 540 4.7339210226551108e-28 0 0 -5.7710065559987232e-29
d 0 0 -4.121447529955903e-28 0 0 -3.5336995177041547e-30 545 545 4.7338857430584913e-28 0 0 -5.771012066056577e-29
d 0 0 -4.12140907040971e-28 0 0 -3.533962494615768e-30 550 550 4.7338504344225282e-28 0 0 -5.771017288713815e-29
d 0 0 -4.1213706160941208e-28 0 0 -3.5342249324440883e-30 555 555 4.7338151033336428e-28 0 0 -5.7710222890855204e-29
d 0 0 -4.1213321670388562e-28 0 0 -3.5344865691734615e-30 560 560 4.7337797544591105e-28 0 0 -5.7710271130741985e-29
d 0 0 -4.1212937232744838e-28 0 0 -3.5347479256794074e-30 565 565 4.7337443913745275e-28 0 0 -5.7710317956506963e-29
d 0 0 -4.1212552848321561e-28 0 0 -3.5350087422921603e-30 570 570 4.7337090172226488e-28 0 0 -5.7710363674475417e-29
d 0 0 -4.1212168517434001e-28 0 0 -3.5352690091295295e-30 575 575 4.7336736352253139e-28 0 0 -5.7710408598823587e-29
d 0 0 -4.1211784240399403e-28 0 0 -3.5355286611112829e-30 580 580 4.7336382491279806e-28 0 0 -5.7710453096064931e-29
d 0 0 -4.1211400017535525e-28 0 0 -3.535787867484037e-30 585 585 4.7336028636419435e-28 0 0 -5.7710497629299927e-29
d 0 0 -4.1211015849159216e-28 0 0 -3.5360465497428697e-30 590 590 4.7335674849323822e-28 0 0 -5.7710542807044382e-29
d 0 0 -4.1210631735585157e-28 0 0 -3.536304714661049e-30 595 595 4.7335321212004531e-28 0 0 -5.7710589441460004e-29
d 0 0 -4.1210247677124583e-28 0 0 -3.5365623428002929e-30 600 600 4.7334967834241194e-28 0 0 -5.7710638622451905e-29
d 0 0 -4.1209863674083601e-28 0 0 -3.5368194934729825e-30 605 605 4.7334614863403972e-28 0 0 -5.7710691815919934e-29
d 0 0 -4.1209479726761115e-28 0 0 -3.5370761478432085e-30 610 610 4.7334262497953246e-28 0 0 -5.7710750998784565e-29
d 0 0 -4.1209095835447046e-28 0 0 -3.5373323122149504e-30 615 615 4.7333911006399919e-28 0 0 -5.7710818848595929e-29
d 0 0 -4.1208712000419077e-28 0 0 -3.5375879921994057e-30 620 620 4.7333560753804606e-28 0 0 -5.771089900856208e-29
d 0 0 -4.1208328221938609e-28 0 0 -3.5378431927792521e-30 625 625 4.733321223886892e-28 0 0 -5.7710996458497907e-29
d 0 0 -4.1207944500245301e-28 0 0 -3.5380979184084425e-30 630 630 4.7332866145260205e-28 0 0 -5.7711118028119477e-29
d 0 0 -4.1207560835549793e-28 0 0 -3.5383521366039038e-30 635 635 4.7332523411391172e-28 0 0 -5.7711273094900338e-29
d 0 0 -4.1207177228024168e-28 0 0 -3.5386059156944058e-30 640 640 4.7332185322692518e-28 0 0 -5.7711474506876833e-29
d 0 0 -4.1206793677789866e-28 0 0 -3.5388592299667466e-30 645 645 4.7331853628264814e-28 0 0 -5.771173974926458e-29
d 0 0 -4.1206410184903738e-28 0 0 -3.5391120830212706e-30 650 650 4.7331530677334704e-28 0 0 -5.7712092309134363e-29
d 0 0 -4.1206026749343963e-28 0 0 -3.5393644785738415e-30 655 655 4.7331219556447217e-28 0 0 -5.7712563047448679e-29
d 0 0 -4.120564337100076e-28 0 0 -3.5396159853675084e-30 660 660 4.7330924181541717e-28 0 0 -5.7713191119894614e-29
d 0 0 -4.1205260049680656e-28 0 0 -3.539867369364644e-30 665 665 4.7330649259409052e-28 0 0 -5.7714023591416741e-29
d 0 0 -4.1204876785137319e-28 0 0 -3.5401182803048719e-30 670 670 4.7330399993988434e-28 0 0 -5.7715112498926841e-29
d 0 0 -4.1204493577141428e-28 0 0 -3.5403687217976442e-30 675 675 4.7330181415879092e-28 0 0 -5.7716508145839003e-29
d 0 0 -4.1204110425590871e-28 0 0 -3.540618691212055e-30 680 680 4.7329997323086181e-28 0 0 -5.7718248508612623e-29
d 0 0 -4.1203727330637355e-28 0 0 -3.540868187325354e-30 685 685 4.7329849062976101e-28 0 0 -5.7720347055254579e-29
d 0 0 -4.120334429277924e-28 0 0 -3.5411172084026283e-30 690 690 4.7329734638684254e-28 0 0 -5.7722783808622134e-29
d 0 0 -4.1202961312869665e-28 0 0 -3.5413657423515664e-30 695 695 4.7329648632896756e-28 0 0 -5.7725504584166161e-29
d 0 0 -4.1202578392025138e-28 0 0 -3.541613805492889e-30 700 700 4.7329583091445339e-28 0 0 -5.7728429826626727e-29
d 0 0 -4.1202195531467475e-28 0 0 -3.5418613883474621e-30 705 705 4.7329529051991245e-28 0 0 -5.7731469898168483e-29
d 0 0 -4.1201812732351177e-28 0 0 -3.5421084912170701e-30 710 710 4.7329478215385647e-28 0 0 -5.7734541793401967e-29
d 0 0 -4.1201429995614399e-28 0 0 -3.5423551161658101e-30 715 715 4.7329424391833774e-28 0 0 -5.7737583602244972e-29
d 0 0 -4.1201047321872727e-28 0 0 -3.5426012671964038e-30 720 720 4.7329364535932246e-28 0 0 -5.7740564861162942e-29
d 0 0 -4.120066471137e-28 0 0 -3.5428469502460013e-30 725 725 4.732929923287471e-28 0 0 -5.7743491415618802e-29
d 0 0 -4.1200282163995513e-28 0 0 -3.5430921729220937e-30 730 730 4.7329232544632808e-28 0 0 -5.7746403881727783e-29
d 0 0 -4.1199899679357853e-28 0 0 -3.5433369440480043e-30 735 735 4.7329171309051197e-28 0 0 -5.7749370636582251e-29
d 0 0 -4.1199517256885829e-28 0 0 -3.5435812731349632e-30 740 740 4.7329124178361489e-28 0 0 -5.775247820254227e-29
d 0 0 -4.1199134895924736e-28 0 0 -3.5438251698479325e-30 745 745 4.732910070127491e-28 0 0 -5.7755822067348788e-29
d 0 0 -4.1198752595811556e-28 0 0 -3.5440686436083273e-30 750 750 4.7329110610279351e-28 0 0 -5.7759499556454877e-29
d 0 0 -4.1198370355928399e-28 0 0 -3.5443116934358988e-30 755 755 4.7329163318256431e-28 0 0 -5.7763604798734304e-29
d 0 0 -4.1197988175741677e-28 0 0 -3.5445543456910791e-30 760 760 4.7329267554766956e-28 0 0 -5.7768225088990784e-29
d 0 0 -4.1197606054832267e-28 0 0 -3.5447966002098063e-30 765 765 4.7329431089326027e-28 0 0 -5.7773438120437067e-29
d 0 0 -4.1197223992915324e-28 0 0 -3.5450384576992983e-30 770 770 4.7329660555951355e-28 0 0 -5.7779310229988955e-29
d 0 0 -4.1196841989841563e-28 0 0 -3.5452799321612262e-30 775 775 4.7329961458393594e-28 0 0 -5.7785896450532156e-29
d 0 0 -4.1196460045570124e-28 0 0 -3.5455210233747986e-30 780 780 4.7330338450355143e-28 0 0 -5.7793243313304999e-29
d 0 0 -4.1196078160110092e-28 0 0 -3.545761734865518e-30 785 785 4.7330795922855187e-28 0 0 -5.7801394722001556e-29
d 0 0 -4.1195696333439423e-28 0 0 -3.5460020696398757e-30 790 790 4.7331338812254811e-28 0 0 -5.7810400033658909e-29
d 0 0 -4.1195314565421251e-28 0 0 -3.5462419881531884e-30 795 795 4.7331973437331462e-28 0 0 -5.7820322430055559e-29
d 0 0 -4.1194932855739345e-28 0 0 -3.5464815745039974e-30 800 800 4.7332708155524264e-28 0 0 -5.7831245480657913e-29
d 0 0 -4.1194551203865686e-28 0 0 -3.5467207929199947e-30 805 805 4.7333553711779561e-28 0 0 -5.7843276631298226e-29
d 0 0 -4.1194169609060013e-28 0 0 -3.5469596468240838e-30 810 810 4.7334523282044012e-28 0 0 -5.785654763906067e-29
d 0 0 -4.1193788070390903e-28 0 0 -3.5471981398976727e-30 815 815 4.73356323114992e-28 0 0 -5.7871212954398655e-29
d 0 0 -4.1193406586765156e-28 0 0 -3.5474362761041076e-30 820 820 4.7336898277486608e-28 0 0 -5.7887447350082744e-29
d 0 0 -4.1193025156955126e-28 0 0 -3.5476740597331871e-30 825 825 4.7338340481046789e-28 0 0 -5.7905443836283873e-29
d 0 0 -4.1192643779616231e-28 0 0 -3.5479114916218066e-30 830 830 4.7339979923405845e-28 0 0 -5.7925412425260704e-29
d 0 0 -4.1192262453296716e-28 0 0 -3.548148652377613e-30 835 835 4.7341839282943567e-28 0 0 -5.794757990085742e-29
d 0 0 -4.1191881176438525e-28 0 0 -3.5483854108202147e-30 840 840 4.7343942983699921e-28 0 0 -5.7972190503456337e-29
d 0 0 -4.1191499947371043e-28 0 0 -3.5486218359496456e-30 845 845 4.7346317337863651e-28 0 0 -5.7999507354822245e-29
d 0 0 -4.1191118764300355e-28 0 0 -3.5488579329161442e-30 850 850 4.7348990745595654e-28 0 0 -5.8029814456306562e-29
d 0 0 -4.1190737625295406e-28 0 0 -3.5490937075901141e-30 855 855 4.7351993940365675e-28 0 0 -5.8063419142194093e-29
d 0 0 -4.1190356528271905e-28 0 0 -3.5493291636120278e-30 860 860 4.735536027372013e-28 0 0 -5.8100654927359636e-29
d 0 0 -4.118997547097436e-28 0 0 -3.549564306468352e-30 865 865 4.7359126038479495e-28 0 0 -5.8141884739211847e-29
d 0 0 -4.1189594450956493e-28 0 0 -3.549799131507983e-30 870 870 4.736333083348073e-28 0 0 -5.8187504565072365e-29
d 0 0 -4.1189213465559845e-28 0 0 -3.5500336267021097e-30 875 875 4.736801797634143e-28 0 0 -5.8237947579752648e-29
d 0 0 -4.1188832511890209e-28 0 0 -3.5502678449326561e-30 880 880 4.737323497373074e-28 0 0 -5.8293688848174585e-29
d 0 0 -4.1188451586791591e-28 0 0 -3.5505017603173382e-30 885 885 4.7379034061745957e-28 0 0 -5.8355250729017056e-29
d 0 0 -4.1188070686816914e-28 0 0 -3.5507353716392805e-30 890 890 4.7385472832702555e-28 0 0 -5.8423209142461177e-29
d 0 0 -4.1187689808194815e-28 0 0 -3.5509686746333184e-30 895 895 4.7392614969501172e-28 0 0 -5.849820091366008e-29
d 0 0 -4.1187308946791261e-28 0 0 -3.5512892002657863e-30 900 900 4.74005311153988e-28 0 0 -5.8580932470199515e-29
d 0 0 -4.1186928098064513e-28 0 0 -3.5515279011309978e-30 905 905 4.7409299916307287e-28 0 0 -5.8672190264752176e-29
d 0 0 -4.1186547257011266e-28 0 0 -3.5517668455564096e-30 910 910 4.7419009285681027e-28 0 0 -5.8772853423570369e-29
d 0 0 -4.1186166418100907e-28 0 0 -3.5520060995122606e-30 915 915 4.7429757959920397e-28 0 0 -5.8883909300012042e-29
d 0 0 -4.1185785575193722e-28 0 0 -3.5522457379838215e-30 920 920 4.7441657436556177e-28 0 0 -5.9006472855769154e-29
d 0 0 -4.1185404721437519e-28 0 0 -3.552485846833374e-30 925 925 4.745483442044814e-28 0 0 -5.9141811122083069e-29
d 0 0 -4.1185023849135137e-28 0 0 -3.5527265250778276e-30 930 930 4.7469433947986773e-28 0 0 -5.9291374440793222e-29
d 0 0 -4.1184642949573253e-28 0 0 -3.5529678878357865e-30 935 935 4.7485623421124693e-28 0 0 -5.9456836803416103e-29
d 0 0 -4.1184262012799599e-28 0 0 -3.553210070162458e-30 940 940 4.7503597871192246e-28 0 0 -5.9640148487692358e-29
d 0 0 -4.1183881027331322e-28 0 0 -3.5534532321105947e-30 945 945 4.7523586902895535e-28 0 0 -5.984360549542449e-29
d 0 0 -4.1183499979770438e-28 0 0 -3.5536975654849012e-30 950 950 4.7545863968941127e-28 0 0 -6.006994229579859e-29
d 0 0 -4.1183118854291224e-28 0 0 -3.5539433030703346e-30 955 955 4.7570758941114173e-28 0 0 -6.0322457532082243e-29
d 0 0 -4.11827376319468e-28 0 0 -3.5541907313933747e-30 960 960 4.7598675451356343e-28 0 0 -6.0605187426583109e-29
d 0 0 -4.118235628971318e-28 0 0 -3.5544402087160487e-30 965 965 4.7630115309458645e-28 0 0 -6.0923149949105033e-29
d 0 0 -4.11819747991417e-28 0 0 -3.5546921911531912e-30 970 970 4.7665713701322183e-28 0 0 -6.1282696786954686e-29
d 0 0 -4.1181593124411586e-28 0 0 -3.5549472713708819e-30 975 975 4.7706291281528248e-28 0 0 -6.1692034251431219e-29
d 0 0 -4.1181211219438592e-28 0 0 -3.5552062377010612e-30 980 980 4.7752933575045916e-28 0 0 -6.2162017264753676e-29
d 0 0 -4.1180829023453735e-28 0 0 -3.5554701674131926e-30 985 985 4.7807116102535456e-28 0 0 -6.2707400564140713e-29
d 0 0 -4.118044645401672e-28 0 0 -3.5557405799387895e-30 990 990 4.7870909267293221e-28 0 0 -6.334888748850122e-29
d 0 0 -4.1180063395548694e-28 0 0 -3.5560196976656535e-30 995 995 4.7947329393332573e-28 0 0 -6.4116640212454706e-29
d 0 0 -4.1179679679632467e-28 0 0 -3.5563109216037157e-30 1000 1000 4.8040974250845111e-28 0 0 -6.5056634725042696e-29
d 0 0 -4.1179295049175608e-28 0 0 -3.5566197485847888e-30 1005 1005 4.815925631373065e-28 0 0 -6.6242992847854112e-29
d 0 0 -4.1178909088115931e-28 0 0 -3.5569557112217442e-30 1010 1010 4.8315023456528268e-28 0 0 -6.7804187971020522e-29
d 0 0 -4.1178521068427057e-28 0 0 -3.5573369883993512e-30 1015 1015 4.8532864391836676e-28 0 0 -6.9986096342366283e-29
d 0 0 -4.1178129563580951e-28 0 0 -3.5578031744214814e-30 1020 1020 4.8867253304052073e-28 0 0 -7.3333434230332545e-29
d 0 0 -4.1177731249933487e-28 0 0 -3.5584638193046931e-30 1025 1025 4.9471255814384926e-28 0 0 -7.9376781825223621e-29
d 0 0 -4.1177316939551267e-28 0 0 -3.5597675308816551e-30 1030 1030 5.1004698812544691e-28 0 0 -9.4714051200272015e-29
d 0 0 -4.1176983681118186e-28 0 0 -3.5676632585957742e-30 1035 1035 6.2834824226239275e-28 0 0 -2.1301074219892805e-28
d 0 0 -4.1179546152322994e-28 0 0 -3.6159101598904428e-30 1036.25 1036.25 1.4339001724115522e-27 0 0 -1.0184888007284318e-27
d 0 0 -4.1190551165686851e-28 0 0 -3.7700011831307585e-30 1036.40625 1036.40625 4.0755665057433514e-27 0 0 -3.6598909929451936e-27
d 0 0 -4.1336775739450711e-28 0 0 -5.6814042244758869e-30 1036.484375 1036.484375 3.6971430818507504e-26 0 0 -3.6552381656888668e-26
d 0 0 -4.4574153869655559e-28 0 0 -4.7211579354468039e-29 1036.5625 1036.5625 7.4611891649690849e-25 0 0 -7.4562596337885753e-25
d 0 0 -1.5000319630962711e-26 0 0 -1.8387291286843327e-26 1036.71875 1036.71875 3.092700658812616e-22 0 0 -3.0923667827034371e-22
d 0 0 -1.0269242032831574e-23 0 0 -1.2875194122466311e-23 1036.875 1036.875 2.1506006497386918e-19 0 0 -2.1503692053771388e-19
d 0 0 -5.0744200931323634e-23 0 0 -6.3547434145231174e-23 1036.9140625 1036.9140625 1.0596529044359764e-18 0 0 -1.0595386128008998e-18
d 0 0 -8.3706000902394996e-23 0 0 -1.0478706235902338e-22 1036.923828125 1036.923828125 1.7463935188051716e-18 0 0 -1.7462050257419102e-18
d 0 0 -9.0593601300161784e-23 0 0 -1.1340264597592992e-22 1036.925048828125 1036.925048828125 1.8898235399528156e-18 0 0 -1.8896195437055397e-18
d 0 0 -9.4525680466519153e-23 0 0 -1.1832099680505655e-22 1036.9256591796875 1036.9256591796875 1.9716978341692742e-18 0 0 -1.9714849874920028e-18
Q 2 13 "Source Voltage"
Q 3 13 "Gate Voltage"
Q 4 13 "Drain Voltage"
Q 5 13 "Substrate Voltage"
Q 20 13 "Source Current"
Q 21 13 "Gate Current"
Q 22 13 "Drain Current"
Q 23 13 "Substrate Current"
Q 92 21 Contact
Q 601 13 "Source Int. Voltage"
Q 602 13 "Gate Int. Voltage"
Q 603 13 "Drain Int. Voltage"
Q 604 13 "Substrate Int. Voltage"
EOF 1807478064
