v VICTORYDEVICE
# silvaco.file ASCII version=1.14.29 format=1 contents=SDB,Tables=1

Copyright "###################################################################"
Copyright "#                    Copyright Silvaco Inc. (c)                   #"
Copyright "#                            1992-2014                            #"
Copyright "#                                                                 #"
Copyright "# This file format and the following Key are copyright Silvaco    #"
Copyright "# International. You may not use, this format or key without      #"
Copyright "# reproducing this message in full and obtaining                  #"
Copyright "# express written permission from Silvaco Inc.                    #"
Copyright "#                                                                 #"
Copyright "# To obtain such permission please contact: Silvaco Inc.          #"
Copyright "#                                           support@silvaco.com   #"
Copyright "#                                                                 #"
Copyright "# KEY=SVC86hn7562asdx                       PROD=345              #"
Copyright "###################################################################"
#This file was created by VICTORYDEVICE version 1.24.0.R
#victoryd 1.24.0.R (Wed Jun 26 14:38:19 PDT 2024)
#libSDB 1.12.65 (Thu Dec  7 08:14:05 PST 2023)
a VICTORYDEVICE
j 1 9
k 4
r 1 92
x 3 43 42 46
w source 1 1
r 2 92
x 3 43 42 46
w gate 1 2
r 3 92
x 3 43 42 46
w drain 1 3
r 4 92
x 3 43 42 46
w substrate 1 4
y 1 15
z 300
f 4 source gate drain substrate
p 12 2 601 20 3 602 21 4 603 22 5 604 23
d 0 0 -1.3163896525993543e-28 0 0 -3.4144754260791315e-37 0.01 0.01 1.3163896560397194e-28 0 0 -1.7597877723008541e-43
d 0 0 -6.3072311493719062e-28 0 0 -4.0629115182934353e-36 0.1 0.1 6.3072311900019744e-28 0 0 -1.8000679638405632e-41
d 0 0 -5.6782052698798255e-28 0 0 -1.0674195530368069e-35 0.3 0.3 5.6782053770618465e-28 0 0 -4.3392308642569468e-38
d 0 0 -5.3648352003898536e-28 0 0 -1.7643579333181526e-35 0.5 0.5 5.3648362141250081e-28 0 0 -8.372993695426107e-35
d 0 0 -5.2935420720006544e-28 0 0 -2.4630419687497914e-35 0.75 0.75 5.2935785435785922e-28 0 0 -3.6225456144910333e-33
d 0 0 -5.2294329923586602e-28 0 0 -1.5412961252881623e-34 1 1 5.2307833905405606e-28 0 0 -1.348856885780369e-31
d 0 0 -5.1986720653983405e-28 0 0 -8.5096705407664495e-33 1.125 1.125 5.2043743710025308e-28 0 0 -5.6172088984017803e-31
d 0 0 -5.1667140665140719e-28 0 0 -1.0985261851538669e-31 1.25 1.25 5.1792108733343186e-28 0 0 -1.1398280634627195e-30
d 0 0 -5.1107911493400067e-28 0 0 -2.9250575616751964e-31 1.5 1.5 5.2010773608370254e-28 0 0 -8.7361153267602839e-30
d 0 0 -5.0454723604135014e-28 0 0 -4.1404254131330902e-31 1.75 1.75 5.2177829296481989e-28 0 0 -1.6817019181105441e-29
d 0 0 -4.9788794366326723e-28 0 0 -5.0874916063899317e-31 2 2 5.1622462809943412e-28 0 0 -1.7827729716685161e-29
d 0 0 -4.9110107512713515e-28 0 0 -6.1123460697298584e-31 2.25 2.25 5.1029753666134401e-28 0 0 -1.8585045164320156e-29
d 0 0 -4.843546384065187e-28 0 0 -7.1487995056240932e-31 2.5 2.5 5.0463736219400222e-28 0 0 -1.956768239477536e-29
d 0 0 -4.7777428592682546e-28 0 0 -8.3076752568525888e-31 2.75 2.75 4.99863698337184e-28 0 0 -2.1258495025731875e-29
d 0 0 -4.7150370044942573e-28 0 0 -9.2782709230594541e-31 3 3 4.9681108179593768e-28 0 0 -2.4379560158949944e-29
d 0 0 -4.6556512079392327e-28 0 0 -1.0102998504328903e-30 3.25 3.25 4.9806848349946155e-28 0 0 -3.1493068400182348e-29
d 0 0 -4.600886161710465e-28 0 0 -1.0874794547488129e-30 3.5 3.5 5.0017593533105669e-28 0 0 -3.8999676823109283e-29
d 0 0 -4.5516533700558802e-28 0 0 -1.1738537643352564e-30 3.75 3.75 4.9787568546373271e-28 0 0 -4.1536317454471847e-29
d 0 0 -4.50726972663683e-28 0 0 -1.2378332314149597e-30 4 4 4.9451766888956719e-28 0 0 -4.2552678051815788e-29
d 0 0 -4.4315310102373076e-28 0 0 -1.3350962557594469e-30 4.5 4.5 4.8780911879560838e-28 0 0 -4.3321071154366401e-29
d 0 0 -4.370153707791529e-28 0 0 -1.4362003811188224e-30 5 5 4.8217325571988878e-28 0 0 -4.3721814763689643e-29
d 0 0 -4.3216398261535797e-28 0 0 -1.5328505291376912e-30 5.5 5.5 4.7777092295743774e-28 0 0 -4.4074198426088228e-29
d 0 0 -4.2881585702852621e-28 0 0 -1.595774955170551e-30 6 6 4.7582571754975898e-28 0 0 -4.5414085591779368e-29
d 0 0 -4.277121252464081e-28 0 0 -1.6237579787265969e-30 6.25 6.25 4.7717341029329404e-28 0 0 -4.7837393495452196e-29
d 0 0 -4.2699840057737575e-28 0 0 -1.6522035691826689e-30 6.5 6.5 4.7818131339302583e-28 0 0 -4.9530568139622418e-29
d 0 0 -4.2638852599674981e-28 0 0 -1.7227836002606318e-30 7 7 4.7877357208765781e-28 0 0 -5.0662260127643423e-29
d 0 0 -4.2620511730999276e-28 0 0 -1.7677959703050141e-30 7.5 7.5 4.7922893369436551e-28 0 0 -5.1256163817119052e-29
d 0 0 -4.2610188003603343e-28 0 0 -1.8032386680183294e-30 8 8 4.7958979184082378e-28 0 0 -5.1684815539114528e-29
d 0 0 -4.2601206952303003e-28 0 0 -1.8368021595231386e-30 8.5 8.5 4.7985545070132295e-28 0 0 -5.2006716323831276e-29
d 0 0 -4.2592811710036268e-28 0 0 -1.8774082640001618e-30 9 9 4.8017245777111378e-28 0 0 -5.236703963896372e-29
d 0 0 -4.2585154202573546e-28 0 0 -1.9136466530099968e-30 9.5 9.5 4.8041497572381898e-28 0 0 -5.2649873773715531e-29
d 0 0 -4.2577739246402553e-28 0 0 -1.9438165980590379e-30 10 10 4.8060715341449608e-28 0 0 -5.2886026456535856e-29
d 0 0 -4.2570469273084653e-28 0 0 -1.992671891872714e-30 10.5 10.5 4.809690023185387e-28 0 0 -5.3271714093400104e-29
d 0 0 -4.2563319609246643e-28 0 0 -2.0214588009896251e-30 11 11 4.8213400604185176e-28 0 0 -5.4479351170547597e-29
d 0 0 -4.2556357788868066e-28 0 0 -2.0513565522754004e-30 11.5 11.5 4.8398594126430644e-28 0 0 -5.6371006823405558e-29
d 0 0 -4.2549856040177706e-28 0 0 -2.0773471406545979e-30 12 12 4.8484988044864345e-28 0 0 -5.7273971900887725e-29
d 0 0 -4.2544253328206536e-28 0 0 -2.099285043247948e-30 12.5 12.5 4.8534836213730193e-28 0 0 -5.7806592142328115e-29
d 0 0 -4.2539909162790146e-28 0 0 -2.1181313944696256e-30 13 13 4.8586610121055418e-28 0 0 -5.8348918246648583e-29
d 0 0 -4.2530968414534929e-28 0 0 -2.1510812317057392e-30 14 14 4.8862913922876758e-28 0 0 -6.1168373851744846e-29
d 0 0 -4.2520592529583369e-28 0 0 -2.1820622066376623e-30 15 15 4.9152571063480832e-28 0 0 -6.4138015162953587e-29
d 0 0 -4.2515540467872542e-28 0 0 -2.1968913322137447e-30 15.5 15.5 4.9176339742782576e-28 0 0 -6.4411305130701405e-29
d 0 0 -4.2510616978814301e-28 0 0 -2.2122197203048895e-30 16 16 4.9185970950015721e-28 0 0 -6.4542101031258024e-29
d 0 0 -4.2505806787675358e-28 0 0 -2.2273577924539949e-30 16.5 16.5 4.9193199158923225e-28 0 0 -6.4647909035054976e-29
d 0 0 -4.2501098822251946e-28 0 0 -2.2422652324442341e-30 17 17 4.9198642022679177e-28 0 0 -6.4735049077592839e-29
d 0 0 -4.2492227259525251e-28 0 0 -2.2404984883480116e-30 18 18 4.9203687023295525e-28 0 0 -6.4845331113140615e-29
d 0 0 -4.2484174407232941e-28 0 0 -2.265918659321188e-30 19 19 4.9213901700418288e-28 0 0 -6.4999456331503675e-29
d 0 0 -4.2476117377388054e-28 0 0 -2.3213457855152636e-30 20 20 4.9280191879252527e-28 0 0 -6.5719861542077381e-29
d 0 0 -4.2468639210027476e-28 0 0 -2.3386512413033109e-30 21 21 4.9385870748368053e-28 0 0 -6.6832035771676105e-29
d 0 0 -4.2461988674025497e-28 0 0 -2.3602963015740757e-30 22 22 4.9415356639562743e-28 0 0 -6.7176850606800849e-29
d 0 0 -4.2456123035407967e-28 0 0 -2.378158058487095e-30 23 23 4.9424597717828109e-28 0 0 -6.7313520719263439e-29
d 0 0 -4.2451145352689565e-28 0 0 -2.3935135835620668e-30 24 24 4.9428175023738777e-28 0 0 -6.7384132104124123e-29
d 0 0 -4.2446701934665869e-28 0 0 -2.443298858590136e-30 25 25 4.9436799407637898e-28 0 0 -6.7465923686188741e-29
d 0 0 -4.2442355572889897e-28 0 0 -2.4561200930440732e-30 26 26 4.9438912518249112e-28 0 0 -6.7516472039267387e-29
d 0 0 -4.2437985085672249e-28 0 0 -2.4443679006062399e-30 27 27 4.9441131434439924e-28 0 0 -6.7569737379719486e-29
d 0 0 -4.2433479435546206e-28 0 0 -2.4536291463203703e-30 28 28 4.9442189876462398e-28 0 0 -6.761369131835961e-29
d 0 0 -4.242876926299412e-28 0 0 -2.4637474426615374e-30 29 29 4.9439694766651132e-28 0 0 -6.76249725642101e-29
d 0 0 -4.2423820577078984e-28 0 0 -2.4735789941505756e-30 30 30 4.9435269666231317e-28 0 0 -6.7620055883405203e-29
d 0 0 -4.2418624980908519e-28 0 0 -2.4972944498865014e-30 31 31 4.9431575425348307e-28 0 0 -6.7625548612026064e-29
d 0 0 -4.2413190326097352e-28 0 0 -2.4941629569946767e-30 32 32 4.942884802091314e-28 0 0 -6.7643657516393086e-29
d 0 0 -4.2407533535971015e-28 0 0 -2.5215824733852552e-30 33 33 4.9427798541351231e-28 0 0 -6.768125455769384e-29
d 0 0 -4.2401676031404979e-28 0 0 -2.5294551986403994e-30 34 34 4.9432339196429155e-28 0 0 -6.7777176452451888e-29
d 0 0 -4.2398679339792315e-28 0 0 -2.5327081284577293e-30 34.5 34.5 4.9439169527947962e-28 0 0 -6.7871548801539976e-29
d 0 0 -4.2395641461868296e-28 0 0 -2.5107258936399165e-30 35 35 4.9451330396026014e-28 0 0 -6.8019711914201329e-29
d 0 0 -4.2392565696054626e-28 0 0 -2.5402242581359873e-30 35.5 35.5 4.9470176283884376e-28 0 0 -6.8235165096555043e-29
d 0 0 -4.2389455837867888e-28 0 0 -2.5446745572074131e-30 36 36 4.9493472153952872e-28 0 0 -6.8495508629283831e-29
d 0 0 -4.2386316602611875e-28 0 0 -2.5470697945562969e-30 36.5 36.5 4.9515195065447018e-28 0 0 -6.8740452348051776e-29
d 0 0 -4.238315459540493e-28 0 0 -2.5507022062842972e-30 37 37 4.9530888528630449e-28 0 0 -6.8925344550998179e-29
d 0 0 -4.2376866841500426e-28 0 0 -2.5596101789288726e-30 38 38 4.9545585801142795e-28 0 0 -6.9127579418295312e-29
d 0 0 -4.2370997259273442e-28 0 0 -2.5687191474654778e-30 39 39 4.9550036385042087e-28 0 0 -6.9221671175936857e-29
d 0 0 -4.2364844056875728e-28 0 0 -2.577210931525547e-30 40 40 4.9552459005911158e-28 0 0 -6.9298941111672157e-29
d 0 0 -4.2351572326780704e-28 0 0 -2.5939429415637376e-30 42 42 4.9550172951865648e-28 0 0 -6.9393451137493687e-29
d 0 0 -4.2338181659918044e-28 0 0 -2.6111378433729175e-30 44 44 4.9543586767386006e-28 0 0 -6.9444570041229642e-29
d 0 0 -4.2324852471751552e-28 0 0 -2.6276196231228598e-30 46 46 4.9535578616067612e-28 0 0 -6.9479285135362069e-29
d 0 0 -4.2312322580147687e-28 0 0 -2.6482629854729473e-30 48 48 4.952599301379768e-28 0 0 -6.9488960761891534e-29
d 0 0 -4.230667325017279e-28 0 0 -2.6993756308777009e-30 49 49 4.9527481080201093e-28 0 0 -6.9508414295088088e-29
d 0 0 -4.2300907698286969e-28 0 0 -2.7106083961844762e-30 50 50 4.952420542829024e-28 0 0 -6.9522429437957174e-29
d 0 0 -4.2295112251221168e-28 0 0 -2.7207619134793519e-30 51 51 4.9520411019840931e-28 0 0 -6.9532242372934787e-29
d 0 0 -4.2292203039893482e-28 0 0 -2.7233167938029338e-30 51.5 51.5 4.9518251148187065e-28 0 0 -6.9534798366952983e-29
d 0 0 -4.2289286057049138e-28 0 0 -2.7285477676013781e-30 52 52 4.9516011612441511e-28 0 0 -6.9536745833331488e-29
d 0 0 -4.2277541351630449e-28 0 0 -2.7498687408389451e-30 54 54 4.9507823927857014e-28 0 0 -6.9554119074071882e-29
d 0 0 -4.2265681512423307e-28 0 0 -2.7077494930555386e-30 56 56 4.9500468195499424e-28 0 0 -6.9582683781033332e-29
d 0 0 -4.2253721795793848e-28 0 0 -2.7330130906730511e-30 58 58 4.9490826417494841e-28 0 0 -6.9590958329145671e-29
d 0 0 -4.2250718293746634e-28 0 0 -2.7849242466925213e-30 58.5 58.5 4.9488050381148456e-28 0 0 -6.9589731167305714e-29
d 0 0 -4.2247709926994108e-28 0 0 -2.7881249552835824e-30 59 59 4.9485240928700045e-28 0 0 -6.9588302704244596e-29
d 0 0 -4.2244696987378484e-28 0 0 -2.790989536809838e-30 59.5 59.5 4.9482476656574006e-28 0 0 -6.9587453049081694e-29
d 0 0 -4.2241679774523093e-28 0 0 -2.7934805222831195e-30 60 60 4.9479844636653458e-28 0 0 -6.9588047155494071e-29
d 0 0 -4.2238658596690236e-28 0 0 -2.7955783533761597e-30 60.5 60.5 4.9477445354741034e-28 0 0 -6.959108397385196e-29
d 0 0 -4.2235633769347764e-28 0 0 -2.7972926508456043e-30 61 61 4.9475401949639943e-28 0 0 -6.9597788527188595e-29
d 0 0 -4.2232605610447574e-28 0 0 -2.7271995710894875e-30 61.5 61.5 4.9473873744344882e-28 0 0 -6.9609746672948622e-29
d 0 0 -4.2229574444286972e-28 0 0 -2.7185797187292658e-30 62 62 4.9473071136435933e-28 0 0 -6.9629053498103757e-29
d 0 0 -4.2217428081688791e-28 0 0 -2.8172396661274158e-30 64 64 4.9482136838332555e-28 0 0 -6.9829852067971371e-29
d 0 0 -4.2205273702162063e-28 0 0 -2.8276532960850917e-30 66 66 4.9503038630676836e-28 0 0 -7.0150002655220263e-29
d 0 0 -4.2199208517935138e-28 0 0 -2.8325550292895375e-30 67 67 4.9507582232547883e-28 0 0 -7.0251188224931536e-29
d 0 0 -4.2196182649627982e-28 0 0 -2.7266790617131245e-30 67.5 67.5 4.9508256136451866e-28 0 0 -7.02858016436488e-29
d 0 0 -4.21931635192131e-28 0 0 -2.7333703465287896e-30 68 68 4.9508211821839282e-28 0 0 -7.0313205094978277e-29
d 0 0 -4.2181408163823718e-28 0 0 -2.6773519380950804e-30 70 70 4.9504543110553419e-28 0 0 -7.0384691653690574e-29
d 0 0 -4.2176073777294615e-28 0 0 -2.7765700907702511e-30 71 71 4.950241723660478e-28 0 0 -7.0411554080418414e-29
d 0 0 -4.2170511302410853e-28 0 0 -2.8546837830007728e-30 72 72 4.9500307831886165e-28 0 0 -7.0441371264777249e-29
d 0 0 -4.2164615765961476e-28 0 0 -2.8486234815578522e-30 73 73 4.9497989544485993e-28 0 0 -7.0473080906243685e-29
d 0 0 -4.2161654320612934e-28 0 0 -2.8220956792125183e-30 73.5 73.5 4.9496644692559136e-28 0 0 -7.0487291095604426e-29
d 0 0 -4.2158692425252355e-28 0 0 -2.8300549232684881e-30 74 74 4.9495094215662737e-28 0 0 -7.0499484737247135e-29
d 0 0 -4.2155731842586743e-28 0 0 -2.7795529933454505e-30 74.5 74.5 4.9493312141235788e-28 0 0 -7.0509380304379194e-29
d 0 0 -4.2152773401651013e-28 0 0 -2.0873523268600844e-30 75 75 4.9491303919935867e-28 0 0 -7.051702077785605e-29
d 0 0 -4.2146863361103396e-28 0 0 -2.8719317992270016e-30 76 76 4.9486733013730683e-28 0 0 -7.0526764843915424e-29
d 0 0 -4.2143911358832677e-28 0 0 -2.0091257993479567e-30 76.5 76.5 4.9484251778344448e-28 0 0 -7.0529684003606511e-29
d 0 0 -4.214096092859677e-28 0 0 -2.5061799450162534e-30 77 77 4.948169172917959e-28 0 0 -7.0531821714208134e-29
d 0 0 -4.2135063258454766e-28 0 0 -1.2245309243811531e-30 78 78 4.9476455249626194e-28 0 0 -7.0534965359972699e-29
d 0 0 -4.2129167459186746e-28 0 0 -2.8823400276611192e-30 79 79 4.9471217806155476e-28 0 0 -7.0538163440536009e-29
d 0 0 -4.2126219565182508e-28 0 0 -2.8819730964260495e-30 79.5 79.5 4.9468645304265235e-28 0 0 -7.0540254501041818e-29
d 0 0 -4.2123271501914858e-28 0 0 -2.8829023916713877e-30 80 80 4.9466118421212533e-28 0 0 -7.0542822570541398e-29
d 0 0 -4.2111481356448395e-28 0 0 -2.8920497663997399e-30 82 82 4.9456333908041772e-28 0 0 -7.0556474523499401e-29
d 0 0 -4.2099782956244917e-28 0 0 -2.8983367790877577e-30 84 84 4.9446683638363798e-28 0 0 -7.0570674680291532e-29
d 0 0 -4.2094535988202777e-28 0 0 -2.4071175884857648e-30 85 85 4.9442373657562433e-28 0 0 -7.0576143820180758e-29
d 0 0 -4.2092109421346869e-28 0 0 -2.9051448625905158e-30 85.5 85.5 4.9440456324972336e-28 0 0 -7.0578478609919227e-29
d 0 0 -4.208993341272009e-28 0 0 -2.9493695886533572e-30 86 86 4.9445383609629283e-28 0 0 -7.0604912748072684e-29
d 0 0 -4.208752043210784e-28 0 0 -2.9480347004704817e-30 86.5 86.5 4.9443624589280116e-28 0 0 -7.0607388575049887e-29
d 0 0 -4.208509562675931e-28 0 0 -2.9237615332940697e-30 87 87 4.9441524281718919e-28 0 0 -7.0608415576605502e-29
d 0 0 -4.2082669477182668e-28 0 0 -2.9097704067859416e-30 87.5 87.5 4.9439376619256655e-28 0 0 -7.0609013176520767e-29
d 0 0 -4.2080241970333607e-28 0 0 -2.6548693015114946e-30 88 88 4.9437183461870469e-28 0 0 -7.0609192248509257e-29
d 0 0 -4.2077813043944404e-28 0 0 -2.8977850845079124e-30 88.5 88.5 4.9434949650721231e-28 0 0 -7.0609001521169323e-29
d 0 0 -4.2075382639942669e-28 0 0 -2.8664706721709943e-30 89 89 4.9432683543637647e-28 0 0 -7.0608524891471913e-29
d 0 0 -4.2072950701619434e-28 0 0 -2.9514908127266738e-30 89.5 89.5 4.943039588489924e-28 0 0 -7.0607870220904897e-29
d 0 0 -4.2070517176218149e-28 0 0 -2.9322938891824228e-30 90 90 4.9428098313676446e-28 0 0 -7.0607154365868355e-29
d 0 0 -4.2068082016389267e-28 0 0 -2.9392842874584594e-30 90.5 90.5 4.9425801696961074e-28 0 0 -7.0606486425231332e-29
d 0 0 -4.2065645180852077e-28 0 0 -2.9725866067868836e-30 91 91 4.9423514415308909e-28 0 0 -7.0605950596126144e-29
d 0 0 -4.206320663483192e-28 0 0 -2.9744153153717264e-30 91.5 91.5 4.9421240829600637e-28 0 0 -7.0605590827010479e-29
d 0 0 -4.2060766350270462e-28 0 0 -2.9764638409728666e-30 92 92 4.9418980280839203e-28 0 0 -7.0605400795354675e-29
d 0 0 -4.2058324305817813e-28 0 0 -2.9785519799784807e-30 92.5 92.5 4.9416727026088428e-28 0 0 -7.0605323268864748e-29
d 0 0 -4.2055880486633475e-28 0 0 -2.9804567471664271e-30 93 93 4.94144713480171e-28 0 0 -7.0605261195685559e-29
d 0 0 -4.2053434884050249e-28 0 0 -2.876754664673976e-30 93.5 93.5 4.9412201654874293e-28 0 0 -7.0605098705976561e-29
d 0 0 -4.2050987495183199e-28 0 0 -2.9839564188106755e-30 94 94 4.9409906944273045e-28 0 0 -7.0604725738360066e-29
d 0 0 -4.2048538322578913e-28 0 0 -2.891485949418417e-30 94.5 94.5 4.9407578837165036e-28 0 0 -7.0604058408137017e-29
d 0 0 -4.2046087373990164e-28 0 0 -2.8943249386548402e-30 95 95 4.9405212652051389e-28 0 0 -7.0603049717246231e-29
d 0 0 -4.2043634662333452e-28 0 0 -2.9313785143056149e-30 95.5 95.5 4.9402807427701714e-28 0 0 -7.0601689805816892e-29
d 0 0 -4.2041180205853576e-28 0 0 -2.924954985727744e-30 96 96 4.9400365192283303e-28 0 0 -7.0599998632078279e-29
d 0 0 -4.2038724028483538e-28 0 0 -2.9933190663621951e-30 96.5 96.5 4.9397889894164636e-28 0 0 -7.0598015274267576e-29
d 0 0 -4.2036266160349032e-28 0 0 -2.9951129203019453e-30 97 97 4.9395386353988379e-28 0 0 -7.0595787453975465e-29
d 0 0 -4.2033806638321176e-28 0 0 -2.9920622848078812e-30 97.5 97.5 4.9392859465686498e-28 0 0 -7.0593363531152908e-29
d 0 0 -4.2031345506477904e-28 0 0 -2.9888987219415237e-30 98 98 4.9390313736017063e-28 0 0 -7.0590787899641801e-29
d 0 0 -4.2028882816309998e-28 0 0 -2.985195772960976e-30 98.5 98.5 4.9387753155416476e-28 0 0 -7.058809969398201e-29
d 0 0 -4.2026418626522205e-28 0 0 -2.9814023016270578e-30 99 99 4.9385181322433855e-28 0 0 -7.0585334036388836e-29
d 0 0 -4.2023953002344326e-28 0 0 -2.9792575489485631e-30 99.5 99.5 4.9382601709112754e-28 0 0 -7.0582524699947586e-29
d 0 0 -4.2021486014371582e-28 0 0 -2.9813174666168414e-30 100 100 4.9380017951493049e-28 0 0 -7.0579707028631377e-29
d 0 0 -4.2018400475237781e-28 0 0 -3.0068056762850262e-30 100.625 100.625 4.9376788600769884e-28 0 0 -7.0576233332505939e-29
d 0 0 -4.2015313071568152e-28 0 0 -3.0042015490036313e-30 101.25 101.25 4.9373568008253938e-28 0 0 -7.057289514086798e-29
d 0 0 -4.2012223954117578e-28 0 0 -3.0032344784714975e-30 101.875 101.875 4.937036605292175e-28 0 0 -7.0569789085728752e-29
d 0 0 -4.2009133271016596e-28 0 0 -3.0062280734442138e-30 102.5 102.5 4.9367192920598752e-28 0 0 -7.0567014897492553e-29
d 0 0 -4.2006041165721713e-28 0 0 -3.0155039533120896e-30 103.125 103.125 4.9364058112827575e-28 0 0 -7.056466551774611e-29
d 0 0 -4.2002947776331024e-28 0 0 -3.0173995913898826e-30 103.75 103.75 4.9360969308835808e-28 0 0 -7.0562815730180975e-29
d 0 0 -4.1999853235958618e-28 0 0 -3.0192691432988267e-30 104.375 104.375 4.935793128540101e-28 0 0 -7.0561511351104904e-29
d 0 0 -4.1998305574646444e-28 0 0 -3.0182202316555584e-30 104.6875 104.6875 4.935643180602841e-28 0 0 -7.0561067990038257e-29
d 0 0 -4.1996757673817719e-28 0 0 -3.0189712492024306e-30 105 105 4.9354945101357959e-28 0 0 -7.056076106462667e-29
d 0 0 -4.19936612167347e-28 0 0 -3.0222345513724395e-30 105.625 105.625 4.9352007750190325e-28 0 0 -7.056053292707639e-29
d 0 0 -4.1990563990931091e-28 0 0 -3.0244725410552069e-30 106.25 106.25 4.9349112457014981e-28 0 0 -7.0560757319171607e-29
d 0 0 -4.1987466124030941e-28 0 0 -3.0259935874457928e-30 106.875 106.875 4.9346249698274954e-28 0 0 -7.0561337115561734e-29
d 0 0 -4.1984367747367889e-28 0 0 -3.027703712231678e-30 107.5 107.5 4.9343408786853987e-28 0 0 -7.05621635077064e-29
d 0 0 -4.1978170026265578e-28 0 0 -3.03167708008167e-30 108.75 108.75 4.9337754078248136e-28 0 0 -7.0564163626243815e-29
d 0 0 -4.1975070992873691e-28 0 0 -3.0333593283334691e-30 109.375 109.375 4.9334927202581706e-28 0 0 -7.0565202120119034e-29
d 0 0 -4.197197208389345e-28 0 0 -3.0350051769682207e-30 110 110 4.9332098010153887e-28 0 0 -7.0566236544760997e-29
d 0 0 -4.1959583006305755e-28 0 0 -3.0414864193211059e-30 112.5 112.5 4.932095643505073e-28 0 0 -7.0572248033406928e-29
d 0 0 -4.1953399509653415e-28 0 0 -3.0446200119381983e-30 113.75 113.75 4.9315897777038968e-28 0 0 -7.058036266318369e-29
d 0 0 -4.1950314945222477e-28 0 0 -3.0459483461802268e-30 114.375 114.375 4.9313688447648807e-28 0 0 -7.0587566610971322e-29
d 0 0 -4.1947240987313855e-28 0 0 -3.0477097042599735e-30 115 115 4.9311804853054822e-28 0 0 -7.0597928161832411e-29
d 0 0 -4.1945712048363418e-28 0 0 -3.0483765354909444e-30 115.3125 115.3125 4.9311016941038224e-28 0 0 -7.0604565971827848e-29
d 0 0 -4.194419485646408e-28 0 0 -3.0491456550291556e-30 115.625 115.625 4.9310352433332797e-28 0 0 -7.0612313688329588e-29
d 0 0 -4.1941332005385803e-28 0 0 -3.0510849928555694e-30 116.25 116.25 4.9309567713821596e-28 0 0 -7.0631397410900461e-29
d 0 0 -4.1938805983334768e-28 0 0 -3.0531676357129332e-30 116.875 116.875 4.9309653838530681e-28 0 0 -7.0655542119683903e-29
d 0 0 -4.1935986121766414e-28 0 0 -3.0546435297338727e-30 117.5 117.5 4.9309968350296434e-28 0 0 -7.0685178307675203e-29
d 0 0 -4.1933018839554905e-28 0 0 -3.0562160065559157e-30 118.125 118.125 4.9310581043250466e-28 0 0 -7.071940614065187e-29
d 0 0 -4.1929966409291844e-28 0 0 -3.0575437233413486e-30 118.75 118.75 4.9311400339258557e-28 0 0 -7.0756631010601538e-29
d 0 0 -4.1923798250433356e-28 0 0 -3.0606312223794482e-30 120 120 4.9313014231024441e-28 0 0 -7.0831528598781879e-29
d 0 0 -4.1920702932226969e-28 0 0 -3.0620349510703925e-30 120.625 120.625 4.9313434508029419e-28 0 0 -7.0865231026698784e-29
d 0 0 -4.1917604158221087e-28 0 0 -3.0635257558552351e-30 121.25 121.25 4.9313426036160532e-28 0 0 -7.089468166190757e-29
d 0 0 -4.1914503249651855e-28 0 0 -3.0648335135543292e-30 121.875 121.875 4.9312943863183967e-28 0 0 -7.0919419128082987e-29
d 0 0 -4.1911400997167307e-28 0 0 -3.0663577622669058e-30 122.5 122.5 4.931199756871926e-28 0 0 -7.0939532781559623e-29
d 0 0 -4.1908297951686255e-28 0 0 -3.067778158297209e-30 123.125 123.125 4.9310632960937122e-28 0 0 -7.0955477765306654e-29
d 0 0 -4.1905194521920358e-28 0 0 -3.0692089044207974e-30 123.75 123.75 4.9308913914348619e-28 0 0 -7.0967891533455475e-29
d 0 0 -4.1902091019631773e-28 0 0 -3.0706685152956224e-30 124.375 124.375 4.9306907602396723e-28 0 0 -7.0977445149295039e-29
d 0 0 -4.1898987686971044e-28 0 0 -3.0720238884600581e-30 125 125 4.9304674155687638e-28 0 0 -7.098473935011995e-29
d 0 0 -4.1874185253003983e-28 0 0 -3.0827920731719466e-30 130 130 4.9282407656584679e-28 0 0 -7.099942925568201e-29
d 0 0 -4.1849478646514174e-28 0 0 -3.0924666280167837e-30 135 135 4.9258620123298466e-28 0 0 -7.0998934994530999e-29
d 0 0 -4.1827794733270922e-28 0 0 -3.1459285170373813e-30 140 140 4.9248267728403482e-28 0 0 -7.1059484629673548e-29
d 0 0 -4.1825409505961114e-28 0 0 -3.1469204429188094e-30 140.625 140.625 4.9245966969867719e-28 0 0 -7.1058656715767763e-29
d 0 0 -4.1823024881140716e-28 0 0 -3.1485666242804107e-30 141.25 141.25 4.9243655088206796e-28 0 0 -7.1057734704919102e-29
d 0 0 -4.182064093642568e-28 0 0 -3.150195960885042e-30 141.875 141.875 4.9241338488597246e-28 0 0 -7.1056776309750881e-29
d 0 0 -4.1818257696486787e-28 0 0 -3.151797555437061e-30 142.5 142.5 4.9239022179507951e-28 0 0 -7.1055830760815318e-29
d 0 0 -4.1815875185089334e-28 0 0 -3.153410953369515e-30 143.125 143.125 4.9236710842912267e-28 0 0 -7.1054944130713779e-29
d 0 0 -4.1813493425333597e-28 0 0 -3.1549397741780865e-30 143.75 143.75 4.923440880611469e-28 0 0 -7.1054159021689647e-29
d 0 0 -4.1812302834390379e-28 0 0 -3.155695952027917e-30 144.0625 144.0625 4.9233262535960817e-28 0 0 -7.1053816951583644e-29
d 0 0 -4.1811112439779047e-28 0 0 -3.1564837031203482e-30 144.375 144.375 4.9232120066438414e-28 0 0 -7.105351479133319e-29
d 0 0 -4.1809922244244884e-28 0 0 -3.1572684790098887e-30 144.6875 144.6875 4.9230981853257866e-28 0 0 -7.1053257027855767e-29
d 0 0 -4.1808732250505054e-28 0 0 -3.1580503646158218e-30 145 145 4.9229848337146034e-28 0 0 -7.105304800028235e-29
d 0 0 -4.1807542461248902e-28 0 0 -3.158829432262799e-30 145.3125 145.3125 4.9228719944618108e-28 0 0 -7.1052891907548698e-29
d 0 0 -4.1806352879138132e-28 0 0 -3.1596057568255925e-30 145.625 145.625 4.9227597088203326e-28 0 0 -7.1052792810479684e-29
d 0 0 -4.1805163506807061e-28 0 0 -3.1603794064038164e-30 145.9375 145.9375 4.9226480166034481e-28 0 0 -7.1052754627538401e-29
d 0 0 -4.180397434686274e-28 0 0 -3.1611504465885124e-30 146.25 146.25 4.9225369560758213e-28 0 0 -7.1052781123802763e-29
d 0 0 -4.1803974341486911e-28 0 0 -3.1762760844531543e-30 146.328125 146.328125 3.2143165570765738e-26 0 0 -7.1052785526185054e-29
d 0 0 -4.1803974341002542e-28 0 0 -3.1440348923814581e-30 146.337890625 146.337890625 4.7453883951484603e-26 0 0 -7.1052786076290427e-29
d 0 0 -4.1803974340547705e-28 0 0 -3.1178826121925086e-30 146.3427734375 146.3427734375 5.757787812593869e-26 0 0 -7.1052786351265498e-29
d 0 0 -4.1784626824530562e-28 0 0 -3.1729657373213013e-30 151.3427734375 151.3427734375 4.9208374488615862e-28 0 0 -7.1064420967691885e-29
d 0 0 -4.1783441725199659e-28 0 0 -3.173756105358204e-30 151.6552734375 151.6552734375 4.9207401349907205e-28 0 0 -7.1065839633895609e-29
d 0 0 -4.1782256881731552e-28 0 0 -3.1744538834795067e-30 151.9677734375 151.9677734375 4.9206434711164011e-28 0 0 -7.1067323861459176e-29
d 0 0 -4.1779887971155027e-28 0 0 -3.1757482101485235e-30 152.5927734375 152.5927734375 4.9204518388762075e-28 0 0 -7.1070463371532257e-29
d 0 0 -4.1778703908401566e-28 0 0 -3.1765287196303577e-30 152.9052734375 152.9052734375 4.9203567229612003e-28 0 0 -7.1072103809465544e-29
d 0 0 -4.1777520110222331e-28 0 0 -3.177214240760971e-30 153.2177734375 153.2177734375 4.92026196248139e-28 0 0 -7.1073780174638151e-29
d 0 0 -4.1775153316176844e-28 0 0 -3.1785017076008096e-30 153.8427734375 153.8427734375 4.9200731317809282e-28 0 0 -7.1077202908301645e-29
d 0 0 -4.1772787606101942e-28 0 0 -3.1798686646946789e-30 154.4677734375 154.4677734375 4.919884540119169e-28 0 0 -7.1080650564420343e-29
d 0 0 -4.177042299693216e-28 0 0 -3.1812587057144598e-30 155.0927734375 155.0927734375 4.9196953251359505e-28 0 0 -7.1084036571712455e-29
d 0 0 -4.1769241110439689e-28 0 0 -3.1819298258907342e-30 155.4052734375 155.4052734375 4.9196002126805577e-28 0 0 -7.1085679232263768e-29
d 0 0 -4.176805950545998e-28 0 0 -3.1825918619164772e-30 155.7177734375 155.7177734375 4.9195046244325838e-28 0 0 -7.1087274361446137e-29
d 0 0 -4.1765697148344978e-28 0 0 -3.1839073758091515e-30 156.3427734375 156.3427734375 4.9193116385572435e-28 0 0 -7.1090283664661492e-29
d 0 0 -4.1763335942134502e-28 0 0 -3.185130810201733e-30 156.9677734375 156.9677734375 4.9191156898667276e-28 0 0 -7.1092996398747973e-29
d 0 0 -4.1760975903305653e-28 0 0 -3.1864860781902667e-30 157.5927734375 157.5927734375 4.9189162658553545e-28 0 0 -7.1095360998091406e-29
d 0 0 -4.1758617048334992e-28 0 0 -3.1877759601323181e-30 158.2177734375 158.2177734375 4.9187130395896252e-28 0 0 -7.1097344459621614e-29
d 0 0 -4.1756259393798216e-28 0 0 -3.1890354449227058e-30 158.8427734375 158.8427734375 4.9185058664454046e-28 0 0 -7.1098932011845074e-29
d 0 0 -4.1753902956498154e-28 0 0 -3.1904202735306531e-30 159.4677734375 159.4677734375 4.918294761820504e-28 0 0 -7.1100124885914502e-29
d 0 0 -4.1751547753617962e-28 0 0 -3.1915376204483556e-30 160.0927734375 160.0927734375 4.9180798676592571e-28 0 0 -7.1100936969827238e-29
d 0 0 -4.1749193802897165e-28 0 0 -3.1927316330442155e-30 160.7177734375 160.7177734375 4.9178614158106874e-28 0 0 -7.1101391134519486e-29
d 0 0 -4.1746841122831126e-28 0 0 -3.1940337502349678e-30 161.3427734375 161.3427734375 4.917639693975537e-28 0 0 -7.1101515833453345e-29
d 0 0 -4.1728068120890913e-28 0 0 -3.2035282101653219e-30 166.3427734375 166.3427734375 4.9157855570235187e-28 0 0 -7.1094346300556971e-29
d 0 0 -4.1725727991614299e-28 0 0 -3.2046706722626811e-30 166.9677734375 166.9677734375 4.9155480257595954e-28 0 0 -7.1092851084954313e-29
d 0 0 -4.1723389444243082e-28 0 0 -3.2058041952537141e-30 167.5927734375 167.5927734375 4.9153100612287872e-28 0 0 -7.1091305731402483e-29
d 0 0 -4.1721052541799578e-28 0 0 -3.2069279723807516e-30 168.2177734375 168.2177734375 4.9150718940894241e-28 0 0 -7.1089732551816648e-29
d 0 0 -4.1718717361725666e-28 0 0 -3.2080387811540692e-30 168.8427734375 168.8427734375 4.914833747631725e-28 0 0 -7.1088152973475166e-29
d 0 0 -4.1716384001459148e-28 0 0 -3.209144544367401e-30 169.4677734375 169.4677734375 4.9145958372042416e-28 0 0 -7.1086587423670902e-29
d 0 0 -4.1714052586968289e-28 0 0 -3.2102269579910447e-30 170.0927734375 170.0927734375 4.9143583694934214e-28 0 0 -7.1085055169180758e-29
d 0 0 -4.1711723286351455e-28 0 0 -3.2113129174781177e-30 170.7177734375 170.7177734375 4.9141215420269676e-28 0 0 -7.1083574125099744e-29
d 0 0 -4.1710559498094339e-28 0 0 -3.2118834937055874e-30 171.0302734375 171.0302734375 4.9140034276500188e-28 0 0 -7.108285798496431e-29
d 0 0 -4.1709396332591003e-28 0 0 -3.2124239632456288e-30 171.3427734375 171.3427734375 4.9138855434638637e-28 0 0 -7.1082160647834146e-29
d 0 0 -4.1708233835667389e-28 0 0 -3.2129624550995549e-30 171.6552734375 171.6552734375 4.9137679120065816e-28 0 0 -7.1081483880605736e-29
d 0 0 -4.1707072063993064e-28 0 0 -3.2134990023070975e-30 171.9677734375 171.9677734375 4.9136505557117232e-28 0 0 -7.1080829327387388e-29
d 0 0 -4.1705911088867044e-28 0 0 -3.2140336434520464e-30 172.2802734375 172.2802734375 4.913533497244516e-28 0 0 -7.1080198503712304e-29
d 0 0 -4.1704751001805141e-28 0 0 -3.2145664246250174e-30 172.5927734375 172.5927734375 4.913416760023796e-28 0 0 -7.1079592790743242e-29
d 0 0 -4.1703591923061338e-28 0 0 -3.2150974029194032e-30 172.9052734375 172.9052734375 4.9133003690425004e-28 0 0 -7.1079013428883807e-29
d 0 0 -4.1702434015138884e-28 0 0 -3.2156266513313896e-30 173.2177734375 173.2177734375 4.9131843521873592e-28 0 0 -7.1078461509528303e-29
d 0 0 -4.1701277505240224e-28 0 0 -3.2161542674845223e-30 173.5302734375 173.5302734375 4.91306874244114e-28 0 0 -7.1077937962302422e-29
d 0 0 -4.1700122724779914e-28 0 0 -3.216680388659379e-30 173.8427734375 173.8427734375 4.9129535817541514e-28 0 0 -7.10774435321581e-29
d 0 0 -4.1698970184162299e-28 0 0 -3.2172052204811862e-30 174.1552734375 174.1552734375 4.9128389283464649e-28 0 0 -7.1076978733582897e-29
d 0 0 -4.1697820728308515e-28 0 0 -3.2177290964070267e-30 174.4677734375 174.4677734375 4.9127248718433411e-28 0 0 -7.107654375017117e-29
d 0 0 -4.1696675904395918e-28 0 0 -3.2182526188572563e-30 174.7802734375 174.7802734375 4.9126115689737874e-28 0 0 -7.107613818835244e-29
d 0 0 -4.1695539008080755e-28 0 0 -3.2187770625756405e-30 175.0927734375 175.0927734375 4.9124993450020097e-28 0 0 -7.1075760363813642e-29
d 0 0 -4.1694419062557856e-28 0 0 -3.2193059174014801e-30 175.4052734375 175.4052734375 4.9123890793512501e-28 0 0 -7.1075404573896652e-29
d 0 0 -4.169335474881262e-28 0 0 -3.2198542343639362e-30 175.7177734375 175.7177734375 4.9122845244993229e-28 0 0 -7.1075044677512258e-29
d 0 0 -4.1691628476414345e-28 0 0 -3.2211000829937167e-30 176.3427734375 176.3427734375 4.9121152102611283e-28 0 0 -7.1074136184948472e-29
d 0 0 -4.1690670811495551e-28 0 0 -3.2216748464126876e-30 176.6552734375 176.6552734375 4.9120217373458565e-28 0 0 -7.1073784348326998e-29
d 0 0 -4.1689576880736788e-28 0 0 -3.2222027576729051e-30 176.9677734375 176.9677734375 4.9119153832405679e-28 0 0 -7.1073559941868528e-29
d 0 0 -4.1688449028578186e-28 0 0 -3.2227163342877885e-30 177.2802734375 177.2802734375 4.9118060841635496e-28 0 0 -7.1073394908766899e-29
d 0 0 -4.1687309187209294e-28 0 0 -3.2232235157813172e-30 177.5927734375 177.5927734375 4.9116959722701532e-28 0 0 -7.1073274965263108e-29
d 0 0 -4.1686163508649428e-28 0 0 -3.2237265524019817e-30 177.9052734375 177.9052734375 4.9115856496144385e-28 0 0 -7.1073196501732622e-29
d 0 0 -4.1685014493399619e-28 0 0 -3.2242263668744202e-30 178.2177734375 178.2177734375 4.9114753638912868e-28 0 0 -7.1073158346733476e-29
d 0 0 -4.1682710915145446e-28 0 0 -3.2252237224316993e-30 178.8427734375 178.8427734375 4.9112553548764193e-28 0 0 -7.1073201816547752e-29
d 0 0 -4.1680403459903108e-28 0 0 -3.2262055913632021e-30 179.4677734375 179.4677734375 4.9110364625762983e-28 0 0 -7.1073405115222466e-29
d 0 0 -4.1678094215778826e-28 0 0 -3.2271790473424112e-30 180.0927734375 180.0927734375 4.9108189063620028e-28 0 0 -7.1073768458975842e-29
d 0 0 -4.1675784252957163e-28 0 0 -3.2281444601608384e-30 180.7177734375 180.7177734375 4.9106027828586816e-28 0 0 -7.1074290344319589e-29
d 0 0 -4.1673474194374027e-28 0 0 -3.2291020420821577e-30 181.3427734375 181.3427734375 4.9103881111959268e-28 0 0 -7.1074966155504858e-29
d 0 0 -4.1671164435901202e-28 0 0 -3.2300520977050491e-30 181.9677734375 181.9677734375 4.9101748453516584e-28 0 0 -7.1075787115926483e-29
d 0 0 -4.1668855246035422e-28 0 0 -3.2309949170742104e-30 182.5927734375 182.5927734375 4.9099628780024941e-28 0 0 -7.1076739639602145e-29
d 0 0 -4.1667700926356898e-28 0 0 -3.2314608460270814e-30 182.9052734375 182.9052734375 4.9098573318871125e-28 0 0 -7.1077259635143113e-29
d 0 0 -4.1666546816388004e-28 0 0 -3.2319279611195521e-30 183.2177734375 183.2177734375 4.9097520445611941e-28 0 0 -7.1077805211477141e-29
d 0 0 -4.1664239289482312e-28 0 0 -3.2327315232742533e-30 183.8427734375 183.8427734375 4.9095421309075989e-28 0 0 -7.1078960872890395e-29
d 0 0 -4.1661932775082147e-28 0 0 -3.2336441310761068e-30 184.4677734375 184.4677734375 4.90933288570225e-28 0 0 -7.1080180281215662e-29
d 0 0 -4.165962736029461e-28 0 0 -3.2346544488276382e-30 185.0927734375 185.0927734375 4.909124036254668e-28 0 0 -7.1081435194372346e-29
d 0 0 -4.1658475087935483e-28 0 0 -3.2351484572960535e-30 185.4052734375 185.4052734375 4.9090196731616789e-28 0 0 -7.1082067032223775e-29
d 0 0 -4.1657323116095587e-28 0 0 -3.2356015915992983e-30 185.7177734375 185.7177734375 4.9089153058924895e-28 0 0 -7.1082697142966652e-29
d 0 0 -4.165617145184187e-28 0 0 -3.2360530166421768e-30 186.0302734375 186.0302734375 4.9088109019414236e-28 0 0 -7.1083322194650201e-29
d 0 0 -4.1655020101702105e-28 0 0 -3.2365027410320394e-30 186.3427734375 186.3427734375 4.908706430449873e-28 0 0 -7.1083939025101574e-29
d 0 0 -4.1653869071736501e-28 0 0 -3.2368524924716592e-30 186.6552734375 186.6552734375 4.9086018625167524e-28 0 0 -7.1084544672458321e-29
d 0 0 -4.1652718367598727e-28 0 0 -3.2372471096560382e-30 186.9677734375 186.9677734375 4.9084971714154194e-28 0 0 -7.1085136398036201e-29
d 0 0 -4.1650417957695986e-28 0 0 -3.2380989839483888e-30 187.5927734375 187.5927734375 4.9082873246967937e-28 0 0 -7.1086268328656996e-29
d 0 0 -4.1648118910914743e-28 0 0 -3.2391276842403209e-30 188.2177734375 188.2177734375 4.9080767245600553e-28 0 0 -7.108731776849343e-29
d 0 0 -4.1646969909793467e-28 0 0 -3.2393913431200277e-30 188.5302734375 188.5302734375 4.9079711006007575e-28 0 0 -7.1087807284518267e-29
d 0 0 -4.1645821262383044e-28 0 0 -3.2398433457676599e-30 188.8427734375 188.8427734375 4.907865243190443e-28 0 0 -7.1088271507514229e-29
d 0 0 -4.1644672972634516e-28 0 0 -3.2402984310863074e-30 189.1552734375 189.1552734375 4.9077591417049932e-28 0 0 -7.1088709326852331e-29
d 0 0 -4.1643525044367927e-28 0 0 -3.2407546631135104e-30 189.4677734375 189.4677734375 4.9076527873610157e-28 0 0 -7.1089119816054945e-29
d 0 0 -4.1642377481292434e-28 0 0 -3.2412103226254021e-30 189.7802734375 189.7802734375 4.9075461730128648e-28 0 0 -7.1089502213582184e-29
d 0 0 -4.1641230287024985e-28 0 0 -3.2416639859718598e-30 190.0927734375 190.0927734375 4.9074392929615822e-28 0 0 -7.1089855903533429e-29
d 0 0 -4.164008346510764e-28 0 0 -3.2421145610933902e-30 190.4052734375 190.4052734375 4.9073321427698918e-28 0 0 -7.1090180396967419e-29
d 0 0 -4.1638937019024005e-28 0 0 -3.2425612968217964e-30 190.7177734375 190.7177734375 4.9072247190890842e-28 0 0 -7.1090475314421049e-29
d 0 0 -4.1637790952214898e-28 0 0 -3.2430037598468875e-30 191.0302734375 191.0302734375 4.9071170195023745e-28 0 0 -7.1090740370084352e-29
d 0 0 -4.163664526809354e-28 0 0 -3.2434418021014927e-30 191.3427734375 191.3427734375 4.907009042388156e-28 0 0 -7.1090975357969369e-29
d 0 0 -4.1635499970060437e-28 0 0 -3.2438989002885818e-30 191.6552734375 191.6552734375 4.9069007868081021e-28 0 0 -7.1091180140296398e-29
d 0 0 -4.1634355061518193e-28 0 0 -3.2443050310569707e-30 191.9677734375 191.9677734375 4.906792252402425e-28 0 0 -7.1091354638223446e-29
d 0 0 -4.1633210545886461e-28 0 0 -3.2447308717580523e-30 192.2802734375 192.2802734375 4.9066834393488056e-28 0 0 -7.1091498824875366e-29
d 0 0 -4.1632066426617161e-28 0 0 -3.2451534026832953e-30 192.5927734375 192.5927734375 4.9065743482908816e-28 0 0 -7.1091612720747001e-29
d 0 0 -4.1630922707210354e-28 0 0 -3.2455729305663027e-30 192.9052734375 192.9052734375 4.9064649803280316e-28 0 0 -7.1091696391163769e-29
d 0 0 -4.162977939123082e-28 0 0 -3.2459898841404071e-30 193.2177734375 193.2177734375 4.9063553370076344e-28 0 0 -7.1091749945607953e-29
d 0 0 -4.1628636482325656e-28 0 0 -3.2464045978549634e-30 193.5302734375 193.5302734375 4.9062454203370865e-28 0 0 -7.1091773538739923e-29
d 0 0 -4.1627493984243292e-28 0 0 -3.2462518573587446e-30 193.8427734375 193.8427734375 4.9061352327493828e-28 0 0 -7.1091767372669248e-29
d 0 0 -4.1626351900854093e-28 0 0 -3.2467436774640209e-30 194.1552734375 194.1552734375 4.9060247773727875e-28 0 0 -7.1091731700175654e-29
d 0 0 -4.1625210236172911e-28 0 0 -3.2472466982624366e-30 194.4677734375 194.4677734375 4.9059140577274528e-28 0 0 -7.1091666828506372e-29
d 0 0 -4.1624068994384208e-28 0 0 -3.2477473968249757e-30 194.7802734375 194.7802734375 4.905803077981349e-28 0 0 -7.1091573123388207e-29
d 0 0 -4.1622928179870033e-28 0 0 -3.2482363877105036e-30 195.0927734375 195.0927734375 4.9056918429479123e-28 0 0 -7.1091451012910025e-29
d 0 0 -4.1621787797241533e-28 0 0 -3.2487091105659589e-30 195.4052734375 195.4052734375 4.9055803581232705e-28 0 0 -7.109130099096298e-29
d 0 0 -4.1620647851374797e-28 0 0 -3.2491647219722784e-30 195.7177734375 195.7177734375 4.9054686297168241e-28 0 0 -7.1091123619967738e-29
d 0 0 -4.1618369291007238e-28 0 0 -3.2494317319617256e-30 196.3427734375 196.3427734375 4.9052444705996889e-28 0 0 -7.1090689432838124e-29
d 0 0 -4.1616092544794258e-28 0 0 -3.2508254324958864e-30 196.9677734375 196.9677734375 4.9050194303512719e-28 0 0 -7.1090154361528499e-29
d 0 0 -4.1613817666389399e-28 0 0 -3.2509819654117697e-30 197.5927734375 197.5927734375 4.9047935848330373e-28 0 0 -7.1089525406635708e-29
d 0 0 -4.1611544719725009e-28 0 0 -3.2524443949275139e-30 198.2177734375 198.2177734375 4.9045670214604675e-28 0 0 -7.1088810546133488e-29
d 0 0 -4.1610408994479869e-28 0 0 -3.252228170570687e-30 198.5302734375 198.5302734375 4.9044535001638999e-28 0 0 -7.1088423618210679e-29
d 0 0 -4.1609273782778107e-28 0 0 -3.2527808724490571e-30 198.8427734375 198.8427734375 4.9043398362894e-28 0 0 -7.1088018554282161e-29
d 0 0 -4.1608139097461068e-28 0 0 -3.2533020543121469e-30 199.1552734375 199.1552734375 4.9042260429499287e-28 0 0 -7.1087596537477029e-29
d 0 0 -4.1607004953076984e-28 0 0 -3.2537885398094081e-30 199.4677734375 199.4677734375 4.9041121337475318e-28 0 0 -7.1087158769960771e-29
d 0 0 -4.1605871366230179e-28 0 0 -3.2542516608421076e-30 199.7802734375 199.7802734375 4.9039981226016421e-28 0 0 -7.1086706464440184e-29
d 0 0 -4.1604738356021378e-28 0 0 -3.2546912940554719e-30 200.0927734375 200.0927734375 4.9038840237236868e-28 0 0 -7.1086240835713787e-29
d 0 0 -4.1603605944608926e-28 0 0 -3.2551123666940162e-30 200.4052734375 200.4052734375 4.9037698515748068e-28 0 0 -7.1085763092408624e-29
d 0 0 -4.1602474157932709e-28 0 0 -3.255519446376061e-30 200.7177734375 200.7177734375 4.903655620863918e-28 0 0 -7.1085274429029654e-29
d 0 0 -4.1601343026659892e-28 0 0 -3.2559163378914637e-30 201.0302734375 201.0302734375 4.9035413465787139e-28 0 0 -7.1084776018423056e-29
d 0 0 -4.1600212587438136e-28 0 0 -3.2563059960783595e-30 201.3427734375 201.3427734375 4.9034270440416772e-28 0 0 -7.1084269004730079e-29
d 0 0 -4.1599082884582239e-28 0 0 -3.256690588049246e-30 201.6552734375 201.6552734375 4.9033127290169323e-28 0 0 -7.1083754496877309e-29
d 0 0 -4.1597953972383177e-28 0 0 -3.2570716618275296e-30 201.9677734375 201.9677734375 4.9031984178897478e-28 0 0 -7.1083233562609471e-29
d 0 0 -4.1596825918330129e-28 0 0 -3.2574502530907913e-30 202.2802734375 202.2802734375 4.9030841279547007e-28 0 0 -7.1082707223017004e-29
d 0 0 -4.1595698807701787e-28 0 0 -3.2578270551378217e-30 202.5927734375 202.5927734375 4.9029698778354228e-28 0 0 -7.1082176447432461e-29
d 0 0 -4.1594572750263982e-28 0 0 -3.2574311574669895e-30 202.9052734375 202.9052734375 4.902855687975123e-28 0 0 -7.1081642148447161e-29
d 0 0 -4.159344789029652e-28 0 0 -3.2579935698261387e-30 203.2177734375 203.2177734375 4.9027415822767436e-28 0 0 -7.1081105176598266e-29
d 0 0 -4.1592324422038049e-28 0 0 -3.2585138831109288e-30 203.5302734375 203.5302734375 4.9026275886278019e-28 0 0 -7.1080566313927915e-29
d 0 0 -4.1591202614220827e-28 0 0 -3.2590018411680525e-30 203.8427734375 203.8427734375 4.9025137420605963e-28 0 0 -7.1080026264991095e-29
d 0 0 -4.1590082850304514e-28 0 0 -3.2594634237222859e-30 204.1552734375 204.1552734375 4.9024000886138537e-28 0 0 -7.1079485642737515e-29
d 0 0 -4.1588965696424784e-28 0 0 -3.2599035348492824e-30 204.4677734375 204.4677734375 4.9022866921533917e-28 0 0 -7.1078944944575956e-29
d 0 0 -4.1587852018286117e-28 0 0 -3.2603266498551565e-30 204.7802734375 204.7802734375 4.9021736460979699e-28 0 0 -7.1078404510286498e-29
d 0 0 -4.1586743179670346e-28 0 0 -3.2607369216603277e-30 205.0927734375 205.0927734375 4.9020610933160922e-28 0 0 -7.1077864448723284e-29
d 0 0 -4.1585641352266792e-28 0 0 -3.2611382759757976e-30 205.4052734375 205.4052734375 4.9019492571558699e-28 0 0 -7.107732452035563e-29
d 0 0 -4.1584549945527281e-28 0 0 -3.2615345628571039e-30 205.7177734375 205.7177734375 4.9018384844558274e-28 0 0 -7.1076783968427435e-29
d 0 0 -4.1583474792519525e-28 0 0 -3.2619301126483883e-30 206.0302734375 206.0302734375 4.9017293641810466e-28 0 0 -7.1076241050121972e-29
d 0 0 -4.1582431850990094e-28 0 0 -3.2623328804954563e-30 206.3427734375 206.3427734375 4.9016234981582648e-28 0 0 -7.1075690052548848e-29
d 0 0 -4.1581454865011104e-28 0 0 -3.2627569463891244e-30 206.6552734375 206.6552734375 4.9015242671137423e-28 0 0 -7.1075118261607997e-29
d 0 0 -4.1580524175781169e-28 0 0 -3.2631956491952735e-30 206.9677734375 206.9677734375 4.9014297070632423e-28 0 0 -7.1074533615890581e-29
d 0 0 -4.1579640498169342e-28 0 0 -3.2636533879656066e-30 207.2802734375 207.2802734375 4.9013400379342487e-28 0 0 -7.1073947472509569e-29
d 0 0 -4.1578826939179609e-28 0 0 -3.2646013384681854e-30 207.5927734375 207.5927734375 4.9012780334145867e-28 0 0 -7.107493536779823e-29
d 0 0 -4.1578419510318004e-28 0 0 -3.2881341185957043e-30 207.9052734375 207.9052734375 4.9022503239955557e-28 0 0 -7.1152706360043313e-29
d 0 0 -4.1577764511458685e-28 0 0 -3.2972002622771843e-30 208.2177734375 208.2177734375 4.9025604050896805e-28 0 0 -7.1181198441545622e-29
d 0 0 -4.1576966903151103e-28 0 0 -3.297930199733876e-30 208.5302734375 208.5302734375 4.9024894842812627e-28 0 0 -7.1181352444910629e-29
d 0 0 -4.1576166036043856e-28 0 0 -3.297744830162805e-30 208.8427734375 208.8427734375 4.9024093470791159e-28 0 0 -7.118082815228347e-29
d 0 0 -4.1575365001883896e-28 0 0 -3.2983547485971173e-30 209.1552734375 209.1552734375 4.9023283072604976e-28 0 0 -7.1180238551012865e-29
d 0 0 -4.157456415410594e-28 0 0 -3.2989384640760462e-30 209.4677734375 209.4677734375 4.9022473140820213e-28 0 0 -7.1179653770745741e-29
d 0 0 -4.1573763496331411e-28 0 0 -3.299503332990981e-30 209.7802734375 209.7802734375 4.9021663791501501e-28 0 0 -7.1179074732310364e-29
d 0 0 -4.1572963029696162e-28 0 0 -3.3000536846977907e-30 210.0927734375 210.0927734375 4.9020855074658855e-28 0 0 -7.1178501870615474e-29
d 0 0 -4.1572162755210421e-28 0 0 -3.3005923106164296e-30 210.4052734375 210.4052734375 4.90200470374421e-28 0 0 -7.1177935600799742e-29
d 0 0 -4.1571362673795017e-28 0 0 -3.3011211316913056e-30 210.7177734375 210.7177734375 4.9019239725040073e-28 0 0 -7.1177376324698216e-29
d 0 0 -4.1570562786299151e-28 0 0 -3.3016415802434967e-30 211.0302734375 211.0302734375 4.9018433181059741e-28 0 0 -7.1176824433407749e-29
d 0 0 -4.1569763093514007e-28 0 0 -3.3021547710168133e-30 211.3427734375 211.3427734375 4.901762744777543e-28 0 0 -7.1176280308838089e-29
d 0 0 -4.1568963596183507e-28 0 0 -3.3026616237449122e-30 211.6552734375 211.6552734375 4.9016822566280672e-28 0 0 -7.1175744324490129e-29
d 0 0 -4.1568164295012908e-28 0 0 -3.3031629033389654e-30 211.9677734375 211.9677734375 4.9016018576564482e-28 0 0 -7.1175216845633614e-29
d 0 0 -4.156736519067567e-28 0 0 -3.3036592600468357e-30 212.2802734375 212.2802734375 4.9015215517529909e-28 0 0 -7.1174698229021186e-29
d 0 0 -4.1566566283819105e-28 0 0 -3.3041512525159366e-30 212.5927734375 212.5927734375 4.9014413426968774e-28 0 0 -7.1174188822253839e-29
d 0 0 -4.1565767575069069e-28 0 0 -3.304639358553874e-30 212.9052734375 212.9052734375 4.9013612341504842e-28 0 0 -7.1173688962899061e-29
d 0 0 -4.1564969065033854e-28 0 0 -3.305123987450542e-30 213.2177734375 213.2177734375 4.9012812296516239e-28 0 0 -7.1173198977455168e-29
d 0 0 -4.1564170754307494e-28 0 0 -3.3056054986275495e-30 213.5302734375 213.5302734375 4.9012013326047298e-28 0 0 -7.1172719180251488e-29
d 0 0 -4.1563372643472625e-28 0 0 -3.3060841936152763e-30 213.8427734375 213.8427734375 4.9011215462719181e-28 0 0 -7.1172249872371972e-29
d 0 0 -4.1562574733102923e-28 0 0 -3.3065603391251356e-30 214.1552734375 214.1552734375 4.9010418737649089e-28 0 0 -7.1171791340689545e-29
d 0 0 -4.1561777023765247e-28 0 0 -3.3070341638650536e-30 214.4677734375 214.4677734375 4.9009623180387013e-28 0 0 -7.1171343857098821e-29
d 0 0 -4.1560979516021597e-28 0 0 -3.3075058644844413e-30 214.7802734375 214.7802734375 4.9008828818879229e-28 0 0 -7.1170907678034348e-29
d 0 0 -4.1560182210430796e-28 0 0 -3.3079756155881427e-30 215.0927734375 215.0927734375 4.9008035679467746e-28 0 0 -7.1170483044361753e-29
d 0 0 -4.1559385107550029e-28 0 0 -3.3084435668572225e-30 215.4052734375 215.4052734375 4.9007243786934291e-28 0 0 -7.1170070181726972e-29
d 0 0 -4.1558588207936335e-28 0 0 -3.3089098492825746e-30 215.7177734375 215.7177734375 4.900645316459743e-28 0 0 -7.1169669301446508e-29
d 0 0 -4.1557791512147857e-28 0 0 -3.3093745772501886e-30 216.0302734375 216.0302734375 4.9005663834470805e-28 0 0 -7.1169280602017192e-29
d 0 0 -4.1556995020745131e-28 0 0 -3.3118021286804257e-30 216.3427734375 216.3427734375 4.9004875827648685e-28 0 0 -7.1168904271317857e-29
d 0 0 -4.1556198734292248e-28 0 0 -3.3123463898792918e-30 216.6552734375 216.6552734375 4.9004089144447078e-28 0 0 -7.1168540489568176e-29
d 0 0 -4.1555402653357931e-28 0 0 -3.3128906144005964e-30 216.9677734375 216.9677734375 4.9003303814326336e-28 0 0 -7.1168189433099758e-29
d 0 0 -4.1554606778516683e-28 0 0 -3.3134348400742903e-30 217.2802734375 217.2802734375 4.9002519857126567e-28 0 0 -7.1167851278984823e-29
d 0 0 -4.1553811110349766e-28 0 0 -3.3139791017520319e-30 217.5927734375 217.5927734375 4.9001737293318997e-28 0 0 -7.1167526210554689e-29
d 0 0 -4.1553015649446236e-28 0 0 -3.3145234194755415e-30 217.9052734375 217.9052734375 4.9000956144653151e-28 0 0 -7.1167214423827638e-29
d 0 0 -4.1552220396403967e-28 0 0 -3.3150678097108572e-30 218.2177734375 218.2177734375 4.9000176434895401e-28 0 0 -7.1166916134851898e-29
d 0 0 -4.1551425351830615e-28 0 0 -3.3156122793886107e-30 218.5302734375 218.5302734375 4.8999398190657924e-28 0 0 -7.1166631587955594e-29
d 0 0 -4.1550630516344626e-28 0 0 -3.3161568327835967e-30 218.8427734375 218.8427734375 4.8998621442315965e-28 0 0 -7.11663610648817e-29
d 0 0 -4.1549835890576238e-28 0 0 -3.3167014652602457e-30 219.1552734375 219.1552734375 4.8997846225009911e-28 0 0 -7.1166104894773755e-29
d 0 0 -4.1549041475168462e-28 0 0 -3.3172461683914044e-30 219.4677734375 219.4677734375 4.8997072579727756e-28 0 0 -7.1165863464965981e-29
d 0 0 -4.1548247270778101e-28 0 0 -3.3177909290467129e-30 219.7802734375 219.7802734375 4.8996300554462092e-28 0 0 -7.1165637232521792e-29
d 0 0 -4.1547453278076809e-28 0 0 -3.3183357297482006e-30 220.0927734375 220.0927734375 4.8995530205435426e-28 0 0 -7.1165426736456674e-29
d 0 0 -4.1546659497752133e-28 0 0 -3.3188805485123499e-30 220.4052734375 220.4052734375 4.8994761598386756e-28 0 0 -7.1165232610575152e-29
d 0 0 -4.1545865930508624e-28 0 0 -3.3194253617083711e-30 220.7177734375 220.7177734375 4.8993994809911968e-28 0 0 -7.1165055596847927e-29
d 0 0 -4.1545072577068939e-28 0 0 -3.3199701406293746e-30 221.0302734375 221.0302734375 4.8993229928850464e-28 0 0 -7.1164896559253143e-29
d 0 0 -4.1544279438175035e-28 0 0 -3.3205148552102193e-30 221.3427734375 221.3427734375 4.8992467057710439e-28 0 0 -7.1164756498005708e-29
d 0 0 -4.1543486514589416e-28 0 0 -3.3210594713112013e-30 221.6552734375 221.6552734375 4.8991706314125246e-28 0 0 -7.1164636564099332e-29
d 0 0 -4.154269380709636e-28 0 0 -3.3216039548919368e-30 221.9677734375 221.9677734375 4.8990947832333521e-28 0 0 -7.1164538074088149e-29
d 0 0 -4.1541901316503312e-28 0 0 -3.3221482668633319e-30 222.2802734375 222.2802734375 4.8990191764675884e-28 0 0 -7.1164462525036133e-29
d 0 0 -4.1541109043642315e-28 0 0 -3.3226923691261163e-30 222.5927734375 222.5927734375 4.8989438283101255e-28 0 0 -7.1164411609564266e-29
d 0 0 -4.1540316989371493e-28 0 0 -3.3232362196472829e-30 222.9052734375 222.9052734375 4.8988687580675584e-28 0 0 -7.1164387230924263e-29
d 0 0 -4.1539525154576692e-28 0 0 -3.3237797780796985e-30 223.2177734375 223.2177734375 4.8987939873085674e-28 0 0 -7.1164391518025598e-29
d 0 0 -4.1538733540173189e-28 0 0 -3.3243230002082262e-30 223.5302734375 223.5302734375 4.8987195400130201e-28 0 0 -7.1164426840335928e-29
d 0 0 -4.1537942147107581e-28 0 0 -3.3248658418580186e-30 223.8427734375 223.8427734375 4.8986454427188808e-28 0 0 -7.1164495822564988e-29
d 0 0 -4.1537150976359791e-28 0 0 -3.325408258911955e-30 224.1552734375 224.1552734375 4.8985717246658837e-28 0 0 -7.1164601359026665e-29
d 0 0 -4.1536360028945229e-28 0 0 -3.3259502061022752e-30 224.4677734375 224.4677734375 4.8984984179347065e-28 0 0 -7.1164746627553082e-29
d 0 0 -4.153556930591723e-28 0 0 -3.3264916378628401e-30 224.7802734375 224.7802734375 4.8984255575801033e-28 0 0 -7.1164935102806726e-29
d 0 0 -4.1534778808369625e-28 0 0 -3.3270325078554322e-30 225.0927734375 225.0927734375 4.8983531817561257e-28 0 0 -7.1165170568802347e-29
d 0 0 -4.1533988537439667e-28 0 0 -3.3275727727792424e-30 225.4052734375 225.4052734375 4.8982813318311157e-28 0 0 -7.1165457130408276e-29
d 0 0 -4.1533198494311227e-28 0 0 -3.3281123847723645e-30 225.7177734375 225.7177734375 4.8982100524896906e-28 0 0 -7.1165799223546849e-29
d 0 0 -4.1532408680218317e-28 0 0 -3.3286512997362911e-30 226.0302734375 226.0302734375 4.8981393918183296e-28 0 0 -7.116620162375604e-29
d 0 0 -4.1531619096449136e-28 0 0 -3.3291894736072425e-30 226.3427734375 226.3427734375 4.8980694013705475e-28 0 0 -7.1166669452709451e-29
d 0 0 -4.1530829744350464e-28 0 0 -3.3297268619785671e-30 226.6552734375 226.6552734375 4.8980001362069106e-28 0 0 -7.1167208182219016e-29
d 0 0 -4.1530040625332721e-28 0 0 -3.3302634205124352e-30 226.9677734375 226.9677734375 4.8979316549043611e-28 0 0 -7.1167823635167373e-29
d 0 0 -4.1529251740875624e-28 0 0 -3.3307991079475037e-30 227.2802734375 227.2802734375 4.8978640195285164e-28 0 0 -7.1168521982733513e-29
d 0 0 -4.1528463092534664e-28 0 0 -3.3313475326288489e-30 227.5927734375 227.5927734375 4.897797295570822e-28 0 0 -7.116930973719134e-29
d 0 0 -4.1527674681948368e-28 0 0 -3.3318821069242436e-30 227.9052734375 227.9052734375 4.8977315517885677e-28 0 0 -7.1170193739476869e-29
d 0 0 -4.1526886510846689e-28 0 0 -3.3301510179513942e-30 228.2177734375 228.2177734375 4.8976668586194509e-28 0 0 -7.1171181140641436e-29
d 0 0 -4.1526098581060551e-28 0 0 -3.3269848901068681e-30 228.5302734375 228.5302734375 4.8976032915680533e-28 0 0 -7.1172279376239909e-29
d 0 0 -4.1525310894532822e-28 0 0 -3.327411795064161e-30 228.8427734375 228.8427734375 4.8975409306249037e-28 0 0 -7.11734961326518e-29
d 0 0 -4.1524523453330832e-28 0 0 -3.3278383784103822e-30 229.1552734375 229.1552734375 4.8974798530675219e-28 0 0 -7.1174839304306047e-29
d 0 0 -4.1523736259660974e-28 0 0 -3.3282646597405888e-30 229.4677734375 229.4677734375 4.8974201397927239e-28 0 0 -7.1176316940785373e-29
d 0 0 -4.152294931588542e-28 0 0 -3.3286232904055595e-30 229.7802734375 229.7802734375 4.8973618725818064e-28 0 0 -7.1177937182837043e-29
d 0 0 -4.152216262454152e-28 0 0 -3.3290450646328309e-30 230.0927734375 230.0927734375 4.8973051334861853e-28 0 0 -7.1179708186419632e-29
d 0 0 -4.1520590010313108e-28 0 0 -3.3268753343073807e-30 230.7177734375 230.7177734375 4.8971965612720658e-28 0 0 -7.1183734633234767e-29
d 0 0 -4.1519804093601448e-28 0 0 -3.3353757976113424e-30 231.0302734375 231.0302734375 4.8971448904510111e-28 0 0 -7.1186005601139657e-29
d 0 0 -4.15190184417337e-28 0 0 -3.3360645042744061e-30 231.3427734375 231.3427734375 4.8970950532098299e-28 0 0 -7.118845813699695e-29
d 0 0 -4.1506489150553475e-28 0 0 -3.3375328406603972e-30 236.3427734375 236.3427734375 4.8965674395752803e-28 0 0 -7.125431959832369e-29
d 0 0 -4.15049299144032e-28 0 0 -3.3383566349620891e-30 236.9677734375 236.9677734375 4.8965312028388482e-28 0 0 -7.1265461713372557e-29
d 0 0 -4.1503373049951555e-28 0 0 -3.3388632869750554e-30 237.5927734375 237.5927734375 4.8964978143435422e-28 0 0 -7.127686665709724e-29
d 0 0 -4.1501819277628777e-28 0 0 -3.3396751979359517e-30 238.2177734375 238.2177734375 4.896465654129007e-28 0 0 -7.1288365256832874e-29
d 0 0 -4.1500269985814624e-28 0 0 -3.3408286517191677e-30 238.8427734375 238.8427734375 4.896433161960206e-28 0 0 -7.1299787668012996e-29
d 0 0 -4.1498728420594872e-28 0 0 -3.3416496407173356e-30 239.4677734375 239.4677734375 4.8963990497908633e-28 0 0 -7.1310972717931168e-29
d 0 0 -4.149720561722925e-28 0 0 -3.3424654196579766e-30 240.0927734375 240.0927734375 4.8963629572674819e-28 0 0 -7.1321773994755961e-29
d 0 0 -4.1495806974158791e-28 0 0 -3.3432818988802625e-30 240.7177734375 240.7177734375 4.8963338381261726e-28 0 0 -7.1332032170747578e-29
d 0 0 -4.1494682488250318e-28 0 0 -3.3440975614198984e-30 241.3427734375 241.3427734375 4.8963251777292952e-28 0 0 -7.1341595329003902e-29
d 0 0 -4.1493219896065078e-28 0 0 -3.3449100608699171e-30 241.9677734375 241.9677734375 4.8962774855734775e-28 0 0 -7.1350640371212404e-29
d 0 0 -4.14916912778582e-28 0 0 -3.3456093515898087e-30 242.5927734375 242.5927734375 4.8962165947544142e-28 0 0 -7.1359028401732986e-29
d 0 0 -4.149014987795592e-28 0 0 -3.3464334749610835e-30 243.2177734375 243.2177734375 4.8961474937170102e-28 0 0 -7.13667257137689e-29
d 0 0 -4.1488603538532999e-28 0 0 -3.3473044665092143e-30 243.8427734375 243.8427734375 4.8960709908851751e-28 0 0 -7.1373734790707461e-29
d 0 0 -4.1487054859572447e-28 0 0 -3.3483681526716026e-30 244.4677734375 244.4677734375 4.895987533581029e-28 0 0 -7.1380074424750825e-29
d 0 0 -4.1485505017567774e-28 0 0 -3.34886430853278e-30 245.0927734375 245.0927734375 4.8958975329162722e-28 0 0 -7.1385774070212791e-29
d 0 0 -4.1483954643561219e-28 0 0 -3.3496972513395987e-30 245.7177734375 245.7177734375 4.8958014141395946e-28 0 0 -7.139086995135376e-29
d 0 0 -4.1482404114927096e-28 0 0 -3.3570655154587676e-30 246.3427734375 246.3427734375 4.8956996196094195e-28 0 0 -7.1395402190829883e-29
d 0 0 -4.1480853675183734e-28 0 0 -3.3512651966204197e-30 246.9677734375 246.9677734375 4.8955925809048457e-28 0 0 -7.139941280301793e-29
d 0 0 -4.1479303490599746e-28 0 0 -3.3520525511763367e-30 247.5927734375 247.5927734375 4.8954807528324993e-28 0 0 -7.1402944401448414e-29
d 0 0 -4.1477753679773385e-28 0 0 -3.3571611494576373e-30 248.2177734375 248.2177734375 4.8953645698014296e-28 0 0 -7.1406039432889372e-29
d 0 0 -4.1476204330314611e-28 0 0 -3.3536084716954434e-30 248.8427734375 248.8427734375 4.8952444509760436e-28 0 0 -7.1408739747623012e-29
d 0 0 -4.1474655508835646e-28 0 0 -3.3541069357891216e-30 249.4677734375 249.4677734375 4.8951208203803664e-28 0 0 -7.1411086341631066e-29
d 0 0 -4.1473107267232793e-28 0 0 -3.3549560581613949e-30 250.0927734375 250.0927734375 4.8949940801179331e-28 0 0 -7.1413119151062776e-29
d 0 0 -4.1471559646800034e-28 0 0 -3.3559903006240927e-30 250.7177734375 250.7177734375 4.8948646205950356e-28 0 0 -7.1414876827589157e-29
d 0 0 -4.1470012681017874e-28 0 0 -3.3565290650273065e-30 251.3427734375 251.3427734375 4.8947328156070268e-28 0 0 -7.1416396464340017e-29
d 0 0 -4.1457663111163762e-28 0 0 -3.3628054412824941e-30 256.3427734375 256.3427734375 4.8936308359046229e-28 0 0 -7.1423647005470001e-29
d 0 0 -4.1456122908304843e-28 0 0 -3.3635530020683253e-30 256.9677734375 256.9677734375 4.8934904356019449e-28 0 0 -7.142426666346507e-29
d 0 0 -4.1454583519362223e-28 0 0 -3.3642871992182603e-30 257.5927734375 257.5927734375 4.8933498366505678e-28 0 0 -7.1424861296251931e-29
d 0 0 -4.145304495377443e-28 0 0 -3.3650054787506569e-30 258.2177734375 258.2177734375 4.8932090540692348e-28 0 0 -7.142543229722139e-29
d 0 0 -4.1451507220705696e-28 0 0 -3.3657390118942209e-30 258.8427734375 258.8427734375 4.8930680725181615e-28 0 0 -7.1425978024461372e-29
d 0 0 -4.1449970329149199e-28 0 0 -3.3664875308733306e-30 259.4677734375 259.4677734375 4.8929268520868232e-28 0 0 -7.1426494381610169e-29
d 0 0 -4.1448434288015217e-28 0 0 -3.3672219515392178e-30 260.0927734375 260.0927734375 4.8927853350192058e-28 0 0 -7.1426975489572066e-29
d 0 0 -4.144689910620981e-28 0 0 -3.3679416642759534e-30 260.7177734375 260.7177734375 4.8926434528718492e-28 0 0 -7.1427414398448164e-29
d 0 0 -4.1445364792708858e-28 0 0 -3.3686862081706906e-30 261.3427734375 261.3427734375 4.8925011334797488e-28 0 0 -7.1427803783010214e-29
d 0 0 -4.1433122710812501e-28 0 0 -3.374329596536495e-30 266.3427734375 266.3427734375 4.8913407231968232e-28 0 0 -7.1428510814017334e-29
d 0 0 -4.1431596672477484e-28 0 0 -3.3750308766841913e-30 266.9677734375 266.9677734375 4.8911926905668536e-28 0 0 -7.1428271280235371e-29
d 0 0 -4.1430071618700248e-28 0 0 -3.3757036377819174e-30 267.5927734375 267.5927734375 4.8910440473593226e-28 0 0 -7.1427963547088433e-29
d 0 0 -4.142854756784973e-28 0 0 -3.3790997709363443e-30 268.2177734375 268.2177734375 4.8908948326637456e-28 0 0 -7.1427591162913764e-29
d 0 0 -4.1427024540971775e-28 0 0 -3.377123029677957e-30 268.8427734375 268.8427734375 4.890745083055754e-28 0 0 -7.1427158023284953e-29
d 0 0 -4.1425502562519654e-28 0 0 -3.3777927203505871e-30 269.4677734375 269.4677734375 4.890594846902833e-28 0 0 -7.1426668234921705e-29
d 0 0 -4.1423981661325526e-28 0 0 -3.3784740848539616e-30 270.0927734375 270.0927734375 4.8904441678452828e-28 0 0 -7.1426126010930507e-29
d 0 0 -4.1422461871915635e-28 0 0 -3.3791548388312323e-30 270.7177734375 270.7177734375 4.8902930919820806e-28 0 0 -7.1425535595488846e-29
d 0 0 -4.1420943236325743e-28 0 0 -3.3798329843086e-30 271.3427734375 271.3427734375 4.8901416659695803e-28 0 0 -7.1424901214305816e-29
d 0 0 -4.1419425806662028e-28 0 0 -3.3805100372822733e-30 271.9677734375 271.9677734375 4.8899899370101748e-28 0 0 -7.1424227046346947e-29
d 0 0 -4.141790964880236e-28 0 0 -3.3811835184262958e-30 272.5927734375 272.5927734375 4.8898379531010961e-28 0 0 -7.1423517212149252e-29
d 0 0 -4.1416394847894065e-28 0 0 -3.3818525661216286e-30 273.2177734375 273.2177734375 4.8896857635960448e-28 0 0 -7.1422775774334807e-29
d 0 0 -4.1414881516777711e-28 0 0 -3.3825199449514959e-30 273.8427734375 273.8427734375 4.889533420141903e-28 0 0 -7.1422006746469501e-29
d 0 0 -4.1413369809359108e-28 0 0 -3.3831866669380054e-30 274.4677734375 274.4677734375 4.8893809781561005e-28 0 0 -7.1421214107071271e-29
d 0 0 -4.1411859942708705e-28 0 0 -3.3838714053310591e-30 275.0927734375 275.0927734375 4.8892284992216834e-28 0 0 -7.1420401816273397e-29
d 0 0 -4.1410352235279053e-28 0 0 -3.3844194574527983e-30 275.7177734375 275.7177734375 4.8890760550599016e-28 0 0 -7.141957383338458e-29
d 0 0 -4.1408847176318763e-28 0 0 -3.3851680649049157e-30 276.3427734375 276.3427734375 4.888923734750528e-28 0 0 -7.1418734134442267e-29
d 0 0 -4.1397400545490838e-28 0 0 -3.3903766706041919e-30 281.3427734375 281.3427734375 4.8877650036051822e-28 0 0 -7.1412118303389916e-29
d 0 0 -4.1389685215044394e-28 0 0 -3.414548295787304e-30 286.3427734375 286.3427734375 4.8888501294706243e-28 0 0 -7.1573612607117748e-29
d 0 0 -4.1381580149688017e-28 0 0 -3.4197347594165102e-30 291.3427734375 291.3427734375 4.8880529822321808e-28 0 0 -7.1569761955812645e-29
d 0 0 -4.1373541183194287e-28 0 0 -3.4247453898110498e-30 296.3427734375 296.3427734375 4.8872685511020295e-28 0 0 -7.1566697888433957e-29
d 0 0 -4.1369977799326844e-28 0 0 -3.4270723495627992e-30 298.8427734375 298.8427734375 4.8869195363319952e-28 0 0 -7.1565106760519963e-29
d 0 0 -4.1365979621656141e-28 0 0 -3.4294871164631624e-30 301.3427734375 301.3427734375 4.8865247961734376e-28 0 0 -7.1563196976822284e-29
d 0 0 -4.1361961484213914e-28 0 0 -3.4318784993102721e-30 303.8427734375 303.8427734375 4.8861247137260578e-28 0 0 -7.1560978471941458e-29
d 0 0 -4.135794294103033e-28 0 0 -3.4342395427735613e-30 306.3427734375 306.3427734375 4.8857213895355903e-28 0 0 -7.1558470062536312e-29
d 0 0 -4.1353927635208975e-28 0 0 -3.4365708860829195e-30 308.8427734375 308.8427734375 4.8853156777322522e-28 0 0 -7.1555720500887884e-29
d 0 0 -4.1349916955574454e-28 0 0 -3.4388731384224782e-30 311.3427734375 311.3427734375 4.8849082953928352e-28 0 0 -7.1552786821377129e-29
d 0 0 -4.134591161759865e-28 0 0 -3.441147091473576e-30 313.8427734375 313.8427734375 4.8844998584830157e-28 0 0 -7.1549722577992932e-29
d 0 0 -4.1341912071815531e-28 0 0 -3.4433945383301608e-30 316.3427734375 316.3427734375 4.8840908894230723e-28 0 0 -7.1546574627251419e-29
d 0 0 -4.1337918654010323e-28 0 0 -3.4456134985019602e-30 318.8427734375 318.8427734375 4.8836818380573017e-28 0 0 -7.1543383760269957e-29
d 0 0 -4.1333931658057612e-28 0 0 -3.4478039386234402e-30 321.3427734375 321.3427734375 4.8832731014828656e-28 0 0 -7.1540185973221861e-29
d 0 0 -4.1325978199167346e-28 0 0 -3.452121026326951e-30 326.3427734375 326.3427734375 4.8824579568302431e-28 0 0 -7.1533892662577246e-29
d 0 0 -4.1324986064280479e-28 0 0 -3.4526486430772183e-30 326.9677734375 326.9677734375 4.8823563753858163e-28 0 0 -7.1533123521293859e-29
d 0 0 -4.1323994412826694e-28 0 0 -3.4531843229770964e-30 327.5927734375 327.5927734375 4.882254877573715e-28 0 0 -7.1532359403858654e-29
d 0 0 -4.13230032564239e-28 0 0 -3.4537138344682134e-30 328.2177734375 328.2177734375 4.8821534674020984e-28 0 0 -7.1531600590654606e-29
d 0 0 -4.1322012608480124e-28 0 0 -3.454240461364184e-30 328.8427734375 328.8427734375 4.8820521488277394e-28 0 0 -7.1530847339629598e-29
d 0 0 -4.1318055463017271e-28 0 0 -3.4563380092002426e-30 331.3427734375 331.3427734375 4.8816478704954891e-28 0 0 -7.1527894329638889e-29
d 0 0 -4.1317067664562588e-28 0 0 -3.4568285245622753e-30 331.9677734375 331.9677734375 4.88154707134615e-28 0 0 -7.1527171978763051e-29
d 0 0 -4.1316080534626031e-28 0 0 -3.4572886612533986e-30 332.5927734375 332.5927734375 4.8814463903955409e-28 0 0 -7.1526456281163693e-29
d 0 0 -4.1315094128829213e-28 0 0 -3.4578937993950826e-30 333.2177734375 333.2177734375 4.8813458341626143e-28 0 0 -7.1525747356873708e-29
d 0 0 -4.1314108521815047e-28 0 0 -3.4584012190321654e-30 333.8427734375 333.8427734375 4.881245410830512e-28 0 0 -7.1525045320584971e-29
d 0 0 -4.1313616048839824e-28 0 0 -3.4586653992117207e-30 334.1552734375 334.1552734375 4.881195252295428e-28 0 0 -7.1524696922922613e-29
d 0 0 -4.1313123817880281e-28 0 0 -3.4589206562094387e-30 334.4677734375 334.4677734375 4.8811451314296987e-28 0 0 -7.1524350295128533e-29
d 0 0 -4.1312631849851037e-28 0 0 -3.4591748143061354e-30 334.7802734375 334.7802734375 4.8810950503867291e-28 0 0 -7.1524005458157816e-29
d 0 0 -4.1312140171043589e-28 0 0 -3.4594277297387361e-30 335.0927734375 335.0927734375 4.8810450118595012e-28 0 0 -7.1523662438315513e-29
d 0 0 -4.1311648815368671e-28 0 0 -3.459679299842004e-30 335.4052734375 335.4052734375 4.8809950193149797e-28 0 0 -7.1523321270514492e-29
d 0 0 -4.1311157828014019e-28 0 0 -3.4599295202194719e-30 335.7177734375 335.7177734375 4.8809450773743286e-28 0 0 -7.152298200373091e-29
d 0 0 -4.1310177239089114e-28 0 0 -3.4604464699463544e-30 336.3427734375 336.3427734375 4.8808453741076752e-28 0 0 -7.1522309506577541e-29
d 0 0 -4.1306331325591943e-28 0 0 -3.4624691199835023e-30 338.8427734375 338.8427734375 4.8804549722659791e-28 0 0 -7.1519784015330271e-29
d 0 0 -4.130585419315414e-28 0 0 -3.4628648351875915e-30 339.1552734375 339.1552734375 4.8804065880557694e-28 0 0 -7.1519475901182881e-29
d 0 0 -4.1305374204712754e-28 0 0 -3.4628854320102868e-30 339.4677734375 339.4677734375 4.8803579135365766e-28 0 0 -7.1519163039380265e-29
d 0 0 -4.1304893599020398e-28 0 0 -3.4631320564926005e-30 339.7802734375 339.7802734375 4.8803091819767509e-28 0 0 -7.151884900576748e-29
d 0 0 -4.1304413293723196e-28 0 0 -3.4633791559080792e-30 340.0927734375 340.0927734375 4.8802604887472846e-28 0 0 -7.1518535262745723e-29
d 0 0 -4.13034547330562e-28 0 0 -3.4638734576086029e-30 340.7177734375 340.7177734375 4.8801633367914252e-28 0 0 -7.1517910668242491e-29
d 0 0 -4.1302976728323663e-28 0 0 -3.4641198616959994e-30 341.0302734375 341.0302734375 4.880114903883997e-28 0 0 -7.151760022587732e-29
d 0 0 -4.1302499826835075e-28 0 0 -3.4643661093111002e-30 341.3427734375 341.3427734375 4.8800665918806972e-28 0 0 -7.1517291188933514e-29
d 0 0 -4.130202444423956e-28 0 0 -3.4646118567024209e-30 341.6552734375 341.6552734375 4.8800184425809567e-28 0 0 -7.151698370534262e-29
d 0 0 -4.13015514159938e-28 0 0 -3.4648569305695707e-30 341.9677734375 341.9677734375 4.8799705400175038e-28 0 0 -7.1516678023474142e-29
d 0 0 -4.1301082628453037e-28 0 0 -3.4651009649124833e-30 342.2802734375 342.2802734375 4.8799230740251337e-28 0 0 -7.1516374674681365e-29
d 0 0 -4.1300622845590755e-28 0 0 -3.4653430460291456e-30 342.5927734375 342.5927734375 4.879876524214023e-28 0 0 -7.1516074986804188e-29
d 0 0 -4.1300180279147341e-28 0 0 -3.4655814972260607e-30 342.9052734375 342.9052734375 4.8798317175819583e-28 0 0 -7.1515781257088222e-29
d 0 0 -4.1299767055122504e-28 0 0 -3.4658142970536576e-30 343.2177734375 343.2177734375 4.8797898834038232e-28 0 0 -7.1515497663735211e-29
d 0 0 -4.1299393789250772e-28 0 0 -3.4660394232794396e-30 343.5302734375 343.5302734375 4.8797525354124119e-28 0 0 -7.1515269975481106e-29
d 0 0 -4.1299046950325268e-28 0 0 -3.4664053404987737e-30 343.8427734375 343.8427734375 4.8797558692895482e-28 0 0 -7.1518706611558049e-29
d 0 0 -4.1298934609278783e-28 0 0 -3.4731220147794397e-30 344.1552734375 344.1552734375 4.8814538037685546e-28 0 0 -7.16829122713934e-29
d 0 0 -4.129866671138556e-28 0 0 -3.474901850485345e-30 344.4677734375 344.4677734375 4.8818389370661901e-28 0 0 -7.1722319102534491e-29
d 0 0 -4.1298350483507566e-28 0 0 -3.4751749971388133e-30 344.7802734375 344.7802734375 4.8818192595397786e-28 0 0 -7.1723240496991597e-29
d 0 0 -4.1298032905421581e-28 0 0 -3.4754006551864955e-30 345.0927734375 345.0927734375 4.8817890397156167e-28 0 0 -7.1723168735303568e-29
d 0 0 -4.1297715061005365e-28 0 0 -3.4756219807509889e-30 345.4052734375 345.4052734375 4.8817572415393572e-28 0 0 -7.1722949346845001e-29
d 0 0 -4.129739714775623e-28 0 0 -3.4758416483869881e-30 345.7177734375 345.7177734375 4.8817253893563805e-28 0 0 -7.1722725813966352e-29
d 0 0 -4.1297079181297788e-28 0 0 -3.4760593730902033e-30 346.0302734375 346.0302734375 4.8816935006583882e-28 0 0 -7.1722499660773674e-29
d 0 0 -4.1296761173829774e-28 0 0 -3.4763110953813775e-30 346.3427734375 346.3427734375 4.881661582535128e-28 0 0 -7.1722271451048732e-29
d 0 0 -4.1296443135699691e-28 0 0 -3.4764600417674234e-30 346.6552734375 346.6552734375 4.8816296405860237e-28 0 0 -7.1722041623254734e-29
d 0 0 -4.1296125075837276e-28 0 0 -3.4766948278017415e-30 346.9677734375 346.9677734375 4.8815976793335582e-28 0 0 -7.172181052604348e-29
d 0 0 -4.1295807002084016e-28 0 0 -3.4769217720457562e-30 347.2802734375 347.2802734375 4.8815657024886809e-28 0 0 -7.1721578440592448e-29
d 0 0 -4.1295488921453963e-28 0 0 -3.4771367352539667e-30 347.5927734375 347.5927734375 4.8815337131428932e-28 0 0 -7.1721345596566082e-29
d 0 0 -4.1295170840348446e-28 0 0 -3.4773513482094918e-30 347.9052734375 347.9052734375 4.8815017139090825e-28 0 0 -7.1721112183766738e-29
d 0 0 -4.1294852764740763e-28 0 0 -3.4775643304429769e-30 348.2177734375 348.2177734375 4.8814697081615281e-28 0 0 -7.1720878473852087e-29
d 0 0 -4.129453470035127e-28 0 0 -3.4777709472600242e-30 348.5302734375 348.5302734375 4.8814376944686517e-28 0 0 -7.1720644261660611e-29
d 0 0 -4.1294216652806596e-28 0 0 -3.4779838893173393e-30 348.8427734375 348.8427734375 4.8814056779635509e-28 0 0 -7.1720410000775414e-29
d 0 0 -4.1291673726544216e-28 0 0 -3.4796814216291201e-30 351.3427734375 351.3427734375 4.8811495872136734e-28 0 0 -7.1718540034105702e-29
d 0 0 -4.1289154799323277e-28 0 0 -3.4813204470043042e-30 353.8427734375 353.8427734375 4.8808959772439818e-28 0 0 -7.1716729284152123e-29
d 0 0 -4.1286635834675248e-28 0 0 -3.482962961543675e-30 356.3427734375 356.3427734375 4.8806424609788073e-28 0 0 -7.1714946448547122e-29
d 0 0 -4.1284098868264577e-28 0 0 -3.4845683434234606e-30 358.8427734375 358.8427734375 4.8803872467096386e-28 0 0 -7.1713167583764103e-29
d 0 0 -4.1281573596692759e-28 0 0 -3.4861626313714915e-30 361.3427734375 361.3427734375 4.880133529922277e-28 0 0 -7.1711454396601381e-29
d 0 0 -4.1281257305426032e-28 0 0 -3.4863718989142063e-30 361.6552734375 361.6552734375 4.8801017699493535e-28 0 0 -7.1711242052971007e-29
d 0 0 -4.1280941270232945e-28 0 0 -3.4865606102496287e-30 361.9677734375 361.9677734375 4.880070039137546e-28 0 0 -7.1711030627528538e-29
d 0 0 -4.1280625399847051e-28 0 0 -3.4867588394148037e-30 362.2802734375 362.2802734375 4.8800383272484202e-28 0 0 -7.171081987969838e-29
d 0 0 -4.1280309691532897e-28 0 0 -3.48695661663724e-30 362.5927734375 362.5927734375 4.8800066303607535e-28 0 0 -7.1710609429569686e-29
d 0 0 -4.1279993931540327e-28 0 0 -3.4871542496771401e-30 362.9052734375 362.9052734375 4.8799749191483961e-28 0 0 -7.171039816509742e-29
d 0 0 -4.1279678093438779e-28 0 0 -3.487352111222095e-30 363.2177734375 363.2177734375 4.879943185616224e-28 0 0 -7.1710185514542247e-29
d 0 0 -4.127904490695939e-28 0 0 -3.487748786285732e-30 363.8427734375 363.8427734375 4.8798796654712535e-28 0 0 -7.1709768687995578e-29
d 0 0 -4.1276511273429802e-28 0 0 -3.4893283884958191e-30 366.3427734375 366.3427734375 4.8796259360242836e-28 0 0 -7.1708152479618923e-29
d 0 0 -4.1276352975990485e-28 0 0 -3.4894294582996536e-30 366.4990234375 366.4990234375 4.8796101030247234e-28 0 0 -7.1708053926500387e-29
d 0 0 -4.1276194686842038e-28 0 0 -3.489527452689066e-30 366.6552734375 366.6552734375 4.8795942732934235e-28 0 0 -7.170795567711855e-29
d 0 0 -4.127587813405318e-28 0 0 -3.4897209404303405e-30 366.9677734375 366.9677734375 4.8795626238151367e-28 0 0 -7.1707760101248017e-29
d 0 0 -4.1275245134408104e-28 0 0 -3.490112532995838e-30 367.5927734375 367.5927734375 4.8794993660245947e-28 0 0 -7.1707372724827516e-29
d 0 0 -4.1274928689516529e-28 0 0 -3.4903079723480202e-30 367.9052734375 367.9052734375 4.8794677584018285e-28 0 0 -7.1707180973166611e-29
d 0 0 -4.1274612282411063e-28 0 0 -3.4905031719886206e-30 368.2177734375 368.2177734375 4.8794361654141428e-28 0 0 -7.1706990545761811e-29
d 0 0 -4.1273979584698382e-28 0 0 -3.4908928569530205e-30 368.8427734375 368.8427734375 4.8793730246915551e-28 0 0 -7.1706613765217173e-29
d 0 0 -4.1273663295560059e-28 0 0 -3.4910873436230517e-30 369.1552734375 369.1552734375 4.8793414776279051e-28 0 0 -7.1706427463444877e-29
d 0 0 -4.1273347047165478e-28 0 0 -3.4912815940175864e-30 369.4677734375 369.4677734375 4.8793099465429077e-28 0 0 -7.1706242588595369e-29
d 0 0 -4.1272714675295863e-28 0 0 -3.4916693876458582e-30 370.0927734375 370.0927734375 4.8792469336505012e-28 0 0 -7.1705877224410979e-29
d 0 0 -4.1272082474384903e-28 0 0 -3.4920562431363899e-30 370.7177734375 370.7177734375 4.8791839887032277e-28 0 0 -7.1705517883309946e-29
d 0 0 -4.1271450449708932e-28 0 0 -3.4924421660600506e-30 371.3427734375 371.3427734375 4.8791211144027477e-28 0 0 -7.170516477712398e-29
d 0 0 -4.1266401336595276e-28 0 0 -3.4953136923371734e-30 376.3427734375 376.3427734375 4.878620994918861e-28 0 0 -7.1702589412601081e-29
d 0 0 -4.1261369168270973e-28 0 0 -3.498495460955252e-30 381.3427734375 381.3427734375 4.8781271209440717e-28 0 0 -7.1700524755880292e-29
d 0 0 -4.1256390536716414e-28 0 0 -3.5014363867782239e-30 386.3427734375 386.3427734375 4.8776437602916828e-28 0 0 -7.1699034274606411e-29
d 0 0 -4.1251878339872847e-28 0 0 -3.506169258166247e-30 391.3427734375 391.3427734375 4.8788773761630472e-28 0 0 -7.1862784959304107e-29
d 0 0 -4.1248810459151663e-28 0 0 -3.5092980978812158e-30 396.3427734375 396.3427734375 4.8793969572584513e-28 0 0 -7.1942293036224125e-29
d 0 0 -4.1247259002671936e-28 0 0 -3.5103692143096268e-30 398.8427734375 398.8427734375 4.8792525837364449e-28 0 0 -7.1942299132582915e-29
d 0 0 -4.1245708448653827e-28 0 0 -3.5114306152243488e-30 401.3427734375 401.3427734375 4.8791097007027008e-28 0 0 -7.1942454849139327e-29
d 0 0 -4.1244158924408204e-28 0 0 -3.5124829529446834e-30 403.8427734375 403.8427734375 4.8789694625348226e-28 0 0 -7.1942874035708757e-29
d 0 0 -4.1242610591522768e-28 0 0 -3.5135261435837428e-30 406.3427734375 406.3427734375 4.8788337306328035e-28 0 0 -7.1943741004430851e-29
d 0 0 -4.1239518674401813e-28 0 0 -3.5155859750076992e-30 411.3427734375 411.3427734375 4.8785903426672257e-28 0 0 -7.1948261544289139e-29
d 0 0 -4.1236441287928516e-28 0 0 -3.517608177253109e-30 416.3427734375 416.3427734375 4.8784345631262806e-28 0 0 -7.1961435255036566e-29
d 0 0 -4.1233418359249198e-28 0 0 -3.5195728280663016e-30 421.3427734375 421.3427734375 4.8784650198111964e-28 0 0 -7.1992745569274193e-29
d 0 0 -4.1231135449798524e-28 0 0 -3.5219327306106457e-30 426.3427734375 426.3427734375 4.8813900040553148e-28 0 0 -7.230571317682742e-29
d 0 0 -4.122922741400103e-28 0 0 -3.5232661348460933e-30 431.3427734375 431.3427734375 4.8817131659293536e-28 0 0 -7.235577629514379e-29
d 0 0 -4.1227327304266024e-28 0 0 -3.5245781069518957e-30 436.3427734375 436.3427734375 4.8818275271376377e-28 0 0 -7.2384901556757292e-29
d 0 0 -4.1225463640466622e-28 0 0 -3.5258519186195503e-30 441.3427734375 441.3427734375 4.8817763091450482e-28 0 0 -7.2397142591090081e-29
d 0 0 -4.1224015428339902e-28 0 0 -3.5270224245355134e-30 446.3427734375 446.3427734375 4.8843075853324932e-28 0 0 -7.266358182523092e-29
d 0 0 -4.1222853197041833e-28 0 0 -3.5278389922370084e-30 451.3427734375 451.3427734375 4.8842212147278317e-28 0 0 -7.2665750799758e-29
d 0 0 -4.1221738858618512e-28 0 0 -3.5286159837039538e-30 456.3427734375 456.3427734375 4.8841479163279859e-28 0 0 -7.2668786574072515e-29
d 0 0 -4.1221022484192816e-28 0 0 -3.5291500338997981e-30 461.3427734375 461.3427734375 4.8866932029703345e-28 0 0 -7.2929945420779373e-29
d 0 0 -4.1220457029486332e-28 0 0 -3.5295533463572081e-30 466.3427734375 466.3427734375 4.8892716613820736e-28 0 0 -7.3193042487491625e-29
d 0 0 -4.1220117068605119e-28 0 0 -3.5297953897861024e-30 471.3427734375 471.3427734375 4.8918784401601177e-28 0 0 -7.345687793622953e-29
d 0 0 -4.1219994904106034e-28 0 0 -3.5298871364537728e-30 476.3427734375 476.3427734375 4.8985549422516752e-28 0 0 -7.4125658036370654e-29
d 0 0 -4.1219902371711129e-28 0 0 -3.5296893217168348e-30 481.3427734375 481.3427734375 4.8985535831491748e-28 0 0 -7.412638230657853e-29
d 0 0 -4.1219809841510159e-28 0 0 -3.5300170572402534e-30 486.3427734375 486.3427734375 4.8985536689999149e-28 0 0 -7.4127251076167148e-29
d 0 0 -4.1219717316849049e-28 0 0 -3.5300823754867879e-30 491.3427734375 491.3427734375 4.8985510636417306e-28 0 0 -7.4127850701536467e-29
d 0 0 -4.1219624796897763e-28 0 0 -3.5301473449144219e-30 496.3427734375 496.3427734375 4.898546763484505e-28 0 0 -7.4128280830784721e-29
d 0 0 -4.1219532281071461e-28 0 0 -3.5302123156677396e-30 501.3427734375 501.3427734375 4.8985414635433996e-28 0 0 -7.4128610970508022e-29
d 0 0 -4.1219439769044942e-28 0 0 -3.5302772751490698e-30 506.3427734375 506.3427734375 4.8985355399500719e-28 0 0 -7.4128878736805071e-29
d 0 0 -4.1219347260630634e-28 0 0 -3.5303422132384307e-30 511.3427734375 511.3427734375 4.8985292002364121e-28 0 0 -7.4129104884655607e-29
d 0 0 -4.1219254755712299e-28 0 0 -3.5304071271959557e-30 516.3427734375 516.3427734375 4.8985225649735577e-28 0 0 -7.4129301472366712e-29
d 0 0 -4.1219162254212388e-28 0 0 -3.5304720154912287e-30 521.3427734375 521.3427734375 4.8985157079966658e-28 0 0 -7.4129475884318045e-29
d 0 0 -4.1219069756075378e-28 0 0 -3.5305368789898149e-30 526.3427734375 526.3427734375 4.8985086769842711e-28 0 0 -7.4129632889034908e-29
d 0 0 -4.1218977261258472e-28 0 0 -3.5306012906875831e-30 531.3427734375 531.3427734375 4.8985015048853814e-28 0 0 -7.4129775781973424e-29
d 0 0 -4.1218884769726138e-28 0 0 -3.5306660591759797e-30 536.3427734375 536.3427734375 4.8984942167301842e-28 0 0 -7.4129907066636994e-29
d 0 0 -4.1218792281446951e-28 0 0 -3.5307307537061365e-30 541.3427734375 541.3427734375 4.8984868334342425e-28 0 0 -7.4130028835021405e-29
d 0 0 -4.121869979639249e-28 0 0 -3.5307955244076857e-30 546.3427734375 546.3427734375 4.8984793731841128e-28 0 0 -7.4130142906185658e-29
d 0 0 -4.1218607314537456e-28 0 0 -3.5308603073604454e-30 551.3427734375 551.3427734375 4.8984718513036901e-28 0 0 -7.4130250812886447e-29
d 0 0 -4.1218514835859877e-28 0 0 -3.5309250852998693e-30 556.3427734375 556.3427734375 4.898464279913226e-28 0 0 -7.4130353767477866e-29
d 0 0 -4.1218422360340918e-28 0 0 -3.5309896336732293e-30 561.3427734375 561.3427734375 4.898456668196921e-28 0 0 -7.4130452688672947e-29
d 0 0 -4.1218329887964168e-28 0 0 -3.5310543599633337e-30 566.3427734375 566.3427734375 4.8984490232129897e-28 0 0 -7.413054828255646e-29
d 0 0 -4.1218237418714838e-28 0 0 -3.531119049886272e-30 571.3427734375 571.3427734375 4.8984413508368302e-28 0 0 -7.413064113690847e-29
d 0 0 -4.1218144952579091e-28 0 0 -3.5311837015340908e-30 576.3427734375 576.3427734375 4.8984336565993985e-28 0 0 -7.4130731805047931e-29
d 0 0 -4.121805248954341e-28 0 0 -3.5312483083661468e-30 581.3427734375 581.3427734375 4.8984259464129698e-28 0 0 -7.413082087841453e-29
d 0 0 -4.1217960029593985e-28 0 0 -3.5313128779149266e-30 586.3427734375 586.3427734375 4.8984182272727659e-28 0 0 -7.41309090567367e-29
d 0 0 -4.1217867572716089e-28 0 0 -3.5313773422403077e-30 591.3427734375 591.3427734375 4.89841050803388e-28 0 0 -7.4130997225729473e-29
d 0 0 -4.1217775118893231e-28 0 0 -3.5314418259670843e-30 596.3427734375 596.3427734375 4.8984028003612319e-28 0 0 -7.4131086552097483e-29
d 0 0 -4.1217682668106199e-28 0 0 -3.5315062702091112e-30 601.3427734375 601.3427734375 4.8983951199639144e-28 0 0 -7.4131178606978149e-29
d 0 0 -4.1217590220331623e-28 0 0 -3.5315706766003057e-30 606.3427734375 606.3427734375 4.8983874882577035e-28 0 0 -7.4131275532204223e-29
d 0 0 -4.121749777554013e-28 0 0 -3.5316350250300334e-30 611.3427734375 611.3427734375 4.8983799346495662e-28 0 0 -7.4131380268770679e-29
d 0 0 -4.1217405333693732e-28 0 0 -3.5316993604380381e-30 616.3427734375 616.3427734375 4.8983724997051307e-28 0 0 -7.4131496873603538e-29
d 0 0 -4.1217312894742251e-28 0 0 -3.5317636628777015e-30 621.3427734375 621.3427734375 4.8983652395409345e-28 0 0 -7.4131630958813959e-29
d 0 0 -4.1217220458618389e-28 0 0 -3.5318279333267285e-30 626.3427734375 626.3427734375 4.8983582318634031e-28 0 0 -7.413179029563788e-29
d 0 0 -4.1217128025231089e-28 0 0 -3.5318921723415713e-30 631.3427734375 631.3427734375 4.8983515841169166e-28 0 0 -7.4131985629297281e-29
d 0 0 -4.121703559445686e-28 0 0 -3.5319563801200671e-30 636.3427734375 636.3427734375 4.8983454441165085e-28 0 0 -7.4132231742341829e-29
d 0 0 -4.1216943166129149e-28 0 0 -3.5320205566280924e-30 641.3427734375 641.3427734375 4.8983400131529097e-28 0 0 -7.4132548765241426e-29
d 0 0 -4.1216850740026485e-28 0 0 -3.5320846819269944e-30 646.3427734375 646.3427734375 4.8983355605622013e-28 0 0 -7.4132963633449949e-29
d 0 0 -4.1216758315861891e-28 0 0 -3.5321487918473878e-30 651.3427734375 651.3427734375 4.8983324367076898e-28 0 0 -7.4133511385679527e-29
d 0 0 -4.1216665893278975e-28 0 0 -3.5322128690734834e-30 656.3427734375 656.3427734375 4.8983310778439661e-28 0 0 -7.4134235650339708e-29
d 0 0 -4.121657347186359e-28 0 0 -3.5322769144507947e-30 661.3427734375 661.3427734375 4.8983319917778225e-28 0 0 -7.4135187211532802e-29
d 0 0 -4.1216481051182646e-28 0 0 -3.5323406934208664e-30 666.3427734375 666.3427734375 4.8983357100741728e-28 0 0 -7.4136419229325836e-29
d 0 0 -4.1216388630858479e-28 0 0 -3.532404617440211e-30 671.3427734375 671.3427734375 4.8983426965491284e-28 0 0 -7.4137978088444097e-29
d 0 0 -4.1216296210672524e-28 0 0 -3.5324684963188267e-30 676.3427734375 676.3427734375 4.8983532196862088e-28 0 0 -7.4139890639037084e-29
d 0 0 -4.1216203790667656e-28 0 0 -3.5325323270312172e-30 681.3427734375 681.3427734375 4.8983672265915835e-28 0 0 -7.4142151591357831e-29
d 0 0 -4.1216111371200977e-28 0 0 -3.5325961046566932e-30 686.3427734375 686.3427734375 4.8983842779006763e-28 0 0 -7.4144717005987418e-29
d 0 0 -4.1216018952909998e-28 0 0 -3.5326598241726152e-30 691.3427734375 691.3427734375 4.8984035893078632e-28 0 0 -7.4147508447084254e-29
d 0 0 -4.1215926536594846e-28 0 0 -3.5327234783767336e-30 696.3427734375 696.3427734375 4.8984241764259354e-28 0 0 -7.4150427469302065e-29
d 0 0 -4.1215858940832167e-28 0 0 -3.5327710762128725e-30 700 700 4.8984394684661512e-28 0 0 -7.4152585945827882e-29
d 0 0 -4.1215766529748893e-28 0 0 -3.532833527183326e-30 705 705 4.8984600367321476e-28 0 0 -7.4155503085203544e-29
d 0 0 -4.1215674122396706e-28 0 0 -3.5328969820524751e-30 710 710 4.8984797218614754e-28 0 0 -7.4158331906383874e-29
d 0 0 -4.12155817189196e-28 0 0 -3.5329603571774854e-30 715 715 4.8984983476879203e-28 0 0 -7.4161054791526352e-29
d 0 0 -4.1215489319143967e-28 0 0 -3.5330236515790821e-30 720 720 4.8985161294286707e-28 0 0 -7.4163693263747523e-29
d 0 0 -4.1215396922634404e-28 0 0 -3.5330868567822006e-30 725 725 4.8985336050903757e-28 0 0 -7.4166301127267946e-29
d 0 0 -4.1215304528783864e-28 0 0 -3.5331499910998244e-30 730 730 4.8985515245188371e-28 0 0 -7.4168953371637392e-29
d 0 0 -4.121521213690889e-28 0 0 -3.5332130497822303e-30 735 735 4.8985707321693208e-28 0 0 -7.4171734447979791e-29
d 0 0 -4.1215119746330465e-28 0 0 -3.5332760364107864e-30 740 740 4.8985920675879601e-28 0 0 -7.4174728316466287e-29
d 0 0 -4.121502735643417e-28 0 0 -3.5333389549488446e-30 745 745 4.8986162912981353e-28 0 0 -7.4178011034456035e-29
d 0 0 -4.1214934966710407e-28 0 0 -3.5334018094186381e-30 750 750 4.8986440352558063e-28 0 0 -7.4181645801697898e-29
d 0 0 -4.1214842576774732e-28 0 0 -3.5334646036300781e-30 755 755 4.8986757778056206e-28 0 0 -7.4185680455772795e-29
d 0 0 -4.121475018636492e-28 0 0 -3.5335273330001563e-30 760 760 4.8987118472488773e-28 0 0 -7.419014782891401e-29
d 0 0 -4.1214657795311157e-28 0 0 -3.5335900155550031e-30 765 765 4.8987524585925691e-28 0 0 -7.4195069423157618e-29
d 0 0 -4.1214565403481061e-28 0 0 -3.5336526466343019e-30 770 770 4.89879778128462e-28 0 0 -7.4200462184320132e-29
d 0 0 -4.1214473010710422e-28 0 0 -3.533715227768659e-30 775 775 4.8988480245641152e-28 0 0 -7.4206347037592059e-29
d 0 0 -4.1214380616737088e-28 0 0 -3.5337777597312868e-30 780 780 4.8989035190745696e-28 0 0 -7.4212757049411313e-29
d 0 0 -4.1214288221153916e-28 0 0 -3.5338402432731687e-30 785 785 4.8989647749474267e-28 0 0 -7.4219743236200388e-29
d 0 0 -4.1214195823388439e-28 0 0 -3.5339026788282118e-30 790 790 4.8990325071111949e-28 0 0 -7.4227377095448384e-29
d 0 0 -4.1214103422706173e-28 0 0 -3.5339650664906316e-30 795 795 4.8991076313559798e-28 0 0 -7.4235750212135917e-29
d 0 0 -4.1214011018228391e-28 0 0 -3.5340274060967691e-30 800 800 4.8991912427602105e-28 0 0 -7.4244972101260941e-29
d 0 0 -4.1213918608953775e-28 0 0 -3.5340896971841181e-30 805 805 4.8992845892190435e-28 0 0 -7.4255167560499899e-29
d 0 0 -4.1213826193776692e-28 0 0 -3.5341519390467885e-30 810 810 4.8993890492159674e-28 0 0 -7.4266474447216687e-29
d 0 0 -4.1213733771498609e-28 0 0 -3.5342141307452103e-30 815 815 4.8995061181510231e-28 0 0 -7.4279042311189926e-29
d 0 0 -4.1213641340832053e-28 0 0 -3.5342762718402138e-30 820 820 4.899637403801305e-28 0 0 -7.429303194062989e-29
d 0 0 -4.1213548900398469e-28 0 0 -3.5343383595876951e-30 825 825 4.8997846294962946e-28 0 0 -7.4308615679728367e-29
d 0 0 -4.1213456448721467e-28 0 0 -3.5344003933259344e-30 830 830 4.8999496429909092e-28 0 0 -7.4325978316018858e-29
d 0 0 -4.1213363984217055e-28 0 0 -3.5344623678317816e-30 835 835 4.9001344291982846e-28 0 0 -7.4345318353734499e-29
d 0 0 -4.1213271505181954e-28 0 0 -3.5345242879193723e-30 840 840 4.9003411254154614e-28 0 0 -7.436684953647172e-29
d 0 0 -4.1213179009780753e-28 0 0 -3.5345861485801043e-30 845 845 4.9005720381688163e-28 0 0 -7.439080253183874e-29
d 0 0 -4.121308649603222e-28 0 0 -3.534647944985417e-30 850 850 4.900829661221558e-28 0 0 -7.4417426732316393e-29
d 0 0 -4.1212993961795009e-28 0 0 -3.5347097322537283e-30 855 855 4.9011166946186681e-28 0 0 -7.4446992159868942e-29
d 0 0 -4.1212901404752577e-28 0 0 -3.5347714045346652e-30 860 860 4.9014360649336945e-28 0 0 -7.4479791490745873e-29
d 0 0 -4.1212808822397027e-28 0 0 -3.5348329673624897e-30 865 865 4.9017909471755616e-28 0 0 -7.4516142246294422e-29
d 0 0 -4.1212716212011248e-28 0 0 -3.5348944953485441e-30 870 870 4.9021847891524816e-28 0 0 -7.4556389229495868e-29
d 0 0 -4.1212623570648477e-28 0 0 -3.5349559472289018e-30 875 875 4.9026213394926363e-28 0 0 -7.4600907327199209e-29
d 0 0 -4.1212530895108023e-28 0 0 -3.5350173185759305e-30 880 880 4.903104680973168e-28 0 0 -7.4650104843218183e-29
d 0 0 -4.1212438181905518e-28 0 0 -3.5350786042409374e-30 885 885 4.9036392712584355e-28 0 0 -7.4704427572398027e-29
d 0 0 -4.1212345427235896e-28 0 0 -3.5351397980941546e-30 890 890 4.9042299935158482e-28 0 0 -7.4764363862500535e-29
d 0 0 -4.1212252626927038e-28 0 0 -3.5352008926470802e-30 895 895 4.9048822195876262e-28 0 0 -7.483045093175739e-29
d 0 0 -4.1212159776382208e-28 0 0 -3.5352618701631959e-30 900 900 4.9056018884292072e-28 0 0 -7.4903282713179262e-29
d 0 0 -4.1212066870509406e-28 0 0 -3.5353227022813311e-30 905 905 4.9063956024664326e-28 0 0 -7.4983519490850974e-29
d 0 0 -4.1211973903635809e-28 0 0 -3.5353834279630148e-30 910 910 4.9072707445891167e-28 0 0 -7.507189959998491e-29
d 0 0 -4.1211880869405269e-28 0 0 -3.5354440023921555e-30 915 915 4.9082356189981942e-28 0 0 -7.5169253512470907e-29
d 0 0 -4.1211787760655875e-28 0 0 -3.5355044042279788e-30 920 920 4.9092996203844377e-28 0 0 -7.5276520755745298e-29
d 0 0 -4.1211694569273053e-28 0 0 -3.5356277742789999e-30 925 925 4.910473438204994e-28 0 0 -7.5394770341641457e-29
d 0 0 -4.1211601286011177e-28 0 0 -3.5356920278264071e-30 930 930 4.9117693063316691e-28 0 0 -7.5525225732661908e-29
d 0 0 -4.121150790027302e-28 0 0 -3.5357564452294737e-30 935 935 4.9132013132731306e-28 0 0 -7.5669295866003447e-29
d 0 0 -4.1211414399831908e-28 0 0 -3.5358210491551113e-30 940 940 4.9147857949075115e-28 0 0 -7.582861442906851e-29
d 0 0 -4.1211320770474727e-28 0 0 -3.5358858659698435e-30 945 945 4.916541840992246e-28 0 0 -7.6005090513351775e-29
d 0 0 -4.1211226995534966e-28 0 0 -3.5359509266140446e-30 950 950 4.9184919601198689e-28 0 0 -7.6200975113814972e-29
d 0 0 -4.1211133055271215e-28 0 0 -3.5360162677662066e-30 955 955 4.9206629677940631e-28 0 0 -7.6418949941541359e-29
d 0 0 -4.1211038926025949e-28 0 0 -3.5360819334203162e-30 960 960 4.9230871931508419e-28 0 0 -7.6662248102688805e-29
d 0 0 -4.1210944579066318e-28 0 0 -3.5361479770613764e-30 965 965 4.9258041487032264e-28 0 0 -7.6934821082375097e-29
d 0 0 -4.1210849978956267e-28 0 0 -3.5362144647236959e-30 970 970 4.9288628867496938e-28 0 0 -7.7241574398745999e-29
d 0 0 -4.1210755081221857e-28 0 0 -3.5362814793851235e-30 975 975 4.9323253979851043e-28 0 0 -7.7588707483030132e-29
d 0 0 -4.1210659828924183e-28 0 0 -3.5363491274296118e-30 980 980 4.9362716337045357e-28 0 0 -7.7984215927752145e-29
d 0 0 -4.1210564147495737e-28 0 0 -3.536417548408346e-30 985 985 4.9408071327924211e-28 0 0 -7.8438654227569532e-29
d 0 0 -4.1210467936726487e-28 0 0 -3.5364869302315839e-30 990 990 4.9460749708044962e-28 0 0 -7.896633075251768e-29
d 0 0 -4.1210371057892835e-28 0 0 -3.5365575336414748e-30 995 995 4.9522751693091358e-28 0 0 -7.9587248786589973e-29
d 0 0 -4.1210273312227047e-28 0 0 -3.5366297332622622e-30 1000 1000 4.9596976086354838e-28 0 0 -8.0330397977213184e-29
d 0 0 -4.1210174403055602e-28 0 0 -3.5367040901546925e-30 1005 1005 4.9687808638770884e-28 0 0 -8.1239638242643205e-29
d 0 0 -4.1210073864843652e-28 0 0 -3.5367814867558799e-30 1010 1010 4.9802246809874509e-28 0 0 -8.2384947956677913e-29
d 0 0 -4.1209970918555187e-28 0 0 -3.5368634040689633e-30 1015 1015 4.9952248717206521e-28 0 0 -8.3885914614607196e-29
d 0 0 -4.1209864140872119e-28 0 0 -3.5369525470693271e-30 1020 1020 5.0160269169104651e-28 0 0 -8.5967097839800845e-29
d 0 0 -4.120975057373492e-28 0 0 -3.5370544643250286e-30 1025 1025 5.0474763735789674e-28 0 0 -8.9113077301763382e-29
d 0 0 -4.1209622680099715e-28 0 0 -3.5371834103946986e-30 1030 1030 5.102643053536431e-28 0 0 -9.4630895199284022e-29
d 0 0 -4.1209453601890192e-28 0 0 -3.5373910477450062e-30 1035 1035 5.2334899159514306e-28 0 0 -1.0771706452867604e-28
d 0 0 -4.1209057709839133e-28 0 0 -3.5380474008283732e-30 1040 1040 5.9572209892895885e-28 0 0 -1.8009347442977958e-28
d 0 0 -4.1208716131245163e-28 0 0 -3.5387362916449671e-30 1041.25 1041.25 7.2640314972601866e-28 0 0 -3.1077725212794817e-28
d 0 0 -4.1208222410200033e-28 0 0 -3.5399640683171358e-30 1041.875 1041.875 1.1445153068586614e-27 0 0 -7.2889311868886008e-28
d 0 0 -4.1207365908617132e-28 0 0 -3.5521472794072996e-30 1042.1875 1042.1875 1.2870258465546424e-26 0 0 -1.245463265836101e-26
d 0 0 -4.1221538447298899e-28 0 0 -3.7257527490817333e-30 1042.265625 1042.265625 2.2847633598130772e-25 0 0 -2.2806039484462025e-25
d 0 0 -4.1540365516170395e-28 0 0 -7.1483510032097589e-30 1042.34375 1042.34375 4.5129901667400017e-24 0 0 -4.5125676147341908e-24
d 0 0 -1.778143058177487e-27 0 0 -1.429522463191957e-27 1042.5 1042.5 1.7505889666131177e-21 0 0 -1.7505857589475965e-21
d 0 0 -3.5434511138149323e-26 0 0 -3.6447016956794492e-26 1042.578125 1042.578125 4.4478121846349792e-20 0 0 -4.44780499648217e-20
d 0 0 -6.0928959391298719e-24 0 0 -6.3177432905704507e-24 1042.65625 1042.65625 7.6574075091812678e-18 0 0 -7.6573950985420375e-18
d 0 0 -4.0910897619136113e-24 0 0 -4.2430437089990077e-24 1042.666015625 1042.666015625 5.1453092606098129e-18 0 0 -5.1453009264763411e-18
Q 2 13 "Source Voltage"
Q 3 13 "Gate Voltage"
Q 4 13 "Drain Voltage"
Q 5 13 "Substrate Voltage"
Q 20 13 "Source Current"
Q 21 13 "Gate Current"
Q 22 13 "Drain Current"
Q 23 13 "Substrate Current"
Q 92 21 Contact
Q 601 13 "Source Int. Voltage"
Q 602 13 "Gate Int. Voltage"
Q 603 13 "Drain Int. Voltage"
Q 604 13 "Substrate Int. Voltage"
EOF 501061184
