v VICTORYDEVICE
# silvaco.file ASCII version=1.14.29 format=1 contents=SDB,Tables=1

Copyright "###################################################################"
Copyright "#                    Copyright Silvaco Inc. (c)                   #"
Copyright "#                            1992-2014                            #"
Copyright "#                                                                 #"
Copyright "# This file format and the following Key are copyright Silvaco    #"
Copyright "# International. You may not use, this format or key without      #"
Copyright "# reproducing this message in full and obtaining                  #"
Copyright "# express written permission from Silvaco Inc.                    #"
Copyright "#                                                                 #"
Copyright "# To obtain such permission please contact: Silvaco Inc.          #"
Copyright "#                                           support@silvaco.com   #"
Copyright "#                                                                 #"
Copyright "# KEY=SVC86hn7562asdx                       PROD=345              #"
Copyright "###################################################################"
#This file was created by VICTORYDEVICE version 1.24.0.R
#victoryd 1.24.0.R (Wed Jun 26 14:38:19 PDT 2024)
#libSDB 1.12.65 (Thu Dec  7 08:14:05 PST 2023)
a VICTORYDEVICE
j 1 9
k 4
r 1 92
x 3 43 42 46
w source 1 3
r 2 92
x 3 43 42 46
w gate 1 4
r 3 92
x 3 43 42 46
w drain 1 5
r 4 92
x 3 43 42 46
w substrate 1 6
y 1 15
z 300
f 6 "#1" "#2" source gate drain substrate
p 12 4 603 22 5 604 23 6 605 24 7 606 25
d 0 0 -1.109380028209202e-18 0 0 4.1616138438668238e-35 0.01 0.01 1.1298758274873241e-18 0 0 0
d 0 0 -8.816039767487592e-18 0 0 7.5029166416161619e-34 0.1 0.1 8.8438367630962459e-18 0 0 0
d 0 0 -2.0176851212357412e-17 0 0 -8.2661823814393583e-36 0.5 0.5 2.017685121160865e-17 0 0 0
d 0 0 -2.2167556065891477e-17 0 0 -6.0409281820284902e-36 1 1 2.2167556065866402e-17 0 0 0
d 0 0 -2.3509376987840744e-17 0 0 1.8817013716156894e-34 2 2 2.3509376877458645e-17 0 0 0
d 0 0 -2.4600257063470048e-17 0 0 1.2054888820363402e-34 4 4 2.4600257063568114e-17 0 0 0
d 0 0 -2.5260224506534093e-17 0 0 4.0762182065007653e-33 6 6 2.5260224573479323e-17 0 0 0
d 0 0 -2.5760646447109971e-17 0 0 7.3738073971681944e-31 8 8 2.576064635903166e-17 0 0 0
d 0 0 -2.6067046529842329e-17 0 0 2.0283332621796254e-29 10 10 2.606704760569003e-17 0 0 0
d 0 0 -2.629025812180247e-17 0 0 3.8834502996963075e-28 12 12 2.6290262216200282e-17 0 0 0
d 0 0 -2.6442289874598056e-17 0 0 3.6329026337981909e-32 14 14 2.6442289925000438e-17 0 0 0
d 0 0 -2.6520671452488469e-17 0 0 7.3846385038793534e-31 16 16 2.6520671251315382e-17 0 0 0
d 0 0 -2.6588686301042484e-17 0 0 -3.056371952407445e-34 18 18 2.65886863013773e-17 0 0 0
d 0 0 -2.6655603272648619e-17 0 0 -1.6046741368846829e-34 20 20 2.6655603272872724e-17 0 0 0
d 0 0 -2.6722522389292455e-17 0 0 -2.3755135792374668e-34 22 22 2.6722522389530715e-17 0 0 0
d 0 0 -2.6789253867615767e-17 0 0 -2.096558624148838e-34 24 24 2.6789253869504432e-17 0 0 0
d 0 0 -2.6855661397323501e-17 0 0 9.6224106143672729e-32 26 26 2.6855651241296874e-17 0 0 0
d 0 0 -2.691774283350521e-17 0 0 1.0022807774607739e-32 28 28 2.6917737376935948e-17 0 0 0
d 0 0 -2.6978166803611968e-17 0 0 2.9576959335624349e-32 30 30 2.6978149509170323e-17 0 0 0
d 0 0 -2.7031980028956289e-17 0 0 1.4565392983388039e-35 32 32 2.7031980041741095e-17 0 0 0
d 0 0 -2.708108366324019e-17 0 0 -1.0296554465173153e-33 34 34 2.7081055036037387e-17 0 0 0
d 0 0 -2.7131484805451716e-17 0 0 -3.3192930914672703e-34 36 36 2.7131484788887982e-17 0 0 0
d 0 0 -2.7177557894044007e-17 0 0 -3.745489994061551e-34 38 38 2.7177557803279009e-17 0 0 0
d 0 0 -2.7224744908988289e-17 0 0 -9.183296088535735e-35 40 40 2.72247450642726e-17 0 0 0
d 0 0 -2.7269006706782457e-17 0 0 8.4783065535327334e-31 42 42 2.7269264674290734e-17 0 0 0
d 0 0 -2.7310460284772849e-17 0 0 6.3545463765215894e-32 44 44 2.7310085329297092e-17 0 0 0
d 0 0 -2.7345027510853363e-17 0 0 8.4711086519396327e-31 46 46 2.7345044895296266e-17 0 0 0
d 0 0 -2.7377522429725097e-17 0 0 8.6144718994617425e-33 48 48 2.7377522270394749e-17 0 0 0
d 0 0 -2.7409139359603684e-17 0 0 3.1037243286852309e-34 50 50 2.7409139338134976e-17 0 0 0
d 0 0 -2.7440398490638507e-17 0 0 -8.5850718971763819e-35 52 52 2.7440398488489674e-17 0 0 0
d 0 0 -2.747151499105083e-17 0 0 -8.8458837070299622e-35 54 54 2.7471514991255786e-17 0 0 0
d 0 0 -2.7502586928336506e-17 0 0 -6.2087315995781986e-35 56 56 2.7502586928473629e-17 0 0 0
d 0 0 -2.7533662667244574e-17 0 0 -4.1487044851948273e-35 58 58 2.7533662667021906e-17 0 0 0
d 0 0 -2.7564768489183799e-17 0 0 -2.8114288974920579e-35 60 60 2.7564768488668944e-17 0 0 0
d 0 0 -2.7595919136880215e-17 0 0 -2.0814500612171189e-35 62 62 2.7595919136211569e-17 0 0 0
d 0 0 -2.7627121818296255e-17 0 0 -2.0219850596489371e-35 64 64 2.7627121817663638e-17 0 0 0
d 0 0 -2.7658376730539476e-17 0 0 -2.8292361403373347e-35 66 66 2.7658376730193255e-17 0 0 0
d 0 0 -2.7689678334806731e-17 0 0 -4.2333062727946428e-35 68 68 2.7689678334928002e-17 0 0 0
d 0 0 -2.7721018247119574e-17 0 0 -5.7279189316367455e-35 70 70 2.7721018247769127e-17 0 0 0
d 0 0 -2.7752389751220051e-17 0 0 -7.3541714554162759e-35 72 72 2.7752389752479748e-17 0 0 0
d 0 0 -2.7783784148106811e-17 0 0 -9.2553019763521931e-35 74 74 2.7783784150087129e-17 0 0 0
d 0 0 -2.7815193012428517e-17 0 0 -1.0670001644564601e-34 76 76 2.7815193015026532e-17 0 0 0
d 0 0 -2.7846615398515783e-17 0 0 -7.3051119619673822e-35 78 78 2.7846615400292131e-17 0 0 0
d 0 0 -2.787808298395211e-17 0 0 -2.7806024675709243e-35 80 80 2.7878082985431872e-17 0 0 0
d 0 0 -2.7909582637969795e-17 0 0 -1.6843660616149409e-34 82 82 2.7909503172527616e-17 0 0 0
d 0 0 -2.794111355240614e-17 0 0 -1.8016605452928296e-34 84 84 2.7941073231107365e-17 0 0 0
d 0 0 -2.7972672769159656e-17 0 0 -1.7479797977412618e-34 86 86 2.7972609347822546e-17 0 0 0
d 0 0 -2.8004254719289877e-17 0 0 -1.6639844591406359e-34 88 88 2.8004154869554475e-17 0 0 0
d 0 0 -2.8035851198194262e-17 0 0 -1.5238934885622588e-34 90 90 2.8035693218544489e-17 0 0 0
d 0 0 -2.8067451410586303e-17 0 0 -1.2666987185182903e-34 92 92 2.8067181947617815e-17 0 0 0
d 0 0 -2.8099041933070772e-17 0 0 -9.8481018284454866e-35 94 94 2.8098644584643693e-17 0 0 0
d 0 0 -2.8130606353892873e-17 0 0 -2.6553800341817635e-34 96 96 2.8130939273632456e-17 0 0 0
d 0 0 -2.8162125823548165e-17 0 0 5.7168475261910115e-36 98 98 2.8161240811433516e-17 0 0 0
d 0 0 -2.8193577017650018e-17 0 0 1.4070999442072075e-34 100 100 2.819205895201221e-17 0 0 0
d 0 0 -2.8271664121819047e-17 0 0 1.924372750533735e-34 105 105 2.8269415085291113e-17 0 0 0
d 0 0 -2.8348602332453259e-17 0 0 4.5587082744485976e-36 110 110 2.8347028088580473e-17 0 0 0
d 0 0 -2.8424174121291611e-17 0 0 3.9204607620921317e-34 115 115 2.8418679320877139e-17 0 0 0
d 0 0 -2.8498084306426498e-17 0 0 4.8833461092844864e-34 120 120 2.8490305327507033e-17 0 0 0
d 0 0 -2.8569925520804438e-17 0 0 1.0751738212514309e-33 125 125 2.8559646984255489e-17 0 0 0
d 0 0 -2.8638963962852394e-17 0 0 3.1708590152215481e-33 130 130 2.8626042089040144e-17 0 0 0
d 0 0 -2.8704328624987148e-17 0 0 9.4623892313128332e-31 135 135 2.8690611304235936e-17 0 0 0
d 0 0 -2.8765006376443109e-17 0 0 -5.9892638268785943e-34 140 140 2.8780062319769871e-17 0 0 0
d 0 0 -2.8826472125516245e-17 0 0 3.3012747543410602e-34 145 145 2.8800502219235193e-17 0 0 0
d 0 0 -2.8886442345368532e-17 0 0 3.9283212820575893e-35 150 150 2.887335812931531e-17 0 0 0
d 0 0 -2.8944882325814906e-17 0 0 2.6097225055172121e-34 155 155 2.8913506010122136e-17 0 0 0
d 0 0 -2.8999774334384135e-17 0 0 1.4628845746582452e-34 160 160 2.8971212911283526e-17 0 0 0
d 0 0 -2.9048347288091562e-17 0 0 -6.5500437341179218e-35 165 165 2.9037208302085557e-17 0 0 0
d 0 0 -2.9087583605735163e-17 0 0 1.8852168147792152e-33 170 170 2.9049958770929996e-17 0 0 0
d 0 0 -2.9127921039425306e-17 0 0 1.0605459610461243e-32 175 175 2.9107969299453603e-17 0 0 0
d 0 0 -2.9169013113026041e-17 0 0 8.8548297708047558e-32 180 180 2.9114872276350425e-17 0 0 0
d 0 0 -2.921068026857027e-17 0 0 1.4243492012695454e-30 185 185 2.9176187927399473e-17 0 0 0
d 0 0 -2.9252763209560209e-17 0 0 3.1457260554617387e-31 190 190 2.9225898999630856e-17 0 0 0
d 0 0 -2.9293380068881361e-17 0 0 3.7910757385868571e-34 195 195 2.9173474523757835e-17 0 0 0
d 0 0 -2.9336057608883112e-17 0 0 1.4929174675281415e-31 200 200 2.9358049978138628e-17 0 0 0
d 0 0 -2.9379212253396586e-17 0 0 3.1584330630395961e-30 205 205 2.9165507399478366e-17 0 0 0
d 0 0 -2.942264534268396e-17 0 0 2.8080039227730017e-30 210 210 2.9322202671210019e-17 0 0 0
d 0 0 -2.9466304360818778e-17 0 0 8.3418908722074008e-30 215 215 2.9000061577111187e-17 0 0 0
d 0 0 -2.9510081169714521e-17 0 0 5.4743676773757074e-30 220 220 2.9231044159951426e-17 0 0 0
d 0 0 -2.9549795566882054e-17 0 0 1.2325358536972761e-29 225 225 2.6744573795713716e-17 0 0 0
d 0 0 -2.9586552308513397e-17 0 0 1.8968764482146521e-31 230 230 2.8754681461261764e-17 0 0 0
d 0 0 -2.9623421133873797e-17 0 0 -1.6673669973841365e-30 235 235 2.6038271478126368e-17 0 0 0
d 0 0 -2.9660427702998977e-17 0 0 -3.6856349684970046e-30 240 240 2.542923368785596e-17 0 0 0
d 0 0 -2.9697738886369073e-17 0 0 -1.7523152685669215e-29 245 245 2.6380424616146727e-17 0 0 0
d 0 0 -2.9735536440779335e-17 0 0 -5.7169832080026457e-29 250 250 2.8811689576491183e-17 0 0 0
d 0 0 -2.9774074600930473e-17 0 0 -1.5300152840789219e-28 255 255 2.9119605334270579e-17 0 0 0
d 0 0 -2.9813339323972132e-17 0 0 -3.7940911889812068e-28 260 260 2.3496651789781296e-17 0 0 0
d 0 0 -2.9853423038136622e-17 0 0 -8.3117352758745619e-28 265 265 2.6893044446311711e-17 0 0 0
d 0 0 -2.9894407279894765e-17 0 0 -1.6898962656642745e-27 270 270 2.6236389022942794e-17 0 0 0
d 0 0 -2.9936368386009841e-17 0 0 -3.3062140802836129e-27 275 275 2.1222846923539689e-17 0 0 0
d 0 0 -2.997934635580604e-17 0 0 -6.3557728298246328e-27 280 280 2.4096440750644492e-17 0 0 0
d 0 0 -3.0023262272495365e-17 0 0 -1.2866674882008019e-26 285 285 2.5560075935655367e-17 0 0 0
d 0 0 -3.0068203671969815e-17 0 0 -2.6836642553667773e-26 290 290 2.3055227744079399e-17 0 0 0
d 0 0 -3.0114252854919481e-17 0 0 -5.4089597765302346e-26 295 295 2.1664818225288055e-17 0 0 0
d 0 0 -3.0161378675711549e-17 0 0 -1.0547553645759087e-25 300 300 2.2687867166648459e-17 0 0 0
d 0 0 -3.020949931850461e-17 0 0 -2.000203961920494e-25 305 305 2.3145502116519538e-17 0 0 0
d 0 0 -3.0258490481245475e-17 0 0 -3.7181919559641585e-25 310 310 2.2844917596301129e-17 0 0 0
d 0 0 -3.0308278346907301e-17 0 0 -6.7827457191074987e-25 315 315 2.4473811118434214e-17 0 0 0
d 0 0 -3.0358844960603991e-17 0 0 -1.2003224680770063e-24 320 320 2.664323551577483e-17 0 0 0
d 0 0 -3.0410141694438826e-17 0 0 -2.0644742977895113e-24 325 325 1.3846962365847907e-17 0 0 0
d 0 0 -3.0462128238936973e-17 0 0 -3.4588479385640061e-24 330 330 2.0890772445620738e-17 0 0 0
d 0 0 -3.0514773705017461e-17 0 0 -5.6552536547658471e-24 335 335 2.5213703697109544e-17 0 0 0
d 0 0 -3.056804540854841e-17 0 0 -9.0550451442008536e-24 340 340 2.751866759021002e-17 0 0 0
d 0 0 -3.0621915956608182e-17 0 0 -1.4230616825892675e-23 345 345 1.5957866417308354e-17 0 0 0
d 0 0 -3.067636911044476e-17 0 0 -2.1984567171844739e-23 350 350 2.2205882509061285e-17 0 0 0
d 0 0 -3.0731387771415919e-17 0 0 -3.3425204691165282e-23 355 355 2.5859389245999094e-17 0 0 0
d 0 0 -3.0786946316827931e-17 0 0 -5.0065876192672743e-23 360 360 2.7958275070460586e-17 0 0 0
d 0 0 -3.0842984267890474e-17 0 0 -7.3971756745212933e-23 365 365 2.6774715829547091e-17 0 0 0
d 0 0 -3.0899413401109188e-17 0 0 -1.0791427352234993e-22 370 370 1.6945595904661385e-17 0 0 0
d 0 0 -3.0956264076021263e-17 0 0 -1.5551788397172393e-22 375 375 2.6186600886981316e-17 0 0 0
d 0 0 -3.1013774357667532e-17 0 0 -2.2138362829637311e-22 380 380 2.5571714277478126e-17 0 0 0
d 0 0 -3.1072015828134018e-17 0 0 -3.1136801417149931e-22 385 385 2.8325715797276095e-17 0 0 0
d 0 0 -3.1131065804536199e-17 0 0 -4.3270706053342008e-22 390 390 2.8946088333098372e-17 0 0 0
d 0 0 -3.1190987434793592e-17 0 0 -5.9440400465799566e-22 395 395 1.9888148849901458e-17 0 0 0
d 0 0 -3.1251833480145314e-17 0 0 -8.0748242427726026e-22 400 400 2.3597276957929614e-17 0 0 0
d 0 0 -3.1313652451640866e-17 0 0 -1.0852645376267988e-21 405 405 2.4119454189171957e-17 0 0 0
d 0 0 -3.1376491620999701e-17 0 0 -1.4437903843741173e-21 410 410 2.5594212373629271e-17 0 0 0
d 0 0 -3.1440406859722174e-17 0 0 -1.9022241461324884e-21 415 415 2.6975833481649526e-17 0 0 0
d 0 0 -3.1505459057599378e-17 0 0 -2.4832507553041911e-21 420 420 2.7841533964994673e-17 0 0 0
d 0 0 -3.1571715449281566e-17 0 0 -3.2137033510201147e-21 425 425 2.8652200609182413e-17 0 0 0
d 0 0 -3.1639244694969386e-17 0 0 -4.1251035587983232e-21 430 430 2.9285950881559352e-17 0 0 0
d 0 0 -3.1708123277912472e-17 0 0 -5.2541925350729856e-21 435 435 2.3152927742689632e-17 0 0 0
d 0 0 -3.1778486483576491e-17 0 0 -6.644030695141377e-21 440 440 2.4123949708785755e-17 0 0 0
d 0 0 -3.1850457316130975e-17 0 0 -8.3446994022686853e-21 445 445 2.5882916515935121e-17 0 0 0
d 0 0 -3.1924175430651978e-17 0 0 -1.0414502953853556e-20 450 450 2.6698571020017602e-17 0 0 0
d 0 0 -3.1999814750088056e-17 0 0 -1.2921625503816482e-20 455 455 2.7673118364006526e-17 0 0 0
d 0 0 -3.2077580372101418e-17 0 0 -1.5946167398007395e-20 460 460 2.8376388049551927e-17 0 0 0
d 0 0 -3.2157670318619831e-17 0 0 -1.9583636658696982e-20 465 465 3.0084431776307976e-17 0 0 0
d 0 0 -3.224018885603245e-17 0 0 -2.3953531050570031e-20 470 470 2.8255383740904275e-17 0 0 0
d 0 0 -3.2325464874289822e-17 0 0 -2.9196211567848321e-20 475 475 2.8172955330822436e-17 0 0 0
d 0 0 -3.2414409397415175e-17 0 0 -3.5451683108894687e-20 480 480 2.8209602393884432e-17 0 0 0
d 0 0 -3.2508029386148565e-17 0 0 -4.2867496020847077e-20 485 485 2.8160874141054468e-17 0 0 0
d 0 0 -3.2607056458089866e-17 0 0 -5.1613151711319136e-20 490 490 3.0343307069358563e-17 0 0 0
d 0 0 -3.2712217861044146e-17 0 0 -6.1866762550524347e-20 495 495 2.3665355936232904e-17 0 0 0
d 0 0 -3.2824142477515587e-17 0 0 -7.3820977900069623e-20 500 500 2.8208244372596552e-17 0 0 0
d 0 0 -3.2943343421713976e-17 0 0 -8.7689641157017901e-20 505 505 2.5110420218824768e-17 0 0 0
d 0 0 -3.3070317055072532e-17 0 0 -1.0371486043499449e-19 510 510 3.2133560862391725e-17 0 0 0
d 0 0 -3.3205755079078106e-17 0 0 -1.2217616248341281e-19 515 515 2.7306317973650328e-17 0 0 0
d 0 0 -3.3349704824060303e-17 0 0 -1.4339679444973968e-19 520 520 3.1097396932323049e-17 0 0 0
d 0 0 -3.3503458140166839e-17 0 0 -1.6774939407956287e-19 525 525 2.7002852097377614e-17 0 0 0
d 0 0 -3.3667672079943746e-17 0 0 -1.9566179196199909e-19 530 530 2.9279491308355391e-17 0 0 0
d 0 0 -3.3843370126033591e-17 0 0 -2.2762540981855412e-19 535 535 2.6611513302954082e-17 0 0 0
d 0 0 -3.4031684764760501e-17 0 0 -2.6420637841084175e-19 540 540 3.1189084186576486e-17 0 0 0
d 0 0 -3.4234020618956303e-17 0 0 -3.0606169688535728e-19 545 545 3.169462424836479e-17 0 0 0
d 0 0 -3.4451960046516301e-17 0 0 -3.5395577097477194e-19 550 550 3.0585576863743124e-17 0 0 0
d 0 0 -3.4687327750976427e-17 0 0 -4.0878196401026285e-19 555 555 2.9557355001601679e-17 0 0 0
d 0 0 -3.494230221299933e-17 0 0 -4.7159346755052353e-19 560 560 2.9028534679679318e-17 0 0 0
d 0 0 -3.5219475722657305e-17 0 0 -5.4364130383250202e-19 565 565 2.9303378986510389e-17 0 0 0
d 0 0 -3.5521959952393249e-17 0 0 -6.2642607096849759e-19 570 570 3.0370338411177235e-17 0 0 0
d 0 0 -3.5853533212630415e-17 0 0 -7.2176723093604675e-19 575 575 3.1936048643893023e-17 0 0 0
d 0 0 -3.6218862273952414e-17 0 0 -8.3189853639007001e-19 580 580 3.36156291876849e-17 0 0 0
d 0 0 -3.6623968815538088e-17 0 0 -9.5960531133543262e-19 585 585 2.8090403892591932e-17 0 0 0
d 0 0 -3.7076304366408087e-17 0 0 -1.1084334514980819e-18 590 590 3.141895903443526e-17 0 0 0
d 0 0 -3.758639451578604e-17 0 0 -1.283028391686706e-18 595 595 3.3719784772516721e-17 0 0 0
d 0 0 -3.8168921047625577e-17 0 0 -1.4897151942800756e-18 600 600 3.5701532663269951e-17 0 0 0
d 0 0 -3.8845784603798043e-17 0 0 -1.737565680516469e-18 605 605 3.7658047108548174e-17 0 0 0
d 0 0 -3.9652335712465815e-17 0 0 -2.0405736581938984e-18 610 610 3.5131141253521772e-17 0 0 0
d 0 0 -4.0651631412167739e-17 0 0 -2.4228946133117678e-18 615 615 3.5218950544522444e-17 0 0 0
d 0 0 -4.1984019444876717e-17 0 0 -2.9356533074059633e-18 620 620 4.3269592227554004e-17 0 0 0
d 0 0 -4.4165611542679919e-17 0 0 -3.7562792652696057e-18 625 625 4.7701395169129608e-17 0 0 0
d 0 0 -4.51651957278394e-17 0 0 -4.1159304045677973e-18 626.25 626.25 4.6308703667693797e-17 0 0 0
d 0 0 -4.5968884845431194e-17 0 0 -4.3955835280980571e-18 626.875 626.875 4.9189790038414376e-17 0 0 0
d 0 0 -4.6694579758807475e-17 0 0 -4.6400524832479406e-18 627.1875 627.1875 5.1053170321696689e-17 0 0 0
d 0 0 -4.7069821879623188e-17 0 0 -4.7638760474429375e-18 627.265625 627.265625 4.2996152578574631e-17 0 0 0
d 0 0 -4.7265835965586579e-17 0 0 -4.8270172843543896e-18 627.28515625 627.28515625 4.7406613633936857e-17 0 0 0
d 0 0 -4.7307022279307896e-17 0 0 -4.8407123508069856e-18 627.28759765625 627.28759765625 4.5845212003058423e-17 0 0 0
d 0 0 -4.7333626304424812e-17 0 0 -4.8494052808729481e-18 627.288818359375 627.288818359375 4.2301563783320807e-17 0 0 0
d 0 0 -4.7341516251347067e-17 0 0 -4.8519211246223539e-18 627.28912353515625 627.28912353515625 4.38842828685146e-17 0 0 0
d 0 0 -4.7345588373514365e-17 0 0 -4.853250386544737e-18 627.28927612304688 627.28927612304688 4.2843056921922064e-17 0 0 0
d 0 0 -4.7349853426151949e-17 0 0 -4.8546352168227264e-18 627.2894287109375 627.2894287109375 4.2129712008022905e-17 0 0 0
d 0 0 -4.7354419589455832e-17 0 0 -4.8560833948229461e-18 627.28958129882812 627.28958129882812 4.3426231622142671e-17 0 0 0
d 0 0 -4.7356807178766234e-17 0 0 -4.8568340879770682e-18 627.28965759277344 627.28965759277344 4.4419979277467068e-17 0 0 0
d 0 0 -4.7359158035157412e-17 0 0 -4.8576040788718855e-18 627.28973388671875 627.28973388671875 4.3662029454057281e-17 0 0 0
d 0 0 -4.7361562357247912e-17 0 0 -4.8583951608354955e-18 627.28981018066406 627.28981018066406 4.2629732102679267e-17 0 0 0
d 0 0 -4.7364145979389469e-17 0 0 -4.8592094879606902e-18 627.28988647460938 627.28988647460938 4.3617729746873249e-17 0 0 0
d 0 0 -4.7365416917060916e-17 0 0 -4.8596257839933592e-18 627.28992462158203 627.28992462158203 4.3183399016518288e-17 0 0 0
d 0 0 -4.7366758596732182e-17 0 0 -4.8600487814513913e-18 627.28996276855469 627.28996276855469 4.3676363212712295e-17 0 0 0
d 0 0 -4.7368116344266493e-17 0 0 -4.8604786506267192e-18 627.29000091552734 627.29000091552734 4.4058801178560172e-17 0 0 0
d 0 0 -4.7369383661132243e-17 0 0 -4.8609154248487062e-18 627.2900390625 627.2900390625 4.2349567689414228e-17 0 0 0
Q 4 13 "Source Voltage"
Q 5 13 "Gate Voltage"
Q 6 13 "Drain Voltage"
Q 7 13 "Substrate Voltage"
Q 22 13 "Source Current"
Q 23 13 "Gate Current"
Q 24 13 "Drain Current"
Q 25 13 "Substrate Current"
Q 92 21 Contact
Q 603 13 "Source Int. Voltage"
Q 604 13 "Gate Int. Voltage"
Q 605 13 "Drain Int. Voltage"
Q 606 13 "Substrate Int. Voltage"
EOF 1178855462
