v VICTORYDEVICE
# silvaco.file ASCII version=1.14.29 format=1 contents=SDB,Tables=1

Copyright "###################################################################"
Copyright "#                    Copyright Silvaco Inc. (c)                   #"
Copyright "#                            1992-2014                            #"
Copyright "#                                                                 #"
Copyright "# This file format and the following Key are copyright Silvaco    #"
Copyright "# International. You may not use, this format or key without      #"
Copyright "# reproducing this message in full and obtaining                  #"
Copyright "# express written permission from Silvaco Inc.                    #"
Copyright "#                                                                 #"
Copyright "# To obtain such permission please contact: Silvaco Inc.          #"
Copyright "#                                           support@silvaco.com   #"
Copyright "#                                                                 #"
Copyright "# KEY=SVC86hn7562asdx                       PROD=345              #"
Copyright "###################################################################"
#This file was created by VICTORYDEVICE version 1.24.0.R
#victoryd 1.24.0.R (Wed Jun 26 14:38:19 PDT 2024)
#libSDB 1.12.65 (Thu Dec  7 08:14:05 PST 2023)
a VICTORYDEVICE
j 1 9
k 4
r 1 92
x 3 43 42 46
w source 1 3
r 2 92
x 3 43 42 46
w gate 1 4
r 3 92
x 3 43 42 46
w drain 1 5
r 4 92
x 3 43 42 46
w substrate 1 6
y 1 15
z 300
f 6 "#1" "#2" source gate drain substrate
p 12 4 603 22 5 604 23 6 605 24 7 606 25
d 0 0 -5.761236242961139e-17 0 0 -1.7909116010881164e-35 0.01 0.01 5.7612734411104045e-17 0 0 0
d 0 0 -2.138941715677615e-16 0 0 -8.0979960450018135e-35 0.1 0.1 2.1389417150978602e-16 0 0 0
d 0 0 -2.459780373786207e-16 0 0 -3.8340261229790351e-36 0.5 0.5 2.4597803737861813e-16 0 0 0
d 0 0 -2.5355619801984811e-16 0 0 4.3267507355553662e-35 1 1 2.535561980199053e-16 0 0 0
d 0 0 -2.6225279629814695e-16 0 0 -5.5061689543704605e-36 2 2 2.622527962981475e-16 0 0 0
d 0 0 -2.7365271290299953e-16 0 0 -5.7587855196607486e-36 4 4 2.7365271290299953e-16 0 0 0
d 0 0 -2.8286501569130051e-16 0 0 -7.5735804470250965e-36 6 6 2.8286501569130051e-16 0 0 0
d 0 0 -2.8892997326438255e-16 0 0 3.2994003254902594e-35 8 8 2.8892997326438566e-16 0 0 0
d 0 0 -2.9336998412944616e-16 0 0 -1.8640594577402177e-35 10 10 2.9336998412944616e-16 0 0 0
d 0 0 -2.9614384506752532e-16 0 0 2.6403216738692742e-33 12 12 2.9614384506955132e-16 0 0 0
d 0 0 -2.9733017146196713e-16 0 0 8.2222692329409209e-30 14 14 2.9733017676883999e-16 0 0 0
d 0 0 -2.9778276260044307e-16 0 0 -1.1762841735312302e-34 16 16 2.977827626005578e-16 0 0 0
d 0 0 -2.9824410170039786e-16 0 0 -1.6228616245749249e-34 18 18 2.9824410166262355e-16 0 0 0
d 0 0 -2.9871433676414368e-16 0 0 -1.1999749004489146e-34 20 20 2.9871433676414368e-16 0 0 0
d 0 0 -2.9918573687138052e-16 0 0 -1.2079710759479225e-34 22 22 2.9918573687138052e-16 0 0 0
d 0 0 -2.9965606736426355e-16 0 0 -1.21466519564055e-34 24 24 2.9965606736426355e-16 0 0 0
d 0 0 -3.0012081502052131e-16 0 0 -1.2205729095712784e-34 26 26 3.0012081502052117e-16 0 0 0
d 0 0 -3.005654895946201e-16 0 0 -1.2366006194454601e-34 28 28 3.0056548959251823e-16 0 0 0
d 0 0 -3.0098817833807623e-16 0 0 -1.2304977803202524e-34 30 30 3.0098817833812534e-16 0 0 0
d 0 0 -3.0140413354133512e-16 0 0 -1.2350414017243874e-34 32 32 3.0140413354136465e-16 0 0 0
d 0 0 -3.0181331860250575e-16 0 0 -1.2490281568753698e-34 34 34 3.0181331860254081e-16 0 0 0
d 0 0 -3.0221599060639732e-16 0 0 -1.285353353408575e-34 36 36 3.0221599060642902e-16 0 0 0
d 0 0 -3.0261741646434031e-16 0 0 -1.3326171506067559e-34 38 38 3.0261741646440588e-16 0 0 0
d 0 0 -3.0301483363926802e-16 0 0 -1.4032677184675933e-34 40 40 3.0301483363926802e-16 0 0 0
d 0 0 -3.0334865979828401e-16 0 0 -1.6218776179966851e-34 42 42 3.0334865980365729e-16 0 0 0
d 0 0 -3.0366464039275298e-16 0 0 -1.6792165321581441e-34 44 44 3.0366464039277379e-16 0 0 0
d 0 0 -3.0397969010826866e-16 0 0 -1.683058837283733e-34 46 46 3.03979690123138e-16 0 0 0
d 0 0 -3.0429460967892515e-16 0 0 -1.7013879204140588e-34 48 48 3.0429460967894936e-16 0 0 0
d 0 0 -3.0460957890974932e-16 0 0 -1.7105382724815645e-34 50 50 3.0460957890976313e-16 0 0 0
d 0 0 -3.049246158601224e-16 0 0 -1.7184804999747311e-34 52 52 3.0492461585996729e-16 0 0 0
d 0 0 -3.0523960339470137e-16 0 0 -1.7255036918094294e-34 54 54 3.0523960339469624e-16 0 0 0
d 0 0 -3.0555462959433302e-16 0 0 -1.7282378299679841e-34 56 56 3.0490534277266308e-16 0 0 0
d 0 0 -3.0587004467118662e-16 0 0 -1.7382226734443658e-34 58 58 3.0522076971429609e-16 0 0 0
d 0 0 -3.0618600052852969e-16 0 0 -1.7505143787122598e-34 60 60 3.0553673910245948e-16 0 0 0
d 0 0 -3.0650252007670128e-16 0 0 -1.7503305075790209e-34 62 62 3.0650252007672194e-16 0 0 0
d 0 0 -3.0681958390928522e-16 0 0 -1.7565408663383036e-34 64 64 3.0681958390930499e-16 0 0 0
d 0 0 -3.0713713917748749e-16 0 0 -1.7628832414465705e-34 66 66 3.0713713917750342e-16 0 0 0
d 0 0 -3.0745511253758406e-16 0 0 -1.7693475058410411e-34 68 68 3.0745511253760432e-16 0 0 0
d 0 0 -3.0777349015450953e-16 0 0 -1.7740994775430302e-34 70 70 3.071243109577974e-16 0 0 0
d 0 0 -3.0809235374654441e-16 0 0 -1.7809474020759792e-34 72 72 3.0744320086543242e-16 0 0 0
d 0 0 -3.0841176306585421e-16 0 0 -1.7895419885463277e-34 74 74 3.0776264429680452e-16 0 0 0
d 0 0 -3.0873171762454499e-16 0 0 -1.8023307342249632e-34 76 76 3.080826499399551e-16 0 0 0
d 0 0 -3.0905218634183856e-16 0 0 -1.8017792458827043e-34 78 78 3.0905218634185907e-16 0 0 0
d 0 0 -3.093731246199607e-16 0 0 -1.8078213193911768e-34 80 80 3.0937312461998072e-16 0 0 0
d 0 0 -3.0969448666590112e-16 0 0 -1.8135872614608983e-34 82 82 3.0969448666592163e-16 0 0 0
d 0 0 -3.1001625078065359e-16 0 0 -1.8208880088005741e-34 84 84 3.0936792083430513e-16 0 0 0
d 0 0 -3.1033843633407992e-16 0 0 -1.8288899821828105e-34 86 86 3.0969110552657822e-16 0 0 0
d 0 0 -3.1066107332953907e-16 0 0 -1.8411901989192842e-34 88 88 3.1001626061238448e-16 0 0 0
d 0 0 -3.1098417080087744e-16 0 0 -1.8512120737145483e-34 90 90 3.1034399446931675e-16 0 0 0
d 0 0 -3.113077210162783e-16 0 0 -1.8521188899031663e-34 92 92 3.1067035652656478e-16 0 0 0
d 0 0 -3.1163171927927176e-16 0 0 -1.8473885683188757e-34 94 94 3.1098962449839364e-16 0 0 0
d 0 0 -3.1195617506644481e-16 0 0 -1.845047854923068e-34 96 96 3.1130952945148589e-16 0 0 0
d 0 0 -3.1228098233229999e-16 0 0 -1.8480838538003919e-34 98 98 3.1163417725053742e-16 0 0 0
d 0 0 -3.1260578050768286e-16 0 0 -1.8517407325198686e-34 100 100 3.1195946449052601e-16 0 0 0
d 0 0 -3.1341959175769436e-16 0 0 -1.8628777905527817e-34 105 105 3.133942934607158e-16 0 0 0
d 0 0 -3.1423622126083219e-16 0 0 -1.8714119538759925e-34 110 110 3.1421095412746448e-16 0 0 0
d 0 0 -3.1505512189305853e-16 0 0 -1.8798126620312014e-34 115 115 3.1502986359165613e-16 0 0 0
d 0 0 -3.1587512673749805e-16 0 0 -1.8880514633114762e-34 120 120 3.1584987555660987e-16 0 0 0
d 0 0 -3.1669523583080121e-16 0 0 -1.896064045644842e-34 125 125 3.1666999172138879e-16 0 0 0
d 0 0 -3.1751552312565702e-16 0 0 -1.9036773928331634e-34 130 130 3.1749028622063402e-16 0 0 0
d 0 0 -3.183351542484003e-16 0 0 -1.9105000677179777e-34 135 135 3.1830992471294481e-16 0 0 0
d 0 0 -3.1915073805881322e-16 0 0 -1.9158827306853821e-34 140 140 3.1912551608200787e-16 0 0 0
d 0 0 -3.1995994991991527e-16 0 0 -1.91954252942397e-34 145 145 3.1993473576890193e-16 0 0 0
d 0 0 -3.2076608988052361e-16 0 0 -1.9219943971739156e-34 150 150 3.2074088364848031e-16 0 0 0
d 0 0 -3.2157287441578435e-16 0 0 -1.9237435031013184e-34 155 155 3.2154767610903356e-16 0 0 0
d 0 0 -3.2238254629260298e-16 0 0 -1.9250734304429512e-34 160 160 3.2235735600089514e-16 0 0 0
d 0 0 -3.2319654283707803e-16 0 0 -1.9261814152516014e-34 165 165 3.2317136067551676e-16 0 0 0
d 0 0 -3.2401583521982615e-16 0 0 -1.9272663646734993e-34 170 170 3.2399066129780832e-16 0 0 0
d 0 0 -3.2484105632823328e-16 0 0 -1.9281908882783544e-34 175 175 3.2481589066674481e-16 0 0 0
d 0 0 -3.2567259953198145e-16 0 0 9.7672633269441107e-33 180 180 3.2564744135742002e-16 0 0 0
d 0 0 -3.2651069518018173e-16 0 0 1.3807414795676854e-30 185 185 3.2651069502721765e-16 0 0 0
d 0 0 -3.2735517890312272e-16 0 0 1.3137522520868055e-28 190 190 3.2735516290467449e-16 0 0 0
d 0 0 -3.2818839856697234e-16 0 0 1.2011917442135183e-29 195 195 3.2818838276764641e-16 0 0 0
d 0 0 -3.2904065821942699e-16 0 0 -1.9600348710950601e-34 200 200 3.290406562077174e-16 0 0 0
d 0 0 -3.2990594470530953e-16 0 0 -1.9761109438297543e-34 205 205 3.2990594170195884e-16 0 0 0
d 0 0 -3.3077630566947548e-16 0 0 -2.0180631627474882e-34 210 210 3.3077630564245818e-16 0 0 0
d 0 0 -3.3154857540731698e-16 0 0 -2.3026981355635076e-34 215 215 3.3154857540887227e-16 0 0 0
d 0 0 -3.3230323602065216e-16 0 0 -3.4661043387395644e-34 220 220 3.3230323603494405e-16 0 0 0
d 0 0 -3.330622301387403e-16 0 0 -7.8183217926218149e-34 225 225 3.3303716436234924e-16 0 0 0
d 0 0 -3.3382590641417289e-16 0 0 -2.2328242288005121e-33 230 230 3.3380084549832256e-16 0 0 0
d 0 0 -3.3459439651760147e-16 0 0 -6.5807947788089435e-33 235 235 3.3456934722524034e-16 0 0 0
d 0 0 -3.3536778468816754e-16 0 0 -1.8429999389496566e-32 240 240 3.3534274817732183e-16 0 0 0
d 0 0 -3.3614613478592302e-16 0 0 -4.811239127612356e-32 245 245 3.3612111174993959e-16 0 0 0
d 0 0 -3.3692949672824118e-16 0 0 -1.172010200371338e-31 250 250 3.3690448782864955e-16 0 0 0
d 0 0 -3.3771790847633787e-16 0 0 -2.6828592179448859e-31 255 255 3.3769291442591263e-16 0 0 0
d 0 0 -3.385113970188444e-16 0 0 -5.8221988144294193e-31 260 260 3.3848641860143393e-16 0 0 0
d 0 0 -3.3930997928683675e-16 0 0 -1.2089109977358256e-30 265 265 3.3928501734949692e-16 0 0 0
d 0 0 -3.4011366330521453e-16 0 0 -2.4229374057001291e-30 270 270 3.4008871878298588e-16 0 0 0
d 0 0 -3.4092244970275842e-16 0 0 -4.7237394185875779e-30 275 275 3.4089753075503759e-16 0 0 0
d 0 0 -3.4173633361949039e-16 0 0 -9.0126504306411885e-30 280 280 3.4171145984792746e-16 0 0 0
d 0 0 -3.4255530696253846e-16 0 0 -1.6895850306937181e-29 285 285 3.425304780603549e-16 0 0 0
d 0 0 -3.4337936084635628e-16 0 0 -3.1183119792911007e-29 290 290 3.4335458595803722e-16 0 0 0
d 0 0 -3.44208487916268e-16 0 0 -5.6675988450230427e-29 295 295 3.4418377232017971e-16 0 0 0
d 0 0 -3.4504268410646686e-16 0 0 -1.0136372232549619e-28 300 300 3.4501802676653374e-16 0 0 0
d 0 0 -3.4588194920173548e-16 0 0 -1.7816905856733646e-28 305 305 3.4585734918944256e-16 0 0 0
d 0 0 -3.467262852018698e-16 0 0 -3.074041510090537e-28 310 310 3.4670174172044906e-16 0 0 0
d 0 0 -3.4757569029487577e-16 0 0 -5.2010485897254088e-28 315 315 3.4755120263696403e-16 0 0 0
d 0 0 -3.4843014119035275e-16 0 0 -8.5439592749218827e-28 320 320 3.48430102435675e-16 0 0 0
d 0 0 -3.4928953163883993e-16 0 0 -1.3920638884492751e-27 325 325 3.4928948718656298e-16 0 0 0
d 0 0 -3.5015324201566597e-16 0 0 -2.20866056285098e-27 330 330 3.5015314446659474e-16 0 0 0
d 0 0 -3.5058359980083378e-16 0 0 -2.6632902984961827e-27 332.5 332.5 3.5058342984578434e-16 0 0 0
d 0 0 -3.509937791425167e-16 0 0 -3.3417879238159913e-27 335 335 3.5099377914533017e-16 0 0 0
d 0 0 -3.5186719602135217e-16 0 0 -5.1170678988454641e-27 340 340 3.5186719943236044e-16 0 0 0
d 0 0 -3.5274752830938328e-16 0 0 -7.7101973556429381e-27 345 345 3.5274752831706787e-16 0 0 0
d 0 0 -3.5363307062226278e-16 0 0 -1.1414573702464889e-26 350 350 3.5363307063199136e-16 0 0 0
d 0 0 -3.5451953870397359e-16 0 0 -1.6536357650860867e-26 355 355 3.54519538776024e-16 0 0 0
d 0 0 -3.5530799520906891e-16 0 0 -2.1011760106626301e-26 360 360 3.5530799525387596e-16 0 0 0
d 0 0 -3.5607049887922719e-16 0 0 -2.5622300929635594e-26 365 365 3.5607049905942487e-16 0 0 0
d 0 0 -3.568362712993453e-16 0 0 -3.102615384597865e-26 370 370 3.5681278731772177e-16 0 0 0
d 0 0 -3.5760587929405849e-16 0 0 -3.7339582095613969e-26 375 375 3.575824651121944e-16 0 0 0
d 0 0 -3.5837950495410275e-16 0 0 -4.4681412820475462e-26 380 380 3.5835616584287527e-16 0 0 0
d 0 0 -3.5915724186160027e-16 0 0 -5.3179161360434197e-26 385 385 3.5913398059541442e-16 0 0 0
d 0 0 -3.5993915041226664e-16 0 0 -6.2970834542082666e-26 390 390 3.5991597044041407e-16 0 0 0
d 0 0 -3.6072527443051393e-16 0 0 -7.4206222416398398e-26 395 395 3.6070217980822863e-16 0 0 0
d 0 0 -3.6151564773968395e-16 0 0 -8.7048243726949293e-26 400 400 3.6149264312167441e-16 0 0 0
d 0 0 -3.6231029727084001e-16 0 0 -1.0167449846609685e-25 405 405 3.6228738792187659e-16 0 0 0
d 0 0 -3.6310924470028574e-16 0 0 -1.1827909342122881e-25 410 410 3.6308643651097363e-16 0 0 0
d 0 0 -3.6391250731651551e-16 0 0 -1.370747778677304e-25 415 415 3.6388980681160962e-16 0 0 0
d 0 0 -3.6472009836406161e-16 0 0 -1.5829541024636143e-25 420 420 3.6469751260864655e-16 0 0 0
d 0 0 -3.6553202691176193e-16 0 0 -1.8219876107799906e-25 425 425 3.6550956373207647e-16 0 0 0
d 0 0 -3.6634829715360747e-16 0 0 -2.0906963640386974e-25 430 430 3.6632596497522594e-16 0 0 0
d 0 0 -3.671689068439921e-16 0 0 -2.3922326882333053e-25 435 435 3.6714671481879984e-16 0 0 0
d 0 0 -3.6799384406179391e-16 0 0 -2.730088330111106e-25 440 440 3.6797180205200009e-16 0 0 0
d 0 0 -3.6882307998185539e-16 0 0 -3.1081274475737139e-25 445 445 3.6880119888447779e-16 0 0 0
d 0 0 -3.6965654976839138e-16 0 0 -3.5306046277529155e-25 450 450 3.6963484074297579e-16 0 0 0
d 0 0 -3.7049408546927929e-16 0 0 -4.00207597554749e-25 455 455 3.7049408381024293e-16 0 0 0
d 0 0 -3.7133498604769174e-16 0 0 -4.5269819510195902e-25 460 460 3.7133471500506503e-16 0 0 0
d 0 0 -3.7175459272697746e-16 0 0 -4.8083498383498664e-25 462.5 462.5 3.7175459310729045e-16 0 0 0
d 0 0 -3.7214636343768342e-16 0 0 -5.0639162472092701e-25 465 465 3.7214576298822854e-16 0 0 0
d 0 0 -3.729942912265508e-16 0 0 -5.7078728832988871e-25 470 470 3.7299433613949866e-16 0 0 0
d 0 0 -3.7384892015417044e-16 0 0 -6.429080428751203e-25 475 475 3.7384877547032363e-16 0 0 0
d 0 0 -3.7470798887616178e-16 0 0 -7.2325010052202465e-25 480 480 3.7470798961339361e-16 0 0 0
d 0 0 -3.7557025952388666e-16 0 0 -8.1245776082095126e-25 485 485 3.7557026007099877e-16 0 0 0
d 0 0 -3.7642909551841449e-16 0 0 -9.0988796592611943e-25 490 490 3.7642909642801223e-16 0 0 0
d 0 0 -3.7716944666654866e-16 0 0 -9.8602249583444976e-25 495 495 3.7716944766411706e-16 0 0 0
d 0 0 -3.7789078683948575e-16 0 0 -1.0618587323336196e-24 500 500 3.7789078795334842e-16 0 0 0
d 0 0 -3.7861385647551418e-16 0 0 -1.1426462385424617e-24 505 505 3.785939479808003e-16 0 0 0
d 0 0 -3.7933946403059444e-16 0 0 -1.2289247973801718e-24 510 510 3.7931994364506802e-16 0 0 0
d 0 0 -3.8006784541837941e-16 0 0 -1.3211230856082284e-24 515 515 3.8004856356915053e-16 0 0 0
d 0 0 -3.8079909632829731e-16 0 0 -1.4196590664304626e-24 520 520 3.8078006106277652e-16 0 0 0
d 0 0 -3.8153326130052912e-16 0 0 -1.5249606842802915e-24 525 525 3.8151452220988115e-16 0 0 0
d 0 0 -3.8227036146077647e-16 0 0 -1.637472385789916e-24 530 530 3.8225200254408197e-16 0 0 0
d 0 0 -3.8301040546750369e-16 0 0 -1.757657775694159e-24 535 535 3.8299245618652962e-16 0 0 0
d 0 0 -3.8375339434796732e-16 0 0 -1.8860008396154773e-24 540 540 3.8373588659030695e-16 0 0 0
d 0 0 -3.8449932341407903e-16 0 0 -2.023006418047254e-24 545 545 3.8448229657047092e-16 0 0 0
d 0 0 -3.8524818213028567e-16 0 0 -2.1692000393265736e-24 550 550 3.8523170866832636e-16 0 0 0
d 0 0 -3.8599995151839407e-16 0 0 -2.3251268109395049e-24 555 555 3.8598411338770065e-16 0 0 0
d 0 0 -3.8675459667985103e-16 0 0 -2.4913482657648995e-24 560 560 3.8673944209769588e-16 0 0 0
d 0 0 -3.8751204553225317e-16 0 0 -2.6684333184658263e-24 565 565 3.8749764167109845e-16 0 0 0
d 0 0 -3.8827211213989802e-16 0 0 -2.8568533990841277e-24 570 570 3.8827200893809124e-16 0 0 0
d 0 0 -3.8903399273870069e-16 0 0 -3.0570589097635711e-24 575 575 3.8903388437706388e-16 0 0 0
d 0 0 -3.8976223127001024e-16 0 0 -3.2548880970326908e-24 580 580 3.8976223452221233e-16 0 0 0
d 0 0 -3.9052831622659969e-16 0 0 -3.4796324723304854e-24 585 585 3.9052832346943133e-16 0 0 0
d 0 0 -3.9129992517029356e-16 0 0 -3.7196159408485404e-24 590 590 3.9129948388506759e-16 0 0 0
d 0 0 -3.920746493428574e-16 0 0 -3.9745976449700024e-24 595 595 3.9207465415689922e-16 0 0 0
d 0 0 -3.9285118648930736e-16 0 0 -4.2446949734185613e-24 600 600 3.9285119052033497e-16 0 0 0
d 0 0 -3.936242551923801e-16 0 0 -4.5277380024449729e-24 605 605 3.9362369464335219e-16 0 0 0
d 0 0 -3.9429961890008166e-16 0 0 -4.7692328954885661e-24 610 610 3.9429962250539604e-16 0 0 0
d 0 0 -3.9493316702106052e-16 0 0 -4.9955970974639962e-24 615 615 3.9493317785784768e-16 0 0 0
d 0 0 -3.9556689036333366e-16 0 0 -5.2302264955671513e-24 620 620 3.9554881067813403e-16 0 0 0
d 0 0 -3.9620199987064441e-16 0 0 -5.47407181529383e-24 625 625 3.9617654575042207e-16 0 0 0
d 0 0 -3.9683883576656978e-16 0 0 -5.7276171852453641e-24 630 630 3.9680527668276411e-16 0 0 0
d 0 0 -3.9747753094268642e-16 0 0 -5.9912411773670842e-24 635 635 3.9743413451704479e-16 0 0 0
d 0 0 -3.9811813084851633e-16 0 0 -6.2652812685778485e-24 640 640 3.9806201728217e-16 0 0 0
d 0 0 -3.9876060564804542e-16 0 0 -6.5494749711416293e-24 645 645 3.9875831939231111e-16 0 0 0
d 0 0 -3.9940475916037932e-16 0 0 -6.8457234285113631e-24 650 650 3.9940798252876787e-16 0 0 0
d 0 0 -4.0004922664407177e-16 0 0 -7.1518609236914739e-24 655 655 4.000492334182441e-16 0 0 0
d 0 0 -4.0035586955900744e-16 0 0 -7.2997156138188134e-24 657.5 657.5 4.0035587664477781e-16 0 0 0
d 0 0 -4.0066507636236472e-16 0 0 -7.4514258694979931e-24 660 660 4.0066508119417277e-16 0 0 0
d 0 0 -4.0131394273810242e-16 0 0 -7.7799130383174964e-24 665 665 4.0131030666074355e-16 0 0 0
d 0 0 -4.0196631429421238e-16 0 0 -8.1235089772658382e-24 670 670 4.0189053864968767e-16 0 0 0
d 0 0 -4.0261999707752271e-16 0 0 -8.4786939963753722e-24 675 675 4.0261976903652051e-16 0 0 0
d 0 0 -4.0326995514344588e-16 0 0 -8.8431764318995792e-24 680 680 4.0326345244435749e-16 0 0 0
d 0 0 -4.0387371307128702e-16 0 0 -9.186428618945986e-24 685 685 4.0386878562180345e-16 0 0 0
d 0 0 -4.0445707724666649e-16 0 0 -9.5258113860984054e-24 690 690 4.0445709490986668e-16 0 0 0
d 0 0 -4.0504172123909593e-16 0 0 -9.8750204655943832e-24 695 695 4.050417306301418e-16 0 0 0
d 0 0 -4.0562793743968569e-16 0 0 -1.0234822069718954e-23 700 700 4.0562615951261387e-16 0 0 0
d 0 0 -4.0621582677405473e-16 0 0 -1.0605132626783693e-23 705 705 4.0620105474962189e-16 0 0 0
d 0 0 -4.0680542930374676e-16 0 0 -1.0987607725130264e-23 710 710 4.067893774650622e-16 0 0 0
d 0 0 -4.0739674943093494e-16 0 0 -1.1380623551798345e-23 715 715 4.0732629368285968e-16 0 0 0
d 0 0 -4.0798975317648047e-16 0 0 -1.178838591108637e-23 720 720 4.0770300585624511e-16 0 0 0
d 0 0 -4.0858434549706222e-16 0 0 -1.2207125291803661e-23 725 725 4.0858435733637726e-16 0 0 0
d 0 0 -4.0918034952422173e-16 0 0 -1.2634702889550348e-23 730 730 4.0827547101429253e-16 0 0 0
d 0 0 -4.0977764608213494e-16 0 0 -1.3079167137230273e-23 735 735 4.0878754760192441e-16 0 0 0
d 0 0 -4.1037643479036921e-16 0 0 -1.3534577114730284e-23 740 740 4.0698341619506416e-16 0 0 0
d 0 0 -4.1097698468579875e-16 0 0 -1.4009084411712914e-23 745 745 4.1097218922538839e-16 0 0 0
d 0 0 -4.1157941304043754e-16 0 0 -1.4494585618151581e-23 750 750 4.0752556737864025e-16 0 0 0
d 0 0 -4.1218377960076123e-16 0 0 -1.4993070195642815e-23 755 755 4.1071857642599098e-16 0 0 0
d 0 0 -4.1279025134003038e-16 0 0 -1.5503574226905302e-23 760 760 4.0089455767366123e-16 0 0 0
d 0 0 -4.1339937083759869e-16 0 0 -1.6044905365128766e-23 765 765 4.1337263573845557e-16 0 0 0
d 0 0 -4.1401139329311932e-16 0 0 -1.6578214035477563e-23 770 770 4.094298803309731e-16 0 0 0
d 0 0 -4.1462589182751417e-16 0 0 -1.7149158920077633e-23 775 775 4.1150131176861485e-16 0 0 0
d 0 0 -4.1524249763804051e-16 0 0 -1.7728918165928355e-23 780 780 4.0276665567349384e-16 0 0 0
d 0 0 -4.1586093896771402e-16 0 0 -1.8369229380725215e-23 785 785 4.1244100419146113e-16 0 0 0
d 0 0 -4.1648084867438365e-16 0 0 -1.9005253244038327e-23 790 790 4.1561342250617623e-16 0 0 0
d 0 0 -4.1710185122536232e-16 0 0 -1.9669663687617948e-23 795 795 4.1699574574249526e-16 0 0 0
d 0 0 -4.1741284852575109e-16 0 0 -2.0014973434656653e-23 797.5 797.5 4.1741286855750728e-16 0 0 0
d 0 0 -4.1772430992206417e-16 0 0 -2.036980521824485e-23 800 800 4.1772433123802427e-16 0 0 0
d 0 0 -4.1834882868317598e-16 0 0 -2.1113135203143291e-23 805 805 4.1833403049801716e-16 0 0 0
d 0 0 -4.1897546688338143e-16 0 0 -2.1911937252482014e-23 810 810 4.1897693525164842e-16 0 0 0
d 0 0 -4.196042218974628e-16 0 0 -2.2762972102823281e-23 815 815 4.1681219543487798e-16 0 0 0
d 0 0 -4.2023520435022151e-16 0 0 -2.3726001591193411e-23 820 820 4.1742543107394838e-16 0 0 0
d 0 0 -4.2086853757617718e-16 0 0 -2.4814830082006693e-23 825 825 4.1896620409895965e-16 0 0 0
d 0 0 -4.2150425881071411e-16 0 0 -2.6089288811902611e-23 830 830 4.2006490487775414e-16 0 0 0
d 0 0 -4.2214238709847764e-16 0 0 -2.756981948010092e-23 835 835 4.2006037398354582e-16 0 0 0
d 0 0 -4.2278294948413348e-16 0 0 -2.9366005896648008e-23 840 840 4.2278092122367642e-16 0 0 0
d 0 0 -4.2342592408097306e-16 0 0 -3.1566312450980656e-23 845 845 4.2342606690384985e-16 0 0 0
d 0 0 -4.2407128310948761e-16 0 0 -3.4318214183785476e-23 850 850 4.2407155952927434e-16 0 0 0
d 0 0 -4.2471901482984133e-16 0 0 -3.7807240435074805e-23 855 855 4.260681063363666e-16 0 0 0
d 0 0 -4.253691083806115e-16 0 0 -4.2278771809735632e-23 860 860 4.2646844844438748e-16 0 0 0
d 0 0 -4.2602155891731837e-16 0 0 -4.8049583745844362e-23 865 865 4.2525870865057342e-16 0 0 0
d 0 0 -4.2667633676021855e-16 0 0 -5.5532081103827609e-23 870 870 4.2422778298840079e-16 0 0 0
d 0 0 -4.2733341558071365e-16 0 0 -6.5258428808253693e-23 875 875 4.2213619215933716e-16 0 0 0
d 0 0 -4.2799277086721676e-16 0 0 -7.790893156300512e-23 880 880 4.2646027711609185e-16 0 0 0
d 0 0 -4.2865445623214804e-16 0 0 -9.4307965708332517e-23 885 885 4.2811496937919996e-16 0 0 0
d 0 0 -4.2931859266700397e-16 0 0 -1.1563441038530708e-22 890 890 4.2087380516176725e-16 0 0 0
d 0 0 -4.2998525757719258e-16 0 0 -1.4312866155004755e-22 895 895 4.2998540089674912e-16 0 0 0
d 0 0 -4.3065448604717167e-16 0 0 -1.7849546832653073e-22 900 900 4.2151560035639804e-16 0 0 0
d 0 0 -4.3132630624878089e-16 0 0 -2.2380795848063204e-22 905 905 4.3132653007854534e-16 0 0 0
d 0 0 -4.3200076541120235e-16 0 0 -2.8161423046667228e-22 910 910 4.3082040157744018e-16 0 0 0
d 0 0 -4.3267791578490303e-16 0 0 -3.5502116979467643e-22 915 915 4.3280287464472833e-16 0 0 0
d 0 0 -4.3335781700395717e-16 0 0 -4.4780347315469275e-22 920 920 4.3332312187337148e-16 0 0 0
d 0 0 -4.3404055027722968e-16 0 0 -5.6453105390195992e-22 925 925 4.3295805942893846e-16 0 0 0
d 0 0 -4.3472620986768328e-16 0 0 -7.1070921892428746e-22 930 930 4.3472692055429102e-16 0 0 0
d 0 0 -4.3541488268009849e-16 0 0 -8.9294559919426921e-22 935 935 4.3541576696461761e-16 0 0 0
d 0 0 -4.3610666163028737e-16 0 0 -1.1191278194794737e-21 940 940 4.3610778074538762e-16 0 0 0
d 0 0 -4.3680167787157356e-16 0 0 -1.3986178093355703e-21 945 945 4.3680307648934469e-16 0 0 0
d 0 0 -4.3750009730854601e-16 0 0 -1.742503472859487e-21 950 950 4.3734978846238712e-16 0 0 0
d 0 0 -4.3820212075855446e-16 0 0 -2.1638644567886982e-21 955 955 4.3814199206627012e-16 0 0 0
d 0 0 -4.3890798638761938e-16 0 0 -2.6780660465170992e-21 960 960 4.386302313507366e-16 0 0 0
d 0 0 -4.3961797276958148e-16 0 0 -3.303091182140382e-21 965 965 4.393870195998343e-16 0 0 0
d 0 0 -4.4033241324789985e-16 0 0 -4.0598877066598343e-21 970 970 4.4019852402637333e-16 0 0 0
d 0 0 -4.4105170864236188e-16 0 0 -4.9727960380958554e-21 975 975 4.4104189214702465e-16 0 0 0
d 0 0 -4.4177634186986542e-16 0 0 -6.0700499573786177e-21 980 980 4.417775719239182e-16 0 0 0
d 0 0 -4.4250689724566575e-16 0 0 -7.3842848222166459e-21 985 985 4.4251023536212401e-16 0 0 0
d 0 0 -4.4324407600862654e-16 0 0 -8.9531062621660468e-21 990 990 4.4325254970555282e-16 0 0 0
d 0 0 -4.4398871163955004e-16 0 0 -1.0819760037587382e-20 995 995 4.4399947697924798e-16 0 0 0
d 0 0 -4.4474179199885568e-16 0 0 -1.3033846287035585e-20 1000 1000 4.4475481434753453e-16 0 0 0
d 0 0 -4.4550448240670558e-16 0 0 -1.5652066581022661e-20 1005 1005 4.4552014747371177e-16 0 0 0
d 0 0 -4.4627814334300868e-16 0 0 -1.8739083029226068e-20 1010 1010 4.4629690084950749e-16 0 0 0
d 0 0 -4.4706434672973907e-16 0 0 -2.2368539149573589e-20 1015 1015 4.4708673979677408e-16 0 0 0
d 0 0 -4.478648928257783e-16 0 0 -2.66242005564618e-20 1020 1020 4.4789154420722544e-16 0 0 0
d 0 0 -4.4868182250647457e-16 0 0 -3.1601156958273156e-20 1025 1025 4.4871344796481777e-16 0 0 0
d 0 0 -4.4951742176073668e-16 0 0 -3.7407141102877838e-20 1030 1030 4.4955484861742787e-16 0 0 0
d 0 0 -4.503742224270129e-16 0 0 -4.4164045454961754e-20 1035 1035 4.504184004644124e-16 0 0 0
d 0 0 -4.5125500455070069e-16 0 0 -5.2009645641079712e-20 1040 1040 4.5130702340557246e-16 0 0 0
d 0 0 -4.5216280342139577e-16 0 0 -6.1099494436269658e-20 1045 1045 4.5222390827963366e-16 0 0 0
d 0 0 -4.5310092210325931e-16 0 0 -7.1608976537363477e-20 1050 1050 4.5317253408139639e-16 0 0 0
d 0 0 -4.5407294950465034e-16 0 0 -8.3735609288372076e-20 1055 1055 4.5415668699153159e-16 0 0 0
d 0 0 -4.5508278475419664e-16 0 0 -9.7701677566053082e-20 1060 1060 4.5518048762004653e-16 0 0 0
d 0 0 -4.5613466846963196e-16 0 0 -1.1375724634046504e-19 1065 1065 4.5624842636335315e-16 0 0 0
d 0 0 -4.5723322111162152e-16 0 0 -1.321836320972945e-19 1070 1070 4.5736540503345058e-16 0 0 0
d 0 0 -4.5838348749630678e-16 0 0 -1.5329741629928968e-19 1075 1075 4.5853678502086945e-16 0 0 0
d 0 0 -4.5959098381097506e-16 0 0 -1.7745502041864688e-19 1080 1080 4.5976843886554639e-16 0 0 0
d 0 0 -4.6086174355035522e-16 0 0 -2.0505791504119011e-19 1085 1085 4.6106680147331617e-16 0 0 0
d 0 0 -4.6220236199868369e-16 0 0 -2.3655864647041583e-19 1090 1090 4.6243892064388244e-16 0 0 0
d 0 0 -4.6362003983281515e-16 0 0 -2.7246786722493384e-19 1095 1095 4.6389250769533002e-16 0 0 0
d 0 0 -4.6512262515100176e-16 0 0 -3.1336254495831102e-19 1100 1100 4.6543598769058658e-16 0 0 0
d 0 0 -4.6671865219598303e-16 0 0 -3.5989555627793319e-19 1105 1105 4.6707854774927586e-16 0 0 0
d 0 0 -4.6841737377123466e-16 0 0 -4.1280687202352606e-19 1110 1110 4.6883018064665693e-16 0 0 0
d 0 0 -4.7022878244238502e-16 0 0 -4.7293650920968221e-19 1115 1115 4.7070171896317331e-16 0 0 0
d 0 0 -4.7216361497305962e-16 0 0 -5.4123949300757077e-19 1120 1120 4.7270485448182723e-16 0 0 0
d 0 0 -4.7423333525940784e-16 0 0 -6.188032308374712e-19 1125 1125 4.7485213849666681e-16 0 0 0
d 0 0 -4.7645008991044611e-16 0 0 -7.068677217785125e-19 1130 1130 4.7715695759450869e-16 0 0 0
d 0 0 -4.788266275993063e-16 0 0 -8.0684890083175613e-19 1135 1135 4.7963347634774631e-16 0 0 0
d 0 0 -4.8137617220377163e-16 0 0 -9.2036534313896006e-19 1140 1140 4.8229653718663171e-16 0 0 0
d 0 0 -4.8411224203696013e-16 0 0 -1.0492685662810258e-18 1145 1145 4.8516151001260906e-16 0 0 0
d 0 0 -4.8704841133043047e-16 0 0 -1.195677214040536e-18 1150 1150 4.8824408793596415e-16 0 0 0
d 0 0 -4.9019800800096998e-16 0 0 -1.3620153511614304e-18 1155 1155 4.9156002308054161e-16 0 0 0
d 0 0 -4.9357371948545529e-16 0 0 -1.5510546001597446e-18 1160 1160 4.9512477411849091e-16 0 0 0
d 0 0 -4.9718704039097429e-16 0 0 -1.7659587431023514e-18 1165 1165 4.9895299902571202e-16 0 0 0
d 0 0 -5.0104750827396128e-16 0 0 -2.0103284836756617e-18 1170 1170 5.0305783648738602e-16 0 0 0
d 0 0 -5.0516183061219824e-16 0 0 -2.288244955872397e-18 1175 1175 5.0745007560846486e-16 0 0 0
d 0 0 -5.0953325350663338e-16 0 0 -2.6043142630956199e-18 1180 1180 5.1213756807696007e-16 0 0 0
d 0 0 -5.1416160267890277e-16 0 0 -2.9637202058563915e-18 1185 1185 5.1712532221638906e-16 0 0 0
d 0 0 -5.1904418170333942e-16 0 0 -3.3722948143539392e-18 1190 1190 5.2241647234361716e-16 0 0 0
d 0 0 -5.2417730043760576e-16 0 0 -3.8366142270249335e-18 1195 1195 5.2801390363327557e-16 0 0 0
d 0 0 -5.2955789365913235e-16 0 0 -4.3641215038306955e-18 1200 1200 5.3392199468787352e-16 0 0 0
d 0 0 -5.3518464137431857e-16 0 0 -4.9632709124207138e-18 1205 1205 5.4014788308422595e-16 0 0 0
d 0 0 -5.4105823594098453e-16 0 0 -5.6436838436338999e-18 1210 1210 5.4670188766225088e-16 0 0 0
d 0 0 -5.4718081133203799e-16 0 0 -6.4163069633892288e-18 1215 1215 5.5359709211667946e-16 0 0 0
d 0 0 -5.5355486527697114e-16 0 0 -7.2935684092933236e-18 1220 1220 5.6084841868528375e-16 0 0 0
d 0 0 -5.6018216928773499e-16 0 0 -8.2895372792344221e-18 1225 1225 5.6847170072844484e-16 0 0 0
d 0 0 -5.6706315631955792e-16 0 0 -9.4201037541690657e-18 1230 1230 5.7648325857536666e-16 0 0 0
d 0 0 -5.741971147045118e-16 0 0 -1.0703208055931327e-17 1235 1235 5.849003223519126e-16 0 0 0
d 0 0 -5.8158326363599124e-16 0 0 -1.2159152636936477e-17 1240 1240 5.9374241485927828e-16 0 0 0
d 0 0 -5.892225514668745e-16 0 0 -1.3811033986517696e-17 1245 1245 6.0303357991955444e-16 0 0 0
d 0 0 -5.9711989154178974e-16 0 0 -1.568533172359084e-17 1250 1250 6.1280520837190466e-16 0 0 0
d 0 0 -6.0528657254878113e-16 0 0 -1.7812699652573344e-17 1255 1255 6.2309924063575981e-16 0 0 0
d 0 0 -6.1374289320632649e-16 0 0 -2.0229039023417777e-17 1260 1260 6.3397187425725579e-16 0 0 0
d 0 0 -6.2252185881000102e-16 0 0 -2.2977048817720573e-17 1265 1265 6.4549880802515827e-16 0 0 0
d 0 0 -6.3167583442835845e-16 0 0 -2.6108690932520428e-17 1270 1270 6.5778434454917942e-16 0 0 0
d 0 0 -6.4128749216356164e-16 0 0 -2.9689228796749283e-17 1275 1275 6.7097634020225257e-16 0 0 0
d 0 0 -6.51480740989715e-16 0 0 -3.3803045988373999e-17 1280 1280 6.8528297649883249e-16 0 0 0
d 0 0 -6.6241828166647698e-16 0 0 -3.8559722487887835e-17 1285 1285 7.0097638764453457e-16 0 0 0
d 0 0 -6.7427421385757789e-16 0 0 -4.4097301102755374e-17 1290 1290 7.1836828076324037e-16 0 0 0
d 0 0 -6.8719542724207556e-16 0 0 -5.058203052353939e-17 1295 1295 7.3777089409850563e-16 0 0 0
d 0 0 -7.0127371811863505e-16 0 0 -5.8205954403921023e-17 1300 1300 7.5946700444743601e-16 0 0 0
d 0 0 -7.1653319815328899e-16 0 0 -6.7183046040358225e-17 1305 1305 7.8369397166225348e-16 0 0 0
d 0 0 -7.3295789632517989e-16 0 0 -7.7754074150569947e-17 1310 1310 8.1067902507740961e-16 0 0 0
d 0 0 -7.5056792647801607e-16 0 0 -9.0213297732379848e-17 1315 1315 8.4073935538466204e-16 0 0 0
d 0 0 -7.6952317528155821e-16 0 0 -1.0496714994390548e-16 1320 1320 8.7443154137077284e-16 0 0 0
d 0 0 -7.9020885141549157e-16 0 0 -1.2262354738565238e-16 1325 1325 9.1273660147314187e-16 0 0 0
d 0 0 -8.1320636026746508e-16 0 0 -1.4406463837173557e-16 1330 1330 9.5708909158395549e-16 0 0 0
d 0 0 -8.3936365689181854e-16 0 0 -1.7060193764979534e-16 1335 1335 1.0089724098307164e-15 0 0 0
d 0 0 -8.7073686616101826e-16 0 0 -2.0485046073794894e-16 1340 1340 1.0755873268987991e-15 0 0 0
d 0 0 -9.1287154920324703e-16 0 0 -2.5346512458519356e-16 1345 1345 1.1663366737196103e-15 0 0 0
d 0 0 -9.7728614315601264e-16 0 0 -3.3266733988854645e-16 1350 1350 1.309952125897145e-15 0 0 0
d 0 0 -1.0992058079145966e-15 0 0 -5.0011686091850872e-16 1355 1355 1.5993226688561501e-15 0 0 0
d 0 0 -1.6096131289660122e-15 0 0 -1.4507635475784557e-15 1357.5 1357.5 3.0603756466147066e-15 0 0 0
d 0 0 -1.5001439257025241e-15 0 0 -1.2166378054277918e-15 1358.125 1358.125 2.7167817311244968e-15 0 0 0
d 0 0 -1.4535931635082678e-15 0 0 -1.1217244897432271e-15 1358.28125 1358.28125 2.5730879313698666e-15 0 0 0
d 0 0 -1.4345273417096081e-15 0 0 -1.0836639373574436e-15 1358.3203125 1358.3203125 2.5181912337471135e-15 0 0 0
d 0 0 -1.418124698889681e-15 0 0 -1.0512921939793847e-15 1358.33984375 1358.33984375 2.4638234689039279e-15 0 0 0
d 0 0 -1.4072899114562436e-15 0 0 -1.0300978708853888e-15 1358.3447265625 1358.3447265625 2.4373877822006746e-15 0 0 0
Q 4 13 "Source Voltage"
Q 5 13 "Gate Voltage"
Q 6 13 "Drain Voltage"
Q 7 13 "Substrate Voltage"
Q 22 13 "Source Current"
Q 23 13 "Gate Current"
Q 24 13 "Drain Current"
Q 25 13 "Substrate Current"
Q 92 21 Contact
Q 603 13 "Source Int. Voltage"
Q 604 13 "Gate Int. Voltage"
Q 605 13 "Drain Int. Voltage"
Q 606 13 "Substrate Int. Voltage"
EOF 317526262
