v VICTORYDEVICE
# silvaco.file ASCII version=1.14.29 format=1 contents=SDB,Tables=1

Copyright "###################################################################"
Copyright "#                    Copyright Silvaco Inc. (c)                   #"
Copyright "#                            1992-2014                            #"
Copyright "#                                                                 #"
Copyright "# This file format and the following Key are copyright Silvaco    #"
Copyright "# International. You may not use, this format or key without      #"
Copyright "# reproducing this message in full and obtaining                  #"
Copyright "# express written permission from Silvaco Inc.                    #"
Copyright "#                                                                 #"
Copyright "# To obtain such permission please contact: Silvaco Inc.          #"
Copyright "#                                           support@silvaco.com   #"
Copyright "#                                                                 #"
Copyright "# KEY=SVC86hn7562asdx                       PROD=345              #"
Copyright "###################################################################"
#This file was created by VICTORYDEVICE version 1.24.0.R
#victoryd 1.24.0.R (Wed Jun 26 14:38:19 PDT 2024)
#libSDB 1.12.65 (Thu Dec  7 08:14:05 PST 2023)
a VICTORYDEVICE
j 1 9
k 4
r 1 92
x 3 43 42 46
w source 1 1
r 2 92
x 3 43 42 46
w gate 1 2
r 3 92
x 3 43 42 46
w drain 1 3
r 4 92
x 3 43 42 46
w substrate 1 4
y 1 15
z 300
f 4 source gate drain substrate
p 12 2 601 20 3 602 21 4 603 22 5 604 23
d 0 0 -1.7087545117830399e-16 0 0 -5.1915111780450456e-35 0.01 0.01 1.7082526716168716e-16 0 0 0
d 0 0 -7.3927878385657439e-16 0 0 -3.9989797128085866e-35 0.1 0.1 7.3927879002405905e-16 0 0 0
d 0 0 -8.589375241527455e-16 0 0 8.2275148083499423e-35 0.5 0.5 8.589375241531496e-16 0 0 0
d 0 0 -8.7689299887155783e-16 0 0 -1.5311589190689851e-36 1 1 8.7689299887155793e-16 0 0 0
d 0 0 -8.9043895978014872e-16 0 0 -1.9248109879577521e-36 2 2 8.9043895978014912e-16 0 0 0
d 0 0 -9.0864789018256694e-16 0 0 4.1906222594362006e-36 4 4 9.0864789018297537e-16 0 0 0
d 0 0 -9.2169426295198734e-16 0 0 1.0674617474904687e-34 6 6 9.2169426295149272e-16 0 0 0
d 0 0 -9.3294354767165799e-16 0 0 2.2991331584518626e-34 8 8 9.3294354767157693e-16 0 0 0
d 0 0 -9.4065404927314205e-16 0 0 1.9489134822424806e-31 10 10 9.4065404927307362e-16 0 0 0
d 0 0 -9.4602356146702755e-16 0 0 4.7790486378071918e-33 12 12 9.4602356146675106e-16 0 0 0
d 0 0 -9.5129486687497607e-16 0 0 5.4308811751087013e-33 14 14 9.5129486687436293e-16 0 0 0
d 0 0 -9.5690858285596723e-16 0 0 4.6092567256154096e-30 16 16 9.5690858291721992e-16 0 0 0
d 0 0 -9.6322133571163148e-16 0 0 1.3698624838768836e-33 18 18 9.6322133571311158e-16 0 0 0
d 0 0 -9.6926299242147595e-16 0 0 3.3381750182388374e-32 20 20 9.6926299242575828e-16 0 0 0
d 0 0 -9.749605900712906e-16 0 0 5.8260977796867134e-31 22 22 9.7496059015223661e-16 0 0 0
d 0 0 -9.7923902876764119e-16 0 0 6.7062379562294356e-30 24 24 9.792390292509948e-16 0 0 0
d 0 0 -9.8298449014307593e-16 0 0 2.0067972392937453e-30 26 26 9.8298449039730983e-16 0 0 0
d 0 0 -9.866861848149967e-16 0 0 5.2898807298051827e-34 28 28 9.8668618476601554e-16 0 0 0
d 0 0 -9.9031539452239711e-16 0 0 7.781137583052354e-33 30 30 9.9031539448858377e-16 0 0 0
d 0 0 -9.9385177303165048e-16 0 0 2.0537294575216429e-31 32 32 9.9385177295112711e-16 0 0 0
d 0 0 -9.9731152407299668e-16 0 0 6.5818600686130166e-31 34 34 9.9731152389970702e-16 0 0 0
d 0 0 -1.0007074318946046e-15 0 0 5.7705407678850883e-32 36 36 1.0007074318524603e-15 0 0 0
d 0 0 -1.0040203073768778e-15 0 0 1.8016850385351301e-31 38 38 1.0040203073150039e-15 0 0 0
d 0 0 -1.0072535047108757e-15 0 0 -5.3338991410369955e-32 40 40 1.0072535046699951e-15 0 0 0
d 0 0 -1.0104042982555097e-15 0 0 -1.4377362356121654e-31 42 42 1.0104042982298005e-15 0 0 0
d 0 0 -1.0134112313918642e-15 0 0 4.5806202223299667e-30 44 44 1.0134112315706903e-15 0 0 0
d 0 0 -1.0160104501911923e-15 0 0 4.560510072219999e-30 46 46 1.0160104473607349e-15 0 0 0
d 0 0 -1.0182888813212876e-15 0 0 1.1158653312755244e-30 48 48 1.0182888817587163e-15 0 0 0
d 0 0 -1.0204568140777875e-15 0 0 8.7537976280467077e-30 50 50 1.020456815066347e-15 0 0 0
d 0 0 -1.0225965820062716e-15 0 0 7.6247759700481793e-32 52 52 1.0225965827293608e-15 0 0 0
d 0 0 -1.0247092936795413e-15 0 0 -4.1869903395091066e-30 54 54 1.0247092954370062e-15 0 0 0
d 0 0 -1.0267940143499985e-15 0 0 -7.7294369025539946e-30 56 56 1.0267940132992342e-15 0 0 0
d 0 0 -1.0288541259285232e-15 0 0 -8.581129737998701e-30 58 58 1.0288541253532728e-15 0 0 0
d 0 0 -1.0308916967994183e-15 0 0 -1.7021801825875266e-29 60 60 1.0308916973009104e-15 0 0 0
d 0 0 -1.0329076297415805e-15 0 0 -2.7743235964189143e-29 62 62 1.0329076293791766e-15 0 0 0
d 0 0 -1.0349026364916127e-15 0 0 -4.3409894992243729e-29 64 64 1.0349026355996927e-15 0 0 0
d 0 0 -1.0368774061713226e-15 0 0 -7.1310410333833334e-29 66 66 1.0368774154141347e-15 0 0 0
d 0 0 -1.0388326815031516e-15 0 0 -6.1688924510195091e-29 68 68 1.0388326880346332e-15 0 0 0
d 0 0 -1.0407705102405123e-15 0 0 -1.8948638377707391e-28 70 70 1.040770509274718e-15 0 0 0
d 0 0 -1.0426935812146763e-15 0 0 -2.8790691368431391e-28 72 72 1.0426935785285714e-15 0 0 0
d 0 0 -1.0446033209762407e-15 0 0 -4.364509866240177e-28 74 74 1.0446033129320028e-15 0 0 0
d 0 0 -1.0464986746090468e-15 0 0 -6.4676371034732102e-28 76 76 1.0464986664010316e-15 0 0 0
d 0 0 -1.0483796683912471e-15 0 0 -9.5161254550926045e-28 78 78 1.04837965782139e-15 0 0 0
d 0 0 -1.0502447112258956e-15 0 0 -1.3882553723978097e-27 80 80 1.0502446991046234e-15 0 0 0
d 0 0 -1.0520442238921808e-15 0 0 -1.9670570558019848e-27 82 82 1.0520442017365576e-15 0 0 0
d 0 0 -1.0537450920829224e-15 0 0 -2.6996643652752702e-27 84 84 1.0537450754703582e-15 0 0 0
d 0 0 -1.055338530410222e-15 0 0 -3.4524449858022796e-27 86 86 1.0553384908329069e-15 0 0 0
d 0 0 -1.0567912585472769e-15 0 0 -4.4698661352008487e-27 88 88 1.0567912659700494e-15 0 0 0
d 0 0 -1.0582348910896636e-15 0 0 -5.5849801777887448e-27 90 90 1.0582348972033478e-15 0 0 0
d 0 0 -1.059670062924933e-15 0 0 -6.9096239970692959e-27 92 92 1.0596700783819032e-15 0 0 0
d 0 0 -1.0610973981766446e-15 0 0 -8.5865858939599806e-27 94 94 1.0610974057188944e-15 0 0 0
d 0 0 -1.0625175420658474e-15 0 0 -1.0579142926172674e-26 96 96 1.0625175544079356e-15 0 0 0
d 0 0 -1.063930831038375e-15 0 0 -1.3065713187127712e-26 98 98 1.0639308388290249e-15 0 0 0
d 0 0 -1.0653373420904961e-15 0 0 -1.6039214459527133e-26 100 100 1.0653373518490217e-15 0 0 0
d 0 0 -1.0688233382693166e-15 0 0 -2.6488085467203282e-26 105 105 1.068823318954188e-15 0 0 0
d 0 0 -1.0722637085013401e-15 0 0 -4.3054225696460867e-26 110 110 1.0722636925000559e-15 0 0 0
d 0 0 -1.0756577633032424e-15 0 0 -6.8815524220273354e-26 115 115 1.075657754946021e-15 0 0 0
d 0 0 -1.0790032771270256e-15 0 0 -1.0807221004699662e-25 120 120 1.0790032564782275e-15 0 0 0
d 0 0 -1.0822921885014578e-15 0 0 -1.6705111672968182e-25 125 125 1.0822921735780625e-15 0 0 0
d 0 0 -1.0855831972345081e-15 0 0 -2.5600938196976001e-25 130 130 1.0855831785848981e-15 0 0 0
d 0 0 -1.0888331949816872e-15 0 0 -3.8737917963418225e-25 135 135 1.0888331866364606e-15 0 0 0
d 0 0 -1.0920446238423266e-15 0 0 -5.7925483483116325e-25 140 140 1.0920446021989368e-15 0 0 0
d 0 0 -1.0952195928315353e-15 0 0 -8.5683468962940428e-25 145 145 1.0952195818419413e-15 0 0 0
d 0 0 -1.0983512254244679e-15 0 0 -1.2523414342390111e-24 150 150 1.0983512128013182e-15 0 0 0
d 0 0 -1.101305819412815e-15 0 0 -1.7590440189129172e-24 155 155 1.1013058323682552e-15 0 0 0
d 0 0 -1.1038005003695259e-15 0 0 -2.2526704949989496e-24 160 160 1.1038004873448106e-15 0 0 0
d 0 0 -1.1061774738627381e-15 0 0 -2.8183784761600774e-24 165 165 1.1061774623480494e-15 0 0 0
d 0 0 -1.1085237548065455e-15 0 0 -3.5165983394971129e-24 170 170 1.108523745409065e-15 0 0 0
d 0 0 -1.1108398356321087e-15 0 0 -4.3781650621219655e-24 175 175 1.1108398272574047e-15 0 0 0
d 0 0 -1.1131282607146639e-15 0 0 -5.4404939240941349e-24 180 180 1.1131282507111521e-15 0 0 0
d 0 0 -1.1153908775280016e-15 0 0 -6.7494225908515742e-24 185 185 1.115390867547392e-15 0 0 0
d 0 0 -1.117629210964694e-15 0 0 -8.3609675596843825e-24 190 190 1.1176292019097736e-15 0 0 0
d 0 0 -1.1198445881143385e-15 0 0 -1.0343615237539401e-23 195 195 1.1198445822236392e-15 0 0 0
d 0 0 -1.1220381564650947e-15 0 0 -1.2780839001082383e-23 200 200 1.1220381552392313e-15 0 0 0
d 0 0 -1.1242109294918188e-15 0 0 -1.577415687439524e-23 205 205 1.1242109204153939e-15 0 0 0
d 0 0 -1.126363898339175e-15 0 0 -1.9446996662986156e-23 210 210 1.1263639004773982e-15 0 0 0
d 0 0 -1.1284981532688176e-15 0 0 -2.3947857811198778e-23 215 215 1.1284981600718745e-15 0 0 0
d 0 0 -1.1306149089977129e-15 0 0 -2.9461165436088139e-23 220 220 1.1306149293925678e-15 0 0 0
d 0 0 -1.1327154918257718e-15 0 0 -3.6203051366704243e-23 225 225 1.1327155310458469e-15 0 0 0
d 0 0 -1.1348013873960948e-15 0 0 -4.4445835254209067e-23 230 230 1.1348014412208395e-15 0 0 0
d 0 0 -1.1368743351805585e-15 0 0 -5.4505578708017388e-23 235 235 1.136874403715759e-15 0 0 0
d 0 0 -1.1389360925497655e-15 0 0 -6.6773285482813908e-23 240 240 1.138936176857145e-15 0 0 0
d 0 0 -1.1409735339841817e-15 0 0 -8.1546471967117289e-23 245 245 1.140973628039626e-15 0 0 0
d 0 0 -1.1429496996038331e-15 0 0 -9.874146005576069e-23 250 250 1.142949820654596e-15 0 0 0
d 0 0 -1.1448891780121596e-15 0 0 -1.1894394870212971e-22 255 255 1.1448892713943425e-15 0 0 0
d 0 0 -1.1467522023372889e-15 0 0 -1.4178432128036236e-22 260 260 1.1467523630633166e-15 0 0 0
d 0 0 -1.1486101152989486e-15 0 0 -1.6878721078372835e-22 265 265 1.1486102960163527e-15 0 0 0
d 0 0 -1.1503864411316663e-15 0 0 -1.9865442328351371e-22 270 270 1.1503866508190963e-15 0 0 0
d 0 0 -1.1521499843414569e-15 0 0 -2.3319040337797069e-22 275 275 1.1521502361966515e-15 0 0 0
d 0 0 -1.1539044609190477e-15 0 0 -2.7308135839202762e-22 280 280 1.1539047493805697e-15 0 0 0
d 0 0 -1.1556534954097e-15 0 0 -3.1907132852489828e-22 285 285 1.1556538268858892e-15 0 0 0
d 0 0 -1.1574012894343049e-15 0 0 -3.7196979775524684e-22 290 290 1.1574016804267847e-15 0 0 0
d 0 0 -1.1591534981342214e-15 0 0 -4.326782283072951e-22 295 295 1.1591539465641309e-15 0 0 0
d 0 0 -1.1609175679380414e-15 0 0 -5.0201966550249863e-22 300 300 1.1609180857458505e-15 0 0 0
d 0 0 -1.1627786594662192e-15 0 0 -5.80930310883982e-22 305 305 1.1627792748445456e-15 0 0 0
d 0 0 -1.1647884102216341e-15 0 0 -6.6538366912118107e-22 310 310 1.1647891188141712e-15 0 0 0
d 0 0 -1.1666954393306622e-15 0 0 -7.5613015455881785e-22 315 315 1.1666961810118962e-15 0 0 0
d 0 0 -1.1684622462511348e-15 0 0 -8.4900098420285916e-22 320 320 1.1684630816732883e-15 0 0 0
d 0 0 -1.1702238433099052e-15 0 0 -9.5242943952862693e-22 325 325 1.1702247578218289e-15 0 0 0
d 0 0 -1.1719878619677393e-15 0 0 -1.068027770103255e-21 330 330 1.1719888826926228e-15 0 0 0
d 0 0 -1.17375983612193e-15 0 0 -1.1975702240798868e-21 335 335 1.1737609656750417e-15 0 0 0
d 0 0 -1.1755420226002293e-15 0 0 -1.342811946630242e-21 340 340 1.1755432642791821e-15 0 0 0
d 0 0 -1.1773007356672064e-15 0 0 -1.501132258184733e-21 345 345 1.1773020348217017e-15 0 0 0
d 0 0 -1.1790302547765014e-15 0 0 -1.6721969176786597e-21 350 350 1.1790317104694249e-15 0 0 0
d 0 0 -1.1807463363591176e-15 0 0 -1.8586460230268335e-21 355 355 1.1807479748531929e-15 0 0 0
d 0 0 -1.1824521199938013e-15 0 0 -2.0618145068459283e-21 360 360 1.1824539647556302e-15 0 0 0
d 0 0 -1.184149772693121e-15 0 0 -2.2830384884188362e-21 365 365 1.1841518313156443e-15 0 0 0
d 0 0 -1.1858410113636888e-15 0 0 -2.5237053069454794e-21 370 370 1.1858433138538158e-15 0 0 0
d 0 0 -1.1875272532491714e-15 0 0 -2.785267099041657e-21 375 375 1.187529837498188e-15 0 0 0
d 0 0 -1.1892096808501374e-15 0 0 -3.0692510892973952e-21 380 380 1.1892124649277098e-15 0 0 0
d 0 0 -1.1908892386794057e-15 0 0 -3.3772696553632764e-21 385 385 1.1908923869760846e-15 0 0 0
d 0 0 -1.1925665102811321e-15 0 0 -3.7110293816335023e-21 390 390 1.1925700057875687e-15 0 0 0
d 0 0 -1.1942412347106632e-15 0 0 -4.0723289401112481e-21 395 395 1.1942449307723072e-15 0 0 0
d 0 0 -1.1959098726337046e-15 0 0 -4.462980933199473e-21 400 400 1.1959141502222621e-15 0 0 0
d 0 0 -1.1976792105805653e-15 0 0 -4.8881740880112742e-21 405 405 1.1976836017404268e-15 0 0 0
d 0 0 -1.199546610912329e-15 0 0 -5.3506872867387747e-21 410 410 1.1995513765607285e-15 0 0 0
d 0 0 -1.2013452302746157e-15 0 0 -5.8311132009003848e-21 415 415 1.2013505282700211e-15 0 0 0
d 0 0 -1.2031698683377163e-15 0 0 -6.3570411368558518e-21 420 420 1.2031760599563165e-15 0 0 0
d 0 0 -1.2049324246496377e-15 0 0 -6.8991824110844914e-21 425 425 1.2049390148658514e-15 0 0 0
d 0 0 -1.2066179350568677e-15 0 0 -7.4426562869309722e-21 430 430 1.2066251983594785e-15 0 0 0
d 0 0 -1.208326788492375e-15 0 0 -8.021224124235516e-21 435 435 1.2083346491672335e-15 0 0 0
d 0 0 -1.2100403529261117e-15 0 0 -8.6369236571984579e-21 440 440 1.2100488440152316e-15 0 0 0
d 0 0 -1.2117654110828053e-15 0 0 -9.2923644698913655e-21 445 445 1.2117743563313426e-15 0 0 0
d 0 0 -1.2135010428157178e-15 0 0 -9.9896282858064754e-21 450 450 1.2135107585656848e-15 0 0 0
d 0 0 -1.215249144562162e-15 0 0 -1.0730987923184956e-20 455 455 1.2152596816890076e-15 0 0 0
d 0 0 -1.2170113521303981e-15 0 0 -1.1518707017313735e-20 460 460 1.2170227168060121e-15 0 0 0
d 0 0 -1.2187891987340035e-15 0 0 -1.2355100593388096e-20 465 465 1.2188013151229798e-15 0 0 0
d 0 0 -1.220584217948404e-15 0 0 -1.3242562476907648e-20 470 470 1.220597366439687e-15 0 0 0
d 0 0 -1.222397999892943e-15 0 0 -1.4183589032716546e-20 475 475 1.2224119628555427e-15 0 0 0
d 0 0 -1.2242321676675947e-15 0 0 -1.5180765930515142e-20 480 480 1.2242471079521586e-15 0 0 0
d 0 0 -1.2260881956156003e-15 0 0 -1.6236653158509004e-20 485 485 1.2261041933113939e-15 0 0 0
d 0 0 -1.2279664619019395e-15 0 0 -1.7353135358006387e-20 490 490 1.2279832545245337e-15 0 0 0
d 0 0 -1.2297965552398283e-15 0 0 -1.8483458927044087e-20 495 495 1.2298150349155091e-15 0 0 0
d 0 0 -1.2317096576543695e-15 0 0 -1.9716894656605676e-20 500 500 1.231728599490321e-15 0 0 0
d 0 0 -1.2335438236592177e-15 0 0 -2.0939922198218432e-20 505 505 1.2335644514378813e-15 0 0 0
d 0 0 -1.2353525416584915e-15 0 0 -2.2186770063126851e-20 510 510 1.2353742821565994e-15 0 0 0
d 0 0 -1.2371871361986339e-15 0 0 -2.3495359462152296e-20 515 515 1.2372102526341229e-15 0 0 0
d 0 0 -1.2390523349025004e-15 0 0 -2.4870750315427419e-20 520 520 1.2390762792997511e-15 0 0 0
d 0 0 -1.2409513364892674e-15 0 0 -2.6317068004694294e-20 525 525 1.2409767599897838e-15 0 0 0
d 0 0 -1.2428869823243734e-15 0 0 -2.7838313436581469e-20 530 530 1.2429139556207253e-15 0 0 0
d 0 0 -1.2448620308193436e-15 0 0 -2.9438550161731018e-20 535 535 1.2448896731857383e-15 0 0 0
d 0 0 -1.2468792452662504e-15 0 0 -3.1121958874905954e-20 540 540 1.2469091449800954e-15 0 0 0
d 0 0 -1.24894141884445e-15 0 0 -3.2892854913391381e-20 545 545 1.2489720228982287e-15 0 0 0
d 0 0 -1.2510514040970497e-15 0 0 -3.4755696682844991e-20 550 550 1.2510839793769749e-15 0 0 0
d 0 0 -1.2532121060486877e-15 0 0 -3.6715094664694157e-20 555 555 1.253246774109707e-15 0 0 0
d 0 0 -1.2554264915681843e-15 0 0 -3.8775807661876815e-20 560 560 1.2554655563679087e-15 0 0 0
d 0 0 -1.2576975222586042e-15 0 0 -4.0942665007747343e-20 565 565 1.2577378292111466e-15 0 0 0
d 0 0 -1.2600279104249981e-15 0 0 -4.3220311821285656e-20 570 570 1.2600715068551172e-15 0 0 0
d 0 0 -1.262419100810782e-15 0 0 -4.5612112060763825e-20 575 575 1.2624645382388311e-15 0 0 0
d 0 0 -1.263634094880415e-15 0 0 -4.6847784958658044e-20 577.5 577.5 1.2636810170951561e-15 0 0 0
d 0 0 -1.2647865141376047e-15 0 0 -4.8029694623060462e-20 580 580 1.2648342786353224e-15 0 0 0
d 0 0 -1.2672810847623108e-15 0 0 -5.0633308708606698e-20 585 585 1.2673314992079075e-15 0 0 0
d 0 0 -1.2697416858054083e-15 0 0 -5.3250246448466512e-20 590 590 1.2697948162129251e-15 0 0 0
d 0 0 -1.2721677318839564e-15 0 0 -5.5875675528487803e-20 595 595 1.2722234454229322e-15 0 0 0
d 0 0 -1.274655701084442e-15 0 0 -5.8615882756203412e-20 600 600 1.2747141937221682e-15 0 0 0
d 0 0 -1.277213466545813e-15 0 0 -6.1481338921207516e-20 605 605 1.2772748516538111e-15 0 0 0
d 0 0 -1.2798464281752629e-15 0 0 -6.4480032406345777e-20 610 610 1.2799107749708236e-15 0 0 0
d 0 0 -1.2825595893724341e-15 0 0 -6.761972063787655e-20 615 615 1.282627107331355e-15 0 0 0
d 0 0 -1.2853580485481887e-15 0 0 -7.0908484482402727e-20 620 620 1.2854288209969073e-15 0 0 0
d 0 0 -1.2882471683613928e-15 0 0 -7.4354933628738856e-20 625 625 1.2883214124400349e-15 0 0 0
d 0 0 -1.2912326439674923e-15 0 0 -7.7968304860600857e-20 630 630 1.2913104671025796e-15 0 0 0
d 0 0 -1.2943205314880536e-15 0 0 -8.175851756456063e-20 635 635 1.2944021122021274e-15 0 0 0
d 0 0 -1.2975172665123875e-15 0 0 -8.5736219194023009e-20 640 640 1.2976027905616858e-15 0 0 0
d 0 0 -1.3008296862544211e-15 0 0 -8.9912838316663003e-20 645 645 1.3009193380483802e-15 0 0 0
d 0 0 -1.3042650363047993e-15 0 0 -9.4300621808846084e-20 650 650 1.3043595962504156e-15 0 0 0
d 0 0 -1.3078308678051689e-15 0 0 -9.8912530952734862e-20 655 655 1.3079302264159677e-15 0 0 0
d 0 0 -1.3115346491076029e-15 0 0 -1.0376175473928697e-19 660 660 1.311639025430053e-15 0 0 0
d 0 0 -1.315382051582532e-15 0 0 -1.0885941367676952e-19 665 665 1.3154914491995708e-15 0 0 0
d 0 0 -1.3192339892005723e-15 0 0 -1.1402074481710507e-19 670 670 1.3193481439886337e-15 0 0 0
d 0 0 -1.3233492633886595e-15 0 0 -1.195977054131109e-19 675 675 1.3234692295919023e-15 0 0 0
d 0 0 -1.3274255917564737e-15 0 0 -1.2518089315743548e-19 680 680 1.3275507674321537e-15 0 0 0
d 0 0 -1.3314963159846159e-15 0 0 -1.3081293353954138e-19 685 685 1.3316272575822512e-15 0 0 0
d 0 0 -1.3357169957213177e-15 0 0 -1.3671081310643165e-19 690 690 1.3358538419680077e-15 0 0 0
d 0 0 -1.3401029769415422e-15 0 0 -1.4290036253754789e-19 695 695 1.3402459404223388e-15 0 0 0
d 0 0 -1.3446654951064483e-15 0 0 -1.4940240636573515e-19 700 700 1.3448149603433842e-15 0 0 0
d 0 0 -1.3494149328424969e-15 0 0 -1.5623726099806204e-19 705 705 1.3495712312937687e-15 0 0 0
d 0 0 -1.3543615263487122e-15 0 0 -1.6342577176647098e-19 710 710 1.3545250101116886e-15 0 0 0
d 0 0 -1.3595155601324796e-15 0 0 -1.7098966427641646e-19 715 715 1.3596866026092074e-15 0 0 0
d 0 0 -1.3648874019463856e-15 0 0 -1.7895168737753497e-19 720 720 1.3650663941660158e-15 0 0 0
d 0 0 -1.3704870260711381e-15 0 0 -1.8733498001752832e-19 725 725 1.370673487059361e-15 0 0 0
d 0 0 -1.3763182224688396e-15 0 0 -1.9615405521751864e-19 730 730 1.3765128583561198e-15 0 0 0
d 0 0 -1.3823368157153967e-15 0 0 -2.0534820876829224e-19 735 735 1.3825408600513251e-15 0 0 0
d 0 0 -1.3882779721928064e-15 0 0 -2.1450183131255253e-19 740 740 1.3884911754201534e-15 0 0 0
d 0 0 -1.3936645658312147e-15 0 0 -2.2284304774480734e-19 745 745 1.3938866881827442e-15 0 0 0
d 0 0 -1.3989618759385834e-15 0 0 -2.3110846591125781e-19 750 750 1.3991910157672343e-15 0 0 0
d 0 0 -1.4041359780678431e-15 0 0 -2.3925163008330573e-19 755 755 1.4043747225477915e-15 0 0 0
d 0 0 -1.4095547729192519e-15 0 0 -2.4785696892053109e-19 760 760 1.4098012506969625e-15 0 0 0
d 0 0 -1.4148401769274379e-15 0 0 -2.563257288941347e-19 765 765 1.4150969033032085e-15 0 0 0
d 0 0 -1.41993089059943e-15 0 0 -2.6455347667276066e-19 770 770 1.4201916042484512e-15 0 0 0
d 0 0 -1.4250982203655814e-15 0 0 -2.7297865788494656e-19 775 775 1.4253675271273616e-15 0 0 0
d 0 0 -1.4303571661074642e-15 0 0 -2.8163062406559944e-19 780 780 1.4306347108174826e-15 0 0 0
d 0 0 -1.4357144208571822e-15 0 0 -2.9052598156167922e-19 785 785 1.4360009706497682e-15 0 0 0
d 0 0 -1.4411743861218019e-15 0 0 -2.9967817812960586e-19 790 790 1.4414701284115784e-15 0 0 0
d 0 0 -1.4467404839766987e-15 0 0 -3.0909960695883497e-19 795 795 1.4470408965152765e-15 0 0 0
d 0 0 -1.4524155502083315e-15 0 0 -3.1880223337805491e-19 800 800 1.4527302347959582e-15 0 0 0
d 0 0 -1.4582019831707169e-15 0 0 -3.287978384570671e-19 805 805 1.4585266437921181e-15 0 0 0
d 0 0 -1.464101844152077e-15 0 0 -3.390981775218784e-19 810 810 1.4644347105846587e-15 0 0 0
d 0 0 -1.4701169512547236e-15 0 0 -3.4971514089414587e-19 815 815 1.4704592288963857e-15 0 0 0
d 0 0 -1.4762489010912268e-15 0 0 -3.6066078568079618e-19 820 820 1.4766022692903259e-15 0 0 0
d 0 0 -1.4824987416811215e-15 0 0 -3.7194673123287318e-19 825 825 1.4828636190270763e-15 0 0 0
d 0 0 -1.488865845690912e-15 0 0 -3.8358203301502142e-19 830 830 1.489242652872537e-15 0 0 0
d 0 0 -1.495340789217265e-15 0 0 -3.9555972420541661e-19 835 835 1.4957316672884045e-15 0 0 0
d 0 0 -1.5015495853215578e-15 0 0 -4.0718483359740928e-19 840 840 1.5019502987773889e-15 0 0 0
d 0 0 -1.5081690061485022e-15 0 0 -4.1973347981034749e-19 845 845 1.5085812754158241e-15 0 0 0
d 0 0 -1.5141134095824045e-15 0 0 -4.3113924106925414e-19 850 850 1.5145387671649591e-15 0 0 0
d 0 0 -1.5200145195756159e-15 0 0 -4.4259294822171964e-19 855 855 1.5204485434386103e-15 0 0 0
d 0 0 -1.5259794443922396e-15 0 0 -4.5430501125202607e-19 860 860 1.5264117159831084e-15 0 0 0
d 0 0 -1.5320207380830454e-15 0 0 -4.6630706275027815e-19 865 865 1.532470262354907e-15 0 0 0
d 0 0 -1.5381436631257254e-15 0 0 -4.7861699896798031e-19 870 870 1.5385996204794319e-15 0 0 0
d 0 0 -1.5443513824424229e-15 0 0 -4.9124898868138463e-19 875 875 1.5448347947070946e-15 0 0 0
d 0 0 -1.5506459236032062e-15 0 0 -5.0421525578651723e-19 880 880 1.551115188709969e-15 0 0 0
d 0 0 -1.5570270418293766e-15 0 0 -5.1752354419655499e-19 885 885 1.5575110849097274e-15 0 0 0
d 0 0 -1.5634856907562144e-15 0 0 -5.3116294004990448e-19 890 890 1.5639887004839948e-15 0 0 0
d 0 0 -1.5696716906508393e-15 0 0 -5.4438754510915331e-19 895 895 1.5702143346420965e-15 0 0 0
d 0 0 -1.5761846791832843e-15 0 0 -5.5848302137999452e-19 900 900 1.5767226137094135e-15 0 0 0
d 0 0 -1.5823527735184088e-15 0 0 -5.7199531922181732e-19 905 905 1.5828743562349421e-15 0 0 0
d 0 0 -1.5884650208624674e-15 0 0 -5.8554295853543683e-19 910 910 1.5890160559250842e-15 0 0 0
d 0 0 -1.5946395773972796e-15 0 0 -5.9938892450022178e-19 915 915 1.5950574420374435e-15 0 0 0
d 0 0 -1.6008802298106149e-15 0 0 -6.1354742099405199e-19 920 920 1.6012503077400694e-15 0 0 0
d 0 0 -1.6071887711291755e-15 0 0 -6.2802844047375364e-19 925 925 1.6075399007195266e-15 0 0 0
d 0 0 -1.6135663049944707e-15 0 0 -6.4284054762561529e-19 930 930 1.6138731088644282e-15 0 0 0
d 0 0 -1.6200131482638965e-15 0 0 -6.5799055328677463e-19 935 935 1.6200094196645925e-15 0 0 0
d 0 0 -1.6265284863871515e-15 0 0 -6.734825858811297e-19 940 940 1.6265753243470448e-15 0 0 0
d 0 0 -1.6331103563828635e-15 0 0 -6.8931793381869418e-19 945 945 1.632002077360509e-15 0 0 0
d 0 0 -1.6397588610131947e-15 0 0 -7.0550272414542321e-19 950 950 1.6375316713297277e-15 0 0 0
d 0 0 -1.6464777823844424e-15 0 0 -7.2205221016940236e-19 955 955 1.6455695472509404e-15 0 0 0
d 0 0 -1.6532694963872977e-15 0 0 -7.3897854096441126e-19 960 960 1.6524345181684317e-15 0 0 0
d 0 0 -1.6601348686229931e-15 0 0 -7.5629020971142663e-19 965 965 1.6553587278052566e-15 0 0 0
d 0 0 -1.6635954484293646e-15 0 0 -7.6509318565616381e-19 967.5 967.5 1.6589034109270074e-15 0 0 0
d 0 0 -1.6670746017605644e-15 0 0 -7.7399566262049606e-19 970 970 1.6623512573455269e-15 0 0 0
d 0 0 -1.6740884094014968e-15 0 0 -7.9210384506040409e-19 975 975 1.6712290389019888e-15 0 0 0
d 0 0 -1.6811768144750628e-15 0 0 -8.1062431734513969e-19 980 980 1.6688352598628977e-15 0 0 0
d 0 0 -1.6883418088730148e-15 0 0 -8.2956898048076127e-19 985 985 1.6807938008804642e-15 0 0 0
d 0 0 -1.6955802594633172e-15 0 0 -8.4893637131706124e-19 990 990 1.6841412949204299e-15 0 0 0
d 0 0 -1.7028842834903675e-15 0 0 -8.6871152034229628e-19 995 995 1.6910048398914425e-15 0 0 0
d 0 0 -1.7102497394805331e-15 0 0 -8.8888846547490715e-19 1000 1000 1.6992486752816154e-15 0 0 0
d 0 0 -1.7176719815662279e-15 0 0 -9.0945957134843096e-19 1005 1005 1.7050729007509812e-15 0 0 0
d 0 0 -1.7251202428639294e-15 0 0 -9.3033835199061443e-19 1010 1010 1.7175092326373775e-15 0 0 0
d 0 0 -1.7325791548633113e-15 0 0 -9.5148087352317458e-19 1015 1015 1.7262803063611273e-15 0 0 0
d 0 0 -1.740058881041687e-15 0 0 -9.729197658104175e-19 1020 1020 1.7346627386020586e-15 0 0 0
d 0 0 -1.7475840163736216e-15 0 0 -9.947346249219315e-19 1025 1025 1.7424998176726056e-15 0 0 0
d 0 0 -1.7551699490740614e-15 0 0 -1.016979676489936e-18 1030 1030 1.7500368860027488e-15 0 0 0
d 0 0 -1.7628210433037908e-15 0 0 -1.0396762309384502e-18 1035 1035 1.7582834859129446e-15 0 0 0
d 0 0 -1.7705313124183371e-15 0 0 -1.0628141164338687e-18 1040 1040 1.7665308036843967e-15 0 0 0
d 0 0 -1.7782781651452578e-15 0 0 -1.0863308822285171e-18 1045 1045 1.7744117994112057e-15 0 0 0
d 0 0 -1.7860071967839566e-15 0 0 -1.11006095865651e-18 1050 1050 1.782045824874832e-15 0 0 0
d 0 0 -1.793601389805132e-15 0 0 -1.1336319983407203e-18 1055 1055 1.7854654955891251e-15 0 0 0
d 0 0 -1.8007525175971142e-15 0 0 -1.1560409843859415e-18 1060 1060 1.7953630494170743e-15 0 0 0
d 0 0 -1.8072186243342441e-15 0 0 -1.1764600105508975e-18 1065 1065 1.7958971935345847e-15 0 0 0
d 0 0 -1.8134577709156901e-15 0 0 -1.1963256968299334e-18 1070 1070 1.8106365539856996e-15 0 0 0
d 0 0 -1.8196905085676693e-15 0 0 -1.2163468987080041e-18 1075 1075 1.8174231364856188e-15 0 0 0
d 0 0 -1.8259376973986912e-15 0 0 -1.2365935500176347e-18 1080 1080 1.8155386864670562e-15 0 0 0
d 0 0 -1.8322025347037804e-15 0 0 -1.2570787685039153e-18 1085 1085 1.8294007569795805e-15 0 0 0
d 0 0 -1.8384870467049305e-15 0 0 -1.2778121397350399e-18 1090 1090 1.8371812387389851e-15 0 0 0
d 0 0 -1.8447928279069391e-15 0 0 -1.2988020730013798e-18 1095 1095 1.8365224910839987e-15 0 0 0
d 0 0 -1.8511210256105951e-15 0 0 -1.3200557750957354e-18 1100 1100 1.8449471587537215e-15 0 0 0
d 0 0 -1.8574725571593025e-15 0 0 -1.3415798339373047e-18 1105 1105 1.8530010238309245e-15 0 0 0
d 0 0 -1.863848127210776e-15 0 0 -1.3633803016452139e-18 1110 1110 1.8611924731779184e-15 0 0 0
d 0 0 -1.8702483686971697e-15 0 0 -1.3854631440321132e-18 1115 1115 1.8684377869031641e-15 0 0 0
d 0 0 -1.8766738099263775e-15 0 0 -1.4078341254606203e-18 1120 1120 1.8756219556099756e-15 0 0 0
d 0 0 -1.8831248211467691e-15 0 0 -1.4304985562074737e-18 1125 1125 1.8760789339454694e-15 0 0 0
d 0 0 -1.889601736572342e-15 0 0 -1.453461427731054e-18 1130 1130 1.8842476593502001e-15 0 0 0
d 0 0 -1.8961047353466177e-15 0 0 -1.476728079031442e-18 1135 1135 1.8921501710816507e-15 0 0 0
d 0 0 -1.9026341327936597e-15 0 0 -1.5003040640531071e-18 1140 1140 1.8998445805991865e-15 0 0 0
d 0 0 -1.9091902646371647e-15 0 0 -1.5241951492048335e-18 1145 1145 1.9073479668307573e-15 0 0 0
d 0 0 -1.9157734496652399e-15 0 0 -1.5484071816096922e-18 1150 1150 1.9146873986727356e-15 0 0 0
d 0 0 -1.9223840011126094e-15 0 0 -1.5729461383784906e-18 1155 1155 1.9107327598035978e-15 0 0 0
d 0 0 -1.929022247818979e-15 0 0 -1.5978181780168216e-18 1160 1160 1.9193476968903627e-15 0 0 0
d 0 0 -1.9356885254221179e-15 0 0 -1.6230296536223642e-18 1165 1165 1.9277537549099211e-15 0 0 0
d 0 0 -1.9423831817429089e-15 0 0 -1.6485871059177697e-18 1170 1170 1.9358506176302693e-15 0 0 0
d 0 0 -1.9491065642732864e-15 0 0 -1.6744972265369174e-18 1175 1175 1.9437520743262943e-15 0 0 0
d 0 0 -1.9558590006686637e-15 0 0 -1.700766780665329e-18 1180 1180 1.9515042216088032e-15 0 0 0
d 0 0 -1.9626408076660005e-15 0 0 -1.7274026396106411e-18 1185 1185 1.9591423053621657e-15 0 0 0
d 0 0 -1.9694522720234346e-15 0 0 -1.7544117020363542e-18 1190 1190 1.9666948141308322e-15 0 0 0
d 0 0 -1.976293642684906e-15 0 0 -1.7818008557099494e-18 1195 1195 1.9741794431229581e-15 0 0 0
d 0 0 -1.983165113261313e-15 0 0 -1.8095768975924443e-18 1200 1200 1.9816141986577306e-15 0 0 0
d 0 0 -1.9900668457205323e-15 0 0 -1.8377466186474568e-18 1205 1205 1.9890112870047726e-15 0 0 0
d 0 0 -1.9969991651751086e-15 0 0 -1.8663168182792326e-18 1210 1210 1.9963771070062429e-15 0 0 0
d 0 0 -2.0039619526627574e-15 0 0 -1.8952939964623792e-18 1215 1215 2.0037120560680849e-15 0 0 0
d 0 0 -2.0109551618444534e-15 0 0 -1.92468446625782e-18 1220 1220 2.0110171907605177e-15 0 0 0
d 0 0 -2.0179788037912524e-15 0 0 -1.9544947584349955e-18 1225 1225 2.0183011304772931e-15 0 0 0
d 0 0 -2.0250328070964491e-15 0 0 -1.9847311170695081e-18 1230 1230 2.0253719571824035e-15 0 0 0
d 0 0 -2.0321170989953558e-15 0 0 -2.0153998015002979e-18 1235 1235 2.032716844029654e-15 0 0 0
d 0 0 -2.039231614135634e-15 0 0 -2.046507166472457e-18 1240 1240 2.0400331314998833e-15 0 0 0
d 0 0 -2.0463762594775159e-15 0 0 -2.0780596068008279e-18 1245 1245 2.0386304084788017e-15 0 0 0
d 0 0 -2.053551020050464e-15 0 0 -2.110063462923575e-18 1250 1250 2.0469987478535526e-15 0 0 0
d 0 0 -2.0607557737814205e-15 0 0 -2.1425250267183954e-18 1255 1255 2.0552783209616132e-15 0 0 0
d 0 0 -2.0679904400943772e-15 0 0 -2.1754505923768635e-18 1260 1260 2.063473982673936e-15 0 0 0
d 0 0 -2.0752549499677863e-15 0 0 -2.2088464533637576e-18 1265 1265 2.0715941542414249e-15 0 0 0
d 0 0 -2.0825492511505529e-15 0 0 -2.2427189083972625e-18 1270 1270 2.0785027652735569e-15 0 0 0
d 0 0 -2.0898733106144504e-15 0 0 -2.2770742648857612e-18 1275 1275 2.0868614777787699e-15 0 0 0
d 0 0 -2.0972271176611253e-15 0 0 -2.3119188410957658e-18 1280 1280 2.0948783599263753e-15 0 0 0
d 0 0 -2.1046106911923005e-15 0 0 -2.3472589681869667e-18 1285 1285 2.1028522337625279e-15 0 0 0
d 0 0 -2.1120240799351399e-15 0 0 -2.383100989064421e-18 1290 1290 2.1107913435443101e-15 0 0 0
d 0 0 -2.1194673668188756e-15 0 0 -2.4194512572812451e-18 1295 1295 2.118703097070405e-15 0 0 0
d 0 0 -2.1269406726112512e-15 0 0 -2.456316134583656e-18 1300 1300 2.1265941456613898e-15 0 0 0
d 0 0 -2.1344441596995178e-15 0 0 -2.493701987266335e-18 1305 1305 2.1344704711950376e-15 0 0 0
d 0 0 -2.1419780360457496e-15 0 0 -2.5316151812291801e-18 1310 1310 2.1423374688501817e-15 0 0 0
d 0 0 -2.1495425593475554e-15 0 0 -2.5700620755930288e-18 1315 1315 2.1502000218667239e-15 0 0 0
d 0 0 -2.1571380414381374e-15 0 0 -2.6090490146992968e-18 1320 1320 2.1580625677657461e-15 0 0 0
d 0 0 -2.1647648531674572e-15 0 0 -2.6485823183556534e-18 1325 1325 2.1659224829449998e-15 0 0 0
d 0 0 -2.1724234300577857e-15 0 0 -2.6886682701923766e-18 1330 1330 2.1738057098505772e-15 0 0 0
d 0 0 -2.1801141111199169e-15 0 0 -2.7293130459639043e-18 1335 1335 2.1733539717946931e-15 0 0 0
d 0 0 -2.1878377953400204e-15 0 0 -2.7705229202725234e-18 1340 1340 2.1821437582622551e-15 0 0 0
d 0 0 -2.1955949802382468e-15 0 0 -2.8123039146742939e-18 1345 1345 2.190850489847256e-15 0 0 0
d 0 0 -2.2033864045010557e-15 0 0 -2.8546619915213542e-18 1350 1350 2.1994776416246685e-15 0 0 0
d 0 0 -2.2112128899205895e-15 0 0 -2.8976029696205366e-18 1355 1355 2.2080629711216834e-15 0 0 0
d 0 0 -2.2190753252951931e-15 0 0 -2.9411324831263161e-18 1360 1360 2.2166137064850844e-15 0 0 0
d 0 0 -2.226974686310344e-15 0 0 -2.9852559453682975e-18 1365 1365 2.2251405521224267e-15 0 0 0
d 0 0 -2.234912033226413e-15 0 0 -3.0299784989985077e-18 1370 1370 2.2336308889399976e-15 0 0 0
d 0 0 -2.242888527318481e-15 0 0 -3.0753049925301913e-18 1375 1375 2.2421008565335016e-15 0 0 0
d 0 0 -2.2509053651293509e-15 0 0 -3.1212398087346097e-18 1380 1380 2.2505586744053557e-15 0 0 0
d 0 0 -2.2589638113531099e-15 0 0 -3.1677868648879424e-18 1385 1385 2.2590120246982584e-15 0 0 0
d 0 0 -2.267065155714785e-15 0 0 -3.2149494834448147e-18 1390 1390 2.2674678029581086e-15 0 0 0
d 0 0 -2.2752106311529707e-15 0 0 -3.2627302391179094e-18 1395 1395 2.2758339543307953e-15 0 0 0
d 0 0 -2.2834013788382494e-15 0 0 -3.3111307777231341e-18 1400 1400 2.2848436953207662e-15 0 0 0
d 0 0 -2.2866905781232368e-15 0 0 -3.3306646848608756e-18 1402 1402 2.2863848719565239e-15 0 0 0
d 0 0 -2.2899872477783591e-15 0 0 -3.3502978834008447e-18 1404 1404 2.2898354093145846e-15 0 0 0
d 0 0 -2.2932957474349304e-15 0 0 -3.3700334187262332e-18 1406 1406 2.2932915608925416e-15 0 0 0
d 0 0 -2.2966182224651885e-15 0 0 -3.3898727303992499e-18 1408 1408 2.2967561858668609e-15 0 0 0
d 0 0 -2.2999550380107875e-15 0 0 -3.409815936850093e-18 1410 1410 2.3002301100480565e-15 0 0 0
d 0 0 -2.3033065592181203e-15 0 0 -3.429863120034741e-18 1412 1412 2.3037139426195659e-15 0 0 0
d 0 0 -2.3066731411408766e-15 0 0 -3.4500143158269783e-18 1414 1414 2.3072082726328258e-15 0 0 0
d 0 0 -2.3100551159034469e-15 0 0 -3.4702695022649639e-18 1416 1416 2.3107136568038174e-15 0 0 0
d 0 0 -2.3134527783563172e-15 0 0 -3.4906285865320521e-18 1418 1418 2.3142306055302285e-15 0 0 0
d 0 0 -2.3168663725836496e-15 0 0 -3.5110913923787798e-18 1420 1420 2.3177595693952487e-15 0 0 0
d 0 0 -2.3202960823777433e-15 0 0 -3.5316576502480991e-18 1422 1422 2.3213009292892788e-15 0 0 0
d 0 0 -2.32374202824211e-15 0 0 -3.5523269828162805e-18 1424 1424 2.3248549803950022e-15 0 0 0
d 0 0 -2.327204272861623e-15 0 0 -3.573098930779539e-18 1426 1426 2.3284219970103238e-15 0 0 0
d 0 0 -2.3306828342473609e-15 0 0 -3.5939729380087066e-18 1428 1428 2.3320021313696247e-15 0 0 0
d 0 0 -2.3341777020135375e-15 0 0 -3.6149483630348089e-18 1430 1430 2.3355955390442283e-15 0 0 0
d 0 0 -2.3376888548159557e-15 0 0 -3.6360244897383442e-18 1432 1432 2.3392023455093992e-15 0 0 0
d 0 0 -2.3412162756833252e-15 0 0 -3.6572005345474829e-18 1434 1434 2.3428226721089565e-15 0 0 0
d 0 0 -2.3447599637028096e-15 0 0 -3.678475650759393e-18 1436 1436 2.3464566485988155e-15 0 0 0
d 0 0 -2.3483199417849771e-15 0 0 -3.6998489297425372e-18 1438 1438 2.3501044216236332e-15 0 0 0
d 0 0 -2.3518962610346117e-15 0 0 -3.7213193993580572e-18 1440 1440 2.3537661596206757e-15 0 0 0
d 0 0 -2.355489002572864e-15 0 0 -3.7428860201707876e-18 1442 1442 2.3574420550225294e-15 0 0 0
d 0 0 -2.3590978012349373e-15 0 0 -3.7645473327372208e-18 1444 1444 2.3611319517970285e-15 0 0 0
d 0 0 -2.3627201624022257e-15 0 0 -3.7863002240840811e-18 1446 1446 2.3648335601361238e-15 0 0 0
d 0 0 -2.3663560278383795e-15 0 0 -3.8081432496067758e-18 1448 1448 2.3685466559087354e-15 0 0 0
d 0 0 -2.3700057803681204e-15 0 0 -3.8300751727002158e-18 1450 1450 2.372271734463565e-15 0 0 0
d 0 0 -2.3736695610471658e-15 0 0 -3.8520945236299888e-18 1452 1452 2.3676423678522594e-15 0 0 0
d 0 0 -2.3773482484841101e-15 0 0 -3.8742000466298437e-18 1454 1454 2.3716525308251727e-15 0 0 0
d 0 0 -2.3810419873196689e-15 0 0 -3.8963900091496747e-18 1456 1456 2.3756671342336097e-15 0 0 0
d 0 0 -2.3847511732912091e-15 0 0 -3.9186626479255796e-18 1458 1458 2.3796873436446276e-15 0 0 0
d 0 0 -2.3884762060713469e-15 0 0 -3.9410160441691902e-18 1460 1460 2.3837139214691492e-15 0 0 0
d 0 0 -2.3922174874582958e-15 0 0 -3.963448110660745e-18 1462 1462 2.3877476138968709e-15 0 0 0
d 0 0 -2.3959754184718636e-15 0 0 -3.9859565765778934e-18 1464 1464 2.391789147611124e-15 0 0 0
d 0 0 -2.3997503943754e-15 0 0 -4.0085389689313189e-18 1466 1466 2.395839225047097e-15 0 0 0
d 0 0 -2.403542796157486e-15 0 0 -4.0311925887669065e-18 1468 1468 2.3998985151376748e-15 0 0 0
d 0 0 -2.4073539008278618e-15 0 0 -4.0539156699751942e-18 1470 1470 2.4039692405262156e-15 0 0 0
d 0 0 -2.4111886771372939e-15 0 0 -4.0767109271068966e-18 1472 1472 2.4080609855425077e-15 0 0 0
d 0 0 -2.4150484819844466e-15 0 0 -4.0995761198281074e-18 1474 1474 2.4121674442080057e-15 0 0 0
d 0 0 -2.4189341135895921e-15 0 0 -4.1225080063705011e-18 1476 1476 2.416292234537059e-15 0 0 0
d 0 0 -2.4228463678362517e-15 0 0 -4.1455030426028701e-18 1478 1478 2.420436385800143e-15 0 0 0
d 0 0 -2.426786015567352e-15 0 0 -4.1685573329833247e-18 1480 1480 2.4246008859578805e-15 0 0 0
d 0 0 -2.430753780511002e-15 0 0 -4.1916665812720465e-18 1482 1482 2.4287866662671851e-15 0 0 0
d 0 0 -2.4347503301849326e-15 0 0 -4.2148260261910392e-18 1484 1484 2.4329945391796506e-15 0 0 0
d 0 0 -2.438776273567461e-15 0 0 -4.2380304410000073e-18 1486 1486 2.4372254221970581e-15 0 0 0
d 0 0 -2.4428321740551575e-15 0 0 -4.2612742220445611e-18 1488 1488 2.4414801009724154e-15 0 0 0
d 0 0 -2.4469186014074554e-15 0 0 -4.2845512642510972e-18 1490 1490 2.4457593375805765e-15 0 0 0
d 0 0 -2.4510361561158362e-15 0 0 -4.3078550207267945e-18 1492 1492 2.4500639541285973e-15 0 0 0
d 0 0 -2.4551854966840646e-15 0 0 -4.3311784989527334e-18 1494 1494 2.4543948204434053e-15 0 0 0
d 0 0 -2.4593673580161466e-15 0 0 -4.3545142417650122e-18 1496 1496 2.4587528690146349e-15 0 0 0
d 0 0 -2.4635825620042096e-15 0 0 -4.3778542943196856e-18 1498 1498 2.4631391047558892e-15 0 0 0
d 0 0 -2.4678319129206034e-15 0 0 -4.4011900264281426e-18 1500 1500 2.4675545269319243e-15 0 0 0
d 0 0 -2.4721143088717312e-15 0 0 -4.424509798848647e-18 1502 1502 2.4719971042345234e-15 0 0 0
d 0 0 -2.4764302038079174e-15 0 0 -4.4478031199666335e-18 1504 1504 2.4764692887620831e-15 0 0 0
d 0 0 -2.4807809916234705e-15 0 0 -4.4710597919152137e-18 1506 1506 2.4809719206446084e-15 0 0 0
d 0 0 -2.4851681147604581e-15 0 0 -4.49426877342764e-18 1508 1508 2.4855065738272745e-15 0 0 0
d 0 0 -2.4895930955798464e-15 0 0 -4.5174181156787473e-18 1510 1510 2.4900748468340813e-15 0 0 0
d 0 0 -2.4940575420400142e-15 0 0 -4.5404948732661614e-18 1512 1512 2.4946784477721227e-15 0 0 0
d 0 0 -2.4985632063621513e-15 0 0 -4.5634851408143517e-18 1514 1514 2.4993192161642276e-15 0 0 0
d 0 0 -2.5031133276864358e-15 0 0 -4.586377135357519e-18 1516 1516 2.5040031589727058e-15 0 0 0
d 0 0 -2.5077116821412935e-15 0 0 -4.6091568574395966e-18 1518 1518 2.508729723566404e-15 0 0 0
d 0 0 -2.5123622805813207e-15 0 0 -4.6318079800560134e-18 1520 1520 2.5135045841986545e-15 0 0 0
d 0 0 -2.5170677160775766e-15 0 0 -4.6543115066329055e-18 1522 1522 2.518330564469222e-15 0 0 0
d 0 0 -2.5218307256139192e-15 0 0 -4.6766466447833303e-18 1524 1524 2.5232104117938e-15 0 0 0
d 0 0 -2.5266542104122048e-15 0 0 -4.6987905699058975e-18 1526 1526 2.5281470904721435e-15 0 0 0
d 0 0 -2.5315412558032559e-15 0 0 -4.7207182436146754e-18 1528 1528 2.533143869563108e-15 0 0 0
d 0 0 -2.5364951676196412e-15 0 0 -4.7424021964617641e-18 1530 1530 2.538204153264574e-15 0 0 0
d 0 0 -2.5415195139176138e-15 0 0 -4.7638122071491779e-18 1532 1532 2.5433316965092415e-15 0 0 0
d 0 0 -2.5466181702381546e-15 0 0 -4.7849149969038699e-18 1534 1534 2.5485305758257996e-15 0 0 0
d 0 0 -2.5517953588465124e-15 0 0 -4.8056737970976052e-18 1536 1536 2.5538052392506875e-15 0 0 0
d 0 0 -2.5570556959461651e-15 0 0 -4.8260477784256711e-18 1538 1538 2.5591605489669423e-15 0 0 0
d 0 0 -2.5624034282434093e-15 0 0 -4.8459896667259164e-18 1540 1540 2.5646003862734694e-15 0 0 0
d 0 0 -2.5678425570985178e-15 0 0 -4.8654470717011713e-18 1542 1542 2.57099166512091e-15 0 0 0
d 0 0 -2.5733814176628053e-15 0 0 -4.8843632218249289e-18 1544 1544 2.5778103498006256e-15 0 0 0
d 0 0 -2.5790251479325006e-15 0 0 -4.902671664645886e-18 1546 1546 2.5825682779090918e-15 0 0 0
d 0 0 -2.5847805882013144e-15 0 0 -4.9202968798273131e-18 1548 1548 2.5867668410661911e-15 0 0 0
d 0 0 -2.590655035701255e-15 0 0 -4.937151991391599e-18 1550 1550 2.5901880442971785e-15 0 0 0
d 0 0 -2.5966563247183161e-15 0 0 -4.9531371171554948e-18 1552 1552 2.5925033351101735e-15 0 0 0
d 0 0 -2.6027929436768725e-15 0 0 -4.9681379756981627e-18 1554 1554 2.6068305448653857e-15 0 0 0
d 0 0 -2.6090747655186953e-15 0 0 -4.9820250626875963e-18 1556 1556 2.612187142474202e-15 0 0 0
d 0 0 -2.615515706643693e-15 0 0 -4.9946620205406331e-18 1558 1558 2.6171443047533088e-15 0 0 0
d 0 0 -2.6221265656995351e-15 0 0 -5.0058744657363618e-18 1560 1560 2.621282831595484e-15 0 0 0
d 0 0 -2.6289116506456527e-15 0 0 -5.0154270418716285e-18 1562 1562 2.6240506442845828e-15 0 0 0
d 0 0 -2.6358949469390795e-15 0 0 -5.0231212819136066e-18 1564 1564 2.6385893933354043e-15 0 0 0
d 0 0 -2.6431121680689404e-15 0 0 -5.0287351962337646e-18 1566 1566 2.6441465925157039e-15 0 0 0
d 0 0 -2.6506075679699666e-15 0 0 -5.0319965621230968e-18 1568 1568 2.648963773777569e-15 0 0 0
d 0 0 -2.6584364304381437e-15 0 0 -5.032555642531087e-18 1570 1570 2.6615244165455938e-15 0 0 0
d 0 0 -2.666669522501497e-15 0 0 -5.02995050151333e-18 1572 1572 2.6684047691836403e-15 0 0 0
d 0 0 -2.6753967714767731e-15 0 0 -5.0235578833000003e-18 1574 1574 2.6746944625682196e-15 0 0 0
d 0 0 -2.6847402915671774e-15 0 0 -5.0125156875503539e-18 1576 1576 2.6877810161734175e-15 0 0 0
d 0 0 -2.6948772097683721e-15 0 0 -4.9955821134720862e-18 1578 1578 2.6960301893970177e-15 0 0 0
d 0 0 -2.7060794428250151e-15 0 0 -4.9708535764650793e-18 1580 1580 2.7026222325807814e-15 0 0 0
d 0 0 -2.7188100230380655e-15 0 0 -4.9351276268220467e-18 1582 1582 2.7195179284051694e-15 0 0 0
d 0 0 -2.7339897820574424e-15 0 0 -4.8821351415321168e-18 1584 1584 2.7356535112551159e-15 0 0 0
d 0 0 -2.7540776579505374e-15 0 0 -4.7953754192858109e-18 1586 1586 2.7571987002863511e-15 0 0 0
d 0 0 -2.7687749720498406e-15 0 0 -4.7206974393116482e-18 1587 1587 2.7714103437780538e-15 0 0 0
d 0 0 -2.7798656125498216e-15 0 0 -4.6585965522055137e-18 1587.5 1587.5 2.7792350055280551e-15 0 0 0
d 0 0 -2.7889579986228775e-15 0 0 -4.604270617791051e-18 1587.75 1587.75 2.7834779335546341e-15 0 0 0
d 0 0 -2.7927571208653908e-15 0 0 -4.5807238603669849e-18 1587.8125 1587.8125 2.7885694136196169e-15 0 0 0
d 0 0 -2.7940434015608009e-15 0 0 -4.5726433597026667e-18 1587.828125 1587.828125 2.7920238021262121e-15 0 0 0
d 0 0 -2.7947917726785605e-15 0 0 -4.5679154091542785e-18 1587.8359375 1587.8359375 2.7894582933997563e-15 0 0 0
d 0 0 -2.7952047346689333e-15 0 0 -4.5652997777579249e-18 1587.83984375 1587.83984375 2.7910837627698828e-15 0 0 0
d 0 0 -2.7956517277759128e-15 0 0 -4.5624621832928901e-18 1587.84375 1587.84375 2.7922007194322984e-15 0 0 0
d 0 0 -2.7958909042355492e-15 0 0 -4.5609409140827246e-18 1587.845703125 1587.845703125 2.7920341680432832e-15 0 0 0
d 0 0 -2.7961427033998726e-15 0 0 -4.5593370771488437e-18 1587.84765625 1587.84765625 2.791029045684783e-15 0 0 0
d 0 0 -2.7962741160561952e-15 0 0 -4.5584996905599808e-18 1587.8486328125 1587.8486328125 2.7917571464664549e-15 0 0 0
d 0 0 -2.7964096559336126e-15 0 0 -4.557635757891445e-18 1587.849609375 1587.849609375 2.7933259022242283e-15 0 0 0
d 0 0 -2.796549470104396e-15 0 0 -4.5567429208241706e-18 1587.8505859375 1587.8505859375 2.7922434398252412e-15 0 0 0
d 0 0 -2.7966212776136526e-15 0 0 -4.5562845727129882e-18 1587.85107421875 1587.85107421875 2.7928526631268028e-15 0 0 0
d 0 0 -2.7966943795790067e-15 0 0 -4.5558177632551099e-18 1587.8515625 1587.8515625 2.793377247783837e-15 0 0 0
d 0 0 -2.7967686867335902e-15 0 0 -4.555342188557693e-18 1587.85205078125 1587.85205078125 2.7915594913917893e-15 0 0 0
d 0 0 -2.7968446003487766e-15 0 0 -4.5548569908055224e-18 1587.8525390625 1587.8525390625 2.7919467139418564e-15 0 0 0
d 0 0 -2.7969220452122289e-15 0 0 -4.5543617666470181e-18 1587.85302734375 1587.85302734375 2.7921974967869245e-15 0 0 0
d 0 0 -2.7970011180208648e-15 0 0 -4.5538558827697274e-18 1587.853515625 1587.853515625 2.7923076641334397e-15 0 0 0
d 0 0 -2.7970819263627293e-15 0 0 -4.5533386359739458e-18 1587.85400390625 1587.85400390625 2.7922724456846712e-15 0 0 0
d 0 0 -2.7971230619533898e-15 0 0 -4.5530754603134175e-18 1587.854248046875 1587.854248046875 2.7928167806635619e-15 0 0 0
d 0 0 -2.7971645673062367e-15 0 0 -4.5528092685950083e-18 1587.8544921875 1587.8544921875 2.7917459978355006e-15 0 0 0
d 0 0 -2.7972067216727012e-15 0 0 -4.5525396474287172e-18 1587.854736328125 1587.854736328125 2.7928168176623895e-15 0 0 0
d 0 0 -2.7972493879714785e-15 0 0 -4.5522666546288879e-18 1587.85498046875 1587.85498046875 2.7937349649769369e-15 0 0 0
d 0 0 -2.7972924462965944e-15 0 0 -4.5519903263035994e-18 1587.855224609375 1587.855224609375 2.7926747607936379e-15 0 0 0
d 0 0 -2.7973362026187043e-15 0 0 -4.5517101928829686e-18 1587.85546875 1587.85546875 2.7935089330915215e-15 0 0 0
d 0 0 -2.7973803948855833e-15 0 0 -4.5514264461581845e-18 1587.855712890625 1587.855712890625 2.7923458294700488e-15 0 0 0
d 0 0 -2.7974253307589318e-15 0 0 -4.5511385917533449e-18 1587.85595703125 1587.85595703125 2.7931083842563428e-15 0 0 0
d 0 0 -2.7974708912757963e-15 0 0 -4.5508466365468709e-18 1587.856201171875 1587.856201171875 2.7937619587331252e-15 0 0 0
d 0 0 -2.7975169681004777e-15 0 0 -4.5505505711258791e-18 1587.8564453125 1587.8564453125 2.7925037499992475e-15 0 0 0
d 0 0 -2.7975403359026746e-15 0 0 -4.5504007816983788e-18 1587.8565673828125 1587.8565673828125 2.7928899497414381e-15 0 0 0
d 0 0 -2.7975638089885968e-15 0 0 -4.5502499367600458e-18 1587.856689453125 1587.856689453125 2.7922895272135496e-15 0 0 0
d 0 0 -2.7975875977228069e-15 0 0 -4.5500977505269045e-18 1587.8568115234375 1587.8568115234375 2.793577747123864e-15 0 0 0
d 0 0 -2.7976114343230992e-15 0 0 -4.5499445387318823e-18 1587.85693359375 1587.85693359375 2.7930065044088791e-15 0 0 0
d 0 0 -2.7976354556608827e-15 0 0 -4.5497901069941788e-18 1587.8570556640625 1587.8570556640625 2.7923683446818464e-15 0 0 0
d 0 0 -2.7976598039830583e-15 0 0 -4.5496342484756217e-18 1587.857177734375 1587.857177734375 2.793588153733173e-15 0 0 0
d 0 0 -2.7976842157114316e-15 0 0 -4.5494772769184396e-18 1587.8572998046875 1587.8572998046875 2.7929820090787622e-15 0 0 0
d 0 0 -2.7977088260296434e-15 0 0 -4.5493189943180854e-18 1587.857421875 1587.857421875 2.7923037042688488e-15 0 0 0
d 0 0 -2.7977337764025137e-15 0 0 -4.5491591883548435e-18 1587.8575439453125 1587.8575439453125 2.7934685556570551e-15 0 0 0
d 0 0 -2.7977588066424863e-15 0 0 -4.5489981718777571e-18 1587.857666015625 1587.857666015625 2.7928149073033354e-15 0 0 0
d 0 0 -2.7977841820995406e-15 0 0 -4.5488355672944209e-18 1587.8577880859375 1587.8577880859375 2.7938750525620534e-15 0 0 0
d 0 0 -2.7978096527463282e-15 0 0 -4.5486716751445348e-18 1587.85791015625 1587.85791015625 2.7932208525080416e-15 0 0 0
d 0 0 -2.7978353493071712e-15 0 0 -4.5485062924135693e-18 1587.8580322265625 1587.8580322265625 2.7924860185002106e-15 0 0 0
d 0 0 -2.7978614103041428e-15 0 0 -4.5483391984746929e-18 1587.858154296875 1587.858154296875 2.7935120965592312e-15 0 0 0
d 0 0 -2.7978875851377981e-15 0 0 -4.5481706980539865e-18 1587.8582763671875 1587.8582763671875 2.7927845867415962e-15 0 0 0
d 0 0 -2.7979141334842824e-15 0 0 -4.5480004023779358e-18 1587.8583984375 1587.8583984375 2.7937278951935207e-15 0 0 0
d 0 0 -2.7979408125793643e-15 0 0 -4.5478286065478677e-18 1587.8585205078125 1587.8585205078125 2.7929819198602378e-15 0 0 0
d 0 0 -2.7979543097186678e-15 0 0 -4.5477419843965759e-18 1587.8585815429688 1587.8585815429688 2.7933996606508505e-15 0 0 0
d 0 0 -2.7979678187671504e-15 0 0 -4.5476550018281972e-18 1587.858642578125 1587.858642578125 2.7930747342573432e-15 0 0 0
d 0 0 -2.7979813941536926e-15 0 0 -4.5475675784182421e-18 1587.8587036132812 1587.8587036132812 2.7927194475418931e-15 0 0 0
d 0 0 -2.7979951619233421e-15 0 0 -4.5474795317617748e-18 1587.8587646484375 1587.8587646484375 2.7940149232816761e-15 0 0 0
d 0 0 -2.7980088793963251e-15 0 0 -4.5473911964737301e-18 1587.8588256835938 1587.8588256835938 2.7937155987973113e-15 0 0 0
d 0 0 -2.7980226651162852e-15 0 0 -4.5473024013980206e-18 1587.85888671875 1587.85888671875 2.7933704621917137e-15 0 0 0
d 0 0 -2.7980365224747401e-15 0 0 -4.5472131360985772e-18 1587.8589477539062 1587.8589477539062 2.7930079492558131e-15 0 0 0
d 0 0 -2.7980504526417848e-15 0 0 -4.5471233930944656e-18 1587.8590087890625 1587.8590087890625 2.792627745473611e-15 0 0 0
d 0 0 -2.7980645794737835e-15 0 0 -4.5470329887608874e-18 1587.8590698242188 1587.8590698242188 2.7938879473610821e-15 0 0 0
d 0 0 -2.7980786629934737e-15 0 0 -4.546942260075829e-18 1587.859130859375 1587.859130859375 2.7935627738443672e-15 0 0 0
d 0 0 -2.798092820567854e-15 0 0 -4.54685103346055e-18 1587.8591918945312 1587.8591918945312 2.7931894508883284e-15 0 0 0
d 0 0 -2.7981070557436566e-15 0 0 -4.5467592973869584e-18 1587.8592529296875 1587.8592529296875 2.7927964306916636e-15 0 0 0
d 0 0 -2.7981214901925676e-15 0 0 -4.5466668679620962e-18 1587.8593139648438 1587.8593139648438 2.7939946313489003e-15 0 0 0
d 0 0 -2.7981358887961632e-15 0 0 -4.5465740797927749e-18 1587.859375 1587.859375 2.7936535697390165e-15 0 0 0
Q 2 13 "Source Voltage"
Q 3 13 "Gate Voltage"
Q 4 13 "Drain Voltage"
Q 5 13 "Substrate Voltage"
Q 20 13 "Source Current"
Q 21 13 "Gate Current"
Q 22 13 "Drain Current"
Q 23 13 "Substrate Current"
Q 92 21 Contact
Q 601 13 "Source Int. Voltage"
Q 602 13 "Gate Int. Voltage"
Q 603 13 "Drain Int. Voltage"
Q 604 13 "Substrate Int. Voltage"
EOF 2130381040
