v VICTORYDEVICE
# silvaco.file ASCII version=1.14.29 format=1 contents=SDB,Tables=1

Copyright "###################################################################"
Copyright "#                    Copyright Silvaco Inc. (c)                   #"
Copyright "#                            1992-2014                            #"
Copyright "#                                                                 #"
Copyright "# This file format and the following Key are copyright Silvaco    #"
Copyright "# International. You may not use, this format or key without      #"
Copyright "# reproducing this message in full and obtaining                  #"
Copyright "# express written permission from Silvaco Inc.                    #"
Copyright "#                                                                 #"
Copyright "# To obtain such permission please contact: Silvaco Inc.          #"
Copyright "#                                           support@silvaco.com   #"
Copyright "#                                                                 #"
Copyright "# KEY=SVC86hn7562asdx                       PROD=345              #"
Copyright "###################################################################"
#This file was created by VICTORYDEVICE version 1.24.0.R
#victoryd 1.24.0.R (Wed Jun 26 14:38:19 PDT 2024)
#libSDB 1.12.65 (Thu Dec  7 08:14:05 PST 2023)
a VICTORYDEVICE
j 1 9
k 4
r 1 92
x 3 43 42 46
w source 1 3
r 2 92
x 3 43 42 46
w gate 1 4
r 3 92
x 3 43 42 46
w drain 1 5
r 4 92
x 3 43 42 46
w substrate 1 6
y 1 15
z 300
f 6 "#1" "#2" source gate drain substrate
p 12 4 603 22 5 604 23 6 605 24 7 606 25
d 0 0 -5.7612366884182076e-17 0 0 -1.7909066612555115e-35 0.01 0.01 5.7612738865797016e-17 0 0 0
d 0 0 -2.1389439184329081e-16 0 0 -8.0978275412282843e-35 0.1 0.1 2.1389439178612073e-16 0 0 0
d 0 0 -2.4598013231930409e-16 0 0 -3.8340007216284886e-36 0.5 0.5 2.4598013231930163e-16 0 0 0
d 0 0 -2.5356054864932061e-16 0 0 4.3319011989639466e-35 1 1 2.5356054864937598e-16 0 0 0
d 0 0 -2.6226192281932187e-16 0 0 -5.5059690007052638e-36 2 2 2.6226192281932236e-16 0 0 0
d 0 0 -2.7367302641440967e-16 0 0 -5.7589006587343952e-36 4 4 2.7367302641438487e-16 0 0 0
d 0 0 -2.8289827014211259e-16 0 0 -7.5750907611381966e-36 6 6 2.8289827014211259e-16 0 0 0
d 0 0 -2.8897748378773888e-16 0 0 3.2115166164483291e-35 8 8 2.889774837877413e-16 0 0 0
d 0 0 -2.9343250264440218e-16 0 0 -1.8745006859899895e-35 10 10 2.9343250264440218e-16 0 0 0
d 0 0 -2.9622287132145777e-16 0 0 2.6146629621654576e-33 12 12 2.9622287132281199e-16 0 0 0
d 0 0 -2.9743022472919238e-16 0 0 9.3011925469643241e-30 14 14 2.9743022785018412e-16 0 0 0
d 0 0 -2.9791216114581484e-16 0 0 -1.1905986806988449e-34 16 16 2.9791216114597572e-16 0 0 0
d 0 0 -2.9840423358502819e-16 0 0 -1.6458606013049946e-34 18 18 2.9840423356868511e-16 0 0 0
d 0 0 -2.9890467588984568e-16 0 0 -1.2483170693081672e-34 20 20 2.9890467588984568e-16 0 0 0
d 0 0 -2.9940617465896904e-16 0 0 -1.2897589568203921e-34 22 22 2.9940617465896904e-16 0 0 0
d 0 0 -2.9990753961695491e-16 0 0 -1.343963111559711e-34 24 24 2.9990753961695491e-16 0 0 0
d 0 0 -3.0040191812074356e-16 0 0 -1.4120278362532538e-34 26 26 3.0040191812074356e-16 0 0 0
d 0 0 -3.0086938502248102e-16 0 0 -1.5496566643946344e-34 28 28 3.00869385012971e-16 0 0 0
d 0 0 -3.0132027878613129e-16 0 0 -1.584604441201509e-34 30 30 3.0132027878616787e-16 0 0 0
d 0 0 -3.0176447790866765e-16 0 0 -1.6936185901457782e-34 32 32 3.017644779086921e-16 0 0 0
d 0 0 -3.0219968705251857e-16 0 0 -1.8477031692554732e-34 34 34 3.0219968705254519e-16 0 0 0
d 0 0 -3.0263252890654648e-16 0 0 -2.06439593521966e-34 36 36 3.0263252890657162e-16 0 0 0
d 0 0 -3.0306500439692488e-16 0 0 -2.3405339032180112e-34 38 38 3.0306500439696344e-16 0 0 0
d 0 0 -3.0349437507010861e-16 0 0 -2.7267444073603293e-34 40 40 3.0349437507003998e-16 0 0 0
d 0 0 -3.0386443011354411e-16 0 0 -3.3460166812453151e-34 42 42 3.0386443011543408e-16 0 0 0
d 0 0 -3.0421747564347764e-16 0 0 -3.7734685016690471e-34 44 44 3.0421747564349845e-16 0 0 0
d 0 0 -3.0456995255899023e-16 0 0 -4.2468476379578138e-34 46 46 3.0456995256528435e-16 0 0 0
d 0 0 -3.0492264938500182e-16 0 0 -4.802069637094812e-34 48 48 3.0492264938502396e-16 0 0 0
d 0 0 -3.0527573666637073e-16 0 0 -5.4156648794175774e-34 50 50 3.0527573666639015e-16 0 0 0
d 0 0 -3.0562923825162671e-16 0 0 -6.0960632217249536e-34 52 52 3.0562923825161211e-16 0 0 0
d 0 0 -3.0598305112292717e-16 0 0 -6.842131460989206e-34 54 54 3.0598305112294482e-16 0 0 0
d 0 0 -3.0633722418896744e-16 0 0 -7.6489178275840811e-34 56 56 3.0568784329259847e-16 0 0 0
d 0 0 -3.0669205705509624e-16 0 0 -8.5308397356530725e-34 58 58 3.0604267959371499e-16 0 0 0
d 0 0 -3.0704768831663221e-16 0 0 -9.4811394124654534e-34 60 60 3.0639831433879027e-16 0 0 0
d 0 0 -3.0740413561759794e-16 0 0 -1.0509789088170671e-33 62 62 3.0675476569258323e-16 0 0 0
d 0 0 -3.0776137996297998e-16 0 0 -1.1583221725313932e-33 64 64 3.0776137996300069e-16 0 0 0
d 0 0 -3.0811937595569594e-16 0 0 -1.2738610795450155e-33 66 66 3.0811937595571631e-16 0 0 0
d 0 0 -3.0847805115894868e-16 0 0 -1.3960793096193327e-33 68 68 3.0847805115896909e-16 0 0 0
d 0 0 -3.0883734533690118e-16 0 0 -1.5256618278785079e-33 70 70 3.081879912686929e-16 0 0 0
d 0 0 -3.0919728317168156e-16 0 0 -1.6585821312809531e-33 72 72 3.0854793292726721e-16 0 0 0
d 0 0 -3.095579250016165e-16 0 0 -1.7985467407931898e-33 74 74 3.0890857963439244e-16 0 0 0
d 0 0 -3.0991929344746065e-16 0 0 -1.9440026525932416e-33 76 76 3.0926995321172303e-16 0 0 0
d 0 0 -3.1028138818385689e-16 0 0 -2.0947752955545956e-33 78 78 3.0963205345813087e-16 0 0 0
d 0 0 -3.1064420585170776e-16 0 0 -2.2507007294567098e-33 80 80 3.0999487724138472e-16 0 0 0
d 0 0 -3.1100774312932331e-16 0 0 -2.4117040957827823e-33 82 82 3.1035842170054274e-16 0 0 0
d 0 0 -3.1137199258398332e-16 0 0 -2.5751139640364291e-33 84 84 3.1137199258400403e-16 0 0 0
d 0 0 -3.1173694041051012e-16 0 0 -2.7432468739119952e-33 86 86 3.1173694041053083e-16 0 0 0
d 0 0 -3.1210257595804003e-16 0 0 -2.9147644575241252e-33 88 88 3.1145327468816389e-16 0 0 0
d 0 0 -3.124689047009432e-16 0 0 -3.0890384244779379e-33 90 90 3.118196113463829e-16 0 0 0
d 0 0 -3.1283577335861661e-16 0 0 -3.2663292194603673e-33 92 92 3.1218648903238173e-16 0 0 0
d 0 0 -3.1320282677783149e-16 0 0 -3.4458137538795751e-33 94 94 3.1255355226174056e-16 0 0 0
d 0 0 -3.1357047943430341e-16 0 0 -3.6276136889776389e-33 96 96 3.1292121569400343e-16 0 0 0
d 0 0 -3.1393878358096801e-16 0 0 -3.8115423846294929e-33 98 98 3.1328953177319261e-16 0 0 0
d 0 0 -3.1430770591308347e-16 0 0 -3.9973184701497975e-33 100 100 3.1365846751830289e-16 0 0 0
d 0 0 -3.1523238818591792e-16 0 0 -4.4668777745398865e-33 105 105 3.1523238818385939e-16 0 0 0
d 0 0 -3.161596860804694e-16 0 0 -4.9416078070408152e-33 110 110 3.161596860791806e-16 0 0 0
d 0 0 -3.170884950896688e-16 0 0 -5.4147243472678655e-33 115 115 3.1708849508558605e-16 0 0 0
d 0 0 -3.1801809596755248e-16 0 0 -5.8820708333511689e-33 120 120 3.1801809595267871e-16 0 0 0
d 0 0 -3.1894903756547349e-16 0 0 -6.3426217685390249e-33 125 125 3.1894903749031102e-16 0 0 0
d 0 0 -3.1988133441894896e-16 0 0 -6.8232157132533571e-33 130 130 3.198813342895664e-16 0 0 0
d 0 0 -3.2081386730140227e-16 0 0 -7.4538020678955087e-33 135 135 3.2081386730037172e-16 0 0 0
d 0 0 -3.2174293144483158e-16 0 0 -8.1719960528214083e-33 140 140 3.2171750674131025e-16 0 0 0
d 0 0 -3.2266850520372436e-16 0 0 -8.9019672125836169e-33 145 145 3.2264318212406875e-16 0 0 0
d 0 0 -3.2359444432369652e-16 0 0 -9.6360868464705652e-33 150 150 3.235691387743128e-16 0 0 0
d 0 0 -3.2452370830609827e-16 0 0 -1.0372313866462032e-32 155 155 3.2449840984301055e-16 0 0 0
d 0 0 -3.2545810603736852e-16 0 0 -1.1109718333218819e-32 160 160 3.2543281269062906e-16 0 0 0
d 0 0 -3.2639885602495834e-16 0 0 -1.1848013247768184e-32 165 165 3.2637356743885437e-16 0 0 0
d 0 0 -3.2734676888400743e-16 0 0 -1.2587567068471607e-32 170 170 3.2732148499908141e-16 0 0 0
d 0 0 -3.2830233479868921e-16 0 0 -1.333023519478593e-32 175 175 3.282770556034546e-16 0 0 0
d 0 0 -3.2926581545384399e-16 0 0 -1.4074200423508295e-32 180 180 3.2924054083727868e-16 0 0 0
d 0 0 -3.3023730068747947e-16 0 0 4.8644243755443031e-31 185 185 3.302373006720422e-16 0 0 0
d 0 0 -3.3121662186394244e-16 0 0 7.4128589714697856e-29 190 190 3.31216619317332e-16 0 0 0
d 0 0 -3.3219172426640251e-16 0 0 3.4320634124683754e-31 195 195 3.3219172434973502e-16 0 0 0
d 0 0 -3.3317698771632984e-16 0 0 -1.690251744692102e-32 200 200 3.3317698769395444e-16 0 0 0
d 0 0 -3.3418090269172266e-16 0 0 -1.7603197311286779e-32 205 205 3.3418090269175022e-16 0 0 0
d 0 0 -3.3519269005767928e-16 0 0 -1.830110118346089e-32 210 210 3.351926900576672e-16 0 0 0
d 0 0 -3.3613848699186462e-16 0 0 -1.8830442782837189e-32 215 215 3.3613848699186501e-16 0 0 0
d 0 0 -3.370461599472171e-16 0 0 -1.9381612443692618e-32 220 220 3.3702093359431113e-16 0 0 0
d 0 0 -3.3795951106810589e-16 0 0 -2.0491699766344202e-32 225 225 3.3793429288098626e-16 0 0 0
d 0 0 -3.3887897652152847e-16 0 0 -2.3340182681403158e-32 230 230 3.3885376166515017e-16 0 0 0
d 0 0 -3.3980466105267332e-16 0 0 -3.0905250677687906e-32 235 235 3.3977945187064383e-16 0 0 0
d 0 0 -3.4073660180066397e-16 0 0 -5.0034487894369494e-32 240 240 3.4071139851166586e-16 0 0 0
d 0 0 -3.4167480923320246e-16 0 0 -9.5208268488964826e-32 245 245 3.4164961193593814e-16 0 0 0
d 0 0 -3.4261928039033189e-16 0 0 -1.9515217849317964e-31 250 250 3.4259408916743769e-16 0 0 0
d 0 0 -3.4357000633273778e-16 0 0 -4.0443541872461726e-31 255 255 3.4354482126483692e-16 0 0 0
d 0 0 -3.4452697795067106e-16 0 0 -8.2434060336982724e-31 260 260 3.445017991192474e-16 0 0 0
d 0 0 -3.4549019091470605e-16 0 0 -1.6413186149904055e-30 265 265 3.4546501840291011e-16 0 0 0
d 0 0 -3.4645964965354321e-16 0 0 -3.1979591445668564e-30 270 270 3.4643448354649871e-16 0 0 0
d 0 0 -3.4743537000027529e-16 0 0 -6.1209862539316282e-30 275 275 3.4741021038522777e-16 0 0 0
d 0 0 -3.4841738019330812e-16 0 0 -1.1543150245469575e-29 280 280 3.4839222715990128e-16 0 0 0
d 0 0 -3.4940572018407731e-16 0 0 -2.1470190752034261e-29 285 285 3.4938057382445167e-16 0 0 0
d 0 0 -3.5040043959528759e-16 0 0 -3.9358818707125135e-29 290 290 3.5037530000344569e-16 0 0 0
d 0 0 -3.5140159496612588e-16 0 0 -7.0984744273303683e-29 295 295 3.5137646223774768e-16 0 0 0
d 0 0 -3.5240924689307978e-16 0 0 -1.2568950487858057e-28 300 300 3.5238412112782716e-16 0 0 0
d 0 0 -3.5342345730294028e-16 0 0 -2.1809707734098042e-28 305 305 3.5339833860167008e-16 0 0 0
d 0 0 -3.5444428653756432e-16 0 0 -3.7038695795304549e-28 310 310 3.5441917499970462e-16 0 0 0
d 0 0 -3.5547178923697602e-16 0 0 -6.1519372472697771e-28 315 315 3.5544668495876056e-16 0 0 0
d 0 0 -3.5650600655110513e-16 0 0 -9.9917254649982732e-28 320 320 3.5648090960057819e-16 0 0 0
d 0 0 -3.5754694631352886e-16 0 0 -1.5070584452394666e-27 325 325 3.5754692719081368e-16 0 0 0
d 0 0 -3.585945135864363e-16 0 0 -2.4556416865503963e-27 330 330 3.585945031553707e-16 0 0 0
d 0 0 -3.5964793214140589e-16 0 0 -3.7331299100519478e-27 335 335 3.5964791606028183e-16 0 0 0
d 0 0 -3.6016324861532747e-16 0 0 -4.4992506792483088e-27 337.5 337.5 3.6016323492303718e-16 0 0 0
d 0 0 -3.6068191664616351e-16 0 0 -5.3957153104234764e-27 340 340 3.6068191659179714e-16 0 0 0
d 0 0 -3.6174923173049148e-16 0 0 -7.9077895075459733e-27 345 345 3.6174923178324552e-16 0 0 0
d 0 0 -3.6282470774704085e-16 0 0 -1.1403901121531597e-26 350 350 3.6282470775844122e-16 0 0 0
d 0 0 -3.6390707961728558e-16 0 0 -1.6172920742161133e-26 355 355 3.6390707963324113e-16 0 0 0
d 0 0 -3.649926257992904e-16 0 0 -2.2485492567946297e-26 360 360 3.649926286903321e-16 0 0 0
d 0 0 -3.6599470920979029e-16 0 0 -2.7876311701154073e-26 365 365 3.659947093829492e-16 0 0 0
d 0 0 -3.669722573520139e-16 0 0 -3.3168305552308477e-26 370 370 3.6697225743120266e-16 0 0 0
d 0 0 -3.679547803010182e-16 0 0 -3.9195673409133547e-26 375 375 3.6792979083285487e-16 0 0 0
d 0 0 -3.6894280322671205e-16 0 0 -4.6045327294415701e-26 380 380 3.6891781948637354e-16 0 0 0
d 0 0 -3.69936478528633e-16 0 0 -5.3800522370269199e-26 385 385 3.6991150476897331e-16 0 0 0
d 0 0 -3.7093587263390024e-16 0 0 -6.2549044194019881e-26 390 390 3.7091090941711233e-16 0 0 0
d 0 0 -3.7194101897678405e-16 0 0 -7.2385715768510361e-26 395 395 3.719160666063342e-16 0 0 0
d 0 0 -3.7295193372056649e-16 0 0 -8.3414211540656977e-26 400 400 3.7292699246768542e-16 0 0 0
d 0 0 -3.7396862186565066e-16 0 0 -9.5748864694848657e-26 405 405 3.7394369200288066e-16 0 0 0
d 0 0 -3.749910800716731e-16 0 0 -1.0951660647429765e-25 410 410 3.7496616188111353e-16 0 0 0
d 0 0 -3.7601929812506175e-16 0 0 -1.2485905870160573e-25 415 415 3.7599439190048688e-16 0 0 0
d 0 0 -3.7705325976860194e-16 0 0 -1.419347637406132e-25 420 420 3.7702836581726496e-16 0 0 0
d 0 0 -3.7809294319828114e-16 0 0 -1.6092151956820771e-25 425 425 3.7806806183852588e-16 0 0 0
d 0 0 -3.791383213706076e-16 0 0 -1.8201877757146043e-25 430 430 3.7911345293475123e-16 0 0 0
d 0 0 -3.8018936218531726e-16 0 0 -2.0545005159478312e-25 435 435 3.80164507020202e-16 0 0 0
d 0 0 -3.81246028538878e-16 0 0 -2.3146527616035912e-25 440 440 3.8122118700069275e-16 0 0 0
d 0 0 -3.8230827811053269e-16 0 0 -2.6034303136257483e-25 445 445 3.8228345056951368e-16 0 0 0
d 0 0 -3.8337606240820583e-16 0 0 -2.9239250528570333e-25 450 450 3.8335124924439908e-16 0 0 0
d 0 0 -3.844493236885955e-16 0 0 -3.2795487321196305e-25 455 455 3.8442452527829792e-16 0 0 0
d 0 0 -3.8552798544690345e-16 0 0 -3.6740356082397622e-25 460 460 3.8550320208927835e-16 0 0 0
d 0 0 -3.8661191987421592e-16 0 0 -4.1113940210483219e-25 465 465 3.8661192021427778e-16 0 0 0
d 0 0 -3.8770079217291906e-16 0 0 -4.5956915484473074e-25 470 470 3.8770076984406343e-16 0 0 0
d 0 0 -3.8824666007458779e-16 0 0 -4.8563449989826724e-25 472.5 472.5 3.882466605538312e-16 0 0 0
d 0 0 -3.8879084842283034e-16 0 0 -5.12606782338257e-25 475 475 3.8879084886164842e-16 0 0 0
d 0 0 -3.8986066843009025e-16 0 0 -5.6702746518466172e-25 480 480 3.8986066899705922e-16 0 0 0
d 0 0 -3.9096546659902998e-16 0 0 -6.3217628148907475e-25 485 485 3.9096546723130115e-16 0 0 0
d 0 0 -3.9207629553962778e-16 0 0 -7.0436331084983336e-25 490 490 3.9207629624398906e-16 0 0 0
d 0 0 -3.9319238960728557e-16 0 0 -7.8411826746993366e-25 495 495 3.9319239022993205e-16 0 0 0
d 0 0 -3.9431231840463538e-16 0 0 -8.7179985317928503e-25 500 500 3.9431231900056916e-16 0 0 0
d 0 0 -3.954235239952135e-16 0 0 -9.6470902447224055e-25 505 505 3.9542352845483707e-16 0 0 0
d 0 0 -3.9642830862303404e-16 0 0 -1.0344490177014877e-24 510 510 3.9642831008397328e-16 0 0 0
d 0 0 -3.9743301081288111e-16 0 0 -1.1072814383114608e-24 515 515 3.9743301192024337e-16 0 0 0
d 0 0 -3.9844133620183706e-16 0 0 -1.1843486153784343e-24 520 520 3.9841684342744774e-16 0 0 0
d 0 0 -3.9945387252249176e-16 0 0 -1.2659966522178973e-24 525 525 3.9942941657276414e-16 0 0 0
d 0 0 -4.0047082541117701e-16 0 0 -1.3524745542371349e-24 530 530 4.0044641521810252e-16 0 0 0
d 0 0 -4.0149229788814661e-16 0 0 -1.444004377289463e-24 535 535 4.0146793322533544e-16 0 0 0
d 0 0 -4.0251835461516168e-16 0 0 -1.540796544613603e-24 540 540 4.0249403496681205e-16 0 0 0
d 0 0 -4.0354904316175288e-16 0 0 -1.6430543569492785e-24 545 545 4.0352476804641982e-16 0 0 0
d 0 0 -4.0458440283134096e-16 0 0 -1.7509755082209367e-24 550 550 4.0456017185482639e-16 0 0 0
d 0 0 -4.0562446887389914e-16 0 0 -1.8647526183375436e-24 555 555 4.0560028174123855e-16 0 0 0
d 0 0 -4.0666927461571902e-16 0 0 -1.9845734471124985e-24 560 560 4.0664513114174368e-16 0 0 0
d 0 0 -4.077188524656038e-16 0 0 -2.1106210554060573e-24 565 565 4.076947525747217e-16 0 0 0
d 0 0 -4.0877323418904551e-16 0 0 -2.2430740348802114e-24 570 570 4.087491779020318e-16 0 0 0
d 0 0 -4.0983245056975922e-16 0 0 -2.3821068538508249e-24 575 575 4.0980843803549114e-16 0 0 0
d 0 0 -4.108965303486083e-16 0 0 -2.5278902902384034e-24 580 580 4.1087256183618498e-16 0 0 0
d 0 0 -4.1196549795259814e-16 0 0 -2.6805917707370599e-24 585 585 4.1194157384842258e-16 0 0 0
d 0 0 -4.1303936859342617e-16 0 0 -2.8403750092746818e-24 590 590 4.1301548940880385e-16 0 0 0
d 0 0 -4.1411813634326579e-16 0 0 -3.0073969911494468e-24 595 595 4.1409430263705256e-16 0 0 0
d 0 0 -4.1520173835793855e-16 0 0 -3.1817950969607808e-24 600 600 4.1517794829551672e-16 0 0 0
d 0 0 -4.1628989759379149e-16 0 0 -3.3635892826338032e-24 605 605 4.1628989815573868e-16 0 0 0
d 0 0 -4.1737979944856816e-16 0 0 -3.5518076260758822e-24 610 610 4.1737980299948437e-16 0 0 0
d 0 0 -4.1844343026818059e-16 0 0 -3.733646482112142e-24 615 615 4.1844343377581422e-16 0 0 0
d 0 0 -4.1954650035306749e-16 0 0 -3.938627902666439e-24 620 620 4.1954650433954768e-16 0 0 0
d 0 0 -4.2065574490507562e-16 0 0 -4.1526295325922964e-24 625 625 4.2065574905770032e-16 0 0 0
d 0 0 -4.2177037129135182e-16 0 0 -4.375619026270788e-24 630 630 4.2177037566698547e-16 0 0 0
d 0 0 -4.2288967692963972e-16 0 0 -4.607605513595026e-24 635 635 4.2288968203280671e-16 0 0 0
d 0 0 -4.240105843100064e-16 0 0 -4.8473061059248758e-24 640 640 4.2401061749223514e-16 0 0 0
d 0 0 -4.2508999685531449e-16 0 0 -5.069942362698454e-24 645 645 4.2509000192527368e-16 0 0 0
d 0 0 -4.2608865041949886e-16 0 0 -5.2496486221607357e-24 650 650 4.2606563733591169e-16 0 0 0
d 0 0 -4.2708824602702361e-16 0 0 -5.432299186667092e-24 655 655 4.2708825145932495e-16 0 0 0
d 0 0 -4.2809145595271373e-16 0 0 -5.6197117776921506e-24 660 660 4.2806855798408586e-16 0 0 0
d 0 0 -4.2909892616641374e-16 0 0 -5.8126268865128551e-24 665 665 4.2907609480168311e-16 0 0 0
d 0 0 -4.3011092699899817e-16 0 0 -6.0116393657427846e-24 670 670 4.3008816221057323e-16 0 0 0
d 0 0 -4.3112761432658623e-16 0 0 -6.2173506425072939e-24 675 675 4.3110491791579206e-16 0 0 0
d 0 0 -4.3214909771281667e-16 0 0 -6.4304124170068186e-24 680 680 4.3212647192389471e-16 0 0 0
d 0 0 -4.3317546383650801e-16 0 0 -6.6515449685118811e-24 685 685 4.3315291119564208e-16 0 0 0
d 0 0 -4.3420678593626227e-16 0 0 -6.8815471847693498e-24 690 690 4.3418430882466716e-16 0 0 0
d 0 0 -4.3524312786065905e-16 0 0 -7.1213030066890644e-24 695 695 4.3522072859592902e-16 0 0 0
d 0 0 -4.3628454564324643e-16 0 0 -7.3717858294630565e-24 700 700 4.3626222727854718e-16 0 0 0
d 0 0 -4.3733108770720102e-16 0 0 -7.6340614215067956e-24 705 705 4.3730885307666113e-16 0 0 0
d 0 0 -4.3838279406114634e-16 0 0 -7.9092895407979106e-24 710 710 4.3836064616210928e-16 0 0 0
d 0 0 -4.3943969435557963e-16 0 0 -8.198724160769342e-24 715 715 4.3941763630219255e-16 0 0 0
d 0 0 -4.4050180396124924e-16 0 0 -8.5037117621085668e-24 720 720 4.4047983907569458e-16 0 0 0
d 0 0 -4.4156911542989947e-16 0 0 -8.8256857550176594e-24 725 725 4.4154724735159756e-16 0 0 0
d 0 0 -4.4264157634599017e-16 0 0 -9.1661507946291806e-24 730 730 4.4261980864939777e-16 0 0 0
d 0 0 -4.4371901309204338e-16 0 0 -9.5263878903630286e-24 735 735 4.4371897151128959e-16 0 0 0
d 0 0 -4.4480066557111669e-16 0 0 -9.9077793414603989e-24 740 740 4.4480055887723089e-16 0 0 0
d 0 0 -4.4534110916090054e-16 0 0 -1.0106218343870368e-23 742.5 742.5 4.4534111920450256e-16 0 0 0
d 0 0 -4.4584961456520108e-16 0 0 -1.0285780164268059e-23 745 745 4.458496248207079e-16 0 0 0
d 0 0 -4.4693869079726549e-16 0 0 -1.0713032798190589e-23 750 750 4.4693870151019449e-16 0 0 0
d 0 0 -4.4803703435111499e-16 0 0 -1.1170932242406654e-23 755 755 4.4803698442635468e-16 0 0 0
d 0 0 -4.4914117628157901e-16 0 0 -1.1659192827200751e-23 760 760 4.491411879188752e-16 0 0 0
d 0 0 -4.5025049776224811e-16 0 0 -1.2179659127777554e-23 765 765 4.5025053837937537e-16 0 0 0
d 0 0 -4.5136399547816239e-16 0 0 -1.2733853808852821e-23 770 770 4.5136400846547944e-16 0 0 0
d 0 0 -4.5247814514453721e-16 0 0 -1.3320779522628912e-23 775 775 4.5247815851650451e-16 0 0 0
d 0 0 -4.5354423121543596e-16 0 0 -1.3891529536418523e-23 780 780 4.5354424510696519e-16 0 0 0
d 0 0 -4.5452629964194016e-16 0 0 -1.4401552373614096e-23 785 785 4.545067648709077e-16 0 0 0
d 0 0 -4.555078659466584e-16 0 0 -1.493500071469152e-23 790 790 4.5550788088190347e-16 0 0 0
d 0 0 -4.564921600240753e-16 0 0 -1.5496682450797365e-23 795 795 4.5647279781360543e-16 0 0 0
d 0 0 -4.5747994298390148e-16 0 0 -1.6089034908826877e-23 800 800 4.5746070266480183e-16 0 0 0
d 0 0 -4.5847148345091203e-16 0 0 -1.6714084504058555e-23 805 805 4.5845234632517771e-16 0 0 0
d 0 0 -4.5946689617403044e-16 0 0 -1.7373785426633509e-23 810 810 4.5944785981464687e-16 0 0 0
d 0 0 -4.6046623300505079e-16 0 0 -1.807011268786027e-23 815 815 4.6044729835390536e-16 0 0 0
d 0 0 -4.6146951473690214e-16 0 0 -1.8805096525173806e-23 820 820 4.6145068009196985e-16 0 0 0
d 0 0 -4.6247674424160753e-16 0 0 -1.9580838237287074e-23 825 825 4.6245801513328356e-16 0 0 0
d 0 0 -4.6348791233443362e-16 0 0 -2.0399518673818859e-23 830 830 4.6346929258722745e-16 0 0 0
d 0 0 -4.6450300013132671e-16 0 0 -2.1263402923732676e-23 835 835 4.644844944319236e-16 0 0 0
d 0 0 -4.6552197904314915e-16 0 0 -2.2174841951937489e-23 840 840 4.6550359323199706e-16 0 0 0
d 0 0 -4.6654480806044555e-16 0 0 -2.3136270020253036e-23 845 845 4.6652654957869743e-16 0 0 0
d 0 0 -4.6757142583965848e-16 0 0 -2.4150193217527567e-23 850 850 4.6755330482156664e-16 0 0 0
d 0 0 -4.6860172855991819e-16 0 0 -2.5219153182622795e-23 855 855 4.6858376032714853e-16 0 0 0
d 0 0 -4.6963549348835397e-16 0 0 -2.6344668406214868e-23 860 860 4.6963504176021796e-16 0 0 0
d 0 0 -4.7067193573497693e-16 0 0 -2.7529873536267561e-23 865 865 4.7067131172815293e-16 0 0 0
d 0 0 -4.7167201558857796e-16 0 0 -2.8712395791873495e-23 870 870 4.7167204554301887e-16 0 0 0
d 0 0 -4.7271058935873372e-16 0 0 -3.0015709213923771e-23 875 875 4.727106056579189e-16 0 0 0
d 0 0 -4.7375884720032411e-16 0 0 -3.1399144822580615e-23 880 880 4.7375871567045305e-16 0 0 0
d 0 0 -4.7481139135780264e-16 0 0 -3.285715063094522e-23 885 885 4.7481141905501983e-16 0 0 0
d 0 0 -4.7586751772121714e-16 0 0 -3.4392030418236431e-23 890 890 4.7586772137235282e-16 0 0 0
d 0 0 -4.7692628553498428e-16 0 0 -3.600549664304448e-23 895 895 4.769263381377551e-16 0 0 0
d 0 0 -4.7798443522059974e-16 0 0 -3.7693969582410866e-23 900 900 4.7798447357900021e-16 0 0 0
d 0 0 -4.7902392086854929e-16 0 0 -3.9418110698431337e-23 905 905 4.7902396028850736e-16 0 0 0
d 0 0 -4.7993919113910313e-16 0 0 -4.0919959715212875e-23 910 910 4.7993923064100185e-16 0 0 0
d 0 0 -4.8084821102368768e-16 0 0 -4.2462768362670363e-23 915 915 4.8084825348736428e-16 0 0 0
d 0 0 -4.8175750098173041e-16 0 0 -4.4063346821492358e-23 920 920 4.8174730751761889e-16 0 0 0
d 0 0 -4.8266841557720558e-16 0 0 -4.5727028380401477e-23 925 925 4.8265926453162436e-16 0 0 0
d 0 0 -4.8358140243784792e-16 0 0 -4.7457176118001763e-23 930 930 4.8357310856297973e-16 0 0 0
d 0 0 -4.8449664824425742e-16 0 0 -4.9256634640798409e-23 935 935 4.8448916859152994e-16 0 0 0
d 0 0 -4.8541423819778727e-16 0 0 -5.1128086853619868e-23 940 940 4.8540754086802909e-16 0 0 0
d 0 0 -4.8633420728502139e-16 0 0 -5.3074166876326369e-23 945 945 4.8632825409339399e-16 0 0 0
d 0 0 -4.8725655757409818e-16 0 0 -5.5097494747247155e-23 950 950 4.8725129387074497e-16 0 0 0
d 0 0 -4.8818125876683148e-16 0 0 -5.7200668692240173e-23 955 955 4.8817660344389988e-16 0 0 0
d 0 0 -4.891082285647727e-16 0 0 -5.938619792938129e-23 960 960 4.8910407801516577e-16 0 0 0
d 0 0 -4.900372503274023e-16 0 0 -6.1654000684446855e-23 965 965 4.9003456287832326e-16 0 0 0
d 0 0 -4.9096746174010393e-16 0 0 -6.4011004516240633e-23 970 970 4.9096752925343902e-16 0 0 0
d 0 0 -4.918578866878785e-16 0 0 -6.6326417283847577e-23 975 975 4.9185795299253146e-16 0 0 0
d 0 0 -4.9278862983830473e-16 0 0 -6.8846076037630268e-23 980 980 4.9278621595286968e-16 0 0 0
d 0 0 -4.9372690526855567e-16 0 0 -7.1482546264045083e-23 985 985 4.9372661293131695e-16 0 0 0
d 0 0 -4.9466812317189783e-16 0 0 -7.4219365923369862e-23 990 990 4.9466819749352951e-16 0 0 0
d 0 0 -4.9561148180857733e-16 0 0 -7.7059033150301078e-23 995 995 4.9561155742407026e-16 0 0 0
d 0 0 -4.9655529846927318e-16 0 0 -7.9998667585032173e-23 1000 1000 4.9655538895907582e-16 0 0 0
d 0 0 -4.9749582454052457e-16 0 0 -8.3026943304485718e-23 1005 1005 4.9749556665833344e-16 0 0 0
d 0 0 -4.9837788833860067e-16 0 0 -8.5927893827991585e-23 1010 1010 4.9837537429790538e-16 0 0 0
d 0 0 -4.9917405411536186e-16 0 0 -8.857597256478078e-23 1015 1015 4.9917414269804178e-16 0 0 0
d 0 0 -4.9996632844790945e-16 0 0 -9.127924774943579e-23 1020 1020 4.9996641972297638e-16 0 0 0
d 0 0 -5.0075835551403811e-16 0 0 -9.4054425001341158e-23 1025 1025 5.0061148344156632e-16 0 0 0
d 0 0 -5.0155096098169663e-16 0 0 -9.6906463254530582e-23 1030 1030 5.0137733856850456e-16 0 0 0
d 0 0 -5.0234415511905078e-16 0 0 -9.9837186338580586e-23 1035 1035 5.0234425554789596e-16 0 0 0
d 0 0 -5.0313552160750116e-16 0 0 -1.0283635057630473e-22 1040 1040 5.031277876543473e-16 0 0 0
d 0 0 -5.0389391902420112e-16 0 0 -1.0578106152927242e-22 1045 1045 5.0389402451906154e-16 0 0 0
d 0 0 -5.0468985651861616e-16 0 0 -1.0895310004379362e-22 1050 1050 5.0468254227824941e-16 0 0 0
d 0 0 -5.0548874948418898e-16 0 0 -1.12230677949376e-22 1055 1055 5.0548364925370624e-16 0 0 0
d 0 0 -5.0628876971614705e-16 0 0 -1.155900517369236e-22 1060 1060 5.0628197078973452e-16 0 0 0
d 0 0 -5.070856337990434e-16 0 0 -1.1902766133076559e-22 1065 1065 5.070806640858973e-16 0 0 0
d 0 0 -5.0787817758720247e-16 0 0 -1.2252917811538795e-22 1070 1070 5.0786613898090118e-16 0 0 0
d 0 0 -5.0860802435144082e-16 0 0 -1.258201775142809e-22 1075 1075 5.0859824175520136e-16 0 0 0
d 0 0 -5.0933228107946643e-16 0 0 -1.2915628756279253e-22 1080 1080 5.0933241111260044e-16 0 0 0
d 0 0 -5.1005708588997402e-16 0 0 -1.3256924743392969e-22 1085 1085 5.1005721770713067e-16 0 0 0
d 0 0 -5.1078276688915215e-16 0 0 -1.3606225348190026e-22 1090 1090 5.1077670346579047e-16 0 0 0
d 0 0 -5.1150941529051382e-16 0 0 -1.3963276253524877e-22 1095 1095 5.1141902597470896e-16 0 0 0
d 0 0 -5.1223702089674825e-16 0 0 -1.4328812107563014e-22 1100 1100 5.1174958294312226e-16 0 0 0
d 0 0 -5.129654914622699e-16 0 0 -1.4704982942935093e-22 1105 1105 5.1296449254198952e-16 0 0 0
d 0 0 -5.1369467516727294e-16 0 0 -1.5086944233718713e-22 1110 1110 5.1243832938685895e-16 0 0 0
d 0 0 -5.1442451417621569e-16 0 0 -1.5479349608926997e-22 1115 1115 5.1278640127160094e-16 0 0 0
d 0 0 -5.1515519349871294e-16 0 0 -1.5880157716677964e-22 1120 1120 5.1143581169683877e-16 0 0 0
d 0 0 -5.1588692419822293e-16 0 0 -1.6290846469946106e-22 1125 1125 5.1112089593858892e-16 0 0 0
d 0 0 -5.1661979666657036e-16 0 0 -1.6711841638888075e-22 1130 1130 5.1661291976994469e-16 0 0 0
d 0 0 -5.173538388077468e-16 0 0 -1.7141468824908548e-22 1135 1135 5.1735445039707265e-16 0 0 0
d 0 0 -5.1808909424610582e-16 0 0 -1.7579054176639113e-22 1140 1140 5.103464433436649e-16 0 0 0
d 0 0 -5.188257941912922e-16 0 0 -1.8030405248654675e-22 1145 1145 5.1882572653843543e-16 0 0 0
d 0 0 -5.1956443992157164e-16 0 0 -1.848736607751869e-22 1150 1150 5.0655778423704893e-16 0 0 0
d 0 0 -5.203050863502706e-16 0 0 -1.8958953155404451e-22 1155 1155 5.1362446566748453e-16 0 0 0
d 0 0 -5.210473740908052e-16 0 0 -1.9441352237107172e-22 1160 1160 5.0392367955523849e-16 0 0 0
d 0 0 -5.2179102631851233e-16 0 0 -1.9935156044971659e-22 1165 1165 5.1304651199888238e-16 0 0 0
d 0 0 -5.225358333451105e-16 0 0 -2.0440329129992264e-22 1170 1170 5.2251856101432497e-16 0 0 0
d 0 0 -5.2328152806993999e-16 0 0 -2.0954460705444847e-22 1175 1175 5.1952546264302483e-16 0 0 0
d 0 0 -5.2402770688439334e-16 0 0 -2.1478559392316713e-22 1180 1180 5.147682890536291e-16 0 0 0
d 0 0 -5.2477422523761504e-16 0 0 -2.2016790918687563e-22 1185 1185 5.2333302966997522e-16 0 0 0
d 0 0 -5.2552159929927124e-16 0 0 -2.2564263737338493e-22 1190 1190 5.1709453549971445e-16 0 0 0
d 0 0 -5.2627022160769757e-16 0 0 -2.3124684909839568e-22 1195 1195 5.2061049988534923e-16 0 0 0
d 0 0 -5.2702010197670371e-16 0 0 -2.3696771032457018e-22 1200 1200 5.2051017496225608e-16 0 0 0
d 0 0 -5.2777127447509428e-16 0 0 -2.4281292290118166e-22 1205 1205 5.2364240834677338e-16 0 0 0
d 0 0 -5.2852385542429905e-16 0 0 -2.4878871036797649e-22 1210 1210 5.2572496111365534e-16 0 0 0
d 0 0 -5.2927789947036567e-16 0 0 -2.5489805000486295e-22 1215 1215 5.2927825305853513e-16 0 0 0
d 0 0 -5.3003337660936681e-16 0 0 -2.6114582460650872e-22 1220 1220 5.3003359987815757e-16 0 0 0
d 0 0 -5.3079015666684541e-16 0 0 -2.6753617380645522e-22 1225 1225 5.2171045301373291e-16 0 0 0
d 0 0 -5.3154818924277573e-16 0 0 -2.7407782418063043e-22 1230 1230 5.3415765636534361e-16 0 0 0
d 0 0 -5.3230745725600032e-16 0 0 -2.8077753415218645e-22 1235 1235 5.2661503723511626e-16 0 0 0
d 0 0 -5.3306794133236287e-16 0 0 -2.8764708611467881e-22 1240 1240 5.3375450278401223e-16 0 0 0
d 0 0 -5.3382961004925865e-16 0 0 -2.9470053566301393e-22 1245 1245 5.3433218154535874e-16 0 0 0
d 0 0 -5.3459242790432882e-16 0 0 -3.0195586871331603e-22 1250 1250 5.3425052903228831e-16 0 0 0
d 0 0 -5.3535633799705253e-16 0 0 -3.0943595871622948e-22 1255 1255 5.3519329381088924e-16 0 0 0
d 0 0 -5.3612131102593952e-16 0 0 -3.17170438071173e-22 1260 1260 5.3608327597019698e-16 0 0 0
d 0 0 -5.3688736208355462e-16 0 0 -3.2519735588718472e-22 1265 1265 5.3687072720497347e-16 0 0 0
d 0 0 -5.3765455725712239e-16 0 0 -3.3356524993658864e-22 1270 1270 5.3763571730372074e-16 0 0 0
d 0 0 -5.3842295770087361e-16 0 0 -3.423307229910778e-22 1275 1275 5.3510095493951052e-16 0 0 0
d 0 0 -5.3919257693817792e-16 0 0 -3.5157336702186791e-22 1280 1280 5.2279726106813506e-16 0 0 0
d 0 0 -5.3996340491690551e-16 0 0 -3.6139866096056875e-22 1285 1285 5.3094929931788273e-16 0 0 0
d 0 0 -5.4073543892570971e-16 0 0 -3.719168043749021e-22 1290 1290 5.3758578799451954e-16 0 0 0
d 0 0 -5.4150868092774326e-16 0 0 -3.8328173317783739e-22 1295 1295 5.3775948266567517e-16 0 0 0
d 0 0 -5.4228313033022451e-16 0 0 -3.9566695522944611e-22 1300 1300 5.4228346543852529e-16 0 0 0
d 0 0 -5.4305879688590789e-16 0 0 -4.0930499985550095e-22 1305 1305 5.4305912823064204e-16 0 0 0
d 0 0 -5.4383569673360996e-16 0 0 -4.2447415739122749e-22 1310 1310 5.438361205857301e-16 0 0 0
d 0 0 -5.4461383917348162e-16 0 0 -4.4151392592054982e-22 1315 1315 5.4461428059198233e-16 0 0 0
d 0 0 -5.4539321591173209e-16 0 0 -4.6083689910617106e-22 1320 1320 5.4539367675947773e-16 0 0 0
d 0 0 -5.4617381285632084e-16 0 0 -4.8294364279158491e-22 1325 1325 5.4580545806427558e-16 0 0 0
d 0 0 -5.4695563253008175e-16 0 0 -5.0843884146994486e-22 1330 1330 5.4695427720881503e-16 0 0 0
d 0 0 -5.4773868673439564e-16 0 0 -5.3804941008041578e-22 1335 1335 5.4772655276607061e-16 0 0 0
d 0 0 -5.4852298247769293e-16 0 0 -5.7264552839917941e-22 1340 1340 5.4850141013544e-16 0 0 0
d 0 0 -5.49308523766488e-16 0 0 -6.1326403066015921e-22 1345 1345 5.4930036118301201e-16 0 0 0
d 0 0 -5.5009531445945778e-16 0 0 -6.6113677763847353e-22 1350 1350 5.5009530665261682e-16 0 0 0
d 0 0 -5.5088336212390393e-16 0 0 -7.1772387485256857e-22 1355 1355 5.5088344437797485e-16 0 0 0
d 0 0 -5.5167268108147896e-16 0 0 -7.8474939125241076e-22 1360 1360 5.516733414801152e-16 0 0 0
d 0 0 -5.5246328793932039e-16 0 0 -8.6424182535065862e-22 1365 1365 5.5246415041961173e-16 0 0 0
d 0 0 -5.5325519712387153e-16 0 0 -9.5858025741237164e-22 1370 1370 5.5325600321957808e-16 0 0 0
d 0 0 -5.5404842273852549e-16 0 0 -1.0705438904888417e-21 1375 1375 5.5404937439191438e-16 0 0 0
d 0 0 -5.5484298083949948e-16 0 0 -1.2033670989463668e-21 1380 1380 5.5484410808819807e-16 0 0 0
d 0 0 -5.5563888962055248e-16 0 0 -1.360805123586101e-21 1385 1385 5.5564018892535476e-16 0 0 0
d 0 0 -5.5643617041318801e-16 0 0 -1.5472091096220935e-21 1390 1390 5.5643767803930293e-16 0 0 0
d 0 0 -5.572348498862221e-16 0 0 -1.7676057144955484e-21 1395 1395 5.5723659895235404e-16 0 0 0
d 0 0 -5.580349607642314e-16 0 0 -2.0277832356882175e-21 1400 1400 5.5803698302798139e-16 0 0 0
d 0 0 -5.5835541410132187e-16 0 0 -2.1444506884075268e-21 1402 1402 5.5835757499665879e-16 0 0 0
d 0 0 -5.586761048427711e-16 0 0 -2.2690032483400388e-21 1404 1404 5.5867838346636046e-16 0 0 0
d 0 0 -5.5899703552724668e-16 0 0 -2.4019342728534266e-21 1406 1406 5.5899944117879881e-16 0 0 0
d 0 0 -5.5931820875553614e-16 0 0 -2.543764361701419e-21 1408 1408 5.5932075258777581e-16 0 0 0
d 0 0 -5.596396272115912e-16 0 0 -2.6950426097466299e-21 1410 1410 5.5964232201786836e-16 0 0 0
d 0 0 -5.5996129368918898e-16 0 0 -2.8563478783176168e-21 1412 1412 5.5996415239296851e-16 0 0 0
d 0 0 -5.6028321111744052e-16 0 0 -3.0282900943637175e-21 1414 1414 5.6028624526288747e-16 0 0 0
d 0 0 -5.6060538258013426e-16 0 0 -3.2115115944398177e-21 1416 1416 5.6060860252283763e-16 0 0 0
d 0 0 -5.6092781132790142e-16 0 0 -3.4066885338542814e-21 1418 1418 5.6093122709598528e-16 0 0 0
d 0 0 -5.6125050078587951e-16 0 0 -3.6145323792428816e-21 1420 1420 5.6125412270042219e-16 0 0 0
d 0 0 -5.6157345456071358e-16 0 0 -3.8357914965440758e-21 1422 1422 5.615772936455093e-16 0 0 0
d 0 0 -5.6189667644916512e-16 0 0 -4.0712528377982026e-21 1424 1424 5.6190074482367143e-16 0 0 0
d 0 0 -5.6222017044798076e-16 0 0 -4.3217437215165031e-21 1426 1426 5.622244820016014e-16 0 0 0
d 0 0 -5.625439407631219e-16 0 0 -4.5881336946855336e-21 1428 1428 5.6254851221673751e-16 0 0 0
d 0 0 -5.6286799181695481e-16 0 0 -4.8713364612773241e-21 1430 1430 5.6287284333305013e-16 0 0 0
d 0 0 -5.6319232825396462e-16 0 0 -5.1723118625956244e-21 1432 1432 5.6319748236681762e-16 0 0 0
d 0 0 -5.635169549474514e-16 0 0 -5.49206789799597e-21 1434 1434 5.6352243430724404e-16 0 0 0
d 0 0 -5.6384187701013835e-16 0 0 -5.8316627795604488e-21 1436 1436 5.6384770306089894e-16 0 0 0
d 0 0 -5.6416709981030842e-16 0 0 -6.1922070208337129e-21 1438 1438 5.6417329311601522e-16 0 0 0
d 0 0 -5.6449262899278175e-16 0 0 -6.5748655672334118e-21 1440 1440 5.6449921012581015e-16 0 0 0
d 0 0 -5.648184705020764e-16 0 0 -6.9808599826066108e-21 1442 1442 5.6482546084276444e-16 0 0 0
d 0 0 -5.6514463060451417e-16 0 0 -7.4114707101539439e-21 1444 1444 5.651520530153471e-16 0 0 0
d 0 0 -5.6547111590696186e-16 0 0 -7.8680394249604779e-21 1446 1446 5.6547899510983099e-16 0 0 0
d 0 0 -5.6579793337162841e-16 0 0 -8.3519714902995246e-21 1448 1448 5.6580629595108679e-16 0 0 0
d 0 0 -5.6612509032787415e-16 0 0 -8.8647385233469853e-21 1450 1450 5.6613396454620527e-16 0 0 0
d 0 0 -5.6645259448271934e-16 0 0 -9.4078810708502816e-21 1452 1452 5.6646201013141365e-16 0 0 0
d 0 0 -5.6678045393163703e-16 0 0 -9.9830113931347826e-21 1454 1454 5.6679044233633484e-16 0 0 0
d 0 0 -5.6710867717063864e-16 0 0 -1.0591816355278936e-20 1456 1456 5.671192713688537e-16 0 0 0
d 0 0 -5.6743727311007052e-16 0 0 -1.123606042587933e-20 1458 1458 5.6744850817015632e-16 0 0 0
d 0 0 -5.6776625109018678e-16 0 0 -1.191758878489853e-20 1460 1460 5.6777816449619158e-16 0 0 0
d 0 0 -5.6809562089854137e-16 0 0 -1.2638330541455973e-20 1462 1462 5.6810825283255811e-16 0 0 0
d 0 0 -5.6842539278944262e-16 0 0 -1.3400302059715921e-20 1464 1464 5.6843878606838977e-16 0 0 0
d 0 0 -5.6875557750595551e-16 0 0 -1.4205610386882481e-20 1466 1466 5.687697771068695e-16 0 0 0
d 0 0 -5.690861863050149e-16 0 0 -1.5056456773386916e-20 1468 1468 5.6910123883435516e-16 0 0 0
d 0 0 -5.6941723098598758e-16 0 0 -1.5955140273937066e-20 1470 1470 5.6943318456844061e-16 0 0 0
d 0 0 -5.6974872392250699e-16 0 0 -1.6904061421175504e-20 1472 1472 5.6976562853001478e-16 0 0 0
d 0 0 -5.7008067809679779e-16 0 0 -1.790572597176012e-20 1474 1474 5.7009858596044239e-16 0 0 0
d 0 0 -5.7041310713532219e-16 0 0 -1.8962748736086848e-20 1476 1476 5.7043207303890244e-16 0 0 0
d 0 0 -5.7074602534463803e-16 0 0 -2.0077857514287164e-20 1478 1478 5.7076610684013128e-16 0 0 0
d 0 0 -5.710794477468754e-16 0 0 -2.1253897168984494e-20 1480 1480 5.7110070533456855e-16 0 0 0
d 0 0 -5.7141339011495333e-16 0 0 -2.2493833867271717e-20 1482 1482 5.7143588738811194e-16 0 0 0
d 0 0 -5.7174786900819838e-16 0 0 -2.3800759520079342e-20 1484 1484 5.7177167277552448e-16 0 0 0
d 0 0 -5.7208290180914115e-16 0 0 -2.5177896437800669e-20 1486 1486 5.7210808220782524e-16 0 0 0
d 0 0 -5.724185067619167e-16 0 0 -2.6628602209050254e-20 1488 1488 5.7244513735967649e-16 0 0 0
d 0 0 -5.7275470301212025e-16 0 0 -2.8156374797662547e-20 1490 1490 5.7278286090456076e-16 0 0 0
d 0 0 -5.730915106474521e-16 0 0 -2.9764857844476189e-20 1492 1492 5.7312127657115592e-16 0 0 0
d 0 0 -5.734289507382623e-16 0 0 -3.1457846157356815e-20 1494 1494 5.7346040921357882e-16 0 0 0
d 0 0 -5.7376704537722233e-16 0 0 -3.3239291375897939e-20 1496 1496 5.7380028487724745e-16 0 0 0
d 0 0 -5.7410581771770149e-16 0 0 -3.5113307804858136e-20 1498 1498 5.7414093085228604e-16 0 0 0
d 0 0 -5.7444529201084713e-16 0 0 -3.7084178419675044e-20 1500 1500 5.7448237571747292e-16 0 0 0
d 0 0 -5.7478549364171409e-16 0 0 -3.9156361055091981e-20 1502 1502 5.7482464937467104e-16 0 0 0
d 0 0 -5.7512644916499249e-16 0 0 -4.1334494791763981e-20 1504 1504 5.7516778306475296e-16 0 0 0
d 0 0 -5.7546818634094441e-16 0 0 -4.3623406555072773e-20 1506 1506 5.7551180936551624e-16 0 0 0
d 0 0 -5.7581073417209575e-16 0 0 -4.6028117936361435e-20 1508 1508 5.7585676220700202e-16 0 0 0
d 0 0 -5.7615412294107595e-16 0 0 -4.8553852241684325e-20 1510 1510 5.7620267695346414e-16 0 0 0
d 0 0 -5.7649838424975284e-16 0 0 -5.1206041769650647e-20 1512 1512 5.7654959054141915e-16 0 0 0
d 0 0 -5.7684355105951383e-16 0 0 -5.3990335320172002e-20 1514 1514 5.7689754158661426e-16 0 0 0
d 0 0 -5.7718965773223925e-16 0 0 -5.6912605940630512e-20 1516 1516 5.7724657040075888e-16 0 0 0
d 0 0 -5.7753674007128079e-16 0 0 -5.9978958924013534e-20 1518 1518 5.7759671896546469e-16 0 0 0
d 0 0 -5.7788483536166319e-16 0 0 -6.3195740082238726e-20 1520 1520 5.7794803094237148e-16 0 0 0
d 0 0 -5.7823398240882514e-16 0 0 -6.6569544324160952e-20 1522 1522 5.7830055173134838e-16 0 0 0
d 0 0 -5.7858422157545547e-16 0 0 -7.0107224569569122e-20 1524 1524 5.7865432853893233e-16 0 0 0
d 0 0 -5.7893559481630792e-16 0 0 -7.3815901027709179e-20 1526 1526 5.7900941043277572e-16 0 0 0
d 0 0 -5.7928814571118456e-16 0 0 -7.7702970863152939e-20 1528 1528 5.7936584838468822e-16 0 0 0
d 0 0 -5.7964191949648945e-16 0 0 -8.1776118265637211e-20 1530 1530 5.7972369531118453e-16 0 0 0
d 0 0 -5.7999696309586176e-16 0 0 -8.6043324935953451e-20 1532 1532 5.8008300611506889e-16 0 0 0
d 0 0 -5.8035332515038809e-16 0 0 -9.0512880998142007e-20 1534 1534 5.8044383772768963e-16 0 0 0
d 0 0 -5.8071105604884494e-16 0 0 -9.5193396349087066e-20 1536 1536 5.8080624915118246e-16 0 0 0
d 0 0 -5.81070207958338e-16 0 0 -1.0009381245936319e-19 1538 1538 5.8117030150079947e-16 0 0 0
d 0 0 -5.8143083485564704e-16 0 0 -1.0522341464290826e-19 1540 1540 5.8153605804780463e-16 0 0 0
d 0 0 -5.8179299255954331e-16 0 0 -1.1059184481702075e-19 1542 1542 5.8190358426336543e-16 0 0 0
d 0 0 -5.8215673876433436e-16 0 0 -1.1620911477783187e-19 1544 1544 5.8227294786375141e-16 0 0 0
d 0 0 -5.8252213307489822e-16 0 0 -1.2208562001956341e-19 1546 1546 5.8264421885720754e-16 0 0 0
d 0 0 -5.8288923704348573e-16 0 0 -1.2823215412845821e-19 1548 1548 5.830174695931239e-16 0 0 0
d 0 0 -5.832581142085951e-16 0 0 -1.3465992378417985e-19 1550 1550 5.8339277481439926e-16 0 0 0
d 0 0 -5.8362883013624741e-16 0 0 -1.4138056440258062e-19 1552 1552 5.8377021171377979e-16 0 0 0
d 0 0 -5.840014524640138e-16 0 0 -1.4840615645383977e-19 1554 1554 5.8414985999411476e-16 0 0 0
d 0 0 -5.843760509481666e-16 0 0 -1.5574924248890938e-19 1556 1556 5.8453180193140427e-16 0 0 0
d 0 0 -5.8475269751433655e-16 0 0 -1.6342284490499266e-19 1558 1558 5.8491612244008104e-16 0 0 0
d 0 0 -5.8513146631206367e-16 0 0 -1.7144048447781855e-19 1560 1560 5.853029091437924e-16 0 0 0
d 0 0 -5.8551243377361473e-16 0 0 -1.798161996857248e-19 1562 1562 5.8569225245946896e-16 0 0 0
d 0 0 -5.8589567867741938e-16 0 0 -1.8856456684954384e-19 1564 1564 5.860842457000523e-16 0 0 0
d 0 0 -5.8628128221643251e-16 0 0 -1.9770072111485769e-19 1566 1566 5.8647898518844339e-16 0 0 0
d 0 0 -5.8666932807169396e-16 0 0 -2.0724037831098163e-19 1568 1568 5.8687657036351628e-16 0 0 0
d 0 0 -5.8705990249131566e-16 0 0 -2.1719985773472373e-19 1570 1570 5.8727710386577518e-16 0 0 0
d 0 0 -5.8745309437511601e-16 0 0 -2.2759610592561555e-19 1572 1572 5.8768069161288537e-16 0 0 0
d 0 0 -5.8784899536512926e-16 0 0 -2.3844672152019791e-19 1574 1574 5.8808744288929282e-16 0 0 0
d 0 0 -5.8824769994225012e-16 0 0 -2.4976998129206485e-19 1576 1576 5.8849747046474267e-16 0 0 0
d 0 0 -5.8864930552929977e-16 0 0 -2.6158486749752838e-19 1578 1578 5.8891089073710648e-16 0 0 0
d 0 0 -5.8905391260081037e-16 0 0 -2.739110966509929e-19 1580 1580 5.8932782388573629e-16 0 0 0
d 0 0 -5.8946162479977637e-16 0 0 -2.8676914984871859e-19 1582 1582 5.8974839402618293e-16 0 0 0
d 0 0 -5.8987254906153743e-16 0 0 -3.0018030474657007e-19 1584 1584 5.9017272936608221e-16 0 0 0
d 0 0 -5.9028679574482625e-16 0 0 -3.1416666928071026e-19 1586 1586 5.9060096236697635e-16 0 0 0
d 0 0 -5.9070447876989329e-16 0 0 -3.2875121720508064e-19 1588 1588 5.9103322991625519e-16 0 0 0
d 0 0 -5.9112571576352534e-16 0 0 -3.4395782551049657e-19 1590 1590 5.9146967351021033e-16 0 0 0
d 0 0 -5.9155062821074327e-16 0 0 -3.5981131379012338e-19 1592 1592 5.9191043944682392e-16 0 0 0
d 0 0 -5.9197934161299496e-16 0 0 -3.7633748562549899e-19 1594 1594 5.923556790266488e-16 0 0 0
d 0 0 -5.9241198565274595e-16 0 0 -3.9356317208446988e-19 1596 1596 5.9280554876116847e-16 0 0 0
d 0 0 -5.9284869436447571e-16 0 0 -4.1151627744438745e-19 1598 1598 5.932602105890352e-16 0 0 0
d 0 0 -5.9328960631220079e-16 0 0 -4.3022582727734928e-19 1600 1600 5.9371983210097862e-16 0 0 0
d 0 0 -5.9373486477372461e-16 0 0 -4.4972201905649705e-19 1602 1602 5.9418458677409975e-16 0 0 0
d 0 0 -5.9418461793187411e-16 0 0 -4.7003627546189504e-19 1604 1604 5.9465465421607496e-16 0 0 0
d 0 0 -5.9463901907299586e-16 0 0 -4.9120130058101754e-19 1606 1606 5.9513022041967778e-16 0 0 0
d 0 0 -5.9509822679299147e-16 0 0 -5.132511392130005e-19 1608 1608 5.9561147802800024e-16 0 0 0
d 0 0 -5.9556240521114673e-16 0 0 -5.3622123949865446e-19 1610 1610 5.9609862661078397e-16 0 0 0
d 0 0 -5.9603172419199771e-16 0 0 -5.6014851911097147e-19 1612 1612 5.9659187295229651e-16 0 0 0
d 0 0 -5.9650635957545544e-16 0 0 -5.8507143525445962e-19 1614 1614 5.9709143135122776e-16 0 0 0
d 0 0 -5.9698649341540643e-16 0 0 -6.1103005873674745e-19 1616 1616 5.9759752393311014e-16 0 0 0
d 0 0 -5.9747231422700043e-16 0 0 -6.3806615239283745e-19 1618 1618 5.9811038097579225e-16 0 0 0
d 0 0 -5.9796401724284813e-16 0 0 -6.6622325416116239e-19 1620 1620 5.986302412484832e-16 0 0 0
d 0 0 -5.9846180467835669e-16 0 0 -6.9554676513103113e-19 1622 1622 5.9915735236481985e-16 0 0 0
d 0 0 -5.9896588600644462e-16 0 0 -7.2608404290283371e-19 1624 1624 5.9969197115032331e-16 0 0 0
d 0 0 -5.9947647824188727e-16 0 0 -7.5788450062520471e-19 1626 1626 6.0023436402465681e-16 0 0 0
d 0 0 -5.9999380623554523e-16 0 0 -7.9099971209704445e-19 1628 1628 6.0078480739947999e-16 0 0 0
d 0 0 -6.005181029787296e-16 0 0 -8.254835233469681e-19 1630 1630 6.0134358809351328e-16 0 0 0
d 0 0 -6.0104960991794628e-16 0 0 -8.6139217112892781e-19 1632 1632 6.0191100376719024e-16 0 0 0
d 0 0 -6.0158857728025031e-16 0 0 -8.9878440880146461e-19 1634 1634 6.0248736337899412e-16 0 0 0
d 0 0 -6.0213526440942532e-16 0 0 -9.3772164009081076e-19 1636 1636 6.0307298766349035e-16 0 0 0
d 0 0 -6.0268994011320198e-16 0 0 -9.7826806127663728e-19 1638 1638 6.0366820962812765e-16 0 0 0
d 0 0 -6.0325288302173265e-16 0 0 -1.0204908123852487e-18 1640 1640 6.0427337506475438e-16 0 0 0
d 0 0 -6.0382438195757551e-16 0 0 -1.0644601380294565e-18 1642 1642 6.0488884307449275e-16 0 0 0
d 0 0 -6.0440473631749036e-16 0 0 -1.1102495585971845e-18 1644 1644 6.0551498660968551e-16 0 0 0
d 0 0 -6.049942564664318e-16 0 0 -1.1579360525608946e-18 1646 1646 6.0615219303995912e-16 0 0 0
d 0 0 -6.0559326414421347e-16 0 0 -1.2076002507551328e-18 1648 1648 6.0680086474842975e-16 0 0 0
d 0 0 -6.062020928854254e-16 0 0 -1.2593266435476427e-18 1650 1650 6.074614197602103e-16 0 0 0
d 0 0 -6.0682108845327852e-16 0 0 -1.3132038019089263e-18 1652 1652 6.081342924022269e-16 0 0 0
d 0 0 -6.0745060928815039e-16 0 0 -1.3693246134654609e-18 1654 1654 6.0881993399286899e-16 0 0 0
d 0 0 -6.0809102697168151e-16 0 0 -1.4277865347041273e-18 1656 1656 6.0951881356154853e-16 0 0 0
d 0 0 -6.0874272670735711e-16 0 0 -1.4886918605821708e-18 1658 1658 6.102314186001253e-16 0 0 0
d 0 0 -6.094061078185934e-16 0 0 -1.5521480128913491e-18 1660 1660 6.1095825584928932e-16 0 0 0
d 0 0 -6.1008158426544621e-16 0 0 -1.6182678488299524e-18 1662 1662 6.1169985212330254e-16 0 0 0
d 0 0 -6.1076958518119291e-16 0 0 -1.6871699913548396e-18 1664 1664 6.1245675517641029e-16 0 0 0
d 0 0 -6.1147055543019529e-16 0 0 -1.758979183019472e-18 1666 1666 6.1322953461419287e-16 0 0 0
d 0 0 -6.1218495618865237e-16 0 0 -1.8338266651545008e-18 1668 1668 6.1401878285329213e-16 0 0 0
d 0 0 -6.1291326555008409e-16 0 0 -1.9118505844157448e-18 1670 1670 6.1482511613331699e-16 0 0 0
d 0 0 -6.1365597915766175e-16 0 0 -1.9931964289112654e-18 1672 1672 6.1564917558520986e-16 0 0 0
d 0 0 -6.1441361086580078e-16 0 0 -2.0780174963258298e-18 1674 1674 6.1649162836089405e-16 0 0 0
d 0 0 -6.1518669343376553e-16 0 0 -2.1664753966888106e-18 1676 1676 6.173531688295926e-16 0 0 0
d 0 0 -6.1597577925438916e-16 0 0 -2.2587405926824366e-18 1678 1678 6.1823451984681836e-16 0 0 0
d 0 0 -6.1678144112138202e-16 0 0 -2.35499298066363e-18 1680 1680 6.1913643410267939e-16 0 0 0
d 0 0 -6.1760427303908056e-16 0 0 -2.4554225158772103e-18 1682 1682 6.2005969555682784e-16 0 0 0
d 0 0 -6.1844489107886605e-16 0 0 -2.5602298856741069e-18 1684 1684 6.210051209680899e-16 0 0 0
d 0 0 -6.1930393428683652e-16 0 0 -2.6696272349187419e-18 1686 1686 6.2197356152754422e-16 0 0 0
d 0 0 -6.2018206564764452e-16 0 0 -2.7838389481785554e-18 1688 1688 6.2296590460455082e-16 0 0 0
d 0 0 -6.2107997310967414e-16 0 0 -2.9031024937394187e-18 1690 1690 6.2398307561594701e-16 0 0 0
d 0 0 -6.2199837067691074e-16 0 0 -3.0276693349873469e-18 1692 1692 6.2502604002930435e-16 0 0 0
d 0 0 -6.2293799957291907e-16 0 0 -3.1578059152432467e-18 1694 1694 6.2609580551174809e-16 0 0 0
d 0 0 -6.2389962948223914e-16 0 0 -3.2937947227373176e-18 1696 1696 6.2719342423633572e-16 0 0 0
d 0 0 -6.2488405987420673e-16 0 0 -3.4359354430667355e-18 1698 1698 6.2831999535834581e-16 0 0 0
d 0 0 -6.2589212141363994e-16 0 0 -3.5845462071977938e-18 1700 1700 6.2947666767398015e-16 0 0 0
d 0 0 -6.2692467746196407e-16 0 0 -3.7399649438548021e-18 1702 1702 6.3066464247389475e-16 0 0 0
d 0 0 -6.2798262567112284e-16 0 0 -3.902550845985284e-18 1704 1704 6.3188517660359288e-16 0 0 0
d 0 0 -6.2906689967099989e-16 0 0 -4.0726859619067695e-18 1706 1706 6.3313958574200685e-16 0 0 0
d 0 0 -6.3017847084905079e-16 0 0 -4.2507769227268837e-18 1708 1708 6.3442924790854463e-16 0 0 0
d 0 0 -6.3131835021842974e-16 0 0 -4.4372568186883186e-18 1710 1710 6.357556072075098e-16 0 0 0
d 0 0 -6.3248759036819165e-16 0 0 -4.6325872382282639e-18 1712 1712 6.3712017781722587e-16 0 0 0
d 0 0 -6.3368728748635295e-16 0 0 -4.8372604847662482e-18 1714 1714 6.3852454822960083e-16 0 0 0
d 0 0 -6.3491858344403125e-16 0 0 -5.0518019875606143e-18 1716 1716 6.399703857446388e-16 0 0 0
d 0 0 -6.3618266792710017e-16 0 0 -5.2767729244290693e-18 1718 1718 6.4145944122411932e-16 0 0 0
d 0 0 -6.3748078060154412e-16 0 0 -5.5127730757579764e-18 1720 1720 6.4299355411015876e-16 0 0 0
d 0 0 -6.3881421330099265e-16 0 0 -5.760443931098186e-18 1722 1722 6.4457465771873248e-16 0 0 0
d 0 0 -6.4018431223091264e-16 0 0 -6.0204720718628367e-18 1724 1724 6.4620478482666513e-16 0 0 0
d 0 0 -6.4159248019474401e-16 0 0 -6.2935928563352648e-18 1726 1726 6.4788607358415361e-16 0 0 0
d 0 0 -6.4304017886338757e-16 0 0 -6.5805944365080484e-18 1728 1728 6.4962077380400517e-16 0 0 0
d 0 0 -6.4452893112998205e-16 0 0 -6.8823221403228559e-18 1730 1730 6.5141125370255834e-16 0 0 0
d 0 0 -6.4606032361326726e-16 0 0 -7.1996832576652963e-18 1732 1732 6.53260007192439e-16 0 0 0
d 0 0 -6.476360093876014e-16 0 0 -7.5336522737435847e-18 1734 1734 6.5516966184690917e-16 0 0 0
d 0 0 -6.4925771101425803e-16 0 0 -7.8852765986108755e-18 1736 1736 6.5714298765799081e-16 0 0 0
d 0 0 -6.5092722391329117e-16 0 0 -8.255682845505894e-18 1738 1738 6.5918290668091602e-16 0 0 0
d 0 0 -6.5264642003874837e-16 0 0 -8.6460837120920507e-18 1740 1740 6.612925035841265e-16 0 0 0
d 0 0 -6.544172517084545e-16 0 0 -9.0577855167387639e-18 1742 1742 6.6347503701102121e-16 0 0 0
d 0 0 -6.5624175532615698e-16 0 0 -9.492196437470306e-18 1744 1744 6.6573395154051169e-16 0 0 0
d 0 0 -6.5812205468142864e-16 0 0 -9.9508354975771815e-18 1746 1746 6.6807288997543103e-16 0 0 0
d 0 0 -6.6006036359688481e-16 0 0 -1.0435342345467466e-17 1748 1748 6.7049570577410105e-16 0 0 0
d 0 0 -6.6205898796263195e-16 0 0 -1.0947487894594364e-17 1750 1750 6.7300647572872545e-16 0 0 0
d 0 0 -6.6412032763436241e-16 0 0 -1.1489185927334515e-17 1752 1752 6.7560951346962112e-16 0 0 0
d 0 0 -6.662468791613667e-16 0 0 -1.2062505823255545e-17 1754 1754 6.7830938492184901e-16 0 0 0
d 0 0 -6.6844124066191114e-16 0 0 -1.266968663683686e-17 1756 1756 6.8111092725740838e-16 0 0 0
d 0 0 -6.7070612015347931e-16 0 0 -1.331315280222346e-17 1758 1758 6.8401927292892128e-16 0 0 0
d 0 0 -6.7304434809860717e-16 0 0 -1.3995531756260031e-17 1760 1760 6.870398798373881e-16 0 0 0
d 0 0 -6.7545889381110816e-16 0 0 -1.4719673720801292e-17 1762 1762 6.9017856752003319e-16 0 0 0
d 0 0 -6.779528838718211e-16 0 0 -1.548867375998731e-17 1764 1764 6.9344155762302079e-16 0 0 0
d 0 0 -6.8052961922648067e-16 0 0 -1.6305896040264562e-17 1766 1766 6.9683551525926842e-16 0 0 0
d 0 0 -6.8319258664375587e-16 0 0 -1.7175000004694277e-17 1768 1768 7.0036758664080043e-16 0 0 0
d 0 0 -6.8594546001620967e-16 0 0 -1.8099967970027893e-17 1770 1770 7.0404542797676742e-16 0 0 0
d 0 0 -6.8879208763442684e-16 0 0 -1.9085133496610383e-17 1772 1772 7.0787722111736239e-16 0 0 0
d 0 0 -6.9173646285920004e-16 0 0 -2.0135209781067595e-17 1774 1774 7.1187167261839556e-16 0 0 0
d 0 0 -6.9478267726759569e-16 0 0 -2.1255317280803326e-17 1776 1776 7.1603799451124373e-16 0 0 0
d 0 0 -6.9793485711020479e-16 0 0 -2.2451009797300576e-17 1778 1778 7.2038586684224266e-16 0 0 0
d 0 0 -7.0119708565484563e-16 0 0 -2.3728298331359234e-17 1780 1780 7.2492538386952729e-16 0 0 0
d 0 0 -7.0457331567330444e-16 0 0 -2.5093672201724342e-17 1782 1782 7.2966698766473075e-16 0 0 0
d 0 0 -7.0806727796206796e-16 0 0 -2.6554117226021295e-17 1784 1784 7.3462139480849853e-16 0 0 0
d 0 0 -7.1168239335445116e-16 0 0 -2.8117131240472138e-17 1786 1786 7.397995239125866e-16 0 0 0
d 0 0 -7.1542169706427908e-16 0 0 -2.9790737911987793e-17 1788 1788 7.4521243376143985e-16 0 0 0
d 0 0 -7.1928778515228201e-16 0 0 -3.1583500670335286e-17 1790 1790 7.5087128369261616e-16 0 0 0
d 0 0 -7.2328279305992615e-16 0 0 -3.3504539604495209e-17 1792 1792 7.5678732900871798e-16 0 0 0
d 0 0 -7.2740841517778658e-16 0 0 -3.5563555223785232e-17 1794 1794 7.6297196429798814e-16 0 0 0
d 0 0 -7.3166597238044798e-16 0 0 -3.7770864005362423e-17 1796 1796 7.6943682653317386e-16 0 0 0
d 0 0 -7.360565319249916e-16 0 0 -4.0137451650112365e-17 1798 1798 7.7619396828653946e-16 0 0 0
d 0 0 -7.4058108093286125e-16 0 0 -4.267505081664102e-17 1800 1800 7.8325610906092069e-16 0 0 0
d 0 0 -7.4289394235633522e-16 0 0 -4.4011876558885138e-17 1801 1801 7.8690581892024049e-16 0 0 0
d 0 0 -7.4524075022345365e-16 0 0 -4.5396250412099321e-17 1802 1802 7.9063700064094743e-16 0 0 0
d 0 0 -7.4762171202076019e-16 0 0 -4.6829904009614475e-17 1803 1803 7.9445161603676511e-16 0 0 0
d 0 0 -7.5003707905711912e-16 0 0 -4.8314643416521851e-17 1804 1804 7.9835172248213736e-16 0 0 0
d 0 0 -7.5248715647603591e-16 0 0 -4.9852356364679754e-17 1805 1805 8.0233951285316497e-16 0 0 0
d 0 0 -7.5497231338583587e-16 0 0 -5.1445020389116605e-17 1806 1806 8.0641733379428713e-16 0 0 0
d 0 0 -7.5749299320054217e-16 0 0 -5.3094711941941269e-17 1807 1807 8.1058770517320481e-16 0 0 0
d 0 0 -7.6004972415738981e-16 0 0 -5.4803616571405124e-17 1808 1808 8.1485334077763503e-16 0 0 0
d 0 0 -7.626431300061991e-16 0 0 -5.6574040270370933e-17 1809 1809 8.192171703533905e-16 0 0 0
d 0 0 -7.652739409064696e-16 0 0 -5.840842212208256e-17 1810 1810 8.2368236314755223e-16 0 0 0
d 0 0 -7.6794300462371992e-16 0 0 -6.0309348404555487e-17 1811 1811 8.2825235320960017e-16 0 0 0
d 0 0 -7.7065129819261916e-16 0 0 -6.2279568362071896e-17 1812 1812 8.3293086682654723e-16 0 0 0
d 0 0 -7.7339994031813569e-16 0 0 -6.4322011918772065e-17 1813 1813 8.37721952638315e-16 0 0 0
d 0 0 -7.7619020492693428e-16 0 0 -6.6439809703016806e-17 1814 1814 8.4263001521426532e-16 0 0 0
d 0 0 -7.7902353647179686e-16 0 0 -6.863631588280406e-17 1815 1815 8.476598531939477e-16 0 0 0
d 0 0 -7.8190156784698506e-16 0 0 -7.0915134496596317e-17 1816 1816 8.5281670353431372e-16 0 0 0
d 0 0 -7.8482614211027883e-16 0 0 -7.328015021984835e-17 1817 1817 8.5810629399935285e-16 0 0 0
d 0 0 -7.8779933964907762e-16 0 0 -7.5735564860848902e-17 1818 1818 8.6353490682301678e-16 0 0 0
d 0 0 -7.9082351299757338e-16 0 0 -7.8285941363306387e-17 1819 1819 8.6910945752962078e-16 0 0 0
d 0 0 -7.9390133223556219e-16 0 0 -8.0936257749407778e-17 1820 1820 8.7483759427559147e-16 0 0 0
d 0 0 -7.9703584480178113e-16 0 0 -8.3691974317299989e-17 1821 1821 8.8072782485869067e-16 0 0 0
d 0 0 -8.0023055465193829e-16 0 0 -8.6559118570275305e-17 1822 1822 8.8678968080102526e-16 0 0 0
d 0 0 -8.0348952697605096e-16 0 0 -8.9544393861763133e-17 1823 1823 8.9303393070276297e-16 0 0 0
d 0 0 -8.068175261016777e-16 0 0 -9.2655319636643435e-17 1824 1824 8.994728583708757e-16 0 0 0
d 0 0 -8.1022019559691916e-16 0 0 -9.5900413439676087e-17 1825 1825 9.0612062490339935e-16 0 0 0
d 0 0 -8.1370429066279926e-16 0 0 -9.9289427471241631e-17 1826 1826 9.1299373759298578e-16 0 0 0
d 0 0 -8.1727797323374291e-16 0 0 -1.0283365521319079e-16 1827 1827 9.2011165158306277e-16 0 0 0
d 0 0 -8.2095117924970132e-16 0 0 -1.0654632622086889e-16 1828 1828 9.2749753182595843e-16 0 0 0
d 0 0 -8.2473606478307832e-16 0 0 -1.1044310919186341e-16 1829 1829 9.351792021251961e-16 0 0 0
d 0 0 -8.2864753269924252e-16 0 0 -1.1454274447492931e-16 1830 1830 9.431903040925867e-16 0 0 0
d 0 0 -8.3270383436103263e-16 0 0 -1.1886782707090739e-16 1831 1831 9.5157168156985341e-16 0 0 0
d 0 0 -8.3692723255834186e-16 0 0 -1.2344576030652378e-16 1832 1832 9.6037299685681243e-16 0 0 0
d 0 0 -8.4134470423429386e-16 0 0 -1.283098999321111e-16 1833 1833 9.6965457702550101e-16 0 0 0
d 0 0 -8.4598865774735691e-16 0 0 -1.3350091089402995e-16 1834 1834 9.7948948720927297e-16 0 0 0
d 0 0 -8.5089764918514259e-16 0 0 -1.3906837282323985e-16 1835 1835 9.8996585115487378e-16 0 0 0
d 0 0 -8.5611712770083503e-16 0 0 -1.4507271616197603e-16 1836 1836 1.0011895300727228e-15 0 0 0
d 0 0 -8.6170033628359524e-16 0 0 -1.5158767226469548e-16 1837 1837 1.0132874666048596e-15 0 0 0
d 0 0 -8.6770960316037531e-16 0 0 -1.5870356608784611e-16 1838 1838 1.0264122477307681e-15 0 0 0
d 0 0 -8.7421821633298921e-16 0 0 -1.6653184509833701e-16 1839 1839 1.0407484366500453e-15 0 0 0
d 0 0 -8.8131250668535849e-16 0 0 -1.7521085544798576e-16 1840 1840 1.0565201712904043e-15 0 0 0
d 0 0 -8.8909241579597187e-16 0 0 -1.8491160804569721e-16 1841 1841 1.0739964769240591e-15 0 0 0
d 0 0 -8.9766761130351385e-16 0 0 -1.9584059959314722e-16 1842 1842 1.0934858250054472e-15 0 0 0
d 0 0 -9.0714739749165152e-16 0 0 -2.0823675047317305e-16 1843 1843 1.1153034089671523e-15 0 0 0
d 0 0 -9.1762720289501578e-16 0 0 -2.2236306126687947e-16 1844 1844 1.1396703692397613e-15 0 0 0
d 0 0 -9.2917948078889595e-16 0 0 -2.3849951388130439e-16 1845 1845 1.1664579709255068e-15 0 0 0
d 0 0 -9.4185873298419308e-16 0 0 -2.5694922342017677e-16 1846 1846 1.1947450151053577e-15 0 0 0
d 0 0 -9.557283315576989e-16 0 0 -2.7807454895951659e-16 1847 1847 1.2338028805172606e-15 0 0 0
d 0 0 -9.7092266503106881e-16 0 0 -3.0239041393096296e-16 1848 1848 1.273313078962144e-15 0 0 0
d 0 0 -9.877670772859714e-16 0 0 -3.3078827689133431e-16 1849 1849 1.3185553541775915e-15 0 0 0
d 0 0 -1.0070853678232559e-15 0 0 -3.651470849168696e-16 1850 1850 1.3722324527412526e-15 0 0 0
d 0 0 -1.0311179819224349e-15 0 0 -4.1030584250669039e-16 1851 1851 1.4414238244321173e-15 0 0 0
d 0 0 -1.0678408996672408e-15 0 0 -4.8387442641082971e-16 1852 1852 1.5517125477834571e-15 0 0 0
d 0 0 -1.0832269448636127e-15 0 0 -5.162264588915998e-16 1852.25 1852.25 1.5994534037543574e-15 0 0 0
d 0 0 -1.094407284696046e-15 0 0 -5.402682211488582e-16 1852.375 1852.375 1.6346465686542302e-15 0 0 0
d 0 0 -1.1027234720430664e-15 0 0 -5.584195446053527e-16 1852.4375 1852.4375 1.6611430166500058e-15 0 0 0
d 0 0 -1.1094408115115521e-15 0 0 -5.7323989194706032e-16 1852.46875 1852.46875 1.6826807004052966e-15 0 0 0
d 0 0 -1.1122274115131324e-15 0 0 -5.7942657614190668e-16 1852.4765625 1852.4765625 1.691653987656837e-15 0 0 0
d 0 0 -1.1143626112274285e-15 0 0 -5.8418164733769715e-16 1852.48046875 1852.48046875 1.6985442585809426e-15 0 0 0
d 0 0 -1.1162813445853022e-15 0 0 -5.8846518669555264e-16 1852.482421875 1852.482421875 1.7047299279971045e-15 0 0 0
d 0 0 -1.1177202306299016e-15 0 0 -5.9168366255404902e-16 1852.48291015625 1852.48291015625 1.7094038931753186e-15 0 0 0
Q 4 13 "Source Voltage"
Q 5 13 "Gate Voltage"
Q 6 13 "Drain Voltage"
Q 7 13 "Substrate Voltage"
Q 22 13 "Source Current"
Q 23 13 "Gate Current"
Q 24 13 "Drain Current"
Q 25 13 "Substrate Current"
Q 92 21 Contact
Q 603 13 "Source Int. Voltage"
Q 604 13 "Gate Int. Voltage"
Q 605 13 "Drain Int. Voltage"
Q 606 13 "Substrate Int. Voltage"
EOF 425711894
