v VICTORYDEVICE
# silvaco.file ASCII version=1.14.29 format=1 contents=SDB,Tables=1

Copyright "###################################################################"
Copyright "#                    Copyright Silvaco Inc. (c)                   #"
Copyright "#                            1992-2014                            #"
Copyright "#                                                                 #"
Copyright "# This file format and the following Key are copyright Silvaco    #"
Copyright "# International. You may not use, this format or key without      #"
Copyright "# reproducing this message in full and obtaining                  #"
Copyright "# express written permission from Silvaco Inc.                    #"
Copyright "#                                                                 #"
Copyright "# To obtain such permission please contact: Silvaco Inc.          #"
Copyright "#                                           support@silvaco.com   #"
Copyright "#                                                                 #"
Copyright "# KEY=SVC86hn7562asdx                       PROD=345              #"
Copyright "###################################################################"
#This file was created by VICTORYDEVICE version 1.24.0.R
#victoryd 1.24.0.R (Wed Jun 26 14:38:19 PDT 2024)
#libSDB 1.12.65 (Thu Dec  7 08:14:05 PST 2023)
a VICTORYDEVICE
j 1 9
k 4
r 1 92
x 3 43 42 46
w gate 1 3
r 2 92
x 3 43 42 46
w source 1 4
r 3 92
x 3 43 42 46
w drain 1 5
r 4 92
x 3 43 42 46
w substrate 1 6
y 1 15
z 300
f 6 "#1" "#2" gate source drain substrate
p 12 4 603 22 5 604 23 6 605 24 7 606 25
d 0 0 -3.9643474672865933e-35 0 0 -1.7073436810891857e-16 0.01 0.01 1.7067919314771324e-16 0 0 0
d 0 0 -4.4252301297042068e-35 0 0 -7.3863653003194674e-16 0.1 0.1 7.3863653450333499e-16 0 0 0
d 0 0 -1.5539755414742261e-36 0 0 -8.5786589179254848e-16 0.5 0.5 8.5786589179254878e-16 0 0 0
d 0 0 -1.513061442552895e-36 0 0 -8.7543814221603909e-16 1 1 8.7543814221603918e-16 0 0 0
d 0 0 -1.7644786532340742e-36 0 0 -8.8878190136096874e-16 2 2 8.8878190136096874e-16 0 0 0
d 0 0 2.7381884617552934e-36 0 0 -9.0620074923514164e-16 4 4 9.0620074923603483e-16 0 0 0
d 0 0 6.0844982402401931e-31 0 0 -9.1805564738067647e-16 6 6 9.1805564739721238e-16 0 0 0
d 0 0 -2.3876191269816735e-34 0 0 -9.2343167656184046e-16 8 8 9.2343167656238043e-16 0 0 0
d 0 0 6.5026376695584681e-33 0 0 -9.2708155716670053e-16 10 10 9.270815571675103e-16 0 0 0
d 0 0 3.3545337800865433e-29 0 0 -9.2907166697164012e-16 12 12 9.2907166681631439e-16 0 0 0
d 0 0 5.2565272664400569e-27 0 0 -9.3013163391939771e-16 14 14 9.3013163557636317e-16 0 0 0
d 0 0 1.4996927670712704e-29 0 0 -9.3042022846364724e-16 16 16 9.3042022849366675e-16 0 0 0
d 0 0 4.322072112925124e-35 0 0 -9.3063279912580346e-16 18 18 9.3063279912584152e-16 0 0 0
d 0 0 5.5992520649862698e-34 0 0 -9.3083907169044996e-16 20 20 9.3083907169085149e-16 0 0 0
d 0 0 2.4980696645993561e-32 0 0 -9.3103535118550282e-16 22 22 9.3103535118373735e-16 0 0 0
d 0 0 -1.7673750560919033e-34 0 0 -9.3121949428531693e-16 24 24 9.3121949428504123e-16 0 0 0
d 0 0 7.0923790824476285e-33 0 0 -9.3139882390081139e-16 26 26 9.3139882403921862e-16 0 0 0
d 0 0 1.6433056426050099e-32 0 0 -9.3157153299054841e-16 28 28 9.3157153298855654e-16 0 0 0
d 0 0 5.8830695399149478e-33 0 0 -9.3171979845791766e-16 30 30 9.3171979845390098e-16 0 0 0
d 0 0 -1.2408660183867802e-34 0 0 -9.3185907029659483e-16 32 32 9.3185907055986552e-16 0 0 0
d 0 0 -2.9894501641381529e-35 0 0 -9.319866276972953e-16 34 34 9.3198662800567917e-16 0 0 0
d 0 0 -1.0534597955860241e-34 0 0 -9.3210975567894174e-16 36 36 9.3210975568879776e-16 0 0 0
d 0 0 1.0833244856104597e-34 0 0 -9.322300145065087e-16 38 38 9.3223000602175884e-16 0 0 0
d 0 0 1.4552228754550541e-33 0 0 -9.3234839840519555e-16 40 40 9.3234839924889116e-16 0 0 0
d 0 0 -3.0577343727698643e-34 0 0 -9.3245219394690125e-16 42 42 9.3245219526901083e-16 0 0 0
d 0 0 2.589005024810517e-35 0 0 -9.3254632046921408e-16 44 44 9.3254632036072677e-16 0 0 0
d 0 0 1.3369809720883757e-33 0 0 -9.3262736630499012e-16 46 46 9.3262736563428283e-16 0 0 0
d 0 0 5.8597534193909514e-34 0 0 -9.3269478937989824e-16 48 48 9.3269478901140257e-16 0 0 0
d 0 0 5.2582546255360453e-33 0 0 -9.3276194817357819e-16 50 50 9.3276194770113807e-16 0 0 0
d 0 0 5.7886416741244058e-33 0 0 -9.3282910347635813e-16 52 52 9.328291032994472e-16 0 0 0
d 0 0 4.0269475247290013e-33 0 0 -9.3289625090705585e-16 54 54 9.3289625074895551e-16 0 0 0
d 0 0 4.2532274929840736e-33 0 0 -9.3296335739813071e-16 56 56 9.3296335726006467e-16 0 0 0
d 0 0 4.2611216800219673e-33 0 0 -9.3303042025741993e-16 58 58 9.3303042014051804e-16 0 0 0
d 0 0 3.9409845987080045e-33 0 0 -9.3309738309902685e-16 60 60 9.3309738300742629e-16 0 0 0
d 0 0 4.3357814859429379e-33 0 0 -9.3316413990950721e-16 62 62 9.3316413980404932e-16 0 0 0
d 0 0 4.9064697448286867e-33 0 0 -9.3323078809639742e-16 64 64 9.3323078798278054e-16 0 0 0
d 0 0 5.2305534613078525e-33 0 0 -9.3329745763705814e-16 66 66 9.3329745752176769e-16 0 0 0
d 0 0 5.3329074992403511e-33 0 0 -9.3336416862667805e-16 68 68 9.3336416851215359e-16 0 0 0
d 0 0 5.1900318586778123e-33 0 0 -9.3343089482644656e-16 70 70 9.3343089470677222e-16 0 0 0
d 0 0 1.0029523367151872e-32 0 0 -9.3349754939117957e-16 72 72 9.334975491135449e-16 0 0 0
d 0 0 3.0438763617478534e-33 0 0 -9.335639914750561e-16 74 74 9.3356399133141597e-16 0 0 0
d 0 0 1.9383123385592614e-33 0 0 -9.3363006354270839e-16 76 76 9.3363006337858746e-16 0 0 0
d 0 0 2.0484748270914672e-33 0 0 -9.3369580639588911e-16 78 78 9.3369580578392987e-16 0 0 0
d 0 0 1.3322946213845283e-33 0 0 -9.3376132573268254e-16 80 80 9.3376132445454782e-16 0 0 0
d 0 0 1.1442968554658568e-33 0 0 -9.3382665301062359e-16 82 82 9.3382665168817539e-16 0 0 0
d 0 0 1.0428807126169521e-33 0 0 -9.3389175463661276e-16 84 84 9.3389175323805329e-16 0 0 0
d 0 0 8.8663389079123283e-34 0 0 -9.3395659483245651e-16 86 86 9.3395659343855862e-16 0 0 0
d 0 0 2.1408535443083211e-33 0 0 -9.3402108791829087e-16 88 88 9.3402108696362206e-16 0 0 0
d 0 0 2.4891235695338771e-33 0 0 -9.3408515477019579e-16 90 90 9.3408515394004137e-16 0 0 0
d 0 0 2.6972017374296034e-33 0 0 -9.3414878347380128e-16 92 92 9.3414878247503849e-16 0 0 0
d 0 0 -1.3986237425194427e-34 0 0 -9.3421200409605108e-16 94 94 9.3421200404917459e-16 0 0 0
d 0 0 -1.7027576380283957e-34 0 0 -9.3427475554672777e-16 96 96 9.3427475539366962e-16 0 0 0
d 0 0 -1.6838561725087578e-34 0 0 -9.3433679557199032e-16 98 98 9.3433679545158549e-16 0 0 0
d 0 0 -2.174023356983875e-34 0 0 -9.3439803115307435e-16 100 100 9.3439802949357745e-16 0 0 0
d 0 0 -1.7475962747049522e-34 0 0 -9.345485200568349e-16 105 105 9.3454851966525914e-16 0 0 0
d 0 0 -1.8438988055664472e-34 0 0 -9.3469554873981383e-16 110 110 9.3469554778793304e-16 0 0 0
d 0 0 -1.6699258184920898e-34 0 0 -9.3483751576461356e-16 115 115 9.3483751545560058e-16 0 0 0
d 0 0 -1.6810377708242399e-34 0 0 -9.34976756253913e-16 120 120 9.3497675566423947e-16 0 0 0
d 0 0 -1.6929328227482049e-34 0 0 -9.351140270370903e-16 125 125 9.3511402586284204e-16 0 0 0
d 0 0 -1.6511769584837203e-34 0 0 -9.3524937145776494e-16 130 130 9.3524937091467148e-16 0 0 0
d 0 0 -1.660587688688496e-34 0 0 -9.3538198082361404e-16 135 135 9.3538197943354074e-16 0 0 0
d 0 0 -1.673467494502825e-34 0 0 -9.3551103119040383e-16 140 140 9.3551102837594257e-16 0 0 0
d 0 0 -1.6464301702847521e-34 0 0 -9.3563647810559234e-16 145 145 9.3563647728865647e-16 0 0 0
d 0 0 -1.5652755020622482e-34 0 0 -9.3575513875087774e-16 150 150 9.3575514170305695e-16 0 0 0
d 0 0 -1.8382890933408392e-34 0 0 -9.3585964462895124e-16 155 155 9.3585962437434855e-16 0 0 0
d 0 0 -1.7727746919099713e-34 0 0 -9.3594699928687477e-16 160 160 9.359469845675505e-16 0 0 0
d 0 0 -1.7932797793669763e-34 0 0 -9.3603283385837354e-16 165 165 9.3603281514085233e-16 0 0 0
d 0 0 -1.6587735985496352e-34 0 0 -9.3611685393585473e-16 170 170 9.361168510963501e-16 0 0 0
d 0 0 -1.6617592782963386e-34 0 0 -9.361987507773839e-16 175 175 9.3619874694732103e-16 0 0 0
d 0 0 -1.6603649089779674e-34 0 0 -9.362776653651733e-16 180 180 9.3627766112269395e-16 0 0 0
d 0 0 -1.6695709996369711e-34 0 0 -9.3635624980821862e-16 185 185 9.3635624315917334e-16 0 0 0
d 0 0 -1.6768263428937763e-34 0 0 -9.3643533968124432e-16 190 190 9.364353306557169e-16 0 0 0
d 0 0 -1.6829786122073727e-34 0 0 -9.3651456763888041e-16 195 195 9.3651455604697666e-16 0 0 0
d 0 0 -1.686359817833029e-34 0 0 -9.3659373661677498e-16 200 200 9.3659372302004474e-16 0 0 0
d 0 0 -1.6884515719720783e-34 0 0 -9.3667271739832332e-16 205 205 9.366727021320378e-16 0 0 0
d 0 0 -1.6183951526384306e-34 0 0 -9.3675141879079459e-16 210 210 9.3675139300886758e-16 0 0 0
d 0 0 -1.690582615806338e-34 0 0 -9.3682978104031635e-16 215 215 9.3682976156373858e-16 0 0 0
d 0 0 -1.7755584843825553e-34 0 0 -9.3690778049582479e-16 220 220 9.3690777354084347e-16 0 0 0
d 0 0 -1.9070549763107447e-34 0 0 -9.3698542622176657e-16 225 225 9.3698544177943699e-16 0 0 0
d 0 0 -1.7301601842728198e-34 0 0 -9.3706277633274636e-16 230 230 9.3706278728537656e-16 0 0 0
d 0 0 -1.763093671437691e-34 0 0 -9.3713988359741566e-16 235 235 9.3713990014951981e-16 0 0 0
d 0 0 4.2371056261883416e-33 0 0 -9.3721669847803416e-16 240 240 9.3721671755927607e-16 0 0 0
d 0 0 -6.2469593688965571e-35 0 0 -9.3729320423426268e-16 245 245 9.3729321769921391e-16 0 0 0
d 0 0 4.0567140211239377e-33 0 0 -9.3736931256992859e-16 250 250 9.3736925505266733e-16 0 0 0
d 0 0 6.7365655672380485e-36 0 0 -9.3744245839172034e-16 255 255 9.374424370855071e-16 0 0 0
d 0 0 -2.6187134676172309e-34 0 0 -9.3751308933745284e-16 260 260 9.3751313023786163e-16 0 0 0
d 0 0 -3.1703467267999025e-34 0 0 -9.3757161237905685e-16 265 265 9.3757163810028969e-16 0 0 0
d 0 0 -4.1983284164469265e-34 0 0 -9.3762962120758244e-16 270 270 9.3762964852433162e-16 0 0 0
d 0 0 -5.892286686818629e-34 0 0 -9.3768735622334768e-16 275 275 9.3768738031293692e-16 0 0 0
d 0 0 -8.7131736982313181e-34 0 0 -9.3774486744309477e-16 280 280 9.3774488843167691e-16 0 0 0
d 0 0 -1.3344949978904112e-33 0 0 -9.3780218002758092e-16 285 285 9.37802198009202e-16 0 0 0
d 0 0 -2.0855749828334025e-33 0 0 -9.3785930549355866e-16 290 290 9.3785932083926689e-16 0 0 0
d 0 0 -3.2889075452863909e-33 0 0 -9.3791624758781496e-16 295 295 9.3791626079273692e-16 0 0 0
d 0 0 -5.1943339086470245e-33 0 0 -9.3797300460133651e-16 300 300 9.3797301615562836e-16 0 0 0
d 0 0 -8.2204080358078401e-33 0 0 -9.3802957043727946e-16 305 305 9.3802961023705867e-16 0 0 0
d 0 0 -1.2834182595791263e-32 0 0 -9.3808593524924018e-16 310 310 9.3808597179017858e-16 0 0 0
d 0 0 -1.9894312223505689e-32 0 0 -9.3814208720726862e-16 315 315 9.3814212152023033e-16 0 0 0
d 0 0 -3.0575914122774154e-32 0 0 -9.3819801458647724e-16 320 320 9.381980478158884e-16 0 0 0
d 0 0 -4.6485014640023991e-32 0 0 -9.3825372005119484e-16 325 325 9.3825368433941314e-16 0 0 0
d 0 0 -5.3883300887475313e-32 0 0 -9.3830924524563097e-16 330 330 9.383092258016791e-16 0 0 0
d 0 0 1.9258267659877e-32 0 0 -9.3836451959469481e-16 335 335 9.383644571522079e-16 0 0 0
d 0 0 -1.1303661923572299e-32 0 0 -9.3841950891890307e-16 340 340 9.3841942482049004e-16 0 0 0
d 0 0 -2.2636217842145879e-31 0 0 -9.3847420993051918e-16 345 345 9.3847413380581318e-16 0 0 0
d 0 0 -3.2870208613832458e-31 0 0 -9.3852852887208131e-16 350 350 9.3852838814964055e-16 0 0 0
d 0 0 -4.5808974716045627e-31 0 0 -9.3857968860950527e-16 355 355 9.3857971123980438e-16 0 0 0
d 0 0 -6.0620839016401809e-31 0 0 -9.3862667615848665e-16 360 360 9.3862677271510878e-16 0 0 0
d 0 0 -7.5786312828928981e-31 0 0 -9.3866874214502418e-16 365 365 9.3866869951573975e-16 0 0 0
d 0 0 -9.4291393495320667e-31 0 0 -9.3871053503939525e-16 370 370 9.3871049371715867e-16 0 0 0
d 0 0 -1.169115721194633e-30 0 0 -9.3875217559783658e-16 375 375 9.3875213512875327e-16 0 0 0
d 0 0 -1.445281198209231e-30 0 0 -9.3879370129904816e-16 380 380 9.3879366183689136e-16 0 0 0
d 0 0 -1.7818437227572363e-30 0 0 -9.3883513093430297e-16 385 385 9.3883509248723917e-16 0 0 0
d 0 0 -2.1912146166231673e-30 0 0 -9.3887647563230005e-16 390 390 9.3887643804811775e-16 0 0 0
d 0 0 -2.6881386311807677e-30 0 0 -9.3891773685312251e-16 395 395 9.3891770010530396e-16 0 0 0
d 0 0 -3.2901002339077555e-30 0 0 -9.3895891672818695e-16 400 400 9.3895888282718142e-16 0 0 0
d 0 0 -4.0177676202666806e-30 0 0 -9.3900001792353121e-16 405 405 9.3899998553523096e-16 0 0 0
d 0 0 -4.89550205876112e-30 0 0 -9.3904104121149371e-16 410 410 9.3904101039583165e-16 0 0 0
d 0 0 -5.9513266187208479e-30 0 0 -9.3908197170634983e-16 415 415 9.3908157263295026e-16 0 0 0
d 0 0 -7.2198616976731782e-30 0 0 -9.3912283415667322e-16 420 420 9.3912241353837122e-16 0 0 0
d 0 0 -8.7394484223568266e-30 0 0 -9.3916360839281286e-16 425 425 9.3916305777533109e-16 0 0 0
d 0 0 -1.0556250868450208e-29 0 0 -9.3920430563907315e-16 430 430 9.3920394596963808e-16 0 0 0
d 0 0 -1.2721348594766819e-29 0 0 -9.3924490176292619e-16 435 435 9.3924481987117287e-16 0 0 0
d 0 0 -1.5162069387315697e-29 0 0 -9.3928405098912884e-16 440 440 9.3928326615569538e-16 0 0 0
d 0 0 -1.8029923123459059e-29 0 0 -9.393229719853859e-16 445 445 9.393227995282548e-16 0 0 0
d 0 0 -2.0737137186678645e-29 0 0 -9.3935678491180982e-16 450 450 9.393566861868613e-16 0 0 0
d 0 0 -2.3509808326335223e-29 0 0 -9.3938840623292329e-16 455 455 9.3938824146309755e-16 0 0 0
d 0 0 -2.6599651305400499e-29 0 0 -9.3941980858317192e-16 460 460 9.3941964394019501e-16 0 0 0
d 0 0 -3.0050400659203229e-29 0 0 -9.3945107240539853e-16 465 465 9.3945085350954785e-16 0 0 0
d 0 0 -3.3903964611843053e-29 0 0 -9.3948222379574331e-16 470 470 9.3948196907300272e-16 0 0 0
d 0 0 -3.820518940039467e-29 0 0 -9.3951327691115079e-16 475 475 9.3951301502518656e-16 0 0 0
d 0 0 -4.3003144302794103e-29 0 0 -9.3954424136232837e-16 480 480 9.3954396795055904e-16 0 0 0
d 0 0 -4.8350719329172089e-29 0 0 -9.3957510825167269e-16 485 485 9.3957378671733294e-16 0 0 0
d 0 0 -5.4309984611493749e-29 0 0 -9.3960591972902119e-16 490 490 9.3960469715748218e-16 0 0 0
d 0 0 -6.0945196545363357e-29 0 0 -9.3963665950084356e-16 495 495 9.3963518792693931e-16 0 0 0
d 0 0 -6.8329457308571441e-29 0 0 -9.3966734022957236e-16 500 500 9.3966586710725761e-16 0 0 0
d 0 0 -7.6540839326961508e-29 0 0 -9.3969797205079226e-16 505 505 9.3969763211292814e-16 0 0 0
d 0 0 -8.5637373079137164e-29 0 0 -9.3972839568014806e-16 510 510 9.3972811851432951e-16 0 0 0
d 0 0 -9.4909554328775969e-29 0 0 -9.39756984297224e-16 515 515 9.3975650484277721e-16 0 0 0
d 0 0 -1.0519692191635602e-28 0 0 -9.3978562056262963e-16 520 520 9.3978340270238427e-16 0 0 0
d 0 0 -1.1444579726778671e-28 0 0 -9.3981026600851344e-16 525 525 9.3981006940736171e-16 0 0 0
d 0 0 -1.2433834935657941e-28 0 0 -9.3983466433962036e-16 530 530 9.3983446700272054e-16 0 0 0
d 0 0 -1.3498742598546617e-28 0 0 -9.3985896575658786e-16 535 535 9.3985877194407658e-16 0 0 0
d 0 0 -1.4646140359409584e-28 0 0 -9.3988319192431595e-16 540 540 9.3988174158049198e-16 0 0 0
d 0 0 -1.5882624564679812e-28 0 0 -9.3990736621958942e-16 545 545 9.3990507925125644e-16 0 0 0
d 0 0 -1.7214830203258839e-28 0 0 -9.3993148999926734e-16 550 550 9.3992811481923491e-16 0 0 0
d 0 0 -1.8649937848037584e-28 0 0 -9.3995558762379574e-16 555 555 9.3995494177010755e-16 0 0 0
d 0 0 -2.0194278790862839e-28 0 0 -9.3997961544974145e-16 560 560 9.3997894211560202e-16 0 0 0
d 0 0 -2.1850061547303553e-28 0 0 -9.4000350482873322e-16 565 565 9.3999767880370872e-16 0 0 0
d 0 0 -2.3493201549608256e-28 0 0 -9.400258537037812e-16 570 570 9.4002620656530012e-16 0 0 0
d 0 0 -2.524977517592206e-28 0 0 -9.4004813388532603e-16 575 575 9.4004501315216893e-16 0 0 0
d 0 0 -2.6864532600472034e-28 0 0 -9.4006782005329969e-16 580 580 9.4006845902635788e-16 0 0 0
d 0 0 -2.85611889739472e-28 0 0 -9.4008733458112092e-16 585 585 9.4008067818788194e-16 0 0 0
d 0 0 -3.0352654734031331e-28 0 0 -9.4010681207563187e-16 590 590 9.4010621342757489e-16 0 0 0
d 0 0 -3.2245312047389664e-28 0 0 -9.4012622923206446e-16 595 595 9.4012506211470974e-16 0 0 0
d 0 0 -3.4244759562880022e-28 0 0 -9.4014560215097077e-16 600 600 9.4014542264589562e-16 0 0 0
d 0 0 -3.6352116689445407e-28 0 0 -9.4016488212083478e-16 605 605 9.4015563494732172e-16 0 0 0
d 0 0 -3.8413450072161855e-28 0 0 -9.4018289945484396e-16 610 610 9.4018232850462501e-16 0 0 0
d 0 0 -4.0624967703027027e-28 0 0 -9.4020117620122528e-16 615 615 9.4019289183210763e-16 0 0 0
d 0 0 -4.2641093009501765e-28 0 0 -9.4021728908213866e-16 620 620 9.4021742071977443e-16 0 0 0
d 0 0 -4.4734127790106839e-28 0 0 -9.402332723900745e-16 625 625 9.4023120341099203e-16 0 0 0
d 0 0 -4.6916199178741111e-28 0 0 -9.4024919943162393e-16 630 630 9.4024957940168206e-16 0 0 0
d 0 0 -4.9184970912485815e-28 0 0 -9.4026423657684188e-16 635 635 9.4024893948189059e-16 0 0 0
d 0 0 -5.1381483251226643e-28 0 0 -9.4027978543488403e-16 640 640 9.4027957186179047e-16 0 0 0
d 0 0 -5.3685626762846249e-28 0 0 -9.4029461142089616e-16 645 645 9.4027555066882209e-16 0 0 0
d 0 0 -5.5816525304050661e-28 0 0 -9.403079106217542e-16 650 650 9.4030755495994375e-16 0 0 0
d 0 0 -5.8009451603942748e-28 0 0 -9.4032109501965256e-16 655 655 9.402785082564504e-16 0 0 0
d 0 0 -6.0129535102690835e-28 0 0 -9.4033342325379092e-16 660 660 9.402877807617335e-16 0 0 0
d 0 0 -6.2376704844539324e-28 0 0 -9.4034607188087603e-16 665 665 9.402591622615145e-16 0 0 0
d 0 0 -6.4406017342698643e-28 0 0 -9.4035715920198306e-16 670 670 9.4030249447481414e-16 0 0 0
d 0 0 -6.6480984408614418e-28 0 0 -9.4036815999652435e-16 675 675 9.4033675240935555e-16 0 0 0
d 0 0 -6.8613576749962643e-28 0 0 -9.4037913106370031e-16 680 680 9.4032890292885875e-16 0 0 0
d 0 0 -7.080627341888189e-28 0 0 -9.4039001824621497e-16 685 685 9.4032966638405439e-16 0 0 0
d 0 0 -7.3070040321881792e-28 0 0 -9.4040104298464445e-16 690 690 9.4038970464062035e-16 0 0 0
d 0 0 -7.5401409514887103e-28 0 0 -9.4041198475732693e-16 695 695 9.3930641611738787e-16 0 0 0
d 0 0 -7.7805505604912988e-28 0 0 -9.4042294703492061e-16 700 700 9.3769300688698695e-16 0 0 0
d 0 0 -8.0280899140533487e-28 0 0 -9.4043301405294825e-16 705 705 9.3805507661843788e-16 0 0 0
d 0 0 -8.2829129673770687e-28 0 0 -9.4044485165956955e-16 710 710 9.3863897097890617e-16 0 0 0
d 0 0 -8.5448761818424491e-28 0 0 -9.4045570061897467e-16 715 715 9.395365708558706e-16 0 0 0
d 0 0 -8.8145719828031436e-28 0 0 -9.4046670546696905e-16 720 720 9.3888633863729567e-16 0 0 0
d 0 0 -9.0917705093983638e-28 0 0 -9.4047759831317822e-16 725 725 9.3605345920395204e-16 0 0 0
d 0 0 -9.376747976580152e-28 0 0 -9.4048847338604492e-16 730 730 9.3281737657735728e-16 0 0 0
d 0 0 -9.6697141477555295e-28 0 0 -9.4049933441731412e-16 735 735 9.3629207598586501e-16 0 0 0
d 0 0 -9.9708223709431618e-28 0 0 -9.4051015991115074e-16 740 740 9.3011370855429422e-16 0 0 0
d 0 0 -1.028043273145728e-27 0 0 -9.405209884039752e-16 745 745 9.3157614967052548e-16 0 0 0
d 0 0 -1.0598843938947693e-27 0 0 -9.4053180634031017e-16 750 750 9.3088331855499659e-16 0 0 0
d 0 0 -1.0926189889118364e-27 0 0 -9.4054260928070797e-16 755 755 9.3649210797497746e-16 0 0 0
d 0 0 -1.1262653388803339e-27 0 0 -9.4055335747157247e-16 760 760 9.3822166647388088e-16 0 0 0
d 0 0 -1.1608575899246896e-27 0 0 -9.4056413054615472e-16 765 765 9.3876991770043366e-16 0 0 0
d 0 0 -1.1964347060427872e-27 0 0 -9.4057492340845115e-16 770 770 9.394272529492666e-16 0 0 0
d 0 0 -1.2330185950026286e-27 0 0 -9.4058567955300849e-16 775 775 9.3477023824425729e-16 0 0 0
d 0 0 -1.2706405118621764e-27 0 0 -9.4059642349137569e-16 780 780 9.3194003797669001e-16 0 0 0
d 0 0 -1.3093330479145204e-27 0 0 -9.4060716083855168e-16 785 785 9.3542872824338517e-16 0 0 0
d 0 0 -1.3491228570718364e-27 0 0 -9.4061789105340292e-16 790 790 9.3597742665490529e-16 0 0 0
d 0 0 -1.3900338053434733e-27 0 0 -9.406286126221998e-16 795 795 9.3597624215359497e-16 0 0 0
d 0 0 -1.4320955516378391e-27 0 0 -9.4063932531521201e-16 800 800 9.3619131359441818e-16 0 0 0
d 0 0 -1.4753454097568855e-27 0 0 -9.4065003033750231e-16 805 805 9.3695264091325864e-16 0 0 0
d 0 0 -1.5198193993944997e-27 0 0 -9.4066072838702799e-16 810 810 9.3698124440588722e-16 0 0 0
d 0 0 -1.5655471690973026e-27 0 0 -9.4067141836670678e-16 815 815 9.3693854250208009e-16 0 0 0
d 0 0 -1.6125666865199626e-27 0 0 -9.4068210084209832e-16 820 820 9.3703202287039642e-16 0 0 0
d 0 0 -1.6609216493783983e-27 0 0 -9.4069277721494511e-16 825 825 9.372271599795943e-16 0 0 0
d 0 0 -1.7106562121371904e-27 0 0 -9.4070344845800693e-16 830 830 9.3753228015111622e-16 0 0 0
d 0 0 -1.7618160086915293e-27 0 0 -9.4071411534512261e-16 835 835 9.3776195345456303e-16 0 0 0
d 0 0 -1.8144492059270704e-27 0 0 -9.407247786446111e-16 840 840 9.3790634744634677e-16 0 0 0
d 0 0 -1.868606650495236e-27 0 0 -9.4073543908431256e-16 845 845 9.3813524042691216e-16 0 0 0
d 0 0 -1.9243414061809833e-27 0 0 -9.4074609717004617e-16 850 850 9.3827880367663194e-16 0 0 0
d 0 0 -1.9817093534299759e-27 0 0 -9.407567532344239e-16 855 855 9.3833795494347274e-16 0 0 0
d 0 0 -2.0407705319595468e-27 0 0 -9.4076740764627352e-16 860 860 9.3835705826255897e-16 0 0 0
d 0 0 -2.1015901608627079e-27 0 0 -9.4077806095204016e-16 865 865 9.3840189471163e-16 0 0 0
d 0 0 -2.1642394481991755e-27 0 0 -9.4078871388683057e-16 870 870 9.3853510200757109e-16 0 0 0
d 0 0 -2.2287955009564167e-27 0 0 -9.4079936719147269e-16 875 875 9.3872986891426628e-16 0 0 0
d 0 0 -2.2953415673159899e-27 0 0 -9.4081002145479913e-16 880 880 9.3887850659499181e-16 0 0 0
d 0 0 -2.3639661670748304e-27 0 0 -9.4082067677850057e-16 885 885 9.3892946889340165e-16 0 0 0
d 0 0 -2.4347632558673737e-27 0 0 -9.4083133283505812e-16 890 890 9.3892643204537207e-16 0 0 0
d 0 0 -2.5078362626373302e-27 0 0 -9.408419894988806e-16 895 895 9.3896218654094371e-16 0 0 0
d 0 0 -2.5833022259757682e-27 0 0 -9.408526471107857e-16 900 900 9.3902699477436364e-16 0 0 0
d 0 0 -2.661292162211976e-27 0 0 -9.408633061682226e-16 905 905 9.3910051626398564e-16 0 0 0
d 0 0 -2.741950952378923e-27 0 0 -9.4087396708644215e-16 910 910 9.3918296939502382e-16 0 0 0
d 0 0 -2.8254388120475523e-27 0 0 -9.4088463018496498e-16 915 915 9.3926053434868913e-16 0 0 0
d 0 0 -2.9119335784722588e-27 0 0 -9.4089529573376471e-16 920 920 9.3935511191615106e-16 0 0 0
d 0 0 -3.0016332411557337e-27 0 0 -9.4090596398764639e-16 925 925 9.3943865969992498e-16 0 0 0
d 0 0 -3.09475864641146e-27 0 0 -9.4091663520380983e-16 930 930 9.3951867341999737e-16 0 0 0
d 0 0 -3.1915564366867736e-27 0 0 -9.4092730965243141e-16 935 935 9.3959743350087042e-16 0 0 0
d 0 0 -3.2923022758111406e-27 0 0 -9.4093798762349561e-16 940 940 9.396738737044094e-16 0 0 0
d 0 0 -3.3973044674457534e-27 0 0 -9.4094866943606531e-16 945 945 9.3974794278002976e-16 0 0 0
d 0 0 -3.506908074241526e-27 0 0 -9.40959355454583e-16 950 950 9.3981967080707079e-16 0 0 0
d 0 0 -3.6214987295548944e-27 0 0 -9.4097004606321625e-16 955 955 9.398891970380905e-16 0 0 0
d 0 0 -3.7415075623302075e-27 0 0 -9.4098074168443637e-16 960 960 9.399567764859327e-16 0 0 0
d 0 0 -3.867416391383519e-27 0 0 -9.4099144278747873e-16 965 965 9.4002285406680725e-16 0 0 0
d 0 0 -3.9997633121206554e-27 0 0 -9.4100214989539203e-16 970 970 9.4008803818172868e-16 0 0 0
d 0 0 -4.1391487187417526e-27 0 0 -9.4101286359290285e-16 975 975 9.4015320749463251e-16 0 0 0
d 0 0 -4.2862418788239478e-27 0 0 -9.410235845339465e-16 980 980 9.4021839722508396e-16 0 0 0
d 0 0 -4.4417885451530854e-27 0 0 -9.4103431344581705e-16 985 985 9.4028224661302172e-16 0 0 0
d 0 0 -4.6066205800069798e-27 0 0 -9.4104505112828042e-16 990 990 9.4034092566584361e-16 0 0 0
d 0 0 -4.7816679744468826e-27 0 0 -9.4105579845237907e-16 995 995 9.4039434081741283e-16 0 0 0
d 0 0 -4.9679714285317661e-27 0 0 -9.4106655639141806e-16 1000 1000 9.4043908004496282e-16 0 0 0
d 0 0 -5.1666916807427451e-27 0 0 -9.4107732602340975e-16 1005 1005 9.4046785212185446e-16 0 0 0
d 0 0 -5.3791187361265248e-27 0 0 -9.4108810863142101e-16 1010 1010 9.4048981101888906e-16 0 0 0
d 0 0 -5.6066826170409664e-27 0 0 -9.4109890566805065e-16 1015 1015 9.4053699125785197e-16 0 0 0
d 0 0 -5.8509694070103106e-27 0 0 -9.4110971878380513e-16 1020 1020 9.4057306799565458e-16 0 0 0
d 0 0 -6.1137409714466251e-27 0 0 -9.4112055014137482e-16 1025 1025 9.2955824629249907e-16 0 0 0
d 0 0 -6.3969534599858218e-27 0 0 -9.4113140135698306e-16 1030 1030 9.3023369357269252e-16 0 0 0
d 0 0 -6.7027819918761309e-27 0 0 -9.4114227514890729e-16 1035 1035 9.3088682269968733e-16 0 0 0
d 0 0 -7.0336457791946104e-27 0 0 -9.4115317438369585e-16 1040 1040 9.3151059882836832e-16 0 0 0
d 0 0 -7.3922379744318843e-27 0 0 -9.4116410240880624e-16 1045 1045 9.3210229322611834e-16 0 0 0
d 0 0 -7.7815591177755274e-27 0 0 -9.4117506316766223e-16 1050 1050 9.3266153996927187e-16 0 0 0
d 0 0 -8.2049593425691644e-27 0 0 -9.4118606135271416e-16 1055 1055 9.3318913806714015e-16 0 0 0
d 0 0 -8.6661888366283556e-27 0 0 -9.4119710260764512e-16 1060 1060 9.3368644431740304e-16 0 0 0
d 0 0 -9.1694596044102354e-27 0 0 -9.4120819379354186e-16 1065 1065 9.3415496451523817e-16 0 0 0
d 0 0 -9.7195211200250126e-27 0 0 -9.4121934418705917e-16 1070 1070 9.3951164866165927e-16 0 0 0
d 0 0 -1.0321743937143254e-26 0 0 -9.4123055742287525e-16 1075 1075 9.388446376255581e-16 0 0 0
d 0 0 -1.098225486059826e-26 0 0 -9.4124185712896612e-16 1080 1080 9.3885991029631672e-16 0 0 0
d 0 0 -1.1708005576074571e-26 0 0 -9.4125325419763662e-16 1085 1085 9.3887908234299375e-16 0 0 0
d 0 0 -1.2506906456172651e-26 0 0 -9.4126476761740061e-16 1090 1090 9.3890172695474212e-16 0 0 0
d 0 0 -1.3387891442441976e-26 0 0 -9.4127641952294804e-16 1095 1095 9.3892825447068101e-16 0 0 0
d 0 0 -1.4360959835862098e-26 0 0 -9.4128823498707203e-16 1100 1100 9.3895772292165463e-16 0 0 0
d 0 0 -1.5437176580622797e-26 0 0 -9.4130024142602178e-16 1105 1105 9.3897723178401765e-16 0 0 0
d 0 0 -1.6628660948225299e-26 0 0 -9.4131246792041046e-16 1110 1110 9.3901337061901169e-16 0 0 0
d 0 0 -1.7948611998479929e-26 0 0 -9.4132494484585458e-16 1115 1115 9.3904879445670692e-16 0 0 0
d 0 0 -1.9411398277844686e-26 0 0 -9.413377039545789e-16 1120 1120 9.3908898124516411e-16 0 0 0
d 0 0 -2.1032719327180954e-26 0 0 -9.4135077885416756e-16 1125 1125 9.3913294777057515e-16 0 0 0
d 0 0 -2.2829828644406925e-26 0 0 -9.4136420572473697e-16 1130 1130 9.3917972348404941e-16 0 0 0
d 0 0 -2.4821803186016984e-26 0 0 -9.4137802417671684e-16 1135 1135 9.3922921971645718e-16 0 0 0
d 0 0 -2.7029849072381096e-26 0 0 -9.4139227812956887e-16 1140 1140 9.392804880170337e-16 0 0 0
d 0 0 -2.9477641031876525e-26 0 0 -9.4140701670856937e-16 1145 1145 9.3933387342932362e-16 0 0 0
d 0 0 -3.2191699082118992e-26 0 0 -9.4142229512940751e-16 1150 1150 9.3938926915273065e-16 0 0 0
d 0 0 -3.5201809810663152e-26 0 0 -9.4143817563865164e-16 1155 1155 9.3944657204419709e-16 0 0 0
d 0 0 -3.8541501650254868e-26 0 0 -9.4145472852209757e-16 1160 1160 9.3950569358907153e-16 0 0 0
d 0 0 -4.2248581926843824e-26 0 0 -9.414720332149558e-16 1165 1165 9.3956656069211878e-16 0 0 0
d 0 0 -4.6365724650664484e-26 0 0 -9.4149017953047335e-16 1170 1170 9.3962905947111986e-16 0 0 0
d 0 0 -5.094125650413209e-26 0 0 -9.4150926911753061e-16 1175 1175 9.3969326619989697e-16 0 0 0
d 0 0 -5.6029878527624841e-26 0 0 -9.4152941701018743e-16 1180 1180 9.3975909937423162e-16 0 0 0
d 0 0 -6.1693602188245952e-26 0 0 -9.4155075345835472e-16 1185 1185 9.3982655732816554e-16 0 0 0
d 0 0 -6.8002786991729759e-26 0 0 -9.4157342599570182e-16 1190 1190 9.3989566035019896e-16 0 0 0
d 0 0 -7.5037322418966245e-26 0 0 -9.4159760180034289e-16 1195 1195 9.3996645594831397e-16 0 0 0
d 0 0 -8.2887980934925441e-26 0 0 -9.4162347041481134e-16 1200 1200 9.4003903827010274e-16 0 0 0
d 0 0 -9.165796750784584e-26 0 0 -9.4165124687950864e-16 1205 1205 9.4011353728644526e-16 0 0 0
d 0 0 -1.0146469271573612e-25 0 0 -9.4168117534976331e-16 1210 1210 9.401901272856006e-16 0 0 0
d 0 0 -1.1244179213053176e-25 0 0 -9.4171353326071221e-16 1215 1215 9.402690233084477e-16 0 0 0
d 0 0 -1.2474141447465619e-25 0 0 -9.4174863610700951e-16 1220 1220 9.4035048032810884e-16 0 0 0
d 0 0 -1.3853680859773401e-25 0 0 -9.4178684292438985e-16 1225 1225 9.4043479638197259e-16 0 0 0
d 0 0 -1.5402482154192076e-25 0 0 -9.4182846729044841e-16 1230 1230 9.3215792342047458e-16 0 0 0
d 0 0 -1.7143090761970715e-25 0 0 -9.418741565966384e-16 1235 1235 9.3257490079012623e-16 0 0 0
d 0 0 -1.9101037814411121e-25 0 0 -9.4192435514921219e-16 1240 1240 9.3299519588789692e-16 0 0 0
d 0 0 -2.130543224188508e-25 0 0 -9.4197966923411549e-16 1245 1245 9.3341514169203069e-16 0 0 0
d 0 0 -2.3789404019113031e-25 0 0 -9.42040791175135e-16 1250 1250 9.3383503793292007e-16 0 0 0
d 0 0 -2.6590653485834465e-25 0 0 -9.4210851193852303e-16 1255 1255 9.3425529636130076e-16 0 0 0
d 0 0 -2.9752074609572912e-25 0 0 -9.4218373552928521e-16 1260 1260 9.3467650747562624e-16 0 0 0
d 0 0 -3.3322462086173505e-25 0 0 -9.4226749534353382e-16 1265 1265 9.3509934720260799e-16 0 0 0
d 0 0 -3.7357315293274939e-25 0 0 -9.4236097265328496e-16 1270 1270 9.3552469800126668e-16 0 0 0
d 0 0 -4.1919749692078206e-25 0 0 -9.4246551735553623e-16 1275 1275 9.3595355540408523e-16 0 0 0
d 0 0 -4.7081533108492001e-25 0 0 -9.4258267111110993e-16 1280 1280 9.3638756555276279e-16 0 0 0
d 0 0 -5.292426211880492e-25 0 0 -9.4271419288373362e-16 1285 1285 9.3682815039168957e-16 0 0 0
d 0 0 -5.9540688922889609e-25 0 0 -9.4286208691360707e-16 1290 1290 9.3727709885564351e-16 0 0 0
d 0 0 -6.7036261078028524e-25 0 0 -9.4302863321107282e-16 1295 1295 9.3773667386300683e-16 0 0 0
d 0 0 -7.5530898861441844e-25 0 0 -9.4321642049867766e-16 1300 1300 9.3820953931318752e-16 0 0 0
d 0 0 -8.5160925162657462e-25 0 0 -9.4342838074202853e-16 1305 1305 9.3869851136479674e-16 0 0 0
d 0 0 -9.6081359264255004e-25 0 0 -9.4366783886459763e-16 1310 1310 9.3907376773096941e-16 0 0 0
d 0 0 -1.0846853022032971e-24 0 0 -9.4393850969353935e-16 1315 1315 9.3972564627194846e-16 0 0 0
d 0 0 -1.2252307508727048e-24 0 0 -9.4424458518693449e-16 1320 1320 9.402953959825767e-16 0 0 0
d 0 0 -1.3847343324408137e-24 0 0 -9.4459077008265023e-16 1325 1325 9.4089794302872272e-16 0 0 0
d 0 0 -1.5657990108260301e-24 0 0 -9.4498231946380217e-16 1330 1330 9.4153888981362285e-16 0 0 0
d 0 0 -1.7713939768422996e-24 0 0 -9.4542510124200564e-16 1335 1335 9.4222441866705241e-16 0 0 0
d 0 0 -2.0049109218545093e-24 0 0 -9.4592566291963373e-16 1340 1340 9.4296135477151176e-16 0 0 0
d 0 0 -2.270230906773625e-24 0 0 -9.4649131177049859e-16 1345 1345 9.4375721963466124e-16 0 0 0
d 0 0 -2.5718042057509489e-24 0 0 -9.4713021224969131e-16 1350 1350 9.4462031085001291e-16 0 0 0
d 0 0 -2.914745983596234e-24 0 0 -9.4785150442022997e-16 1355 1355 9.4555332872941876e-16 0 0 0
d 0 0 -3.3049512562580355e-24 0 0 -9.4866544776269692e-16 1360 1360 9.4657973660933239e-16 0 0 0
d 0 0 -3.7492333808358483e-24 0 0 -9.4958359310103774e-16 1365 1365 9.4770441102181369e-16 0 0 0
d 0 0 -4.2554914510565954e-24 0 0 -9.5061898930168005e-16 1370 1370 9.4894003433878388e-16 0 0 0
d 0 0 -4.8329135816906157e-24 0 0 -9.5178642997311965e-16 1375 1375 9.5030114801710569e-16 0 0 0
d 0 0 -5.4922252202025693e-24 0 0 -9.5310274898589559e-16 1380 1380 9.5180423880198715e-16 0 0 0
d 0 0 -6.2459944776396228e-24 0 0 -9.5458717565183943e-16 1385 1385 9.5346972413783019e-16 0 0 0
d 0 0 -7.1090097651843233e-24 0 0 -9.5626175763389746e-16 1390 1390 9.5531703126181029e-16 0 0 0
d 0 0 -8.0987493263197445e-24 0 0 -9.5815186388211907e-16 1395 1395 9.5736943892443107e-16 0 0 0
d 0 0 -9.2359676582788164e-24 0 0 -9.6028677674180987e-16 1400 1400 9.5965687926008897e-16 0 0 0
d 0 0 -9.7375413423136791e-24 0 0 -9.6121629179135338e-16 1402 1402 9.6118055608254068e-16 0 0 0
d 0 0 -1.026841202208436e-23 0 0 -9.621931552025986e-16 1404 1404 9.6216740072244581e-16 0 0 0
d 0 0 -1.083050595662936e-23 0 0 -9.6321948914998758e-16 1406 1406 9.6320029355918451e-16 0 0 0
d 0 0 -1.1425901436722491e-23 0 0 -9.6429799192661239e-16 1408 1408 9.6428146470988013e-16 0 0 0
d 0 0 -1.2056839046726174e-23 0 0 -9.6543152692009406e-16 1410 1410 9.6541338404687481e-16 0 0 0
d 0 0 -1.2725736134854975e-23 0 0 -9.6662313210150706e-16 1412 1412 9.6659864602765582e-16 0 0 0
d 0 0 -1.3435203930666254e-23 0 0 -9.6787603110106186e-16 1414 1414 9.6783997330846782e-16 0 0 0
d 0 0 -1.4188065868782564e-23 0 0 -9.6919364454649571e-16 1416 1416 9.6914021927595996e-16 0 0 0
d 0 0 -1.4987377946207622e-23 0 0 -9.705796020537938e-16 1418 1418 9.7050236970753244e-16 0 0 0
d 0 0 -1.5836451381590602e-23 0 0 -9.7203775493342559e-16 1420 1420 9.7192954330514288e-16 0 0 0
d 0 0 -1.6738877886078359e-23 0 0 -9.7357218968801021e-16 1422 1422 9.7342499080193868e-16 0 0 0
d 0 0 -1.7698557903828685e-23 0 0 -9.751872423840677e-16 1424 1424 9.7499209916338945e-16 0 0 0
d 0 0 -1.8719732272865231e-23 0 0 -9.7688774341618187e-16 1426 1426 9.7663080778065394e-16 0 0 0
d 0 0 -1.9807017766447937e-23 0 0 -9.7867829675046408e-16 1428 1428 9.7826321132724335e-16 0 0 0
d 0 0 -2.0965446495557331e-23 0 0 -9.805639828327699e-16 1430 1430 9.8005005253245631e-16 0 0 0
d 0 0 -2.2200511826327503e-23 0 0 -9.825504553380538e-16 1432 1432 9.8192110082329073e-16 0 0 0
d 0 0 -2.3518218590140868e-23 0 0 -9.8464355435322173e-16 1434 1434 9.8387981748638836e-16 0 0 0
d 0 0 -2.4925140854075357e-23 0 0 -9.8684948212869416e-16 1436 1436 9.8592974926193412e-16 0 0 0
d 0 0 -2.6428487326782445e-23 0 0 -9.8917482832065178e-16 1438 1438 9.8807438094224968e-16 0 0 0
d 0 0 -2.8036175801618099e-23 0 0 -9.9162659774566147e-16 1440 1440 9.9031707467341713e-16 0 0 0
d 0 0 -2.9756918335218356e-23 0 0 -9.9421224132649962e-16 1442 1442 9.926609931456198e-16 0 0 0
d 0 0 -3.1600318331917321e-23 0 0 -9.969396899306217e-16 1444 1444 9.9510900112382238e-16 0 0 0
d 0 0 -3.3576982313472405e-23 0 0 -9.9981739282966933e-16 1446 1446 9.9766354189341554e-16 0 0 0
d 0 0 -3.569864849703316e-23 0 0 -1.0028543595686155e-15 1448 1448 1.000326479207852e-15 0 0 0
d 0 0 -3.7978335348848051e-23 0 0 -1.0060602115617844e-15 1450 1450 1.0030989010268252e-15 0 0 0
d 0 0 -4.0430513701924127e-23 0 0 -1.0094452369300024e-15 1452 1452 1.0059808680495139e-15 0 0 0
d 0 0 -4.3071305956843287e-23 0 0 -1.0130175183279826e-15 1454 1454 1.0127912941278872e-15 0 0 0
d 0 0 -4.5918723232785409e-23 0 0 -1.0167940037882755e-15 1456 1456 1.0165119540237472e-15 0 0 0
d 0 0 -4.899293417032124e-23 0 0 -1.0207850658306341e-15 1458 1458 1.0204359528540919e-15 0 0 0
d 0 0 -5.2316589571676707e-23 0 0 -1.0250043623956549e-15 1460 1460 1.0245747781198924e-15 0 0 0
d 0 0 -5.5915201441077027e-23 0 0 -1.0294666378445807e-15 1462 1462 1.028940455119104e-15 0 0 0
d 0 0 -5.9817592736521428e-23 0 0 -1.0341878497034375e-15 1464 1464 1.0335455829254084e-15 0 0 0
d 0 0 -6.405642928995736e-23 0 0 -1.0391831131315858e-15 1466 1466 1.0391211390057181e-15 0 0 0
d 0 0 -6.8668868701963855e-23 0 0 -1.0444752546907496e-15 1468 1468 1.0443978363256342e-15 0 0 0
d 0 0 -7.3697309595707516e-23 0 0 -1.0500829892458365e-15 1470 1470 1.0499866556241165e-15 0 0 0
d 0 0 -7.919032116887606e-23 0 0 -1.0560288182279541e-15 1472 1472 1.0559092897358414e-15 0 0 0
d 0 0 -8.5203752037871641e-23 0 0 -1.0623374476449965e-15 1474 1474 1.0621893994832041e-15 0 0 0
d 0 0 -9.1802168903724913e-23 0 0 -1.0690361840558217e-15 1476 1476 1.0688529675415791e-15 0 0 0
d 0 0 -9.9061035955731323e-23 0 0 -1.0761558099711238e-15 1478 1478 1.0759291006693868e-15 0 0 0
d 0 0 -1.0706789341706402e-22 0 0 -1.0837300249747716e-15 1480 1480 1.0834491657035979e-15 0 0 0
d 0 0 -1.1592513807865389e-22 0 0 -1.0917962425543277e-15 1482 1482 1.0914476580834347e-15 0 0 0
d 0 0 -1.2575326817042734e-22 0 0 -1.1003937999532438e-15 1484 1484 1.1003535695205276e-15 0 0 0
d 0 0 -1.3669473855514783e-22 0 0 -1.1095739247550049e-15 1486 1486 1.1095233640004189e-15 0 0 0
d 0 0 -1.4891932040316792e-22 0 0 -1.1193874058788302e-15 1488 1488 1.1193236465932895e-15 0 0 0
d 0 0 -1.6263035741368772e-22 0 0 -1.1298940445923963e-15 1490 1490 1.1298133035165207e-15 0 0 0
d 0 0 -1.7807328614138045e-22 0 0 -1.1411621607786306e-15 1492 1492 1.1410593944446533e-15 0 0 0
d 0 0 -1.955466839928486e-22 0 0 -1.1532701854092108e-15 1494 1494 1.1531385920891008e-15 0 0 0
d 0 0 -2.1541599293809671e-22 0 0 -1.1663082000863102e-15 1496 1496 1.1661384772402884e-15 0 0 0
d 0 0 -2.3813528526915314e-22 0 0 -1.1803820337354129e-15 1498 1498 1.1801613734884744e-15 0 0 0
d 0 0 -2.6427423094730263e-22 0 0 -1.1956143647106566e-15 1500 1500 1.1955870908572937e-15 0 0 0
d 0 0 -2.9455612930353929e-22 0 0 -1.2121590296757631e-15 1502 1502 1.2121229075187971e-15 0 0 0
d 0 0 -3.2991250587346271e-22 0 0 -1.2301946609381261e-15 1504 1504 1.2301462721583392e-15 0 0 0
d 0 0 -3.715632444189422e-22 0 0 -1.2499432031338953e-15 1506 1506 1.2498775295722918e-15 0 0 0
d 0 0 -4.2113737714551128e-22 0 0 -1.2716824460249691e-15 1508 1508 1.2715919696192526e-15 0 0 0
d 0 0 -4.8086179905148124e-22 0 0 -1.2957680595073395e-15 1510 1510 1.2956412720629112e-15 0 0 0
d 0 0 -5.5386885455411708e-22 0 0 -1.3226683624600518e-15 1512 1512 1.3224872523251034e-15 0 0 0
d 0 0 -6.4472459609556499e-22 0 0 -1.3530194155632253e-15 1514 1514 1.3529963015137063e-15 0 0 0
d 0 0 -7.6039862775753102e-22 0 0 -1.3877377435260794e-15 1516 1516 1.3877040229703081e-15 0 0 0
d 0 0 -9.1220679123303234e-22 0 0 -1.4282055049441739e-15 1518 1518 1.4281559015134309e-15 0 0 0
d 0 0 -1.1202062937999072e-21 0 0 -1.4767149538767577e-15 1520 1520 1.4766428479570932e-15 0 0 0
d 0 0 -1.4251355078884024e-21 0 0 -1.5376088571092146e-15 1522 1522 1.5375123731967395e-15 0 0 0
d 0 0 -1.9330752880999862e-21 0 0 -1.6213933401697807e-15 1524 1524 1.6213879964106232e-15 0 0 0
d 0 0 -2.3683962030359195e-21 0 0 -1.6816782282346203e-15 1525 1525 1.6816535141790425e-15 0 0 0
d 0 0 -7.2272138998633632e-21 0 0 -2.0890287831491124e-15 1525.5 1525.5 2.0889995642761802e-15 0 0 0
d 0 0 -6.100799232223851e-21 0 0 -2.0177471955729475e-15 1526 1526 2.0176912512603438e-15 0 0 0
d 0 0 -5.7446924140246555e-21 0 0 -1.9933362294700717e-15 1526.125 1526.125 1.9932684312017421e-15 0 0 0
d 0 0 -5.5396123650501292e-21 0 0 -1.978801709244208e-15 1526.1875 1526.1875 1.9787357046583071e-15 0 0 0
d 0 0 -5.4260564230565248e-21 0 0 -1.9705932800761118e-15 1526.21875 1526.21875 1.9705452566840899e-15 0 0 0
d 0 0 -5.3016935796649766e-21 0 0 -1.9614672753570152e-15 1526.25 1526.25 1.9614157538642117e-15 0 0 0
d 0 0 -5.2340121671666152e-21 0 0 -1.9564388594741225e-15 1526.265625 1526.265625 1.9563719632396919e-15 0 0 0
d 0 0 -5.1984032487767908e-21 0 0 -1.9537745934823911e-15 1526.2734375 1526.2734375 1.9537273367823996e-15 0 0 0
d 0 0 -5.1614007616943929e-21 0 0 -1.9509935822846366e-15 1526.28125 1526.28125 1.9509306883008648e-15 0 0 0
d 0 0 -5.1227891868994374e-21 0 0 -1.948076505260267e-15 1526.2890625 1526.2890625 1.948014920682312e-15 0 0 0
d 0 0 -5.102797013340213e-21 0 0 -1.9465598147117832e-15 1526.29296875 1526.29296875 1.9465123876602063e-15 0 0 0
d 0 0 -5.082294495457567e-21 0 0 -1.9450005687823898e-15 1526.296875 1526.296875 1.9449507528687472e-15 0 0 0
d 0 0 -5.061232959268099e-21 0 0 -1.9433943347734441e-15 1526.30078125 1526.30078125 1.9433400444311659e-15 0 0 0
d 0 0 -5.0395562649988758e-21 0 0 -1.9417364252992005e-15 1526.3046875 1526.3046875 1.9416748852741057e-15 0 0 0
d 0 0 -5.028466467875087e-21 0 0 -1.9408860303677332e-15 1526.306640625 1526.306640625 1.9408333215624489e-15 0 0 0
d 0 0 -5.0171972455879838e-21 0 0 -1.9400206437969053e-15 1526.30859375 1526.30859375 1.9399728662544605e-15 0 0 0
d 0 0 -5.0057389805965048e-21 0 0 -1.9391398424220856e-15 1526.310546875 1526.310546875 1.9390780237116891e-15 0 0 0
d 0 0 -4.9940788086191747e-21 0 0 -1.9382416388037443e-15 1526.3125 1526.3125 1.9381838597609167e-15 0 0 0
d 0 0 -4.9822050593616674e-21 0 0 -1.9373255257301068e-15 1526.314453125 1526.314453125 1.9372705370207093e-15 0 0 0
d 0 0 -4.9761838262111432e-21 0 0 -1.936860390105849e-15 1526.3154296875 1526.3154296875 1.936806593818416e-15 0 0 0
d 0 0 -4.9701042849621567e-21 0 0 -1.9363905762947087e-15 1526.31640625 1526.31640625 1.9363289886103176e-15 0 0 0
d 0 0 -4.9639632910518721e-21 0 0 -1.9359151691621897e-15 1526.3173828125 1526.3173828125 1.9358637320958823e-15 0 0 0
d 0 0 -4.9577603471055266e-21 0 0 -1.9354350019063244e-15 1526.318359375 1526.318359375 1.935375677802661e-15 0 0 0
d 0 0 -4.9514916800716303e-21 0 0 -1.9349489009085368e-15 1526.3193359375 1526.3193359375 1.9348987088913019e-15 0 0 0
d 0 0 -4.9451565151644592e-21 0 0 -1.9344576454468659e-15 1526.3203125 1526.3203125 1.9343992986424333e-15 0 0 0
d 0 0 -4.9387508143149431e-21 0 0 -1.9339600655718941e-15 1526.3212890625 1526.3212890625 1.9339100038207191e-15 0 0 0
d 0 0 -4.9322734413561891e-21 0 0 -1.9334568903304856e-15 1526.322265625 1526.322265625 1.9333982071522071e-15 0 0 0
d 0 0 -4.9257200245434758e-21 0 0 -1.9329469375586634e-15 1526.3232421875 1526.3232421875 1.9328958194690712e-15 0 0 0
d 0 0 -4.9190891311938655e-21 0 0 -1.9324309006656996e-15 1526.32421875 1526.32421875 1.9323704631107395e-15 0 0 0
d 0 0 -4.9157433818731586e-21 0 0 -1.9321703619055092e-15 1526.32470703125 1526.32470703125 1.9321041409779162e-15 0 0 0
d 0 0 -4.912375992732359e-21 0 0 -1.9319075690827385e-15 1526.3251953125 1526.3251953125 1.931854111983708e-15 0 0 0
d 0 0 -4.908988190533409e-21 0 0 -1.9316434773117231e-15 1526.32568359375 1526.32568359375 1.9315855945034865e-15 0 0 0
d 0 0 -4.9055787330838886e-21 0 0 -1.9313775766369979e-15 1526.326171875 1526.326171875 1.9313148483656066e-15 0 0 0
d 0 0 -4.9021463470606512e-21 0 0 -1.9311093547137591e-15 1526.32666015625 1526.32666015625 1.9310582962393322e-15 0 0 0
d 0 0 -4.8986921303890103e-21 0 0 -1.9308396973595383e-15 1526.3271484375 1526.3271484375 1.9307841718726318e-15 0 0 0
d 0 0 -4.8952148096963074e-21 0 0 -1.9305681103661696e-15 1526.32763671875 1526.32763671875 1.9305076769156737e-15 0 0 0
d 0 0 -4.891713865100883e-21 0 0 -1.9302945500827062e-15 1526.328125 1526.328125 1.9302287511664228e-15 0 0 0
Q 4 13 "Gate Voltage"
Q 5 13 "Source Voltage"
Q 6 13 "Drain Voltage"
Q 7 13 "Substrate Voltage"
Q 22 13 "Gate Current"
Q 23 13 "Source Current"
Q 24 13 "Drain Current"
Q 25 13 "Substrate Current"
Q 92 21 Contact
Q 603 13 "Gate Int. Voltage"
Q 604 13 "Source Int. Voltage"
Q 605 13 "Drain Int. Voltage"
Q 606 13 "Substrate Int. Voltage"
EOF 925766374
