v VICTORYDEVICE
# silvaco.file ASCII version=1.14.29 format=1 contents=SDB,Tables=1

Copyright "###################################################################"
Copyright "#                    Copyright Silvaco Inc. (c)                   #"
Copyright "#                            1992-2014                            #"
Copyright "#                                                                 #"
Copyright "# This file format and the following Key are copyright Silvaco    #"
Copyright "# International. You may not use, this format or key without      #"
Copyright "# reproducing this message in full and obtaining                  #"
Copyright "# express written permission from Silvaco Inc.                    #"
Copyright "#                                                                 #"
Copyright "# To obtain such permission please contact: Silvaco Inc.          #"
Copyright "#                                           support@silvaco.com   #"
Copyright "#                                                                 #"
Copyright "# KEY=SVC86hn7562asdx                       PROD=345              #"
Copyright "###################################################################"
#This file was created by VICTORYDEVICE version 1.24.0.R
#victoryd 1.24.0.R (Wed Jun 26 14:38:19 PDT 2024)
#libSDB 1.12.65 (Thu Dec  7 08:14:05 PST 2023)
a VICTORYDEVICE
j 1 9
k 4
r 1 92
x 3 43 42 46
w gate 1 1
r 2 92
x 3 43 42 46
w source 1 2
r 3 92
x 3 43 42 46
w drain 1 3
r 4 92
x 3 43 42 46
w substrate 1 4
y 1 15
z 300
f 4 gate source drain substrate
p 12 2 601 20 3 602 21 4 603 22 5 604 23
d 0 0 -5.1896935806765226e-35 0 0 -1.7177257562243762e-16 0.01 0.01 1.7172239222646001e-16 0 0 0
d 0 0 -3.8441878620207287e-35 0 0 -7.4311405685521322e-16 0.1 0.1 7.4311407324186532e-16 0 0 0
d 0 0 2.4683443585828264e-34 0 0 -8.6362705254334725e-16 0.5 0.5 8.6362705254827911e-16 0 0 0
d 0 0 -1.5296638679905015e-36 0 0 -8.8205388792990434e-16 1 1 8.8205388792990483e-16 0 0 0
d 0 0 -1.9256804750247906e-36 0 0 -8.9638953294304582e-16 2 2 8.963895329430472e-16 0 0 0
d 0 0 1.1939918679588415e-36 0 0 -9.1588480985879797e-16 4 4 9.158848098602047e-16 0 0 0
d 0 0 9.4439308634946485e-35 0 0 -9.298364479839699e-16 6 6 9.2983644797900303e-16 0 0 0
d 0 0 3.1620831038809247e-34 0 0 -9.4182807177768554e-16 8 8 9.418280717755994e-16 0 0 0
d 0 0 9.5488699538116482e-32 0 0 -9.5031014632370567e-16 10 10 9.503101463225703e-16 0 0 0
d 0 0 3.8554161460381117e-30 0 0 -9.5638724331409208e-16 12 12 9.563872434735826e-16 0 0 0
d 0 0 1.3690582130807668e-31 0 0 -9.6225030722820779e-16 14 14 9.6225030733870097e-16 0 0 0
d 0 0 1.2493236182876992e-32 0 0 -9.689294919083161e-16 16 16 9.6892949197997248e-16 0 0 0
d 0 0 4.417145819215033e-32 0 0 -9.7572355202565277e-16 18 18 9.7572355205922551e-16 0 0 0
d 0 0 -8.5392647505617179e-34 0 0 -9.8231513241510027e-16 20 20 9.8231513242376176e-16 0 0 0
d 0 0 1.9566444368726653e-32 0 0 -9.8865831390423462e-16 22 22 9.8865831389368479e-16 0 0 0
d 0 0 5.5187704224072224e-31 0 0 -9.9351824722705348e-16 24 24 9.9351824717614966e-16 0 0 0
d 0 0 2.0190353430567818e-30 0 0 -9.9763455967678275e-16 26 26 9.9763455960170804e-16 0 0 0
d 0 0 2.4943205388815414e-30 0 0 -1.0016694900832553e-15 28 28 1.0016694900144047e-15 0 0 0
d 0 0 4.4192565807716435e-29 0 0 -1.0056453035040165e-15 30 30 1.0056453033354817e-15 0 0 0
d 0 0 -2.6338209027439468e-33 0 0 -1.0095350789381097e-15 32 32 1.0095350789656504e-15 0 0 0
d 0 0 1.8246031095895047e-32 0 0 -1.0133369818924497e-15 34 34 1.013336981911745e-15 0 0 0
d 0 0 1.2991519274392921e-31 0 0 -1.0170618193856068e-15 36 36 1.0170618194141681e-15 0 0 0
d 0 0 8.0799764340926818e-32 0 0 -1.0207091215120321e-15 38 38 1.0207091215318797e-15 0 0 0
d 0 0 2.0323313828483581e-31 0 0 -1.0242801863185618e-15 40 40 1.0242801863448161e-15 0 0 0
d 0 0 3.5858287372474483e-31 0 0 -1.0277785552317202e-15 42 42 1.0277785552636438e-15 0 0 0
d 0 0 3.2035485899935296e-31 0 0 -1.031191938628854e-15 44 44 1.0311919386630091e-15 0 0 0
d 0 0 1.2546227323123953e-28 0 0 -1.0342677675598425e-15 46 46 1.0342677672196644e-15 0 0 0
d 0 0 5.3467609433556421e-29 0 0 -1.0369927451498528e-15 48 48 1.0369927454700499e-15 0 0 0
d 0 0 4.7746249781579866e-29 0 0 -1.03946829103015e-15 50 50 1.0394682913030235e-15 0 0 0
d 0 0 4.1193841646747959e-29 0 0 -1.0419193532952648e-15 52 52 1.0419193535543496e-15 0 0 0
d 0 0 3.3385472714052302e-29 0 0 -1.0443448852241215e-15 54 54 1.0443448854755086e-15 0 0 0
d 0 0 2.4221984932843084e-29 0 0 -1.0467427631018309e-15 56 56 1.046742763351673e-15 0 0 0
d 0 0 1.3536432366656746e-29 0 0 -1.0491170753679974e-15 58 58 1.0491170756247131e-15 0 0 0
d 0 0 -2.3156784005105832e-29 0 0 -1.0514727057462514e-15 60 60 1.0514727059098436e-15 0 0 0
d 0 0 -2.1635264976149936e-30 0 0 -1.0538114659857375e-15 62 62 1.0538114665421586e-15 0 0 0
d 0 0 -1.2935675228308834e-29 0 0 -1.056134251548524e-15 64 64 1.0561342523501457e-15 0 0 0
d 0 0 -2.2776217231288261e-29 0 0 -1.0584417505126673e-15 66 66 1.0584417516288274e-15 0 0 0
d 0 0 -1.6232563702697821e-28 0 0 -1.0607345659308751e-15 68 68 1.0607345662753131e-15 0 0 0
d 0 0 -2.4222251475753708e-28 0 0 -1.0630133572454731e-15 70 70 1.0630133577228541e-15 0 0 0
d 0 0 -3.6741332709804095e-28 0 0 -1.0652788253860311e-15 72 72 1.065278825875356e-15 0 0 0
d 0 0 -5.5258908181254013e-28 0 0 -1.0675340392626678e-15 74 74 1.0675340396875985e-15 0 0 0
d 0 0 -8.1390024148701372e-28 0 0 -1.0697816832495694e-15 76 76 1.0697816836561073e-15 0 0 0
d 0 0 -1.1674453203470444e-27 0 0 -1.0720190880875682e-15 78 78 1.0720190886970349e-15 0 0 0
d 0 0 -1.7068393119917179e-27 0 0 -1.07429395337013e-15 80 80 1.0742939537884659e-15 0 0 0
d 0 0 1.1955674811877034e-26 0 0 -1.0764916914947671e-15 82 82 1.076491709820516e-15 0 0 0
d 0 0 6.6735447375442022e-29 0 0 -1.0785231952049881e-15 84 84 1.0785232048301115e-15 0 0 0
d 0 0 -3.3610157647212101e-27 0 0 -1.0803829726758967e-15 86 86 1.0803829778530733e-15 0 0 0
d 0 0 -3.3749691730496388e-27 0 0 -1.0820357572779287e-15 88 88 1.0820357648430876e-15 0 0 0
d 0 0 -4.7006312301802266e-27 0 0 -1.0836903572353401e-15 90 90 1.0836903646116043e-15 0 0 0
d 0 0 -6.2714904787746447e-27 0 0 -1.0853498110736961e-15 92 92 1.0853498182420274e-15 0 0 0
d 0 0 -8.1461396311684919e-27 0 0 -1.087016511491642e-15 94 94 1.0870165184101955e-15 0 0 0
d 0 0 -1.0377567848203605e-26 0 0 -1.0886920766132396e-15 96 96 1.0886920832463243e-15 0 0 0
d 0 0 -1.3026955870815481e-26 0 0 -1.0903777927769793e-15 98 98 1.0903777990973224e-15 0 0 0
d 0 0 -1.6168661665141754e-26 0 0 -1.0920748633618831e-15 100 100 1.0920748693488418e-15 0 0 0
d 0 0 -2.7204452377787705e-26 0 0 -1.0963750479846383e-15 105 105 1.096375050370768e-15 0 0 0
d 0 0 -4.3333430804747864e-26 0 0 -1.1007720326928153e-15 110 110 1.100772034510805e-15 0 0 0
d 0 0 -6.8232761810606484e-26 0 0 -1.105282043751725e-15 115 115 1.1052820451323118e-15 0 0 0
d 0 0 -1.0616879195408641e-25 0 0 -1.1099166188390657e-15 120 120 1.1099166252768432e-15 0 0 0
d 0 0 -1.6490002592614379e-25 0 0 -1.1146815616728089e-15 125 125 1.1146815661766335e-15 0 0 0
d 0 0 -2.5382340547173503e-25 0 0 -1.1195772829025926e-15 130 130 1.1195772870334152e-15 0 0 0
d 0 0 -3.8795120406452627e-25 0 0 -1.1245987576265889e-15 135 135 1.1245987614621277e-15 0 0 0
d 0 0 -5.8718192580708312e-25 0 0 -1.129729303647597e-15 140 140 1.1297293089086782e-15 0 0 0
d 0 0 -4.2007518518264451e-25 0 0 -1.134644391171122e-15 145 145 1.1346443516906786e-15 0 0 0
d 0 0 -1.1498536850426127e-24 0 0 -1.1387424963099146e-15 150 150 1.1387425052217906e-15 0 0 0
d 0 0 -1.4183804598823206e-24 0 0 -1.1423693886156566e-15 155 155 1.1423693997479291e-15 0 0 0
d 0 0 -1.7474630309276398e-24 0 0 -1.1461727989420799e-15 160 160 1.1461728075649356e-15 0 0 0
d 0 0 -2.1478226383996883e-24 0 0 -1.1499744707146796e-15 165 165 1.1499744812295496e-15 0 0 0
d 0 0 -2.6356169806794226e-24 0 0 -1.15380506626891e-15 170 170 1.1538050780756056e-15 0 0 0
d 0 0 -3.2291273440112183e-24 0 0 -1.1576742639228861e-15 175 175 1.1576742768454669e-15 0 0 0
d 0 0 -3.9502086732733636e-24 0 0 -1.1615862760584503e-15 180 180 1.1615862899665514e-15 0 0 0
d 0 0 -4.8248994803240715e-24 0 0 -1.1655430391033372e-15 185 185 1.1655430540961686e-15 0 0 0
d 0 0 -5.8841708621833058e-24 0 0 -1.1695452736916759e-15 190 190 1.1695452899797128e-15 0 0 0
d 0 0 -7.1647470933707723e-24 0 0 -1.1735928929879157e-15 195 195 1.1735929108449559e-15 0 0 0
d 0 0 -8.7100006553576152e-24 0 0 -1.1776851291239898e-15 200 200 1.1776851488816067e-15 0 0 0
d 0 0 -1.0570872810462721e-23 0 0 -1.1818203998108519e-15 205 205 1.1818204218430061e-15 0 0 0
d 0 0 -1.2804689957380804e-23 0 0 -1.1859956472398155e-15 210 210 1.1859956803816319e-15 0 0 0
d 0 0 -1.4064026287349666e-23 0 0 -1.1880963823963939e-15 212.5 212.5 1.1880964373280025e-15 0 0 0
d 0 0 -1.5460755840945984e-23 0 0 -1.1902036336862877e-15 215 215 1.1902036899515565e-15 0 0 0
d 0 0 -1.8459690676068876e-23 0 0 -1.1942409928594311e-15 220 220 1.1942410201419927e-15 0 0 0
d 0 0 -2.204636215199294e-23 0 0 -1.1982897325176603e-15 225 225 1.1982898072120009e-15 0 0 0
d 0 0 -2.5819516360660083e-23 0 0 -1.2024632000423913e-15 230 230 1.202463272150469e-15 0 0 0
d 0 0 -3.0410421141364603e-23 0 0 -1.2066857234218615e-15 235 235 1.2066857698126231e-15 0 0 0
d 0 0 -3.5595552951270864e-23 0 0 -1.210918789314374e-15 240 240 1.2109188221838478e-15 0 0 0
d 0 0 -3.8421026351406088e-23 0 0 -1.2130717916533127e-15 242.5 242.5 1.2130718695161522e-15 0 0 0
d 0 0 -4.1554235081407353e-23 0 0 -1.2152696276427501e-15 245 245 1.2152697081482332e-15 0 0 0
d 0 0 -4.7521136398559424e-23 0 0 -1.2193966014470974e-15 250 250 1.219396896075684e-15 0 0 0
d 0 0 -5.4450746994579874e-23 0 0 -1.2230232023649862e-15 255 255 1.2230231411468974e-15 0 0 0
d 0 0 -5.9576229591267502e-23 0 0 -1.2256972389658849e-15 260 260 1.2256973031937865e-15 0 0 0
d 0 0 -6.5001761954564302e-23 0 0 -1.2283586913032999e-15 265 265 1.228358754489061e-15 0 0 0
d 0 0 -7.0868054614452794e-23 0 0 -1.2310287421679726e-15 270 270 1.2310288034699838e-15 0 0 0
d 0 0 -7.7211188734265338e-23 0 0 -1.2337115376649404e-15 275 275 1.233711597022781e-15 0 0 0
d 0 0 -8.4064505397737324e-23 0 0 -1.2364085428836692e-15 280 280 1.2364086008975726e-15 0 0 0
d 0 0 -9.1462961688182186e-23 0 0 -1.239120605164556e-15 285 285 1.2391206451700046e-15 0 0 0
d 0 0 -9.9441968179615275e-23 0 0 -1.241848664036245e-15 290 290 1.2418487161737105e-15 0 0 0
d 0 0 -1.0800704326752605e-22 0 0 -1.2445942474498531e-15 295 295 1.2445944112183006e-15 0 0 0
d 0 0 -1.1345097164803354e-22 0 0 -1.2473589119278043e-15 300 300 1.2473592155627978e-15 0 0 0
d 0 0 -5.7891727497894162e-23 0 0 -1.2501393526254018e-15 305 305 1.2501397121485574e-15 0 0 0
d 0 0 -1.2605387644247101e-22 0 0 -1.2526693960577051e-15 310 310 1.2526695172910219e-15 0 0 0
d 0 0 -1.4506760495731014e-22 0 0 -1.2549308835692417e-15 315 315 1.2549307554153265e-15 0 0 0
d 0 0 -1.4981975206968894e-22 0 0 -1.2566148614878128e-15 320 320 1.2566138969975104e-15 0 0 0
d 0 0 -1.5872091583009613e-22 0 0 -1.2582642347051213e-15 325 325 1.2582636282373727e-15 0 0 0
d 0 0 -1.6625299527396432e-22 0 0 -1.2599059574403421e-15 330 330 1.2599063597298241e-15 0 0 0
d 0 0 -1.738141658157843e-22 0 0 -1.2615442583407772e-15 335 335 1.2615443501142831e-15 0 0 0
d 0 0 -1.786546691775776e-22 0 0 -1.2631667635513514e-15 340 340 1.2631645699715791e-15 0 0 0
d 0 0 -1.8842101634329264e-22 0 0 -1.2646289838745467e-15 345 345 1.2646222936228179e-15 0 0 0
d 0 0 -1.7726173795542359e-22 0 0 -1.2657644777291135e-15 350 350 1.2657566506001964e-15 0 0 0
d 0 0 -1.9969298723549688e-22 0 0 -1.2668239153037671e-15 355 355 1.2668164701627653e-15 0 0 0
d 0 0 -2.0399638744070783e-22 0 0 -1.2677977842610511e-15 360 360 1.2676969075423534e-15 0 0 0
d 0 0 -2.0916056088387673e-22 0 0 -1.2686755740221309e-15 365 365 1.2684168151721198e-15 0 0 0
d 0 0 -2.1384249473308566e-22 0 0 -1.2695379884843792e-15 370 370 1.2691904115278498e-15 0 0 0
d 0 0 -2.187858699964513e-22 0 0 -1.270396859417856e-15 375 375 1.2703830211772905e-15 0 0 0
d 0 0 -2.2366117273903205e-22 0 0 -1.2712523317978953e-15 380 380 1.269636153959951e-15 0 0 0
d 0 0 -2.2890625221767512e-22 0 0 -1.2721044833522442e-15 385 385 1.2706448749199142e-15 0 0 0
d 0 0 -2.339629839880547e-22 0 0 -1.2729550188652681e-15 390 390 1.2705365129742981e-15 0 0 0
d 0 0 -2.3910920181305829e-22 0 0 -1.2738047557956526e-15 395 395 1.2721302612878231e-15 0 0 0
d 0 0 -2.4171494092636266e-22 0 0 -1.2742294552453745e-15 397.5 397.5 1.2713054035610861e-15 0 0 0
d 0 0 -2.443264633095532e-22 0 0 -1.2746541290989179e-15 400 400 1.2676869336211008e-15 0 0 0
d 0 0 -2.4969814154529381e-22 0 0 -1.2755037323795011e-15 405 405 1.2734367829058577e-15 0 0 0
d 0 0 -2.55039166475485e-22 0 0 -1.276354149517496e-15 410 410 1.2697877052536889e-15 0 0 0
d 0 0 -2.6058323317480212e-22 0 0 -1.2772044210678291e-15 415 415 1.2691780245523599e-15 0 0 0
d 0 0 -2.6632830660527006e-22 0 0 -1.2780550548804718e-15 420 420 1.2733432235151718e-15 0 0 0
d 0 0 -2.7215532366453114e-22 0 0 -1.2789061847009659e-15 425 425 1.2774785587819803e-15 0 0 0
d 0 0 -2.7807867739629696e-22 0 0 -1.2797578975147818e-15 430 430 1.2794902281650026e-15 0 0 0
d 0 0 -2.8409708471954702e-22 0 0 -1.2806099724727819e-15 435 435 1.2800116963171196e-15 0 0 0
d 0 0 -2.9021101939945831e-22 0 0 -1.2814617908230363e-15 440 440 1.2770126977979535e-15 0 0 0
d 0 0 -2.9648312682985421e-22 0 0 -1.2823135175847099e-15 445 445 1.2817330219299291e-15 0 0 0
d 0 0 -3.0285194442955581e-22 0 0 -1.283164910815411e-15 450 450 1.2776119062702299e-15 0 0 0
d 0 0 -3.0933887612296899e-22 0 0 -1.284015814579084e-15 455 455 1.2723377242117283e-15 0 0 0
d 0 0 -3.1595491677247554e-22 0 0 -1.2848663307210966e-15 460 460 1.2751313572410144e-15 0 0 0
d 0 0 -3.2269459407002842e-22 0 0 -1.2857164970629022e-15 465 465 1.2778676473926301e-15 0 0 0
d 0 0 -3.2956062773820087e-22 0 0 -1.2865663090719166e-15 470 470 1.279407234653735e-15 0 0 0
d 0 0 -3.3655508921893494e-22 0 0 -1.2874157291785616e-15 475 475 1.28110078561601e-15 0 0 0
d 0 0 -3.4368043079803507e-22 0 0 -1.2882648001226735e-15 480 480 1.2829093856502972e-15 0 0 0
d 0 0 -3.509399603536654e-22 0 0 -1.2891136422761352e-15 485 485 1.2847633433730083e-15 0 0 0
d 0 0 -3.5833691261749474e-22 0 0 -1.289962360362589e-15 490 490 1.2862188750057303e-15 0 0 0
d 0 0 -3.6587378229652763e-22 0 0 -1.2908109632160709e-15 495 495 1.287391021965329e-15 0 0 0
d 0 0 -3.7355257726249093e-22 0 0 -1.2916594031532138e-15 500 500 1.2885643556738663e-15 0 0 0
d 0 0 -3.813761006243906e-22 0 0 -1.292507715982781e-15 505 505 1.2898594329832451e-15 0 0 0
d 0 0 -3.8934760062581816e-22 0 0 -1.293355986875484e-15 510 510 1.2910799704970353e-15 0 0 0
d 0 0 -3.9747017163503625e-22 0 0 -1.2942042657014839e-15 515 515 1.2922537724000501e-15 0 0 0
d 0 0 -4.0574668743128689e-22 0 0 -1.2950525753861582e-15 520 520 1.293380707777514e-15 0 0 0
d 0 0 -4.1417995119026144e-22 0 0 -1.295900925916403e-15 525 525 1.2944666648405889e-15 0 0 0
d 0 0 -4.2277274192582573e-22 0 0 -1.2967493198509135e-15 530 530 1.2955178712923238e-15 0 0 0
d 0 0 -4.3152783630781449e-22 0 0 -1.2975977549100622e-15 535 535 1.2965399156800346e-15 0 0 0
d 0 0 -4.40431399474487e-22 0 0 -1.2984462343509551e-15 540 540 1.2843386848313756e-15 0 0 0
d 0 0 -4.4951985759386051e-22 0 0 -1.2992947346637841e-15 545 545 1.2872917486640143e-15 0 0 0
d 0 0 -4.5877902175382989e-22 0 0 -1.3001432582969811e-15 550 550 1.2899844573925843e-15 0 0 0
d 0 0 -4.6821182602421226e-22 0 0 -1.3009917988617482e-15 555 555 1.2924047823553578e-15 0 0 0
d 0 0 -4.7782117732792227e-22 0 0 -1.3018403425939705e-15 560 560 1.2944758097821271e-15 0 0 0
d 0 0 -4.8760991095221431e-22 0 0 -1.3026888658684933e-15 565 565 1.2962466100578879e-15 0 0 0
d 0 0 -4.975809416866768e-22 0 0 -1.3035373492924099e-15 570 570 1.297887109305646e-15 0 0 0
d 0 0 -5.0757878233009359e-22 0 0 -1.3043858170360919e-15 575 575 1.290029586040707e-15 0 0 0
d 0 0 -5.1792553923116592e-22 0 0 -1.3052341921943087e-15 580 580 1.2928610128135784e-15 0 0 0
d 0 0 -5.284638476358872e-22 0 0 -1.3060824970467628e-15 585 585 1.2954322034555463e-15 0 0 0
d 0 0 -5.3919696860385706e-22 0 0 -1.3069307167624425e-15 590 590 1.2977677309677592e-15 0 0 0
d 0 0 -5.5012817277997635e-22 0 0 -1.3077788338660264e-15 595 595 1.2998964978830538e-15 0 0 0
d 0 0 -5.6126077138211305e-22 0 0 -1.3086268280082437e-15 600 600 1.3018461704685322e-15 0 0 0
d 0 0 -5.7259816588921779e-22 0 0 -1.3094746788425112e-15 605 605 1.3037052811851157e-15 0 0 0
d 0 0 -5.8414438096582506e-22 0 0 -1.3103223547734338e-15 610 610 1.3054812224904146e-15 0 0 0
d 0 0 -5.959012755013175e-22 0 0 -1.3111698900617005e-15 615 615 1.3069465108470202e-15 0 0 0
d 0 0 -6.0787386709079151e-22 0 0 -1.3120182252261612e-15 620 620 1.3083473011049671e-15 0 0 0
d 0 0 -6.2006566014605615e-22 0 0 -1.3128678097056797e-15 625 625 1.3097362138310126e-15 0 0 0
d 0 0 -6.3248041018796362e-22 0 0 -1.3137188324177987e-15 630 630 1.3110508520958221e-15 0 0 0
d 0 0 -6.4512264390403384e-22 0 0 -1.3145715199522182e-15 635 635 1.3123029798922999e-15 0 0 0
d 0 0 -6.5799779586508734e-22 0 0 -1.3154261646735807e-15 640 640 1.3135022411496249e-15 0 0 0
d 0 0 -6.7111265257912255e-22 0 0 -1.316283131888577e-15 645 645 1.3146563606330311e-15 0 0 0
d 0 0 -6.8447604679435309e-22 0 0 -1.3171428620137381e-15 650 650 1.3157722540858454e-15 0 0 0
d 0 0 -6.9809993075301044e-22 0 0 -1.3180058639652589e-15 655 655 1.3168558138753329e-15 0 0 0
d 0 0 -7.1200095822125178e-22 0 0 -1.3188726941449714e-15 660 660 1.3179120603019921e-15 0 0 0
d 0 0 -7.2620278554132151e-22 0 0 -1.3197439327380176e-15 665 665 1.3189454272904863e-15 0 0 0
d 0 0 -7.4073929821925835e-22 0 0 -1.3206201709507284e-15 670 670 1.3199599512238302e-15 0 0 0
d 0 0 -7.5565903515998029e-22 0 0 -1.3215020249914469e-15 675 675 1.3209594169171872e-15 0 0 0
d 0 0 -7.7103035476076833e-22 0 0 -1.3223888083563996e-15 680 680 1.3219339108561033e-15 0 0 0
d 0 0 -7.869533901620969e-22 0 0 -1.3232749004370708e-15 685 685 1.3228775006410836e-15 0 0 0
d 0 0 -8.0357069460469175e-22 0 0 -1.3241598894500151e-15 690 690 1.323820065790797e-15 0 0 0
d 0 0 -8.2107387974117842e-22 0 0 -1.3250440133607514e-15 695 695 1.3247539836180565e-15 0 0 0
d 0 0 -8.3973056483457379e-22 0 0 -1.3259274549906312e-15 700 700 1.3256805285289472e-15 0 0 0
d 0 0 -8.5990840008883258e-22 0 0 -1.3268103760090739e-15 705 705 1.3266007988328879e-15 0 0 0
d 0 0 -8.8207495573984553e-22 0 0 -1.3276929434334845e-15 710 710 1.3274561827091603e-15 0 0 0
d 0 0 -9.0694082431442151e-22 0 0 -1.3285753284041267e-15 715 715 1.328267015343627e-15 0 0 0
d 0 0 -9.3543934530916896e-22 0 0 -1.329457741999416e-15 720 720 1.3291951312368793e-15 0 0 0
d 0 0 -9.6873983620131058e-22 0 0 -1.3303404435300133e-15 725 725 1.330117771058251e-15 0 0 0
d 0 0 -1.0084249056086981e-21 0 0 -1.3312237565485403e-15 730 730 1.3310360595878136e-15 0 0 0
d 0 0 -1.0565653604439328e-21 0 0 -1.332108092843378e-15 735 735 1.3319510875350813e-15 0 0 0
d 0 0 -1.1158507647557111e-21 0 0 -1.3329939789217637e-15 740 740 1.3328639626978722e-15 0 0 0
d 0 0 -1.1897485748259641e-21 0 0 -1.3338820879060282e-15 745 745 1.333775848160749e-15 0 0 0
d 0 0 -1.2828306882750747e-21 0 0 -1.3347733495406051e-15 750 750 1.325518325085751e-15 0 0 0
d 0 0 -1.4004687314538661e-21 0 0 -1.335668708370774e-15 755 755 1.3274373135603379e-15 0 0 0
d 0 0 -1.5499213943699763e-21 0 0 -1.3365696194749218e-15 760 760 1.329188303621144e-15 0 0 0
d 0 0 -1.7401313711997333e-21 0 0 -1.3374778239959199e-15 765 765 1.3308016363294698e-15 0 0 0
d 0 0 -1.9822561818457801e-21 0 0 -1.338395509887119e-15 770 770 1.3322971141302488e-15 0 0 0
d 0 0 -2.2901340841906733e-21 0 0 -1.3393254173871677e-15 775 775 1.3336918484503481e-15 0 0 0
d 0 0 -2.6808270591288689e-21 0 0 -1.3402709676716978e-15 780 780 1.3350007972109293e-15 0 0 0
d 0 0 -3.1752496528160883e-21 0 0 -1.3412364194396712e-15 785 785 1.3362372191753717e-15 0 0 0
d 0 0 -3.7988944919724441e-21 0 0 -1.3422270586675885e-15 790 790 1.3374130624088805e-15 0 0 0
d 0 0 -4.5826677132305466e-21 0 0 -1.3432494264438917e-15 795 795 1.3385393040031687e-15 0 0 0
d 0 0 -5.5638497814298916e-21 0 0 -1.3443115879233953e-15 800 800 1.3396262505035561e-15 0 0 0
d 0 0 -6.7871986597549941e-21 0 0 -1.3454234414739034e-15 805 805 1.3406837897200479e-15 0 0 0
d 0 0 -8.3062129971712412e-21 0 0 -1.3465970614693922e-15 810 810 1.3417215424938175e-15 0 0 0
d 0 0 -1.0184573461107118e-20 0 0 -1.3478470631312859e-15 815 815 1.3427487759089078e-15 0 0 0
d 0 0 -1.249778136646609e-20 0 0 -1.3491909769408652e-15 820 820 1.3437738004098074e-15 0 0 0
d 0 0 -1.5335016014717658e-20 0 0 -1.3506496257525398e-15 825 825 1.3448025341347141e-15 0 0 0
d 0 0 -1.8801236085610929e-20 0 0 -1.352247507198715e-15 830 830 1.3458366226222764e-15 0 0 0
d 0 0 -2.3019556249710468e-20 0 0 -1.354013189872479e-15 835 835 1.3468739726877523e-15 0 0 0
d 0 0 -2.8133937953217202e-20 0 0 -1.3559797281496347e-15 840 840 1.3479173914193636e-15 0 0 0
d 0 0 -3.4312242920456914e-20 0 0 -1.3581850891016308e-15 845 845 1.3489918065560634e-15 0 0 0
d 0 0 -4.1778180404645735e-20 0 0 -1.3606729837870961e-15 850 850 1.3602294236974521e-15 0 0 0
d 0 0 -5.071236556364233e-20 0 0 -1.363491703264485e-15 855 855 1.3629288584641145e-15 0 0 0
d 0 0 -6.1398656769190664e-20 0 0 -1.3666966855051651e-15 860 860 1.3659936374632216e-15 0 0 0
d 0 0 -7.4141908315298658e-20 0 0 -1.370349380870156e-15 865 865 1.369484209149388e-15 0 0 0
d 0 0 -8.9294493416920795e-20 0 0 -1.374517779054348e-15 870 870 1.3734682196861337e-15 0 0 0
d 0 0 -1.0726337046884817e-19 0 0 -1.3792764602132207e-15 875 875 1.3780206193178005e-15 0 0 0
d 0 0 -1.2851826957955743e-19 0 0 -1.3847063886017851e-15 880 880 1.3832235883588817e-15 0 0 0
d 0 0 -1.5360116366944355e-19 0 0 -1.3908941295601752e-15 885 885 1.389166117368092e-15 0 0 0
d 0 0 -1.8313710401295729e-19 0 0 -1.397929349745271e-15 890 890 1.3959424799010633e-15 0 0 0
d 0 0 -2.1784833564207654e-19 0 0 -1.4059187026857992e-15 895 895 1.4036565802264098e-15 0 0 0
d 0 0 -2.5862835001318619e-19 0 0 -1.4151320754511527e-15 900 900 1.4152443320520324e-15 0 0 0
d 0 0 -3.0638918559088775e-19 0 0 -1.4256861190053703e-15 905 905 1.4258309224036838e-15 0 0 0
d 0 0 -3.6227436898826994e-19 0 0 -1.4376151821869725e-15 910 910 1.4378046585364224e-15 0 0 0
d 0 0 -4.2757848672463248e-19 0 0 -1.4510045047759472e-15 915 915 1.4512481646930244e-15 0 0 0
d 0 0 -5.0380768651254757e-19 0 0 -1.4659758836537921e-15 920 920 1.4662872612580623e-15 0 0 0
d 0 0 -5.9270843958901457e-19 0 0 -1.4826489427687333e-15 925 925 1.4830438518655762e-15 0 0 0
d 0 0 -6.9630810400579666e-19 0 0 -1.5011418060068201e-15 930 930 1.5016384915863545e-15 0 0 0
d 0 0 -8.1696305081725772e-19 0 0 -1.5215726065784025e-15 935 935 1.5221918813116556e-15 0 0 0
d 0 0 -9.5741585010545588e-19 0 0 -1.5440617147554225e-15 940 940 1.5448271319842765e-15 0 0 0
d 0 0 -1.1208628799506239e-18 0 0 -1.568734017584954e-15 945 945 1.5696721022788323e-15 0 0 0
d 0 0 -1.3110340537380293e-18 0 0 -1.5957213570021069e-15 950 950 1.5968619096843619e-15 0 0 0
d 0 0 -1.532294434590816e-18 0 0 -1.6251681771860141e-15 955 955 1.6266282870613179e-15 0 0 0
d 0 0 -1.7897393288294404e-18 0 0 -1.6572429670351658e-15 960 960 1.6589696484414436e-15 0 0 0
d 0 0 -2.08938064673045e-18 0 0 -1.6921547239629055e-15 965 965 1.6941816560733038e-15 0 0 0
d 0 0 -2.438294685785862e-18 0 0 -1.7301581404046492e-15 970 970 1.7325347311874902e-15 0 0 0
d 0 0 -2.844819846334405e-18 0 0 -1.771542540255979e-15 975 975 1.7743264886850056e-15 0 0 0
d 0 0 -3.3187503926899463e-18 0 0 -1.8166066483823263e-15 980 980 1.8198654520137968e-15 0 0 0
d 0 0 -3.8715570297390189e-18 0 0 -1.8656453647717371e-15 985 985 1.8694579084059541e-15 0 0 0
d 0 0 -4.5167052296353933e-18 0 0 -1.9189780549705927e-15 990 990 1.9234363989208251e-15 0 0 0
d 0 0 -5.270139528457296e-18 0 0 -1.9770082799565962e-15 995 995 1.9822200779932444e-15 0 0 0
d 0 0 -6.1508550291196599e-18 0 0 -2.0402400014162702e-15 1000 1000 2.0463318461106944e-15 0 0 0
d 0 0 -7.1813726527395902e-18 0 0 -2.1092050977883384e-15 1005 1005 2.1163860526179158e-15 0 0 0
d 0 0 -8.3890385327422045e-18 0 0 -2.1846239017737771e-15 1010 1010 2.1930124723946122e-15 0 0 0
d 0 0 -9.8128384258190376e-18 0 0 -2.2687522737599923e-15 1015 1015 2.2785646482916496e-15 0 0 0
d 0 0 -1.14871751847754e-17 0 0 -2.3608006337088456e-15 1020 1020 2.3722873044218914e-15 0 0 0
d 0 0 -1.3458301815490385e-17 0 0 -2.4613485042999659e-15 1025 1025 2.4748062392751098e-15 0 0 0
d 0 0 -1.5783582637471151e-17 0 0 -2.5713171425889349e-15 1030 1030 2.587100159352074e-15 0 0 0
d 0 0 -1.8534258487286709e-17 0 0 -2.691842636385367e-15 1035 1035 2.7103763326542806e-15 0 0 0
d 0 0 -2.1800534210531327e-17 0 0 -2.8243208851456931e-15 1040 1040 2.8461208804160035e-15 0 0 0
d 0 0 -2.5698280409686772e-17 0 0 -2.970372843580747e-15 1045 1045 2.9960706244858919e-15 0 0 0
d 0 0 -3.0376742798512567e-17 0 0 -3.1317503230208478e-15 1050 1050 3.162126600525225e-15 0 0 0
d 0 0 -3.6026350832491428e-17 0 0 -3.3102626914930177e-15 1055 1055 3.3462659752334896e-15 0 0 0
d 0 0 -4.2886192160127532e-17 0 0 -3.5077686845553752e-15 1060 1060 3.5506409973240941e-15 0 0 0
d 0 0 -5.1252305842060599e-17 0 0 -3.7261537835198352e-15 1065 1065 3.7773984866158795e-15 0 0 0
d 0 0 -6.1446006283372462e-17 0 0 -3.9676192082736344e-15 1070 1070 4.0290597966296037e-15 0 0 0
d 0 0 -7.3892399941045642e-17 0 0 -4.2342600667395924e-15 1075 1075 4.308149824120729e-15 0 0 0
d 0 0 -8.9156435401724154e-17 0 0 -4.5273410941298002e-15 1080 1080 4.616495944936211e-15 0 0 0
d 0 0 -1.0794305175326026e-16 0 0 -4.8475162347798717e-15 1085 1085 4.9554587560036895e-15 0 0 0
d 0 0 -1.310916728030224e-16 0 0 -5.19206550300324e-15 1090 1090 5.3231572629610399e-15 0 0 0
d 0 0 -1.5933699621265371e-16 0 0 -5.5591913966652373e-15 1095 1095 5.7185283864426489e-15 0 0 0
d 0 0 -1.9365569264640029e-16 0 0 -5.9461445795521565e-15 1100 1100 6.1398020036531988e-15 0 0 0
d 0 0 -2.3512772153407739e-16 0 0 -6.3499693930539214e-15 1105 1105 6.5850991500210979e-15 0 0 0
d 0 0 -2.8495953497014904e-16 0 0 -6.7689969061332672e-15 1110 1110 7.0539584402625876e-15 0 0 0
d 0 0 -3.4430190810119306e-16 0 0 -7.1831620619191844e-15 1115 1115 7.5274630721054032e-15 0 0 0
d 0 0 -4.1452047792100677e-16 0 0 -7.6037068940609301e-15 1120 1120 8.0182258068598848e-15 0 0 0
d 0 0 -4.9740727966471472e-16 0 0 -8.0354182534455356e-15 1125 1125 8.5328239248320387e-15 0 0 0
d 0 0 -5.9552234407989565e-16 0 0 -8.4880993359125962e-15 1130 1130 9.0836204076506403e-15 0 0 0
d 0 0 -7.1216937405745411e-16 0 0 -8.9735743636060792e-15 1135 1135 9.6857424275538061e-15 0 0 0
d 0 0 -7.7860030515076257e-16 0 0 -9.2314748061651578e-15 1137.5 1137.5 1.0010075402789973e-14 0 0 0
d 0 0 -7.7914524990811794e-16 0 0 -9.2335481998631585e-15 1137.51953125 1137.51953125 1.0012691491473915e-14 0 0 0
Q 2 13 "Gate Voltage"
Q 3 13 "Source Voltage"
Q 4 13 "Drain Voltage"
Q 5 13 "Substrate Voltage"
Q 20 13 "Gate Current"
Q 21 13 "Source Current"
Q 22 13 "Drain Current"
Q 23 13 "Substrate Current"
Q 92 21 Contact
Q 601 13 "Gate Int. Voltage"
Q 602 13 "Source Int. Voltage"
Q 603 13 "Drain Int. Voltage"
Q 604 13 "Substrate Int. Voltage"
EOF 37625904
