v VICTORYDEVICE
# silvaco.file ASCII version=1.14.29 format=1 contents=SDB,Tables=1

Copyright "###################################################################"
Copyright "#                    Copyright Silvaco Inc. (c)                   #"
Copyright "#                            1992-2014                            #"
Copyright "#                                                                 #"
Copyright "# This file format and the following Key are copyright Silvaco    #"
Copyright "# International. You may not use, this format or key without      #"
Copyright "# reproducing this message in full and obtaining                  #"
Copyright "# express written permission from Silvaco Inc.                    #"
Copyright "#                                                                 #"
Copyright "# To obtain such permission please contact: Silvaco Inc.          #"
Copyright "#                                           support@silvaco.com   #"
Copyright "#                                                                 #"
Copyright "# KEY=SVC86hn7562asdx                       PROD=345              #"
Copyright "###################################################################"
#This file was created by VICTORYDEVICE version 1.24.0.R
#victoryd 1.24.0.R (Wed Jun 26 14:38:19 PDT 2024)
#libSDB 1.12.65 (Thu Dec  7 08:14:05 PST 2023)
a VICTORYDEVICE
j 1 9
k 4
r 1 92
x 3 43 42 46
w source 1 1
r 2 92
x 3 43 42 46
w gate 1 2
r 3 92
x 3 43 42 46
w drain 1 3
r 4 92
x 3 43 42 46
w substrate 1 4
y 1 15
z 300
f 4 source gate drain substrate
p 12 2 601 20 3 602 21 4 603 22 5 604 23
d 0 0 -1.8013259856994862e-16 0 0 3.3648402709322305e-28 0.01 0.01 1.8015350499265609e-16 0 0 0
d 0 0 -7.9220445958160989e-16 0 0 4.0680081535057517e-32 0.1 0.1 7.922044595816089e-16 0 0 0
d 0 0 -9.2036107017791657e-16 0 0 1.8413905675035736e-26 0.5 0.5 9.203610701659951e-16 0 0 0
d 0 0 -9.3970035134694095e-16 0 0 -2.2967242824074921e-28 1 1 9.3970035134704291e-16 0 0 0
d 0 0 -9.539223050007296e-16 0 0 -2.3640918561239116e-28 2 2 9.5392230500084024e-16 0 0 0
d 0 0 -9.7301346335434265e-16 0 0 1.2051238795036097e-29 4 4 9.7301346335433535e-16 0 0 0
d 0 0 -9.8709328474506661e-16 0 0 -8.5745941128674045e-28 6 6 9.8709328475298303e-16 0 0 0
d 0 0 -9.9897032524141834e-16 0 0 6.069364057627366e-25 8 8 9.9897032524711884e-16 0 0 0
d 0 0 -1.0054867441214222e-15 0 0 1.753848616926681e-23 10 10 1.0054867441267163e-15 0 0 0
d 0 0 -1.0112543805181487e-15 0 0 1.3874219358221037e-24 12 12 1.0112543805199098e-15 0 0 0
d 0 0 -1.0169796558343116e-15 0 0 2.1286195900262011e-24 14 14 1.0169796558365762e-15 0 0 0
d 0 0 -1.0234082888054065e-15 0 0 3.6833065518352455e-25 16 16 1.023408288806525e-15 0 0 0
d 0 0 -1.029661776285164e-15 0 0 4.6892599739627839e-25 18 18 1.0296617762862244e-15 0 0 0
d 0 0 -1.0352277526742194e-15 0 0 1.1549247967961329e-24 20 20 1.0352277526881184e-15 0 0 0
d 0 0 -1.0392974503472875e-15 0 0 4.7815990759216552e-26 22 22 1.0392974503561399e-15 0 0 0
d 0 0 -1.0430395401402922e-15 0 0 1.7787291801353226e-23 24 24 1.0430395401485056e-15 0 0 0
d 0 0 -1.0466720242743013e-15 0 0 3.2263185100497984e-23 26 26 1.0466720242842225e-15 0 0 0
d 0 0 -1.0502292962903911e-15 0 0 2.2790969816450085e-24 28 28 1.0502292962916115e-15 0 0 0
d 0 0 -1.0536789258999647e-15 0 0 3.106637826250027e-24 30 30 1.0536789259001358e-15 0 0 0
d 0 0 -1.0570087781778946e-15 0 0 3.9400971915450204e-23 32 32 1.0570087782088308e-15 0 0 0
d 0 0 -1.0602231255322002e-15 0 0 5.5439590208644456e-23 34 34 1.0602231255026554e-15 0 0 0
d 0 0 -1.0633654884141608e-15 0 0 1.3001370275253827e-22 36 36 1.0633654888943099e-15 0 0 0
d 0 0 -1.0662790222313814e-15 0 0 5.2802063206242287e-24 38 38 1.0662790222982236e-15 0 0 0
d 0 0 -1.0686755165261996e-15 0 0 4.4881193098976872e-22 40 40 1.0686755173633812e-15 0 0 0
d 0 0 -1.070778547872273e-15 0 0 3.58686463415523e-22 42 42 1.0707785482089283e-15 0 0 0
d 0 0 -1.0728495004854508e-15 0 0 3.1704310387196873e-21 44 44 1.0728495020648684e-15 0 0 0
d 0 0 -1.0748927323030986e-15 0 0 2.1450828240163084e-21 46 46 1.0748927340744894e-15 0 0 0
d 0 0 -1.0769141491913849e-15 0 0 2.6570149649757023e-23 48 48 1.0769141494791588e-15 0 0 0
d 0 0 -1.0789144677267713e-15 0 0 4.4493600781694537e-24 50 50 1.0789144680116619e-15 0 0 0
d 0 0 -1.0808934578238391e-15 0 0 7.1813828517987553e-24 52 52 1.0808934579171637e-15 0 0 0
d 0 0 -1.0828560409398147e-15 0 0 6.0763984193546867e-23 54 54 1.082856040717946e-15 0 0 0
d 0 0 -1.0848050507719042e-15 0 0 1.5942003129351969e-22 56 56 1.0848050501551592e-15 0 0 0
d 0 0 -1.0867406599971584e-15 0 0 2.9533153844969832e-22 58 58 1.0867406589712053e-15 0 0 0
d 0 0 -1.0886622663580767e-15 0 0 1.4251345515694233e-22 60 60 1.0886622662410052e-15 0 0 0
d 0 0 -1.0905693759837746e-15 0 0 7.8950616593546653e-24 62 62 1.0905693763531674e-15 0 0 0
d 0 0 -1.0924614674129213e-15 0 0 1.597738120327307e-23 64 64 1.0924614682358614e-15 0 0 0
d 0 0 -1.0942999376971753e-15 0 0 1.5465748705220179e-23 66 66 1.0942999376026186e-15 0 0 0
d 0 0 -1.0959222366334953e-15 0 0 1.7416297467182719e-24 68 68 1.0959222364792115e-15 0 0 0
d 0 0 -1.0973733580249381e-15 0 0 2.2333442239985463e-23 70 70 1.0973733577082491e-15 0 0 0
d 0 0 -1.098742796282272e-15 0 0 6.9269779267091225e-22 72 72 1.0987427963972565e-15 0 0 0
d 0 0 -1.1001079948123466e-15 0 0 1.4464170991109817e-23 74 74 1.1001079947854576e-15 0 0 0
d 0 0 -1.1014693044542008e-15 0 0 4.6049015953204313e-25 76 76 1.1014693042970134e-15 0 0 0
d 0 0 -1.1028260315386359e-15 0 0 3.4969657932287907e-23 78 78 1.1028260312099327e-15 0 0 0
d 0 0 -1.1041782275104838e-15 0 0 2.9954022343323535e-22 80 80 1.1041782270436906e-15 0 0 0
d 0 0 -1.1055266696520021e-15 0 0 1.132981446978228e-21 82 82 1.1055266690175231e-15 0 0 0
d 0 0 -1.106871758518765e-15 0 0 3.4202516792862365e-21 84 84 1.1068717576377395e-15 0 0 0
d 0 0 -1.1082144224152469e-15 0 0 6.7933357094405345e-22 86 86 1.1082144221045751e-15 0 0 0
d 0 0 -1.1095551098552256e-15 0 0 1.4568664593328366e-21 88 88 1.1095551094863278e-15 0 0 0
d 0 0 -1.1108936567183902e-15 0 0 2.5928386822788896e-22 90 90 1.1108936565894545e-15 0 0 0
d 0 0 -1.1122290145336829e-15 0 0 5.8219348640423033e-22 92 92 1.112229014389774e-15 0 0 0
d 0 0 -1.113558308643037e-15 0 0 9.582292022138233e-23 94 94 1.113558308590786e-15 0 0 0
d 0 0 -1.1148809525999188e-15 0 0 1.7286810697302211e-22 96 96 1.1148809525406789e-15 0 0 0
d 0 0 -1.1161969164295546e-15 0 0 3.0993204320612431e-22 98 98 1.1161969163515353e-15 0 0 0
d 0 0 -1.1175061005182897e-15 0 0 4.4633615591353849e-22 100 100 1.1175061004349292e-15 0 0 0
d 0 0 -1.1207481430748249e-15 0 0 1.0616618958318998e-21 105 105 1.1207481431945992e-15 0 0 0
d 0 0 -1.1237409188530864e-15 0 0 6.8128068067058096e-21 110 110 1.1237409182974424e-15 0 0 0
d 0 0 -1.1261596608194547e-15 0 0 5.7418796347375256e-21 115 115 1.1261596598679804e-15 0 0 0
d 0 0 -1.1284359599772918e-15 0 0 9.3285260178720234e-21 120 120 1.128435957271038e-15 0 0 0
d 0 0 -1.1306829764739857e-15 0 0 1.5527519277533965e-21 125 125 1.1306829750210418e-15 0 0 0
d 0 0 -1.1329016556496834e-15 0 0 1.8339468603966918e-21 130 130 1.1329016532712009e-15 0 0 0
d 0 0 -1.1350923290040703e-15 0 0 1.8780864242553379e-21 135 135 1.1350923260041318e-15 0 0 0
d 0 0 -1.1372633062197204e-15 0 0 2.5762983898294295e-21 140 140 1.137263301426007e-15 0 0 0
d 0 0 -1.1394232002867437e-15 0 0 2.8384055825151699e-21 145 145 1.139423194417535e-15 0 0 0
d 0 0 -1.1415688798605469e-15 0 0 7.5787611566147904e-22 150 150 1.1415688763482997e-15 0 0 0
d 0 0 -1.143685474430889e-15 0 0 8.5932098088670791e-22 155 155 1.1436854703333441e-15 0 0 0
d 0 0 -1.1457714921057356e-15 0 0 1.2934882854567799e-21 160 160 1.1457714868339247e-15 0 0 0
d 0 0 -1.1477329767060339e-15 0 0 3.2690963228016522e-21 165 165 1.1477329684802242e-15 0 0 0
d 0 0 -1.1494418163838358e-15 0 0 8.4591730098631703e-22 170 170 1.1494418122634869e-15 0 0 0
d 0 0 -1.1508832560533743e-15 0 0 9.5306155846829204e-22 175 175 1.1508832516782212e-15 0 0 0
d 0 0 -1.1523101991995467e-15 0 0 1.0859894788266381e-21 180 180 1.1523101949496055e-15 0 0 0
d 0 0 -1.1537251586428338e-15 0 0 1.641805298081182e-21 185 185 1.1537251541027186e-15 0 0 0
d 0 0 -1.1551290952320823e-15 0 0 2.4489665988312011e-21 190 190 1.1551290904357793e-15 0 0 0
d 0 0 -1.1565223635951013e-15 0 0 3.644914813181174e-21 195 195 1.156522358479898e-15 0 0 0
d 0 0 -1.157904955609857e-15 0 0 5.2353756701857927e-21 200 200 1.1579049500738727e-15 0 0 0
d 0 0 -1.1592766767437449e-15 0 0 7.0390736948140934e-21 205 205 1.159276670440029e-15 0 0 0
d 0 0 -1.1606372718993135e-15 0 0 6.3008592117717078e-21 210 210 1.1606372658823634e-15 0 0 0
d 0 0 -1.1619862306986007e-15 0 0 6.9093023502686271e-21 215 215 1.161986224035564e-15 0 0 0
d 0 0 -1.1633228446518432e-15 0 0 7.2485666367470864e-21 220 220 1.1633228370917331e-15 0 0 0
d 0 0 -1.1646466564474408e-15 0 0 6.4809713132414253e-21 225 225 1.1646466477958809e-15 0 0 0
d 0 0 -1.1659590874354669e-15 0 0 4.3691448612050951e-21 230 230 1.1659590790941509e-15 0 0 0
d 0 0 -1.1672145414348515e-15 0 0 2.7769793419239469e-21 235 235 1.1672145345299944e-15 0 0 0
d 0 0 -1.1684366087042716e-15 0 0 2.8925830926772225e-21 240 240 1.1684366011789983e-15 0 0 0
d 0 0 -1.1694237916735683e-15 0 0 4.1991521652233617e-21 245 245 1.1694237824848141e-15 0 0 0
d 0 0 -1.1704010621108518e-15 0 0 4.1647010031705825e-21 250 250 1.1704010535221202e-15 0 0 0
d 0 0 -1.1713806666304374e-15 0 0 4.5622916069085664e-21 255 255 1.1713806593612406e-15 0 0 0
d 0 0 -1.1723636660680762e-15 0 0 3.902499932980717e-21 260 260 1.1723636601527037e-15 0 0 0
d 0 0 -1.1733422670062264e-15 0 0 3.6082508067762511e-21 265 265 1.1733422613572611e-15 0 0 0
d 0 0 -1.1743140272633504e-15 0 0 1.6567853023199703e-20 270 270 1.1743140149096776e-15 0 0 0
d 0 0 -1.1752790889546747e-15 0 0 1.5657304853023624e-20 275 275 1.1752790819957313e-15 0 0 0
d 0 0 -1.1762376013239027e-15 0 0 7.0754394552346677e-20 280 280 1.1762375955598078e-15 0 0 0
d 0 0 -1.1771893825321913e-15 0 0 6.8279048667377996e-20 285 285 1.1771893758318406e-15 0 0 0
d 0 0 -1.178133889760745e-15 0 0 4.658520186841295e-20 290 290 1.1781338829265881e-15 0 0 0
d 0 0 -1.1790705158998197e-15 0 0 3.0614614620057898e-20 295 295 1.179070508944421e-15 0 0 0
d 0 0 -1.1799987868127111e-15 0 0 2.0135302674872734e-20 300 300 1.1799987761342172e-15 0 0 0
d 0 0 -1.1809182677131171e-15 0 0 1.4689436879232774e-21 305 305 1.1809182660874371e-15 0 0 0
d 0 0 -1.1818279357871748e-15 0 0 2.9592393909289904e-21 310 310 1.1818279322543295e-15 0 0 0
d 0 0 -1.1826765682862194e-15 0 0 2.0067682439357321e-20 315 315 1.1826765809121989e-15 0 0 0
d 0 0 -1.1835167640881168e-15 0 0 2.759819099119179e-20 320 320 1.1835167506756901e-15 0 0 0
d 0 0 -1.1841753120515376e-15 0 0 2.1468271371965482e-20 325 325 1.1841753039046056e-15 0 0 0
d 0 0 -1.184824320936355e-15 0 0 1.9295101134636961e-20 330 330 1.1848243118643302e-15 0 0 0
d 0 0 -1.1854683186646115e-15 0 0 1.5800453263415814e-20 335 335 1.1854683099643646e-15 0 0 0
d 0 0 -1.1861085922716726e-15 0 0 1.3075569769191432e-20 340 340 1.1861085853390352e-15 0 0 0
d 0 0 -1.1867459314271395e-15 0 0 1.1017131041093993e-20 345 345 1.1867459252974636e-15 0 0 0
d 0 0 -1.1873809189816877e-15 0 0 8.7140487877798306e-21 350 350 1.1873809165934458e-15 0 0 0
d 0 0 -1.1880139932236878e-15 0 0 5.999379359895712e-23 355 355 1.1880139731230907e-15 0 0 0
d 0 0 -1.1886454334100253e-15 0 0 1.1271397107711132e-21 360 360 1.1886454184729192e-15 0 0 0
d 0 0 -1.1892753354125255e-15 0 0 3.1996311401135572e-21 365 365 1.1892753299079491e-15 0 0 0
d 0 0 -1.1899036772465504e-15 0 0 2.4322651308546368e-21 370 370 1.1899036730289941e-15 0 0 0
d 0 0 -1.190530378780438e-15 0 0 1.7879597611941377e-21 375 375 1.1905303726039344e-15 0 0 0
d 0 0 -1.191155360200324e-15 0 0 1.5603657510611129e-22 380 380 1.1911553536758603e-15 0 0 0
d 0 0 -1.1917784029359306e-15 0 0 1.3641089360067278e-24 385 385 1.1917783931746154e-15 0 0 0
d 0 0 -1.1923993186559466e-15 0 0 -4.201053619435347e-25 390 390 1.1923992990109317e-15 0 0 0
d 0 0 -1.1930177339995345e-15 0 0 7.9853715990182311e-23 395 395 1.1930177147637638e-15 0 0 0
d 0 0 -1.1936122796002361e-15 0 0 1.0353212179073816e-22 400 400 1.1936122659123437e-15 0 0 0
d 0 0 -1.1941979238735338e-15 0 0 1.4027137494615264e-22 405 405 1.1941979015061234e-15 0 0 0
d 0 0 -1.194685665481049e-15 0 0 8.1850862493618126e-22 410 410 1.1946857215457918e-15 0 0 0
d 0 0 -1.1951350491715192e-15 0 0 2.5371262971049222e-25 415 415 1.1951350081293704e-15 0 0 0
d 0 0 -1.195580978921935e-15 0 0 1.0816928273286899e-23 420 420 1.1955809283551404e-15 0 0 0
d 0 0 -1.1960248432312535e-15 0 0 2.7306392071187248e-23 425 425 1.1960247826740515e-15 0 0 0
d 0 0 -1.1964672082812468e-15 0 0 3.9274370719167744e-23 430 430 1.1964671385009531e-15 0 0 0
d 0 0 -1.1969084600178496e-15 0 0 4.0755633432912527e-24 435 435 1.1969084263811908e-15 0 0 0
d 0 0 -1.1973491219834844e-15 0 0 7.0272278486233741e-23 440 440 1.1973490743436768e-15 0 0 0
d 0 0 -1.1977894216125804e-15 0 0 1.9176952798560845e-21 445 445 1.1977893264285129e-15 0 0 0
d 0 0 -1.1982294637834322e-15 0 0 3.1015433527888645e-22 450 450 1.1982293654553387e-15 0 0 0
d 0 0 -1.1986694836899855e-15 0 0 2.7920425184394923e-23 455 455 1.1986693963365107e-15 0 0 0
d 0 0 -1.1991096705011023e-15 0 0 5.9873435313258961e-23 460 460 1.1991095854623044e-15 0 0 0
d 0 0 -1.1995500989878387e-15 0 0 1.0171106216200169e-22 465 465 1.1995499120541835e-15 0 0 0
d 0 0 -1.1999909654453929e-15 0 0 5.3315370908088985e-23 470 470 1.1999908382301969e-15 0 0 0
d 0 0 -1.2004320885021597e-15 0 0 6.3512668951696557e-23 475 475 1.2004319668954581e-15 0 0 0
d 0 0 -1.2008727928015472e-15 0 0 2.2891622260803435e-21 480 480 1.2008727578433902e-15 0 0 0
d 0 0 -1.2012856232016435e-15 0 0 1.7932395816755087e-19 485 485 1.2012856247934477e-15 0 0 0
d 0 0 -1.2017187980111509e-15 0 0 1.27066277607081e-20 490 490 1.201718566453587e-15 0 0 0
d 0 0 -1.2020726840786514e-15 0 0 1.837422987561185e-19 495 495 1.2020723921849475e-15 0 0 0
d 0 0 -1.2024172771629042e-15 0 0 8.1976289885352541e-24 500 500 1.2024171674618158e-15 0 0 0
d 0 0 -1.2027603127844252e-15 0 0 -4.192958113735857e-25 505 505 1.2027602104018254e-15 0 0 0
d 0 0 -1.2031022369914639e-15 0 0 1.6610980522984575e-20 510 510 1.2031019818919446e-15 0 0 0
d 0 0 -1.2034432436242107e-15 0 0 7.7848824854560853e-24 515 515 1.203443037771768e-15 0 0 0
d 0 0 -1.2037833547132193e-15 0 0 6.1565420798964204e-22 520 520 1.2037830883701174e-15 0 0 0
d 0 0 -1.2041226796867765e-15 0 0 4.1491549581040887e-22 525 525 1.2041223975758607e-15 0 0 0
d 0 0 -1.204461338898549e-15 0 0 5.8827490050540639e-22 530 530 1.2044607727741612e-15 0 0 0
d 0 0 -1.2047995610096939e-15 0 0 2.5398759651702616e-22 535 535 1.2047990800675264e-15 0 0 0
d 0 0 -1.2051372409780974e-15 0 0 7.8703670055045741e-23 540 540 1.2051369195871675e-15 0 0 0
d 0 0 -1.2054738108661773e-15 0 0 3.29699392811348e-21 545 545 1.2054736194639836e-15 0 0 0
d 0 0 -1.2057881894052951e-15 0 0 3.3168628383949133e-19 550 550 1.205789168442245e-15 0 0 0
d 0 0 -1.2061175097098091e-15 0 0 4.9572290329806384e-19 555 555 1.2061173460695457e-15 0 0 0
d 0 0 -1.2063891643191135e-15 0 0 2.1181361239327786e-21 560 560 1.2063888019352017e-15 0 0 0
d 0 0 -1.2066557262298574e-15 0 0 2.126750297674534e-20 565 565 1.2066559203845333e-15 0 0 0
d 0 0 -1.206921137271599e-15 0 0 5.7514679755999644e-19 570 570 1.2069214022578107e-15 0 0 0
d 0 0 -1.2071861021513323e-15 0 0 1.1933595470866731e-22 575 575 1.2071853138229874e-15 0 0 0
d 0 0 -1.2074507711688276e-15 0 0 1.225912471697218e-21 580 580 1.2074497317448039e-15 0 0 0
d 0 0 -1.2077152532054354e-15 0 0 7.6468177968266197e-22 585 585 1.2077141780127313e-15 0 0 0
d 0 0 -1.2079795621021704e-15 0 0 3.0459776433578731e-22 590 590 1.2079785314861808e-15 0 0 0
d 0 0 -1.2082436558984106e-15 0 0 9.047878519807803e-23 595 595 1.2082428424609685e-15 0 0 0
d 0 0 -1.2085069175384376e-15 0 0 5.7847842592758309e-25 600 600 1.2085063626252039e-15 0 0 0
d 0 0 -1.2087527319479156e-15 0 0 5.3560030117307666e-19 605 605 1.2087540065879613e-15 0 0 0
d 0 0 -1.2090097968535424e-15 0 0 2.1375773385483746e-21 610 610 1.2090088740058346e-15 0 0 0
d 0 0 -1.2092232383347199e-15 0 0 1.7420878836633587e-19 615 615 1.2092245070971149e-15 0 0 0
d 0 0 -1.2094332743921448e-15 0 0 1.7027150776157623e-20 620 620 1.2094339492763896e-15 0 0 0
d 0 0 -1.2096423774280321e-15 0 0 2.3490650289265836e-22 625 625 1.2096409854946113e-15 0 0 0
d 0 0 -1.209851261455681e-15 0 0 6.4160924199236036e-22 630 630 1.2098499957596034e-15 0 0 0
d 0 0 -1.2100598875230253e-15 0 0 2.4192410495787655e-22 635 635 1.2100584927809093e-15 0 0 0
d 0 0 -1.2102682914645208e-15 0 0 9.5383636175569899e-23 640 640 1.2102666994280668e-15 0 0 0
d 0 0 -1.2104760062909372e-15 0 0 9.1296654638211459e-24 645 645 1.2104740280817082e-15 0 0 0
d 0 0 -1.2106698233253385e-15 0 0 3.2235357486180115e-19 650 650 1.2106708750835331e-15 0 0 0
d 0 0 -1.210871511864514e-15 0 0 8.7030768595676591e-24 655 655 1.2108700084158532e-15 0 0 0
d 0 0 -1.2110403738666295e-15 0 0 4.2136785848788585e-19 660 660 1.2110428314742895e-15 0 0 0
d 0 0 -1.2112065024329005e-15 0 0 5.2047581460802701e-19 665 665 1.2112091902876796e-15 0 0 0
d 0 0 -1.2113718002743574e-15 0 0 8.1962422600499712e-22 670 670 1.2113683609971378e-15 0 0 0
d 0 0 -1.2115368580025256e-15 0 0 2.2546452724938386e-22 675 675 1.2115334518224822e-15 0 0 0
d 0 0 -1.2117014116775309e-15 0 0 5.6291885722921752e-22 680 680 1.2116969741554458e-15 0 0 0
d 0 0 -1.2118572298638141e-15 0 0 1.3553080507046956e-23 685 685 1.2118540436160037e-15 0 0 0
d 0 0 -1.2120164191980645e-15 0 0 8.1216130936630049e-22 690 690 1.2120090139890043e-15 0 0 0
d 0 0 -1.2121536443566375e-15 0 0 3.4488548557179851e-19 695 695 1.2121524331110327e-15 0 0 0
d 0 0 -1.2122854476772752e-15 0 0 3.7478940938318781e-19 700 700 1.2122899761249533e-15 0 0 0
d 0 0 -1.2124159112168472e-15 0 0 5.4484031544435427e-22 705 705 1.212405733712811e-15 0 0 0
d 0 0 -1.2125457704757185e-15 0 0 3.1435314366433976e-22 710 710 1.212524656887119e-15 0 0 0
d 0 0 -1.2126666484782947e-15 0 0 1.0052489350007004e-18 715 715 1.212660559158227e-15 0 0 0
d 0 0 -1.21279030830287e-15 0 0 4.9988570438430661e-23 720 720 1.2127775268149617e-15 0 0 0
d 0 0 -1.2128955861096365e-15 0 0 2.2966469429529533e-19 725 725 1.2129003466665724e-15 0 0 0
d 0 0 -1.2129986255786834e-15 0 0 3.2269970748029268e-22 730 730 1.2129823753433144e-15 0 0 0
d 0 0 -1.213098263548649e-15 0 0 3.3992131409827995e-20 735 735 1.2130041870880995e-15 0 0 0
d 0 0 -1.2131949553908823e-15 0 0 1.3001545940229865e-18 740 740 1.2131811768124567e-15 0 0 0
d 0 0 -1.2132823396789177e-15 0 0 3.4205068179843616e-23 745 745 1.2132532107258693e-15 0 0 0
d 0 0 -1.2133631425522337e-15 0 0 1.4749849077317609e-20 750 750 1.2133507726279402e-15 0 0 0
d 0 0 -1.2134368400906279e-15 0 0 5.5384674364737968e-19 755 755 1.2131782599473371e-15 0 0 0
d 0 0 -1.2135092055342856e-15 0 0 8.5527249165950541e-19 760 760 1.2132512527338289e-15 0 0 0
d 0 0 -1.2135693747353764e-15 0 0 4.3630075712535845e-19 765 765 1.2135710803590277e-15 0 0 0
d 0 0 -1.2136274825738879e-15 0 0 1.204373933174044e-18 770 770 1.2135320244961386e-15 0 0 0
d 0 0 -1.2136817932145576e-15 0 0 9.1810884423442932e-22 775 775 1.2122445325700673e-15 0 0 0
d 0 0 -1.2137347045281602e-15 0 0 8.4419180939534715e-19 780 780 1.213621304225124e-15 0 0 0
d 0 0 -1.2137868019444922e-15 0 0 1.3101330838795902e-18 785 785 1.2129612080587351e-15 0 0 0
d 0 0 -1.2138395578302616e-15 0 0 4.9449344748820922e-19 790 790 1.2131618053280532e-15 0 0 0
d 0 0 -1.2138916272152691e-15 0 0 1.5846237868726951e-22 795 795 1.212177358266362e-15 0 0 0
d 0 0 -1.2139436200280995e-15 0 0 2.3694109477400675e-21 800 800 1.2115584761641636e-15 0 0 0
d 0 0 -1.2139697466817094e-15 0 0 1.8460726795347862e-18 802.5 802.5 1.213488522890366e-15 0 0 0
d 0 0 -1.2139957231981046e-15 0 0 1.8484294555941718e-18 805 805 1.2134718732344025e-15 0 0 0
d 0 0 -1.2140475256325001e-15 0 0 8.5947382680155075e-19 810 810 1.212552016081588e-15 0 0 0
d 0 0 -1.2140993971560096e-15 0 0 9.294135942009239e-26 815 815 1.2107313690613145e-15 0 0 0
d 0 0 -1.2141512548121479e-15 0 0 2.7123942921474573e-19 820 820 1.2104158611673229e-15 0 0 0
d 0 0 -1.2142029993317314e-15 0 0 3.1833843719831782e-21 825 825 1.2106150699133401e-15 0 0 0
d 0 0 -1.2142547642961695e-15 0 0 1.5246635207412639e-21 830 830 1.2082908027360889e-15 0 0 0
d 0 0 -1.2143057210595191e-15 0 0 1.3863546594963514e-19 835 835 1.2140260881312826e-15 0 0 0
d 0 0 -1.214358355543581e-15 0 0 1.3442732397897255e-21 840 840 1.2096083832033537e-15 0 0 0
d 0 0 -1.2144100667852825e-15 0 0 1.2591937306329116e-22 845 845 1.2071754868776527e-15 0 0 0
d 0 0 -1.2144619134380456e-15 0 0 8.3264667761668203e-19 850 850 1.2140191036942403e-15 0 0 0
d 0 0 -1.2145137087986134e-15 0 0 8.3392167681611178e-19 855 855 1.2138356053034168e-15 0 0 0
d 0 0 -1.2145655048369675e-15 0 0 8.357888984485619e-19 860 860 1.213367949170707e-15 0 0 0
d 0 0 -1.2146173035745602e-15 0 0 8.5489949299077501e-19 865 865 1.2135632337446868e-15 0 0 0
d 0 0 -1.2146691151915181e-15 0 0 8.4886827529852624e-19 870 870 1.2137644186374219e-15 0 0 0
d 0 0 -1.2147209334970503e-15 0 0 8.5198890012118897e-19 875 875 1.2139106852358589e-15 0 0 0
d 0 0 -1.2147727478536283e-15 0 0 8.565876465860235e-19 880 880 1.2140495153268698e-15 0 0 0
d 0 0 -1.2148245570199602e-15 0 0 8.5646399641566091e-19 885 885 1.2141868521701738e-15 0 0 0
d 0 0 -1.214876358535642e-15 0 0 8.1898471444617504e-19 890 890 1.2142921065405594e-15 0 0 0
d 0 0 -1.214928147680952e-15 0 0 8.1979093502416251e-19 895 895 1.2143763366733285e-15 0 0 0
d 0 0 -1.2149799223764591e-15 0 0 8.2079256863228051e-19 900 900 1.2144624340514835e-15 0 0 0
d 0 0 -1.2150316841638662e-15 0 0 8.2191222108772428e-19 905 905 1.214553262406645e-15 0 0 0
d 0 0 -1.2150834398046198e-15 0 0 8.2479243718597594e-19 910 910 1.2146454847789663e-15 0 0 0
d 0 0 -1.2151352018233726e-15 0 0 8.2375134082995443e-19 915 915 1.2147402778027471e-15 0 0 0
d 0 0 -1.2151869731168903e-15 0 0 8.280403916773026e-19 920 920 1.2148341707608876e-15 0 0 0
d 0 0 -1.2152387573388973e-15 0 0 8.3211483766494173e-19 925 925 1.2149303275049777e-15 0 0 0
d 0 0 -1.2152905593613246e-15 0 0 8.3611758085142138e-19 930 930 1.2150220798139304e-15 0 0 0
d 0 0 -1.2153423814702246e-15 0 0 8.4199969388974029e-19 935 935 1.2151074970474831e-15 0 0 0
d 0 0 -1.2153942262152572e-15 0 0 8.4064109573404545e-19 940 940 1.2151844490889614e-15 0 0 0
d 0 0 -1.2154460979329138e-15 0 0 8.4091919983564096e-19 945 945 1.2152602663032145e-15 0 0 0
d 0 0 -1.2154980002571062e-15 0 0 8.4829041105401438e-19 950 950 1.215332902434541e-15 0 0 0
d 0 0 -1.2155499358632663e-15 0 0 8.5583835801021722e-19 955 955 1.2154017142981586e-15 0 0 0
d 0 0 -1.2156019076346857e-15 0 0 8.5926307407487118e-19 960 960 1.2154697517695214e-15 0 0 0
d 0 0 -1.2156539186258422e-15 0 0 8.6537508791882032e-19 965 965 1.2155359937273007e-15 0 0 0
d 0 0 -1.2157059707917851e-15 0 0 8.7386549460658564e-19 970 970 1.2156001217463482e-15 0 0 0
d 0 0 -1.2157580652091941e-15 0 0 8.8158893797277584e-19 975 975 1.2156626483146981e-15 0 0 0
d 0 0 -1.2158102030121988e-15 0 0 8.9164099193561551e-19 980 980 1.2157240918874296e-15 0 0 0
d 0 0 -1.2158623853108989e-15 0 0 8.9326671574216573e-19 985 985 1.2157847130066457e-15 0 0 0
d 0 0 -1.2159146129682919e-15 0 0 9.0212215826848322e-19 990 990 1.2158448336678226e-15 0 0 0
d 0 0 -1.2159668866097418e-15 0 0 9.0234907554596906e-19 995 995 1.2159042509439069e-15 0 0 0
d 0 0 -1.2160192064343337e-15 0 0 9.1082528839864215e-19 1000 1000 1.2159627711385681e-15 0 0 0
d 0 0 -1.2160715723143003e-15 0 0 9.1992925212664534e-19 1005 1005 1.2160205556344444e-15 0 0 0
d 0 0 -1.216123984460912e-15 0 0 9.2829099063026248e-19 1010 1010 1.2160779383193634e-15 0 0 0
d 0 0 -1.216176443523052e-15 0 0 9.377519093478317e-19 1015 1015 1.2161351148952714e-15 0 0 0
d 0 0 -1.2162289333592691e-15 0 0 9.4014219699937272e-19 1020 1020 1.2161918110680595e-15 0 0 0
d 0 0 -1.216281431817619e-15 0 0 9.4137058488733754e-19 1025 1025 1.2162479595897572e-15 0 0 0
d 0 0 -1.2163339403080459e-15 0 0 9.4502944646256744e-19 1030 1030 1.2163037305095209e-15 0 0 0
d 0 0 -1.2163864602469928e-15 0 0 9.4899712568006818e-19 1035 1035 1.2163594015667866e-15 0 0 0
d 0 0 -1.2164389929115549e-15 0 0 9.5074652356650069e-19 1040 1040 1.216414621599334e-15 0 0 0
d 0 0 -1.2164915395374892e-15 0 0 9.5411163645710311e-19 1045 1045 1.2164695695222859e-15 0 0 0
d 0 0 -1.2165441013827094e-15 0 0 9.5815739752182828e-19 1050 1050 1.2165242471098494e-15 0 0 0
d 0 0 -1.216596679699804e-15 0 0 9.6265092859136131e-19 1055 1055 1.2165788659467232e-15 0 0 0
d 0 0 -1.2166492757358243e-15 0 0 9.6519637350602601e-19 1060 1060 1.2166331335927308e-15 0 0 0
d 0 0 -1.2167018907340768e-15 0 0 9.6995816304046162e-19 1065 1065 1.2166873265159942e-15 0 0 0
d 0 0 -1.2167545259041997e-15 0 0 9.7339046941650787e-19 1070 1070 1.2167413665836912e-15 0 0 0
d 0 0 -1.2168071823929948e-15 0 0 9.7827728113081035e-19 1075 1075 1.216795299452089e-15 0 0 0
d 0 0 -1.2168598612460952e-15 0 0 9.8335750014760929e-19 1080 1080 1.2168491147339034e-15 0 0 0
d 0 0 -1.2169125633751787e-15 0 0 9.8899427020091318e-19 1085 1085 1.2169027423687718e-15 0 0 0
d 0 0 -1.2169652895668179e-15 0 0 9.9542393858002384e-19 1090 1090 1.2169563683861342e-15 0 0 0
d 0 0 -1.2170180405688286e-15 0 0 1.0008377429412398e-18 1095 1095 1.2170099167845555e-15 0 0 0
d 0 0 -1.2170708171760854e-15 0 0 1.0063626028595795e-18 1100 1100 1.2170634235224928e-15 0 0 0
d 0 0 -1.2171236202274606e-15 0 0 1.01199668919535e-18 1105 1105 1.2171168988733955e-15 0 0 0
d 0 0 -1.2171764505660188e-15 0 0 1.0177358081459702e-18 1110 1110 1.2171703470263529e-15 0 0 0
d 0 0 -1.2172293090022428e-15 0 0 1.0235751278862609e-18 1115 1115 1.2172237728166738e-15 0 0 0
d 0 0 -1.2172821962975308e-15 0 0 1.0302065710626842e-18 1120 1120 1.217277187782361e-15 0 0 0
d 0 0 -1.21733511315834e-15 0 0 1.0353908501733986e-18 1125 1125 1.2173305587329743e-15 0 0 0
d 0 0 -1.2173880608459431e-15 0 0 1.3284131246175755e-18 1130 1130 1.2173846602334005e-15 0 0 0
d 0 0 -1.2174410404311169e-15 0 0 1.6802424564648276e-18 1135 1135 1.2174403902253019e-15 0 0 0
d 0 0 -1.2174940495136403e-15 0 0 1.3223656571918062e-18 1140 1140 1.2174932745400775e-15 0 0 0
d 0 0 -1.2175470911627113e-15 0 0 1.3305845517330875e-18 1145 1145 1.2175464085942036e-15 0 0 0
d 0 0 -1.2176001656172161e-15 0 0 1.3389016960636056e-18 1150 1150 1.2175995652409702e-15 0 0 0
d 0 0 -1.2176532735138986e-15 0 0 1.3465253996879841e-18 1155 1155 1.2176527466029384e-15 0 0 0
d 0 0 -1.2177064154753187e-15 0 0 1.3550074914229743e-18 1160 1160 1.2177059547694534e-15 0 0 0
d 0 0 -1.2177595921036141e-15 0 0 1.3635776148921276e-18 1165 1165 1.2177591903465354e-15 0 0 0
d 0 0 -1.2178128039931601e-15 0 0 1.3722321659288201e-18 1170 1170 1.217812454574119e-15 0 0 0
d 0 0 -1.2178660517150449e-15 0 0 1.3809640720693436e-18 1175 1175 1.2178657486117434e-15 0 0 0
d 0 0 -1.217919335893764e-15 0 0 1.3897617411259786e-18 1180 1180 1.2179190729172887e-15 0 0 0
d 0 0 -1.2179726572510168e-15 0 0 1.3984039152986339e-18 1185 1185 1.2179724299891655e-15 0 0 0
d 0 0 -1.2180260165942614e-15 0 0 1.4073723965987821e-18 1190 1190 1.2180258209202762e-15 0 0 0
d 0 0 -1.2180794148349825e-15 0 0 1.4164152186764378e-18 1195 1195 1.2180792469619556e-15 0 0 0
d 0 0 -1.2181328530187899e-15 0 0 1.4255302726953935e-18 1200 1200 1.2181327096735021e-15 0 0 0
d 0 0 -1.2181542424519088e-15 0 0 1.8205474927456875e-18 1202 1202 1.2181537205015205e-15 0 0 0
d 0 0 -1.2181756358459701e-15 0 0 1.8241958104253895e-18 1204 1204 1.2181751195340008e-15 0 0 0
d 0 0 -1.2181970360020582e-15 0 0 1.8278723442488518e-18 1206 1206 1.2181965252246037e-15 0 0 0
d 0 0 -1.2182184430189014e-15 0 0 1.8315599644165213e-18 1208 1208 1.2182179379944545e-15 0 0 0
d 0 0 -1.2182398570024866e-15 0 0 1.8352258262829695e-18 1210 1210 1.2182393575336977e-15 0 0 0
d 0 0 -1.218261278066752e-15 0 0 1.8389343736474459e-18 1212 1212 1.2182607841222886e-15 0 0 0
d 0 0 -1.2182827063341116e-15 0 0 1.8426531904810251e-18 1214 1214 1.2182822179064887e-15 0 0 0
d 0 0 -1.2183041419516416e-15 0 0 1.8522057673411968e-18 1216 1216 1.2183036348123156e-15 0 0 0
d 0 0 -1.2183255858500302e-15 0 0 2.0005294035819097e-18 1218 1218 1.2183238432502609e-15 0 0 0
d 0 0 -1.218347036485877e-15 0 0 1.9672501693135567e-18 1220 1220 1.2183454684118335e-15 0 0 0
d 0 0 -1.218368494993311e-15 0 0 1.9710852740688874e-18 1222 1222 1.2183669593778722e-15 0 0 0
d 0 0 -1.2183899614777549e-15 0 0 1.9749266960385647e-18 1224 1224 1.2183884576708996e-15 0 0 0
d 0 0 -1.2184114361342046e-15 0 0 1.9787764116759716e-18 1226 1226 1.2184099634903961e-15 0 0 0
d 0 0 -1.21843291917418e-15 0 0 1.9826340472489014e-18 1228 1228 1.2184314770594124e-15 0 0 0
d 0 0 -1.2184544108273349e-15 0 0 1.9864991972032481e-18 1230 1230 1.2184529986198843e-15 0 0 0
d 0 0 -1.2184759113432102e-15 0 0 1.9903714192363877e-18 1232 1232 1.2184745284340433e-15 0 0 0
d 0 0 -1.2184974209931558e-15 0 0 1.9942502288713551e-18 1234 1234 1.218496066785949e-15 0 0 0
d 0 0 -1.2185189400724588e-15 0 0 1.9981400919568774e-18 1236 1236 1.2185176141540352e-15 0 0 0
d 0 0 -1.2185404689023766e-15 0 0 2.0018533646845639e-18 1238 1238 1.2185391707481255e-15 0 0 0
d 0 0 -1.2185620078336462e-15 0 0 2.0057480129187676e-18 1240 1240 1.2185607366598555e-15 0 0 0
d 0 0 -1.2185835572479295e-15 0 0 2.0096467423416258e-18 1242 1242 1.2185823125003437e-15 0 0 0
d 0 0 -1.2186051175617761e-15 0 0 2.0135487609354004e-18 1244 1244 1.2186038986922832e-15 0 0 0
d 0 0 -1.2186266892298117e-15 0 0 2.0174531721518863e-18 1246 1246 1.2186254956939793e-15 0 0 0
d 0 0 -1.2186482727484931e-15 0 0 2.0213589752135326e-18 1248 1248 1.2186471040029612e-15 0 0 0
d 0 0 -1.2186698686602548e-15 0 0 2.0252650521130308e-18 1250 1250 1.2186687241602345e-15 0 0 0
d 0 0 -1.2186914775580931e-15 0 0 2.0291701534822818e-18 1252 1252 1.2186903567552745e-15 0 0 0
d 0 0 -1.2187131000906382e-15 0 0 2.0330728832971284e-18 1254 1254 1.2187120024318468e-15 0 0 0
d 0 0 -1.2187347369677673e-15 0 0 2.0369716823578574e-18 1256 1256 1.2187336618947079e-15 0 0 0
d 0 0 -1.2187563889668235e-15 0 0 2.0408648104454249e-18 1258 1258 1.2187553359171793e-15 0 0 0
d 0 0 -1.2187780569395027e-15 0 0 2.0447503270107267e-18 1260 1260 1.2187770253495332e-15 0 0 0
d 0 0 -1.2187997418194819e-15 0 0 2.0486260702254097e-18 1262 1262 1.2187987311280613e-15 0 0 0
d 0 0 -1.218821444630869e-15 0 0 2.0524896342256019e-18 1264 1264 1.218820454284689e-15 0 0 0
d 0 0 -1.2188431664975494e-15 0 0 2.0563383444267657e-18 1266 1266 1.2188421959570095e-15 0 0 0
d 0 0 -1.2188649086535264e-15 0 0 2.0601692308783071e-18 1268 1268 1.2188639573986838e-15 0 0 0
d 0 0 -1.2188866724543419e-15 0 0 2.0639789997457982e-18 1270 1270 1.2188857399902684e-15 0 0 0
d 0 0 -1.2189084593896812e-15 0 0 2.0677640031322532e-18 1272 1272 1.2189075452506487e-15 0 0 0
d 0 0 -1.2189302710972706e-15 0 0 2.0715202075547118e-18 1274 1274 1.2189293748493703e-15 0 0 0
d 0 0 -1.2189521093781773e-15 0 0 2.0752431614673929e-18 1276 1276 1.218951230620218e-15 0 0 0
d 0 0 -1.2189739762136345e-15 0 0 2.0789279622742899e-18 1278 1278 1.2189731145764067e-15 0 0 0
d 0 0 -1.2189958737835134e-15 0 0 2.0825692233221336e-18 1280 1280 1.2189950289277006e-15 0 0 0
d 0 0 -1.2190178044865703e-15 0 0 2.086161041431891e-18 1282 1282 1.2190169760997102e-15 0 0 0
d 0 0 -1.2190397709626464e-15 0 0 2.0896993070258891e-18 1284 1284 1.2190389589548029e-15 0 0 0
d 0 0 -1.2190617761164926e-15 0 0 2.0930829590589424e-18 1286 1286 1.2190609800773458e-15 0 0 0
d 0 0 -1.2190838231448285e-15 0 0 2.0964852868615679e-18 1288 1288 1.219083042758699e-15 0 0 0
d 0 0 -1.2191059155639767e-15 0 0 2.0998088103481691e-18 1290 1290 1.2191051505907062e-15 0 0 0
d 0 0 -1.2191280572411731e-15 0 0 2.1030446359830938e-18 1292 1292 1.2191273074512589e-15 0 0 0
d 0 0 -1.2191502524277088e-15 0 0 2.1061841303227387e-18 1294 1294 1.2191495177335665e-15 0 0 0
d 0 0 -1.2191725057943013e-15 0 0 2.1091733841134034e-18 1296 1296 1.219171785948589e-15 0 0 0
d 0 0 -1.2191948224695676e-15 0 0 2.1120685165755512e-18 1298 1298 1.2191941171720664e-15 0 0 0
d 0 0 -1.2192172080804113e-15 0 0 2.1148515826329645e-18 1300 1300 1.2192165171193959e-15 0 0 0
d 0 0 -1.2192396687951709e-15 0 0 2.1174926957978073e-18 1302 1302 1.2192389919748011e-15 0 0 0
d 0 0 -1.219262211369473e-15 0 0 2.1199791297479453e-18 1304 1304 1.219261548499183e-15 0 0 0
d 0 0 -1.2192848431946755e-15 0 0 2.1222975960841676e-18 1306 1306 1.219284194089111e-15 0 0 0
d 0 0 -1.219307572349097e-15 0 0 2.1244342850567489e-18 1308 1308 1.2193069368281e-15 0 0 0
d 0 0 -1.2193304076521131e-15 0 0 2.1263749084952192e-18 1310 1310 1.2193297855407163e-15 0 0 0
d 0 0 -1.2193533587212278e-15 0 0 2.128104744406141e-18 1312 1312 1.2193527498496347e-15 0 0 0
d 0 0 -1.2193764360322341e-15 0 0 2.1296086815162452e-18 1314 1314 1.2193758402357736e-15 0 0 0
d 0 0 -1.2193996509825753e-15 0 0 2.1308712622034195e-18 1316 1316 1.2193990681016268e-15 0 0 0
d 0 0 -1.2194230159580766e-15 0 0 2.1318767226795104e-18 1318 1318 1.2194224458379659e-15 0 0 0
d 0 0 -1.2194465444030886e-15 0 0 2.1326090288586993e-18 1320 1320 1.2194459868939573e-15 0 0 0
d 0 0 -1.2194702508942758e-15 0 0 2.1330519077964804e-18 1322 1322 1.2194697058509266e-15 0 0 0
d 0 0 -1.2194941512181786e-15 0 0 2.1331888734342145e-18 1324 1324 1.2194936184999032e-15 0 0 0
d 0 0 -1.2195182624528126e-15 0 0 2.1330032969513768e-18 1326 1326 1.2195177419486168e-15 0 0 0
d 0 0 -1.219542603053266e-15 0 0 2.1324744318648723e-18 1328 1328 1.2195420946060223e-15 0 0 0
d 0 0 -1.2195671929422519e-15 0 0 2.1315930389632289e-18 1330 1330 1.2195666964223125e-15 0 0 0
d 0 0 -1.2195920536049721e-15 0 0 2.1303379852330767e-18 1332 1332 1.2195915688875644e-15 0 0 0
d 0 0 -1.2196172081893353e-15 0 0 2.128691921462288e-18 1334 1334 1.2196167351531002e-15 0 0 0
d 0 0 -1.2196426816115349e-15 0 0 2.1266373427996781e-18 1336 1336 1.2196422201382729e-15 0 0 0
d 0 0 -1.2196685006674014e-15 0 0 2.1241565957421594e-18 1338 1338 1.2196680506418022e-15 0 0 0
d 0 0 -1.2196946941499151e-15 0 0 2.121231889682107e-18 1340 1340 1.2196942554592696e-15 0 0 0
d 0 0 -1.2197212929733441e-15 0 0 2.117845315160136e-18 1342 1342 1.2197208655072355e-15 0 0 0
d 0 0 -1.2197483303045925e-15 0 0 2.1139788700821508e-18 1344 1344 1.2197479139545628e-15 0 0 0
d 0 0 -1.2197758417025015e-15 0 0 2.1096144944494046e-18 1346 1346 1.2197754363616935e-15 0 0 0
d 0 0 -1.2198038652660719e-15 0 0 2.1047341134251134e-18 1348 1348 1.2198034708288431e-15 0 0 0
d 0 0 -1.2198324417928123e-15 0 0 2.0993196879022898e-18 1350 1350 1.2198320581543216e-15 0 0 0
d 0 0 -1.2198616149487076e-15 0 0 2.0933532727069772e-18 1352 1352 1.2198612420044749e-15 0 0 0
d 0 0 -1.2198914314513194e-15 0 0 2.0868171102428278e-18 1354 1354 1.2198910691334312e-15 0 0 0
d 0 0 -1.2199219412690448e-15 0 0 2.079652624658543e-18 1356 1356 1.2199215894502811e-15 0 0 0
d 0 0 -1.2199531978374103e-15 0 0 2.0719228190486478e-18 1358 1358 1.2199528563960163e-15 0 0 0
d 0 0 -1.2199852582952181e-15 0 0 2.0635713745494736e-18 1360 1360 1.2199849271233474e-15 0 0 0
d 0 0 -1.2200181837439299e-15 0 0 2.0545817107160295e-18 1362 1362 1.2200178627316506e-15 0 0 0
d 0 0 -1.2200520395321049e-15 0 0 2.0449377345808037e-18 1364 1364 1.2200517285666175e-15 0 0 0
d 0 0 -1.2200868955678456e-15 0 0 2.0346224869442743e-18 1366 1366 1.2200865945342919e-15 0 0 0
d 0 0 -1.2201228266612281e-15 0 0 2.0236234527865002e-18 1368 1368 1.2201225354403963e-15 0 0 0
d 0 0 -1.2201599128245187e-15 0 0 2.0119245484880536e-18 1370 1370 1.2201596312938527e-15 0 0 0
d 0 0 -1.2201982398609099e-15 0 0 1.9995120165880977e-18 1372 1372 1.2201979678939664e-15 0 0 0
d 0 0 -1.220237899704716e-15 0 0 1.9863717370089223e-18 1374 1374 1.2202376371711218e-15 0 0 0
d 0 0 -1.2202789908869115e-15 0 0 1.9724904286441828e-18 1376 1376 1.2202787376523671e-15 0 0 0
d 0 0 -1.2203216190881277e-15 0 0 1.9578549109677895e-18 1378 1378 1.2203213750146052e-15 0 0 0
d 0 0 -1.2203658977079687e-15 0 0 1.9424520909962442e-18 1380 1380 1.2203656626540152e-15 0 0 0
d 0 0 -1.2204119484754783e-15 0 0 1.9262688471385694e-18 1382 1382 1.2204117223034899e-15 0 0 0
d 0 0 -1.2204599021087387e-15 0 0 1.9091436698262931e-18 1384 1384 1.2204596847045499e-15 0 0 0
d 0 0 -1.220509899009988e-15 0 0 1.8913522670975775e-18 1386 1386 1.2205096901850885e-15 0 0 0
d 0 0 -1.2205620900117034e-15 0 0 1.8727357179330919e-18 1388 1388 1.2205618896160889e-15 0 0 0
d 0 0 -1.2206166371633024e-15 0 0 1.8532764969398632e-18 1390 1390 1.2206164450463177e-15 0 0 0
d 0 0 -1.2206737145610881e-15 0 0 1.8329548351833232e-18 1392 1392 1.2206735305719992e-15 0 0 0
d 0 0 -1.2207335092192582e-15 0 0 1.8117483559641441e-18 1394 1394 1.2207333332077084e-15 0 0 0
d 0 0 -1.2207962219792801e-15 0 0 1.7896308828768442e-18 1396 1396 1.2207960537957302e-15 0 0 0
d 0 0 -1.2208620684560196e-15 0 0 1.7665726992311444e-18 1398 1398 1.2208619079519299e-15 0 0 0
d 0 0 -1.2209312800171136e-15 0 0 1.7425393675437079e-18 1400 1400 1.2209311270450912e-15 0 0 0
d 0 0 -1.2210041047918505e-15 0 0 1.7174916291221903e-18 1402 1402 1.2210039592055798e-15 0 0 0
d 0 0 -1.2210808087048852e-15 0 0 1.6913843800367953e-18 1404 1404 1.2210806703589682e-15 0 0 0
d 0 0 -1.2211616765316764e-15 0 0 1.6641673072548127e-18 1406 1406 1.2211615452811408e-15 0 0 0
d 0 0 -1.2212470129713841e-15 0 0 1.635784325980831e-18 1408 1408 1.2212468886710077e-15 0 0 0
d 0 0 -1.2213371437338409e-15 0 0 1.6061742556079629e-18 1410 1410 1.2213370262370603e-15 0 0 0
d 0 0 -1.2214324171688699e-15 0 0 1.5749256207549906e-18 1412 1412 1.2214323056430942e-15 0 0 0
d 0 0 -1.2215332050499185e-15 0 0 1.5429389460812721e-18 1414 1414 1.2215330992280769e-15 0 0 0
d 0 0 -1.221639900332843e-15 0 0 1.5092543100953043e-18 1416 1416 1.2216398007994864e-15 0 0 0
d 0 0 -1.2217529238313772e-15 0 0 1.474144237144362e-18 1418 1418 1.2217528310816883e-15 0 0 0
d 0 0 -1.2218727207350846e-15 0 0 1.4375126955914052e-18 1420 1420 1.2218726352393165e-15 0 0 0
d 0 0 -1.221999763666686e-15 0 0 1.3992564290162887e-18 1422 1422 1.2219996858019856e-15 0 0 0
d 0 0 -1.2221345540367474e-15 0 0 1.3592803216185247e-18 1424 1424 1.2221344840168442e-15 0 0 0
d 0 0 -1.2222776234259744e-15 0 0 1.3175058922485301e-18 1426 1426 1.2222775612765588e-15 0 0 0
d 0 0 -1.2224295308013134e-15 0 0 1.2738673320361391e-18 1428 1428 1.222429476380837e-15 0 0 0
d 0 0 -1.222590870962463e-15 0 0 1.2282685574753043e-18 1430 1430 1.2225908235555825e-15 0 0 0
d 0 0 -1.222762279437016e-15 0 0 1.1809123377413171e-18 1432 1432 1.2227622385252632e-15 0 0 0
d 0 0 -1.2229444216120598e-15 0 0 1.131706528674859e-18 1434 1434 1.2229443867217218e-15 0 0 0
d 0 0 -1.2231379997438929e-15 0 0 1.0807300998712273e-18 1436 1436 1.2231379704158811e-15 0 0 0
d 0 0 -1.2233437538408373e-15 0 0 1.0280766143806076e-18 1438 1438 1.2233437296280428e-15 0 0 0
d 0 0 -1.2235624630813211e-15 0 0 9.7386712136147377e-19 1440 1440 1.2235624435455283e-15 0 0 0
d 0 0 -1.223794947287758e-15 0 0 9.1825389975387236e-19 1442 1442 1.2237949319974228e-15 0 0 0
d 0 0 -1.2240420684940362e-15 0 0 8.6142063554133492e-19 1444 1444 1.2240420570228337e-15 0 0 0
d 0 0 -1.2243047280865618e-15 0 0 8.0357546518577658e-19 1446 1446 1.2243047200125387e-15 0 0 0
d 0 0 -1.2245838745958825e-15 0 0 7.4498650904711468e-19 1448 1448 1.2245838695004414e-15 0 0 0
d 0 0 -1.2248805140350965e-15 0 0 6.8593421602176804e-19 1450 1450 1.22488051150434e-15 0 0 0
d 0 0 -1.2251956972571439e-15 0 0 6.2671605007271157e-19 1452 1452 1.2251956968794357e-15 0 0 0
d 0 0 -1.2255305294140187e-15 0 0 5.6774798577475271e-19 1454 1454 1.2255305307805555e-15 0 0 0
d 0 0 -1.2258861740007311e-15 0 0 5.0940138357403073e-19 1456 1456 1.2258861767086743e-15 0 0 0
d 0 0 -1.226263857661466e-15 0 0 4.5210324993355825e-19 1458 1458 1.2262638613138879e-15 0 0 0
d 0 0 -1.2266648756012556e-15 0 0 3.9630136638638735e-19 1460 1460 1.2266648798087328e-15 0 0 0
d 0 0 -1.227090593356892e-15 0 0 3.424479209401365e-19 1462 1462 1.2270905977395412e-15 0 0 0
d 0 0 -1.2275425442334331e-15 0 0 2.3226868227587085e-18 1464 1464 1.2275425403728407e-15 0 0 0
d 0 0 -1.2280223195659849e-15 0 0 2.0207235546399761e-18 1466 1466 1.228022318520589e-15 0 0 0
d 0 0 -1.2285314537035542e-15 0 0 1.7322382192047289e-18 1468 1468 1.2285314517423184e-15 0 0 0
d 0 0 -1.2290715572857929e-15 0 0 1.459636585286413e-18 1470 1470 1.2290715507621085e-15 0 0 0
d 0 0 -1.2296443536302846e-15 0 0 1.2057953047207909e-18 1472 1472 1.2296443390460159e-15 0 0 0
d 0 0 -1.2302516980911829e-15 0 0 9.7302928051150577e-19 1474 1474 1.2302516721412246e-15 0 0 0
d 0 0 -1.2308956174253319e-15 0 0 7.6030759600168878e-19 1476 1476 1.2308955767152301e-15 0 0 0
d 0 0 -1.2315783044502208e-15 0 0 5.7574230523555942e-19 1478 1478 1.2315782464534351e-15 0 0 0
d 0 0 -1.2323020818526893e-15 0 0 4.1748082566883654e-19 1480 1480 1.2323020040415687e-15 0 0 0
d 0 0 -1.2330694020607901e-15 0 0 2.8556025536240285e-19 1482 1482 1.2330693021611993e-15 0 0 0
d 0 0 -1.2338828453718816e-15 0 0 1.7964122625069226e-19 1484 1484 1.2338827213502446e-15 0 0 0
d 0 0 -1.2347451458947141e-15 0 0 2.0563665901993927e-18 1486 1486 1.2347438564762689e-15 0 0 0
d 0 0 -1.2356590127670904e-15 0 0 1.4792985156351539e-18 1488 1488 1.2356574804863015e-15 0 0 0
d 0 0 -1.2366274033796379e-15 0 0 1.008248105398275e-18 1490 1490 1.2366256146341738e-15 0 0 0
d 0 0 -1.2376533331097316e-15 0 0 6.3493260301588596e-19 1492 1492 1.2376512750258333e-15 0 0 0
d 0 0 -1.2387398998494752e-15 0 0 3.5312811429099921e-19 1494 1494 1.2387375601694891e-15 0 0 0
d 0 0 -1.2398902721306479e-15 0 0 1.5689757749600046e-19 1496 1496 1.2398876389010909e-15 0 0 0
d 0 0 -1.2411076790917466e-15 0 0 4.0829741522017432e-20 1498 1498 1.2411047404176115e-15 0 0 0
d 0 0 -1.2423954038822988e-15 0 0 1.3572769562590257e-22 1500 1500 1.2423921477706918e-15 0 0 0
d 0 0 -1.2437567818885826e-15 0 0 3.0581920551257686e-20 1502 1502 1.2437531961956674e-15 0 0 0
d 0 0 -1.2451952045459629e-15 0 0 1.2825610568990764e-19 1504 1504 1.2451912770284422e-15 0 0 0
d 0 0 -1.2467141285296287e-15 0 0 2.8919789140681818e-19 1506 1506 1.2467098468967497e-15 0 0 0
d 0 0 -1.2483174403914204e-15 0 0 2.3665319651490819e-18 1508 1508 1.2482737144460873e-15 0 0 0
d 0 0 -1.2500080355255832e-15 0 0 1.6486194015419928e-18 1510 1510 1.2499608756923863e-15 0 0 0
d 0 0 -1.2517899689769912e-15 0 0 1.1010718784404392e-18 1512 1512 1.2517392633084097e-15 0 0 0
d 0 0 -1.2536670871970674e-15 0 0 6.9095701036127731e-19 1514 1514 1.2536127182008613e-15 0 0 0
d 0 0 -1.2556432882286781e-15 0 0 3.9157699032245809e-19 1516 1516 1.2555852654898397e-15 0 0 0
d 0 0 -1.2577225010261802e-15 0 0 1.9031229601219482e-19 1518 1518 1.257660764563799e-15 0 0 0
d 0 0 -1.2599089029031586e-15 0 0 7.6039027652865238e-20 1520 1520 1.2598433120832564e-15 0 0 0
d 0 0 -1.2622096212212891e-15 0 0 4.7513662501097699e-23 1522 1522 1.2621391110964009e-15 0 0 0
d 0 0 -1.2646303685275193e-15 0 0 7.0750561917070429e-19 1524 1524 1.264630268722335e-15 0 0 0
d 0 0 -1.2671779505519701e-15 0 0 7.925327825847917e-19 1526 1526 1.2671778440900152e-15 0 0 0
d 0 0 -1.2698569779704727e-15 0 0 8.7722787409784656e-19 1528 1528 1.2698568648470967e-15 0 0 0
d 0 0 -1.2726725410149468e-15 0 0 9.5785229000931559e-19 1530 1530 1.2726724212164771e-15 0 0 0
d 0 0 -1.2756298194081983e-15 0 0 1.0332878836564094e-18 1532 1532 1.2756296928628392e-15 0 0 0
d 0 0 -1.278733781388204e-15 0 0 1.0934294713998977e-18 1534 1534 1.2787336483705024e-15 0 0 0
d 0 0 -1.2819884716211707e-15 0 0 1.1273302888639544e-18 1536 1536 1.2819883325670491e-15 0 0 0
d 0 0 -1.2853999869574478e-15 0 0 1.1648218651861571e-18 1538 1538 1.2853998410587955e-15 0 0 0
d 0 0 -1.2889748336321708e-15 0 0 1.1974527285815811e-18 1540 1540 1.2889746804834493e-15 0 0 0
d 0 0 -1.2927197381932215e-15 0 0 1.2250767386374857e-18 1542 1542 1.2927195773142963e-15 0 0 0
d 0 0 -1.2966416419796498e-15 0 0 1.2478020595137263e-18 1544 1544 1.2966414727939444e-15 0 0 0
d 0 0 -1.3007476796171491e-15 0 0 1.266184896236263e-18 1546 1546 1.3007475014140866e-15 0 0 0
d 0 0 -1.3050451458727049e-15 0 0 1.2821242436251031e-18 1548 1548 1.3050449577105589e-15 0 0 0
d 0 0 -1.3095415668969299e-15 0 0 1.3009627108717002e-18 1550 1550 1.3095413679913017e-15 0 0 0
d 0 0 -1.3142458796066149e-15 0 0 1.1810064290435031e-18 1552 1552 1.3142456794159451e-15 0 0 0
d 0 0 -1.3191662321263294e-15 0 0 1.0559877713411968e-18 1554 1554 1.3191660273435397e-15 0 0 0
d 0 0 -1.3243103985047056e-15 0 0 9.471249464869906e-19 1556 1556 1.3243101865022335e-15 0 0 0
d 0 0 -1.3296857993762247e-15 0 0 8.5814218962530587e-19 1558 1558 1.3296855772682886e-15 0 0 0
d 0 0 -1.3352993854904073e-15 0 0 8.231281255119096e-19 1560 1560 1.3352991466220205e-15 0 0 0
d 0 0 -1.3411587178163807e-15 0 0 7.8184532774390401e-19 1562 1562 1.3411584624152272e-15 0 0 0
d 0 0 -1.347271782114446e-15 0 0 7.2888897851396588e-19 1564 1564 1.3472715086670582e-15 0 0 0
d 0 0 -1.3536505635366424e-15 0 0 1.9401125555997535e-18 1566 1566 1.3533998077109021e-15 0 0 0
d 0 0 -1.3602967608277214e-15 0 0 3.2395445099497969e-18 1568 1568 1.3600280190779465e-15 0 0 0
d 0 0 -1.3672197186569385e-15 0 0 8.5798120861867822e-19 1570 1570 1.3672194134896144e-15 0 0 0
d 0 0 -1.3744394739497435e-15 0 0 4.427477455980729e-19 1572 1572 1.3744394286428151e-15 0 0 0
d 0 0 -1.3819642091063881e-15 0 0 4.34273095783857e-19 1574 1574 1.3819641586290356e-15 0 0 0
d 0 0 -1.3898067028015924e-15 0 0 4.2491867639307927e-19 1576 1576 1.3898066465767866e-15 0 0 0
d 0 0 -1.3979801527016548e-15 0 0 4.1460112611987311e-19 1578 1578 1.3979800900639248e-15 0 0 0
d 0 0 -1.4064969577554249e-15 0 0 4.0006539171192987e-19 1580 1580 1.4064968878329542e-15 0 0 0
d 0 0 -1.4153691543305209e-15 0 0 3.8551899318100276e-19 1582 1582 1.4153690761918072e-15 0 0 0
d 0 0 -1.4246072054341003e-15 0 0 3.7037478433007664e-19 1584 1584 1.4246071178911273e-15 0 0 0
d 0 0 -1.4342189801980596e-15 0 0 3.56666642245476e-19 1586 1586 1.4342188818096079e-15 0 0 0
d 0 0 -1.44421012274021e-15 0 0 3.5279004002294853e-19 1588 1588 1.4442100119298067e-15 0 0 0
d 0 0 -1.4545866107146889e-15 0 0 3.7265541071685699e-19 1590 1590 1.454586485936657e-15 0 0 0
d 0 0 -1.4653515763004529e-15 0 0 4.0681356648026135e-19 1592 1592 1.4653514354327142e-15 0 0 0
d 0 0 -1.4765088978141232e-15 0 0 4.6317736023078863e-19 1594 1594 1.476508738628672e-15 0 0 0
d 0 0 -1.4880656784070651e-15 0 0 5.4605640067775126e-19 1596 1596 1.4880654984785291e-15 0 0 0
d 0 0 -1.5000325009757852e-15 0 0 6.5173781929782425e-19 1598 1598 1.5000322974006726e-15 0 0 0
d 0 0 -1.512423975786554e-15 0 0 7.8944743527609313e-19 1600 1600 1.5124237454143081e-15 0 0 0
d 0 0 -1.5252587599785725e-15 0 0 9.5817767257176344e-19 1602 1602 1.5252584989787148e-15 0 0 0
d 0 0 -1.538555102046669e-15 0 0 1.1501858179241311e-18 1604 1604 1.5385548056369877e-15 0 0 0
d 0 0 -1.5523331867369273e-15 0 0 1.345388658876559e-18 1606 1606 1.5523328487340471e-15 0 0 0
d 0 0 -1.56661315227195e-15 0 0 1.518000237142962e-18 1608 1608 1.5666127651142852e-15 0 0 0
d 0 0 -1.5814327114694961e-15 0 0 1.8889990427621069e-18 1610 1610 1.5814322679693029e-15 0 0 0
d 0 0 -1.5968220385826933e-15 0 0 2.1115587257018821e-19 1612 1612 1.5968219199853296e-15 0 0 0
d 0 0 -1.6127994627969763e-15 0 0 2.0908518414474138e-19 1614 1614 1.6127993258199872e-15 0 0 0
d 0 0 -1.629379544131233e-15 0 0 1.8965456344599233e-19 1616 1616 1.6293793853243194e-15 0 0 0
d 0 0 -1.6465926141280706e-15 0 0 1.6827979800328157e-19 1618 1618 1.6465924299499838e-15 0 0 0
d 0 0 -1.6644745940118148e-15 0 0 1.8610655929480164e-18 1620 1620 1.6644736507084653e-15 0 0 0
d 0 0 -1.683063944806966e-15 0 0 1.7229157060228046e-18 1622 1622 1.6830628406795071e-15 0 0 0
d 0 0 -1.7024106071690019e-15 0 0 1.6746302851812735e-18 1624 1624 1.702409317413113e-15 0 0 0
d 0 0 -1.7225756210437575e-15 0 0 1.7166612346626546e-18 1626 1626 1.7225741184905775e-15 0 0 0
d 0 0 -1.7436307117216155e-15 0 0 1.1178388372687613e-19 1628 1628 1.7436303323047077e-15 0 0 0
d 0 0 -1.7656872613196517e-15 0 0 1.3279973809045237e-19 1630 1630 1.7656868248420254e-15 0 0 0
d 0 0 -1.7889770269992507e-15 0 0 1.8018811293464963e-19 1632 1632 1.7889765238342994e-15 0 0 0
d 0 0 -1.8135302495043651e-15 0 0 2.1357445763173109e-19 1634 1634 1.8135296745704835e-15 0 0 0
d 0 0 -1.8394310720483458e-15 0 0 2.5878626061155645e-19 1636 1636 1.8394304155178583e-15 0 0 0
d 0 0 -1.8668358741178059e-15 0 0 3.1736605425982847e-19 1638 1638 1.8668351291693573e-15 0 0 0
d 0 0 -1.8959397021815663e-15 0 0 3.9052749028939523e-19 1640 1640 1.8959388612504743e-15 0 0 0
d 0 0 -1.9269859677567499e-15 0 0 4.7636936519601004e-19 1642 1642 1.9269850273267341e-15 0 0 0
d 0 0 -1.9602838628042617e-15 0 0 5.8572992547246573e-19 1644 1644 1.9602828216578281e-15 0 0 0
d 0 0 -1.9961919892240652e-15 0 0 6.3812546942635033e-19 1646 1646 1.9961908529262094e-15 0 0 0
d 0 0 -2.0351211030931055e-15 0 0 5.8136596932586398e-19 1648 1648 2.0351198885702356e-15 0 0 0
d 0 0 -2.0775685624438838e-15 0 0 4.0887861431414544e-19 1650 1650 2.0775673020455061e-15 0 0 0
d 0 0 -2.1242261159621927e-15 0 0 2.3588765864765272e-19 1652 1652 2.1242248486024772e-15 0 0 0
d 0 0 -2.1761222959686884e-15 0 0 9.5223564464599704e-22 1654 1654 2.1761210191827485e-15 0 0 0
d 0 0 -2.2347820439801208e-15 0 0 3.3422335207919623e-21 1656 1656 2.2347806836845901e-15 0 0 0
d 0 0 -2.3025626188507819e-15 0 0 2.749381271097609e-20 1658 1658 2.3025613938335783e-15 0 0 0
d 0 0 -2.3834893720083232e-15 0 0 2.5411252045352062e-19 1660 1660 2.3834834970003012e-15 0 0 0
d 0 0 -2.4856881951513926e-15 0 0 1.5792976888152247e-18 1662 1662 2.4856885006781279e-15 0 0 0
d 0 0 -2.5503421624518585e-15 0 0 1.0162404123873779e-18 1663 1663 2.5503423550617634e-15 0 0 0
d 0 0 -2.6309092188037202e-15 0 0 2.9328503665487144e-19 1664 1664 2.6309105151386213e-15 0 0 0
d 0 0 -2.654812321242593e-15 0 0 4.5735033373964708e-19 1664.25 1664.25 2.6548092312104877e-15 0 0 0
d 0 0 -2.6675158519002302e-15 0 0 8.2204400691355197e-19 1664.375 1664.375 2.6675172541755131e-15 0 0 0
d 0 0 -2.6707809570088885e-15 0 0 7.1609214819345777e-19 1664.40625 1664.40625 2.670782351306386e-15 0 0 0
d 0 0 -2.6724326023738945e-15 0 0 7.2999011106384234e-19 1664.421875 1664.421875 2.6724285775182986e-15 0 0 0
d 0 0 -2.6732538017595928e-15 0 0 7.679867699225511e-19 1664.4296875 1664.4296875 2.673255191675541e-15 0 0 0
d 0 0 -2.6736680094479199e-15 0 0 7.6945939527928708e-19 1664.43359375 1664.43359375 2.6736693983591488e-15 0 0 0
d 0 0 -2.6740883381516665e-15 0 0 7.7828864402455699e-19 1664.4375 1664.4375 2.6740841533606669e-15 0 0 0
d 0 0 -2.6744981494775007e-15 0 0 8.0403421819970685e-19 1664.44140625 1664.44140625 2.6744995357309519e-15 0 0 0
d 0 0 -2.6749198442113135e-15 0 0 8.4849797985948444e-19 1664.4453125 1664.4453125 2.674915418299995e-15 0 0 0
d 0 0 -2.6751221142762469e-15 0 0 9.5896625050997351e-19 1664.447265625 1664.447265625 2.6751234812280132e-15 0 0 0
d 0 0 -2.675336337749783e-15 0 0 7.9712668595318614e-19 1664.44921875 1664.44921875 2.6753320972909736e-15 0 0 0
d 0 0 -2.6755452204929465e-15 0 0 1.0096260157174627e-18 1664.451171875 1664.451171875 2.6755402483647667e-15 0 0 0
d 0 0 -2.6757478436758328e-15 0 0 8.5255842809141773e-19 1664.453125 1664.453125 2.6757492238941309e-15 0 0 0
d 0 0 -2.6759622126697457e-15 0 0 7.2737073845541634e-19 1664.455078125 1664.455078125 2.6759582287288233e-15 0 0 0
d 0 0 -2.6761715472333405e-15 0 0 9.3165029935620558e-19 1664.45703125 1664.45703125 2.676166846070263e-15 0 0 0
d 0 0 -2.6762701700494083e-15 0 0 8.5836559016593796e-19 1664.4580078125 1664.4580078125 2.676271548519481e-15 0 0 0
d 0 0 -2.6763745845402038e-15 0 0 9.6400926229993362e-19 1664.458984375 1664.458984375 2.6763759477345282e-15 0 0 0
d 0 0 -2.6764849338218662e-15 0 0 7.3478141434513683e-19 1664.4599609375 1664.4599609375 2.6764809275826181e-15 0 0 0
d 0 0 -2.676589759903223e-15 0 0 8.2809395594065588e-19 1664.4609375 1664.4609375 2.6765854217961073e-15 0 0 0
d 0 0 -2.6766946343307305e-15 0 0 9.3300710330578484e-19 1664.4619140625 1664.4619140625 2.6766899339586674e-15 0 0 0
d 0 0 -2.6767936876650597e-15 0 0 7.1843496357948582e-19 1664.462890625 1664.462890625 2.6767950673464984e-15 0 0 0
d 0 0 -2.6768982978130745e-15 0 0 8.1134478015330319e-19 1664.4638671875 1664.4638671875 2.6768996780523362e-15 0 0 0
d 0 0 -2.6770029357376486e-15 0 0 9.1670832063416357e-19 1664.46484375 1664.46484375 2.6770043054731118e-15 0 0 0
d 0 0 -2.6771133912845231e-15 0 0 7.1332035460586691e-19 1664.4658203125 1664.4658203125 2.677109468480087e-15 0 0 0
d 0 0 -2.6772184505991269e-15 0 0 8.0846937666319766e-19 1664.466796875 1664.466796875 2.6772141875645071e-15 0 0 0
d 0 0 -2.6773235593675825e-15 0 0 9.1607735515868294e-19 1664.4677734375 1664.4677734375 2.6773189233422464e-15 0 0 0
d 0 0 -2.6773703660990642e-15 0 0 7.3328792365383019e-19 1664.46826171875 1664.46826171875 2.6773717452140227e-15 0 0 0
d 0 0 -2.6774227752552331e-15 0 0 7.7708275790561014e-19 1664.46875 1664.46875 2.6774241551150124e-15 0 0 0
d 0 0 -2.6774751907685907e-15 0 0 8.2413457341723663e-19 1664.46923828125 1664.46923828125 2.6774765689971102e-15 0 0 0
d 0 0 -2.6775276135487302e-15 0 0 8.7405811837924937e-19 1664.4697265625 1664.4697265625 2.677528987522814e-15 0 0 0
d 0 0 -2.6775800435356486e-15 0 0 9.2703017779632731e-19 1664.47021484375 1664.47021484375 2.6775814103948499e-15 0 0 0
d 0 0 -2.6776324806678946e-15 0 0 9.832383863028717e-19 1664.470703125 1664.470703125 2.6776338372974771e-15 0 0 0
d 0 0 -2.6776907462299034e-15 0 0 7.2815936394251849e-19 1664.47119140625 1664.47119140625 2.6776867745119918e-15 0 0 0
d 0 0 -2.677743373105443e-15 0 0 7.7393420116311195e-19 1664.4716796875 1664.4716796875 2.6777392374168309e-15 0 0 0
d 0 0 -2.677796011179266e-15 0 0 8.2197950746098677e-19 1664.47216796875 1664.47216796875 2.6777917059966383e-15 0 0 0
d 0 0 -2.6778486616016836e-15 0 0 8.7303147298830899e-19 1664.47265625 1664.47265625 2.6778441789870018e-15 0 0 0
d 0 0 -2.6779013244706974e-15 0 0 9.2727990046850362e-19 1664.47314453125 1664.47314453125 2.6778966560676867e-15 0 0 0
d 0 0 -2.6779539998875023e-15 0 0 9.8492655162159472e-19 1664.4736328125 1664.4736328125 2.6779491368980867e-15 0 0 0
d 0 0 -2.6780008096686879e-15 0 0 7.3591579833117689e-19 1664.47412109375 1664.47412109375 2.6780021873858082e-15 0 0 0
d 0 0 -2.6780533297606407e-15 0 0 7.8208031400758632e-19 1664.474609375 1664.474609375 2.6780547080780455e-15 0 0 0
d 0 0 -2.6781058560134689e-15 0 0 8.3180318364770963e-19 1664.47509765625 1664.47509765625 2.6781072322942664e-15 0 0 0
d 0 0 -2.6781583893491219e-15 0 0 8.8471165562862985e-19 1664.4755859375 1664.4755859375 2.6781597606746802e-15 0 0 0
d 0 0 -2.6782109296977338e-15 0 0 9.410115096639492e-19 1664.47607421875 1664.47607421875 2.6782122928730395e-15 0 0 0
d 0 0 -2.6782634769876573e-15 0 0 1.0009217952376729e-18 1664.4765625 1664.4765625 2.6782648285205349e-15 0 0 0
d 0 0 -2.6783219261675194e-15 0 0 7.5474420034574888e-19 1664.47705078125 1664.47705078125 2.6783178642400967e-15 0 0 0
d 0 0 -2.6783746737008042e-15 0 0 8.0450249739397746e-19 1664.4775390625 1664.4775390625 2.6783704354181386e-15 0 0 0
d 0 0 -2.6784274327669364e-15 0 0 8.5690000951213346e-19 1664.47802734375 1664.47802734375 2.6784230116940529e-15 0 0 0
d 0 0 -2.6784802045660055e-15 0 0 9.1273673605781135e-19 1664.478515625 1664.478515625 2.6784755916959027e-15 0 0 0
d 0 0 -2.6785329892124762e-15 0 0 9.7224031553146379e-19 1664.47900390625 1664.47900390625 2.6785281750393161e-15 0 0 0
d 0 0 -2.6785593348328155e-15 0 0 9.7184563884724484e-19 1664.479248046875 1664.479248046875 2.678554522266065e-15 0 0 0
d 0 0 -2.6785857302779492e-15 0 0 1.0004892900214086e-18 1664.4794921875 1664.4794921875 2.678580821880082e-15 0 0 0
d 0 0 -2.6786121288683569e-15 0 0 1.0299967453810175e-18 1664.479736328125 1664.479736328125 2.6786071224230183e-15 0 0 0
d 0 0 -2.6786326005772125e-15 0 0 7.5734074964797328e-19 1664.47998046875 1664.47998046875 2.6786339774379762e-15 0 0 0
d 0 0 -2.6786589199198239e-15 0 0 7.7893240661406207e-19 1664.480224609375 1664.480224609375 2.6786602968302788e-15 0 0 0
d 0 0 -2.6786852390444309e-15 0 0 8.024143445507838e-19 1664.48046875 1664.48046875 2.6786866154136798e-15 0 0 0
d 0 0 -2.6787115600066748e-15 0 0 8.2660917344447433e-19 1664.480712890625 1664.480712890625 2.6787129351936014e-15 0 0 0
d 0 0 -2.6787378827982271e-15 0 0 8.5153918288321542e-19 1664.48095703125 1664.48095703125 2.6787392561326697e-15 0 0 0
d 0 0 -2.6787642074114277e-15 0 0 8.7722688183894162e-19 1664.481201171875 1664.481201171875 2.6787655781931409e-15 0 0 0
d 0 0 -2.678790533838509e-15 0 0 9.0369547375014699e-19 1664.4814453125 1664.4814453125 2.6787919013360933e-15 0 0 0
d 0 0 -2.678816862071599e-15 0 0 9.3096887791662665e-19 1664.481689453125 1664.481689453125 2.6788182255213885e-15 0 0 0
d 0 0 -2.6788431921027192e-15 0 0 9.5907175174349227e-19 1664.48193359375 1664.48193359375 2.6788445507076374e-15 0 0 0
d 0 0 -2.6788695239237821e-15 0 0 9.8802951368128681e-19 1664.482177734375 1664.482177734375 2.6788708768521574e-15 0 0 0
d 0 0 -2.6788958575265931e-15 0 0 1.0178683668836686e-18 1664.482421875 1664.482421875 2.6788972039109356e-15 0 0 0
d 0 0 -2.6789280563943056e-15 0 0 7.5430928552090031e-19 1664.482666015625 1664.482666015625 2.6789240013826028e-15 0 0 0
d 0 0 -2.6789544840125799e-15 0 0 7.7884112183013097e-19 1664.48291015625 1664.48291015625 2.6789503418058941e-15 0 0 0
d 0 0 -2.6789809125246738e-15 0 0 8.0290944200358976e-19 1664.483154296875 1664.483154296875 2.6789766854505333e-15 0 0 0
d 0 0 -2.6790073441504017e-15 0 0 8.2772700098422911e-19 1664.4833984375 1664.4833984375 2.6790030302285198e-15 0 0 0
d 0 0 -2.6790337789029076e-15 0 0 8.5331778989089294e-19 1664.483642578125 1664.483642578125 2.6790293760994778e-15 0 0 0
d 0 0 -2.6790602167947262e-15 0 0 8.797060940470197e-19 1664.48388671875 1664.48388671875 2.6790557230225412e-15 0 0 0
d 0 0 -2.6790866578386076e-15 0 0 9.0691696755595532e-19 1664.484130859375 1664.484130859375 2.6790820709555387e-15 0 0 0
d 0 0 -2.6791131020475245e-15 0 0 9.3497625802509285e-19 1664.484375 1664.484375 2.6791084198549487e-15 0 0 0
d 0 0 -2.6791395494346763e-15 0 0 9.6391063190692437e-19 1664.484619140625 1664.484619140625 2.6791347696758603e-15 0 0 0
d 0 0 -2.6791660000134927e-15 0 0 9.9374760065655116e-19 1664.48486328125 1664.48486328125 2.6791611203719264e-15 0 0 0
d 0 0 -2.6791924537976399e-15 0 0 1.0245155477316133e-18 1664.485107421875 1664.485107421875 2.6791874718953181e-15 0 0 0
d 0 0 -2.6792129813770339e-15 0 0 7.6503956873168146e-19 1664.4853515625 1664.4853515625 2.6792143569617941e-15 0 0 0
d 0 0 -2.6792393518010202e-15 0 0 7.8797210987177868e-19 1664.485595703125 1664.485595703125 2.6792407272296613e-15 0 0 0
d 0 0 -2.679265721947432e-15 0 0 8.1288703141348319e-19 1664.48583984375 1664.48583984375 2.6792670965476488e-15 0 0 0
d 0 0 -2.6792920938836697e-15 0 0 8.3859510312534796e-19 1664.486083984375 1664.486083984375 2.6792934669386071e-15 0 0 0
d 0 0 -2.6793184676001473e-15 0 0 8.6512225285312014e-19 1664.486328125 1664.486328125 2.6793198383590285e-15 0 0 0
d 0 0 -2.6793448430879355e-15 0 0 8.9249476760395238e-19 1664.486572265625 1664.486572265625 2.679346210764799e-15 0 0 0
d 0 0 -2.6793712203379758e-15 0 0 9.2073978423601487e-19 1664.48681640625 1664.48681640625 2.679372584110364e-15 0 0 0
d 0 0 -2.6793975993410844e-15 0 0 9.4988531693136238e-19 1664.487060546875 1664.487060546875 2.6793989583486801e-15 0 0 0
d 0 0 -2.6794239800879471e-15 0 0 9.7996028575449916e-19 1664.4873046875 1664.4873046875 2.6794253334311689e-15 0 0 0
d 0 0 -2.6794503625691205e-15 0 0 1.0109945461469827e-18 1664.487548828125 1664.487548828125 2.679451709307666e-15 0 0 0
d 0 0 -2.6794826066291802e-15 0 0 7.6041938589538031e-19 1664.48779296875 1664.48779296875 2.6794785346848818e-15 0 0 0
d 0 0 -2.6795090872323961e-15 0 0 7.8627505918914216e-19 1664.488037109375 1664.488037109375 2.6795049236920684e-15 0 0 0
d 0 0 -2.6795355687990517e-15 0 0 8.1173288707728416e-19 1664.48828125 1664.48828125 2.6795313158182007e-15 0 0 0
d 0 0 -2.6795620535609119e-15 0 0 8.3802083952746001e-19 1664.488525390625 1664.488525390625 2.679557708951856e-15 0 0 0
d 0 0 -2.6795885415329327e-15 0 0 8.6516668475453863e-19 1664.48876953125 1664.48876953125 2.6795841030462737e-15 0 0 0
d 0 0 -2.6796150327294947e-15 0 0 8.9319863721287788e-19 1664.489013671875 1664.489013671875 2.6796104980539457e-15 0 0 0
d 0 0 -2.6796415271652406e-15 0 0 9.2214584639292862e-19 1664.4892578125 1664.4892578125 2.6796368939257762e-15 0 0 0
d 0 0 -2.6796680248550807e-15 0 0 9.5203842824821873e-19 1664.489501953125 1664.489501953125 2.6796632906110292e-15 0 0 0
d 0 0 -2.6796945258142006e-15 0 0 9.8290749749711458e-19 1664.48974609375 1664.48974609375 2.6796896880572738e-15 0 0 0
d 0 0 -2.6797210300580632e-15 0 0 1.0147852010134442e-18 1664.489990234375 1664.489990234375 2.679716086210326e-15 0 0 0
d 0 0 -2.6797340532707596e-15 0 0 8.9160829122857988e-19 1664.4901123046875 1664.4901123046875 2.6797295252191782e-15 0 0 0
d 0 0 -2.6797473033970089e-15 0 0 9.0469015380345357e-19 1664.490234375 1664.490234375 2.6797427307123891e-15 0 0 0
d 0 0 -2.6797605544850595e-15 0 0 9.1807454191051943e-19 1664.4903564453125 1664.4903564453125 2.6797559362954918e-15 0 0 0
d 0 0 -2.6797738063556755e-15 0 0 9.3165870422009569e-19 1664.490478515625 1664.490478515625 2.679769142145179e-15 0 0 0
d 0 0 -2.6797870590102027e-15 0 0 9.4544555966628432e-19 1664.4906005859375 1664.4906005859375 2.6797823482565534e-15 0 0 0
d 0 0 -2.6798003124501446e-15 0 0 9.5943815862821011e-19 1664.49072265625 1664.49072265625 2.679795554624493e-15 0 0 0
d 0 0 -2.6798135666770175e-15 0 0 9.7363959786947329e-19 1664.4908447265625 1664.4908447265625 2.6798087612437969e-15 0 0 0
d 0 0 -2.6798268216923502e-15 0 0 9.8805302117789871e-19 1664.490966796875 1664.490966796875 2.6798219681091851e-15 0 0 0
d 0 0 -2.6798400774976849e-15 0 0 1.0026816200859165e-18 1664.4910888671875 1664.4910888671875 2.6798351752152958e-15 0 0 0
d 0 0 -2.6798533340945768e-15 0 0 1.0175286346024751e-18 1664.4912109375 1664.4912109375 2.679848382556685e-15 0 0 0
d 0 0 -2.6798665914845934e-15 0 0 1.0325973539562559e-18 1664.4913330078125 1664.4913330078125 2.6798615901278265e-15 0 0 0
d 0 0 -2.6798739311073453e-15 0 0 7.7124881182122962e-19 1664.491455078125 1664.491455078125 2.6798753051632916e-15 0 0 0
d 0 0 -2.6798871502821124e-15 0 0 7.8040028504923502e-19 1664.4915771484375 1664.4915771484375 2.6798885242798281e-15 0 0 0
d 0 0 -2.6799003657173412e-15 0 0 7.9219938944584992e-19 1664.49169921875 1664.49169921875 2.6799017395095566e-15 0 0 0
d 0 0 -2.6799135816192008e-15 0 0 8.0417629510695935e-19 1664.4918212890625 1664.4918212890625 2.6799149550459721e-15 0 0 0
d 0 0 -2.6799267979835713e-15 0 0 8.1633562706531131e-19 1664.491943359375 1664.491943359375 2.6799281708812942e-15 0 0 0
d 0 0 -2.6799400148094849e-15 0 0 8.2868018261595887e-19 1664.4920654296875 1664.4920654296875 2.6799413870108475e-15 0 0 0
d 0 0 -2.6799532320959651e-15 0 0 8.4121280371470426e-19 1664.4921875 1664.4921875 2.6799546034298797e-15 0 0 0
d 0 0 -2.6799664498420297e-15 0 0 8.5393637622360454e-19 1664.4923095703125 1664.4923095703125 2.6799678201335652e-15 0 0 0
d 0 0 -2.6799796680466888e-15 0 0 8.6685383059480122e-19 1664.492431640625 1664.492431640625 2.6799810371170025e-15 0 0 0
d 0 0 -2.6799928867089455e-15 0 0 8.7996814256410679e-19 1664.4925537109375 1664.4925537109375 2.6799942543752131e-15 0 0 0
d 0 0 -2.680006105827797e-15 0 0 8.9328233385505824e-19 1664.49267578125 1664.49267578125 2.6800074719031411e-15 0 0 0
d 0 0 -2.6800193254022329e-15 0 0 9.067994728943783e-19 1664.4927978515625 1664.4927978515625 2.6800206896956515e-15 0 0 0
d 0 0 -2.6800325454312358e-15 0 0 9.2052267553846149e-19 1664.492919921875 1664.492919921875 2.6800339077475287e-15 0 0 0
d 0 0 -2.6800457659137824e-15 0 0 9.3445510581107891e-19 1664.4930419921875 1664.4930419921875 2.6800471260534764e-15 0 0 0
d 0 0 -2.6800589868488409e-15 0 0 9.4859997665296616e-19 1664.4931640625 1664.4931640625 2.6800603446081148e-15 0 0 0
d 0 0 -2.6800722082353743e-15 0 0 9.629605506828462e-19 1664.4932861328125 1664.4932861328125 2.6800735634059795e-15 0 0 0
d 0 0 -2.6800854300723375e-15 0 0 9.7754014097040896e-19 1664.493408203125 1664.493408203125 2.6800867824415224e-15 0 0 0
d 0 0 -2.6800986523586781e-15 0 0 9.9234211182166157e-19 1664.4935302734375 1664.4935302734375 2.6801000017091069e-15 0 0 0
d 0 0 -2.6801118750933374e-15 0 0 1.0073698795760176e-18 1664.49365234375 1664.49365234375 2.6801132212030096e-15 0 0 0
d 0 0 -2.6801250982752496e-15 0 0 1.022626913416542e-18 1664.4937744140625 1664.4937744140625 2.6801264409174167e-15 0 0 0
d 0 0 -2.6801441824812648e-15 0 0 7.6909824979338537e-19 1664.493896484375 1664.493896484375 2.6801400855051765e-15 0 0 0
d 0 0 -2.6801574555223184e-15 0 0 7.8352166835984832e-19 1664.4940185546875 1664.4940185546875 2.6801533075603871e-15 0 0 0
d 0 0 -2.6801707248371568e-15 0 0 7.9566984075488058e-19 1664.494140625 1664.494140625 2.6801665341352453e-15 0 0 0
d 0 0 -2.6801839949356551e-15 0 0 8.0800596342427704e-19 1664.4942626953125 1664.4942626953125 2.6801797609990964e-15 0 0 0
d 0 0 -2.6801972658227773e-15 0 0 8.205348926426935e-19 1664.494384765625 1664.494384765625 2.6801929881437197e-15 0 0 0
d 0 0 -2.6802105375001129e-15 0 0 8.3325966816886016e-19 1664.4945068359375 1664.4945068359375 2.680206215564014e-15 0 0 0
d 0 0 -2.6802238099692629e-15 0 0 8.4618337662331666e-19 1664.49462890625 1664.49462890625 2.6802194432547988e-15 0 0 0
d 0 0 -2.6802370832318417e-15 0 0 8.5930915368450409e-19 1664.4947509765625 1664.4947509765625 2.6802326712108116e-15 0 0 0
d 0 0 -2.6802503572894787e-15 0 0 8.7264018487654696e-19 1664.494873046875 1664.494873046875 2.6802458994267041e-15 0 0 0
d 0 0 -2.6802636321438171e-15 0 0 8.8617970636871926e-19 1664.4949951171875 1664.4949951171875 2.6802591278970428e-15 0 0 0
d 0 0 -2.6802769077965151e-15 0 0 8.9993100578771647e-19 1664.4951171875 1664.4951171875 2.6802723566163066e-15 0 0 0
d 0 0 -2.6802901842492442e-15 0 0 9.1389742304307525e-19 1664.4952392578125 1664.4952392578125 2.6802855855788871e-15 0 0 0
d 0 0 -2.6803034615036919e-15 0 0 9.2808235116613317e-19 1664.495361328125 1664.495361328125 2.6802988147790838e-15 0 0 0
d 0 0 -2.6803167395615597e-15 0 0 9.4248923716238081e-19 1664.4954833984375 1664.4954833984375 2.6803120442111063e-15 0 0 0
d 0 0 -2.6803300184245654e-15 0 0 9.5712158287766468e-19 1664.49560546875 1664.49560546875 2.6803252738690708e-15 0 0 0
d 0 0 -2.6803432980944401e-15 0 0 9.719829458785601e-19 1664.4957275390625 1664.4957275390625 2.6803385037469993e-15 0 0 0
d 0 0 -2.6803565785729315e-15 0 0 9.8707694034687124e-19 1664.495849609375 1664.495849609375 2.6803517338388172e-15 0 0 0
d 0 0 -2.6803698598618024e-15 0 0 1.0024072379885959e-18 1664.4959716796875 1664.4959716796875 2.6803649641383532e-15 0 0 0
d 0 0 -2.6803831419628317e-15 0 0 1.0179775689577544e-18 1664.49609375 1664.49609375 2.6803781946393367e-15 0 0 0
d 0 0 -2.6803964248778131e-15 0 0 1.0337917227951425e-18 1664.4962158203125 1664.4962158203125 2.6803914253353963e-15 0 0 0
d 0 0 -2.6804037741428904e-15 0 0 7.8271406086891717e-19 1664.496337890625 1664.496337890625 2.6804051469038884e-15 0 0 0
d 0 0 -2.6804170166759823e-15 0 0 7.9255451804667289e-19 1664.4964599609375 1664.4964599609375 2.6804183892489182e-15 0 0 0
d 0 0 -2.6804302554088422e-15 0 0 8.0511319695406516e-19 1664.49658203125 1664.49658203125 2.6804316275954736e-15 0 0 0
d 0 0 -2.6804434945959261e-15 0 0 8.1787031613261814e-19 1664.4967041015625 1664.4967041015625 2.6804448662166875e-15 0 0 0
d 0 0 -2.6804567342328876e-15 0 0 8.3083102099160836e-19 1664.496826171875 1664.496826171875 2.6804581051039081e-15 0 0 0
d 0 0 -2.6804699743185989e-15 0 0 8.4399858148065284e-19 1664.4969482421875 1664.4969482421875 2.6804713442516638e-15 0 0 0
d 0 0 -2.6804832148519225e-15 0 0 8.5737632195142577e-19 1664.4970703125 1664.4970703125 2.6804845836543907e-15 0 0 0
d 0 0 -2.6804964558317117e-15 0 0 8.7096762053318899e-19 1664.4971923828125 1664.4971923828125 2.680497823306434e-15 0 0 0
d 0 0 -2.680509697256813e-15 0 0 8.8477591000955889e-19 1664.497314453125 1664.497314453125 2.6805110632020472e-15 0 0 0
d 0 0 -2.6805229391260635e-15 0 0 8.9880467870797911e-19 1664.4974365234375 1664.4974365234375 2.6805243033353891e-15 0 0 0
d 0 0 -2.6805361814382925e-15 0 0 9.130574714041228e-19 1664.49755859375 1664.49755859375 2.6805375437005229e-15 0 0 0
d 0 0 -2.6805494241923219e-15 0 0 9.2753789024082839e-19 1664.4976806640625 1664.4976806640625 2.6805507842914156e-15 0 0 0
d 0 0 -2.6805626673869636e-15 0 0 9.4224959566229329e-19 1664.497802734375 1664.497802734375 2.680564025101935e-15 0 0 0
d 0 0 -2.6805759110210225e-15 0 0 9.5719630736340537e-19 1664.4979248046875 1664.4979248046875 2.6805772661258488e-15 0 0 0
d 0 0 -2.6805891550932944e-15 0 0 9.7238180525471457e-19 1664.498046875 1664.498046875 2.6805905073568229e-15 0 0 0
d 0 0 -2.6806023996025673e-15 0 0 9.8780993044313164e-19 1664.4981689453125 1664.4981689453125 2.6806037487884196e-15 0 0 0
d 0 0 -2.68061564454762e-15 0 0 1.0034845862287332e-18 1664.498291015625 1664.498291015625 2.6806169904140963e-15 0 0 0
d 0 0 -2.6806288899272234e-15 0 0 1.0194097391179487e-18 1664.4984130859375 1664.4984130859375 2.6806302322272035e-15 0 0 0
d 0 0 -2.6806421357401398e-15 0 0 1.0355894198531844e-18 1664.49853515625 1664.49853515625 2.6806434742209832e-15 0 0 0
d 0 0 -2.6806612931300074e-15 0 0 7.8927969870854828e-19 1664.4986572265625 1664.4986572265625 2.6806571293730703e-15 0 0 0
d 0 0 -2.6806745914008874e-15 0 0 8.0468780034196125e-19 1664.498779296875 1664.498779296875 2.6806703735893796e-15 0 0 0
d 0 0 -2.680687885860987e-15 0 0 8.1775135458730401e-19 1664.4989013671875 1664.4989013671875 2.6806836224421056e-15 0 0 0
d 0 0 -2.6807011811267483e-15 0 0 8.3102660906878834e-19 1664.4990234375 1664.4990234375 2.6806968715462708e-15 0 0 0
d 0 0 -2.6807144772035119e-15 0 0 8.4451905271829103e-19 1664.4991455078125 1664.4991455078125 2.6807101208925871e-15 0 0 0
d 0 0 -2.6807277740931161e-15 0 0 8.5823226870728944e-19 1664.499267578125 1664.499267578125 2.680723370475036e-15 0 0 0
d 0 0 -2.6807410717974121e-15 0 0 8.7216989823235362e-19 1664.4993896484375 1664.4993896484375 2.6807366202875012e-15 0 0 0
d 0 0 -2.6807543703182691e-15 0 0 8.8633564303599053e-19 1664.49951171875 1664.49951171875 2.6807498703237643e-15 0 0 0
d 0 0 -2.6807676696575724e-15 0 0 9.0073326642342585e-19 1664.4996337890625 1664.4996337890625 2.6807631205775018e-15 0 0 0
d 0 0 -2.6807809698172264e-15 0 0 9.1536659429521848e-19 1664.499755859375 1664.499755859375 2.6807763710422848e-15 0 0 0
d 0 0 -2.6807942707991515e-15 0 0 9.3023951619735649e-19 1664.4998779296875 1664.4998779296875 2.6807896217115761e-15 0 0 0
d 0 0 -2.6808075726052864e-15 0 0 9.4535598638915639e-19 1664.5 1664.5 2.6808028725787299e-15 0 0 0
Q 2 13 "Source Voltage"
Q 3 13 "Gate Voltage"
Q 4 13 "Drain Voltage"
Q 5 13 "Substrate Voltage"
Q 20 13 "Source Current"
Q 21 13 "Gate Current"
Q 22 13 "Drain Current"
Q 23 13 "Substrate Current"
Q 92 21 Contact
Q 601 13 "Source Int. Voltage"
Q 602 13 "Gate Int. Voltage"
Q 603 13 "Drain Int. Voltage"
Q 604 13 "Substrate Int. Voltage"
EOF 396352528
