v VICTORYDEVICE
# silvaco.file ASCII version=1.14.29 format=1 contents=SDB,Tables=1

Copyright "###################################################################"
Copyright "#                    Copyright Silvaco Inc. (c)                   #"
Copyright "#                            1992-2014                            #"
Copyright "#                                                                 #"
Copyright "# This file format and the following Key are copyright Silvaco    #"
Copyright "# International. You may not use, this format or key without      #"
Copyright "# reproducing this message in full and obtaining                  #"
Copyright "# express written permission from Silvaco Inc.                    #"
Copyright "#                                                                 #"
Copyright "# To obtain such permission please contact: Silvaco Inc.          #"
Copyright "#                                           support@silvaco.com   #"
Copyright "#                                                                 #"
Copyright "# KEY=SVC86hn7562asdx                       PROD=345              #"
Copyright "###################################################################"
#This file was created by VICTORYDEVICE version 1.24.0.R
#victoryd 1.24.0.R (Wed Jun 26 14:38:19 PDT 2024)
#libSDB 1.12.65 (Thu Dec  7 08:14:05 PST 2023)
a VICTORYDEVICE
j 1 9
k 4
r 1 92
x 3 43 42 46
w source 1 1
r 2 92
x 3 43 42 46
w gate 1 2
r 3 92
x 3 43 42 46
w drain 1 3
r 4 92
x 3 43 42 46
w substrate 1 4
y 1 15
z 300
f 4 source gate drain substrate
p 12 2 601 20 3 602 21 4 603 22 5 604 23
d 0 0 -1.5551366026197256e-16 0 0 9.1677670054834197e-28 0.01 0.01 1.5551370405010383e-16 0 0 0
d 0 0 -5.4253436712263849e-16 0 0 1.1364219560954497e-29 0.055 0.055 5.4253444211036104e-16 0 0 0
d 0 0 -6.2932688583602481e-16 0 0 1.0792193033535398e-30 0.0775 0.0775 6.2932688611986268e-16 0 0 0
d 0 0 -6.8216493732058613e-16 0 0 1.4133378460488127e-31 0.1 0.1 6.8216493737487613e-16 0 0 0
d 0 0 -7.3950001592563162e-16 0 0 8.220711108933085e-29 0.15 0.15 7.3950001590484297e-16 0 0 0
d 0 0 -7.6302151716271951e-16 0 0 -9.3457392165860263e-36 0.2 0.2 7.6302151716258826e-16 0 0 0
d 0 0 -7.7959109205158958e-16 0 0 4.6006950072118167e-26 0.3 0.3 7.7959109244262784e-16 0 0 0
d 0 0 -7.9128704158408577e-16 0 0 1.2068969958965486e-28 0.5 0.5 7.912870415998198e-16 0 0 0
d 0 0 -8.0793915259189463e-16 0 0 3.005030523042595e-35 1 1 8.0793915258951148e-16 0 0 0
d 0 0 -8.2029706063245501e-16 0 0 1.3571244229304751e-35 2 2 8.2029706063078361e-16 0 0 0
d 0 0 -8.3709897771760868e-16 0 0 1.7871274578311698e-31 4 4 8.3709897771767574e-16 0 0 0
d 0 0 -8.498866173852807e-16 0 0 5.9382128858418306e-28 6 6 8.4988661738198208e-16 0 0 0
d 0 0 -8.6212900172161798e-16 0 0 7.5128361417607008e-28 8 8 8.621290017276717e-16 0 0 0
d 0 0 -8.6991152494924685e-16 0 0 7.2658567736874605e-28 10 10 8.6991152498088727e-16 0 0 0
d 0 0 -8.7559810429186374e-16 0 0 1.3889284656153451e-29 12 12 8.7559810429119902e-16 0 0 0
d 0 0 -8.8186809745181994e-16 0 0 2.9797125124129182e-32 14 14 8.8186809745407046e-16 0 0 0
d 0 0 -8.8799957102759695e-16 0 0 9.1886066584319558e-34 16 16 8.879995710391369e-16 0 0 0
d 0 0 -8.9396465266465025e-16 0 0 8.3819239730790085e-33 18 18 8.9396465267038684e-16 0 0 0
d 0 0 -8.9968244263197467e-16 0 0 4.2139585210436298e-33 20 20 8.9968244263416474e-16 0 0 0
d 0 0 -9.048215572691575e-16 0 0 1.5086177523947817e-29 22 22 9.0482155881899229e-16 0 0 0
d 0 0 -9.0858441647313804e-16 0 0 4.8471459030492018e-32 24 24 9.0858441638544057e-16 0 0 0
d 0 0 -9.1188804427430779e-16 0 0 9.4197920139315518e-32 26 26 9.1188804431340847e-16 0 0 0
d 0 0 -9.1509220904857995e-16 0 0 1.7798380224312638e-32 28 28 9.1509220905674466e-16 0 0 0
d 0 0 -9.1818391249358513e-16 0 0 2.2542168233444244e-31 30 30 9.1818391320967815e-16 0 0 0
d 0 0 -9.2116647069805156e-16 0 0 7.1207703278429707e-33 32 32 9.2116647089030209e-16 0 0 0
d 0 0 -9.2405395812646597e-16 0 0 -1.2035051921734132e-31 34 34 9.2405395761272307e-16 0 0 0
d 0 0 -9.2686528716020632e-16 0 0 -4.7010732255545502e-31 36 36 9.2686528771156685e-16 0 0 0
d 0 0 -9.2960005117248431e-16 0 0 -1.4518881409369059e-30 38 38 9.2960005038319742e-16 0 0 0
d 0 0 -9.322916735478898e-16 0 0 -4.238572556670761e-30 40 40 9.3229167074167214e-16 0 0 0
d 0 0 -9.3493830197411049e-16 0 0 -1.1814869456966371e-29 42 42 9.3493830312294578e-16 0 0 0
d 0 0 -9.3726675570607462e-16 0 0 -2.761784407251771e-29 44 44 9.372667455762364e-16 0 0 0
d 0 0 -9.3927379284460233e-16 0 0 -5.4496251608564051e-29 46 46 9.3927377862040523e-16 0 0 0
d 0 0 -9.4104446668789273e-16 0 0 -9.5103175557661753e-29 48 48 9.4104444260664807e-16 0 0 0
d 0 0 -9.4279136262924582e-16 0 0 -1.6324445729843966e-28 50 50 9.4279133157856317e-16 0 0 0
d 0 0 -9.4451950754953149e-16 0 0 -2.7615020411154748e-28 52 52 9.4451946591533376e-16 0 0 0
d 0 0 -9.462329163247683e-16 0 0 -4.6363914294119179e-28 54 54 9.4623289879653655e-16 0 0 0
d 0 0 -9.4793953375251515e-16 0 0 -7.6620730868430878e-28 56 56 9.4793951239710913e-16 0 0 0
d 0 0 -9.4964094647814154e-16 0 0 -1.2514239460158041e-27 58 58 9.4964094133561528e-16 0 0 0
d 0 0 -9.5132840627066195e-16 0 0 -2.0159850775710667e-27 60 60 9.5132840030656132e-16 0 0 0
d 0 0 -9.5300112933487459e-16 0 0 -3.2084985129920382e-27 62 62 9.5300112268691004e-16 0 0 0
d 0 0 -9.5466053085776861e-16 0 0 -5.0471333747838545e-27 64 64 9.546605232285035e-16 0 0 0
d 0 0 -9.5630756687630014e-16 0 0 -7.8512626213089862e-27 66 66 9.5630755762852536e-16 0 0 0
d 0 0 -9.5794401869891318e-16 0 0 -1.2084238242602464e-26 68 68 9.5794401423304755e-16 0 0 0
d 0 0 -9.5957107606489648e-16 0 0 -1.8402741631199712e-26 70 70 9.5957106786535022e-16 0 0 0
d 0 0 -9.6119739459284955e-16 0 0 -2.7772546365438208e-26 72 72 9.6119738350993937e-16 0 0 0
d 0 0 -9.6281027078561663e-16 0 0 -4.1468741068383617e-26 74 74 9.6281025671327465e-16 0 0 0
d 0 0 -9.6438857988513134e-16 0 0 -6.0859176053581055e-26 76 76 9.6438860805977326e-16 0 0 0
d 0 0 -9.6576814371290091e-16 0 0 -8.3464760842766595e-26 78 78 9.6576812986054009e-16 0 0 0
d 0 0 -9.6704630993557696e-16 0 0 -1.1047494413112868e-25 80 80 9.6704622507724654e-16 0 0 0
d 0 0 -9.6817103337624709e-16 0 0 -1.3910074230572345e-25 82 82 9.681709263767835e-16 0 0 0
d 0 0 -9.6928897395154608e-16 0 0 -1.7453382917205403e-25 84 84 9.6928894106287136e-16 0 0 0
d 0 0 -9.7040100249917344e-16 0 0 -2.1828401216426862e-25 86 86 9.7040096436883927e-16 0 0 0
d 0 0 -9.7150713654327877e-16 0 0 -2.7214572342236971e-25 88 88 9.715070932193532e-16 0 0 0
d 0 0 -9.72606858188887e-16 0 0 -3.3821386189020546e-25 90 90 9.7260679137392751e-16 0 0 0
d 0 0 -9.7370020308904183e-16 0 0 -4.1900442786767753e-25 92 92 9.7370011871721376e-16 0 0 0
d 0 0 -9.7478912008953332e-16 0 0 -5.1753334812045892e-25 94 94 9.7478909298062748e-16 0 0 0
d 0 0 -9.7587512371190757e-16 0 0 -6.3735412506610129e-25 96 96 9.7587509485885256e-16 0 0 0
d 0 0 -9.7695904481016553e-16 0 0 -7.8266203795963091e-25 98 98 9.7695901324917152e-16 0 0 0
d 0 0 -9.7804183513313692e-16 0 0 -9.5838930279263682e-25 100 100 9.7804180192869104e-16 0 0 0
d 0 0 -9.807361892666488e-16 0 0 -1.5712636597457381e-24 105 105 9.8073612287244051e-16 0 0 0
d 0 0 -9.834005039626541e-16 0 0 -2.5329239078049829e-24 110 110 9.8340048020801165e-16 0 0 0
d 0 0 -9.8602735219335444e-16 0 0 -4.0184120501411173e-24 115 115 9.8602731898893281e-16 0 0 0
d 0 0 -9.8863820586996937e-16 0 0 -6.2782988790880757e-24 120 120 9.8863826328434265e-16 0 0 0
d 0 0 -9.8994812733286245e-16 0 0 -7.7865254600826677e-24 122.5 122.5 9.8994819489730271e-16 0 0 0
d 0 0 -9.9110809756534923e-16 0 0 -9.3395637425535063e-24 125 125 9.9110803364813085e-16 0 0 0
d 0 0 -9.93124489864143e-16 0 0 -1.2560797785170919e-23 130 130 9.9312442835867297e-16 0 0 0
d 0 0 -9.949769713642385e-16 0 0 -1.6275911480795135e-23 135 135 9.9497690243464841e-16 0 0 0
d 0 0 -9.9681425454588901e-16 0 0 -2.0982226307302791e-23 140 140 9.9681419209909749e-16 0 0 0
d 0 0 -9.9863216702296952e-16 0 0 -2.6902415882587323e-23 145 145 9.9863211048331716e-16 0 0 0
d 0 0 -1.0004319540884519e-15 0 0 -3.4313914179219509e-23 150 150 1.0004319045485878e-15 0 0 0
d 0 0 -1.0022139789356314e-15 0 0 -4.3544236493393718e-23 155 155 1.0022139484660945e-15 0 0 0
d 0 0 -1.0039782407173338e-15 0 0 -5.4978126153949056e-23 160 160 1.0039782109223937e-15 0 0 0
d 0 0 -1.0057263203159636e-15 0 0 -6.9077156421656671e-23 165 165 1.0057262983450293e-15 0 0 0
d 0 0 -1.007462552064998e-15 0 0 -8.6393165945550063e-23 170 170 1.0074625375361552e-15 0 0 0
d 0 0 -1.0091881141018965e-15 0 0 -1.0756389011037499e-22 175 175 1.0091880931362444e-15 0 0 0
d 0 0 -1.010901485428924e-15 0 0 -1.3335473777947124e-22 180 180 1.0109020104703295e-15 0 0 0
d 0 0 -1.0117507650469859e-15 0 0 -1.4817978590662231e-22 182.5 182.5 1.0117509940504212e-15 0 0 0
d 0 0 -1.0125063518051682e-15 0 0 -1.6217465748716669e-22 185 185 1.0125065099665371e-15 0 0 0
d 0 0 -1.0139149614026206e-15 0 0 -1.9097941000682562e-22 190 190 1.0139150638453761e-15 0 0 0
d 0 0 -1.0151176602459262e-15 0 0 -2.1759157762321009e-22 195 195 1.0151178204998824e-15 0 0 0
d 0 0 -1.0163117121639449e-15 0 0 -2.4746559891073367e-22 200 200 1.0163119016759235e-15 0 0 0
d 0 0 -1.0174977127271189e-15 0 0 -2.8097932845543687e-22 205 205 1.0174979335044405e-15 0 0 0
d 0 0 -1.0186751328551512e-15 0 0 -3.1850135674907598e-22 210 210 1.0186753824207118e-15 0 0 0
d 0 0 -1.0198432581922324e-15 0 0 -3.6041721487628402e-22 215 215 1.0198435368798198e-15 0 0 0
d 0 0 -1.0210016352579048e-15 0 0 -4.0714801773642263e-22 220 220 1.0210019464057873e-15 0 0 0
d 0 0 -1.0221498390016159e-15 0 0 -4.5914777091620576e-22 225 225 1.0221500789286088e-15 0 0 0
d 0 0 -1.0232871999776147e-15 0 0 -5.1689989828589052e-22 230 230 1.0232875398082302e-15 0 0 0
d 0 0 -1.0244139474553439e-15 0 0 -5.8093033512594358e-22 235 235 1.0244144705600725e-15 0 0 0
d 0 0 -1.0255560524730888e-15 0 0 -6.5187795339135257e-22 240 240 1.025556740922054e-15 0 0 0
d 0 0 -1.0267089682076223e-15 0 0 -7.3041461195091975e-22 245 245 1.0267098464076591e-15 0 0 0
d 0 0 -1.0278511828111336e-15 0 0 -8.1720716238449936e-22 250 250 1.0278523134307163e-15 0 0 0
d 0 0 -1.0284184484016293e-15 0 0 -8.6388744249921007e-22 252.5 252.5 1.028419029848013e-15 0 0 0
d 0 0 -1.0289785637080256e-15 0 0 -9.1240399930446008e-22 255 255 1.0289796502774391e-15 0 0 0
d 0 0 -1.030025680063279e-15 0 0 -1.0088670834341053e-21 260 260 1.0300267422137343e-15 0 0 0
d 0 0 -1.0309169035106676e-15 0 0 -1.0950342564917821e-21 265 265 1.0309182694128174e-15 0 0 0
d 0 0 -1.0317538872008919e-15 0 0 -1.180916654483248e-21 270 270 1.0317547687875985e-15 0 0 0
d 0 0 -1.0325858422521837e-15 0 0 -1.2727169572799039e-21 275 275 1.0325868223255484e-15 0 0 0
d 0 0 -1.0334139384825093e-15 0 0 -1.3709639490341233e-21 280 280 1.0334151762570727e-15 0 0 0
d 0 0 -1.0342392307702848e-15 0 0 -1.4761360770307483e-21 285 285 1.0342405545159854e-15 0 0 0
d 0 0 -1.0350623963215409e-15 0 0 -1.5887038907620984e-21 290 290 1.0350638345280417e-15 0 0 0
d 0 0 -1.0358834291242226e-15 0 0 -1.7091383294938508e-21 295 295 1.0358848855478163e-15 0 0 0
d 0 0 -1.0367023494909426e-15 0 0 -1.8379175616553967e-21 300 300 1.0367045748495593e-15 0 0 0
d 0 0 -1.0375194576554208e-15 0 0 -1.9755338202896834e-21 305 305 1.0375203935067211e-15 0 0 0
d 0 0 -1.038335492841336e-15 0 0 -2.1225023369100285e-21 310 310 1.0383341508504758e-15 0 0 0
d 0 0 -1.0391504219509866e-15 0 0 -2.2793455308692238e-21 315 315 1.0391490821453706e-15 0 0 0
d 0 0 -1.0399625082960157e-15 0 0 -2.4465578890169849e-21 320 320 1.0399590550002138e-15 0 0 0
d 0 0 -1.0403672313887682e-15 0 0 -2.534177089020459e-21 322.5 322.5 1.0403695218304218e-15 0 0 0
d 0 0 -1.0407701002640336e-15 0 0 -2.6243833949749846e-21 325 325 1.0407722275656557e-15 0 0 0
d 0 0 -1.0415220682920748e-15 0 0 -2.7993170876125909e-21 330 330 1.0415264653295321e-15 0 0 0
d 0 0 -1.0422558490415303e-15 0 0 -2.9764865982755618e-21 335 335 1.0422578646246281e-15 0 0 0
d 0 0 -1.0428992858591788e-15 0 0 -3.1317731365573707e-21 340 340 1.0429018466529927e-15 0 0 0
d 0 0 -1.0435376440365743e-15 0 0 -3.293640716054812e-21 345 345 1.0435401342030148e-15 0 0 0
d 0 0 -1.0441726669532416e-15 0 0 -3.4630843575030257e-21 350 350 1.0441762923507063e-15 0 0 0
d 0 0 -1.0448054555122641e-15 0 0 -3.6406795652094168e-21 355 355 1.0448087407306847e-15 0 0 0
d 0 0 -1.045436604360102e-15 0 0 -3.8269200562663177e-21 360 360 1.0454400098630124e-15 0 0 0
d 0 0 -1.0460664886138549e-15 0 0 -4.0222944101436994e-21 365 365 1.0460697450655901e-15 0 0 0
d 0 0 -1.0466953805526865e-15 0 0 -4.2273112653145108e-21 370 370 1.0466970423047171e-15 0 0 0
d 0 0 -1.047323635519965e-15 0 0 -4.4425556053763731e-21 375 375 1.0473246108113229e-15 0 0 0
d 0 0 -1.0479519107433145e-15 0 0 -4.6688477518559051e-21 380 380 1.0479498741222761e-15 0 0 0
d 0 0 -1.0485816826384264e-15 0 0 -4.9075076819777651e-21 385 385 1.0485770793352272e-15 0 0 0
d 0 0 -1.0492141217671707e-15 0 0 -5.1599374024745764e-21 390 390 1.0492043202066107e-15 0 0 0
d 0 0 -1.0498462992308876e-15 0 0 -5.4254262512891581e-21 395 395 1.0498380534467205e-15 0 0 0
d 0 0 -1.0504681501243878e-15 0 0 -5.6997424219772558e-21 400 400 1.0504588007487956e-15 0 0 0
d 0 0 -1.0510571031011273e-15 0 0 -5.9704829179755014e-21 405 405 1.051065638812699e-15 0 0 0
d 0 0 -1.0516004221467606e-15 0 0 -6.2218900720267983e-21 410 410 1.0516073215576189e-15 0 0 0
d 0 0 -1.0521021557899027e-15 0 0 -6.4567574281763179e-21 415 415 1.052107470039653e-15 0 0 0
d 0 0 -1.0525986984191681e-15 0 0 -6.6981519054422874e-21 420 420 1.0526042501518331e-15 0 0 0
d 0 0 -1.0530921813155186e-15 0 0 -6.9470034343412431e-21 425 425 1.0530978763378636e-15 0 0 0
d 0 0 -1.0535833760152855e-15 0 0 -7.2037906074850917e-21 430 430 1.053589186107664e-15 0 0 0
d 0 0 -1.0540726953876144e-15 0 0 -7.468905148648862e-21 435 435 1.0540760162467226e-15 0 0 0
d 0 0 -1.0545604198931402e-15 0 0 -7.7427213189084399e-21 440 440 1.0545576244557841e-15 0 0 0
d 0 0 -1.0550467841844954e-15 0 0 -8.0256095426731828e-21 445 445 1.0550434620432332e-15 0 0 0
d 0 0 -1.0555318592454373e-15 0 0 -8.3179172945610453e-21 450 450 1.055528744821299e-15 0 0 0
d 0 0 -1.05601554786918e-15 0 0 -8.6199556565897576e-21 455 455 1.0560026575311432e-15 0 0 0
d 0 0 -1.0564975889870968e-15 0 0 -8.9320061586831495e-21 460 460 1.0564794403578035e-15 0 0 0
d 0 0 -1.0569816448206986e-15 0 0 -9.2543763625389346e-21 465 465 1.0569696917356925e-15 0 0 0
d 0 0 -1.0574718487183521e-15 0 0 -9.5836365274900019e-21 470 470 1.0574673378228753e-15 0 0 0
d 0 0 -1.057935393930149e-15 0 0 -9.9033712572043449e-21 475 475 1.0579511148623702e-15 0 0 0
d 0 0 -1.0583635966720225e-15 0 0 -1.0207114426009419e-20 480 480 1.058373091152546e-15 0 0 0
d 0 0 -1.0587402216284877e-15 0 0 -1.0479784738712832e-20 485 485 1.0587448555138402e-15 0 0 0
d 0 0 -1.0591136093517588e-15 0 0 -1.0757106580885717e-20 490 490 1.0591142926767015e-15 0 0 0
d 0 0 -1.0594855088252382e-15 0 0 -1.1040482010161729e-20 495 495 1.0594861320899257e-15 0 0 0
d 0 0 -1.0598562972584895e-15 0 0 -1.1330343983208874e-20 500 500 1.0598560195529318e-15 0 0 0
d 0 0 -1.0602261514607525e-15 0 0 -1.1627012971872615e-20 505 505 1.0602259767272784e-15 0 0 0
d 0 0 -1.0605951122548025e-15 0 0 -1.1930782107560629e-20 510 510 1.0605871716564815e-15 0 0 0
d 0 0 -1.0609657321996437e-15 0 0 -1.2241938622860308e-20 515 515 1.0609224776029598e-15 0 0 0
d 0 0 -1.0613424067154117e-15 0 0 -1.2560867045583272e-20 520 520 1.0612951107915773e-15 0 0 0
d 0 0 -1.0617199296588773e-15 0 0 -1.2887357016715048e-20 525 525 1.0616591878285487e-15 0 0 0
d 0 0 -1.0620955688460007e-15 0 0 -1.3220594328917869e-20 530 530 1.0621277603346503e-15 0 0 0
d 0 0 -1.062440812671031e-15 0 0 -1.3533802083546964e-20 535 535 1.0624760910839171e-15 0 0 0
d 0 0 -1.0627901031558773e-15 0 0 -1.3858177752500246e-20 540 540 1.0627735604810451e-15 0 0 0
d 0 0 -1.0630650908040735e-15 0 0 -1.4117205291709203e-20 545 545 1.0630280860876112e-15 0 0 0
d 0 0 -1.0633344133385584e-15 0 0 -1.4375322493158556e-20 550 550 1.0632830843880475e-15 0 0 0
d 0 0 -1.0636019377622685e-15 0 0 -1.4636290823095109e-20 555 555 1.0635387941239137e-15 0 0 0
d 0 0 -1.0638693421802725e-15 0 0 -1.4900944528445771e-20 560 560 1.0637760145777892e-15 0 0 0
d 0 0 -1.0641386667221621e-15 0 0 -1.5170007957580057e-20 565 565 1.0639717484881247e-15 0 0 0
d 0 0 -1.0644091057720829e-15 0 0 -1.5443274386153296e-20 570 570 1.0640934706974537e-15 0 0 0
d 0 0 -1.0646788576517792e-15 0 0 -1.5720486900251826e-20 575 575 1.0644894327486481e-15 0 0 0
d 0 0 -1.0649478760741312e-15 0 0 -1.6001734655475243e-20 580 580 1.0641951802977975e-15 0 0 0
d 0 0 -1.0652164369595114e-15 0 0 -1.6287091805908544e-20 585 585 1.0641384083997295e-15 0 0 0
d 0 0 -1.0654843314111198e-15 0 0 -1.6576630918030648e-20 590 590 1.0636476846509597e-15 0 0 0
d 0 0 -1.065751622053071e-15 0 0 -1.6870429505793865e-20 595 595 1.0648430669724909e-15 0 0 0
d 0 0 -1.066018390704622e-15 0 0 -1.7168569906584245e-20 600 600 1.0617378435006105e-15 0 0 0
d 0 0 -1.0662857000933264e-15 0 0 -1.7471204165392402e-20 605 605 1.0614669537162516e-15 0 0 0
d 0 0 -1.0665540181966577e-15 0 0 -1.777845298246556e-20 610 610 1.0662817320992178e-15 0 0 0
d 0 0 -1.0668220151349044e-15 0 0 -1.8090295693272337e-20 615 615 1.066410900363256e-15 0 0 0
d 0 0 -1.0670897020397823e-15 0 0 -1.8406731210976179e-20 620 620 1.0638194448421445e-15 0 0 0
d 0 0 -1.0673570363931516e-15 0 0 -1.8727992314001038e-20 625 625 1.0658379492020679e-15 0 0 0
d 0 0 -1.0676242237932982e-15 0 0 -1.9054323508366309e-20 630 630 1.0658331179430127e-15 0 0 0
d 0 0 -1.0678913780209247e-15 0 0 -1.9385889197812079e-20 635 635 1.0656932320225654e-15 0 0 0
d 0 0 -1.0681589176931437e-15 0 0 -1.9722895086472224e-20 640 640 1.0614754081532051e-15 0 0 0
d 0 0 -1.0684272219197624e-15 0 0 -2.006553933176906e-20 645 645 1.0613974822261735e-15 0 0 0
d 0 0 -1.0686957241633716e-15 0 0 -2.0413785206906404e-20 650 650 1.0595050462158226e-15 0 0 0
d 0 0 -1.0689640389066098e-15 0 0 -2.0767716905504321e-20 655 655 1.0688627326549255e-15 0 0 0
d 0 0 -1.0692330843949495e-15 0 0 -2.1127569965821196e-20 660 660 1.0603451492672826e-15 0 0 0
d 0 0 -1.0695022228507117e-15 0 0 -2.1493546505027958e-20 665 665 1.0643479481515711e-15 0 0 0
d 0 0 -1.0697718824434865e-15 0 0 -2.1865862687333799e-20 670 670 1.0636555221708825e-15 0 0 0
d 0 0 -1.0700421096848508e-15 0 0 -2.2244704123123139e-20 675 675 1.0528862499031158e-15 0 0 0
d 0 0 -1.0703127786545099e-15 0 0 -2.2630102865813154e-20 680 680 1.0646095279445869e-15 0 0 0
d 0 0 -1.0705838561961768e-15 0 0 -2.3022195224112488e-20 685 685 1.0641607670267842e-15 0 0 0
d 0 0 -1.0708554263378778e-15 0 0 -2.342116216594875e-20 690 690 1.0646398255657623e-15 0 0 0
d 0 0 -1.0711275311335832e-15 0 0 -2.3827152448297631e-20 695 695 1.064189058919843e-15 0 0 0
d 0 0 -1.0714001888504628e-15 0 0 -2.4240338814878705e-20 700 700 1.0644383821333172e-15 0 0 0
d 0 0 -1.0716733894616662e-15 0 0 -2.4660815874785329e-20 705 705 1.0643942885717332e-15 0 0 0
d 0 0 -1.0719471128051643e-15 0 0 -2.5088654250750938e-20 710 710 1.0643787581196508e-15 0 0 0
d 0 0 -1.072221413326164e-15 0 0 -2.5524069581209331e-20 715 715 1.0644655454458199e-15 0 0 0
d 0 0 -1.0724961866655527e-15 0 0 -2.5966922056534224e-20 720 720 1.0650719379376723e-15 0 0 0
d 0 0 -1.0727708065404741e-15 0 0 -2.641585893144513e-20 725 725 1.0658044376035189e-15 0 0 0
d 0 0 -1.0730453197208772e-15 0 0 -2.6871026893194383e-20 730 730 1.0636464564880229e-15 0 0 0
d 0 0 -1.0733197511346801e-15 0 0 -2.7332534287851122e-20 735 735 1.0641763625541466e-15 0 0 0
d 0 0 -1.0735941364679374e-15 0 0 -2.7800506381473091e-20 740 740 1.0647658375720422e-15 0 0 0
d 0 0 -1.0738685072422138e-15 0 0 -2.8275065889852159e-20 745 745 1.0654357323169996e-15 0 0 0
d 0 0 -1.0741428992034434e-15 0 0 -2.8756348690526511e-20 750 750 1.0664660603860045e-15 0 0 0
d 0 0 -1.0744173517874392e-15 0 0 -2.9244503253681946e-20 755 755 1.0671107134473338e-15 0 0 0
d 0 0 -1.0746918998822205e-15 0 0 -2.973967595478937e-20 760 760 1.0675388627062668e-15 0 0 0
d 0 0 -1.0749665786840834e-15 0 0 -3.0242018963198661e-20 765 765 1.0683513246471227e-15 0 0 0
d 0 0 -1.0752413944911564e-15 0 0 -3.0751682350298477e-20 770 770 1.0690095169393864e-15 0 0 0
d 0 0 -1.0755162997347594e-15 0 0 -3.1268814061993002e-20 775 775 1.0695293473108988e-15 0 0 0
d 0 0 -1.0757913235333396e-15 0 0 -3.1793568318341231e-20 780 780 1.0699963368671678e-15 0 0 0
d 0 0 -1.0760665033838443e-15 0 0 -3.2326108253109812e-20 785 785 1.0705822032261969e-15 0 0 0
d 0 0 -1.0763418723464373e-15 0 0 -3.2866591764134497e-20 790 790 1.0711406528888717e-15 0 0 0
d 0 0 -1.076617457208523e-15 0 0 -3.3415167231540669e-20 795 795 1.0716727980795808e-15 0 0 0
d 0 0 -1.0768932831920143e-15 0 0 -3.3971982214305539e-20 800 800 1.0721895701118852e-15 0 0 0
d 0 0 -1.0771693758841011e-15 0 0 -3.4537187324460254e-20 805 805 1.0727011770114019e-15 0 0 0
d 0 0 -1.0774457610110232e-15 0 0 -3.5110935883733792e-20 810 810 1.073216558709361e-15 0 0 0
d 0 0 -1.0777224619632555e-15 0 0 -3.5693378671749017e-20 815 815 1.0737183684304915e-15 0 0 0
d 0 0 -1.0779994976623307e-15 0 0 -3.628465939153672e-20 820 820 1.0741909751831333e-15 0 0 0
d 0 0 -1.0782768859072119e-15 0 0 -3.6884921172342868e-20 825 825 1.0746567927781133e-15 0 0 0
d 0 0 -1.0785546462521409e-15 0 0 -3.7494312867766152e-20 830 830 1.0751252929265322e-15 0 0 0
d 0 0 -1.0788327985143606e-15 0 0 -3.8112986083836268e-20 835 835 1.0755860124403417e-15 0 0 0
d 0 0 -1.079111365144376e-15 0 0 -3.8741092613333788e-20 840 840 1.0593326005196626e-15 0 0 0
d 0 0 -1.07939035694028e-15 0 0 -3.9378783965470351e-20 845 845 1.0607658979825946e-15 0 0 0
d 0 0 -1.0796697946442986e-15 0 0 -4.0026212361036852e-20 850 850 1.0621528645428044e-15 0 0 0
d 0 0 -1.079949694041815e-15 0 0 -4.068352863091788e-20 855 855 1.0634310369491609e-15 0 0 0
d 0 0 -1.080230070569822e-15 0 0 -4.1350884696262054e-20 860 860 1.0646092295081031e-15 0 0 0
d 0 0 -1.0805109404740394e-15 0 0 -4.2028436346008332e-20 865 865 1.0657606391476057e-15 0 0 0
d 0 0 -1.0807923208835336e-15 0 0 -4.2716343515118975e-20 870 870 1.0668765797739603e-15 0 0 0
d 0 0 -1.0810742415540685e-15 0 0 -4.3414769297950763e-20 875 875 1.0679791809257007e-15 0 0 0
d 0 0 -1.0813567545043805e-15 0 0 -4.4123879091833616e-20 880 880 1.0690449733039191e-15 0 0 0
d 0 0 -1.0816398803787816e-15 0 0 -4.4843838168360449e-20 885 885 1.0700502158999752e-15 0 0 0
d 0 0 -1.0819236371903052e-15 0 0 -4.5574811498660281e-20 890 890 1.0709915063932138e-15 0 0 0
d 0 0 -1.0822080422913361e-15 0 0 -4.6316963795760868e-20 895 895 1.0718836438491761e-15 0 0 0
d 0 0 -1.08249311355247e-15 0 0 -4.7070462548762337e-20 900 900 1.0726697436216298e-15 0 0 0
d 0 0 -1.082550211008375e-15 0 0 -4.7222538948330518e-20 901 901 1.0676250957213011e-15 0 0 0
d 0 0 -1.0826073343142307e-15 0 0 -4.7375077227768046e-20 902 902 1.0678880251505687e-15 0 0 0
d 0 0 -1.0826644852973054e-15 0 0 -4.7528078923281125e-20 903 903 1.0681489029107151e-15 0 0 0
d 0 0 -1.0827216641094601e-15 0 0 -4.7681545422397799e-20 904 904 1.0684076076929755e-15 0 0 0
d 0 0 -1.0827788709033112e-15 0 0 -4.7835478117284767e-20 905 905 1.0686641375642067e-15 0 0 0
d 0 0 -1.0828361058321386e-15 0 0 -4.7989878404408019e-20 906 906 1.0689184666743755e-15 0 0 0
d 0 0 -1.082893369049743e-15 0 0 -4.8144747684170284e-20 907 907 1.0691705476553116e-15 0 0 0
d 0 0 -1.0829506607103072e-15 0 0 -4.8300087360549495e-20 908 908 1.0694203148446688e-15 0 0 0
d 0 0 -1.0830079809682629e-15 0 0 -4.8455898840755484e-20 909 909 1.0696676883093698e-15 0 0 0
d 0 0 -1.0830653299781731e-15 0 0 -4.8612183534919568e-20 910 910 1.0699125786055304e-15 0 0 0
d 0 0 -1.0831227078946315e-15 0 0 -4.876894285582865e-20 911 911 1.0701548921570957e-15 0 0 0
d 0 0 -1.0831801148721832e-15 0 0 -4.8926178218712803e-20 912 912 1.0703945370657689e-15 0 0 0
d 0 0 -1.0832375510652674e-15 0 0 -4.9083891041092329e-20 913 913 1.0706314290872699e-15 0 0 0
d 0 0 -1.0832950166281827e-15 0 0 -4.9242082742687215e-20 914 914 1.0708654974365716e-15 0 0 0
d 0 0 -1.0833525117150776e-15 0 0 -4.940075474538897e-20 915 915 1.0710966900343567e-15 0 0 0
d 0 0 -1.0834100364799585e-15 0 0 -4.9559908473291402e-20 916 916 1.0713249777950753e-15 0 0 0
d 0 0 -1.0834675910767195e-15 0 0 -4.971954535277384e-20 917 917 1.071550357595572e-15 0 0 0
d 0 0 -1.0835251756591851e-15 0 0 -4.9879666812627341e-20 918 918 1.0717728536553771e-15 0 0 0
d 0 0 -1.083582790381163e-15 0 0 -5.0040274284212296e-20 919 919 1.0719925171975699e-15 0 0 0
d 0 0 -1.0836404353965031e-15 0 0 -5.0201369201634304e-20 920 920 1.0722094244243799e-15 0 0 0
d 0 0 -1.0836981108591559e-15 0 0 -5.0362953001925156e-20 921 921 1.072423673009082e-15 0 0 0
d 0 0 -1.0837558169232277e-15 0 0 -5.0525027125216363e-20 922 922 1.0726353774485221e-15 0 0 0
d 0 0 -1.0838135537430274e-15 0 0 -5.0687593014894911e-20 923 923 1.0728446637164409e-15 0 0 0
d 0 0 -1.0838713214731032e-15 0 0 -5.0850652117733229e-20 924 924 1.0730516636937643e-15 0 0 0
d 0 0 -1.0839291202682681e-15 0 0 -5.1014205883988722e-20 925 925 1.0732565098269115e-15 0 0 0
d 0 0 -1.0839869502836113e-15 0 0 -5.1178255767470927e-20 926 926 1.0734593303886665e-15 0 0 0
d 0 0 -1.0840448116747376e-15 0 0 -5.1342803225804316e-20 927 927 1.073693496818938e-15 0 0 0
d 0 0 -1.0841027045983794e-15 0 0 -5.150784971970783e-20 928 928 1.0738894430908995e-15 0 0 0
d 0 0 -1.0841606292075229e-15 0 0 -5.1673396713621851e-20 929 929 1.0740864449524273e-15 0 0 0
d 0 0 -1.0842185856598436e-15 0 0 -5.1839445675837151e-20 930 930 1.074281835503358e-15 0 0 0
d 0 0 -1.0842765741116467e-15 0 0 -5.2005998077957287e-20 931 931 1.0744756836653292e-15 0 0 0
d 0 0 -1.0843345947193994e-15 0 0 -5.2173055395014166e-20 932 932 1.0746680453589835e-15 0 0 0
d 0 0 -1.0843926476396946e-15 0 0 -5.2340619105398093e-20 933 933 1.0748589644099737e-15 0 0 0
d 0 0 -1.0844507330292146e-15 0 0 -5.2508690690782214e-20 934 934 1.0750484738030186e-15 0 0 0
d 0 0 -1.0845088510446926e-15 0 0 -5.2677271636042361e-20 935 935 1.0752365970396621e-15 0 0 0
d 0 0 -1.0845670018428741e-15 0 0 -5.2846363429172527e-20 936 936 1.0754233494790382e-15 0 0 0
d 0 0 -1.0846251855804773e-15 0 0 -5.3015967561195554e-20 937 937 1.075608739576232e-15 0 0 0
d 0 0 -1.0846834024141535e-15 0 0 -5.3186085526068311e-20 938 938 1.075792769966091e-15 0 0 0
d 0 0 -1.0847416525004436e-15 0 0 -5.3356718820580549e-20 939 939 1.0759754383691865e-15 0 0 0
d 0 0 -1.0847999359970665e-15 0 0 -5.3527868944519723e-20 940 940 1.0761900617694754e-15 0 0 0
d 0 0 -1.084858253060659e-15 0 0 -5.3699537399831117e-20 941 941 1.0763650032810168e-15 0 0 0
d 0 0 -1.0849166038423087e-15 0 0 -5.3871725690673883e-20 942 942 1.0765431213401541e-15 0 0 0
d 0 0 -1.0849749884988689e-15 0 0 -5.4044435324170452e-20 943 943 1.0767170427498628e-15 0 0 0
d 0 0 -1.0850334071873991e-15 0 0 -5.4217667809723779e-20 944 944 1.0768949236726892e-15 0 0 0
d 0 0 -1.0850918600651235e-15 0 0 -5.4391424658966124e-20 945 945 1.0770688016829217e-15 0 0 0
d 0 0 -1.0851503472845166e-15 0 0 -5.4565707384984986e-20 946 946 1.0772412011604171e-15 0 0 0
d 0 0 -1.0852088689997054e-15 0 0 -5.4740517503032123e-20 947 947 1.0774121052509005e-15 0 0 0
d 0 0 -1.0852674253643481e-15 0 0 -5.4915856530188996e-20 948 948 1.0775814940179433e-15 0 0 0
d 0 0 -1.0853260165316365e-15 0 0 -5.5091725985320806e-20 949 949 1.077749341284288e-15 0 0 0
d 0 0 -1.0853846426542973e-15 0 0 -5.5268127389064051e-20 950 950 1.0779156209198974e-15 0 0 0
d 0 0 -1.0854433038846078e-15 0 0 -5.5445062263855184e-20 951 951 1.0780803076065768e-15 0 0 0
d 0 0 -1.0855020003744311e-15 0 0 -5.5622532134004319e-20 952 952 1.0782433776998363e-15 0 0 0
d 0 0 -1.0855607322752655e-15 0 0 -5.5800538525815644e-20 953 953 1.0784048101672054e-15 0 0 0
d 0 0 -1.0856194997383113e-15 0 0 -5.5979082967754251e-20 954 954 1.078564587572949e-15 0 0 0
d 0 0 -1.0856783029145514e-15 0 0 -5.6158166990656247e-20 955 955 1.078722697070961e-15 0 0 0
d 0 0 -1.0857371419548451e-15 0 0 -5.6337792127976508e-20 956 956 1.0788791313608076e-15 0 0 0
d 0 0 -1.0857960170100325e-15 0 0 -5.6517959916066544e-20 957 957 1.0790338895569822e-15 0 0 0
d 0 0 -1.0858549282310449e-15 0 0 -5.6698671894472719e-20 958 958 1.0791869779190798e-15 0 0 0
d 0 0 -1.0859138757690189e-15 0 0 -5.6879929606244449e-20 959 959 1.0793384103915162e-15 0 0 0
d 0 0 -1.0859728597754104e-15 0 0 -5.7061734598241382e-20 960 960 1.0794882089063434e-15 0 0 0
d 0 0 -1.0860318803853559e-15 0 0 -5.7244088433443094e-20 961 961 1.0796849464512194e-15 0 0 0
d 0 0 -1.0860909379564719e-15 0 0 -5.7426992718947243e-20 962 962 1.0796425921979158e-15 0 0 0
d 0 0 -1.0861500324954931e-15 0 0 -5.761044899890792e-20 963 963 1.079661295492849e-15 0 0 0
d 0 0 -1.086209164061245e-15 0 0 -5.7794458827792874e-20 964 964 1.0798086406100417e-15 0 0 0
d 0 0 -1.0862683329095142e-15 0 0 -5.7979023788583712e-20 965 965 1.0799545109438465e-15 0 0 0
d 0 0 -1.0863275391964658e-15 0 0 -5.8164145457412464e-20 966 966 1.0800989656615817e-15 0 0 0
d 0 0 -1.0863867830791648e-15 0 0 -5.8349825415667812e-20 967 967 1.0802420702764577e-15 0 0 0
d 0 0 -1.0864460647156137e-15 0 0 -5.8536065250048052e-20 968 968 1.0803838913345137e-15 0 0 0
d 0 0 -1.0865053842647781e-15 0 0 -5.8722866552578765e-20 969 969 1.0805244949065784e-15 0 0 0
d 0 0 -1.0865647418866026e-15 0 0 -5.8910230920600152e-20 970 970 1.0806639451932821e-15 0 0 0
d 0 0 -1.0866241377420209e-15 0 0 -5.9098159956729545e-20 971 971 1.080802303308547e-15 0 0 0
d 0 0 -1.0866835719906902e-15 0 0 -5.9286655268552742e-20 972 972 1.0809408400408543e-15 0 0 0
d 0 0 -1.0867430447973655e-15 0 0 -5.9475718469189723e-20 973 973 1.0810793175607821e-15 0 0 0
d 0 0 -1.0868025563291115e-15 0 0 -5.9665351177191653e-20 974 974 1.0812146792698367e-15 0 0 0
d 0 0 -1.0868621067481437e-15 0 0 -5.985555501524255e-20 975 975 1.0813491468143827e-15 0 0 0
d 0 0 -1.0869216962203846e-15 0 0 -6.0046331611310098e-20 976 976 1.0814827562121578e-15 0 0 0
d 0 0 -1.0869813249127655e-15 0 0 -6.0237682598202761e-20 977 977 1.0816155380789443e-15 0 0 0
d 0 0 -1.0870409929932377e-15 0 0 -6.0429609613504765e-20 978 978 1.0817475180806649e-15 0 0 0
d 0 0 -1.0871007006307863e-15 0 0 -6.0622114299521202e-20 979 979 1.0818787173910198e-15 0 0 0
d 0 0 -1.0871604479954496e-15 0 0 -6.0815198303234847e-20 980 980 1.082009153217113e-15 0 0 0
d 0 0 -1.0872202352583436e-15 0 0 -6.1008863276274929e-20 981 981 1.0821388393568463e-15 0 0 0
d 0 0 -1.0872800625916897e-15 0 0 -6.1203110874898396e-20 982 982 1.0822677867577215e-15 0 0 0
d 0 0 -1.0873399301688488e-15 0 0 -6.1397942759982984e-20 983 983 1.0823960040531783e-15 0 0 0
d 0 0 -1.0873998381643586e-15 0 0 -6.1593360597031766e-20 984 984 1.0825234980590656e-15 0 0 0
d 0 0 -1.0874597867539732e-15 0 0 -6.1789366056188091e-20 985 985 1.082650274218748e-15 0 0 0
d 0 0 -1.0875197761147098e-15 0 0 -6.1985960812260139e-20 986 986 1.0827763369904314e-15 0 0 0
d 0 0 -1.0875798064248941e-15 0 0 -6.2183146544753865e-20 987 987 1.0829016901743974e-15 0 0 0
d 0 0 -1.0876398778642118e-15 0 0 -6.2380924937913446e-20 988 988 1.0830263371809435e-15 0 0 0
d 0 0 -1.0876999906137615e-15 0 0 -6.2579297680768082e-20 989 989 1.0831502812420469e-15 0 0 0
d 0 0 -1.0877601448561072e-15 0 0 -6.2778266467184365e-20 990 990 1.0832735255711896e-15 0 0 0
d 0 0 -1.0878203407753364e-15 0 0 -6.2977832995923168e-20 991 991 1.0833960734765786e-15 0 0 0
d 0 0 -1.0878805785569893e-15 0 0 -6.3177998970682824e-20 992 992 1.0835173677696074e-15 0 0 0
d 0 0 -1.0879408583883159e-15 0 0 -6.3378766100190534e-20 993 993 1.0836387527465642e-15 0 0 0
d 0 0 -1.0880011804588109e-15 0 0 -6.3580136098335809e-20 994 994 1.0837592373977396e-15 0 0 0
d 0 0 -1.0880615449589298e-15 0 0 -6.3782110684051159e-20 995 995 1.0838790406920394e-15 0 0 0
d 0 0 -1.0881219520812551e-15 0 0 -6.3984691581537092e-20 996 996 1.0839981668698216e-15 0 0 0
d 0 0 -1.0881824020202511e-15 0 0 -6.4187880520291108e-20 997 997 1.0841166202573996e-15 0 0 0
d 0 0 -1.0882428949723256e-15 0 0 -6.4391679235180728e-20 998 998 1.0842344052073032e-15 0 0 0
d 0 0 -1.0883034311358926e-15 0 0 -6.4596089466517563e-20 999 999 1.0843515260203015e-15 0 0 0
d 0 0 -1.088364010711436e-15 0 0 -6.480111296013213e-20 1000 1000 1.0844679868619798e-15 0 0 0
d 0 0 -1.0884246338836711e-15 0 0 -6.5006751467392982e-20 1001 1001 1.0845768693415803e-15 0 0 0
d 0 0 -1.0884853008949934e-15 0 0 -6.5213006745750325e-20 1002 1002 1.0846898418177222e-15 0 0 0
d 0 0 -1.0885460119309815e-15 0 0 -6.5419880557511202e-20 1003 1003 1.0848044656315265e-15 0 0 0
d 0 0 -1.0886067672028516e-15 0 0 -6.5627374671585523e-20 1004 1004 1.0849184417137835e-15 0 0 0
d 0 0 -1.0886675669223981e-15 0 0 -6.5835490862549453e-20 1005 1005 1.0850317723181954e-15 0 0 0
d 0 0 -1.0887284113038734e-15 0 0 -6.6044230910965683e-20 1006 1006 1.085144459210853e-15 0 0 0
d 0 0 -1.0887893005640565e-15 0 0 -6.6253596603466279e-20 1007 1007 1.0852565036034555e-15 0 0 0
d 0 0 -1.0888502349223208e-15 0 0 -6.646358973283782e-20 1008 1008 1.0853679061664998e-15 0 0 0
d 0 0 -1.0889112146007044e-15 0 0 -6.667421209810974e-20 1009 1009 1.0854786670724329e-15 0 0 0
d 0 0 -1.0889722398239813e-15 0 0 -6.6885465504646288e-20 1010 1010 1.0855887860712745e-15 0 0 0
d 0 0 -1.0890333108197348e-15 0 0 -6.7097351764243069e-20 1011 1011 1.0856982625999327e-15 0 0 0
d 0 0 -1.0890944278184317e-15 0 0 -6.7309872695229008e-20 1012 1012 1.0858070959247936e-15 0 0 0
d 0 0 -1.0891555910535012e-15 0 0 -6.752303012257455e-20 1013 1013 1.0859152853151889e-15 0 0 0
d 0 0 -1.0892168007614132e-15 0 0 -6.7736825878006822e-20 1014 1014 1.0860228302431519e-15 0 0 0
d 0 0 -1.0892780571817624e-15 0 0 -6.7951261800132851e-20 1015 1015 1.0861297306025996e-15 0 0 0
d 0 0 -1.0893393605573535e-15 0 0 -6.8166339734570954e-20 1016 1016 1.0862359869389221e-15 0 0 0
d 0 0 -1.0894007111330168e-15 0 0 -6.838206153480083e-20 1017 1017 1.0863351468201943e-15 0 0 0
d 0 0 -1.0894621091932148e-15 0 0 -6.8598429063968864e-20 1018 1018 1.0864218824731585e-15 0 0 0
d 0 0 -1.0895235549248866e-15 0 0 -6.8815444181349239e-20 1019 1019 1.0865265618151835e-15 0 0 0
d 0 0 -1.0895850486169361e-15 0 0 -6.9033108766566056e-20 1020 1020 1.0866306054032473e-15 0 0 0
d 0 0 -1.0896465905296092e-15 0 0 -6.9251424702571229e-20 1021 1021 1.0867340192376765e-15 0 0 0
d 0 0 -1.0897081809269367e-15 0 0 -6.9470393880292394e-20 1022 1022 1.0868368117960488e-15 0 0 0
d 0 0 -1.0897698200768388e-15 0 0 -6.9690018198815223e-20 1023 1023 1.086938993157783e-15 0 0 0
d 0 0 -1.0898315082512312e-15 0 0 -6.9910299565567275e-20 1024 1024 1.0870405749299262e-15 0 0 0
d 0 0 -1.0898932457261319e-15 0 0 -7.0131239896500805e-20 1025 1025 1.0871415701125468e-15 0 0 0
d 0 0 -1.0899550327817677e-15 0 0 -7.0352841116272308e-20 1026 1026 1.0872419929102618e-15 0 0 0
d 0 0 -1.0900168694894688e-15 0 0 -7.0575105147018478e-20 1027 1027 1.087341855698396e-15 0 0 0
d 0 0 -1.0900787542391141e-15 0 0 -7.0798033829343352e-20 1028 1028 1.0874411692965362e-15 0 0 0
d 0 0 -1.0901406868952268e-15 0 0 -7.1021629090808076e-20 1029 1029 1.0875399625463615e-15 0 0 0
d 0 0 -1.0902026677802296e-15 0 0 -7.1245892892475819e-20 1030 1030 1.0876382447845905e-15 0 0 0
d 0 0 -1.0902647122962761e-15 0 0 -7.1470829273299417e-20 1031 1031 1.0768205465084562e-15 0 0 0
d 0 0 -1.0903267906444218e-15 0 0 -7.1696436085385922e-20 1032 1032 1.0770738160367467e-15 0 0 0
d 0 0 -1.0903889182136195e-15 0 0 -7.1922717377795316e-20 1033 1033 1.0773256937398863e-15 0 0 0
d 0 0 -1.0904510953460975e-15 0 0 -7.2149675150202029e-20 1034 1034 1.077574721115234e-15 0 0 0
d 0 0 -1.0905133223785571e-15 0 0 -7.2377311411138008e-20 1035 1035 1.0778357556565855e-15 0 0 0
d 0 0 -1.090575599668118e-15 0 0 -7.2605628179621614e-20 1036 1036 1.0780835778318626e-15 0 0 0
d 0 0 -1.0906379275823039e-15 0 0 -7.2834627486682642e-20 1037 1037 1.0783242166525513e-15 0 0 0
d 0 0 -1.0907003064710226e-15 0 0 -7.3064311369589611e-20 1038 1038 1.0785622848220031e-15 0 0 0
d 0 0 -1.0907627366998228e-15 0 0 -7.3294681876831642e-20 1039 1039 1.0787978389968694e-15 0 0 0
d 0 0 -1.0908252186322792e-15 0 0 -7.3525741065991833e-20 1040 1040 1.079020734248583e-15 0 0 0
d 0 0 -1.0908877526545734e-15 0 0 -7.3757491005694154e-20 1041 1041 1.0792533589519507e-15 0 0 0
d 0 0 -1.090950339150133e-15 0 0 -7.3989933774052887e-20 1042 1042 1.0794817790079238e-15 0 0 0
d 0 0 -1.0910129785017208e-15 0 0 -7.4223071457498634e-20 1043 1043 1.0797078612832374e-15 0 0 0
d 0 0 -1.0910756711022181e-15 0 0 -7.4456906152469153e-20 1044 1044 1.0799316428474176e-15 0 0 0
d 0 0 -1.0911384173502485e-15 0 0 -7.469143996466152e-20 1045 1045 1.0801531583495606e-15 0 0 0
d 0 0 -1.0912012176502688e-15 0 0 -7.4926675008882713e-20 1046 1046 1.0803724410360071e-15 0 0 0
d 0 0 -1.0912640724126638e-15 0 0 -7.5162613408885436e-20 1047 1047 1.080589523254067e-15 0 0 0
d 0 0 -1.0913269819360353e-15 0 0 -7.5399257299672692e-20 1048 1048 1.0807632698125866e-15 0 0 0
d 0 0 -1.0913899469037677e-15 0 0 -7.5636608821377555e-20 1049 1049 1.0809587886982948e-15 0 0 0
d 0 0 -1.0914529675760944e-15 0 0 -7.5874670118027647e-20 1050 1050 1.0811702395372731e-15 0 0 0
d 0 0 -1.0915160444135343e-15 0 0 -7.6113443351264216e-20 1051 1051 1.0813796106458642e-15 0 0 0
d 0 0 -1.0915791778575966e-15 0 0 -7.6352930686795772e-20 1052 1052 1.0815869310643121e-15 0 0 0
d 0 0 -1.0916423683563402e-15 0 0 -7.6593134298193893e-20 1053 1053 1.0817922337631244e-15 0 0 0
d 0 0 -1.0917056163645124e-15 0 0 -7.6834056366784939e-20 1054 1054 1.0819955519700431e-15 0 0 0
d 0 0 -1.0917689223437034e-15 0 0 -7.7075699081615034e-20 1055 1055 1.0821969190142284e-15 0 0 0
d 0 0 -1.0918322867625249e-15 0 0 -7.7318064639529305e-20 1056 1056 1.0823963681035938e-15 0 0 0
d 0 0 -1.0918957100968323e-15 0 0 -7.7561155245424149e-20 1057 1057 1.0825939320327228e-15 0 0 0
d 0 0 -1.0919591928300011e-15 0 0 -7.780497311275927e-20 1058 1058 1.0827896428094244e-15 0 0 0
d 0 0 -1.0920227354532904e-15 0 0 -7.8049520464462319e-20 1059 1059 1.0829835311706117e-15 0 0 0
d 0 0 -1.0920863384663337e-15 0 0 -7.82947995344376e-20 1060 1060 1.0831756259259292e-15 0 0 0
d 0 0 -1.0921500022488062e-15 0 0 -7.8540812570198356e-20 1061 1061 1.0833115620789123e-15 0 0 0
d 0 0 -1.0922137279396895e-15 0 0 -7.8787561889354141e-20 1062 1062 1.0832841583234725e-15 0 0 0
d 0 0 -1.0922775152166444e-15 0 0 -7.9035049675471867e-20 1063 1063 1.0834745501622401e-15 0 0 0
d 0 0 -1.0923413649861873e-15 0 0 -7.9283278307297523e-20 1064 1064 1.0836631918953395e-15 0 0 0
d 0 0 -1.0924052777954077e-15 0 0 -7.9532250086859432e-20 1065 1065 1.0838503284397428e-15 0 0 0
d 0 0 -1.0924692540136325e-15 0 0 -7.9781966422876993e-20 1066 1066 1.0840368119254783e-15 0 0 0
d 0 0 -1.092533293907958e-15 0 0 -8.003242818923649e-20 1067 1067 1.0842227667242951e-15 0 0 0
d 0 0 -1.0925973977088266e-15 0 0 -8.0283636036652138e-20 1068 1068 1.0844083194795677e-15 0 0 0
d 0 0 -1.0926615656338144e-15 0 0 -8.0535590505592227e-20 1069 1069 1.0845934255419604e-15 0 0 0
d 0 0 -1.0927257979392913e-15 0 0 -8.0788292275398948e-20 1070 1070 1.0847778736473251e-15 0 0 0
d 0 0 -1.0927900949502479e-15 0 0 -8.1041742309167765e-20 1071 1071 1.0849614346509674e-15 0 0 0
d 0 0 -1.0928544570789902e-15 0 0 -8.129594194779489e-20 1072 1072 1.0851433217224349e-15 0 0 0
d 0 0 -1.0929188853039418e-15 0 0 -8.1550895245457625e-20 1073 1073 1.0853220020433496e-15 0 0 0
d 0 0 -1.0929833803879729e-15 0 0 -8.1806605163826578e-20 1074 1074 1.0854992480457489e-15 0 0 0
d 0 0 -1.0930479429170227e-15 0 0 -8.2063073760093931e-20 1075 1075 1.085675072170398e-15 0 0 0
d 0 0 -1.0931125734862724e-15 0 0 -8.232030308860847e-20 1076 1076 1.0858494968234437e-15 0 0 0
d 0 0 -1.0931772727001015e-15 0 0 -8.2578295198926184e-20 1077 1077 1.086022543986152e-15 0 0 0
d 0 0 -1.0932420411723307e-15 0 0 -8.2837052135561291e-20 1078 1078 1.086194234565218e-15 0 0 0
d 0 0 -1.0933068795266097e-15 0 0 -8.3096575938394823e-20 1079 1079 1.0863645881776078e-15 0 0 0
d 0 0 -1.0933717883954277e-15 0 0 -8.3356868643174009e-20 1080 1080 1.0865336238798371e-15 0 0 0
d 0 0 -1.0934367683665251e-15 0 0 -8.3617932231329736e-20 1081 1081 1.0867013733208636e-15 0 0 0
d 0 0 -1.0935018200863069e-15 0 0 -8.3879768694145457e-20 1082 1082 1.0868678358379709e-15 0 0 0
d 0 0 -1.0935669442242025e-15 0 0 -8.414238006240287e-20 1083 1083 1.0870330259067389e-15 0 0 0
d 0 0 -1.0936321414619202e-15 0 0 -8.4405768366267077e-20 1084 1084 1.0871969567935616e-15 0 0 0
d 0 0 -1.0936974124939602e-15 0 0 -8.4669935636100405e-20 1085 1085 1.0873596406553701e-15 0 0 0
d 0 0 -1.0937627580281319e-15 0 0 -8.4934883903249755e-20 1086 1086 1.0875210886127001e-15 0 0 0
d 0 0 -1.0938281787860744e-15 0 0 -8.5200615200802656e-20 1087 1087 1.0876813108301942e-15 0 0 0
d 0 0 -1.0938936758108867e-15 0 0 -8.5467131626667592e-20 1088 1088 1.0876667001338584e-15 0 0 0
d 0 0 -1.0939592499459757e-15 0 0 -8.5734435210611514e-20 1089 1089 1.087502966450266e-15 0 0 0
d 0 0 -1.0940249008511041e-15 0 0 -8.6002527826787942e-20 1090 1090 1.0876666006813045e-15 0 0 0
d 0 0 -1.0940906300151427e-15 0 0 -8.6271411636945157e-20 1091 1091 1.0878289940341999e-15 0 0 0
d 0 0 -1.0941564382368545e-15 0 0 -8.65410886929195e-20 1092 1092 1.0879901056866949e-15 0 0 0
d 0 0 -1.0942223263318728e-15 0 0 -8.6811561051991804e-20 1093 1093 1.0881499427035564e-15 0 0 0
d 0 0 -1.0942882951333526e-15 0 0 -8.7082830777380568e-20 1094 1094 1.0883085120486041e-15 0 0 0
d 0 0 -1.0943543454925116e-15 0 0 -8.7354899938674632e-20 1095 1095 1.0884658207576205e-15 0 0 0
d 0 0 -1.0944204782791718e-15 0 0 -8.7627770612225702e-20 1096 1096 1.0886218761225216e-15 0 0 0
d 0 0 -1.0944866943823075e-15 0 0 -8.7901444881502804e-20 1097 1097 1.0887766858776503e-15 0 0 0
d 0 0 -1.0945529947105993e-15 0 0 -8.8175924837410766e-20 1098 1098 1.08893025838357e-15 0 0 0
d 0 0 -1.094619380192995e-15 0 0 -8.8451212578575033e-20 1099 1099 1.0890826028031512e-15 0 0 0
d 0 0 -1.094685851779277e-15 0 0 -8.8727310211595799e-20 1100 1100 1.0892337292643764e-15 0 0 0
d 0 0 -1.0947524104406402e-15 0 0 -8.9004219851273794e-20 1101 1101 1.089383649004193e-15 0 0 0
d 0 0 -1.0948190571702773e-15 0 0 -8.9281943620811111e-20 1102 1102 1.0895323744879604e-15 0 0 0
d 0 0 -1.0948857929839769e-15 0 0 -8.9560483651989538e-20 1103 1103 1.0896799194995831e-15 0 0 0
d 0 0 -1.0949526189207317e-15 0 0 -8.9839842085329443e-20 1104 1104 1.0898262991982869e-15 0 0 0
d 0 0 -1.0950195360433593e-15 0 0 -9.0120021070231911e-20 1105 1105 1.0899715301391288e-15 0 0 0
d 0 0 -1.0950865454391418e-15 0 0 -9.0401022765130073e-20 1106 1106 1.090115630254401e-15 0 0 0
d 0 0 -1.0951536482204692e-15 0 0 -9.0682849337581308e-20 1107 1107 1.0902586188034843e-15 0 0 0
d 0 0 -1.0952208455255004e-15 0 0 -9.096550296435466e-20 1108 1108 1.0904005162764401e-15 0 0 0
d 0 0 -1.0952881385188596e-15 0 0 -9.1248985831616228e-20 1109 1109 1.0905413442683206e-15 0 0 0
d 0 0 -1.0953555283923675e-15 0 0 -9.1533300135170406e-20 1110 1110 1.0906811253321026e-15 0 0 0
d 0 0 -1.0954230163656547e-15 0 0 -9.181844808009081e-20 1111 1111 1.0908198828182455e-15 0 0 0
d 0 0 -1.0954906036869484e-15 0 0 -9.2104431881043945e-20 1112 1112 1.0909576406524833e-15 0 0 0
d 0 0 -1.0955582916339401e-15 0 0 -9.2391253762921981e-20 1113 1113 1.0910944231281926e-15 0 0 0
d 0 0 -1.0956260815143839e-15 0 0 -9.267891596011332e-20 1114 1114 1.0912302548031332e-15 0 0 0
d 0 0 -1.095693974666903e-15 0 0 -9.2967420716641103e-20 1115 1115 1.0913651601579346e-15 0 0 0
d 0 0 -1.0957619724618985e-15 0 0 -9.3256770286698899e-20 1116 1116 1.0914991634958127e-15 0 0 0
d 0 0 -1.0958300763025508e-15 0 0 -9.3546966935513931e-20 1117 1117 1.0916322887380394e-15 0 0 0
d 0 0 -1.0958982876252096e-15 0 0 -9.3838012937216525e-20 1118 1118 1.0917645593638809e-15 0 0 0
d 0 0 -1.0959666079006021e-15 0 0 -9.4129910576461372e-20 1119 1119 1.0918959981322026e-15 0 0 0
d 0 0 -1.0960350386348283e-15 0 0 -9.4422662148938223e-20 1120 1120 1.0920266270486733e-15 0 0 0
d 0 0 -1.0961035813702596e-15 0 0 -9.4716269961299044e-20 1121 1121 1.0921564673643124e-15 0 0 0
d 0 0 -1.0961722376861215e-15 0 0 -9.5010736329457248e-20 1122 1122 1.0922855394234506e-15 0 0 0
d 0 0 -1.0962410091998454e-15 0 0 -9.5306063580403702e-20 1123 1123 1.0924138626617126e-15 0 0 0
d 0 0 -1.0963098975682699e-15 0 0 -9.5602254053193781e-20 1124 1124 1.0925414555493394e-15 0 0 0
d 0 0 -1.0963789044883269e-15 0 0 -9.5899310097303033e-20 1125 1125 1.0926683358317136e-15 0 0 0
d 0 0 -1.0964480316980032e-15 0 0 -9.61972340721182e-20 1126 1126 1.0927945202468507e-15 0 0 0
d 0 0 -1.096517280977698e-15 0 0 -9.6496028348165508e-20 1127 1127 1.0929200247851658e-15 0 0 0
d 0 0 -1.0965866541516388e-15 0 0 -9.6795695308394502e-20 1128 1128 1.0930448646089563e-15 0 0 0
d 0 0 -1.0966561530884307e-15 0 0 -9.709623734503535e-20 1129 1129 1.0931690544258804e-15 0 0 0
d 0 0 -1.0967257797023061e-15 0 0 -9.7397656859484601e-20 1130 1130 1.0932926081550237e-15 0 0 0
d 0 0 -1.0967955359544543e-15 0 0 -9.7699956262168139e-20 1131 1131 1.0934155393516332e-15 0 0 0
d 0 0 -1.0968654238545026e-15 0 0 -9.8003137972561492e-20 1132 1132 1.093537861145926e-15 0 0 0
d 0 0 -1.0969354454610626e-15 0 0 -9.8307204413795762e-20 1133 1133 1.0936595867183013e-15 0 0 0
d 0 0 -1.0970056028828102e-15 0 0 -9.8612158008484165e-20 1134 1134 1.0937807291499758e-15 0 0 0
d 0 0 -1.0970758982795429e-15 0 0 -9.8918001172095551e-20 1135 1135 1.0939013045319979e-15 0 0 0
d 0 0 -1.097146333862843e-15 0 0 -9.9224736301075887e-20 1136 1136 1.0940213231490122e-15 0 0 0
d 0 0 -1.0972169118957886e-15 0 0 -9.9532365747285732e-20 1137 1137 1.0941408040621336e-15 0 0 0
d 0 0 -1.097287634690785e-15 0 0 -9.9840891768240282e-20 1138 1138 1.0942597703664614e-15 0 0 0
d 0 0 -1.0973585046041658e-15 0 0 -1.0015031642134914e-19 1139 1139 1.0943782574680132e-15 0 0 0
d 0 0 -1.0974295240212217e-15 0 0 -1.004606413183598e-19 1140 1140 1.0944962913141823e-15 0 0 0
d 0 0 -1.0975006969393921e-15 0 0 -1.0077189104754597e-19 1141 1141 1.0946096328798418e-15 0 0 0
d 0 0 -1.0975720271894671e-15 0 0 -1.0108408704523109e-19 1142 1142 1.0947235203096284e-15 0 0 0
d 0 0 -1.09764351706537e-15 0 0 -1.0139722679506832e-19 1143 1143 1.0948377460753528e-15 0 0 0
d 0 0 -1.0977151684809522e-15 0 0 -1.0171130113018815e-19 1144 1144 1.0949528199286971e-15 0 0 0
d 0 0 -1.0977869831795313e-15 0 0 -1.0202629731956165e-19 1145 1145 1.0950688076345746e-15 0 0 0
d 0 0 -1.0978589623139649e-15 0 0 -1.0234219293469791e-19 1146 1146 1.0951861285056267e-15 0 0 0
d 0 0 -1.0979311085448444e-15 0 0 -1.0265898660164079e-19 1147 1147 1.0953023855292756e-15 0 0 0
d 0 0 -1.0980034249269742e-15 0 0 -1.0297668203858582e-19 1148 1148 1.095418010785891e-15 0 0 0
d 0 0 -1.0980759145613665e-15 0 0 -1.0329528249263304e-19 1149 1149 1.0955331228895499e-15 0 0 0
d 0 0 -1.0981485806103012e-15 0 0 -1.0361479096090985e-19 1150 1150 1.0956477468374793e-15 0 0 0
d 0 0 -1.0982214263039542e-15 0 0 -1.0393521028548203e-19 1151 1151 1.0957619034524319e-15 0 0 0
d 0 0 -1.0982944549467327e-15 0 0 -1.0425654321142124e-19 1152 1152 1.0958756107659764e-15 0 0 0
d 0 0 -1.0983676699213363e-15 0 0 -1.0457879241811694e-19 1153 1153 1.0959888851022191e-15 0 0 0
d 0 0 -1.0984411002618349e-15 0 0 -1.0490196690536892e-19 1154 1154 1.0869539049256612e-15 0 0 0
d 0 0 -1.0985146981351972e-15 0 0 -1.0522605659082484e-19 1155 1155 1.0872528785162979e-15 0 0 0
d 0 0 -1.0985884928594684e-15 0 0 -1.055510703939696e-19 1156 1156 1.0875166586664929e-15 0 0 0
d 0 0 -1.0986624884097074e-15 0 0 -1.0587701090950209e-19 1157 1157 1.0877725453149512e-15 0 0 0
d 0 0 -1.0987366884971399e-15 0 0 -1.0620388069938272e-19 1158 1158 1.0880257567889145e-15 0 0 0
d 0 0 -1.098811097044674e-15 0 0 -1.0653168234068195e-19 1159 1159 1.0882763507479694e-15 0 0 0
d 0 0 -1.098885718073717e-15 0 0 -1.0686041840532988e-19 1160 1160 1.0885243762304374e-15 0 0 0
d 0 0 -1.0989605557080235e-15 0 0 -1.0719009146833474e-19 1161 1161 1.088769881118596e-15 0 0 0
d 0 0 -1.0990356141755885e-15 0 0 -1.0752070410511168e-19 1162 1162 1.0890129127867095e-15 0 0 0
d 0 0 -1.0991108767784943e-15 0 0 -1.0785225244807175e-19 1163 1163 1.0963613152995116e-15 0 0 0
d 0 0 -1.0991863909367643e-15 0 0 -1.081847519197358e-19 1164 1164 1.0966333796271376e-15 0 0 0
d 0 0 -1.0992621387022811e-15 0 0 -1.0851819886354297e-19 1165 1165 1.096751218015784e-15 0 0 0
d 0 0 -1.0993381253385185e-15 0 0 -1.0885259581357463e-19 1166 1166 1.0968686200169781e-15 0 0 0
d 0 0 -1.0994143556446501e-15 0 0 -1.0918794540195857e-19 1167 1167 1.0969856431887867e-15 0 0 0
d 0 0 -1.0994908345471076e-15 0 0 -1.0952425029458789e-19 1168 1168 1.0971023015387959e-15 0 0 0
d 0 0 -1.0995675670970038e-15 0 0 -1.0986151316235245e-19 1169 1169 1.0972186091135481e-15 0 0 0
d 0 0 -1.099644583391263e-15 0 0 -1.1019974345183675e-19 1170 1170 1.0883150716768518e-15 0 0 0
d 0 0 -1.0997218385425029e-15 0 0 -1.1053893036013075e-19 1171 1171 1.0885722635021579e-15 0 0 0
d 0 0 -1.0997993632599809e-15 0 0 -1.1087908331854519e-19 1172 1172 1.0888320651991119e-15 0 0 0
d 0 0 -1.099877163148315e-15 0 0 -1.1122020507363937e-19 1173 1173 1.0890892688115523e-15 0 0 0
d 0 0 -1.0999552439440952e-15 0 0 -1.1156229839048571e-19 1174 1174 1.0893439225726893e-15 0 0 0
d 0 0 -1.1000336115319685e-15 0 0 -1.1190536605560668e-19 1175 1175 1.0895960757623809e-15 0 0 0
d 0 0 -1.1001122719484756e-15 0 0 -1.1224941087767668e-19 1176 1176 1.0898457771680449e-15 0 0 0
d 0 0 -1.100191231385973e-15 0 0 -1.1259443568817207e-19 1177 1177 1.090093075099019e-15 0 0 0
d 0 0 -1.1002704961966398e-15 0 0 -1.1294044334197616e-19 1178 1178 1.0903380174011124e-15 0 0 0
d 0 0 -1.1003500728965811e-15 0 0 -1.1328743671794218e-19 1179 1179 1.0905806514708621e-15 0 0 0
d 0 0 -1.100429968170022e-15 0 0 -1.1363541871941459e-19 1180 1180 1.0908210242695843e-15 0 0 0
d 0 0 -1.1005101888735975e-15 0 0 -1.1398439227471001e-19 1181 1181 1.0910591823372806e-15 0 0 0
d 0 0 -1.1005907420407396e-15 0 0 -1.1433436033755742e-19 1182 1182 1.0912951718064342e-15 0 0 0
d 0 0 -1.1006716348861629e-15 0 0 -1.146853258874977e-19 1183 1183 1.0915290384157012e-15 0 0 0
d 0 0 -1.1007528748104482e-15 0 0 -1.1503729193024211e-19 1184 1184 1.0917608275234777e-15 0 0 0
d 0 0 -1.1008344694047277e-15 0 0 -1.1539026149798894e-19 1185 1185 1.0919905841212834e-15 0 0 0
d 0 0 -1.1009164260392513e-15 0 0 -1.1574423772712793e-19 1186 1186 1.0913852908793167e-15 0 0 0
d 0 0 -1.1009987543318291e-15 0 0 -1.1609922358221938e-19 1187 1187 1.0917539430480662e-15 0 0 0
d 0 0 -1.1010814606954295e-15 0 0 -1.1645522269587124e-19 1188 1188 1.0919906260671262e-15 0 0 0
d 0 0 -1.1011645545019782e-15 0 0 -1.1681223828963127e-19 1189 1189 1.0922252088045622e-15 0 0 0
d 0 0 -1.1012480444181303e-15 0 0 -1.1717027359161915e-19 1190 1190 1.0924577620885168e-15 0 0 0
d 0 0 -1.1013319393357564e-15 0 0 -1.1752933186222751e-19 1191 1191 1.0926883330958031e-15 0 0 0
d 0 0 -1.1014162483777385e-15 0 0 -1.1788941639451973e-19 1192 1192 1.092916968627979e-15 0 0 0
d 0 0 -1.1015009807540618e-15 0 0 -1.182505305129275e-19 1193 1193 1.093137347597046e-15 0 0 0
d 0 0 -1.1015861463377461e-15 0 0 -1.1861267757846754e-19 1194 1194 1.0933643397287315e-15 0 0 0
d 0 0 -1.1016717548880609e-15 0 0 -1.1897586098703867e-19 1195 1195 1.093587517082005e-15 0 0 0
d 0 0 -1.1017578164858546e-15 0 0 -1.1934008416447529e-19 1196 1196 1.0938089402008944e-15 0 0 0
d 0 0 -1.1018443415015232e-15 0 0 -1.1970535057338275e-19 1197 1197 1.094028655568861e-15 0 0 0
d 0 0 -1.1019313405745326e-15 0 0 -1.2007166371153477e-19 1198 1198 1.0942467079850934e-15 0 0 0
d 0 0 -1.1020188246202987e-15 0 0 -1.2043902711228804e-19 1199 1199 1.094463141940054e-15 0 0 0
d 0 0 -1.102106804837222e-15 0 0 -1.2080744434498131e-19 1200 1200 1.0946780016283158e-15 0 0 0
d 0 0 -1.1021952927138721e-15 0 0 -1.2117691901530748e-19 1201 1201 1.0948913309613827e-15 0 0 0
d 0 0 -1.1022843000363194e-15 0 0 -1.2154745476565023e-19 1202 1202 1.0951031735808879e-15 0 0 0
d 0 0 -1.1023738388956098e-15 0 0 -1.2191905527537784e-19 1203 1203 1.0953135728712553e-15 0 0 0
d 0 0 -1.1024639214536473e-15 0 0 -1.2229172426123038e-19 1204 1204 1.0955164795613968e-15 0 0 0
d 0 0 -1.1025545608715218e-15 0 0 -1.2266546547862704e-19 1205 1205 1.0957231672020169e-15 0 0 0
d 0 0 -1.1026457700490228e-15 0 0 -1.2304028271597085e-19 1206 1206 1.0959296034318874e-15 0 0 0
d 0 0 -1.1027375623316089e-15 0 0 -1.2341617980418874e-19 1207 1207 1.0961347666351707e-15 0 0 0
d 0 0 -1.1028299514521632e-15 0 0 -1.2379316061026041e-19 1208 1208 1.0963386983299217e-15 0 0 0
d 0 0 -1.1029229514967082e-15 0 0 -1.2417122904125374e-19 1209 1209 1.0965414381003656e-15 0 0 0
d 0 0 -1.1030165769142938e-15 0 0 -1.245503890511903e-19 1210 1210 1.0967430279017497e-15 0 0 0
d 0 0 -1.1031108425221557e-15 0 0 -1.2493064462325281e-19 1211 1211 1.0969435118604125e-15 0 0 0
d 0 0 -1.1032057635158629e-15 0 0 -1.25311999776931e-19 1212 1212 1.0971429316614103e-15 0 0 0
d 0 0 -1.1033013554786184e-15 0 0 -1.256944585693445e-19 1213 1213 1.0973413289868856e-15 0 0 0
d 0 0 -1.103397634390532e-15 0 0 -1.2607802509535234e-19 1214 1214 1.0975387454737042e-15 0 0 0
d 0 0 -1.1034946166381642e-15 0 0 -1.2646270348776919e-19 1215 1215 1.0977352227535076e-15 0 0 0
d 0 0 -1.1035923190243761e-15 0 0 -1.2684849791771929e-19 1216 1216 1.0979308024963396e-15 0 0 0
d 0 0 -1.1036907587785128e-15 0 0 -1.272354125951532e-19 1217 1217 1.0981255264573633e-15 0 0 0
d 0 0 -1.1037899535669414e-15 0 0 -1.2762345176954501e-19 1218 1218 1.0983194365261143e-15 0 0 0
d 0 0 -1.1038899215039612e-15 0 0 -1.2801261973077735e-19 1219 1219 1.0985125747775958e-15 0 0 0
d 0 0 -1.1039906811630939e-15 0 0 -1.2840292081021255e-19 1220 1220 1.0987049835244e-15 0 0 0
d 0 0 -1.1040922515887512e-15 0 0 -1.287943593819378e-19 1221 1221 1.0988967053689356e-15 0 0 0
d 0 0 -1.1041946523082796e-15 0 0 -1.291869398641663e-19 1222 1222 1.0990877832547656e-15 0 0 0
d 0 0 -1.1042979033443644e-15 0 0 -1.2958066672077131e-19 1223 1223 1.0992782605160132e-15 0 0 0
d 0 0 -1.1044020252277881e-15 0 0 -1.2997554446292834e-19 1224 1224 1.0994681809237978e-15 0 0 0
d 0 0 -1.1045070390105261e-15 0 0 -1.3037157765084164e-19 1225 1225 1.0996575887286917e-15 0 0 0
d 0 0 -1.1046129662791688e-15 0 0 -1.3076877089553426e-19 1226 1226 1.0998465286982801e-15 0 0 0
d 0 0 -1.1047198291686678e-15 0 0 -1.3116712886068437e-19 1227 1227 1.1000350461490287e-15 0 0 0
d 0 0 -1.1048276503763932e-15 0 0 -1.3156665626449606e-19 1228 1228 1.1002231869718288e-15 0 0 0
d 0 0 -1.1049364531765102e-15 0 0 -1.3196735788159624e-19 1229 1229 1.1004109976507826e-15 0 0 0
d 0 0 -1.1050462614346729e-15 0 0 -1.3236923854495446e-19 1230 1230 1.1005985252750149e-15 0 0 0
d 0 0 -1.1051570996230418e-15 0 0 -1.3277230314782513e-19 1231 1231 1.1007858175435233e-15 0 0 0
d 0 0 -1.1052689927630708e-15 0 0 -1.3317655648683654e-19 1232 1232 1.1009729220995348e-15 0 0 0
d 0 0 -1.1053819652393675e-15 0 0 -1.3358200203737808e-19 1233 1233 1.1011599068309374e-15 0 0 0
d 0 0 -1.1054960429165214e-15 0 0 -1.339886444571765e-19 1234 1234 1.10134678797045e-15 0 0 0
d 0 0 -1.1056112527675471e-15 0 0 -1.3439648884988637e-19 1235 1235 1.1015336289917414e-15 0 0 0
d 0 0 -1.1057276224472871e-15 0 0 -1.3480554038678527e-19 1236 1236 1.1017204803729048e-15 0 0 0
d 0 0 -1.105845180309276e-15 0 0 -1.3521580430890735e-19 1237 1237 1.101907393102692e-15 0 0 0
d 0 0 -1.1059639554231633e-15 0 0 -1.3562728592926394e-19 1238 1238 1.1020944186628077e-15 0 0 0
d 0 0 -1.106083977592553e-15 0 0 -1.3603999063513313e-19 1239 1239 1.1022816090013178e-15 0 0 0
d 0 0 -1.1062052773732758e-15 0 0 -1.3645392389042183e-19 1240 1240 1.1024690165070678e-15 0 0 0
d 0 0 -1.1063278860921031e-15 0 0 -1.3686909123810509e-19 1241 1241 1.1026566939862108e-15 0 0 0
d 0 0 -1.1064518358659176e-15 0 0 -1.3728549830274613e-19 1242 1242 1.1028446946418372e-15 0 0 0
d 0 0 -1.1065771596213527e-15 0 0 -1.3770315079310067e-19 1243 1243 1.1030330720575675e-15 0 0 0
d 0 0 -1.1067038911149128e-15 0 0 -1.3812205450480857e-19 1244 1244 1.1032218801858224e-15 0 0 0
d 0 0 -1.1068320649535871e-15 0 0 -1.3854221532317587e-19 1245 1245 1.1034111733413066e-15 0 0 0
d 0 0 -1.1069617166159711e-15 0 0 -1.3896363922604972e-19 1246 1246 1.1036010062000902e-15 0 0 0
d 0 0 -1.1070928824739073e-15 0 0 -1.3938633228678885e-19 1247 1247 1.10379143380449e-15 0 0 0
d 0 0 -1.1072255990492627e-15 0 0 -1.3981030068793586e-19 1248 1248 1.1039728219298687e-15 0 0 0
d 0 0 -1.1073599060307489e-15 0 0 -1.4023555069321708e-19 1249 1249 1.1041608376590995e-15 0 0 0
d 0 0 -1.1074958419624421e-15 0 0 -1.4066208866952415e-19 1250 1250 1.1043535994064926e-15 0 0 0
d 0 0 -1.1076334469611149e-15 0 0 -1.4108992111509668e-19 1251 1251 1.104547179944851e-15 0 0 0
d 0 0 -1.1077727622084936e-15 0 0 -1.4151905462888445e-19 1252 1252 1.1047416333211468e-15 0 0 0
d 0 0 -1.10791382992108e-15 0 0 -1.4194949592526177e-19 1253 1253 1.1049370172486615e-15 0 0 0
d 0 0 -1.1080566933757473e-15 0 0 -1.423812518377125e-19 1254 1254 1.1051333899915358e-15 0 0 0
d 0 0 -1.1082013969360042e-15 0 0 -1.4281432932260803e-19 1255 1255 1.1053308104067994e-15 0 0 0
d 0 0 -1.1083479860788982e-15 0 0 -1.4324873546308499e-19 1256 1256 1.1055293379907054e-15 0 0 0
d 0 0 -1.108496507422568e-15 0 0 -1.4368447747301977e-19 1257 1257 1.1057290329273412e-15 0 0 0
d 0 0 -1.108647008754456e-15 0 0 -1.4412156270109692e-19 1258 1258 1.1059299561390327e-15 0 0 0
d 0 0 -1.1087995390601969e-15 0 0 -1.445599986349676e-19 1259 1259 1.1061321693380953e-15 0 0 0
d 0 0 -1.1089541485531917e-15 0 0 -1.4499979290549317e-19 1260 1260 1.1063357350795376e-15 0 0 0
d 0 0 -1.1091108887048784e-15 0 0 -1.4544095329106851e-19 1261 1261 1.1065407168143638e-15 0 0 0
d 0 0 -1.1092698122757134e-15 0 0 -1.4588348772201879e-19 1262 1262 1.1067471789431776e-15 0 0 0
d 0 0 -1.1094309733468731e-15 0 0 -1.4632740428506256e-19 1263 1263 1.10695518686984e-15 0 0 0
d 0 0 -1.1095944273526865e-15 0 0 -1.4677271122783828e-19 1264 1264 1.1071648070550203e-15 0 0 0
d 0 0 -1.1097602311138099e-15 0 0 -1.4721941696348183e-19 1265 1265 1.107376107069218e-15 0 0 0
d 0 0 -1.1099284428711497e-15 0 0 -1.476675300752109e-19 1266 1266 1.1075891556459636e-15 0 0 0
d 0 0 -1.1100991223205517e-15 0 0 -1.4811705932098019e-19 1267 1267 1.1078040227337161e-15 0 0 0
d 0 0 -1.1102720897273042e-15 0 0 -1.4856802895614881e-19 1268 1268 1.0996607106959113e-15 0 0 0
d 0 0 -1.1104478836499905e-15 0 0 -1.4902041751361901e-19 1269 1269 1.1000150516953114e-15 0 0 0
d 0 0 -1.1106263336148339e-15 0 0 -1.4947424955531039e-19 1270 1270 1.1003826882345664e-15 0 0 0
d 0 0 -1.110807505255731e-15 0 0 -1.4992953460322261e-19 1271 1271 1.1007502273244238e-15 0 0 0
d 0 0 -1.1109914660908906e-15 0 0 -1.5038628235895108e-19 1272 1272 1.1011177662952069e-15 0 0 0
d 0 0 -1.1111782853184355e-15 0 0 -1.508445027267864e-19 1273 1273 1.1014854178424892e-15 0 0 0
d 0 0 -1.1113680338564285e-15 0 0 -1.5130420581845989e-19 1274 1274 1.1018532956335142e-15 0 0 0
d 0 0 -1.1115607843839029e-15 0 0 -1.5176540195695843e-19 1275 1275 1.102221514417155e-15 0 0 0
d 0 0 -1.1117566113828727e-15 0 0 -1.5222810168145987e-19 1276 1276 1.1025901900469798e-15 0 0 0
d 0 0 -1.1119555911811254e-15 0 0 -1.5269231575161971e-19 1277 1277 1.1029594395809823e-15 0 0 0
d 0 0 -1.1121578019959269e-15 0 0 -1.5315805515226176e-19 1278 1278 1.1033293813429758e-15 0 0 0
d 0 0 -1.1123633239785005e-15 0 0 -1.5362533109718494e-19 1279 1279 1.1037001349765946e-15 0 0 0
d 0 0 -1.1125722392593809e-15 0 0 -1.5409415503288854e-19 1280 1280 1.1040718215236666e-15 0 0 0
d 0 0 -1.1127846318805251e-15 0 0 -1.5456453864324031e-19 1281 1281 1.1044592741425651e-15 0 0 0
d 0 0 -1.1130005868778306e-15 0 0 -1.5503649385217334e-19 1282 1282 1.104844623127651e-15 0 0 0
d 0 0 -1.1132201953497349e-15 0 0 -1.5551003283008957e-19 1283 1283 1.1052213401720015e-15 0 0 0
d 0 0 -1.1134435463115591e-15 0 0 -1.5598516800215411e-19 1284 1284 1.1055975960863302e-15 0 0 0
d 0 0 -1.1136707325648918e-15 0 0 -1.5646191203772468e-19 1285 1285 1.1059754160921717e-15 0 0 0
d 0 0 -1.1139018491195477e-15 0 0 -1.5694027786664023e-19 1286 1286 1.1063549334887825e-15 0 0 0
d 0 0 -1.1141369933071563e-15 0 0 -1.5742027867972229e-19 1287 1287 1.1067362805480854e-15 0 0 0
d 0 0 -1.1143762648337458e-15 0 0 -1.5790192793393662e-19 1288 1288 1.1071195913466771e-15 0 0 0
d 0 0 -1.1146197658326723e-15 0 0 -1.5838523935431752e-19 1289 1289 1.1075050018726902e-15 0 0 0
d 0 0 -1.1148676009185496e-15 0 0 -1.5887022693926836e-19 1290 1290 1.1078926499546413e-15 0 0 0
d 0 0 -1.1151198772416965e-15 0 0 -1.5935690496519819e-19 1291 1291 1.1082826754220041e-15 0 0 0
d 0 0 -1.1153767064945427e-15 0 0 -1.5984528799711177e-19 1292 1292 1.1086835733239962e-15 0 0 0
d 0 0 -1.1156381972907596e-15 0 0 -1.6033539087523416e-19 1293 1293 1.1090767761474057e-15 0 0 0
d 0 0 -1.1159044662807051e-15 0 0 -1.608272287346487e-19 1294 1294 1.1094741601227737e-15 0 0 0
d 0 0 -1.1161756316947818e-15 0 0 -1.6132081701775051e-19 1295 1295 1.1098752454646855e-15 0 0 0
d 0 0 -1.1164518140670612e-15 0 0 -1.6181617146663167e-19 1296 1296 1.1102792076530253e-15 0 0 0
d 0 0 -1.1167331368946573e-15 0 0 -1.6231330813179911e-19 1297 1297 1.110686430529156e-15 0 0 0
d 0 0 -1.1170197265958558e-15 0 0 -1.6281224338148652e-19 1298 1298 1.1110970687201935e-15 0 0 0
d 0 0 -1.1173117125404359e-15 0 0 -1.6331299390624479e-19 1299 1299 1.1115112785342418e-15 0 0 0
d 0 0 -1.1176092474637266e-15 0 0 -1.6381557932360722e-19 1300 1300 1.1119297632392391e-15 0 0 0
d 0 0 -1.117912507981387e-15 0 0 -1.6432002230109834e-19 1301 1301 1.1123525734677648e-15 0 0 0
d 0 0 -1.1182216400323675e-15 0 0 -1.648263415783603e-19 1302 1302 1.1127794579706936e-15 0 0 0
d 0 0 -1.1185367925713164e-15 0 0 -1.6533455624211606e-19 1303 1303 1.113210691819717e-15 0 0 0
d 0 0 -1.1188581180834569e-15 0 0 -1.6584468581256613e-19 1304 1304 1.1136464490382239e-15 0 0 0
d 0 0 -1.1191857726551476e-15 0 0 -1.663567502559359e-19 1305 1305 1.1140869138835531e-15 0 0 0
d 0 0 -1.1195199170842935e-15 0 0 -1.6687077011591669e-19 1306 1306 1.1145322766641916e-15 0 0 0
d 0 0 -1.1198607163413942e-15 0 0 -1.6738676646541519e-19 1307 1307 1.1149827251737219e-15 0 0 0
d 0 0 -1.120208335060582e-15 0 0 -1.6790476092269186e-19 1308 1308 1.115441825980595e-15 0 0 0
d 0 0 -1.1205629563554248e-15 0 0 -1.6842477565535103e-19 1309 1309 1.1159154028307211e-15 0 0 0
d 0 0 -1.1209247523809191e-15 0 0 -1.6894683344110599e-19 1310 1310 1.1163823687728515e-15 0 0 0
d 0 0 -1.1212939057287554e-15 0 0 -1.6947095760909401e-19 1311 1311 1.1168549120362191e-15 0 0 0
d 0 0 -1.1216706028524469e-15 0 0 -1.699971720892332e-19 1312 1312 1.1173335336103421e-15 0 0 0
d 0 0 -1.1220550344326558e-15 0 0 -1.7052550140721324e-19 1313 1313 1.1178184399741778e-15 0 0 0
d 0 0 -1.1224473953846316e-15 0 0 -1.7105597068401786e-19 1314 1314 1.1183098397305056e-15 0 0 0
d 0 0 -1.1228478848171419e-15 0 0 -1.7158860563614496e-19 1315 1315 1.1188079442919639e-15 0 0 0
d 0 0 -1.123256706003763e-15 0 0 -1.7212343257070253e-19 1316 1316 1.1193129682709018e-15 0 0 0
d 0 0 -1.1236740663777994e-15 0 0 -1.7266047838313093e-19 1317 1317 1.119825129808235e-15 0 0 0
d 0 0 -1.1241001775565775e-15 0 0 -1.7319977055519195e-19 1318 1318 1.1203446510422207e-15 0 0 0
d 0 0 -1.1245352553927224e-15 0 0 -1.7374133715171355e-19 1319 1319 1.1208717584597505e-15 0 0 0
d 0 0 -1.1249795200400991e-15 0 0 -1.7428520681395507e-19 1320 1320 1.1214066832198253e-15 0 0 0
d 0 0 -1.1254331960131404e-15 0 0 -1.7483140874948657e-19 1321 1321 1.1219496610423048e-15 0 0 0
d 0 0 -1.1258965121966909e-15 0 0 -1.7537997269731762e-19 1322 1322 1.1225009320317213e-15 0 0 0
d 0 0 -1.1263697017952152e-15 0 0 -1.7593092888037227e-19 1323 1323 1.1230607417887226e-15 0 0 0
d 0 0 -1.126853044518802e-15 0 0 -1.7648431503777349e-19 1324 1324 1.1236297980681107e-15 0 0 0
d 0 0 -1.1273468484506648e-15 0 0 -1.770401734440293e-19 1325 1325 1.12420813488735e-15 0 0 0
d 0 0 -1.1278513742613208e-15 0 0 -1.775985380804683e-19 1326 1326 1.1247958986953254e-15 0 0 0
d 0 0 -1.1283668878198227e-15 0 0 -1.7815944329983767e-19 1327 1327 1.1253934059770876e-15 0 0 0
d 0 0 -1.1288936205040898e-15 0 0 -1.7872291813789081e-19 1328 1328 1.126000326039191e-15 0 0 0
d 0 0 -1.1294317684232449e-15 0 0 -1.7928898577905362e-19 1329 1329 1.1266170784117409e-15 0 0 0
d 0 0 -1.129981637326646e-15 0 0 -1.7985770195916553e-19 1330 1330 1.12724439813227e-15 0 0 0
d 0 0 -1.1305435794722812e-15 0 0 -1.8042914996873658e-19 1331 1331 1.1278825935554703e-15 0 0 0
d 0 0 -1.1311178845282796e-15 0 0 -1.8100337117322157e-19 1332 1332 1.1285320119490904e-15 0 0 0
d 0 0 -1.1317048423777762e-15 0 0 -1.815804048102317e-19 1333 1333 1.1291928756588825e-15 0 0 0
d 0 0 -1.1323047448347484e-15 0 0 -1.8216028810906446e-19 1334 1334 1.1298654921283043e-15 0 0 0
d 0 0 -1.132917885364201e-15 0 0 -1.8274305566309573e-19 1335 1335 1.1305501676380145e-15 0 0 0
d 0 0 -1.1335445340562964e-15 0 0 -1.8332873561663825e-19 1336 1336 1.1312469836346994e-15 0 0 0
d 0 0 -1.1341849405374217e-15 0 0 -1.8391735047769122e-19 1337 1337 1.131959333253098e-15 0 0 0
d 0 0 -1.1348394189103758e-15 0 0 -1.8450893351589825e-19 1338 1338 1.1326929243531354e-15 0 0 0
d 0 0 -1.1355082780853836e-15 0 0 -1.8510351474636644e-19 1339 1339 1.1334455637055922e-15 0 0 0
d 0 0 -1.1361900042200962e-15 0 0 -1.8570112661556157e-19 1340 1340 1.1260628681767376e-15 0 0 0
d 0 0 -1.1368885643998791e-15 0 0 -1.8630176794488667e-19 1341 1341 1.1270177245335548e-15 0 0 0
d 0 0 -1.1376026254459613e-15 0 0 -1.8690555533734898e-19 1342 1342 1.1280109276827404e-15 0 0 0
d 0 0 -1.1383325699886329e-15 0 0 -1.8751253968973852e-19 1343 1343 1.1290160908108183e-15 0 0 0
d 0 0 -1.1390787852253933e-15 0 0 -1.8812276921125544e-19 1344 1344 1.1300329397719727e-15 0 0 0
d 0 0 -1.1398416662928498e-15 0 0 -1.8873629228976766e-19 1345 1345 1.1310619093628662e-15 0 0 0
d 0 0 -1.1406216151695271e-15 0 0 -1.8935315695568483e-19 1346 1346 1.1321034325581761e-15 0 0 0
d 0 0 -1.1414190399351041e-15 0 0 -1.8997341056623172e-19 1347 1347 1.1331579361842307e-15 0 0 0
d 0 0 -1.1422343551484489e-15 0 0 -1.905971000490868e-19 1348 1348 1.134225840584716e-15 0 0 0
d 0 0 -1.1430679835177444e-15 0 0 -1.9122427269794673e-19 1349 1349 1.1353075688459012e-15 0 0 0
d 0 0 -1.143920358176719e-15 0 0 -1.9185497718336806e-19 1350 1350 1.13640355766446e-15 0 0 0
d 0 0 -1.1447919247768944e-15 0 0 -1.9248926436022253e-19 1351 1351 1.1375142628672124e-15 0 0 0
d 0 0 -1.1456831430421872e-15 0 0 -1.9312718778645593e-19 1352 1352 1.1386401596242743e-15 0 0 0
d 0 0 -1.1465944521284358e-15 0 0 -1.9376878819861242e-19 1353 1353 1.1397818948205253e-15 0 0 0
d 0 0 -1.1475262790352701e-15 0 0 -1.9441410034539284e-19 1354 1354 1.1409393499954515e-15 0 0 0
d 0 0 -1.1484791330469035e-15 0 0 -1.9506318960034246e-19 1355 1355 1.1421133076753645e-15 0 0 0
d 0 0 -1.1494535396047009e-15 0 0 -1.9571612412532196e-19 1356 1356 1.1433044002472411e-15 0 0 0
d 0 0 -1.1504500209855499e-15 0 0 -1.9637297415847319e-19 1357 1357 1.1445123431494799e-15 0 0 0
d 0 0 -1.1514691747979377e-15 0 0 -1.9703381289644189e-19 1358 1358 1.1457696909285937e-15 0 0 0
d 0 0 -1.1525115622661461e-15 0 0 -1.9769871936575675e-19 1359 1359 1.1470168330750455e-15 0 0 0
d 0 0 -1.1535780143273145e-15 0 0 -1.9836781648300853e-19 1360 1360 1.1482966369172374e-15 0 0 0
d 0 0 -1.1546692432378952e-15 0 0 -1.9904120657527157e-19 1361 1361 1.1495950539240189e-15 0 0 0
d 0 0 -1.1557859190208839e-15 0 0 -1.9971898156559207e-19 1362 1362 1.1509150315207413e-15 0 0 0
d 0 0 -1.1569287334125778e-15 0 0 -2.0040123653483788e-19 1363 1363 1.1522572749044058e-15 0 0 0
d 0 0 -1.1580984002272159e-15 0 0 -2.0108806943794303e-19 1364 1364 1.1536224780411429e-15 0 0 0
d 0 0 -1.1592956543994492e-15 0 0 -2.017795806444369e-19 1365 1365 1.1550113223377196e-15 0 0 0
d 0 0 -1.1605212502104609e-15 0 0 -2.0247587223664246e-19 1366 1366 1.1564244706917373e-15 0 0 0
d 0 0 -1.1617759583792435e-15 0 0 -2.0317704697455687e-19 1367 1367 1.1578625624186164e-15 0 0 0
d 0 0 -1.1630605612933622e-15 0 0 -2.038832066640873e-19 1368 1368 1.1593262104883636e-15 0 0 0
d 0 0 -1.1643760691768435e-15 0 0 -2.0459450449087658e-19 1369 1369 1.1608186836150232e-15 0 0 0
d 0 0 -1.1657239327879593e-15 0 0 -2.0531127675248496e-19 1370 1370 1.1623388297198411e-15 0 0 0
d 0 0 -1.167105310159827e-15 0 0 -2.0603374005865623e-19 1371 1371 1.163890166410025e-15 0 0 0
d 0 0 -1.1685213998881516e-15 0 0 -2.067621018667601e-19 1372 1372 1.1654726480433407e-15 0 0 0
d 0 0 -1.1699731941630446e-15 0 0 -2.0749649879914197e-19 1373 1373 1.1670861728515917e-15 0 0 0
d 0 0 -1.1714616331510641e-15 0 0 -2.0823704398991866e-19 1374 1374 1.1687314230896778e-15 0 0 0
d 0 0 -1.1729876198781184e-15 0 0 -2.0898382692059246e-19 1375 1375 1.170409291650482e-15 0 0 0
d 0 0 -1.1745520357262097e-15 0 0 -2.0973691961221009e-19 1376 1376 1.1721217485160143e-15 0 0 0
d 0 0 -1.1761555582726591e-15 0 0 -2.1049634280176859e-19 1377 1377 1.1738715398427792e-15 0 0 0
d 0 0 -1.1777987490517187e-15 0 0 -2.1126207099940461e-19 1378 1378 1.1756431484525846e-15 0 0 0
d 0 0 -1.1794824078164651e-15 0 0 -2.1203409832133794e-19 1379 1379 1.1774530287061165e-15 0 0 0
d 0 0 -1.1812074340758567e-15 0 0 -2.1281241472903496e-19 1380 1380 1.1793005583347274e-15 0 0 0
d 0 0 -1.1829749414714842e-15 0 0 -2.1359710312046453e-19 1381 1381 1.1811866484300171e-15 0 0 0
d 0 0 -1.1847860675700968e-15 0 0 -2.1438823922717199e-19 1382 1382 1.1831128374177988e-15 0 0 0
d 0 0 -1.1866419651424063e-15 0 0 -2.1518588635100137e-19 1383 1383 1.1850802712359351e-15 0 0 0
d 0 0 -1.1885438045454685e-15 0 0 -2.1599009530346168e-19 1384 1384 1.1870901154227136e-15 0 0 0
d 0 0 -1.1904927766616683e-15 0 0 -2.168009047197473e-19 1385 1385 1.1891435548571933e-15 0 0 0
d 0 0 -1.1924900967009448e-15 0 0 -2.1761834191434446e-19 1386 1386 1.1912417944852253e-15 0 0 0
d 0 0 -1.1945370089578596e-15 0 0 -2.1844242438008231e-19 1387 1387 1.1933860616435175e-15 0 0 0
d 0 0 -1.1966347924027999e-15 0 0 -2.1927316205553576e-19 1388 1388 1.1955776066916197e-15 0 0 0
d 0 0 -1.1987847638213009e-15 0 0 -2.2011055973031873e-19 1389 1389 1.1978176845106014e-15 0 0 0
d 0 0 -1.2009882849133497e-15 0 0 -2.2095462062077973e-19 1390 1390 1.2001078407547804e-15 0 0 0
d 0 0 -1.2032467705748127e-15 0 0 -2.218053502999376e-19 1391 1391 1.2024495858076556e-15 0 0 0
d 0 0 -1.2055617486119985e-15 0 0 -2.2266277147781465e-19 1392 1392 1.2048437310177593e-15 0 0 0
d 0 0 -1.2079359581348015e-15 0 0 -2.2352713685578467e-19 1393 1393 1.2073003107577031e-15 0 0 0
d 0 0 -1.2103716650964892e-15 0 0 -2.24398617779615e-19 1394 1394 1.2098132899672753e-15 0 0 0
d 0 0 -1.2128708014832149e-15 0 0 -2.2527732592546362e-19 1395 1395 1.2123852698824649e-15 0 0 0
d 0 0 -1.2154352517854856e-15 0 0 -2.2616337406744528e-19 1396 1396 1.2150177706269052e-15 0 0 0
d 0 0 -1.218068762424161e-15 0 0 -2.2705723098505513e-19 1397 1397 1.21773480910818e-15 0 0 0
d 0 0 -1.2207745812002129e-15 0 0 -2.2795930806606807e-19 1398 1398 1.2205155641324587e-15 0 0 0
d 0 0 -1.2235544885971344e-15 0 0 -2.2886974494203128e-19 1399 1399 1.223361882606504e-15 0 0 0
d 0 0 -1.2264108588606385e-15 0 0 -2.2978881316668169e-19 1400 1400 1.2262795290679517e-15 0 0 0
d 0 0 -1.2293463272275093e-15 0 0 -2.3071685733886452e-19 1401 1401 1.2292694469497134e-15 0 0 0
d 0 0 -1.2323635614821086e-15 0 0 -2.3165424536275819e-19 1402 1402 1.2323346475454676e-15 0 0 0
d 0 0 -1.2354653655328288e-15 0 0 -2.3260140498708098e-19 1403 1403 1.2354775099087e-15 0 0 0
d 0 0 -1.2386537781727339e-15 0 0 -2.3355866194743124e-19 1404 1404 1.2386905063139148e-15 0 0 0
d 0 0 -1.2419322433624863e-15 0 0 -2.3452657172235952e-19 1405 1405 1.2419992595077139e-15 0 0 0
d 0 0 -1.2453046068317483e-15 0 0 -2.3550579132562931e-19 1406 1406 1.24539891988378e-15 0 0 0
d 0 0 -1.2487748912669742e-15 0 0 -2.3649700227377386e-19 1407 1407 1.2488935433044689e-15 0 0 0
d 0 0 -1.252347302037003e-15 0 0 -2.3750091114206123e-19 1408 1408 1.2524874676615169e-15 0 0 0
d 0 0 -1.2560261754819671e-15 0 0 -2.3851826937776707e-19 1409 1409 1.256184818804757e-15 0 0 0
d 0 0 -1.2598159246433214e-15 0 0 -2.3955009305543856e-19 1410 1410 1.2599893104247672e-15 0 0 0
d 0 0 -1.2637215542949653e-15 0 0 -2.4059727834436444e-19 1411 1411 1.2639084488558351e-15 0 0 0
d 0 0 -1.2677482910314382e-15 0 0 -2.4166065391209215e-19 1412 1412 1.2679468503167454e-15 0 0 0
d 0 0 -1.2719014976087884e-15 0 0 -2.427409251754958e-19 1413 1413 1.2721102799118639e-15 0 0 0
d 0 0 -1.2761857098441784e-15 0 0 -2.438382197522312e-19 1414 1414 1.2764040716618801e-15 0 0 0
d 0 0 -1.2806048961040263e-15 0 0 -2.4495226990068183e-19 1415 1415 1.2808316280408453e-15 0 0 0
d 0 0 -1.2851639328035409e-15 0 0 -2.4608287236060114e-19 1416 1416 1.285397843591449e-15 0 0 0
d 0 0 -1.2898730212616882e-15 0 0 -2.4723137003309101e-19 1417 1417 1.2901145763467593e-15 0 0 0
d 0 0 -1.294739549848706e-15 0 0 -2.4839828598067659e-19 1418 1418 1.2949860201507157e-15 0 0 0
d 0 0 -1.2997698117868489e-15 0 0 -2.4958367947057689e-19 1419 1419 1.3000192230557885e-15 0 0 0
d 0 0 -1.3049704639203079e-15 0 0 -2.5078757349387517e-19 1420 1420 1.3052214302266227e-15 0 0 0
d 0 0 -1.3103472161772428e-15 0 0 -2.5200967272970889e-19 1421 1421 1.3105991788516027e-15 0 0 0
d 0 0 -1.3159053172343538e-15 0 0 -2.5324937853483126e-19 1422 1422 1.3161583572704689e-15 0 0 0
d 0 0 -1.3216528858957401e-15 0 0 -2.5450652095130182e-19 1423 1423 1.321907049599359e-15 0 0 0
d 0 0 -1.3275987904962331e-15 0 0 -2.5578098997074105e-19 1424 1424 1.3278542783933691e-15 0 0 0
d 0 0 -1.333752401818906e-15 0 0 -2.5707263768268625e-19 1425 1425 1.3340094558535024e-15 0 0 0
d 0 0 -1.3401248190722089e-15 0 0 -2.5838174242863226e-19 1426 1426 1.3403835026725091e-15 0 0 0
d 0 0 -1.3467285718954314e-15 0 0 -2.5970862779880842e-19 1427 1427 1.3469887675605623e-15 0 0 0
d 0 0 -1.3535773158942041e-15 0 0 -2.6105350689086946e-19 1428 1428 1.3538387619221177e-15 0 0 0
d 0 0 -1.3606859844836018e-15 0 0 -2.6241647873881485e-19 1429 1429 1.3609483065404514e-15 0 0 0
d 0 0 -1.3680710459205381e-15 0 0 -2.6379754568516473e-19 1430 1430 1.3683340047921785e-15 0 0 0
d 0 0 -1.3757506578940031e-15 0 0 -2.6519683786802602e-19 1431 1431 1.3760160871292134e-15 0 0 0
d 0 0 -1.3837467972872395e-15 0 0 -2.6661550998748344e-19 1432 1432 1.3840132308743849e-15 0 0 0
d 0 0 -1.3920842905813463e-15 0 0 -2.6805496002535792e-19 1433 1433 1.3923517837698717e-15 0 0 0
d 0 0 -1.4007882141451238e-15 0 0 -2.6951656101381633e-19 1434 1434 1.4010560478802685e-15 0 0 0
d 0 0 -1.4098857626105205e-15 0 0 -2.710023206400126e-19 1435 1435 1.4101515708204299e-15 0 0 0
d 0 0 -1.4194062639809702e-15 0 0 -2.725148228927538e-19 1436 1436 1.4196677911483317e-15 0 0 0
d 0 0 -1.4293803843599757e-15 0 0 -2.7405705616525262e-19 1437 1437 1.4296284223365747e-15 0 0 0
d 0 0 -1.4398481191785454e-15 0 0 -2.7563532778147695e-19 1438 1438 1.4400765113738973e-15 0 0 0
d 0 0 -1.4508567951280395e-15 0 0 -2.7725870236100484e-19 1439 1439 1.4510391391602573e-15 0 0 0
d 0 0 -1.462458525719368e-15 0 0 -2.7893281246432372e-19 1440 1440 1.46272756829478e-15 0 0 0
d 0 0 -1.4746867265648363e-15 0 0 -2.8066254731424683e-19 1441 1441 1.4749664815901012e-15 0 0 0
d 0 0 -1.4876040396197614e-15 0 0 -2.8245242192030238e-19 1442 1442 1.4878656507974461e-15 0 0 0
d 0 0 -1.5012882808219084e-15 0 0 -2.843101166969957e-19 1443 1443 1.5014991270823634e-15 0 0 0
d 0 0 -1.5158207001859072e-15 0 0 -2.8624159982605151e-19 1444 1444 1.515908515633849e-15 0 0 0
d 0 0 -1.5313035752666967e-15 0 0 -2.8825184427342091e-19 1445 1445 1.5315686037775597e-15 0 0 0
d 0 0 -1.5478527541258461e-15 0 0 -2.9034602995115653e-19 1446 1446 1.5480841707176616e-15 0 0 0
d 0 0 -1.5656317299581309e-15 0 0 -2.9253317066592775e-19 1447 1447 1.5658172124566763e-15 0 0 0
d 0 0 -1.584835186401628e-15 0 0 -2.9482508445005142e-19 1448 1448 1.5849603468820424e-15 0 0 0
d 0 0 -1.6057241880493758e-15 0 0 -2.972484451625937e-19 1449 1449 1.6058329669481649e-15 0 0 0
d 0 0 -1.6286279131053324e-15 0 0 -2.9984629147718549e-19 1450 1450 1.6287172549629092e-15 0 0 0
d 0 0 -1.6539332955057579e-15 0 0 -3.0266522271256366e-19 1451 1451 1.6542012426112672e-15 0 0 0
d 0 0 -1.6821737701111751e-15 0 0 -3.0577457510047499e-19 1452 1452 1.682425671783562e-15 0 0 0
d 0 0 -1.7141601813743124e-15 0 0 -3.0928917622392472e-19 1453 1453 1.714425911421613e-15 0 0 0
d 0 0 -1.7511816068904962e-15 0 0 -3.1338379776638003e-19 1454 1454 1.7514615434464428e-15 0 0 0
d 0 0 -1.7955453664665246e-15 0 0 -3.18365733587545e-19 1455 1455 1.7958332109187414e-15 0 0 0
d 0 0 -1.8519240967189851e-15 0 0 -3.2491923018633038e-19 1456 1456 1.8522360985661402e-15 0 0 0
d 0 0 -2.3248080230357205e-15 0 0 -4.0719552386981898e-19 1457 1457 2.3251908211194469e-15 0 0 0
d 0 0 -2.2587855939415662e-15 0 0 -3.9237484509694305e-19 1457.5 1457.5 2.2591437553428097e-15 0 0 0
d 0 0 -2.2365801576223745e-15 0 0 -3.8764394733002794e-19 1457.625 1457.625 2.2369419285036402e-15 0 0 0
d 0 0 -2.2236718079207245e-15 0 0 -3.8496413580032158e-19 1457.6875 1457.6875 2.2240314154866417e-15 0 0 0
d 0 0 -2.2165511346551971e-15 0 0 -3.835045288751256e-19 1457.71875 1457.71875 2.2169110604865416e-15 0 0 0
d 0 0 -2.212778677875033e-15 0 0 -3.8273590402194104e-19 1457.734375 1457.734375 2.2131364672569213e-15 0 0 0
d 0 0 -2.2088397977755943e-15 0 0 -3.8193690001299014e-19 1457.75 1457.75 2.2091968051766215e-15 0 0 0
d 0 0 -2.2068015261479575e-15 0 0 -3.815246774076727e-19 1457.7578125 1457.7578125 2.2071468841742241e-15 0 0 0
d 0 0 -2.2047106729284467e-15 0 0 -3.8110313988815323e-19 1457.765625 1457.765625 2.2050645664364522e-15 0 0 0
d 0 0 -2.2025663141561485e-15 0 0 -3.8067157053557276e-19 1457.7734375 1457.7734375 2.2029075210473278e-15 0 0 0
d 0 0 -2.2003608004407677e-15 0 0 -3.802291149990706e-19 1457.78125 1457.78125 2.2007093126877496e-15 0 0 0
d 0 0 -2.1992346136192146e-15 0 0 -3.8000351445839431e-19 1457.78515625 1457.78515625 2.1995787086634787e-15 0 0 0
d 0 0 -2.1980902417909814e-15 0 0 -3.797748149781582e-19 1457.7890625 1457.7890625 2.1984457587303986e-15 0 0 0
d 0 0 -2.1969294611680392e-15 0 0 -3.7954288492056471e-19 1457.79296875 1457.79296875 2.1972791389257318e-15 0 0 0
d 0 0 -2.1957501238048164e-15 0 0 -3.7930756139474173e-19 1457.796875 1457.796875 2.1960924274239011e-15 0 0 0
d 0 0 -2.194549871180357e-15 0 0 -3.7906866742472794e-19 1457.80078125 1457.80078125 2.1949028555526954e-15 0 0 0
d 0 0 -2.193330411659122e-15 0 0 -3.7882603319919591e-19 1457.8046875 1457.8046875 2.1936763597437402e-15 0 0 0
d 0 0 -2.192712238291097e-15 0 0 -3.7870324671345323e-19 1457.806640625 1457.806640625 2.193059704241774e-15 0 0 0
d 0 0 -2.1920889012383178e-15 0 0 -3.7857944889478265e-19 1457.80859375 1457.80859375 2.1924325293234038e-15 0 0 0
d 0 0 -2.1914598698443825e-15 0 0 -3.7845460970945674e-19 1457.810546875 1457.810546875 2.1917991426337281e-15 0 0 0
d 0 0 -2.1908236272932815e-15 0 0 -3.7832869234605165e-19 1457.8125 1457.8125 2.1911764777351327e-15 0 0 0
d 0 0 -2.1901826382716724e-15 0 0 -3.7820168059762821e-19 1457.814453125 1457.814453125 2.1905321102171558e-15 0 0 0
d 0 0 -2.1895354490973507e-15 0 0 -3.780735351971173e-19 1457.81640625 1457.81640625 2.1898810523358347e-15 0 0 0
d 0 0 -2.1888818761774631e-15 0 0 -3.7794422231335097e-19 1457.818359375 1457.818359375 2.1892230412751265e-15 0 0 0
d 0 0 -2.1882204405036271e-15 0 0 -3.7781369903356517e-19 1457.8203125 1457.8203125 2.1885736565184682e-15 0 0 0
d 0 0 -2.1875534246132191e-15 0 0 -3.7768194215616611e-19 1457.822265625 1457.822265625 2.1879030588859992e-15 0 0 0
d 0 0 -2.1868794099890233e-15 0 0 -3.7754890542092006e-19 1457.82421875 1457.82421875 2.1872248916885556e-15 0 0 0
d 0 0 -2.1861981715622481e-15 0 0 -3.774145473062555e-19 1457.826171875 1457.826171875 2.1865388270393218e-15 0 0 0
d 0 0 -2.1858541071585824e-15 0 0 -3.7734685522977695e-19 1457.8271484375 1457.8271484375 2.1862011367837897e-15 0 0 0
d 0 0 -2.1855087716454409e-15 0 0 -3.7727881985917731e-19 1457.828125 1457.828125 2.1858537013712674e-15 0 0 0
d 0 0 -2.1851615065916104e-15 0 0 -3.772104316426634e-19 1457.8291015625 1457.8291015625 2.1855041732773788e-15 0 0 0
d 0 0 -2.1848122789863233e-15 0 0 -3.7714168454329301e-19 1457.830078125 1457.830078125 2.1851525090630111e-15 0 0 0
d 0 0 -2.1844610551740829e-15 0 0 -3.7707257235142418e-19 1457.8310546875 1457.8310546875 2.1847986595937029e-15 0 0 0
d 0 0 -2.1841065583642462e-15 0 0 -3.770030811675293e-19 1457.83203125 1457.83203125 2.184458015035139e-15 0 0 0
d 0 0 -2.1837511928896036e-15 0 0 -3.7693321914524228e-19 1457.8330078125 1457.8330078125 2.1841007443136243e-15 0 0 0
d 0 0 -2.1833937227635895e-15 0 0 -3.7686297227226174e-19 1457.833984375 1457.833984375 2.1837412079923262e-15 0 0 0
d 0 0 -2.1830341096150058e-15 0 0 -3.767923335624653e-19 1457.8349609375 1457.8349609375 2.1833793588113319e-15 0 0 0
d 0 0 -2.182672314422906e-15 0 0 -3.7672129581860077e-19 1457.8359375 1457.8359375 2.183015141461115e-15 0 0 0
d 0 0 -2.1823082969762757e-15 0 0 -3.7664985161997685e-19 1457.8369140625 1457.8369140625 2.1826484976940913e-15 0 0 0
d 0 0 -2.1819420158230448e-15 0 0 -3.7657799331263504e-19 1457.837890625 1457.837890625 2.182279366069563e-15 0 0 0
d 0 0 -2.1815722193520017e-15 0 0 -3.7650570542259587e-19 1457.8388671875 1457.8388671875 2.1819227320156012e-15 0 0 0
d 0 0 -2.1812012337158932e-15 0 0 -3.7643299463644962e-19 1457.83984375 1457.83984375 2.1815496145899783e-15 0 0 0
d 0 0 -2.1808278501259116e-15 0 0 -3.7635984526067021e-19 1457.8408203125 1457.8408203125 2.1811739020022161e-15 0 0 0
d 0 0 -2.1804520209683455e-15 0 0 -3.7628624859414191e-19 1457.841796875 1457.841796875 2.1807955323323693e-15 0 0 0
d 0 0 -2.1800736975557781e-15 0 0 -3.7621219564703167e-19 1457.8427734375 1457.8427734375 2.1804144345411755e-15 0 0 0
d 0 0 -2.1796928295770767e-15 0 0 -3.761376771238805e-19 1457.84375 1457.84375 2.1800305333249177e-15 0 0 0
d 0 0 -2.1795005497154594e-15 0 0 -3.7610023462023533e-19 1457.84423828125 1457.84423828125 2.179848421350479e-15 0 0 0
d 0 0 -2.1793084623589254e-15 0 0 -3.7606267756702886e-19 1457.8447265625 1457.8447265625 2.1796552229500216e-15 0 0 0
d 0 0 -2.1791157122630705e-15 0 0 -3.7602499923198227e-19 1457.84521484375 1457.84521484375 2.1794613042102981e-15 0 0 0
d 0 0 -2.1789222917675205e-15 0 0 -3.7598719833347718e-19 1457.845703125 1457.845703125 2.179266664010074e-15 0 0 0
d 0 0 -2.1787281938178929e-15 0 0 -3.7594927357199603e-19 1457.84619140625 1457.84619140625 2.1790712927000452e-15 0 0 0
d 0 0 -2.1785334112360209e-15 0 0 -3.7591122362473796e-19 1457.8466796875 1457.8466796875 2.17887518035198e-15 0 0 0
d 0 0 -2.1783379367171185e-15 0 0 -3.7587304714532232e-19 1457.84716796875 1457.84716796875 2.1786783167548957e-15 0 0 0
d 0 0 -2.1781417628264377e-15 0 0 -3.7583474276305129e-19 1457.84765625 1457.84765625 2.1784806913990307e-15 0 0 0
d 0 0 -2.1779448819958823e-15 0 0 -3.7579630908227209e-19 1457.84814453125 1457.84814453125 2.1782822934629976e-15 0 0 0
d 0 0 -2.1777472865206698e-15 0 0 -3.7575774468173631e-19 1457.8486328125 1457.8486328125 2.1780831117990402e-15 0 0 0
d 0 0 -2.1775478260238827e-15 0 0 -3.7571904049544726e-19 1457.84912109375 1457.84912109375 2.1778972677283061e-15 0 0 0
d 0 0 -2.177348753443101e-15 0 0 -3.7568021011396809e-19 1457.849609375 1457.849609375 2.1776970730276971e-15 0 0 0
d 0 0 -2.1771489425472154e-15 0 0 -3.7564124459042326e-19 1457.85009765625 1457.85009765625 2.1774960757397329e-15 0 0 0
d 0 0 -2.176948384112301e-15 0 0 -3.7560214238803011e-19 1457.8505859375 1457.8505859375 2.1772942746429339e-15 0 0 0
d 0 0 -2.1767470696734931e-15 0 0 -3.7556290194702887e-19 1457.85107421875 1457.85107421875 2.1770916581696425e-15 0 0 0
d 0 0 -2.1765449906066391e-15 0 0 -3.755235216777431e-19 1457.8515625 1457.8515625 2.1768882143911399e-15 0 0 0
d 0 0 -2.1763421381233009e-15 0 0 -3.7548399995976497e-19 1457.85205078125 1457.85205078125 2.1766839310088736e-15 0 0 0
d 0 0 -2.1761385032663793e-15 0 0 -3.7544433514111757e-19 1457.8525390625 1457.8525390625 2.1764787953359641e-15 0 0 0
d 0 0 -2.1759340769055944e-15 0 0 -3.7540452553738777e-19 1457.85302734375 1457.85302734375 2.1762727942774831e-15 0 0 0
d 0 0 -2.1757288497328051e-15 0 0 -3.7536456943082773e-19 1457.853515625 1457.853515625 2.1760659143094298e-15 0 0 0
d 0 0 -2.1755228122571762e-15 0 0 -3.7532446506942479e-19 1457.85400390625 1457.85400390625 2.1758581414562879e-15 0 0 0
d 0 0 -2.1753148405668259e-15 0 0 -3.7528420296415728e-19 1457.8544921875 1457.8544921875 2.175663294416768e-15 0 0 0
d 0 0 -2.1751071275057536e-15 0 0 -3.7524379650491692e-19 1457.85498046875 1457.85498046875 2.1754543244757529e-15 0 0 0
d 0 0 -2.1748985746947252e-15 0 0 -3.7520323632025441e-19 1457.85546875 1457.85546875 2.1752444383988496e-15 0 0 0
d 0 0 -2.174689170937605e-15 0 0 -3.7516252050465774e-19 1457.85595703125 1457.85595703125 2.1750336318099434e-15 0 0 0
d 0 0 -2.1744789057224167e-15 0 0 -3.7512164711940033e-19 1457.8564453125 1457.8564453125 2.1748218899857356e-15 0 0 0
d 0 0 -2.1742677683211124e-15 0 0 -3.7508061418514373e-19 1457.85693359375 1457.85693359375 2.1746091976914765e-15 0 0 0
d 0 0 -2.1740557477825645e-15 0 0 -3.7503941968073175e-19 1457.857421875 1457.857421875 2.1743955391618526e-15 0 0 0
d 0 0 -2.173842832926084e-15 0 0 -3.749980615419437e-19 1457.85791015625 1457.85791015625 2.1741808980713305e-15 0 0 0
d 0 0 -2.173629012334702e-15 0 0 -3.7495653766019957e-19 1457.8583984375 1457.8583984375 2.1739652575023324e-15 0 0 0
d 0 0 -2.1735217501482549e-15 0 0 -3.7493571283342112e-19 1457.858642578125 1457.858642578125 2.1738571721576599e-15 0 0 0
d 0 0 -2.1734142592761822e-15 0 0 -3.7491484577445652e-19 1457.85888671875 1457.85888671875 2.1737488039150647e-15 0 0 0
d 0 0 -2.1733054587654593e-15 0 0 -3.7489392848274698e-19 1457.859130859375 1457.859130859375 2.1736534796670355e-15 0 0 0
d 0 0 -2.1731974880006841e-15 0 0 -3.7487297599037346e-19 1457.859375 1457.859375 2.1735449096705182e-15 0 0 0
d 0 0 -2.1730892832511842e-15 0 0 -3.7485198042142317e-19 1457.859619140625 1457.859619140625 2.1734360690382322e-15 0 0 0
d 0 0 -2.1729808412238281e-15 0 0 -3.7483094147737384e-19 1457.85986328125 1457.85986328125 2.1733269748937396e-15 0 0 0
d 0 0 -2.1728721603443857e-15 0 0 -3.7480985886906071e-19 1457.860107421875 1457.860107421875 2.1732176252145365e-15 0 0 0
d 0 0 -2.1727632390241684e-15 0 0 -3.7478873230411105e-19 1457.8603515625 1457.8603515625 2.1731080179123529e-15 0 0 0
d 0 0 -2.1726540756568699e-15 0 0 -3.7476756148687285e-19 1457.860595703125 1457.860595703125 2.1729981508644534e-15 0 0 0
d 0 0 -2.1725446686182896e-15 0 0 -3.7474634611836283e-19 1457.86083984375 1457.86083984375 2.1728880219127933e-15 0 0 0
d 0 0 -2.1724350162660535e-15 0 0 -3.7472508589621373e-19 1457.861083984375 1457.861083984375 2.1727776288630891e-15 0 0 0
d 0 0 -2.172325116939329e-15 0 0 -3.7470378051462048e-19 1457.861328125 1457.861328125 2.172666969483857e-15 0 0 0
d 0 0 -2.1722149689585365e-15 0 0 -3.7468242966428543e-19 1457.861572265625 1457.861572265625 2.1725560415054159e-15 0 0 0
d 0 0 -2.1721045706250527e-15 0 0 -3.746610330323619e-19 1457.86181640625 1457.86181640625 2.1724448426188567e-15 0 0 0
d 0 0 -2.1719939202209092e-15 0 0 -3.7463959030239737e-19 1457.862060546875 1457.862060546875 2.1723333704749756e-15 0 0 0
d 0 0 -2.1718830160084845e-15 0 0 -3.7461810115427469e-19 1457.8623046875 1457.8623046875 2.1722216226831685e-15 0 0 0
d 0 0 -2.1717718562301902e-15 0 0 -3.7459656526415259e-19 1457.862548828125 1457.862548828125 2.1721095968102845e-15 0 0 0
d 0 0 -2.1716604391081499e-15 0 0 -3.7457498230440481e-19 1457.86279296875 1457.86279296875 2.17199729037944e-15 0 0 0
d 0 0 -2.1715487628438737e-15 0 0 -3.7455335194355773e-19 1457.863037109375 1457.863037109375 2.1718847008687891e-15 0 0 0
d 0 0 -2.1714368256179221e-15 0 0 -3.7453167384622707e-19 1457.86328125 1457.86328125 2.1717718257102484e-15 0 0 0
d 0 0 -2.1713246255895658e-15 0 0 -3.7450994767305285e-19 1457.863525390625 1457.863525390625 2.1716586622881748e-15 0 0 0
d 0 0 -2.1712111121412626e-15 0 0 -3.7448816529387391e-19 1457.86376953125 1457.86376953125 2.1715581958232924e-15 0 0 0
d 0 0 -2.1710983667679351e-15 0 0 -3.7446634182146887e-19 1457.864013671875 1457.864013671875 2.1714447777431999e-15 0 0 0
d 0 0 -2.1709853544458211e-15 0 0 -3.7444446924175156e-19 1457.8642578125 1457.8642578125 2.1713310528018296e-15 0 0 0
d 0 0 -2.170872071542747e-15 0 0 -3.7442254718602589e-19 1457.864501953125 1457.864501953125 2.1712170372775175e-15 0 0 0
d 0 0 -2.1707585160992971e-15 0 0 -3.7440057529397739e-19 1457.86474609375 1457.86474609375 2.1711027285922186e-15 0 0 0
d 0 0 -2.1706446861353066e-15 0 0 -3.7437855320091673e-19 1457.864990234375 1457.864990234375 2.1709881240884031e-15 0 0 0
d 0 0 -2.1705305796466275e-15 0 0 -3.7435648053768309e-19 1457.865234375 1457.865234375 2.1708732210595494e-15 0 0 0
d 0 0 -2.1704161946047158e-15 0 0 -3.7433435693056702e-19 1457.865478515625 1457.865478515625 2.1707580167487703e-15 0 0 0
d 0 0 -2.170301528956217e-15 0 0 -3.743121820012316e-19 1457.86572265625 1457.86572265625 2.170642508347338e-15 0 0 0
d 0 0 -2.1701865806225423e-15 0 0 -3.7428995536663192e-19 1457.865966796875 1457.865966796875 2.1705266929931453e-15 0 0 0
d 0 0 -2.1700713474994351e-15 0 0 -3.7426767663893266e-19 1457.8662109375 1457.8662109375 2.17041056776911e-15 0 0 0
d 0 0 -2.1699558274565285e-15 0 0 -3.7424534542542386e-19 1457.866455078125 1457.866455078125 2.1702941297015184e-15 0 0 0
d 0 0 -2.1698400183368913e-15 0 0 -3.7422296132843465e-19 1457.86669921875 1457.86669921875 2.170177375758299e-15 0 0 0
d 0 0 -2.1697239179565676e-15 0 0 -3.7420052394524521e-19 1457.866943359375 1457.866943359375 2.1700603028472336e-15 0 0 0
d 0 0 -2.1696075241041019e-15 0 0 -3.741780328679966e-19 1457.8671875 1457.8671875 2.1699429078140922e-15 0 0 0
d 0 0 -2.1694908345400562e-15 0 0 -3.7415548768359852e-19 1457.867431640625 1457.867431640625 2.1698251874406955e-15 0 0 0
d 0 0 -2.1693728346569235e-15 0 0 -3.7413288019186699e-19 1457.86767578125 1457.86767578125 2.1697195916912781e-15 0 0 0
d 0 0 -2.1692555321180435e-15 0 0 -3.7411022541027242e-19 1457.867919921875 1457.867919921875 2.1696015543634473e-15 0 0 0
d 0 0 -2.1691379283846597e-15 0 0 -3.740875152606455e-19 1457.8681640625 1457.8681640625 2.169483173209801e-15 0 0 0
d 0 0 -2.1690200194669701e-15 0 0 -3.7406474929533995e-19 1457.868408203125 1457.868408203125 2.1693644630622951e-15 0 0 0
d 0 0 -2.1689018029702414e-15 0 0 -3.7404192707358544e-19 1457.86865234375 1457.86865234375 2.1692454207118294e-15 0 0 0
d 0 0 -2.1687832764711908e-15 0 0 -3.7401904814879973e-19 1457.868896484375 1457.868896484375 2.1691260428538062e-15 0 0 0
d 0 0 -2.1686644375147079e-15 0 0 -3.739961120684591e-19 1457.869140625 1457.869140625 2.1690063261164003e-15 0 0 0
d 0 0 -2.1685452836132647e-15 0 0 -3.7397311837398697e-19 1457.869384765625 1457.869384765625 2.1688862670584555e-15 0 0 0
d 0 0 -2.1684258122463185e-15 0 0 -3.7395006660064017e-19 1457.86962890625 1457.86962890625 2.168765862167239e-15 0 0 0
d 0 0 -2.1683060208596989e-15 0 0 -3.7392695627739218e-19 1457.869873046875 1457.869873046875 2.1686451078561008e-15 0 0 0
d 0 0 -2.168185906864981e-15 0 0 -3.7390378692681369e-19 1457.8701171875 1457.8701171875 2.1685240004620359e-15 0 0 0
d 0 0 -2.1680654676388444e-15 0 0 -3.7388055806494998e-19 1457.870361328125 1457.870361328125 2.1684025362431373e-15 0 0 0
d 0 0 -2.1679447005224159e-15 0 0 -3.7385726920119564e-19 1457.87060546875 1457.87060546875 2.1682807113759419e-15 0 0 0
d 0 0 -2.1678236028205958e-15 0 0 -3.7383391983816583e-19 1457.870849609375 1457.870849609375 2.1681585219526623e-15 0 0 0
d 0 0 -2.1677021718013687e-15 0 0 -3.7381050947156459e-19 1457.87109375 1457.87109375 2.1680359639782914e-15 0 0 0
d 0 0 -2.1676409743582018e-15 0 0 -3.7379877843579005e-19 1457.8712158203125 1457.8712158203125 2.1679791836050954e-15 0 0 0
d 0 0 -2.1675800408964304e-15 0 0 -3.7378703471051821e-19 1457.871337890625 1457.871337890625 2.1679178027928574e-15 0 0 0
d 0 0 -2.1675190239285908e-15 0 0 -3.7377527548659664e-19 1457.8714599609375 1457.8714599609375 2.1678563138602277e-15 0 0 0
d 0 0 -2.1674579217961403e-15 0 0 -3.7376350068818074e-19 1457.87158203125 1457.87158203125 2.167794732739891e-15 0 0 0
d 0 0 -2.167396734135641e-15 0 0 -3.7375171024925729e-19 1457.8717041015625 1457.8717041015625 2.167733059015814e-15 0 0 0
d 0 0 -2.1673354605860537e-15 0 0 -3.7373990410338492e-19 1457.871826171875 1457.871826171875 2.167671292204862e-15 0 0 0
d 0 0 -2.1672741007838176e-15 0 0 -3.7372808218365057e-19 1457.8719482421875 1457.8719482421875 2.1676094318187329e-15 0 0 0
d 0 0 -2.1672126543628093e-15 0 0 -3.7371624442266456e-19 1457.8720703125 1457.8720703125 2.1675474773641187e-15 0 0 0
d 0 0 -2.1671511209543153e-15 0 0 -3.7370439075255586e-19 1457.8721923828125 1457.8721923828125 2.1674854283426258e-15 0 0 0
d 0 0 -2.1670895001870077e-15 0 0 -3.736925211049673e-19 1457.872314453125 1457.872314453125 2.167423284250696e-15 0 0 0
d 0 0 -2.1670268214012018e-15 0 0 -3.7368062760036765e-19 1457.8724365234375 1457.8724365234375 2.1673729272562142e-15 0 0 0
d 0 0 -2.1669650154783947e-15 0 0 -3.7366872571005365e-19 1457.87255859375 1457.87255859375 2.1673107798687505e-15 0 0 0
d 0 0 -2.1669031241413375e-15 0 0 -3.7365680765910356e-19 1457.8726806640625 1457.8726806640625 2.1672485035437152e-15 0 0 0
d 0 0 -2.1668411438904069e-15 0 0 -3.7364487335186863e-19 1457.872802734375 1457.872802734375 2.1671861322689978e-15 0 0 0
d 0 0 -2.1667790743299304e-15 0 0 -3.7363292271739749e-19 1457.8729248046875 1457.8729248046875 2.167123665666898e-15 0 0 0
d 0 0 -2.1667169150716948e-15 0 0 -3.7362095568430521e-19 1457.873046875 1457.873046875 2.1670611032407478e-15 0 0 0
d 0 0 -2.1666546657247097e-15 0 0 -3.7360897218068552e-19 1457.8731689453125 1457.8731689453125 2.1669984444884637e-15 0 0 0
d 0 0 -2.1665923258951437e-15 0 0 -3.7359697213410497e-19 1457.873291015625 1457.873291015625 2.166935688902848e-15 0 0 0
d 0 0 -2.166529895186296e-15 0 0 -3.7358495547159742e-19 1457.8734130859375 1457.8734130859375 2.166872835971509e-15 0 0 0
d 0 0 -2.1664673731985682e-15 0 0 -3.7357292211965881e-19 1457.87353515625 1457.87353515625 2.1668098851767784e-15 0 0 0
d 0 0 -2.1664047595294332e-15 0 0 -3.7356087200424122e-19 1457.8736572265625 1457.8736572265625 2.166746835995629e-15 0 0 0
d 0 0 -2.1663420537734053e-15 0 0 -3.7354880505074769e-19 1457.873779296875 1457.873779296875 2.1666836878995849e-15 0 0 0
d 0 0 -2.1662792555220113e-15 0 0 -3.7353672118402605e-19 1457.8739013671875 1457.8739013671875 2.1666204403546387e-15 0 0 0
d 0 0 -2.1662163643637578e-15 0 0 -3.7352462032836345e-19 1457.8740234375 1457.8740234375 2.1665570928211583e-15 0 0 0
d 0 0 -2.1661533798841014e-15 0 0 -3.7351250240748031e-19 1457.8741455078125 1457.8741455078125 2.1664936447537973e-15 0 0 0
d 0 0 -2.1660903016654163e-15 0 0 -3.7350036734452437e-19 1457.874267578125 1457.874267578125 2.1664300956014007e-15 0 0 0
d 0 0 -2.1660271292869624e-15 0 0 -3.7348821506206477e-19 1457.8743896484375 1457.8743896484375 2.1663664448069105e-15 0 0 0
d 0 0 -2.1659638623248534e-15 0 0 -3.734760454820859e-19 1457.87451171875 1457.87451171875 2.1663026918072669e-15 0 0 0
d 0 0 -2.1659005003520231e-15 0 0 -3.7346385852598106e-19 1457.8746337890625 1457.8746337890625 2.1662388360333108e-15 0 0 0
d 0 0 -2.1658370429381928e-15 0 0 -3.7345165411454639e-19 1457.874755859375 1457.874755859375 2.1661748769096794e-15 0 0 0
d 0 0 -2.1657734896498363e-15 0 0 -3.7343943216797424e-19 1457.8748779296875 1457.8748779296875 2.1661108138547048e-15 0 0 0
d 0 0 -2.165709840050147e-15 0 0 -3.7342719260584707e-19 1457.875 1457.875 2.1660466462803054e-15 0 0 0
Q 2 13 "Source Voltage"
Q 3 13 "Gate Voltage"
Q 4 13 "Drain Voltage"
Q 5 13 "Substrate Voltage"
Q 20 13 "Source Current"
Q 21 13 "Gate Current"
Q 22 13 "Drain Current"
Q 23 13 "Substrate Current"
Q 92 21 Contact
Q 601 13 "Source Int. Voltage"
Q 602 13 "Gate Int. Voltage"
Q 603 13 "Drain Int. Voltage"
Q 604 13 "Substrate Int. Voltage"
EOF 246655488
