v VICTORYDEVICE
# silvaco.file ASCII version=1.14.29 format=1 contents=SDB,Tables=1

Copyright "###################################################################"
Copyright "#                    Copyright Silvaco Inc. (c)                   #"
Copyright "#                            1992-2014                            #"
Copyright "#                                                                 #"
Copyright "# This file format and the following Key are copyright Silvaco    #"
Copyright "# International. You may not use, this format or key without      #"
Copyright "# reproducing this message in full and obtaining                  #"
Copyright "# express written permission from Silvaco Inc.                    #"
Copyright "#                                                                 #"
Copyright "# To obtain such permission please contact: Silvaco Inc.          #"
Copyright "#                                           support@silvaco.com   #"
Copyright "#                                                                 #"
Copyright "# KEY=SVC86hn7562asdx                       PROD=345              #"
Copyright "###################################################################"
#This file was created by VICTORYDEVICE version 1.24.0.R
#victoryd 1.24.0.R (Wed Jun 26 14:38:19 PDT 2024)
#libSDB 1.12.65 (Thu Dec  7 08:14:05 PST 2023)
a VICTORYDEVICE
j 1 9
k 4
r 1 92
x 3 43 42 46
w source 1 1
r 2 92
x 3 43 42 46
w gate 1 2
r 3 92
x 3 43 42 46
w drain 1 3
r 4 92
x 3 43 42 46
w substrate 1 4
y 1 15
z 300
f 4 source gate drain substrate
p 12 2 601 20 3 602 21 4 603 22 5 604 23
d 0 0 -1.721545720027057e-16 0 0 -5.189168960342768e-35 0.01 0.01 1.7210438870762343e-16 0 0 0
d 0 0 -7.4492822393931181e-16 0 0 -4.2772285140640096e-35 0.1 0.1 7.4492824003072266e-16 0 0 0
d 0 0 -8.6584332241973486e-16 0 0 -1.5336777567039647e-36 0.5 0.5 8.6584332241973338e-16 0 0 0
d 0 0 -8.8448110987189424e-16 0 0 -1.5287677862336139e-36 1 1 8.8448110987189483e-16 0 0 0
d 0 0 -8.9920737260738621e-16 0 0 -1.8678774011199213e-36 2 2 8.9920737260739015e-16 0 0 0
d 0 0 -9.1943291090922836e-16 0 0 1.0197246147252097e-35 4 4 9.1943291091335292e-16 0 0 0
d 0 0 -9.3400081969904034e-16 0 0 7.7950054566410319e-35 6 6 9.3400081969539994e-16 0 0 0
d 0 0 -9.466526783422676e-16 0 0 5.5036863822031005e-34 8 8 9.4665267834019585e-16 0 0 0
d 0 0 -9.5590694741298523e-16 0 0 3.9953695902790867e-32 10 10 9.5590694741356012e-16 0 0 0
d 0 0 -9.6265559712894187e-16 0 0 4.1675582270320694e-30 12 12 9.626555971984204e-16 0 0 0
d 0 0 -9.6916096123060209e-16 0 0 8.2267563555694106e-31 14 14 9.6916096129382179e-16 0 0 0
d 0 0 -9.7675635178341254e-16 0 0 2.6383174858474055e-32 16 16 9.7675635180809561e-16 0 0 0
d 0 0 -9.8426022808301505e-16 0 0 -2.5881412260946549e-34 18 18 9.8426022809183057e-16 0 0 0
d 0 0 -9.9157986714884217e-16 0 0 9.3687288431980666e-32 20 20 9.9157986710339905e-16 0 0 0
d 0 0 -9.9870564154739347e-16 0 0 1.5224798350098512e-32 22 22 9.9870564153548384e-16 0 0 0
d 0 0 -1.0044719951936499e-15 0 0 9.5099964925251296e-31 24 24 1.0044719950949804e-15 0 0 0
d 0 0 -1.0093887885526351e-15 0 0 2.8399114309417926e-31 26 26 1.0093887884888106e-15 0 0 0
d 0 0 -1.0141604501960527e-15 0 0 9.3895243191792406e-31 28 28 1.0141604502706379e-15 0 0 0
d 0 0 -1.0188645043387722e-15 0 0 5.1610000634122755e-32 30 30 1.0188645044365335e-15 0 0 0
d 0 0 -1.0235041248739818e-15 0 0 1.3637989577447123e-30 32 32 1.0235041251577225e-15 0 0 0
d 0 0 -1.0280562132752443e-15 0 0 1.327820638003925e-31 34 34 1.0280562133598581e-15 0 0 0
d 0 0 -1.032577359306466e-15 0 0 6.4240144063829058e-31 36 36 1.032577359450498e-15 0 0 0
d 0 0 -1.0371889789260925e-15 0 0 2.5118108933121752e-30 38 38 1.037188979186599e-15 0 0 0
d 0 0 -1.0417188868189844e-15 0 0 5.2798663501625568e-32 40 40 1.0417188868845535e-15 0 0 0
d 0 0 -1.0461867001568864e-15 0 0 -2.6065648678959048e-32 42 42 1.0461867002265001e-15 0 0 0
d 0 0 -1.0505990176734594e-15 0 0 -2.7694214848492076e-31 44 44 1.0505990177453355e-15 0 0 0
d 0 0 -1.0549274346526967e-15 0 0 4.3308626612038541e-30 46 46 1.0549274349841575e-15 0 0 0
d 0 0 -1.0587473919175869e-15 0 0 3.1489804207230405e-29 48 48 1.0587473929316848e-15 0 0 0
d 0 0 -1.0622365598619887e-15 0 0 2.0576880827865271e-30 50 50 1.0622365602725717e-15 0 0 0
d 0 0 -1.0655378638025882e-15 0 0 9.8951850389595055e-29 52 52 1.0655378653056388e-15 0 0 0
d 0 0 -1.0688282918919728e-15 0 0 6.6709503171008245e-29 54 54 1.0688282931543212e-15 0 0 0
d 0 0 -1.0721127063857173e-15 0 0 3.8562759592130966e-29 56 56 1.0721127074056953e-15 0 0 0
d 0 0 -1.0753954504093797e-15 0 0 7.7577771259122853e-30 58 58 1.0753954511300794e-15 0 0 0
d 0 0 -1.07867612718165e-15 0 0 -2.4259982996890088e-29 60 60 1.0786761275974294e-15 0 0 0
d 0 0 -1.0819519626131923e-15 0 0 -6.4633414386294089e-29 62 62 1.0819519632195597e-15 0 0 0
d 0 0 -1.0852228523265159e-15 0 0 -6.9153050352239839e-29 64 64 1.0852228536632776e-15 0 0 0
d 0 0 -1.088492054523678e-15 0 0 -9.3821868794189339e-29 66 66 1.088492056249748e-15 0 0 0
d 0 0 -1.0918040229886845e-15 0 0 -2.4948345473609412e-28 68 68 1.09180402361907e-15 0 0 0
d 0 0 -1.095171175278945e-15 0 0 -3.9130830374393701e-28 70 70 1.0951711756491384e-15 0 0 0
d 0 0 -1.0985558522875002e-15 0 0 -5.8605178777687648e-28 72 72 1.098555852508699e-15 0 0 0
d 0 0 -1.1019661816899076e-15 0 0 -8.6563136050110086e-28 74 74 1.1019661817569928e-15 0 0 0
d 0 0 -1.1054086067681083e-15 0 0 -1.2631472854433752e-27 76 76 1.1054086066990143e-15 0 0 0
d 0 0 -1.1088895307909331e-15 0 0 -1.7673315864035487e-27 78 78 1.1088895311395274e-15 0 0 0
d 0 0 -1.1124153460648185e-15 0 0 -2.5886541334858943e-27 80 80 1.1124153460554583e-15 0 0 0
d 0 0 -1.1159921724047478e-15 0 0 -3.7135017950170636e-27 82 82 1.1159921721730976e-15 0 0 0
d 0 0 -1.1196252367598752e-15 0 0 -5.2634604724966607e-27 84 84 1.1196252364481582e-15 0 0 0
d 0 0 -1.1233167035221907e-15 0 0 -7.4029371928552648e-27 86 86 1.1233167032679822e-15 0 0 0
d 0 0 -1.1270447424255657e-15 0 0 -1.0311134219864991e-26 88 88 1.1270447420887491e-15 0 0 0
d 0 0 -1.130702980663834e-15 0 0 -1.3095912057707484e-26 90 90 1.1307029881362925e-15 0 0 0
d 0 0 -1.1344441896745531e-15 0 0 -1.8130909722260802e-26 92 92 1.1344441933134801e-15 0 0 0
d 0 0 -1.1378160405405797e-15 0 0 -2.2438268292976721e-26 94 94 1.1378160475129294e-15 0 0 0
d 0 0 -1.141232683641498e-15 0 0 -2.8085919488065366e-26 96 96 1.141232685269203e-15 0 0 0
d 0 0 -1.1447059981835254e-15 0 0 -3.4754770798525015e-26 98 98 1.1447059999465601e-15 0 0 0
d 0 0 -1.1482391891674248e-15 0 0 -4.2982940771915069e-26 100 100 1.1482391910345773e-15 0 0 0
d 0 0 -1.1573375745707757e-15 0 0 -7.269531013627925e-26 105 105 1.1573375784697103e-15 0 0 0
d 0 0 -1.166785125428924e-15 0 0 -1.2284774839136096e-25 110 110 1.1667851289570828e-15 0 0 0
d 0 0 -1.1767344788343076e-15 0 0 -2.0581057748989332e-25 115 115 1.1767344819129049e-15 0 0 0
d 0 0 -1.1879022314180237e-15 0 0 -3.419669927759355e-25 120 120 1.1879022342437786e-15 0 0 0
d 0 0 -1.1992871074310839e-15 0 0 -5.6248605547074779e-25 125 125 1.1992871096621423e-15 0 0 0
d 0 0 -1.2109782465216448e-15 0 0 -9.1504381554960562e-25 130 130 1.2109782474317345e-15 0 0 0
d 0 0 -1.2229856514026726e-15 0 0 -1.4722935719963146e-24 135 135 1.2229856522905304e-15 0 0 0
d 0 0 -1.2353080411028411e-15 0 0 -2.3428814521965906e-24 140 140 1.2353080442945474e-15 0 0 0
d 0 0 -1.2479045149074398e-15 0 0 -3.684125379880244e-24 145 145 1.2479045184809262e-15 0 0 0
d 0 0 -1.2619917982803447e-15 0 0 -5.7720553938088065e-24 150 150 1.2619918026857189e-15 0 0 0
d 0 0 -1.2769617212744589e-15 0 0 -8.9644256511468306e-24 155 155 1.2769617291216748e-15 0 0 0
d 0 0 -1.2929767786777363e-15 0 0 -1.3730066768048549e-23 160 160 1.2929767932066136e-15 0 0 0
d 0 0 -1.3093419106531527e-15 0 0 -2.0772989013190018e-23 165 165 1.3093419311644949e-15 0 0 0
d 0 0 -1.3259986163644613e-15 0 0 -3.0909043477114618e-23 170 170 1.3259986470388649e-15 0 0 0
d 0 0 -1.3427357301612161e-15 0 0 -4.419583824895436e-23 175 175 1.3427357702777047e-15 0 0 0
d 0 0 -1.3587206524750631e-15 0 0 -6.203400238647169e-23 180 180 1.3587207218249843e-15 0 0 0
d 0 0 -1.372049503326998e-15 0 0 -7.9169521998988352e-23 185 185 1.3720495830340274e-15 0 0 0
d 0 0 -1.3848552331683678e-15 0 0 -9.7312921853322788e-23 190 190 1.3848553222260488e-15 0 0 0
d 0 0 -1.3976219989425983e-15 0 0 -1.186955439424693e-22 195 195 1.3976221076308713e-15 0 0 0
d 0 0 -1.4103372099587744e-15 0 0 -1.4367900061228711e-22 200 200 1.410337341678502e-15 0 0 0
d 0 0 -1.4229884387803046e-15 0 0 -1.7255849587354136e-22 205 205 1.4229886105674148e-15 0 0 0
d 0 0 -1.435564910361e-15 0 0 -2.0554875863434657e-22 210 210 1.4355651137315453e-15 0 0 0
d 0 0 -1.4480621394532639e-15 0 0 -2.4277812937476889e-22 215 215 1.4480623801600931e-15 0 0 0
d 0 0 -1.4604796073269347e-15 0 0 -2.8426393781084503e-22 220 220 1.4604798892918562e-15 0 0 0
d 0 0 -1.4728129361370923e-15 0 0 -3.2986818778145297e-22 225 225 1.4728132632246068e-15 0 0 0
d 0 0 -1.4851758736811742e-15 0 0 -3.7925620409554215e-22 230 230 1.485176250049158e-15 0 0 0
d 0 0 -1.4977902687793482e-15 0 0 -4.3189291358280763e-22 235 235 1.4977906742017539e-15 0 0 0
d 0 0 -1.5103340980425256e-15 0 0 -4.8720195852592726e-22 240 240 1.5103345818164765e-15 0 0 0
d 0 0 -1.5228365308368709e-15 0 0 -5.4442882206394034e-22 245 245 1.5228370604184046e-15 0 0 0
d 0 0 -1.5353259298383661e-15 0 0 -6.0276907092895009e-22 250 250 1.5353265233034486e-15 0 0 0
d 0 0 -1.5478162551456764e-15 0 0 -6.6145248062482131e-22 255 255 1.5478169189307142e-15 0 0 0
d 0 0 -1.5612243441670573e-15 0 0 -7.1969070801709724e-22 260 260 1.5612250646641729e-15 0 0 0
d 0 0 -1.5753538335567316e-15 0 0 -7.7709745883146038e-22 265 265 1.5753546119141022e-15 0 0 0
d 0 0 -1.5895806733859797e-15 0 0 -8.3360557688617097e-22 270 270 1.5895815101770362e-15 0 0 0
d 0 0 -1.6040552950117329e-15 0 0 -8.8928317054712839e-22 275 275 1.6040561926107663e-15 0 0 0
d 0 0 -1.618867668008028e-15 0 0 -9.4441407822829363e-22 280 280 1.6188686145542079e-15 0 0 0
d 0 0 -1.6340886082408865e-15 0 0 -9.9942957112879993e-22 285 285 1.6340896110105343e-15 0 0 0
d 0 0 -1.6497769648958941e-15 0 0 -1.0548909659483549e-21 290 290 1.6497780248221355e-15 0 0 0
d 0 0 -1.6659845921596697e-15 0 0 -1.1117129939559344e-21 295 295 1.6659857112936024e-15 0 0 0
d 0 0 -1.6826982590065076e-15 0 0 -1.1659329871349243e-21 300 300 1.6826994368971667e-15 0 0 0
d 0 0 -1.7000497701584992e-15 0 0 -1.2224893730753947e-21 305 305 1.7000510047541542e-15 0 0 0
d 0 0 -1.7183137793683974e-15 0 0 -1.2850952375226156e-21 310 310 1.7183151009853667e-15 0 0 0
d 0 0 -1.7369361886561059e-15 0 0 -1.3563395963340941e-21 315 315 1.7369375203167606e-15 0 0 0
d 0 0 -1.7564299246713069e-15 0 0 -1.4578052382774418e-21 320 320 1.7564313625449118e-15 0 0 0
d 0 0 -1.7759018389652267e-15 0 0 -1.6072084127971841e-21 325 325 1.7759034627452706e-15 0 0 0
d 0 0 -1.7967182122169414e-15 0 0 -1.8057217654527735e-21 330 330 1.7967200530404692e-15 0 0 0
d 0 0 -1.8190211860001213e-15 0 0 -2.0474856298847881e-21 335 335 1.8190232732656352e-15 0 0 0
d 0 0 -1.8418156269307379e-15 0 0 -2.3267349858263027e-21 340 340 1.8418179971748185e-15 0 0 0
d 0 0 -1.8653316196031193e-15 0 0 -2.6528797430521655e-21 345 345 1.8653342872287382e-15 0 0 0
d 0 0 -1.8892000339586082e-15 0 0 -3.0258780287848078e-21 350 350 1.8892030761430388e-15 0 0 0
d 0 0 -1.9133408469172589e-15 0 0 -3.4496355106872831e-21 355 355 1.9133443148797256e-15 0 0 0
d 0 0 -1.9376817562612829e-15 0 0 -3.9275631567146111e-21 360 360 1.9376857032480335e-15 0 0 0
d 0 0 -1.9621569597464306e-15 0 0 -4.4620267270821003e-21 365 365 1.9621614419130378e-15 0 0 0
d 0 0 -1.986766084822205e-15 0 0 -5.0537702844837078e-21 370 370 1.986771159118509e-15 0 0 0
d 0 0 -2.0116641053189417e-15 0 0 -5.7011960137194483e-21 375 375 2.0116698271131081e-15 0 0 0
d 0 0 -2.0366154542653504e-15 0 0 -6.3987472560855564e-21 380 380 2.0366218728381504e-15 0 0 0
d 0 0 -2.0615515667900949e-15 0 0 -7.1362744887978265e-21 385 385 2.0615587662962619e-15 0 0 0
d 0 0 -2.0853908348186937e-15 0 0 -7.8554379555866336e-21 390 390 2.0853988895522088e-15 0 0 0
d 0 0 -2.1087071040126976e-15 0 0 -8.5765054808744746e-21 395 395 2.1087158406155924e-15 0 0 0
d 0 0 -2.1293818079551984e-15 0 0 -9.2039060197822858e-21 400 400 2.12939109677905e-15 0 0 0
d 0 0 -2.1500543486800976e-15 0 0 -9.8391589910620021e-21 405 405 2.1500642713854718e-15 0 0 0
d 0 0 -2.1709711826000091e-15 0 0 -1.0630136195643929e-20 410 410 2.1709818793579687e-15 0 0 0
d 0 0 -2.1921438653868237e-15 0 0 -1.1612966133963619e-20 415 415 2.1921557191113546e-15 0 0 0
d 0 0 -2.213508766305113e-15 0 0 -1.2757193034989731e-20 420 420 2.2135217416512233e-15 0 0 0
d 0 0 -2.2350221385614106e-15 0 0 -1.4031072182393078e-20 425 425 2.2350363643727069e-15 0 0 0
d 0 0 -2.2566686032508164e-15 0 0 -1.5423372532667203e-20 430 430 2.256684197163499e-15 0 0 0
d 0 0 -2.2784429087231382e-15 0 0 -1.6934410684899901e-20 435 435 2.2784599902319791e-15 0 0 0
d 0 0 -2.3003390556152721e-15 0 0 -1.8570475263877372e-20 440 440 2.3003577510565705e-15 0 0 0
d 0 0 -2.3223396388014945e-15 0 0 -2.0345058983662128e-20 445 445 2.3223600879231802e-15 0 0 0
d 0 0 -2.3444020341946204e-15 0 0 -2.2234819313038923e-20 450 450 2.3444243662169378e-15 0 0 0
d 0 0 -2.3692943594576348e-15 0 0 -2.4301475697740322e-20 455 455 2.3693187705342792e-15 0 0 0
d 0 0 -2.3941497552764351e-15 0 0 -2.6612040348137759e-20 460 460 2.3941764393836602e-15 0 0 0
d 0 0 -2.4190569668201459e-15 0 0 -2.9152102035813722e-20 465 465 2.4190861780539641e-15 0 0 0
d 0 0 -2.4441009774731253e-15 0 0 -3.1918957519776432e-20 470 470 2.444132943703205e-15 0 0 0
d 0 0 -2.4693195802781521e-15 0 0 -3.4911638649481237e-20 475 475 2.4693545386404788e-15 0 0 0
d 0 0 -2.4947369082370199e-15 0 0 -3.8131107751594468e-20 480 480 2.4947750911058299e-15 0 0 0
d 0 0 -2.5203887365073142e-15 0 0 -4.1580108804062322e-20 485 485 2.5204304624047858e-15 0 0 0
d 0 0 -2.5463715197245646e-15 0 0 -4.5259178773925688e-20 490 490 2.5464167902185246e-15 0 0 0
d 0 0 -2.5726791773507712e-15 0 0 -4.917295948967116e-20 495 495 2.5727282184137299e-15 0 0 0
d 0 0 -2.5992546785567578e-15 0 0 -5.3320583667530165e-20 500 500 2.5993079472968809e-15 0 0 0
d 0 0 -2.6261215957917669e-15 0 0 -5.7697598113386024e-20 505 505 2.6261792259946039e-15 0 0 0
d 0 0 -2.6532988712819488e-15 0 0 -6.2297010837237703e-20 510 510 2.653361088822209e-15 0 0 0
d 0 0 -2.6808043656668009e-15 0 0 -6.7108868447143026e-20 515 515 2.6808713858997509e-15 0 0 0
d 0 0 -2.7086555840438786e-15 0 0 -7.2119916651589822e-20 520 520 2.7087276094826261e-15 0 0 0
d 0 0 -2.7368698334761786e-15 0 0 -7.7313099249885884e-20 525 525 2.7369470474550572e-15 0 0 0
d 0 0 -2.7654641568114552e-15 0 0 -8.2667439293759279e-20 530 530 2.7655467217901655e-15 0 0 0
d 0 0 -2.7944550836392766e-15 0 0 -8.8157965415230923e-20 535 535 2.7945431873061943e-15 0 0 0
d 0 0 -2.8238581781413475e-15 0 0 -9.3755836227577211e-20 540 540 2.8239518740343657e-15 0 0 0
d 0 0 -2.8536872858679708e-15 0 0 -9.9428666531840559e-20 545 545 2.8537866800528316e-15 0 0 0
d 0 0 -2.8839532997370916e-15 0 0 -1.0514107961698277e-19 550 550 2.8840584012945985e-15 0 0 0
d 0 0 -2.9146618790543127e-15 0 0 -1.1085549331482797e-19 555 555 2.9147726874129454e-15 0 0 0
d 0 0 -2.9458077048211278e-15 0 0 -1.1653306611035081e-19 560 560 2.9459241839592609e-15 0 0 0
d 0 0 -2.9773448557332244e-15 0 0 -1.2213378949383064e-19 565 565 2.9774669189575826e-15 0 0 0
d 0 0 -3.0103474573774861e-15 0 0 -1.2763099279655076e-19 570 570 3.0104755205053936e-15 0 0 0
d 0 0 -3.0427786097047163e-15 0 0 -1.32635023108859e-19 575 575 3.0429107057344992e-15 0 0 0
d 0 0 -3.0762772016286989e-15 0 0 -1.3770499525847352e-19 580 580 3.0764146000221139e-15 0 0 0
d 0 0 -3.1063990437790054e-15 0 0 -1.4174112959438495e-19 585 585 3.1065403392096025e-15 0 0 0
d 0 0 -3.136496197253925e-15 0 0 -1.4555277773566052e-19 590 590 3.1366415931220852e-15 0 0 0
d 0 0 -3.166844563155104e-15 0 0 -1.4918745566811418e-19 595 595 3.1669935685654126e-15 0 0 0
d 0 0 -3.1973276185792251e-15 0 0 -1.5266459654580436e-19 600 600 3.1974800865278761e-15 0 0 0
d 0 0 -3.2279965437002363e-15 0 0 -1.5600976654380309e-19 605 605 3.2281524114243777e-15 0 0 0
d 0 0 -3.2588916903148538e-15 0 0 -1.5925639990746505e-19 610 610 3.2590507188430726e-15 0 0 0
d 0 0 -3.2900641694998098e-15 0 0 -1.6244467914101301e-19 615 615 3.2902263764136933e-15 0 0 0
d 0 0 -3.3215683877498598e-15 0 0 -1.6562129648245497e-19 620 620 3.321733769477093e-15 0 0 0
d 0 0 -3.3534612188220102e-15 0 0 -1.6883820090142298e-19 625 625 3.3536298101454794e-15 0 0 0
d 0 0 -3.3858001204439957e-15 0 0 -1.7215090548266762e-19 630 630 3.3859720696086762e-15 0 0 0
d 0 0 -3.418641028107268e-15 0 0 -1.7561664303045975e-19 635 635 3.4188165776972299e-15 0 0 0
d 0 0 -3.4520364188166635e-15 0 0 -1.7929260672962123e-19 640 640 3.4522156449976274e-15 0 0 0
d 0 0 -3.4860336755832038e-15 0 0 -1.8323441163427285e-19 645 645 3.4862167153608371e-15 0 0 0
d 0 0 -3.520673993664375e-15 0 0 -1.8749494014158142e-19 650 650 3.5208615080453197e-15 0 0 0
d 0 0 -3.5559918403961376e-15 0 0 -1.9212359196536698e-19 655 655 3.5561838776163963e-15 0 0 0
d 0 0 -3.5920148542224739e-15 0 0 -1.9716593385560631e-19 660 660 3.5922120140736498e-15 0 0 0
d 0 0 -3.6287642319439034e-15 0 0 -2.0266368476935431e-19 665 665 3.6289667314217246e-15 0 0 0
d 0 0 -3.6662553592978931e-15 0 0 -2.0865496640665267e-19 670 670 3.6664638824695789e-15 0 0 0
d 0 0 -3.704498711595399e-15 0 0 -2.1517474308673476e-19 675 675 3.7047137599131349e-15 0 0 0
d 0 0 -3.7435008563413318e-15 0 0 -2.2225539629030436e-19 680 680 3.7437229958356674e-15 0 0 0
d 0 0 -3.7832651576410224e-15 0 0 -2.2992729336532164e-19 685 685 3.7834951586192356e-15 0 0 0
d 0 0 -3.8237880690229304e-15 0 0 -2.3821813084106417e-19 690 690 3.8240261558628835e-15 0 0 0
d 0 0 -3.8650111546685994e-15 0 0 -2.4713848739438508e-19 695 695 3.8652586036230917e-15 0 0 0
d 0 0 -3.9052047679684098e-15 0 0 -2.5616036426949004e-19 700 700 3.9054603865670257e-15 0 0 0
d 0 0 -3.9473678096242913e-15 0 0 -2.6624461607080624e-19 705 705 3.9476345180296485e-15 0 0 0
d 0 0 -3.9865615223737917e-15 0 0 -2.757577168459255e-19 710 710 3.9868375658275486e-15 0 0 0
d 0 0 -4.0260904168943665e-15 0 0 -2.8563393928630372e-19 715 715 4.0263762859027389e-15 0 0 0
d 0 0 -4.0661666060915241e-15 0 0 -2.9593786296601818e-19 720 720 4.0664628727106954e-15 0 0 0
d 0 0 -4.1068737327105826e-15 0 0 -3.0686753157277617e-19 725 725 4.107181039151773e-15 0 0 0
d 0 0 -4.1482302277516872e-15 0 0 -3.1844394083000539e-19 730 730 4.1485492300310646e-15 0 0 0
d 0 0 -4.1902488424413494e-15 0 0 -3.3069041850678391e-19 735 735 4.1905796807649178e-15 0 0 0
d 0 0 -4.2329401840517163e-15 0 0 -3.4363266096811823e-19 740 740 4.233283999517263e-15 0 0 0
d 0 0 -4.2763133188779081e-15 0 0 -3.5729858755071041e-19 745 745 4.2766708374701428e-15 0 0 0
d 0 0 -4.3203747428854832e-15 0 0 -3.7171837021433011e-19 750 750 4.3207467432020515e-15 0 0 0
d 0 0 -4.3651251447561166e-15 0 0 -3.8692451481801069e-19 755 755 4.365512436968218e-15 0 0 0
d 0 0 -4.410550187596653e-15 0 0 -4.0295202925121199e-19 760 760 4.4109535459916216e-15 0 0 0
d 0 0 -4.4565846216623598e-15 0 0 -4.1983900433236713e-19 765 765 4.4570049067537328e-15 0 0 0
d 0 0 -4.5050401116520147e-15 0 0 -4.3759183170242186e-19 770 770 4.50547822362936e-15 0 0 0
d 0 0 -4.5584549957285924e-15 0 0 -4.5621952544612564e-19 775 775 4.5589117397394971e-15 0 0 0
d 0 0 -4.6120273777866936e-15 0 0 -4.7585935243140306e-19 780 780 4.6125033877201842e-15 0 0 0
d 0 0 -4.6663034705083415e-15 0 0 -4.9655139089022202e-19 785 785 4.6668001865958593e-15 0 0 0
d 0 0 -4.7214506110545202e-15 0 0 -5.1834685299759671e-19 790 790 4.7219691391825538e-15 0 0 0
d 0 0 -4.7775705496770718e-15 0 0 -5.4130255510927519e-19 795 795 4.7781120511289131e-15 0 0 0
d 0 0 -4.8347440155020636e-15 0 0 -5.6548071730902742e-19 800 800 4.8353097138578289e-15 0 0 0
d 0 0 -4.8930425966307031e-15 0 0 -5.9094887906339709e-19 805 805 4.8936344239469249e-15 0 0 0
d 0 0 -4.9525252990198302e-15 0 0 -6.1777661818295193e-19 810 810 4.9531440351789578e-15 0 0 0
d 0 0 -5.0131765176107113e-15 0 0 -6.4600177344016246e-19 815 815 5.0138232093638185e-15 0 0 0
d 0 0 -5.0724229577896961e-15 0 0 -6.7419490675027395e-19 820 820 5.0730965110398703e-15 0 0 0
d 0 0 -5.1351235392536538e-15 0 0 -7.0519198962215449e-19 825 825 5.1358281096524271e-15 0 0 0
d 0 0 -5.1941629033512896e-15 0 0 -7.3485708888297381e-19 830 830 5.1948982542174022e-15 0 0 0
d 0 0 -5.2537739343801465e-15 0 0 -7.6575218410365994e-19 835 835 5.2545401183257945e-15 0 0 0
d 0 0 -5.3145688714674928e-15 0 0 -7.9845063616155266e-19 840 840 5.3153677892287621e-15 0 0 0
d 0 0 -5.3766545302201927e-15 0 0 -8.333264222334928e-19 845 845 5.3774883667610476e-15 0 0 0
d 0 0 -5.4400610571886978e-15 0 0 -8.7088933962634929e-19 850 850 5.4409325172067762e-15 0 0 0
d 0 0 -5.5047388592797177e-15 0 0 -9.119721510319975e-19 855 855 5.5056514892205679e-15 0 0 0
d 0 0 -5.5706011011498737e-15 0 0 -9.5749119925775867e-19 860 860 5.5715593526902881e-15 0 0 0
d 0 0 -5.6377559739096328e-15 0 0 -1.0069459346556752e-18 865 865 5.638763747478038e-15 0 0 0
d 0 0 -5.706457532219687e-15 0 0 -1.0589700268458795e-18 870 870 5.7075167621910098e-15 0 0 0
d 0 0 -5.7768544741730008e-15 0 0 -1.113013985588954e-18 875 875 5.7779677629785872e-15 0 0 0
d 0 0 -5.8490155338671884e-15 0 0 -1.1690229050026007e-18 880 880 5.8501848468363679e-15 0 0 0
d 0 0 -5.9229755288826597e-15 0 0 -1.2270590787045497e-18 885 885 5.9242028935633831e-15 0 0 0
d 0 0 -5.9987430337270999e-15 0 0 -1.2872108594054499e-18 890 890 6.0000305660178433e-15 0 0 0
d 0 0 -6.0762963178649365e-15 0 0 -1.3495699692589146e-18 895 895 6.0776462253671906e-15 0 0 0
d 0 0 -6.1555655708773734e-15 0 0 -1.4141943796031376e-18 900 900 6.1569801197022982e-15 0 0 0
d 0 0 -6.237305184076156e-15 0 0 -1.4822235671003177e-18 905 905 6.2387877960933054e-15 0 0 0
d 0 0 -6.3213618361599832e-15 0 0 -1.5547078937987159e-18 910 910 6.3229177903753497e-15 0 0 0
d 0 0 -6.4061439266643842e-15 0 0 -1.6301119628661405e-18 915 915 6.4077753360328266e-15 0 0 0
d 0 0 -6.4916297023116127e-15 0 0 -1.7086096220004406e-18 920 920 6.4933396561370562e-15 0 0 0
d 0 0 -6.5756152274933213e-15 0 0 -1.7880153885449875e-18 925 925 6.5774019821428401e-15 0 0 0
d 0 0 -6.660085101052091e-15 0 0 -1.8709488359597384e-18 930 930 6.6619547591947482e-15 0 0 0
d 0 0 -6.74231625290289e-15 0 0 -1.9541578990530326e-18 935 935 6.7442690297408533e-15 0 0 0
d 0 0 -6.8214250940925167e-15 0 0 -2.0364106900163922e-18 940 940 6.8234621297258096e-15 0 0 0
d 0 0 -6.9006944809819675e-15 0 0 -2.1213626006618766e-18 945 945 6.9028164746157422e-15 0 0 0
d 0 0 -6.9803037712751703e-15 0 0 -2.2093062218865915e-18 950 950 6.9825137327225815e-15 0 0 0
d 0 0 -7.0603231299296168e-15 0 0 -2.3004082301424708e-18 955 955 7.0626242176960887e-15 0 0 0
d 0 0 -7.1407922300601406e-15 0 0 -2.3947990187228458e-18 960 960 7.1431877324672954e-15 0 0 0
d 0 0 -7.2217406458349426e-15 0 0 -2.4925958288124213e-18 965 965 7.224233968421787e-15 0 0 0
d 0 0 -7.3031945398060146e-15 0 0 -2.5939106893019407e-18 970 970 7.3057892392641617e-15 0 0 0
d 0 0 -7.3851791982910235e-15 0 0 -2.6988536518335005e-18 975 975 7.3878788755164403e-15 0 0 0
d 0 0 -7.4677201157352907e-15 0 0 -2.8075343122720332e-18 980 980 7.470528498002522e-15 0 0 0
d 0 0 -7.5508435911971828e-15 0 0 -2.9200627228469709e-18 985 985 7.5537645275794772e-15 0 0 0
d 0 0 -7.6345771545260492e-15 0 0 -3.0365500853273904e-18 990 990 7.6376145958638522e-15 0 0 0
d 0 0 -7.7189493700730996e-15 0 0 -3.1571085113225295e-18 995 995 7.7221073912254355e-15 0 0 0
d 0 0 -7.8039872631216257e-15 0 0 -3.2818469284022411e-18 1000 1000 7.8072700427011555e-15 0 0 0
d 0 0 -7.8897092050207702e-15 0 0 -3.4108589440703377e-18 1005 1005 7.8931210151255241e-15 0 0 0
d 0 0 -7.9761045798831464e-15 0 0 -3.5441868893896049e-18 1010 1010 7.9796497344748871e-15 0 0 0
d 0 0 -8.0627972064143311e-15 0 0 -3.6812422763980668e-18 1015 1015 8.0664799990651841e-15 0 0 0
d 0 0 -8.1460212547168711e-15 0 0 -3.8154634345132824e-18 1020 1020 8.1498340968446765e-15 0 0 0
d 0 0 -8.2300470037903972e-15 0 0 -3.9540035080000107e-18 1025 1025 8.2340020525633425e-15 0 0 0
d 0 0 -8.3096278412110187e-15 0 0 -4.0873712088523705e-18 1030 1030 8.3137164137506167e-15 0 0 0
d 0 0 -8.3894452348896754e-15 0 0 -4.2237051238211053e-18 1035 1035 8.3936700843884772e-15 0 0 0
d 0 0 -8.4697843267763043e-15 0 0 -4.3635178396208875e-18 1040 1040 8.4741489836536567e-15 0 0 0
d 0 0 -8.5507592773029929e-15 0 0 -4.5070274353134555e-18 1045 1045 8.5552674345643022e-15 0 0 0
d 0 0 -8.6324349205947732e-15 0 0 -4.6543646087139129e-18 1050 1050 8.6370904005236001e-15 0 0 0
d 0 0 -8.7148580270375285e-15 0 0 -4.8056256128120452e-18 1055 1055 8.7196647480575816e-15 0 0 0
d 0 0 -8.7980681695234666e-15 0 0 -4.9608904320605328e-18 1060 1060 8.8030301298811579e-15 0 0 0
d 0 0 -8.8821021648707105e-15 0 0 -5.1202299880611663e-18 1065 1065 8.8872234333977346e-15 0 0 0
d 0 0 -8.9669944722560572e-15 0 0 -5.2837059539084189e-18 1070 1070 8.9722791790641239e-15 0 0 0
d 0 0 -9.0527727818597389e-15 0 0 -5.4513608402778518e-18 1075 1075 9.0582250996995455e-15 0 0 0
d 0 0 -9.1394479918174387e-15 0 0 -5.6231957461416378e-18 1080 1080 9.1450720936915532e-15 0 0 0
d 0 0 -9.2269729325259559e-15 0 0 -5.799081238246966e-18 1085 1085 9.2327728615892579e-15 0 0 0
d 0 0 -9.3114358626432256e-15 0 0 -5.9707019996538456e-18 1090 1090 9.3174072304941202e-15 0 0 0
d 0 0 -9.3980582031086837e-15 0 0 -6.1488777990293633e-18 1095 1095 9.4042077639610736e-15 0 0 0
d 0 0 -9.4770666201903385e-15 0 0 -6.3125260511023691e-18 1100 1100 9.4833797569832507e-15 0 0 0
d 0 0 -9.5553568422429182e-15 0 0 -6.476090283252532e-18 1105 1105 9.5618329201532541e-15 0 0 0
d 0 0 -9.6340543364373381e-15 0 0 -6.6419115593768083e-18 1110 1110 9.6406959593314985e-15 0 0 0
d 0 0 -9.7133814599216162e-15 0 0 -6.8104158922506355e-18 1115 1115 9.7201912764448347e-15 0 0 0
d 0 0 -9.7934347650308565e-15 0 0 -6.9817658766092666e-18 1120 1120 9.8004155604668077e-15 0 0 0
d 0 0 -9.8742536160599672e-15 0 0 -7.1560095662568945e-18 1125 1125 9.8814082414763627e-15 0 0 0
d 0 0 -9.9558204585289867e-15 0 0 -7.3330894833594534e-18 1130 1130 9.963151202852633e-15 0 0 0
d 0 0 -1.0037923569906849e-14 0 0 -7.5125616152510243e-18 1135 1135 1.0045426952313797e-14 0 0 0
d 0 0 -1.0115913368024356e-14 0 0 -7.6841582576611786e-18 1140 1140 1.0123579082251762e-14 0 0 0
d 0 0 -1.0196082532578274e-14 0 0 -7.8623395389517684e-18 1145 1145 1.0203907569274226e-14 0 0 0
d 0 0 -1.0277305874365719e-14 0 0 -8.0315835622554844e-18 1150 1150 1.0285323830080201e-14 0 0 0
d 0 0 -1.0366472374041166e-14 0 0 -8.2008229548999113e-18 1155 1155 1.0374653659371615e-14 0 0 0
d 0 0 -1.0455012452898886e-14 0 0 -8.3724174043434633e-18 1160 1160 1.0463357133379796e-14 0 0 0
d 0 0 -1.0543870910318046e-14 0 0 -8.54624564216061e-18 1165 1165 1.0552050392502535e-14 0 0 0
d 0 0 -1.0633345661098847e-14 0 0 -8.7222902424851299e-18 1170 1170 1.0641547343033363e-14 0 0 0
d 0 0 -1.0723591540512985e-14 0 0 -8.9005439558514732e-18 1175 1175 1.0731718613793992e-14 0 0 0
d 0 0 -1.0814703352016485e-14 0 0 -9.0809954718496985e-18 1180 1180 1.0823778831398079e-14 0 0 0
d 0 0 -1.0906740592534578e-14 0 0 -9.2636252618295572e-18 1185 1185 1.0913024376458653e-14 0 0 0
d 0 0 -1.0999738530945751e-14 0 0 -9.4483998777917498e-18 1190 1190 1.1007308121609423e-14 0 0 0
d 0 0 -1.1093747871715599e-14 0 0 -9.6353465127516371e-18 1195 1195 1.1101548119718372e-14 0 0 0
d 0 0 -1.1188862049401356e-14 0 0 -9.8246135196289991e-18 1200 1200 1.1197156515119251e-14 0 0 0
d 0 0 -1.1285164854217495e-14 0 0 -1.0016143425658773e-17 1205 1205 1.1292814784041285e-14 0 0 0
d 0 0 -1.1382736548164531e-14 0 0 -1.0208162998594004e-17 1210 1210 1.1390094397801828e-14 0 0 0
d 0 0 -1.1481647069799485e-14 0 0 -1.0403272630381993e-17 1215 1215 1.1486732307184222e-14 0 0 0
d 0 0 -1.1581928674082075e-14 0 0 -1.060120327689468e-17 1220 1220 1.1588776491769414e-14 0 0 0
d 0 0 -1.1683620969841417e-14 0 0 -1.0801763137791476e-17 1225 1225 1.1689487853857141e-14 0 0 0
d 0 0 -1.1786780729876124e-14 0 0 -1.1004748296728362e-17 1230 1230 1.1787287726942659e-14 0 0 0
d 0 0 -1.1891489562748155e-14 0 0 -1.1209986786619883e-17 1235 1235 1.1886170959239392e-14 0 0 0
d 0 0 -1.1997771293674392e-14 0 0 -1.141721703560278e-17 1240 1240 1.199091581479133e-14 0 0 0
d 0 0 -1.2105627601176692e-14 0 0 -1.1626171374505568e-17 1245 1245 1.2109243886070613e-14 0 0 0
d 0 0 -1.2215127885201475e-14 0 0 -1.1836742932857588e-17 1250 1250 1.2220726310068048e-14 0 0 0
d 0 0 -1.2326326041859716e-14 0 0 -1.2048816089553948e-17 1255 1255 1.2333902485460191e-14 0 0 0
d 0 0 -1.2439260977199308e-14 0 0 -1.2262265419671646e-17 1260 1260 1.2445292236047246e-14 0 0 0
d 0 0 -1.2553966460027741e-14 0 0 -1.2476974739975999e-17 1265 1265 1.2561331071975887e-14 0 0 0
d 0 0 -1.2670470523652084e-14 0 0 -1.2692835793917179e-17 1270 1270 1.2679094802282858e-14 0 0 0
d 0 0 -1.2788793824068546e-14 0 0 -1.2909745050585767e-17 1275 1275 1.2798220825629898e-14 0 0 0
d 0 0 -1.2908952559922781e-14 0 0 -1.3127608934540348e-17 1280 1280 1.2919121957340215e-14 0 0 0
d 0 0 -1.3030965843746212e-14 0 0 -1.3346356804589875e-17 1285 1285 1.3041881834359057e-14 0 0 0
d 0 0 -1.3154846498254206e-14 0 0 -1.3565924195542213e-17 1290 1290 1.3166404665012324e-14 0 0 0
d 0 0 -1.328058133302946e-14 0 0 -1.3786219173384784e-17 1295 1295 1.3292586946166705e-14 0 0 0
d 0 0 -1.3408146659390058e-14 0 0 -1.4007150935385911e-17 1300 1300 1.3420558336258698e-14 0 0 0
d 0 0 -1.3537530036076893e-14 0 0 -1.4228666658636933e-17 1305 1305 1.355027441373168e-14 0 0 0
d 0 0 -1.3668714318446968e-14 0 0 -1.4450722734925584e-17 1310 1310 1.3667060257989747e-14 0 0 0
d 0 0 -1.3801670806973476e-14 0 0 -1.467327232236696e-17 1315 1315 1.3802613605990875e-14 0 0 0
d 0 0 -1.3936360324092616e-14 0 0 -1.4896265832549017e-17 1320 1320 1.3939596505418223e-14 0 0 0
d 0 0 -1.4072736437843525e-14 0 0 -1.5119654156459959e-17 1325 1325 1.4077988823983748e-14 0 0 0
d 0 0 -1.4210746250764367e-14 0 0 -1.534338677610184e-17 1330 1330 1.4217775702177813e-14 0 0 0
d 0 0 -1.435033229317416e-14 0 0 -1.5567410828976181e-17 1335 1335 1.4358916493672421e-14 0 0 0
d 0 0 -1.4491431619075068e-14 0 0 -1.5791664397080123e-17 1340 1340 1.4501348243536547e-14 0 0 0
d 0 0 -1.4633977554478551e-14 0 0 -1.6016072767993501e-17 1345 1345 1.4645034899875979e-14 0 0 0
d 0 0 -1.4777903729497604e-14 0 0 -1.6240545822274169e-17 1350 1350 1.4789970829498423e-14 0 0 0
d 0 0 -1.4923147621569245e-14 0 0 -1.6464968948981957e-17 1355 1355 1.4936103193835382e-14 0 0 0
d 0 0 -1.506965468150239e-14 0 0 -1.6689179876110183e-17 1360 1360 1.5083420798182748e-14 0 0 0
d 0 0 -1.521739200573144e-14 0 0 -1.6912904005349811e-17 1365 1365 1.5231894572306367e-14 0 0 0
d 0 0 -1.5366428707068258e-14 0 0 -1.7135273501213763e-17 1370 1370 1.5381628098735939e-14 0 0 0
d 0 0 -1.5514964031417481e-14 0 0 -1.7367401436403168e-17 1375 1375 1.5530114536186479e-14 0 0 0
d 0 0 -1.5663955247488818e-14 0 0 -1.7599756431673116e-17 1380 1380 1.5679937407042752e-14 0 0 0
d 0 0 -1.581352215140989e-14 0 0 -1.7831247911592043e-17 1385 1385 1.5829997061400933e-14 0 0 0
d 0 0 -1.5963618011569855e-14 0 0 -1.8061882880915947e-17 1390 1390 1.5980551043198793e-14 0 0 0
d 0 0 -1.6114210715039749e-14 0 0 -1.8291519624345849e-17 1395 1395 1.6118552638921779e-14 0 0 0
d 0 0 -1.6265275150273151e-14 0 0 -1.8519958124768967e-17 1400 1400 1.6272012954363643e-14 0 0 0
d 0 0 -1.6325828210476907e-14 0 0 -1.861094631292102e-17 1402 1402 1.6342519200773277e-14 0 0 0
d 0 0 -1.6386452124669282e-14 0 0 -1.8701689062676802e-17 1404 1404 1.6403364894526619e-14 0 0 0
d 0 0 -1.6447145827249952e-14 0 0 -1.8792169404143412e-17 1406 1406 1.6464271413548845e-14 0 0 0
d 0 0 -1.6507908329624105e-14 0 0 -1.8882369621981959e-17 1408 1408 1.6525238283676886e-14 0 0 0
d 0 0 -1.6568738775366804e-14 0 0 -1.8972271235883153e-17 1410 1410 1.6586265138549972e-14 0 0 0
d 0 0 -1.6629636485706989e-14 0 0 -1.9061854867523267e-17 1412 1412 1.6647351768644944e-14 0 0 0
d 0 0 -1.6690601046136917e-14 0 0 -1.9151099972737743e-17 1414 1414 1.6708498213089494e-14 0 0 0
d 0 0 -1.6751632486554577e-14 0 0 -1.9239984270614713e-17 1416 1416 1.6769704952957624e-14 0 0 0
d 0 0 -1.6812731716718872e-14 0 0 -1.9328482345273901e-17 1418 1418 1.6830973386051192e-14 0 0 0
d 0 0 -1.6873901903854103e-14 0 0 -1.9416561180055546e-17 1420 1420 1.6892307374528176e-14 0 0 0
d 0 0 -1.6935157033141378e-14 0 0 -1.9504152117686704e-17 1422 1422 1.6953723525037614e-14 0 0 0
d 0 0 -1.6996258211217411e-14 0 0 -1.9592029856894262e-17 1424 1424 1.7014929692725883e-14 0 0 0
d 0 0 -1.7057360162391142e-14 0 0 -1.9679636182421452e-17 1426 1426 1.7076201950655315e-14 0 0 0
d 0 0 -1.7118526811398927e-14 0 0 -1.9766732404352472e-17 1428 1428 1.7137512776829363e-14 0 0 0
d 0 0 -1.7179750539738256e-14 0 0 -1.9853319893519686e-17 1430 1430 1.7198876079876508e-14 0 0 0
d 0 0 -1.7241027825818621e-14 0 0 -1.9939385778175322e-17 1432 1432 1.7260260294731284e-14 0 0 0
d 0 0 -1.7302356327529783e-14 0 0 -2.0024912548519833e-17 1434 1434 1.7310220565891263e-14 0 0 0
d 0 0 -1.7363734403931819e-14 0 0 -2.0109880695322841e-17 1436 1436 1.7372365102353639e-14 0 0 0
d 0 0 -1.7425160562088908e-14 0 0 -2.0194269083318104e-17 1438 1438 1.7434512326116057e-14 0 0 0
d 0 0 -1.7486633621221624e-14 0 0 -2.0278055462701996e-17 1440 1440 1.7496664088184327e-14 0 0 0
d 0 0 -1.7548152845576044e-14 0 0 -2.0361215927537404e-17 1442 1442 1.7558822773910856e-14 0 0 0
d 0 0 -1.7609714455266157e-14 0 0 -2.0443735360118542e-17 1444 1444 1.7620974983499311e-14 0 0 0
d 0 0 -1.7671294925712785e-14 0 0 -2.0525655918516981e-17 1446 1446 1.768311383050559e-14 0 0 0
d 0 0 -1.7732918165964289e-14 0 0 -2.0606878737397302e-17 1448 1448 1.7745275504234352e-14 0 0 0
d 0 0 -1.7794581687437571e-14 0 0 -2.0687383283817425e-17 1450 1450 1.7807442848465142e-14 0 0 0
d 0 0 -1.7856283788298548e-14 0 0 -2.0767146405349477e-17 1452 1452 1.7869620032150467e-14 0 0 0
d 0 0 -1.7918023058481617e-14 0 0 -2.0846145010590316e-17 1454 1454 1.7931806533424969e-14 0 0 0
d 0 0 -1.7979798013699909e-14 0 0 -2.0924354063307413e-17 1456 1456 1.799400482019824e-14 0 0 0
d 0 0 -1.8041607123335082e-14 0 0 -2.1001747972778101e-17 1458 1458 1.8056213289105068e-14 0 0 0
d 0 0 -1.8103448920508917e-14 0 0 -2.1078301397213505e-17 1460 1460 1.8118432348703087e-14 0 0 0
d 0 0 -1.8165321936107006e-14 0 0 -2.1153988641621351e-17 1462 1462 1.8180661887726162e-14 0 0 0
d 0 0 -1.8227224679361533e-14 0 0 -2.1228783711828225e-17 1464 1464 1.8242901644058271e-14 0 0 0
d 0 0 -1.8289155629832117e-14 0 0 -2.1302660339266763e-17 1466 1466 1.8305151189310577e-14 0 0 0
d 0 0 -1.8351113232275253e-14 0 0 -2.1375591998141721e-17 1468 1468 1.83674099226721e-14 0 0 0
d 0 0 -1.841309589273246e-14 0 0 -2.1447551919488744e-17 1470 1470 1.8429677076512031e-14 0 0 0
d 0 0 -1.8475101975324752e-14 0 0 -2.1518513103837792e-17 1472 1472 1.849195173941549e-14 0 0 0
d 0 0 -1.8537129799618436e-14 0 0 -2.1588448333391015e-17 1474 1474 1.8554232899155514e-14 0 0 0
d 0 0 -1.8599177640206982e-14 0 0 -2.1657330186615642e-17 1476 1476 1.8616725102509155e-14 0 0 0
d 0 0 -1.8661243718991889e-14 0 0 -2.1725131041953549e-17 1478 1478 1.8679031377145832e-14 0 0 0
d 0 0 -1.8723326213506941e-14 0 0 -2.1791823104203051e-17 1480 1480 1.8741321495217426e-14 0 0 0
d 0 0 -1.8785423251029631e-14 0 0 -2.1857378410413952e-17 1482 1482 1.8803614318260358e-14 0 0 0
d 0 0 -1.8847532909493107e-14 0 0 -2.1921768845690269e-17 1484 1484 1.8865908878721797e-14 0 0 0
d 0 0 -1.8909653217393087e-14 0 0 -2.1984966157794626e-17 1486 1486 1.8928204142920284e-14 0 0 0
d 0 0 -1.8971782153263202e-14 0 0 -2.2046941971636676e-17 1488 1488 1.8990498949951592e-14 0 0 0
d 0 0 -1.9033917644831369e-14 0 0 -2.2107667803917872e-17 1490 1490 1.9052791971093076e-14 0 0 0
d 0 0 -1.9096057567967074e-14 0 0 -2.2167115078143178e-17 1492 1492 1.9115081696629863e-14 0 0 0
d 0 0 -1.9158199747117674e-14 0 0 -2.2225255139891573e-17 1494 1494 1.9177366445112672e-14 0 0 0
d 0 0 -1.9220342227275485e-14 0 0 -2.2282059211663611e-17 1496 1496 1.9239644579576646e-14 0 0 0
d 0 0 -1.928248292270269e-14 0 0 -2.2337498492323972e-17 1498 1498 1.9301914470994884e-14 0 0 0
d 0 0 -1.9344619487081324e-14 0 0 -2.2391544202786399e-17 1500 1500 1.9364174021725556e-14 0 0 0
d 0 0 -1.9406749518807953e-14 0 0 -2.2444167557753258e-17 1502 1502 1.942642108713022e-14 0 0 0
d 0 0 -1.9468870560888648e-14 0 0 -2.2495339786028634e-17 1504 1504 1.9488653448862083e-14 0 0 0
d 0 0 -1.9530980101027286e-14 0 0 -2.2545032151812387e-17 1506 1506 1.9550868821238796e-14 0 0 0
d 0 0 -1.9593075571884871e-14 0 0 -2.2593215976975898e-17 1508 1508 1.9613064854623334e-14 0 0 0
d 0 0 -1.9655154351495508e-14 0 0 -2.2639862664329239e-17 1510 1510 1.967523913705783e-14 0 0 0
d 0 0 -1.9717213763831961e-14 0 0 -2.2684943721896516e-17 1512 1512 1.9737389195045227e-14 0 0 0
d 0 0 -1.9779251079519619e-14 0 0 -2.2728430788221365e-17 1514 1514 1.9799512494049579e-14 0 0 0
d 0 0 -1.9841263516701902e-14 0 0 -2.2770295658727471e-17 1516 1516 1.986160643904275e-14 0 0 0
d 0 0 -1.9903248242063097e-14 0 0 -2.2810510313160522e-17 1518 1518 1.9923668375265034e-14 0 0 0
d 0 0 -1.9965202372143502e-14 0 0 -2.2849046944240503e-17 1520 1520 1.9985690672317392e-14 0 0 0
d 0 0 -2.0027122974222128e-14 0 0 -2.2885877986980693e-17 1522 1522 2.0047682531999484e-14 0 0 0
d 0 0 -2.0089007068557473e-14 0 0 -2.2920976150018393e-17 1524 1524 2.0109632207510296e-14 0 0 0
d 0 0 -2.0150851629752043e-14 0 0 -2.2954314447434316e-17 1526 1526 2.0171538662231509e-14 0 0 0
d 0 0 -2.0212653588585945e-14 0 0 -2.2985866231851053e-17 1528 1528 2.0233398965732513e-14 0 0 0
d 0 0 -2.0274409834407231e-14 0 0 -2.3015605229093775e-17 1530 1530 2.0295210138446067e-14 0 0 0
d 0 0 -2.0336117217480107e-14 0 0 -2.304350557387066e-17 1532 1532 2.0356969154415834e-14 0 0 0
d 0 0 -2.0397772551616369e-14 0 0 -2.3069541846759094e-17 1534 1534 2.0418672944220095e-14 0 0 0
d 0 0 -2.0459372617078698e-14 0 0 -2.3093689112492566e-17 1536 1536 2.0480318398217519e-14 0 0 0
d 0 0 -2.0520914163754896e-14 0 0 -2.3115922959552792e-17 1538 1538 2.0541902370041298e-14 0 0 0
d 0 0 -2.058239391503384e-14 0 0 -2.3136219541311981e-17 1540 1540 2.0603421680730982e-14 0 0 0
d 0 0 -2.0643808573363152e-14 0 0 -2.3154555619152738e-17 1542 1542 2.0664873124370873e-14 0 0 0
d 0 0 -2.0705154817898972e-14 0 0 -2.3170908602544559e-17 1544 1544 2.0726253467583304e-14 0 0 0
d 0 0 -2.0766429313354234e-14 0 0 -2.318525659667809e-17 1546 1546 2.0787559455181025e-14 0 0 0
d 0 0 -2.0827628716062741e-14 0 0 -2.3197578449285257e-17 1548 1548 2.0848787819925855e-14 0 0 0
d 0 0 -2.0888749677649006e-14 0 0 -2.3207853797468023e-17 1550 1550 2.0909935284664192e-14 0 0 0
d 0 0 -2.0949788850573628e-14 0 0 -2.3216063116702796e-17 1552 1552 2.0970998568388079e-14 0 0 0
d 0 0 -2.1010742894085723e-14 0 0 -2.3222187771191559e-17 1554 1554 2.1031974392343254e-14 0 0 0
d 0 0 -2.1071608480605441e-14 0 0 -2.3226210065552408e-17 1556 1556 2.1092859486552901e-14 0 0 0
d 0 0 -2.1132382302558046e-14 0 0 -2.322811329783643e-17 1558 1558 2.1153650596780203e-14 0 0 0
d 0 0 -2.1193061079681187e-14 0 0 -2.3227881813853027e-17 1560 1560 2.1214344491953536e-14 0 0 0
d 0 0 -2.1253641566827473e-14 0 0 -2.3225501062780486e-17 1562 1562 2.127493797207873e-14 0 0 0
d 0 0 -2.1314120562284805e-14 0 0 -2.322095765403292e-17 1564 1564 2.1335427876663283e-14 0 0 0
d 0 0 -2.1374494916637436e-14 0 0 -2.3214239415348402e-17 1566 1566 2.1395811093677588e-14 0 0 0
d 0 0 -2.1434761542190835e-14 0 0 -2.3205335452056246e-17 1568 1568 2.1456084569078579e-14 0 0 0
d 0 0 -2.1494917422983677e-14 0 0 -2.3194236207473796e-17 1570 1570 2.1516245316921076e-14 0 0 0
d 0 0 -2.1554959625410087e-14 0 0 -2.3180933524374761e-17 1572 1572 2.1576290430082021e-14 0 0 0
d 0 0 -2.1614885309474831e-14 0 0 -2.3165420707462103e-17 1574 1574 2.1636217091622076e-14 0 0 0
d 0 0 -2.1674691740702605e-14 0 0 -2.3147692586768608e-17 1576 1576 2.1696022586807524e-14 0 0 0
d 0 0 -2.1734376302719093e-14 0 0 -2.3127745581900672e-17 1578 1578 2.1755704368610017e-14 0 0 0
d 0 0 -2.1793936510482594e-14 0 0 -2.310557776701452e-17 1580 1580 2.1815254409763102e-14 0 0 0
d 0 0 -2.1853370042367336e-14 0 0 -2.308118893342072e-17 1582 1582 2.1874678909101933e-14 0 0 0
d 0 0 -2.1912674734997138e-14 0 0 -2.3054580656466063e-17 1584 1584 2.1933976274605799e-14 0 0 0
d 0 0 -2.1971848554805103e-14 0 0 -2.3025756372763759e-17 1586 1586 2.1993139871464303e-14 0 0 0
d 0 0 -2.2030889685630059e-14 0 0 -2.2994721435792513e-17 1588 1588 2.2052168919438829e-14 0 0 0
d 0 0 -2.2089796525180061e-14 0 0 -2.2961483184145486e-17 1590 1590 2.2111061819278474e-14 0 0 0
d 0 0 -2.2148567698086831e-14 0 0 -2.292605100886758e-17 1592 1592 2.216981719402961e-14 0 0 0
d 0 0 -2.2207202074616488e-14 0 0 -2.2888436419513302e-17 1594 1594 2.2228433910524021e-14 0 0 0
d 0 0 -2.2265698790163729e-14 0 0 -2.2848653109557965e-17 1596 1596 2.2286911099096019e-14 0 0 0
d 0 0 -2.2324057265541065e-14 0 0 -2.2806717020894901e-17 1598 1598 2.2345248174109173e-14 0 0 0
d 0 0 -2.2382277228058036e-14 0 0 -2.2762646407127719e-17 1600 1600 2.2403444855284681e-14 0 0 0
d 0 0 -2.2440358733376707e-14 0 0 -2.2716461895341261e-17 1602 1602 2.2461501189816289e-14 0 0 0
d 0 0 -2.2498302188121981e-14 0 0 -2.2668186546008539e-17 1604 1604 2.2519417575249135e-14 0 0 0
d 0 0 -2.2556108373217583e-14 0 0 -2.2617845910664195e-17 1606 1606 2.2577194783091672e-14 0 0 0
d 0 0 -2.261377846790986e-14 0 0 -2.2565468086948134e-17 1608 1608 2.2634833983121259e-14 0 0 0
d 0 0 -2.2671314074432623e-14 0 0 -2.2511083770596539e-17 1610 1610 2.2692336768334588e-14 0 0 0
d 0 0 -2.2728717243256338e-14 0 0 -2.2454726303931692e-17 1612 1612 2.2749705180484134e-14 0 0 0
d 0 0 -2.2785990498854485e-14 0 0 -2.2396431720377897e-17 1614 1614 2.2806941736131172e-14 0 0 0
d 0 0 -2.2843136865908928e-14 0 0 -2.2336238784508362e-17 1616 1616 2.2864049453134581e-14 0 0 0
d 0 0 -2.2900159895864222e-14 0 0 -2.2274189027108464e-17 1618 1618 2.2921031877482801e-14 0 0 0
d 0 0 -2.2957063693728653e-14 0 0 -2.2210326774724539e-17 1620 1620 2.2977893110363879e-14 0 0 0
d 0 0 -2.301385294500694e-14 0 0 -2.214469917315545e-17 1622 1622 2.3034637835355684e-14 0 0 0
d 0 0 -2.3070532942636081e-14 0 0 -2.2077356204337241e-17 1624 1624 2.3091271345604829e-14 0 0 0
d 0 0 -2.3127109613781995e-14 0 0 -2.2008350696069918e-17 1626 1626 2.3147799570848992e-14 0 0 0
d 0 0 -2.3183589546339822e-14 0 0 -2.1937738324041016e-17 1628 1628 2.3204229104122578e-14 0 0 0
d 0 0 -2.3239980014965232e-14 0 0 -2.1865577605613366e-17 1630 1630 2.3260567227970205e-14 0 0 0
d 0 0 -2.3296289049200874e-14 0 0 -2.1791929880328854e-17 1632 1632 2.3316821943630505e-14 0 0 0
d 0 0 -2.3352527469111898e-14 0 0 -2.1716859072330751e-17 1634 1634 2.3373004052303499e-14 0 0 0
d 0 0 -2.3408706091933848e-14 0 0 -2.1640431953864367e-17 1636 1636 2.3429124545045861e-14 0 0 0
d 0 0 -2.3464835444934135e-14 0 0 -2.1562718133008516e-17 1638 1638 2.3485193185873685e-14 0 0 0
d 0 0 -2.3520926891824464e-14 0 0 -2.1483789881361386e-17 1640 1640 2.3541223097337292e-14 0 0 0
d 0 0 -2.3576992657204262e-14 0 0 -2.1403722068296059e-17 1642 1642 2.3597225142562841e-14 0 0 0
d 0 0 -2.3633045849361021e-14 0 0 -2.1322592083783467e-17 1644 1644 2.3653212808839894e-14 0 0 0
d 0 0 -2.3689100490155744e-14 0 0 -2.1240479739840996e-17 1646 1646 2.3709200150508788e-14 0 0 0
d 0 0 -2.3745171587282822e-14 0 0 -2.1157467106896216e-17 1648 1648 2.3765202206367677e-14 0 0 0
d 0 0 -2.3801274990614093e-14 0 0 -2.1073638594407615e-17 1650 1650 2.3821234876882319e-14 0 0 0
d 0 0 -2.3857427486314312e-14 0 0 -2.0989080737910049e-17 1652 1652 2.3877314978738957e-14 0 0 0
d 0 0 -2.3913646876175475e-14 0 0 -2.0903881981974431e-17 1654 1654 2.3933460359813627e-14 0 0 0
d 0 0 -2.3969951933945666e-14 0 0 -2.0818132596796905e-17 1656 1656 2.3989689839931148e-14 0 0 0
d 0 0 -2.4026362406610719e-14 0 0 -2.0731924525893482e-17 1658 1658 2.4046023213825155e-14 0 0 0
d 0 0 -2.4082899044603744e-14 0 0 -2.0645351221251982e-17 1660 1660 2.4102481279765697e-14 0 0 0
d 0 0 -2.413958358405592e-14 0 0 -2.0558507474372108e-17 1662 1662 2.4159085829036451e-14 0 0 0
d 0 0 -2.4196438553083344e-14 0 0 -2.0471489258315546e-17 1664 1664 2.4215859437790767e-14 0 0 0
d 0 0 -2.425348750130608e-14 0 0 -2.0384393518095323e-17 1666 1666 2.4272825709122176e-14 0 0 0
d 0 0 -2.4310754887476687e-14 0 0 -2.0297317990433241e-17 1668 1668 2.4330009154318801e-14 0 0 0
d 0 0 -2.4368266060608134e-14 0 0 -2.0210361008783908e-17 1670 1670 2.4387435174589268e-14 0 0 0
d 0 0 -2.4426047242642272e-14 0 0 -2.012362130416383e-17 1672 1672 2.4445130043248112e-14 0 0 0
d 0 0 -2.4484125513326876e-14 0 0 -2.0037197802833887e-17 1674 1674 2.4503120890108504e-14 0 0 0
d 0 0 -2.4542528797219796e-14 0 0 -1.9951189421998235e-17 1676 1676 2.4561435688006568e-14 0 0 0
d 0 0 -2.4601285852209398e-14 0 0 -1.9865694864768088e-17 1678 1678 2.4620103240849272e-14 0 0 0
d 0 0 -2.4660426258767917e-14 0 0 -1.9780812415684999e-17 1680 1680 2.4679153233115866e-14 0 0 0
d 0 0 -2.4719972392047509e-14 0 0 -1.9696640907836327e-17 1682 1682 2.4738608235094196e-14 0 0 0
d 0 0 -2.4779944258871042e-14 0 0 -1.9613278927787777e-17 1684 1684 2.4798487905088503e-14 0 0 0
d 0 0 -2.4840373191425836e-14 0 0 -1.9530822592232628e-17 1686 1686 2.4858823468582508e-14 0 0 0
d 0 0 -2.4901291132767664e-14 0 0 -1.9449366857265837e-17 1688 1688 2.4919647519330964e-14 0 0 0
d 0 0 -2.4962730565856745e-14 0 0 -1.9369005346610649e-17 1690 1690 2.4980992201189166e-14 0 0 0
d 0 0 -2.5024724494771959e-14 0 0 -1.9289830180073089e-17 1692 1692 2.5042890585725212e-14 0 0 0
d 0 0 -2.5087306419148721e-14 0 0 -1.9211931811562726e-17 1694 1694 2.5105376185691782e-14 0 0 0
d 0 0 -2.5150510304257847e-14 0 0 -1.9135398877431251e-17 1696 1696 2.5168482908069902e-14 0 0 0
d 0 0 -2.5214370557898177e-14 0 0 -1.9060318046820566e-17 1698 1698 2.5232245300266985e-14 0 0 0
d 0 0 -2.5278922033431934e-14 0 0 -1.898677386056945e-17 1700 1700 2.5296698129342166e-14 0 0 0
d 0 0 -2.5344199859992869e-14 0 0 -1.8914848736791308e-17 1702 1702 2.536187652966019e-14 0 0 0
d 0 0 -2.5410239494705803e-14 0 0 -1.8844622778920408e-17 1704 1704 2.5427815935817025e-14 0 0 0
d 0 0 -2.5477076719313917e-14 0 0 -1.8776173657978773e-17 1706 1706 2.5494552110460022e-14 0 0 0
d 0 0 -2.5544747573183069e-14 0 0 -1.8709576562836559e-17 1708 1708 2.5562121065846605e-14 0 0 0
d 0 0 -2.5613288319551607e-14 0 0 -1.8644904133861828e-17 1710 1710 2.5630559032659836e-14 0 0 0
d 0 0 -2.5682735412926521e-14 0 0 -1.8582226409875898e-17 1712 1712 2.5699902427673293e-14 0 0 0
d 0 0 -2.5753125467931258e-14 0 0 -1.8521610788358512e-17 1714 1714 2.5770187822943579e-14 0 0 0
d 0 0 -2.5824495229818436e-14 0 0 -1.8463121998815883e-17 1716 1716 2.5841451916736448e-14 0 0 0
d 0 0 -2.5896881546805429e-14 0 0 -1.840682208916397e-17 1718 1718 2.5913731506340568e-14 0 0 0
d 0 0 -2.597032134433039e-14 0 0 -1.8352770424923987e-17 1720 1720 2.5987063462861113e-14 0 0 0
d 0 0 -2.6044851603871542e-14 0 0 -1.830102369970418e-17 1722 1722 2.6061484710871932e-14 0 0 0
d 0 0 -2.6120509369863557e-14 0 0 -1.8251635946734855e-17 1724 1724 2.6137032233133096e-14 0 0 0
d 0 0 -2.6197331658104224e-14 0 0 -1.8204658610116486e-17 1726 1726 2.6213742989392141e-14 0 0 0
d 0 0 -2.6275355458730205e-14 0 0 -1.8160140576763983e-17 1728 1728 2.6291653904802503e-14 0 0 0
d 0 0 -2.635461776579657e-14 0 0 -1.8118128215724335e-17 1730 1730 2.6370801911503674e-14 0 0 0
d 0 0 -2.6435155535018208e-14 0 0 -1.8078665460541205e-17 1732 1732 2.6451223904121808e-14 0 0 0
d 0 0 -2.6517005668253246e-14 0 0 -1.804179388919076e-17 1734 1734 2.653295672385917e-14 0 0 0
d 0 0 -2.6600204997611931e-14 0 0 -1.8007552814102745e-17 1736 1736 2.6616037143478815e-14 0 0 0
d 0 0 -2.6684790267721764e-14 0 0 -1.7975979382119563e-17 1738 1738 2.6700501849769998e-14 0 0 0
d 0 0 -2.6770798114392402e-14 0 0 -1.7947108684255877e-17 1740 1740 2.6786387422135386e-14 0 0 0
d 0 0 -2.6858265037212041e-14 0 0 -1.7920973875273839e-17 1742 1742 2.6873730304714423e-14 0 0 0
d 0 0 -2.694722736256811e-14 0 0 -1.7897606303312704e-17 1744 1744 2.6962566768371475e-14 0 0 0
d 0 0 -2.7037721192077345e-14 0 0 -1.7877035650135556e-17 1746 1746 2.7052932857295117e-14 0 0 0
d 0 0 -2.7129782329077478e-14 0 0 -1.7859290083054931e-17 1748 1748 2.7144864312503657e-14 0 0 0
d 0 0 -2.7223446172224388e-14 0 0 -1.7844396420365875e-17 1750 1750 2.7238396460745859e-14 0 0 0
d 0 0 -2.7318747559406965e-14 0 0 -1.783238031334807e-17 1752 1752 2.7333564051115291e-14 0 0 0
d 0 0 -2.741572053547153e-14 0 0 -1.7823266449947754e-17 1754 1754 2.7430401011368631e-14 0 0 0
d 0 0 -2.7514398000363843e-14 0 0 -1.7817078788805804e-17 1756 1756 2.7528940077915096e-14 0 0 0
d 0 0 -2.7614811163544844e-14 0 0 -1.7813840838781209e-17 1758 1758 2.7629212220433632e-14 0 0 0
d 0 0 -2.7716988671241003e-14 0 0 -1.7813576011650325e-17 1760 1760 2.7731245717998283e-14 0 0 0
d 0 0 -2.7820955150507757e-14 0 0 -1.7816308101659074e-17 1762 1762 2.783506461003533e-14 0 0 0
d 0 0 -2.7926728598203555e-14 0 0 -1.7822062011795249e-17 1764 1764 2.7940692768180744e-14 0 0 0
d 0 0 -2.8034315617543803e-14 0 0 -1.7830864946847378e-17 1766 1766 2.8048123799362046e-14 0 0 0
d 0 0 -2.8143700617030131e-14 0 0 -1.7842748880216892e-17 1768 1768 2.8157341098008955e-14 0 0 0
d 0 0 -2.8254818733815412e-14 0 0 -1.785775654186292e-17 1770 1770 2.8268272317128926e-14 0 0 0
d 0 0 -2.8367560138552264e-14 0 0 -1.7875940301416021e-17 1772 1772 2.8380888097631643e-14 0 0 0
d 0 0 -2.8486257803829041e-14 0 0 -1.7896379200122674e-17 1774 1774 2.8500259814752149e-14 0 0 0
d 0 0 -2.8616368532857265e-14 0 0 -1.7917919986691844e-17 1776 1776 2.8630906167441389e-14 0 0 0
d 0 0 -2.8749766637241323e-14 0 0 -1.7942396753451863e-17 1778 1778 2.8764055913486909e-14 0 0 0
d 0 0 -2.8884575040005657e-14 0 0 -1.7970266336733682e-17 1780 1780 2.8898707535794574e-14 0 0 0
d 0 0 -2.9021216450791814e-14 0 0 -1.8001483914375095e-17 1782 1782 2.9035208790213846e-14 0 0 0
d 0 0 -2.9159907886628776e-14 0 0 -1.8036052223941927e-17 1784 1784 2.9173768850934666e-14 0 0 0
d 0 0 -2.9300796097525164e-14 0 0 -1.8073992394809074e-17 1786 1786 2.9314530908101057e-14 0 0 0
d 0 0 -2.9443986395529185e-14 0 0 -1.8115339098086597e-17 1788 1788 2.945759524925465e-14 0 0 0
d 0 0 -2.9589553974159979e-14 0 0 -1.8160139071932316e-17 1790 1790 2.9603037393393988e-14 0 0 0
d 0 0 -2.9737585760972515e-14 0 0 -1.8208439164022557e-17 1792 1792 2.9750944485099323e-14 0 0 0
d 0 0 -2.9888165047838811e-14 0 0 -1.8260292203889824e-17 1794 1794 2.9901399015958471e-14 0 0 0
d 0 0 -3.0041373224732155e-14 0 0 -1.8315757550666925e-17 1796 1796 3.0054481723638267e-14 0 0 0
d 0 0 -3.0197291557391062e-14 0 0 -1.8374901822177084e-17 1798 1798 3.0210273178985969e-14 0 0 0
d 0 0 -3.0356002629634806e-14 0 0 -1.8437800147207058e-17 1800 1800 3.0368855133108065e-14 0 0 0
d 0 0 -3.0436432969944399e-14 0 0 -1.8470686782637282e-17 1801 1801 3.0453490990149647e-14 0 0 0
d 0 0 -3.0517592790619923e-14 0 0 -1.8504541758959088e-17 1802 1802 3.05346597429014e-14 0 0 0
d 0 0 -3.059949445768883e-14 0 0 -1.8539381316755729e-17 1803 1803 3.0616570729035959e-14 0 0 0
d 0 0 -3.0682149767459285e-14 0 0 -1.8575219638693847e-17 1804 1804 3.0699235735134085e-14 0 0 0
d 0 0 -3.0765571060519837e-14 0 0 -1.8612072472317862e-17 1805 1805 3.0782667019764155e-14 0 0 0
d 0 0 -3.0849771390629095e-14 0 0 -1.8649957605369815e-17 1806 1806 3.0866877520924929e-14 0 0 0
d 0 0 -3.0934764780280226e-14 0 0 -1.8688895603740781e-17 1807 1807 3.0951881090851898e-14 0 0 0
d 0 0 -3.10205666327515e-14 0 0 -1.8728911021714652e-17 1808 1808 3.1037692869310788e-14 0 0 0
d 0 0 -3.1107194448525649e-14 0 0 -1.8770034529144078e-17 1809 1809 3.1124329921240809e-14 0 0 0
d 0 0 -3.1194669196171181e-14 0 0 -1.8812307008393401e-17 1810 1810 3.1211812428331298e-14 0 0 0
d 0 0 -3.1283016642220719e-14 0 0 -1.8855783556094154e-17 1811 1811 3.1300168656156809e-14 0 0 0
d 0 0 -3.1372026337460595e-14 0 0 -1.8899811943729823e-17 1812 1812 3.1389264498590049e-14 0 0 0
d 0 0 -3.1461565835081062e-14 0 0 -1.894397067881507e-17 1813 1813 3.147886950528995e-14 0 0 0
d 0 0 -3.1551684294974677e-14 0 0 -1.898838084772207e-17 1814 1814 3.1569046633479969e-14 0 0 0
d 0 0 -3.1642432278732789e-14 0 0 -1.9033161050942437e-17 1815 1815 3.16598474149471e-14 0 0 0
d 0 0 -3.1733863121436528e-14 0 0 -1.9078436827929389e-17 1816 1816 3.1751322342145344e-14 0 0 0
d 0 0 -3.1826042112651768e-14 0 0 -1.9124392443360377e-17 1817 1817 3.1843539489760027e-14 0 0 0
d 0 0 -3.1919018075736659e-14 0 0 -1.9171147571250973e-17 1818 1818 3.1936549412401194e-14 0 0 0
d 0 0 -3.2012831741058556e-14 0 0 -1.9218797364008005e-17 1819 1819 3.2030394198750951e-14 0 0 0
d 0 0 -3.2107522857629147e-14 0 0 -1.9267433743964274e-17 1820 1820 3.2125110595504857e-14 0 0 0
d 0 0 -3.220317886497733e-14 0 0 -1.9317292162996202e-17 1821 1821 3.2220779372027017e-14 0 0 0
d 0 0 -3.2299829644831765e-14 0 0 -1.9368434694932314e-17 1822 1822 3.2317447769484866e-14 0 0 0
d 0 0 -3.2397487574599415e-14 0 0 -1.9420870106009246e-17 1823 1823 3.2415124420407342e-14 0 0 0
d 0 0 -3.2496166029654635e-14 0 0 -1.9474609513560689e-17 1824 1824 3.2513822637448342e-14 0 0 0
d 0 0 -3.2595879216411947e-14 0 0 -1.9529665870866526e-17 1825 1825 3.2613556582554659e-14 0 0 0
d 0 0 -3.2696642071958977e-14 0 0 -1.9586053652470374e-17 1826 1826 3.2714341160458386e-14 0 0 0
d 0 0 -3.2798470201153372e-14 0 0 -1.9643788652707602e-17 1827 1827 3.2816191952009839e-14 0 0 0
d 0 0 -3.2901379836572211e-14 0 0 -1.9702887853514998e-17 1828 1828 3.291912517169781e-14 0 0 0
d 0 0 -3.3005387813099364e-14 0 0 -1.9763369336671649e-17 1829 1829 3.3023157640616991e-14 0 0 0
d 0 0 -3.3110511552307975e-14 0 0 -1.9825252225682006e-17 1830 1830 3.3128306769740699e-14 0 0 0
d 0 0 -3.321676905367073e-14 0 0 -1.9888556648120373e-17 1831 1831 3.3234590550354473e-14 0 0 0
d 0 0 -3.3324178890719738e-14 0 0 -1.9953303712531069e-17 1832 1832 3.3342027549663885e-14 0 0 0
d 0 0 -3.3432760210934026e-14 0 0 -2.0019515495968241e-17 1833 1833 3.3450636910285662e-14 0 0 0
d 0 0 -3.3542532738540036e-14 0 0 -2.00872150395108e-17 1834 1834 3.3560438352762568e-14 0 0 0
d 0 0 -3.3653516779670049e-14 0 0 -2.015642634989871e-17 1835 1835 3.3671452180516903e-14 0 0 0
d 0 0 -3.3765733229493416e-14 0 0 -2.0227174405976335e-17 1836 1836 3.3783699286836892e-14 0 0 0
d 0 0 -3.3879203581049436e-14 0 0 -2.0299485168995757e-17 1837 1837 3.3897201163610514e-14 0 0 0
d 0 0 -3.3993949935589947e-14 0 0 -2.0373385596088189e-17 1838 1838 3.4011979911604862e-14 0 0 0
d 0 0 -3.4109995294803177e-14 0 0 -2.0448903572520827e-17 1839 1839 3.4128058856669336e-14 0 0 0
d 0 0 -3.4227379083326464e-14 0 0 -2.0526063285457295e-17 1840 1840 3.4245479315564935e-14 0 0 0
d 0 0 -3.4346134795372948e-14 0 0 -2.0604892029021171e-17 1841 1841 3.4364272545234195e-14 0 0 0
d 0 0 -3.4466287360803997e-14 0 0 -2.0685420979957241e-17 1842 1842 3.448446355314454e-14 0 0 0
d 0 0 -3.4587862421923348e-14 0 0 -2.0767682413286315e-17 1843 1843 3.460607798666689e-14 0 0 0
d 0 0 -3.4710886350840204e-14 0 0 -2.0851709728353235e-17 1844 1844 3.4729142223732669e-14 0 0 0
d 0 0 -3.4835386268178393e-14 0 0 -2.0937537476107582e-17 1845 1845 3.4853683391629647e-14 0 0 0
d 0 0 -3.4961390063210527e-14 0 0 -2.1025201387675054e-17 1846 1846 3.497972938723939e-14 0 0 0
d 0 0 -3.5088926415508939e-14 0 0 -2.1114738404158877e-17 1847 1847 3.5107308898813481e-14 0 0 0
d 0 0 -3.5218024818254414e-14 0 0 -2.1206186707616646e-17 1848 1848 3.5236451429434469e-14 0 0 0
d 0 0 -3.5348715603402458e-14 0 0 -2.1299585753159513e-17 1849 1849 3.5367187322367277e-14 0 0 0
d 0 0 -3.5481029968978299e-14 0 0 -2.1394976302117352e-17 1850 1850 3.549954778858084e-14 0 0 0
d 0 0 -3.5615000008863643e-14 0 0 -2.1492400456204771e-17 1851 1851 3.5633564936813747e-14 0 0 0
d 0 0 -3.5750658745558078e-14 0 0 -2.159190169260734e-17 1852 1852 3.5769271806681848e-14 0 0 0
d 0 0 -3.5888035998902246e-14 0 0 -2.1693526037019297e-17 1853 1853 3.5906696126246362e-14 0 0 0
d 0 0 -3.6027123533863674e-14 0 0 -2.179733153751309e-17 1854 1854 3.6045827391620627e-14 0 0 0
d 0 0 -3.6167941912394924e-14 0 0 -2.1903369839744268e-17 1855 1855 3.6186690215831704e-14 0 0 0
d 0 0 -3.6310522752070736e-14 0 0 -2.2011691269608309e-17 1856 1856 3.6329315972113122e-14 0 0 0
d 0 0 -3.6454898263519743e-14 0 0 -2.2122347782131171e-17 1857 1857 3.6473736839941117e-14 0 0 0
d 0 0 -3.6601101247086212e-14 0 0 -2.2235393006484618e-17 1858 1858 3.661998558650612e-14 0 0 0
d 0 0 -3.6749165090566249e-14 0 0 -2.2350882292218053e-17 1859 1859 3.6768095564623577e-14 0 0 0
d 0 0 -3.6899123768966293e-14 0 0 -2.2468872755962676e-17 1860 1860 3.6918100712824682e-14 0 0 0
d 0 0 -3.7051011847685529e-14 0 0 -2.2589423328302283e-17 1861 1861 3.7070035559070387e-14 0 0 0
d 0 0 -3.7204864490923165e-14 0 0 -2.2712594800444598e-17 1862 1862 3.7223935229943774e-14 0 0 0
d 0 0 -3.7360717477530829e-14 0 0 -2.2838449870275806e-17 1863 1863 3.7379835467597641e-14 0 0 0
d 0 0 -3.7518607226920363e-14 0 0 -2.2967053187352577e-17 1864 1864 3.7537772657119014e-14 0 0 0
d 0 0 -3.767857083791994e-14 0 0 -2.309847139639934e-17 1865 1865 3.7697783867239621e-14 0 0 0
d 0 0 -3.7840646143543102e-14 0 0 -2.3232773178956364e-17 1866 1866 3.7859906907362997e-14 0 0 0
d 0 0 -3.8004871784375703e-14 0 0 -2.3370029292987859e-17 1867 1867 3.8024180403574212e-14 0 0 0
d 0 0 -3.8171287302589056e-14 0 0 -2.3510312610522619e-17 1868 1868 3.8190643895543536e-14 0 0 0
d 0 0 -3.8339933257409002e-14 0 0 -2.3653698153756925e-17 1869 1869 3.8359337954996425e-14 0 0 0
d 0 0 -3.851085136128914e-14 0 0 -2.3800263130463868e-17 1870 1870 3.8530304324795551e-14 0 0 0
d 0 0 -3.8684084634315338e-14 0 0 -2.395008696994952e-17 1871 1871 3.8703586075960136e-14 0 0 0
d 0 0 -3.8859659331038375e-14 0 0 -2.4103255292911045e-17 1872 1872 3.8879203238481846e-14 0 0 0
d 0 0 -3.9037557520148294e-14 0 0 -2.4259865562474732e-17 1873 1873 3.9057139432456606e-14 0 0 0
d 0 0 -3.9217812109502298e-14 0 0 -2.4420006369828375e-17 1874 1874 3.9237431381549825e-14 0 0 0
d 0 0 -3.9400461049127948e-14 0 0 -2.4583767811416367e-17 1875 1875 3.9420116716673672e-14 0 0 0
d 0 0 -3.9585542886572965e-14 0 0 -2.475124255000699e-17 1876 1876 3.960523394078629e-14 0 0 0
d 0 0 -3.977309672782949e-14 0 0 -2.4922525886867476e-17 1877 1877 3.9792822113020149e-14 0 0 0
d 0 0 -3.9963162179169995e-14 0 0 -2.5097715839371027e-17 1878 1878 3.998292078930347e-14 0 0 0
d 0 0 -4.015576064030726e-14 0 0 -2.5276916739536591e-17 1879 1879 4.0175546236985863e-14 0 0 0
d 0 0 -4.0350903904890973e-14 0 0 -2.5460237387649742e-17 1880 1880 4.0370713967390201e-14 0 0 0
d 0 0 -4.0548625769747698e-14 0 0 -2.5647785096708634e-17 1881 1881 4.0568458095954779e-14 0 0 0
d 0 0 -4.0748959440613489e-14 0 0 -2.58396702266769e-17 1882 1882 4.0768811588033642e-14 0 0 0
d 0 0 -4.0951937310511117e-14 0 0 -2.6036006272728865e-17 1883 1883 4.0971806637245927e-14 0 0 0
d 0 0 -4.1157590912596853e-14 0 0 -2.6236909916528659e-17 1884 1884 4.1177474583267927e-14 0 0 0
d 0 0 -4.1365950943355226e-14 0 0 -2.6442501065879523e-17 1885 1885 4.1385845946500227e-14 0 0 0
d 0 0 -4.1577108963950276e-14 0 0 -2.6652893118933659e-17 1886 1886 4.1597032907164373e-14 0 0 0
d 0 0 -4.1791242519780641e-14 0 0 -2.6868206278198106e-17 1887 1887 4.1814181632226563e-14 0 0 0
d 0 0 -4.2008393399606991e-14 0 0 -2.7088548893147537e-17 1888 1888 4.2033187631315101e-14 0 0 0
d 0 0 -4.2228600981992609e-14 0 0 -2.7314052977443226e-17 1889 1889 4.2253547813219013e-14 0 0 0
d 0 0 -4.2451907808159916e-14 0 0 -2.7544865098140431e-17 1890 1890 4.2477010002293819e-14 0 0 0
d 0 0 -4.267835682730252e-14 0 0 -2.7781126737096549e-17 1891 1891 4.2703617367254077e-14 0 0 0
d 0 0 -4.290799272192848e-14 0 0 -2.8022982989245952e-17 1892 1892 4.2933414787347874e-14 0 0 0
d 0 0 -4.3140861978842816e-14 0 0 -2.8270582672808931e-17 1893 1893 4.3166448962441224e-14 0 0 0
d 0 0 -4.3377012892074496e-14 0 0 -2.8524078452254162e-17 1894 1894 4.3402768413984563e-14 0 0 0
d 0 0 -4.3616495497234353e-14 0 0 -2.8783626971947612e-17 1895 1895 4.3642423417350166e-14 0 0 0
d 0 0 -4.3859361440697634e-14 0 0 -2.9049388997613779e-17 1896 1896 4.3885465869163025e-14 0 0 0
d 0 0 -4.4105663791862672e-14 0 0 -2.932152956225313e-17 1897 1897 4.4131949098145391e-14 0 0 0
d 0 0 -4.4355456812897835e-14 0 0 -2.9600218112751061e-17 1898 1898 4.4381927634193652e-14 0 0 0
d 0 0 -4.4608851506925688e-14 0 0 -2.9885623195611904e-17 1899 1899 4.4635520513789909e-14 0 0 0
d 0 0 -4.4866128537391479e-14 0 0 -3.0177903247573158e-17 1900 1900 4.4893006770083346e-14 0 0 0
d 0 0 -4.5127375275060997e-14 0 0 -3.0477243291436266e-17 1901 1901 4.515446819820801e-14 0 0 0
d 0 0 -4.5392657922689641e-14 0 0 -3.0783835843422178e-17 1902 1902 4.5419971660718008e-14 0 0 0
d 0 0 -4.5662043952561196e-14 0 0 -3.1097878659447922e-17 1903 1903 4.5689584979020823e-14 0 0 0
d 0 0 -4.593563049331617e-14 0 0 -3.141957282237579e-17 1904 1904 4.5963409452412776e-14 0 0 0
d 0 0 -4.6213591442463079e-14 0 0 -3.1749120346132385e-17 1905 1905 4.6241617984525679e-14 0 0 0
d 0 0 -4.6496008671962476e-14 0 0 -3.2086736921542427e-17 1906 1906 4.652429027610796e-14 0 0 0
d 0 0 -4.6782956087188355e-14 0 0 -3.2432644813623447e-17 1907 1907 4.6811500798183701e-14 0 0 0
d 0 0 -4.7074508929242361e-14 0 0 -3.2787072240018398e-17 1908 1908 4.7103325245554095e-14 0 0 0
d 0 0 -4.7370743714119455e-14 0 0 -3.3150253506171504e-17 1909 1909 4.7399840609269225e-14 0 0 0
d 0 0 -4.7671738193309055e-14 0 0 -3.3522429135665247e-17 1910 1910 4.7701125138334756e-14 0 0 0
d 0 0 -4.7977571331973195e-14 0 0 -3.3903845997015381e-17 1911 1911 4.8007258318709023e-14 0 0 0
d 0 0 -4.8288323301803258e-14 0 0 -3.4294757426930574e-17 1912 1912 4.8318320866655372e-14 0 0 0
d 0 0 -4.8604075486938689e-14 0 0 -3.4695423349705248e-17 1913 1913 4.8634394734929061e-14 0 0 0
d 0 0 -4.8924910502536652e-14 0 0 -3.5106110392056804e-17 1914 1914 4.89555631313562e-14 0 0 0
d 0 0 -4.9250912225960994e-14 0 0 -3.5527091992377629e-17 1915 1915 4.9281910549784796e-14 0 0 0
d 0 0 -4.9582165841295395e-14 0 0 -3.5958648502888544e-17 1916 1916 4.9613522814115435e-14 0 0 0
d 0 0 -4.9918757898578835e-14 0 0 -3.6401067282543111e-17 1917 1917 4.9950487136816412e-14 0 0 0
d 0 0 -5.0260776389988084e-14 0 0 -3.6854642777640119e-17 1918 1918 5.0292892194161744e-14 0 0 0
d 0 0 -5.0608316165395624e-14 0 0 -3.7319722613241558e-17 1919 1919 5.0645018809474577e-14 0 0 0
d 0 0 -5.0961457885541698e-14 0 0 -3.7796525079471742e-17 1920 1920 5.0998629418982364e-14 0 0 0
d 0 0 -5.1320299765206374e-14 0 0 -3.8285410645619501e-17 1921 1921 5.1357952864966732e-14 0 0 0
d 0 0 -5.1684936818052989e-14 0 0 -3.8786702464481414e-17 1922 1922 5.172308457339085e-14 0 0 0
d 0 0 -5.2055466321029877e-14 0 0 -3.9300730750697093e-17 1923 1923 5.2094122214405482e-14 0 0 0
d 0 0 -5.2431988150646494e-14 0 0 -3.9827832578975676e-17 1924 1924 5.2471166065519815e-14 0 0 0
d 0 0 -5.281460524067456e-14 0 0 -4.0368351529080485e-17 1925 1925 5.2854319469078683e-14 0 0 0
d 0 0 -5.3203424227232108e-14 0 0 -4.0922637086783873e-17 1926 1926 5.3243689477275736e-14 0 0 0
d 0 0 -5.3598556397866524e-14 0 0 -4.1491043637914138e-17 1927 1927 5.3639387801526852e-14 0 0 0
d 0 0 -5.4000119164367267e-14 0 0 -4.2073928745831795e-17 1928 1928 5.4041532286404469e-14 0 0 0
d 0 0 -5.4408238507201212e-14 0 0 -4.2671650075845621e-17 1929 1929 5.4450249357191337e-14 0 0 0
d 0 0 -5.4823053402788276e-14 0 0 -4.3284559518099796e-17 1930 1930 5.4865678455531383e-14 0 0 0
d 0 0 -5.524472485857091e-14 0 0 -4.3912990719548652e-17 1931 1931 5.5287981098888688e-14 0 0 0
d 0 0 -5.5673457927224956e-14 0 0 -4.4557227843977002e-17 1932 1932 5.5717362980667963e-14 0 0 0
d 0 0 -5.6109574624226014e-14 0 0 -4.5217399901171085e-17 1933 1933 5.6154147334697833e-14 0 0 0
d 0 0 -5.6553740186897094e-14 0 0 -4.5893158647085906e-17 1934 1934 5.6598986978413994e-14 0 0 0
d 0 0 -5.6994533589011644e-14 0 0 -4.660225318062714e-17 1935 1935 5.7040428729101613e-14 0 0 0
d 0 0 -5.7441835500276423e-14 0 0 -4.7330106094629946e-17 1936 1936 5.748848189455228e-14 0 0 0
d 0 0 -5.7896688271474087e-14 0 0 -4.8075804514892168e-17 1937 1937 5.794409191961795e-14 0 0 0
d 0 0 -5.8358986218357768e-14 0 0 -4.8840179264874784e-17 1938 1938 5.8407166258102685e-14 0 0 0
d 0 0 -5.8828760047561279e-14 0 0 -4.9623868129546291e-17 1939 1939 5.8877736582549811e-14 0 0 0
d 0 0 -5.9306086625200161e-14 0 0 -5.0427454287653656e-17 1940 1940 5.9355880468108543e-14 0 0 0
d 0 0 -5.9791065111297123e-14 0 0 -5.1251503539646463e-17 1941 1941 5.9841697675634555e-14 0 0 0
d 0 0 -6.0283808010811552e-14 0 0 -5.2096578730927388e-17 1942 1942 6.0335301261821248e-14 0 0 0
d 0 0 -6.0784437147591505e-14 0 0 -5.2963246686876558e-17 1943 1943 6.0836813578661718e-14 0 0 0
d 0 0 -6.1293081662693727e-14 0 0 -5.3852081990951254e-17 1944 1944 6.1346364284662752e-14 0 0 0
d 0 0 -6.180987696248418e-14 0 0 -5.4763669363332963e-17 1945 1945 6.1864089300279856e-14 0 0 0
d 0 0 -6.2334964168201945e-14 0 0 -5.5698605294447574e-17 1946 1946 6.2390130262370544e-14 0 0 0
d 0 0 -6.2868489856136152e-14 0 0 -5.6657499264712438e-17 1947 1947 6.2924634267955145e-14 0 0 0
d 0 0 -6.3410605982349417e-14 0 0 -5.7640974722934801e-17 1948 1948 6.3467753801847954e-14 0 0 0
d 0 0 -6.3961469938980536e-14 0 0 -5.8649669912195922e-17 1949 1949 6.4019646795488639e-14 0 0 0
d 0 0 -6.4521244719769554e-14 0 0 -5.9684238587312616e-17 1950 1950 6.4580476794767243e-14 0 0 0
d 0 0 -6.5090099195671626e-14 0 0 -6.0745350636799843e-17 1951 1951 6.5150413237779994e-14 0 0 0
d 0 0 -6.5668208527722658e-14 0 0 -6.1833692590969676e-17 1952 1952 6.5729631869701703e-14 0 0 0
d 0 0 -6.6255754788101561e-14 0 0 -6.2949967949966653e-17 1953 1953 6.6318315365709108e-14 0 0 0
d 0 0 -6.685292795483292e-14 0 0 -6.4094897165629981e-17 1954 1954 6.6916654327360429e-14 0 0 0
d 0 0 -6.7459927698916087e-14 0 0 -6.526921707391032e-17 1955 1955 6.7524844738195939e-14 0 0 0
d 0 0 -6.8076967110766783e-14 0 0 -6.647367718432157e-17 1956 1956 6.8143108828708386e-14 0 0 0
d 0 0 -6.8704276131288821e-14 0 0 -6.7708981348346272e-17 1957 1957 6.8769337508473151e-14 0 0 0
d 0 0 -6.9342174747579597e-14 0 0 -6.8975941569842414e-17 1958 1958 6.9408657662621463e-14 0 0 0
d 0 0 -6.9989518854776619e-14 0 0 -7.027681843884386e-17 1959 1959 7.0057424152429248e-14 0 0 0
d 0 0 -7.0646018868772974e-14 0 0 -7.1612976100506372e-17 1960 1960 7.0715410280724074e-14 0 0 0
d 0 0 -7.1313716019905751e-14 0 0 -7.298332302249821e-17 1961 1961 7.1384621593926158e-14 0 0 0
d 0 0 -7.1992737834431983e-14 0 0 -7.4388890570951012e-17 1962 1962 7.2065187831258763e-14 0 0 0
d 0 0 -7.2683294151328575e-14 0 0 -7.5830657075987753e-17 1963 1963 7.2757319651168964e-14 0 0 0
d 0 0 -7.3385621492343505e-14 0 0 -7.7309609913680721e-17 1964 1964 7.3461254361148876e-14 0 0 0
d 0 0 -7.4099972885391618e-14 0 0 -7.8826758385930654e-17 1965 1965 7.4177245805071975e-14 0 0 0
d 0 0 -7.4826615446732718e-14 0 0 -8.0383138362631665e-17 1966 1966 7.4905561980478605e-14 0 0 0
d 0 0 -7.5565832471293796e-14 0 0 -8.1979812773432082e-17 1967 1967 7.5646487155038184e-14 0 0 0
d 0 0 -7.6317854911176646e-14 0 0 -8.3617935682949678e-17 1968 1968 7.6400252209368342e-14 0 0 0
d 0 0 -7.7082770551282031e-14 0 0 -8.5298827187219932e-17 1969 1969 7.7166948606991985e-14 0 0 0
d 0 0 -7.786115875850713e-14 0 0 -8.7023418855337714e-17 1970 1970 7.7947155284741439e-14 0 0 0
d 0 0 -7.8653322279955748e-14 0 0 -8.8792938372685608e-17 1971 1971 7.8741176374292768e-14 0 0 0
d 0 0 -7.9459588194292902e-14 0 0 -9.0608648351717001e-17 1972 1972 7.9549340311122656e-14 0 0 0
d 0 0 -8.0280297893458828e-14 0 0 -9.2471849931287406e-17 1973 1973 8.0371989950361739e-14 0 0 0
d 0 0 -8.111580659158205e-14 0 0 -9.4383878972150734e-17 1974 1974 8.1209481991902848e-14 0 0 0
d 0 0 -8.1966481825752862e-14 0 0 -9.6346124633436882e-17 1975 1975 8.2062185550314186e-14 0 0 0
d 0 0 -8.2832704974625675e-14 0 0 -9.8360024623265059e-17 1976 1976 8.2930483649747709e-14 0 0 0
d 0 0 -8.3714871336605488e-14 0 0 -1.0042706762965533e-16 1977 1977 8.3814773300946173e-14 0 0 0
d 0 0 -8.4613390475120183e-14 0 0 -1.0254879571248082e-16 1978 1978 8.4715465845128315e-14 0 0 0
d 0 0 -8.552868662717538e-14 0 0 -1.0472680675933326e-16 1979 1979 8.5632987361337809e-14 0 0 0
d 0 0 -8.6461199137417282e-14 0 0 -1.0696275702927929e-16 1980 1980 8.6567779099628746e-14 0 0 0
d 0 0 -8.741138290997816e-14 0 0 -1.0925836379299118e-16 1981 1981 8.7520297932431816e-14 0 0 0
d 0 0 -8.8379708868212714e-14 0 0 -1.1161540807751764e-16 1982 1982 8.8491016814238779e-14 0 0 0
d 0 0 -8.9366664419959351e-14 0 0 -1.1403573751976265e-16 1983 1983 8.9480425247263345e-14 0 0 0
d 0 0 -9.0372753925691076e-14 0 0 -1.1652126933265884e-16 1984 1984 9.0489029750447449e-14 0 0 0
d 0 0 -9.1398499167163204e-14 0 0 -1.1907399338750897e-16 1985 1985 9.1517354329418135e-14 0 0 0
d 0 0 -9.2444439814472957e-14 0 0 -1.2169597541556275e-16 1986 1986 9.2565940945300444e-14 0 0 0
d 0 0 -9.3511133889510319e-14 0 0 -1.2438936033160949e-16 1987 1987 9.363534998035004e-14 0 0 0
d 0 0 -9.4599158223772875e-14 0 0 -1.2715637568210849e-16 1988 1988 9.4726160698358795e-14 0 0 0
d 0 0 -9.5709108908469182e-14 0 0 -1.2999933522011632e-16 1989 1989 9.5838971697747434e-14 0 0 0
d 0 0 -9.6841591973522936e-14 0 0 -1.3292057628792091e-16 1990 1990 9.6973101182116346e-14 0 0 0
d 0 0 -9.7997263133633763e-14 0 0 -1.3592273278611783e-16 1991 1991 9.8131920944464188e-14 0 0 0
d 0 0 -9.9176782149538794e-14 0 0 -1.3900840092664272e-16 1992 1992 9.9315785366073864e-14 0 0 0
d 0 0 -1.0038079917254048e-13 0 0 -1.4218013087883809e-16 1993 1993 1.0052297812361616e-13 0 0 0
d 0 0 -1.0161002700035425e-13 0 0 -1.4544080093687069e-16 1994 1994 1.0175546672909454e-13 0 0 0
d 0 0 -1.0286518585900732e-13 0 0 -1.487933246915026e-16 1995 1995 1.0301397821042734e-13 0 0 0
d 0 0 -1.04147018138255e-13 0 0 -1.5224073043598841e-16 1996 1996 1.0429925798621648e-13 0 0 0
d 0 0 -1.0545628853335397e-13 0 0 -1.5578616600999547e-16 1997 1997 1.0561207390009397e-13 0 0 0
d 0 0 -1.0679378431752586e-13 0 0 -1.5943290356610262e-16 1998 1998 1.0695321649795006e-13 0 0 0
d 0 0 -1.0816031558093594e-13 0 0 -1.6318434446637921e-16 1999 1999 1.0832349927180741e-13 0 0 0
d 0 0 -1.0955671543292186e-13 0 0 -1.6704402430624255e-16 2000 2000 1.0972375886707268e-13 0 0 0
d 0 0 -1.1244256944736841e-13 0 0 -1.75102945404438e-16 2002 2002 1.1261767060702154e-13 0 0 0
d 0 0 -1.1545847649280882e-13 0 0 -1.8364083470876755e-16 2004 2004 1.1564211588974837e-13 0 0 0
d 0 0 -1.1861194076919395e-13 0 0 -1.9269134903982918e-16 2006 2006 1.1880463096450097e-13 0 0 0
d 0 0 -1.2191083796498444e-13 0 0 -2.0229081336410476e-16 2008 2008 1.2211312785522304e-13 0 0 0
d 0 0 -1.2536340866164157e-13 0 0 -2.1247840360187213e-16 2010 2010 1.2557588632841055e-13 0 0 0
d 0 0 -1.2897824579124832e-13 0 0 -2.232963284049703e-16 2012 2012 1.2920154153261512e-13 0 0 0
d 0 0 -1.3276427335116444e-13 0 0 -2.3479000093900245e-16 2014 2014 1.3299906288499803e-13 0 0 0
d 0 0 -1.3673070951342923e-13 0 0 -2.4700818025074972e-16 2016 2016 1.3697771732222198e-13 0 0 0
d 0 0 -1.4088699526190302e-13 0 0 -2.6000302953118389e-16 2018 2018 1.4114699799597162e-13 0 0 0
d 0 0 -1.4524262638734528e-13 0 0 -2.7382992835371722e-16 2020 2020 1.4551645608036069e-13 0 0 0
d 0 0 -1.4980661449749361e-13 0 0 -2.8854636302201997e-16 2022 2022 1.5009516067232323e-13 0 0 0
d 0 0 -1.5458421626019345e-13 0 0 -3.0420446326957097e-16 2024 2024 1.5488842056961641e-13 0 0 0
d 0 0 -1.5970936135963615e-13 0 0 -3.2113629742445479e-16 2026 2026 1.6003049766006689e-13 0 0 0
d 0 0 -1.6510553821461063e-13 0 0 -3.3928312257323833e-16 2028 2028 1.6544481963123973e-13 0 0 0
d 0 0 -1.7072291141278561e-13 0 0 -3.5860088046384369e-16 2030 2030 1.7108151088565475e-13 0 0 0
d 0 0 -1.765773807723224e-13 0 0 -3.7918523237578318e-16 2032 2032 1.7695656478323773e-13 0 0 0
d 0 0 -1.8268144158789448e-13 0 0 -4.0113127057025097e-16 2034 2034 1.8308257179133125e-13 0 0 0
d 0 0 -1.8904680247658202e-13 0 0 -4.2453885742873312e-16 2036 2036 1.8947134040175405e-13 0 0 0
d 0 0 -1.9568503833677698e-13 0 0 -4.4951426860407178e-16 2038 2038 1.9613455179272566e-13 0 0 0
d 0 0 -2.0260785712369895e-13 0 0 -4.7617117604721057e-16 2040 2040 2.0308402759360841e-13 0 0 0
d 0 0 -2.0982724801908192e-13 0 0 -5.0463147356441358e-16 2042 2042 2.1033187888141542e-13 0 0 0
d 0 0 -2.1735558545977611e-13 0 0 -5.3502608608529319e-16 2044 2044 2.1789061101905094e-13 0 0 0
d 0 0 -2.2520571571736386e-13 0 0 -5.6749581718843792e-16 2046 2046 2.2577321108259946e-13 0 0 0
d 0 0 -2.3339103722680373e-13 0 0 -6.0219226250548082e-16 2048 2048 2.339932291034506e-13 0 0 0
d 0 0 -2.4192557990011206e-13 0 0 -6.3927880608032423e-16 2050 2050 2.4256485847567697e-13 0 0 0
d 0 0 -2.5082408579536536e-13 0 0 -6.7893171904088887e-16 2052 2052 2.5150301736295389e-13 0 0 0
d 0 0 -2.6010209291428113e-13 0 0 -7.2134136161897515e-16 2054 2054 2.6082343414713235e-13 0 0 0
d 0 0 -2.697760222248964e-13 0 0 -7.6671351602084621e-16 2056 2056 2.7054273563492465e-13 0 0 0
d 0 0 -2.7986326853262583e-13 0 0 -8.1527085576237754e-16 2058 2058 2.8067853930164525e-13 0 0 0
d 0 0 -2.9038229533848271e-13 0 0 -8.672545664451071e-16 2060 2060 2.9124954983432092e-13 0 0 0
d 0 0 -3.013527336711019e-13 0 0 -9.229261360388526e-16 2062 2062 3.0227565974995437e-13 0 0 0
d 0 0 -3.1279548497968413e-13 0 0 -9.8256933148403869e-16 2064 2064 3.1377805426506551e-13 0 0 0
d 0 0 -3.2473282815086932e-13 0 0 -1.0464923813536645e-15 2066 2066 3.257793204952208e-13 0 0 0
d 0 0 -3.3718853075268862e-13 0 0 -1.1150303863802063e-15 2068 2068 3.3830356110950779e-13 0 0 0
d 0 0 -3.5018796464889591e-13 0 0 -1.1885479820863716e-15 2070 2070 3.5137651260749331e-13 0 0 0
d 0 0 -3.6375822616021461e-13 0 0 -1.267442280431763e-15 2072 2072 3.6502566842211925e-13 0 0 0
d 0 0 -3.7792826096438119e-13 0 0 -1.3521461202784373e-15 2074 2074 3.7928040707020522e-13 0 0 0
d 0 0 -3.9272899391340286e-13 0 0 -1.4431316595486958e-15 2076 2076 3.9417212556187005e-13 0 0 0
d 0 0 -4.0819346389426839e-13 0 0 -1.5409143451543912e-15 2078 2078 4.0973437823117236e-13 0 0 0
d 0 0 -4.2435696375889395e-13 0 0 -1.6460573000489635e-15 2080 2080 4.2600302105311158e-13 0 0 0
d 0 0 -4.4125718519307246e-13 0 0 -1.7591761700167738e-15 2082 2082 4.4301636135936977e-13 0 0 0
d 0 0 -4.5893436817818529e-13 0 0 -1.8809444759771073e-15 2084 2084 4.6081531265233005e-13 0 0 0
d 0 0 -4.7743145546410385e-13 0 0 -2.0120994903656664e-15 2086 2086 4.7944355491926931e-13 0 0 0
d 0 0 -4.9679424477944795e-13 0 0 -2.1534488750550374e-15 2088 2088 4.9894769360451435e-13 0 0 0
d 0 0 -5.1707155347766371e-13 0 0 -2.3058776566122135e-15 2090 2090 5.1937743106924557e-13 0 0 0
d 0 0 -5.3831537232178913e-13 0 0 -2.4703562496881574e-15 2092 2092 5.4078572849133046e-13 0 0 0
d 0 0 -5.6058102280659329e-13 0 0 -2.647949080643106e-15 2094 2094 5.6322897179236103e-13 0 0 0
d 0 0 -5.8392730915541786e-13 0 0 -2.8398240784836537e-15 2096 2096 5.8676713314059085e-13 0 0 0
d 0 0 -6.0841666402826338e-13 0 0 -3.0472630554576399e-15 2098 2098 6.1146392695484069e-13 0 0 0
d 0 0 -6.3411528606547942e-13 0 0 -3.2716730543344878e-15 2100 2100 6.3738695898443417e-13 0 0 0
d 0 0 -6.6109326958836748e-13 0 0 -3.5145987103426889e-15 2102 2102 6.6460786816243904e-13 0 0 0
d 0 0 -6.8942472923309114e-13 0 0 -3.7777357518777466e-15 2104 2104 6.932024648547731e-13 0 0 0
d 0 0 -7.1918793070517152e-13 0 0 -4.0629457559574242e-15 2106 2106 7.2325087634491396e-13 0 0 0
d 0 0 -7.5046545635371346e-13 0 0 -4.3722724167334208e-15 2108 2108 7.5483772867633985e-13 0 0 0
d 0 0 -7.8334448142302033e-13 0 0 -4.7079598735853287e-15 2110 2110 7.8805244123190304e-13 0 0 0
d 0 0 -8.1791738319957869e-13 0 0 -5.0724745785643372e-15 2112 2112 8.2298985774775835e-13 0 0 0
d 0 0 -8.5428350396168599e-13 0 0 -5.4685359534075772e-15 2114 2114 8.5975203991835058e-13 0 0 0
d 0 0 -8.9255705369712505e-13 0 0 -5.8991867796329431e-15 2116 2116 8.9845624048777742e-13 0 0 0
d 0 0 -9.3262491549552142e-13 0 0 -6.3663876581119751e-15 2118 2118 9.389913002669717e-13 0 0 0
d 0 0 -9.7439466450298061e-13 0 0 -6.872239737567877e-15 2120 2120 9.8126690419848076e-13 0 0 0
d 0 0 -1.0183423895811905e-12 0 0 -7.4226263055807164e-15 2122 2122 1.025765015920691e-12 0 0 0
d 0 0 -1.0645509141114796e-12 0 0 -8.0214925773896494e-15 2124 2124 1.0725724067068851e-12 0 0 0
d 0 0 -1.1131194912294342e-12 0 0 -8.6732148338648247e-15 2126 2126 1.1217927060307985e-12 0 0 0
d 0 0 -1.1641518214368923e-12 0 0 -9.3825595131736679e-15 2128 2128 1.1735343806866155e-12 0 0 0
d 0 0 -1.2177534921720788e-12 0 0 -1.0154695850821103e-14 2130 2130 1.2279081876915983e-12 0 0 0
d 0 0 -1.2740308239822506e-12 0 0 -1.0995217017174425e-14 2132 2132 1.2850260404641443e-12 0 0 0
d 0 0 -1.3330901142829189e-12 0 0 -1.1910164155385697e-14 2134 2134 1.3450002776520864e-12 0 0 0
d 0 0 -1.3950370614771203e-12 0 0 -1.290605227674095e-14 2136 2136 1.4079431126728803e-12 0 0 0
d 0 0 -1.4599763033813452e-12 0 0 -1.3989897756841556e-14 2138 2138 1.4739661997235543e-12 0 0 0
d 0 0 -1.5280110481313579e-12 0 0 -1.5169247446660879e-14 2140 2140 1.5431802937971409e-12 0 0 0
d 0 0 -1.599244808744209e-12 0 0 -1.6452234405940246e-14 2142 2142 1.6156970409728939e-12 0 0 0
d 0 0 -1.6737863775974138e-12 0 0 -1.7847682369475427e-14 2144 2144 1.6916340573685562e-12 0 0 0
d 0 0 -1.7517408574476322e-12 0 0 -1.936504173494561e-14 2146 2146 1.7711058961452561e-12 0 0 0
d 0 0 -1.8332173707371338e-12 0 0 -2.1014531994873867e-14 2148 2148 1.8542318992650215e-12 0 0 0
d 0 0 -1.9183016758307694e-12 0 0 -2.2806804092260846e-14 2150 2150 1.9411084760088594e-12 0 0 0
d 0 0 -2.0070868537543041e-12 0 0 -2.475338280051426e-14 2152 2152 2.0318402322349604e-12 0 0 0
d 0 0 -2.0996654833721929e-12 0 0 -2.6866614345417023e-14 2154 2154 2.1265320929778766e-12 0 0 0
d 0 0 -2.1961397960152422e-12 0 0 -2.9159883509023494e-14 2156 2156 2.2252996743657847e-12 0 0 0
d 0 0 -2.2966159291918545e-12 0 0 -3.1647602349278717e-14 2158 2158 2.3282635259583651e-12 0 0 0
d 0 0 -2.4012064362513422e-12 0 0 -3.4345327210270422e-14 2160 2160 2.4355517574353846e-12 0 0 0
d 0 0 -2.5100338864726431e-12 0 0 -3.7269911002925032e-14 2162 2162 2.547303791418603e-12 0 0 0
d 0 0 -2.6230059810252242e-12 0 0 -4.0435613070247745e-14 2164 2164 2.6634415871490936e-12 0 0 0
d 0 0 -2.7404344937575309e-12 0 0 -4.3864831345291111e-14 2166 2166 2.7842993151536606e-12 0 0 0
d 0 0 -2.8624955554473255e-12 0 0 -4.7579343479268722e-14 2168 2168 2.9100748886957158e-12 0 0 0
d 0 0 -2.9893090479948118e-12 0 0 -5.1601380466542361e-14 2170 2170 3.0409104178699395e-12 0 0 0
d 0 0 -3.1210350070013514e-12 0 0 -5.595563524195739e-14 2172 2172 3.1769906312595347e-12 0 0 0
d 0 0 -3.2578474465248414e-12 0 0 -6.066893695940685e-14 2174 2174 3.3185163721254809e-12 0 0 0
d 0 0 -3.3999353732865643e-12 0 0 -6.5770464309150182e-14 2176 2176 3.4657058258177926e-12 0 0 0
d 0 0 -3.5475039721916615e-12 0 0 -7.1291985110273472e-14 2178 2178 3.6187959450805565e-12 0 0 0
d 0 0 -3.7007757171131684e-12 0 0 -7.7268119358380304e-14 2180 2180 3.7780438237744541e-12 0 0 0
d 0 0 -3.8599915244964458e-12 0 0 -8.3736631009929107e-14 2182 2182 3.9437281422949418e-12 0 0 0
d 0 0 -4.0254122289562158e-12 0 0 -9.0738759527616303e-14 2184 2184 4.1161509747070025e-12 0 0 0
d 0 0 -4.1973062400725772e-12 0 0 -9.8319190554551923e-14 2186 2186 4.2956254164151187e-12 0 0 0
d 0 0 -4.3759693187691126e-12 0 0 -1.0652692709188065e-13 2188 2188 4.4824962308191738e-12 0 0 0
d 0 0 -4.5617416841867419e-12 0 0 -1.1541625331144389e-13 2190 2190 4.6771579217576356e-12 0 0 0
d 0 0 -4.7549712782781509e-12 0 0 -1.2504611867632278e-13 2192 2192 4.8800173804404975e-12 0 0 0
d 0 0 -4.9560345249797923e-12 0 0 -1.3548122372531454e-13 2194 2194 5.0915157313557235e-12 0 0 0
d 0 0 -5.1653411217157268e-12 0 0 -1.467927408283076e-13 2196 2196 5.3121338443042465e-12 0 0 0
d 0 0 -5.3833429409350965e-12 0 0 -1.5905925520104969e-13 2198 2198 5.5424021769523077e-12 0 0 0
d 0 0 -5.6105491620154544e-12 0 0 -1.7236802828469001e-13 2200 2200 5.7829171701240511e-12 0 0 0
d 0 0 -5.8475526665445472e-12 0 0 -1.8681682752132821e-13 2202 2202 6.0343694728461335e-12 0 0 0
d 0 0 -6.095070011233806e-12 0 0 -2.0251647897051388e-13 2204 2204 6.2975864678626822e-12 0 0 0
d 0 0 -6.3539981118798544e-12 0 0 -2.1959438844868908e-13 2206 2206 6.5735924767236536e-12 0 0 0
d 0 0 -6.6254838429822824e-12 0 0 -2.3819905923964086e-13 2208 2208 6.8636828770947179e-12 0 0 0
d 0 0 -6.9109926459698449e-12 0 0 -2.5850526908107108e-13 2210 2210 7.16949791346877e-12 0 0 0
d 0 0 -7.2123553031312804e-12 0 0 -2.8071925417429871e-13 2212 2212 7.4930745555733547e-12 0 0 0
d 0 0 -7.5317810282951485e-12 0 0 -3.0508352347967542e-13 2214 2214 7.8368645498603422e-12 0 0 0
d 0 0 -7.8718560435036527e-12 0 0 -3.318821447727724e-13 2216 2216 8.2037381861495046e-12 0 0 0
d 0 0 -8.2355758760192238e-12 0 0 -3.6144880170859548e-13 2218 2218 8.5970246753678194e-12 0 0 0
d 0 0 -8.6264614407050551e-12 0 0 -3.9418053041839591e-13 2220 2220 9.0206419685228395e-12 0 0 0
d 0 0 -9.0487826535087439e-12 0 0 -4.3055954627052027e-13 2222 2222 9.4793421969425053e-12 0 0 0
d 0 0 -9.5078833796716398e-12 0 0 -4.7118467151671022e-13 2224 2224 9.9790680481291136e-12 0 0 0
d 0 0 -1.0010578763061637e-11 0 0 -5.1681285055102247e-13 2226 2226 1.052739161035228e-11 0 0 0
d 0 0 -1.0565569535473744e-11 0 0 -5.6840940352350421e-13 2228 2228 1.113397893531944e-11 0 0 0
d 0 0 -1.1183770929743829e-11 0 0 -6.2720180558689875e-13 2230 2230 1.1810972731722966e-11 0 0 0
d 0 0 -1.1878373222745258e-11 0 0 -6.9472442765879045e-13 2232 2232 1.2573097646693103e-11 0 0 0
d 0 0 -1.2664329166946744e-11 0 0 -7.7282913050553255e-13 2234 2234 1.3437158293745759e-11 0 0 0
d 0 0 -1.3556856035477181e-11 0 0 -8.6362073510150775e-13 2236 2236 1.4420476725772726e-11 0 0 0
d 0 0 -1.4568873079948409e-11 0 0 -9.6928743521949267e-13 2238 2238 1.5538160478487956e-11 0 0 0
d 0 0 -1.5709413002967692e-11 0 0 -1.09195118121548e-12 2240 2240 1.6801364151333861e-11 0 0 0
d 0 0 -1.6989899157746313e-11 0 0 -1.2341014684682574e-12 2242 2242 1.8224000579512076e-11 0 0 0
d 0 0 -1.8443407529334977e-11 0 0 -1.4002290904417191e-12 2244 2244 1.98436366127626e-11 0 0 0
d 0 0 -2.013893349202498e-11 0 0 -1.5984595851075663e-12 2246 2246 2.1737393067688643e-11 0 0 0
d 0 0 -2.2174311158027848e-11 0 0 -1.8406256660258205e-12 2248 2248 2.4014936811080365e-11 0 0 0
d 0 0 -2.4671144321014151e-11 0 0 -2.1424162519608154e-12 2250 2250 2.6813560557190278e-11 0 0 0
d 0 0 -2.7787772144693985e-11 0 0 -2.5252036739030469e-12 2252 2252 3.0312975801046747e-11 0 0 0
d 0 0 -3.1746995180020574e-11 0 0 -3.0197153643739895e-12 2254 2254 3.4766710526599774e-11 0 0 0
d 0 0 -3.6885490856481317e-11 0 0 -3.6727564056626944e-12 2256 2256 4.0558247245982818e-11 0 0 0
d 0 0 -4.3513397146966385e-11 0 0 -4.5330242408179022e-12 2258 2258 4.8046421428432156e-11 0 0 0
d 0 0 -5.2287661952619071e-11 0 0 -5.6951315632769123e-12 2260 2260 5.7982793536056625e-11 0 0 0
d 0 0 -6.4386828149965778e-11 0 0 -7.3275427139173207e-12 2262 2262 7.1714370928538911e-11 0 0 0
d 0 0 -8.1613000887206114e-11 0 0 -9.6948394523461536e-12 2264 2264 9.1307840350527439e-11 0 0 0
d 0 0 -1.0707414736665236e-10 0 0 -1.3257626117979027e-11 2266 2266 1.2033177377134749e-10 0 0 0
d 0 0 -1.4631169493017529e-10 0 0 -1.8846227037457166e-11 2268 2268 1.6515792201145992e-10 0 0 0
d 0 0 -2.0949001030273612e-10 0 0 -2.8003097183022581e-11 2270 2270 2.374931075656506e-10 0 0 0
d 0 0 -3.1558176345969629e-10 0 0 -4.3649881740548367e-11 2272 2272 3.592316453348287e-10 0 0 0
d 0 0 -5.001612897168595e-10 0 0 -7.135721404658943e-11 2274 2274 5.7151850378184778e-10 0 0 0
d 0 0 -8.2963247066075497e-10 0 0 -1.2171801378865646e-10 2276 2276 9.5135048447466878e-10 0 0 0
d 0 0 -1.427159959980983e-09 0 0 -2.1477278084764467e-10 2278 2278 1.6419327408584412e-09 0 0 0
d 0 0 -2.5297539377719634e-09 0 0 -3.8977322754182178e-10 2280 2280 2.9195271653462671e-09 0 0 0
d 0 0 -4.6641166155565521e-09 0 0 -7.3484515984308833e-10 2282 2282 5.3989617754307277e-09 0 0 0
d 0 0 -8.6875071063270779e-09 0 0 -1.3985175431309306e-09 2284 2284 1.0086024649479752e-08 0 0 0
d 0 0 -1.623959451933844e-08 0 0 -2.6699537564671605e-09 2286 2286 1.8909548275807808e-08 0 0 0
d 0 0 -3.0159062109994308e-08 0 0 -5.0630050669559142e-09 2288 2288 3.5222067176952807e-08 0 0 0
d 0 0 -5.5915050763891618e-08 0 0 -9.5840409614304025e-09 2290 2290 6.5499091725325677e-08 0 0 0
d 0 0 -1.0330115181237148e-07 0 0 -1.8078876865016902e-08 2292 2292 1.2138002867738709e-07 0 0 0
d 0 0 -1.9072354870751909e-07 0 0 -3.408716363683044e-08 2294 2294 2.2481071234429409e-07 0 0 0
d 0 0 -3.5708220818304491e-07 0 0 -6.5199619955439184e-08 2296 2296 4.2228182813813208e-07 0 0 0
d 0 0 -7.4459383172951644e-07 0 0 -1.3905350927517582e-07 2298 2298 8.8364734100491448e-07 0 0 0
d 0 0 -8.5517697311867492e-07 0 0 -1.6020684793425018e-07 2298.25 2298.25 1.0153838210561114e-06 0 0 0
d 0 0 -9.4090935188353679e-07 0 0 -1.7657195495947236e-07 2298.375 2298.375 1.1174813068453834e-06 0 0 0
d 0 0 -1.0129100544360406e-06 0 0 -1.9027578062595692e-07 2298.4375 2298.4375 1.2031858350590282e-06 0 0 0
d 0 0 -1.0439395072477064e-06 0 0 -1.9616714652899019e-07 2298.453125 2298.453125 1.2401066537734343e-06 0 0 0
d 0 0 -1.0689469815903012e-06 0 0 -2.0090793764740332e-07 2298.4609375 2298.4609375 1.2698549192399557e-06 0 0 0
d 0 0 -1.0999337849779171e-06 0 0 -2.0677260671979875e-07 2298.46484375 2298.46484375 1.3067063917021972e-06 0 0 0
Q 2 13 "Source Voltage"
Q 3 13 "Gate Voltage"
Q 4 13 "Drain Voltage"
Q 5 13 "Substrate Voltage"
Q 20 13 "Source Current"
Q 21 13 "Gate Current"
Q 22 13 "Drain Current"
Q 23 13 "Substrate Current"
Q 92 21 Contact
Q 601 13 "Source Int. Voltage"
Q 602 13 "Gate Int. Voltage"
Q 603 13 "Drain Int. Voltage"
Q 604 13 "Substrate Int. Voltage"
EOF 838302176
