v VICTORYDEVICE
# silvaco.file ASCII version=1.14.29 format=1 contents=SDB,Tables=1

Copyright "###################################################################"
Copyright "#                    Copyright Silvaco Inc. (c)                   #"
Copyright "#                            1992-2014                            #"
Copyright "#                                                                 #"
Copyright "# This file format and the following Key are copyright Silvaco    #"
Copyright "# International. You may not use, this format or key without      #"
Copyright "# reproducing this message in full and obtaining                  #"
Copyright "# express written permission from Silvaco Inc.                    #"
Copyright "#                                                                 #"
Copyright "# To obtain such permission please contact: Silvaco Inc.          #"
Copyright "#                                           support@silvaco.com   #"
Copyright "#                                                                 #"
Copyright "# KEY=SVC86hn7562asdx                       PROD=345              #"
Copyright "###################################################################"
#This file was created by VICTORYDEVICE version 1.24.0.R
#victoryd 1.24.0.R (Wed Jun 26 14:38:19 PDT 2024)
#libSDB 1.12.65 (Thu Dec  7 08:14:05 PST 2023)
a VICTORYDEVICE
j 1 9
k 4
r 1 92
x 3 43 42 46
w source 1 1
r 2 92
x 3 43 42 46
w gate 1 2
r 3 92
x 3 43 42 46
w drain 1 3
r 4 92
x 3 43 42 46
w substrate 1 4
y 1 15
z 300
f 4 source gate drain substrate
p 12 2 601 20 3 602 21 4 603 22 5 604 23
d 0 0 -1.3163896528529267e-28 0 0 -3.4144743283664413e-37 0.01 0.01 1.3163896562932912e-28 0 0 -1.0543701980088031e-43
d 0 0 -6.3072311494072897e-28 0 0 -4.0629596306302298e-36 0.1 0.1 6.3072311900372854e-28 0 0 -1.0800637876047701e-41
d 0 0 -5.6782052698124771e-28 0 0 -1.0674195060347852e-35 0.3 0.3 5.6782053768209326e-28 0 0 -2.6035732050054471e-38
d 0 0 -5.3648347049286902e-28 0 0 -1.7643576181700567e-35 0.5 0.5 5.3648353974920204e-28 0 0 -5.1612758243790373e-35
d 0 0 -5.3274430667383214e-28 0 0 -1.8375427032326752e-35 0.625 0.625 5.327450378782723e-28 0 0 -7.1069118941011796e-34
d 0 0 -5.3096503211624945e-28 0 0 -2.2652859341819696e-35 0.6875 0.6875 5.3096646140350888e-28 0 0 -1.4066632455564987e-33
d 0 0 -5.2935326071258773e-28 0 0 -2.4647400330812668e-35 0.75 0.75 5.2935634736765541e-28 0 0 -3.0620429285163743e-33
d 0 0 -5.2763355659872095e-28 0 0 -2.6474251521986048e-35 0.8125 0.8125 5.2764091886951461e-28 0 0 -7.3358199123198271e-33
d 0 0 -5.2608035004959656e-28 0 0 -3.0085153760450878e-35 0.875 0.875 5.2609903897456394e-28 0 0 -1.8658868279014085e-32
d 0 0 -5.2442422747659001e-28 0 0 -4.3463718711576395e-35 0.9375 0.9375 5.2447291148744654e-28 0 0 -4.8640565117086099e-32
d 0 0 -5.2294101413830554e-28 0 0 -1.5396337878403891e-34 1 1 5.2306512508550458e-28 0 0 -1.2395700533470615e-31
d 0 0 -4.9792633051458323e-28 0 0 -5.0848691397993894e-31 2 2 5.084379910813544e-28 0 0 -1.0003173638851936e-29
d 0 0 -4.911285229875142e-28 0 0 -6.1085843044007675e-31 2.25 2.25 5.0241235029641203e-28 0 0 -1.067279360218155e-29
d 0 0 -4.8437002693388309e-28 0 0 -7.1468237745610393e-31 2.5 2.5 4.9653308516656422e-28 0 0 -1.14482235619214e-29
d 0 0 -4.7777940910152168e-28 0 0 -8.3071358926660348e-31 2.75 2.75 4.9121473834692392e-28 0 0 -1.2604475433263221e-29
d 0 0 -4.7151115123742249e-28 0 0 -9.2755557517982921e-31 3 3 4.8684999970897251e-28 0 0 -1.4411155932311955e-29
d 0 0 -4.6561008555342889e-28 0 0 -1.0095864559225903e-30 3.25 3.25 4.8438443799795422e-28 0 0 -1.7764771447537901e-29
d 0 0 -4.6014909146758021e-28 0 0 -1.0866254158946405e-30 3.5 3.5 4.8273567465594094e-28 0 0 -2.1499809269538219e-29
d 0 0 -4.5521904726379235e-28 0 0 -1.1731297787336612e-30 3.75 3.75 4.7940386014096547e-28 0 0 -2.3011524817737071e-29
d 0 0 -4.507750269972305e-28 0 0 -1.237108545687537e-30 4 4 4.7568235012267297e-28 0 0 -2.3670049461925766e-29
d 0 0 -4.4319185566416677e-28 0 0 -1.3342791216305002e-30 4.5 4.5 4.6875320468051369e-28 0 0 -2.4227068887775508e-29
d 0 0 -4.3704636180737977e-28 0 0 -1.435656376698867e-30 5 5 4.6303762677743597e-28 0 0 -2.4555709838542146e-29
d 0 0 -4.3218766303390519e-28 0 0 -1.532280208857376e-30 5.5 5.5 4.5856128817774625e-28 0 0 -2.4841427060629707e-29
d 0 0 -4.2883417969774207e-28 0 0 -1.5952732460328761e-30 6 6 4.55875294663378e-28 0 0 -2.5445904568805951e-29
d 0 0 -4.277280501524383e-28 0 0 -1.6231201338194736e-30 6.25 6.25 4.5581677176399256e-28 0 0 -2.6465479714083311e-29
d 0 0 -4.2700840838798133e-28 0 0 -1.6516097249575376e-30 6.5 6.5 4.5603946134604703e-28 0 0 -2.7379315681409198e-29
d 0 0 -4.2639114633643531e-28 0 0 -1.7222777182105519e-30 7 7 4.5641267503307182e-28 0 0 -2.8299250978614602e-29
d 0 0 -4.2620629450667871e-28 0 0 -1.7671582701265308e-30 7.5 7.5 4.568255692697909e-28 0 0 -2.8852114677047463e-29
d 0 0 -4.261028048739129e-28 0 0 -1.8026459260868448e-30 8 8 4.5715326455793183e-28 0 0 -2.9247811956940487e-29
d 0 0 -4.2601290675626936e-28 0 0 -1.8362629038232269e-30 8.5 8.5 4.5738939522531469e-28 0 0 -2.9540223833852247e-29
d 0 0 -4.2592887995896846e-28 0 0 -1.8770478571685962e-30 9 9 4.5767972317241605e-28 0 0 -2.9873873910783034e-29
d 0 0 -4.2585225115440508e-28 0 0 -1.9132885569188715e-30 9.5 9.5 4.5789693020885182e-28 0 0 -3.0131453611243301e-29
d 0 0 -4.2577806177461067e-28 0 0 -1.9435071935136385e-30 10 10 4.5805725066067643e-28 0 0 -3.0335740707794538e-29
d 0 0 -4.2570533107963879e-28 0 0 -1.9923496456318341e-30 10.5 10.5 4.583056284905837e-28 0 0 -3.0608001512455005e-29
d 0 0 -4.2563386925746179e-28 0 0 -2.0211387332252667e-30 11 11 4.5887269383536712e-28 0 0 -3.1217685022349109e-29
d 0 0 -4.2556430248243302e-28 0 0 -2.0509880061287959e-30 11.5 11.5 4.5977182781140157e-28 0 0 -3.2156537322658368e-29
d 0 0 -4.254991964894125e-28 0 0 -2.0770190906440585e-30 12 12 4.603461395506821e-28 0 0 -3.2769923372281647e-29
d 0 0 -4.2544302225057027e-28 0 0 -2.0989689477901595e-30 12.5 12.5 4.6078887700789391e-28 0 0 -3.3246885334614993e-29
d 0 0 -4.2539945534463997e-28 0 0 -2.1178896828905805e-30 13 13 4.6125044041780921e-28 0 0 -3.3733115881399416e-29
d 0 0 -4.2535849705031803e-28 0 0 -2.1348212847389003e-30 13.5 13.5 4.6188806928807839e-28 0 0 -3.4394764389983507e-29
d 0 0 -4.2531007033591876e-28 0 0 -2.1508742242129512e-30 14 14 4.6287008391921363e-28 0 0 -3.5409139247558676e-29
d 0 0 -4.2525815227303447e-28 0 0 -2.1663546268599186e-30 14.5 14.5 4.6361766451032861e-28 0 0 -3.6193155967873061e-29
d 0 0 -4.2520649092039617e-28 0 0 -2.1814582912612834e-30 15 15 4.6391034220727616e-28 0 0 -3.6522382524916539e-29
d 0 0 -4.2515595429791783e-28 0 0 -2.1974822532413804e-30 15.5 15.5 4.6402959790913921e-28 0 0 -3.6677257128743638e-29
d 0 0 -4.2510669582563061e-28 0 0 -2.2127218335273928e-30 16 16 4.6409531637190684e-28 0 0 -3.6777478335031618e-29
d 0 0 -4.2501147232806337e-28 0 0 -2.2400961332998761e-30 17 17 4.641935046637564e-28 0 0 -3.6941933813300284e-29
d 0 0 -4.249227275434914e-28 0 0 -2.2689957894316374e-30 18 18 4.6421803017567786e-28 0 0 -3.7026307438393504e-29
d 0 0 -4.2488196411093517e-28 0 0 -2.2874517662472106e-30 18.5 18.5 4.6423246589472492e-28 0 0 -3.706685890545645e-29
d 0 0 -4.2484215937234067e-28 0 0 -2.3021022094674781e-30 19 19 4.6424984862582368e-28 0 0 -3.7110133241779165e-29
d 0 0 -4.2480152284913643e-28 0 0 -2.3156500163255258e-30 19.5 19.5 4.6429734194251499e-28 0 0 -3.7186115855167226e-29
d 0 0 -4.2476156453281098e-28 0 0 -2.3204768386376865e-30 20 20 4.6443884302011736e-28 0 0 -3.735666220447236e-29
d 0 0 -4.2472314928912045e-28 0 0 -2.3305446101709867e-30 20.5 20.5 4.6466852363037999e-28 0 0 -3.7614675454811052e-29
d 0 0 -4.2468673484102867e-28 0 0 -2.3398451963999888e-30 21 21 4.6486639302909357e-28 0 0 -3.7839643912865665e-29
d 0 0 -4.2462014135467836e-28 0 0 -2.3576128496883612e-30 22 22 4.6505163153996047e-28 0 0 -3.8074902539997296e-29
d 0 0 -4.2456140964711263e-28 0 0 -2.3770464450511545e-30 23 23 4.6512217528154081e-28 0 0 -3.8189760892626927e-29
d 0 0 -4.2451158003601877e-28 0 0 -2.3925409871848635e-30 24 24 4.6514335660774057e-28 0 0 -3.8245817577508588e-29
d 0 0 -4.2446711172478192e-28 0 0 -2.4427349861910739e-30 25 25 4.6521634891067183e-28 0 0 -3.8314378988854266e-29
d 0 0 -4.2442362742611768e-28 0 0 -2.4446520005407276e-30 26 26 4.6522524948782515e-28 0 0 -3.8352711671734689e-29
d 0 0 -4.2437991511006906e-28 0 0 -2.4571124345044681e-30 27 27 4.6523589645159413e-28 0 0 -3.8394435151373496e-29
d 0 0 -4.2433486087656926e-28 0 0 -2.4574248149776344e-30 28 28 4.6523553525916588e-28 0 0 -3.8427435006937919e-29
d 0 0 -4.2428776801770017e-28 0 0 -2.4677116631030716e-30 29 29 4.6520037742692592e-28 0 0 -3.8428496166072634e-29
d 0 0 -4.2423829357370004e-28 0 0 -2.4776050988019623e-30 30 30 4.6514659309228956e-28 0 0 -3.8414030178837076e-29
d 0 0 -4.2418635101772696e-28 0 0 -2.4979087056072396e-30 31 31 4.6510058199895446e-28 0 0 -3.8410437214902359e-29
d 0 0 -4.2413201751995399e-28 0 0 -2.4976619437011637e-30 32 32 4.6506380245305856e-28 0 0 -3.8419023955874691e-29
d 0 0 -4.2407546159865396e-28 0 0 -2.5213942566878951e-30 33 33 4.6503927084832385e-28 0 0 -3.8442568658433093e-29
d 0 0 -4.2401689727066522e-28 0 0 -2.529303505520469e-30 34 34 4.6504632315414367e-28 0 0 -3.8500122378445449e-29
d 0 0 -4.2398693590249668e-28 0 0 -2.5193002929025469e-30 34.5 34.5 4.6506676305034194e-28 0 0 -3.8546625064936687e-29
d 0 0 -4.2395656365756244e-28 0 0 -2.5187290041799285e-30 35 35 4.6510150315100033e-28 0 0 -3.8607913198071861e-29
d 0 0 -4.2392581382547534e-28 0 0 -2.5173709506859848e-30 35.5 35.5 4.6515555051030505e-28 0 0 -3.8688948907410329e-29
d 0 0 -4.2389472341838295e-28 0 0 -2.5434653726055582e-30 36 36 4.6522816073055664e-28 0 0 -3.8788937777531743e-29
d 0 0 -4.2386333788437819e-28 0 0 -2.5471148514180572e-30 36.5 36.5 4.6530509738901355e-28 0 0 -3.8893583591729967e-29
d 0 0 -4.2383172259930886e-28 0 0 -2.5507538891914741e-30 37 37 4.6536867856294103e-28 0 0 -3.8985117641845084e-29
d 0 0 -4.2380001564625221e-28 0 0 -2.5544394975355761e-30 37.5 37.5 4.6541177136628983e-28 0 0 -3.9056223687805243e-29
d 0 0 -4.2376885337784345e-28 0 0 -2.5584711081968767e-30 38 38 4.6543694392721048e-28 0 0 -3.9108634379312606e-29
d 0 0 -4.2371016159033995e-28 0 0 -2.5685675509146739e-30 39 39 4.6545979530491716e-28 0 0 -3.9181066164396202e-29
d 0 0 -4.2364862517811788e-28 0 0 -2.5770549518208281e-30 40 40 4.6547517686179395e-28 0 0 -3.9249496719240925e-29
d 0 0 -4.2358262742552193e-28 0 0 -2.5846040680842245e-30 41 41 4.6547174687481643e-28 0 0 -3.9304514234677773e-29
d 0 0 -4.2351590683771359e-28 0 0 -2.5924053732523834e-30 42 42 4.6544050666127056e-28 0 0 -3.9332200418952477e-29
d 0 0 -4.2344895945951798e-28 0 0 -2.6006225221520459e-30 43 43 4.6540020236425554e-28 0 0 -3.9350625939988225e-29
d 0 0 -4.233819986020928e-28 0 0 -2.6093314025605737e-30 44 44 4.6536459785643235e-28 0 0 -3.937327880931825e-29
d 0 0 -4.2331512912221729e-28 0 0 -2.6185753801870953e-30 45 45 4.6532523911043601e-28 0 0 -3.9391598466268393e-29
d 0 0 -4.2324870313873789e-28 0 0 -2.6279295147941593e-30 46 46 4.6527536201322926e-28 0 0 -3.9398842810786963e-29
d 0 0 -4.2312341655222148e-28 0 0 -2.6459711731671114e-30 48 48 4.6517114095943026e-28 0 0 -3.9400139095314476e-29
d 0 0 -4.2300927194841722e-28 0 0 -2.6262146708822772e-30 50 50 4.6514552998679336e-28 0 0 -3.9425866021759346e-29
d 0 0 -4.2289306194385124e-28 0 0 -2.7303720744810606e-30 52 52 4.6505640619408185e-28 0 0 -3.9432985569426954e-29
d 0 0 -4.2286381613159278e-28 0 0 -2.447973911439358e-30 52.5 52.5 4.6503249760496264e-28 0 0 -3.9433606246310592e-29
d 0 0 -4.2283449323178802e-28 0 0 -2.3594120204594549e-30 53 53 4.6500959668396634e-28 0 0 -3.943542273703542e-29
d 0 0 -4.228050943894065e-28 0 0 -2.613526958900811e-30 53.5 53.5 4.6498809777373371e-28 0 0 -3.9438827776082243e-29
d 0 0 -4.2277562120725942e-28 0 0 -2.7375689436473863e-30 54 54 4.6496791295290604e-28 0 0 -3.9443730894690448e-29
d 0 0 -4.2274607565700295e-28 0 0 -2.7196166789514743e-30 54.5 54.5 4.6494852527243747e-28 0 0 -3.944961172913549e-29
d 0 0 -4.2271645998467234e-28 0 0 -2.7586608461107447e-30 55 55 4.6492919445739949e-28 0 0 -3.9455725368713226e-29
d 0 0 -4.2268677662363346e-28 0 0 -2.704631108037825e-30 55.5 55.5 4.6490919699204011e-28 0 0 -3.9461343691741911e-29
d 0 0 -4.2265702813181007e-28 0 0 -2.5009129489766709e-30 56 56 4.6488795213149584e-28 0 0 -3.9465880847743627e-29
d 0 0 -4.2262721715370662e-28 0 0 -2.0621935236491769e-30 56.5 56.5 4.6486502876456128e-28 0 0 -3.9468900382425856e-29
d 0 0 -4.2259734639230983e-28 0 0 -2.7737426000006354e-30 57 57 4.6484016418048413e-28 0 0 -3.9470134768324424e-29
d 0 0 -4.2253743648838025e-28 0 0 -2.7799055840927047e-30 58 58 4.6478482442187125e-28 0 0 -3.9467435787819449e-29
d 0 0 -4.2241702175174441e-28 0 0 -2.7934705403336525e-30 60 60 4.6466414393611128e-28 0 0 -3.9453653113047167e-29
d 0 0 -4.223868112164534e-28 0 0 -2.7958694780232931e-30 60.5 60.5 4.6463501702568522e-28 0 0 -3.9451553882629865e-29
d 0 0 -4.223565641487832e-28 0 0 -2.7978765636510309e-30 61 61 4.6460722993217756e-28 0 0 -3.9450903504210596e-29
d 0 0 -4.2232628377043492e-28 0 0 -2.7444023470998733e-30 61.5 61.5 4.6458117854804838e-28 0 0 -3.9452090500958506e-29
d 0 0 -4.2229597339139043e-28 0 0 -2.7392865051029328e-30 62 62 4.6455729929711514e-28 0 0 -3.9455542417665327e-29
d 0 0 -4.2226563684054232e-28 0 0 -2.7308855503943326e-30 62.5 62.5 4.6453615139533618e-28 0 0 -3.9461811511091377e-29
d 0 0 -4.2223527862014058e-28 0 0 -2.7154214694560921e-30 63 63 4.6451846262806728e-28 0 0 -3.9471620536436471e-29
d 0 0 -4.2217451685488427e-28 0 0 -2.8171052628820322e-30 64 64 4.6449641845542436e-28 0 0 -3.9504796337770646e-29
d 0 0 -4.2211373162299313e-28 0 0 -2.8224214507314423e-30 65 65 4.6449169075218443e-28 0 0 -3.9555542138885604e-29
d 0 0 -4.2205297689779321e-28 0 0 -2.3869962991851609e-30 66 66 4.6449150259974914e-28 0 0 -3.9611010800583146e-29
d 0 0 -4.21992321865512e-28 0 0 -2.7276388309838247e-30 67 67 4.6448235767182406e-28 0 0 -3.9657617944338228e-29
d 0 0 -4.2193186584600056e-28 0 0 -2.8371418934136813e-30 68 68 4.6446293666149027e-28 0 0 -3.9693922779898307e-29
d 0 0 -4.2181430200366785e-28 0 0 -2.8465319331592404e-30 70 70 4.6440897482056303e-28 0 0 -3.9748142212828425e-29
d 0 0 -4.2176094656632666e-28 0 0 -2.7138813792884267e-30 71 71 4.6438437223303917e-28 0 0 -3.9771672450170065e-29
d 0 0 -4.2170530602739114e-28 0 0 -2.8473983440627922e-30 72 72 4.643608374061244e-28 0 0 -3.9799065099869032e-29
d 0 0 -4.2167591369086692e-28 0 0 -2.835742214318296e-30 72.5 72.5 4.6434855192529499e-28 0 0 -3.9814107863706088e-29
d 0 0 -4.2164633910023013e-28 0 0 -2.8577945610378907e-30 73 73 4.643355613140281e-28 0 0 -3.9828692845385745e-29
d 0 0 -4.2158709671106687e-28 0 0 -2.8644058867470278e-30 74 74 4.6430465216627893e-28 0 0 -3.9853149607517652e-29
d 0 0 -4.2155748698177552e-28 0 0 -2.3481964334595519e-30 74.5 74.5 4.6428588387255081e-28 0 0 -3.9862101530958978e-29
d 0 0 -4.2152789901756455e-28 0 0 -2.867031885173671e-30 75 75 4.6426487164476477e-28 0 0 -3.9868815899837383e-29
d 0 0 -4.2149833475539821e-28 0 0 8.1889072977753745e-31 75.5 75.5 4.6424189707520493e-28 0 0 -3.9873569661864026e-29
d 0 0 -4.2146879288828682e-28 0 0 -2.1898190738720841e-30 76 76 4.6421735564577852e-28 0 0 -3.9876758968849474e-29
d 0 0 -4.2140976459252544e-28 0 0 -2.8753565098967511e-30 77 77 4.6416520193985632e-28 0 0 -3.9880079736893405e-29
d 0 0 -4.2138027086553746e-28 0 0 -2.6600568435121639e-30 77.5 77.5 4.641382799884029e-28 0 0 -3.9880907162893556e-29
d 0 0 -4.2135078549179608e-28 0 0 -2.7333717609591305e-30 78 78 4.6411115491502653e-28 0 0 -3.9881544226316898e-29
d 0 0 -4.213213050491179e-28 0 0 -2.8804981522619757e-30 78.5 78.5 4.6408404636045303e-28 0 0 -3.9882213478712317e-29
d 0 0 -4.2129182640213756e-28 0 0 -2.8812064447473532e-30 79 79 4.64057150686996e-28 0 0 -3.9883114138198578e-29
d 0 0 -4.2126234732573139e-28 0 0 -2.8822706857670287e-30 79.5 79.5 4.6403062975227069e-28 0 0 -3.9884409696726888e-29
d 0 0 -4.2123286674676602e-28 0 0 -2.8833632408963739e-30 80 80 4.6400457761153854e-28 0 0 -3.9886194677175047e-29
d 0 0 -4.2111496710057234e-28 0 0 -2.8919193931531738e-30 82 82 4.6390372073057789e-28 0 0 -3.9896834091432188e-29
d 0 0 -4.2099798872411989e-28 0 0 -2.8981998206531843e-30 84 84 4.6380436460711203e-28 0 0 -3.990817571497927e-29
d 0 0 -4.2094552973508067e-28 0 0 -2.9021100710203672e-30 85 85 4.6375987544252566e-28 0 0 -3.9912244040307995e-29
d 0 0 -4.2092126676195e-28 0 0 -2.9046963211469523e-30 85.5 85.5 4.6374002562759709e-28 0 0 -3.9913890395268761e-29
d 0 0 -4.208995072089182e-28 0 0 -2.9451760179580328e-30 86 86 4.6378863042194564e-28 0 0 -3.9939641731727372e-29
d 0 0 -4.2085113061132966e-28 0 0 -2.9513147640985908e-30 87 87 4.637486334706223e-28 0 0 -3.9941764719643786e-29
d 0 0 -4.2082687065946286e-28 0 0 -2.8238469898844806e-30 87.5 87.5 4.6372648394912377e-28 0 0 -3.9941688075655618e-29
d 0 0 -4.2080259721720275e-28 0 0 -2.9600186466683984e-30 88 88 4.6370388647585246e-28 0 0 -3.9941199792028583e-29
d 0 0 -4.2077830966783002e-28 0 0 -2.8864633974472706e-30 88.5 88.5 4.6368089013993075e-28 0 0 -3.9940349294020545e-29
d 0 0 -4.207540074237322e-28 0 0 -2.937448479401668e-30 89 89 4.6365757904640584e-28 0 0 -3.9939220978759861e-29
d 0 0 -4.2072968991175983e-28 0 0 -2.9364654388663063e-30 89.5 89.5 4.6363406086074698e-28 0 0 -3.9937922945750972e-29
d 0 0 -4.2070535659550905e-28 0 0 -2.9384845718696831e-30 90 90 4.6361045200520395e-28 0 0 -3.9936572079010307e-29
d 0 0 -4.2068100699228557e-28 0 0 -2.9704277932271662e-30 90.5 90.5 4.6358686098240967e-28 0 0 -3.9935277321172258e-29
d 0 0 -4.2065664068046036e-28 0 0 -2.9722725977911662e-30 91 91 4.6356337129979106e-28 0 0 -3.9934122583731671e-29
d 0 0 -4.2063225730455973e-28 0 0 -2.9743593991974303e-30 91.5 91.5 4.635400262083767e-28 0 0 -3.9933151459921672e-29
d 0 0 -4.2060785657792285e-28 0 0 -2.9764466846305442e-30 92 92 4.6351681874152954e-28 0 0 -3.993235726088982e-29
d 0 0 -4.2058343828285386e-28 0 0 -2.9783810142415904e-30 92.5 92.5 4.6349369113451486e-28 0 0 -3.9931682426560355e-29
d 0 0 -4.2055900226842499e-28 0 0 -2.9804037638819111e-30 93 93 4.634705459506932e-28 0 0 -3.9931029648569288e-29
d 0 0 -4.2053454844650948e-28 0 0 -2.981870220105158e-30 93.5 93.5 4.6344726709363545e-28 0 0 -3.9930282882198271e-29
d 0 0 -4.2051007678707193e-28 0 0 -2.9077381335604861e-30 94 94 4.6342374441978209e-28 0 0 -3.9929331961389893e-29
d 0 0 -4.2048558731395065e-28 0 0 -2.9371954879053259e-30 94.5 94.5 4.6339989408535689e-28 0 0 -3.9928092940570515e-29
d 0 0 -4.2046108010219433e-28 0 0 -2.9367960601097657e-30 95 95 4.6337566921147861e-28 0 0 -3.9926518772828961e-29
d 0 0 -4.2043655527758372e-28 0 0 -2.933030537034101e-30 95.5 95.5 4.6335106011677759e-28 0 0 -3.9924599532779303e-29
d 0 0 -4.2041201301849365e-28 0 0 -2.9913636008644758e-30 96 96 4.6332608697774425e-28 0 0 -3.9922355076808957e-29
d 0 0 -4.2038745355984075e-28 0 0 -2.9932253657825116e-30 96.5 96.5 4.6330078912271082e-28 0 0 -3.9919824337859431e-29
d 0 0 -4.2036287719847987e-28 0 0 -2.9908109190191961e-30 97 97 4.6327521457454749e-28 0 0 -3.9917054855027437e-29
d 0 0 -4.2033828429900026e-28 0 0 -2.9880419979477292e-30 97.5 97.5 4.6324941206460742e-28 0 0 -3.9914094785705473e-29
d 0 0 -4.2031367529848855e-28 0 0 -2.9845812056272254e-30 98 98 4.6322342645529288e-28 0 0 -3.991098832327527e-29
d 0 0 -4.2028905070861215e-28 0 0 -2.980944302311351e-30 98.5 98.5 4.6319729746848053e-28 0 0 -3.9907774423352725e-29
d 0 0 -4.2026441111355924e-28 0 0 -2.9790517911975201e-30 99 99 4.631710609386015e-28 0 0 -3.9904488060334307e-29
d 0 0 -4.2023975716302138e-28 0 0 -2.9814362371348103e-30 99.5 99.5 4.631447514620672e-28 0 0 -3.9901162886208651e-29
d 0 0 -4.2021508956045354e-28 0 0 -2.9872753478384707e-30 100 100 4.6311840528393138e-28 0 0 -3.9897834132350332e-29
d 0 0 -4.2018423699194335e-28 0 0 -3.0043429016086434e-30 100.625 100.625 4.6308548248085374e-28 0 0 -3.9893728063265759e-29
d 0 0 -4.2015336574710085e-28 0 0 -3.0070784489871256e-30 101.25 101.25 4.6305265406124199e-28 0 0 -3.9889764329668307e-29
d 0 0 -4.2012247732825091e-28 0 0 -3.002656739776382e-30 101.875 101.875 4.6302001818005862e-28 0 0 -3.9886038934588159e-29
d 0 0 -4.2009157321151532e-28 0 0 -3.012623498723227e-30 102.5 102.5 4.6298767571100913e-28 0 0 -3.9882650627332378e-29
d 0 0 -4.2006065482669267e-28 0 0 -3.0149411370319879e-30 103.125 103.125 4.6295572020998314e-28 0 0 -3.9879690895818071e-29
d 0 0 -4.2002972355088546e-28 0 0 -3.0152987735226087e-30 103.75 103.75 4.629242263920864e-28 0 0 -3.987723244888402e-29
d 0 0 -4.1999878071273064e-28 0 0 -3.0185909016825854e-30 104.375 104.375 4.6289323911989903e-28 0 0 -3.9875318200662948e-29
d 0 0 -4.1996782760364147e-28 0 0 -3.0187484045616027e-30 105 105 4.6286276494403442e-28 0 0 -3.987395279993867e-29
d 0 0 -4.1993686549319265e-28 0 0 -3.0216565378649838e-30 105.625 105.625 4.6283276816932269e-28 0 0 -3.9873098674474014e-29
d 0 0 -4.1990589564693623e-28 0 0 -3.0233821527754651e-30 106.25 106.25 4.6280317314756864e-28 0 0 -3.987267830518191e-29
d 0 0 -4.1987491934618241e-28 0 0 -3.0261542504053729e-30 106.875 106.875 4.6277387350572102e-28 0 0 -3.9872583426975244e-29
d 0 0 -4.198439379105548e-28 0 0 -3.0278208287064278e-30 107.5 107.5 4.6274474663985858e-28 0 0 -3.9872689500057015e-29
d 0 0 -4.1978196527795654e-28 0 0 -3.0315496575542513e-30 108.75 108.75 4.626865291883025e-28 0 0 -3.9873014255840825e-29
d 0 0 -4.1975097720626728e-28 0 0 -3.0332234628290406e-30 109.375 109.375 4.6265723276662243e-28 0 0 -3.9873022651338653e-29
d 0 0 -4.197199903711705e-28 0 0 -2.8874104669842644e-30 110 110 4.6262770885945365e-28 0 0 -3.9872822711027296e-29
d 0 0 -4.1968900696394923e-28 0 0 -3.0365289786843123e-30 110.625 110.625 4.6259791411690389e-28 0 0 -3.9872368108882468e-29
d 0 0 -4.196580296783528e-28 0 0 -3.0382011171651962e-30 111.25 111.25 4.6256783981195465e-28 0 0 -3.9871646661537177e-29
d 0 0 -4.1962706200102758e-28 0 0 -3.0397593900720922e-30 111.875 111.875 4.6253751988147364e-28 0 0 -3.9870687927341322e-29
d 0 0 -4.1961158319265257e-28 0 0 -3.0405368328876698e-30 112.1875 112.1875 4.6252229181734338e-28 0 0 -3.987014185420916e-29
d 0 0 -4.195961087359934e-28 0 0 -3.0413239714472492e-30 112.5 112.5 4.6250703784878064e-28 0 0 -3.9869569621435029e-29
d 0 0 -4.1956517703319221e-28 0 0 -3.0427372787468358e-30 113.125 113.125 4.624765320080356e-28 0 0 -3.9868421668973185e-29
d 0 0 -4.195342786378213e-28 0 0 -3.0443925388230349e-30 113.75 113.75 4.6244619946038789e-28 0 0 -3.9867427788604869e-29
d 0 0 -4.1950343562819993e-28 0 0 -3.0458483345387917e-30 114.375 114.375 4.6241630139602939e-28 0 0 -3.986682452632769e-29
d 0 0 -4.1947269899144659e-28 0 0 -3.0475830250122196e-30 115 115 4.6238717790085172e-28 0 0 -3.9866895838162013e-29
d 0 0 -4.1945741133977931e-28 0 0 -3.0482415209550924e-30 115.3125 115.3125 4.6237304910886683e-28 0 0 -3.986728237685636e-29
d 0 0 -4.1944224165933795e-28 0 0 -3.0490117958178047e-30 115.625 115.625 4.6235933094015182e-28 0 0 -3.9867954884494451e-29
d 0 0 -4.1941362877531468e-28 0 0 -3.0509290830036623e-30 116.25 116.25 4.623346828298179e-28 0 0 -3.9870221458440793e-29
d 0 0 -4.1938836588871378e-28 0 0 -3.0528078743686647e-30 116.875 116.875 4.6231504831722417e-28 0 0 -3.9873874260270813e-29
d 0 0 -4.1936016627278196e-28 0 0 -3.0545138812172395e-30 117.5 117.5 4.6229428975345122e-28 0 0 -3.9879608787033866e-29
d 0 0 -4.1934550742310121e-28 0 0 -3.0551602040512436e-30 117.8125 117.8125 4.6228406584251864e-28 0 0 -3.9883241987566273e-29
d 0 0 -4.1933049276853181e-28 0 0 -3.0559337061203788e-30 118.125 118.125 4.622739524433078e-28 0 0 -3.9887374030637795e-29
d 0 0 -4.192999703923362e-28 0 0 -3.0574523159420725e-30 118.75 118.75 4.6225450638105879e-28 0 0 -3.9896958706938666e-29
d 0 0 -4.1926918681725992e-28 0 0 -3.0590574405377158e-30 119.375 119.375 4.6223613047933067e-28 0 0 -3.9907900672053573e-29
d 0 0 -4.1923829401176877e-28 0 0 -3.0574407643120119e-30 120 120 4.6221837287408346e-28 0 0 -3.9919579957208388e-29
d 0 0 -4.1899020473238296e-28 0 0 -3.0719829189499126e-30 125 125 4.6204518159439365e-28 0 0 -3.9982985173720078e-29
d 0 0 -4.1874219401953062e-28 0 0 -3.0825774489867782e-30 130 130 4.6181232244450461e-28 0 0 -3.9987465673604207e-29
d 0 0 -4.1849514097898428e-28 0 0 -3.0923078696970776e-30 135 135 4.6157120487128466e-28 0 0 -3.9983714014632873e-29
d 0 0 -4.1827832890304601e-28 0 0 -3.1451172550056405e-30 140 140 4.6146510837921776e-28 0 0 -4.0041661029180441e-29
d 0 0 -4.1825447801811813e-28 0 0 -3.1467903223070749e-30 140.625 140.625 4.6144179527222525e-28 0 0 -4.004052625144114e-29
d 0 0 -4.1823063316833791e-28 0 0 -3.1484376742528565e-30 141.25 141.25 4.6141837421723815e-28 0 0 -4.0039300519749664e-29
d 0 0 -4.1820679511231398e-28 0 0 -3.1500577661708575e-30 141.875 141.875 4.6139490893314484e-28 0 0 -4.0038041361207796e-29
d 0 0 -4.1818296409399756e-28 0 0 -3.1516059173200444e-30 142.5 142.5 4.6137144952782979e-28 0 0 -4.0036798031829964e-29
d 0 0 -4.1815914034846034e-28 0 0 -3.1532723075048429e-30 143.125 143.125 4.6134804285059363e-28 0 0 -4.0035616635332803e-29
d 0 0 -4.1814723127463865e-28 0 0 -3.1540099038172791e-30 143.4375 143.4375 4.6133637294788979e-28 0 0 -4.0035062613725856e-29
d 0 0 -4.1813532410431479e-28 0 0 -3.1548054918445497e-30 143.75 143.75 4.6132473219205607e-28 0 0 -4.0034539793862015e-29
d 0 0 -4.1812341886525572e-28 0 0 -3.1555979848211823e-30 144.0625 144.0625 4.61313125477902e-28 0 0 -4.0034052995638313e-29
d 0 0 -4.1811151558494168e-28 0 0 -3.156387464175376e-30 144.375 144.375 4.6130155752155699e-28 0 0 -4.0033606862754079e-29
d 0 0 -4.1809961429057339e-28 0 0 -3.1571740073511528e-30 144.6875 144.6875 4.6129003287509966e-28 0 0 -4.0033205877218354e-29
d 0 0 -4.1808771500907774e-28 0 0 -3.1579576869912511e-30 145 145 4.6127855593856864e-28 0 0 -4.0032854371117701e-29
d 0 0 -4.1807581776711098e-28 0 0 -3.1587385755301661e-30 145.3125 145.3125 4.6126713096765445e-28 0 0 -4.0032556534104986e-29
d 0 0 -4.180639225910611e-28 0 0 -3.159516738429159e-30 145.625 145.625 4.6125576207587926e-28 0 0 -4.0032316415407513e-29
d 0 0 -4.1805202950705019e-28 0 0 -3.1602922327726675e-30 145.9375 145.9375 4.6124445323044469e-28 0 0 -4.0032137919528309e-29
d 0 0 -4.1804013854093587e-28 0 0 -3.161065125291869e-30 146.25 146.25 4.6123320824131946e-28 0 0 -4.0032024795207219e-29
d 0 0 -4.1802824971831529e-28 0 0 -3.1618354630481988e-30 146.5625 146.5625 4.6122203074352318e-28 0 0 -4.0031980617595032e-29
d 0 0 -4.1801636306452798e-28 0 0 -3.1626032974194454e-30 146.875 146.875 4.6121092417291807e-28 0 0 -4.0032008763948883e-29
d 0 0 -4.1800447860466188e-28 0 0 -3.1633686736904365e-30 147.1875 147.1875 4.6119989173612299e-28 0 0 -4.0032112383459921e-29
d 0 0 -4.1799259636355886e-28 0 0 -3.1641316346420275e-30 147.5 147.5 4.6118893637539325e-28 0 0 -4.0032294362057104e-29
d 0 0 -4.1798071636582186e-28 0 0 -3.1648922116745788e-30 147.8125 147.8125 4.6117806072946838e-28 0 0 -4.0032557283185352e-29
d 0 0 -4.179688386358236e-28 0 0 -3.1656504451064201e-30 148.125 148.125 4.611672670914574e-28 0 0 -4.0032903385627913e-29
d 0 0 -4.1795696319771549e-28 0 0 -3.1664063528418283e-30 148.4375 148.4375 4.6115655736482648e-28 0 0 -4.0033334519437098e-29
d 0 0 -4.1794509007543689e-28 0 0 -3.1671599678759299e-30 148.75 148.75 4.611459330184808e-28 0 0 -4.003385210096262e-29
d 0 0 -4.1793321929272648e-28 0 0 -3.167718404686359e-30 149.0625 149.0625 4.6113539504079288e-28 0 0 -4.003445706783977e-29
d 0 0 -4.1792135087313226e-28 0 0 -3.1684428859908862e-30 149.375 149.375 4.6112494389921438e-28 0 0 -4.0035149834639717e-29
d 0 0 -4.1789762121660002e-28 0 0 -3.1698823465138875e-30 150 150 4.6110430110765958e-28 0 0 -4.0036797553646173e-29
d 0 0 -4.1788576002590755e-28 0 0 -3.1705966211094101e-30 150.3125 150.3125 4.6109410738985391e-28 0 0 -4.0037750339540096e-29
d 0 0 -4.1787390129084539e-28 0 0 -3.171308049466661e-30 150.625 150.625 4.6108399629449827e-28 0 0 -4.0038786515555187e-29
d 0 0 -4.1786204503417988e-28 0 0 -3.172016278112905e-30 150.9375 150.9375 4.6107396505759321e-28 0 0 -4.0039903269981796e-29
d 0 0 -4.1785019127855554e-28 0 0 -3.1727213315469996e-30 151.25 151.25 4.610640101630606e-28 0 0 -4.0041097039589823e-29
d 0 0 -4.1782649136046497e-28 0 0 -3.1740416636085104e-30 151.875 151.875 4.6104431141821081e-28 0 0 -4.0043697455759899e-29
d 0 0 -4.1781464524277615e-28 0 0 -3.1748176794244023e-30 152.1875 152.1875 4.6103455656201092e-28 0 0 -4.0045093004158711e-29
d 0 0 -4.178028017157023e-28 0 0 -3.1755102688328503e-30 152.5 152.5 4.6102485601969522e-28 0 0 -4.0046543356022732e-29
d 0 0 -4.1777912252209128e-28 0 0 -3.1768865586089577e-30 153.125 153.125 4.6100558698427113e-28 0 0 -4.004957739848141e-29
d 0 0 -4.1775545395636188e-28 0 0 -3.1782501356810055e-30 153.75 153.75 4.609864351364344e-28 0 0 -4.0052730054806506e-29
d 0 0 -4.1773179619422267e-28 0 0 -3.1795453954117885e-30 154.375 154.375 4.6096732123777239e-28 0 0 -4.0055921740736454e-29
d 0 0 -4.1770814941026763e-28 0 0 -3.1809438025751709e-30 155 155 4.6094815978635945e-28 0 0 -4.0059066613864169e-29
d 0 0 -4.176845137777421e-28 0 0 -3.1823682835954137e-30 155.625 155.625 4.6092886436011933e-28 0 0 -4.0062077918341863e-29
d 0 0 -4.1766088946826518e-28 0 0 -3.1835467278092832e-30 156.25 156.25 4.6090935384332913e-28 0 0 -4.0064874212127125e-29
d 0 0 -4.1763727665166214e-28 0 0 -3.1848356945453521e-30 156.875 156.875 4.6088955844370118e-28 0 0 -4.0067385378751977e-29
d 0 0 -4.1761367549607382e-28 0 0 -3.1861805351614843e-30 157.5 157.5 4.6086942431130287e-28 0 0 -4.0069557251429698e-29
d 0 0 -4.1759008616846262e-28 0 0 -3.1874541752431009e-30 158.125 158.125 4.6084891596207255e-28 0 0 -4.0071354033558413e-29
d 0 0 -4.1756650883555607e-28 0 0 -3.1888524490936827e-30 158.75 158.75 4.6082801630159938e-28 0 0 -4.0072758320026756e-29
d 0 0 -4.1754294366519608e-28 0 0 -3.1899794548151145e-30 159.375 159.375 4.6080672464574586e-28 0 0 -4.0073769120810416e-29
d 0 0 -4.1751939082801759e-28 0 0 -3.1911939029252171e-30 160 160 4.6078505350834962e-28 0 0 -4.0074398639326636e-29
d 0 0 -4.1733143530070543e-28 0 0 -3.2009179492621547e-30 165 165 4.6060136663617828e-28 0 0 -4.0069013293310529e-29
d 0 0 -4.1731971722219928e-28 0 0 -3.2014968757335623e-30 165.3125 165.3125 4.6058948173212443e-28 0 0 -4.0068263698680549e-29
d 0 0 -4.173080027927242e-28 0 0 -3.2020771936809515e-30 165.625 165.625 4.6057757032978925e-28 0 0 -4.0067486289211615e-29
d 0 0 -4.1728458507708318e-28 0 0 -3.2032342808998518e-30 166.25 166.25 4.6055368061550315e-28 0 0 -4.0065860354534267e-29
d 0 0 -4.17261182586096e-28 0 0 -3.2043782828481242e-30 166.875 166.875 4.6052972213013876e-28 0 0 -4.0064159573055712e-29
d 0 0 -4.1723779582934321e-28 0 0 -3.2055125124496525e-30 167.5 167.5 4.605057187325952e-28 0 0 -4.0062407172366757e-29
d 0 0 -4.1721442541863324e-28 0 0 -3.2066340810994676e-30 168.125 168.125 4.6048169355858356e-28 0 0 -4.0060625552709934e-29
d 0 0 -4.171910721037431e-28 0 0 -3.2077502805023706e-30 168.75 168.75 4.6045766901259012e-28 0 0 -4.0058836241721685e-29
d 0 0 -4.1716773682506469e-28 0 0 -3.2088439898555197e-30 169.375 169.375 4.604336667152167e-28 0 0 -4.005705978720621e-29
d 0 0 -4.1714442079376327e-28 0 0 -3.2099396720740119e-30 170 170 4.6040970743198884e-28 0 0 -4.0055315602437328e-29
d 0 0 -4.1713277047817878e-28 0 0 -3.2105125902733728e-30 170.3125 170.3125 4.6039775016130734e-28 0 0 -4.0054461321910959e-29
d 0 0 -4.1712112561871619e-28 0 0 -3.2110577540804235e-30 170.625 170.625 4.6038581101741059e-28 0 0 -4.0053621778586904e-29
d 0 0 -4.1710948651293783e-28 0 0 -3.2116008787278919e-30 170.9375 170.9375 4.6037389234168322e-28 0 0 -4.0052798993491994e-29
d 0 0 -4.1709785351729053e-28 0 0 -3.2121419894893917e-30 171.25 171.25 4.6036199642781127e-28 0 0 -4.0051994879037589e-29
d 0 0 -4.1708622706428639e-28 0 0 -3.2126811143659071e-30 171.5625 171.5625 4.6035012553336405e-28 0 0 -4.0051211232669938e-29
d 0 0 -4.1707460768641632e-28 0 0 -3.2132182851618854e-30 171.875 171.875 4.6033828189852133e-28 0 0 -4.0050449730777475e-29
d 0 0 -4.1706299605021982e-28 0 0 -3.2137535386148692e-30 172.1875 172.1875 4.6032646777558792e-28 0 0 -4.0049711922845878e-29
d 0 0 -4.1705139300614643e-28 0 0 -3.2142869183922516e-30 172.5 172.5 4.6031468547498026e-28 0 0 -4.004899922569613e-29
d 0 0 -4.170397996638527e-28 0 0 -3.2148184779448353e-30 172.8125 172.8125 4.6030293743723131e-28 0 0 -4.0048312917345905e-29
d 0 0 -4.1702821751019126e-28 0 0 -3.215348284991314e-30 173.125 173.125 4.6029122634790004e-28 0 0 -4.00476541294703e-29
d 0 0 -4.1701664860248153e-28 0 0 -3.2158764288781609e-30 173.4375 173.4375 4.6027955532705607e-28 0 0 -4.0047023836315475e-29
d 0 0 -4.1700509590271349e-28 0 0 -3.2164030333468085e-30 173.75 173.75 4.6026792825694484e-28 0 0 -4.0046422835541603e-29
d 0 0 -4.1699356389595208e-28 0 0 -3.2169282800978211e-30 174.0625 174.0625 4.6025635038648942e-28 0 0 -4.004585171098105e-29
d 0 0 -4.16982059838959e-28 0 0 -3.2174524565630145e-30 174.375 174.375 4.6024482954751122e-28 0 0 -4.0045310753135254e-29
d 0 0 -4.1697059659402238e-28 0 0 -3.2179760643466474e-30 174.6875 174.6875 4.6023337890730343e-28 0 0 -4.0044799771062175e-29
d 0 0 -4.1695920021780636e-28 0 0 -3.2185001105942521e-30 175 175 4.602220243279619e-28 0 0 -4.0044317576847704e-29
d 0 0 -4.1694793613183723e-28 0 0 -3.2190271177021416e-30 175.3125 175.3125 4.6021082973033722e-28 0 0 -4.0043860193343024e-29
d 0 0 -4.1693704589918581e-28 0 0 -3.2195664405664628e-30 175.625 175.625 4.6020002964531361e-28 0 0 -4.0043411481699107e-29
d 0 0 -4.1691927142856399e-28 0 0 -3.2207904997479058e-30 176.25 176.25 4.6018239803318552e-28 0 0 -4.0042332531911048e-29
d 0 0 -4.169102412717176e-28 0 0 -3.2213907782434721e-30 176.5625 176.5625 4.6017347750416476e-28 0 0 -4.0041839960562935e-29
d 0 0 -4.1689952466825299e-28 0 0 -3.2219274275690561e-30 176.875 176.875 4.6016295364827283e-28 0 0 -4.0041495505112192e-29
d 0 0 -4.1688830594290401e-28 0 0 -3.2224438335412512e-30 177.1875 177.1875 4.6015197750899072e-28 0 0 -4.0041221609449015e-29
d 0 0 -4.1687693289800358e-28 0 0 -3.2229525857209708e-30 177.5 177.5 4.601408868692241e-28 0 0 -4.0040995291072417e-29
d 0 0 -4.1685400780340173e-28 0 0 -3.2239626647793596e-30 178.125 178.125 4.6011863961804701e-28 0 0 -4.0040668378060269e-29
d 0 0 -4.168309812114526e-28 0 0 -3.2249554887373038e-30 178.75 178.75 4.6009644076187441e-28 0 0 -4.0040503138204893e-29
d 0 0 -4.1680791128971914e-28 0 0 -3.225938873542361e-30 179.375 179.375 4.6007435001292471e-28 0 0 -4.0040498897463008e-29
d 0 0 -4.1678482132720641e-28 0 0 -3.226913677960644e-30 180 180 4.6005239188981139e-28 0 0 -4.0040655957176649e-29
d 0 0 -4.1676172298754286e-28 0 0 -3.2278801445440776e-30 180.625 180.625 4.6003057738040361e-28 0 0 -4.0040973142214191e-29
d 0 0 -4.1673862295809972e-28 0 0 -3.2288391412982086e-30 181.25 181.25 4.600089093818283e-28 0 0 -4.0041446346277196e-29
d 0 0 -4.1672707368545079e-28 0 0 -3.2293129333933767e-30 181.5625 181.5625 4.5999812940992244e-28 0 0 -4.0041739093080644e-29
d 0 0 -4.1671552544313471e-28 0 0 -3.2297878952834743e-30 181.875 181.875 4.5998738418661143e-28 0 0 -4.0042067433094473e-29
d 0 0 -4.1669243327111321e-28 0 0 -3.2307346757313628e-30 182.5 182.5 4.5996599191341235e-28 0 0 -4.0042823519056294e-29
d 0 0 -4.1666934844779054e-28 0 0 -3.2315602608127224e-30 183.125 183.125 4.5994471687308575e-28 0 0 -4.0043696766533239e-29
d 0 0 -4.1664627245748713e-28 0 0 -3.2324816276143725e-30 183.75 183.75 4.5992353827652822e-28 0 0 -4.0044664777251926e-29
d 0 0 -4.1662320643854469e-28 0 0 -3.233492098066719e-30 184.375 184.375 4.599024313950115e-28 0 0 -4.0045701573150181e-29
d 0 0 -4.1661167745685716e-28 0 0 -3.2339810848773831e-30 184.6875 184.6875 4.5989189641849388e-28 0 0 -4.0046237016142403e-29
d 0 0 -4.1660015129110487e-28 0 0 -3.2344381515602685e-30 185 185 4.5988136910842545e-28 0 0 -4.0046779032592527e-29
d 0 0 -4.1658862802790104e-28 0 0 -3.2348934848133613e-30 185.3125 185.3125 4.5987084598709749e-28 0 0 -4.0047324046206155e-29
d 0 0 -4.165771077462836e-28 0 0 -3.23534709404825e-30 185.625 185.625 4.598603236427242e-28 0 0 -4.0047868554652651e-29
d 0 0 -4.1656559051877351e-28 0 0 -3.2357989890853729e-30 185.9375 185.9375 4.5984979877661123e-28 0 0 -4.0048409175451728e-29
d 0 0 -4.1655407641226226e-28 0 0 -3.236120230499534e-30 186.25 186.25 4.5983926824375623e-28 0 0 -4.0048942685879001e-29
d 0 0 -4.1654256548876062e-28 0 0 -3.2365350003169451e-30 186.5625 186.5625 4.5982872908699552e-28 0 0 -4.0049466055864453e-29
d 0 0 -4.165310578060357e-28 0 0 -3.2369608151279053e-30 186.875 186.875 4.5981817856302139e-28 0 0 -4.0049976473297393e-29
d 0 0 -4.1651955341815628e-28 0 0 -3.2373964047514795e-30 187.1875 187.1875 4.598076141598777e-28 0 0 -4.0050471361578362e-29
d 0 0 -4.1650805237596398e-28 0 0 -3.2378401524650794e-30 187.5 187.5 4.597970336077907e-28 0 0 -4.0050948389641204e-29
d 0 0 -4.1649655472748213e-28 0 0 -3.2382902091442934e-30 187.8125 187.8125 4.5978643488262758e-28 0 0 -4.0051405474987378e-29
d 0 0 -4.1648506051827432e-28 0 0 -3.2387446258835234e-30 188.125 188.125 4.5977581620309782e-28 0 0 -4.0051840780516479e-29
d 0 0 -4.1647356979176026e-28 0 0 -3.2392014819028411e-30 188.4375 188.4375 4.59765176022654e-28 0 0 -4.0052252706099569e-29
d 0 0 -4.1646208258949731e-28 0 0 -3.2396589940722046e-30 188.75 188.75 4.5975451301713355e-28 0 0 -4.0052639875929955e-29
d 0 0 -4.1643911891612842e-28 0 0 -3.2406541076411656e-30 189.375 189.375 4.5973311425141924e-28 0 0 -4.0053335469684201e-29
d 0 0 -4.1642764252097599e-28 0 0 -3.2410214143503473e-30 189.6875 189.6875 4.597223768034076e-28 0 0 -4.0053642111522147e-29
d 0 0 -4.1641616980238106e-28 0 0 -3.2414690314995604e-30 190 190 4.5971161312037894e-28 0 0 -4.0053920394828882e-29
d 0 0 -4.1640470079594548e-28 0 0 -3.241912582017711e-30 190.3125 190.3125 4.5970082272648027e-28 0 0 -4.0054169799106872e-29
d 0 0 -4.1639323553663438e-28 0 0 -3.2423519857554862e-30 190.625 190.625 4.596900052608467e-28 0 0 -4.0054389918742911e-29
d 0 0 -4.1638177405893601e-28 0 0 -3.2428059999284525e-30 190.9375 190.9375 4.5967916046071635e-28 0 0 -4.0054580446533499e-29
d 0 0 -4.1637031639701596e-28 0 0 -3.2432189335939389e-30 191.25 191.25 4.5966828814600832e-28 0 0 -4.0054741159122409e-29
d 0 0 -4.1635886258486788e-28 0 0 -3.2436470645055374e-30 191.5625 191.5625 4.5965738820911993e-28 0 0 -4.0054871904609233e-29
d 0 0 -4.1634741265646223e-28 0 0 -3.2440721123618242e-30 191.875 191.875 4.5964646060297321e-28 0 0 -4.0054972592477957e-29
d 0 0 -4.1633596664589578e-28 0 0 -3.2444944415006369e-30 192.1875 192.1875 4.5963550533448029e-28 0 0 -4.0055043185891741e-29
d 0 0 -4.1632452458754408e-28 0 0 -3.2449143852718752e-30 192.5 192.5 4.5962452245910902e-28 0 0 -4.0055083696306414e-29
d 0 0 -4.1631308651621789e-28 0 0 -3.2453322296325287e-30 192.8125 192.8125 4.5961351207784471e-28 0 0 -4.0055094180270909e-29
d 0 0 -4.1630165246732706e-28 0 0 -3.2452732938224133e-30 193.125 193.125 4.5960247433125693e-28 0 0 -4.0055074738209539e-29
d 0 0 -4.1629022247705396e-28 0 0 -3.2457620580383711e-30 193.4375 193.4375 4.5959140941981459e-28 0 0 -4.0055025514919864e-29
d 0 0 -4.1627879658253924e-28 0 0 -3.2462576709650936e-30 193.75 193.75 4.5958031757690701e-28 0 0 -4.0054946701472528e-29
d 0 0 -4.1626737482208225e-28 0 0 -3.2467484768229142e-30 194.0625 194.0625 4.5956919909042216e-28 0 0 -4.0054838538166424e-29
d 0 0 -4.1625595723536193e-28 0 0 -3.2472271847457903e-30 194.375 194.375 4.5955805430265783e-28 0 0 -4.0054701318175461e-29
d 0 0 -4.1624454386367887e-28 0 0 -3.2476907591834688e-30 194.6875 194.6875 4.5954688361450727e-28 0 0 -4.00545353915215e-29
d 0 0 -4.1623313475022697e-28 0 0 -3.248139194478071e-30 195 195 4.5953568748965273e-28 0 0 -4.0054341169021733e-29
d 0 0 -4.1621032948212537e-28 0 0 -3.248613610298031e-30 195.625 195.625 4.5951322111562048e-28 0 0 -4.0053869804680461e-29
d 0 0 -4.1618754182711994e-28 0 0 -3.2496292447145328e-30 196.25 196.25 4.5949066029075382e-28 0 0 -4.0053291846602356e-29
d 0 0 -4.161647722360568e-28 0 0 -3.2499676830085014e-30 196.875 196.875 4.5946801126997773e-28 0 0 -4.005261303473101e-29
d 0 0 -4.16153394374767e-28 0 0 -3.2510258226612177e-30 197.1875 197.1875 4.5945665598231529e-28 0 0 -4.0052237903736136e-29
d 0 0 -4.1614202123294398e-28 0 0 -3.2507843573149584e-30 197.5 197.5 4.5944528150742112e-28 0 0 -4.0051840202873316e-29
d 0 0 -4.1613065289165901e-28 0 0 -3.2513382968303014e-30 197.8125 197.8125 4.5943388897503217e-28 0 0 -4.0051420940522652e-29
d 0 0 -4.1611928944025082e-28 0 0 -3.2518644234522218e-30 198.125 198.125 4.5942247953503082e-28 0 0 -4.0050981176743714e-29
d 0 0 -4.1610793097776353e-28 0 0 -3.2523589049109249e-30 198.4375 198.4375 4.5941105440228849e-28 0 0 -4.0050522016491171e-29
d 0 0 -4.1609657761469095e-28 0 0 -3.2528311574853692e-30 198.75 198.75 4.5939961484142356e-28 0 0 -4.0050044602145133e-29
d 0 0 -4.1608522947511126e-28 0 0 -3.2532798943210005e-30 199.0625 199.0625 4.593881621604888e-28 0 0 -4.0049550105530044e-29
d 0 0 -4.1607388669931852e-28 0 0 -3.2537093684443378e-30 199.375 199.375 4.5937669770560616e-28 0 0 -4.0049039719598048e-29
d 0 0 -4.1606254944710021e-28 0 0 -3.2541239155448584e-30 199.6875 199.6875 4.5936522285513018e-28 0 0 -4.0048514649947897e-29
d 0 0 -4.1605121790185675e-28 0 0 -3.2545273619073551e-30 200 200 4.5935373901716664e-28 0 0 -4.0047976106341867e-29
d 0 0 -4.1603989227583612e-28 0 0 -3.254922786105438e-30 200.3125 200.3125 4.5934224762526827e-28 0 0 -4.0047425294366559e-29
d 0 0 -4.1602857281686214e-28 0 0 -3.2553125059839067e-30 200.625 200.625 4.593307501373094e-28 0 0 -4.0046863407368857e-29
d 0 0 -4.1601725981709159e-28 0 0 -3.2556982094530665e-30 200.9375 200.9375 4.5931924803718241e-28 0 0 -4.0046291618775394e-29
d 0 0 -4.160059536245706e-28 0 0 -3.256081039702968e-30 201.25 201.25 4.5930774284029245e-28 0 0 -4.0045711074880106e-29
d 0 0 -4.1599465465871683e-28 0 0 -3.256461766062733e-30 201.5625 201.5625 4.5929623610192261e-28 0 0 -4.0045122888154905e-29
d 0 0 -4.1598336343140911e-28 0 0 -3.2568408860757898e-30 201.875 201.875 4.5928472943321896e-28 0 0 -4.0044528131102274e-29
d 0 0 -4.1597208057625132e-28 0 0 -3.2566174702862702e-30 202.1875 202.1875 4.5927322451444015e-28 0 0 -4.00439278306194e-29
d 0 0 -4.1596080689001663e-28 0 0 -3.2571423205949673e-30 202.5 202.5 4.5926172318251188e-28 0 0 -4.0043322962773447e-29
d 0 0 -4.1594954339269042e-28 0 0 -3.2576342847062253e-30 202.8125 202.8125 4.5925022741008312e-28 0 0 -4.0042714447780778e-29
d 0 0 -4.1593829141667867e-28 0 0 -3.2580998669808017e-30 203.125 203.125 4.5923873944732783e-28 0 0 -4.0042103144808724e-29
d 0 0 -4.1592705274308177e-28 0 0 -3.258543687427924e-30 203.4375 203.4375 4.5922726194360115e-28 0 0 -4.0041489845922264e-29
d 0 0 -4.159158298162548e-28 0 0 -3.2589697411116277e-30 203.75 203.75 4.5921579816221366e-28 0 0 -4.0040875267970827e-29
d 0 0 -4.159046260925176e-28 0 0 -3.2593816359329718e-30 204.0625 204.0625 4.5920435233039532e-28 0 0 -4.0040260040245011e-29
d 0 0 -4.1589344662453891e-28 0 0 -3.2597825788021511e-30 204.375 204.375 4.5919293022598776e-28 0 0 -4.0039644683950161e-29
d 0 0 -4.1588229906339981e-28 0 0 -3.2601753829544038e-30 204.6875 204.6875 4.5918154018289518e-28 0 0 -4.0039029576381899e-29
d 0 0 -4.1587119537534672e-28 0 0 -3.2605625514826362e-30 205 205 4.5917019481225704e-28 0 0 -4.0038414888046506e-29
d 0 0 -4.1586015461313568e-28 0 0 -3.2609464146720117e-30 205.3125 205.3125 4.5915891377872177e-28 0 0 -4.0037800478568262e-29
d 0 0 -4.1584920681654052e-28 0 0 -3.2613293795038243e-30 205.625 205.625 4.5914772770448321e-28 0 0 -4.0037185745409904e-29
d 0 0 -4.1583840066846319e-28 0 0 -3.2617142753534238e-30 205.9375 205.9375 4.5913668582798878e-28 0 0 -4.003656931983387e-29
d 0 0 -4.1582784934443275e-28 0 0 -3.2621062315154592e-30 206.25 206.25 4.5912590189171082e-28 0 0 -4.0035947288896938e-29
d 0 0 -4.1581789595827969e-28 0 0 -3.2625192085062221e-30 206.5625 206.5625 4.5911571970608292e-28 0 0 -4.0035306785130417e-29
d 0 0 -4.1580840605392591e-28 0 0 -3.2629484539364288e-30 206.875 206.875 4.5910600488270382e-28 0 0 -4.0034653177555615e-29
d 0 0 -4.1579953417685308e-28 0 0 -3.2634013976405047e-30 207.1875 207.1875 4.5909691699349645e-28 0 0 -4.003398443847955e-29
d 0 0 -4.1579111705942857e-28 0 0 -3.2639780926370749e-30 207.5 207.5 4.5908876571103724e-28 0 0 -4.0033673273087178e-29
d 0 0 -4.1578519411987556e-28 0 0 -3.2767762133668992e-30 207.8125 207.8125 4.5913683551956439e-28 0 0 -4.0074867796542112e-29
d 0 0 -4.1578049060421883e-28 0 0 -3.2966451482700137e-30 208.125 208.125 4.5921717551616235e-28 0 0 -4.0140042211909716e-29
d 0 0 -4.1577255646174104e-28 0 0 -3.2971474530930299e-30 208.4375 208.4375 4.5921113768081428e-28 0 0 -4.0140959336571315e-29
d 0 0 -4.1576455427632117e-28 0 0 -3.2977796645435093e-30 208.75 208.75 4.5920322891949039e-28 0 0 -4.0140492123191499e-29
d 0 0 -4.1575654375095703e-28 0 0 -3.2983352061415515e-30 209.0625 209.0625 4.5919505027536912e-28 0 0 -4.013982701770146e-29
d 0 0 -4.1574853500504706e-28 0 0 -3.2988782556425226e-30 209.375 209.375 4.591868737052328e-28 0 0 -4.0139164718937887e-29
d 0 0 -4.1574052815299237e-28 0 0 -3.2994114988785583e-30 209.6875 209.6875 4.5917870241935783e-28 0 0 -4.013850764707408e-29
d 0 0 -4.1573252320697497e-28 0 0 -3.2999364288735835e-30 210 210 4.5917053688589925e-28 0 0 -4.013785619928878e-29
d 0 0 -4.1572452017740385e-28 0 0 -3.3004541823233453e-30 210.3125 210.3125 4.5916237752591777e-28 0 0 -4.0137210738167494e-29
d 0 0 -4.1571651907373356e-28 0 0 -3.3009656729554695e-30 210.625 210.625 4.5915422473425169e-28 0 0 -4.0136571606827751e-29
d 0 0 -4.1570851990465729e-28 0 0 -3.3014716539436271e-30 210.9375 210.9375 4.5914607888332739e-28 0 0 -4.0135939131385431e-29
d 0 0 -4.1570052267825358e-28 0 0 -3.3019727655163437e-30 211.25 211.25 4.5913794032545687e-28 0 0 -4.0135313622235022e-29
d 0 0 -4.1569252740210112e-28 0 0 -3.3024695502223093e-30 211.5625 211.5625 4.5912980939403203e-28 0 0 -4.0134695374449987e-29
d 0 0 -4.1568453408337006e-28 0 0 -3.3029624740120245e-30 211.875 211.875 4.5912168640385339e-28 0 0 -4.0134084667484205e-29
d 0 0 -4.1567654272889524e-28 0 0 -3.3034519376734669e-30 212.1875 212.1875 4.5911357165077546e-28 0 0 -4.0133481764315065e-29
d 0 0 -4.1566855334523618e-28 0 0 -3.3039382863228572e-30 212.5 212.5 4.5910546541081152e-28 0 0 -4.0132886910142809e-29
d 0 0 -4.1566056593872639e-28 0 0 -3.3044218178297701e-30 212.8125 212.8125 4.5909736793882094e-28 0 0 -4.0132300330744938e-29
d 0 0 -4.1565258051551462e-28 0 0 -3.3049027883743316e-30 213.125 213.125 4.590892794668811e-28 0 0 -4.0131722230574715e-29
d 0 0 -4.1564459708159997e-28 0 0 -3.305381419971353e-30 213.4375 213.4375 4.5908120020244289e-28 0 0 -4.0131152790687205e-29
d 0 0 -4.1563661564286107e-28 0 0 -3.3058579049744268e-30 213.75 213.75 4.5907313032635786e-28 0 0 -4.0130592166573697e-29
d 0 0 -4.1562863620508265e-28 0 0 -3.3063324093039605e-30 214.0625 214.0625 4.5906506999086432e-28 0 0 -4.0130040485983879e-29
d 0 0 -4.1562065877397762e-28 0 0 -3.3068050785069844e-30 214.375 214.375 4.5905701931761696e-28 0 0 -4.012949784681476e-29
d 0 0 -4.1561268335520733e-28 0 0 -3.3088673815865483e-30 214.6875 214.6875 4.5904897847204541e-28 0 0 -4.0128964315144716e-29
d 0 0 -4.1560470995439919e-28 0 0 -3.3094090916395267e-30 215 215 4.5904094736073565e-28 0 0 -4.0128439923490334e-29
d 0 0 -4.1559673857716334e-28 0 0 -3.3099505011945388e-30 215.3125 215.3125 4.5903292607589599e-28 0 0 -4.012792466936137e-29
d 0 0 -4.1558876922910704e-28 0 0 -3.3104916722601641e-30 215.625 215.625 4.5902491460086861e-28 0 0 -4.0127418514186974e-29
d 0 0 -4.1558080191584866e-28 0 0 -3.3110326531353282e-30 215.9375 215.9375 4.5901691288203037e-28 0 0 -4.0126921382680866e-29
d 0 0 -4.1557283664303035e-28 0 0 -3.3115734811901843e-30 216.25 216.25 4.5900892082872724e-28 0 0 -4.0126433162707623e-29
d 0 0 -4.155648734163302e-28 0 0 -3.3121141870912426e-30 216.5625 216.5625 4.5900093831375767e-28 0 0 -4.0125953705704065e-29
d 0 0 -4.1555691224147378e-28 0 0 -3.3126547903721281e-30 216.875 216.875 4.5899296517444985e-28 0 0 -4.0125482827700213e-29
d 0 0 -4.1554895312424466e-28 0 0 -3.3131953055510977e-30 217.1875 217.1875 4.5898500121436874e-28 0 0 -4.0125020310973079e-29
d 0 0 -4.1554099607049572e-28 0 0 -3.3137357385448962e-30 217.5 217.5 4.5897704620567165e-28 0 0 -4.012456590635405e-29
d 0 0 -4.1553304108615889e-28 0 0 -3.3142760908897536e-30 217.8125 217.8125 4.589690998921222e-28 0 0 -4.0124119336196956e-29
d 0 0 -4.1552508817725584e-28 0 0 -3.314816357705922e-30 218.125 218.125 4.5896116199275506e-28 0 0 -4.0123680297999702e-29
d 0 0 -4.1551713734990736e-28 0 0 -3.3153565295699545e-30 218.4375 218.4375 4.5895323220616947e-28 0 0 -4.0123248468657857e-29
d 0 0 -4.15509188610344e-28 0 0 -3.3158965932066065e-30 218.75 218.75 4.5894531021541772e-28 0 0 -4.0122823509314346e-29
d 0 0 -4.155012419649155e-28 0 0 -3.3164365309063417e-30 219.0625 219.0625 4.5893739569343781e-28 0 0 -4.0122405070756209e-29
d 0 0 -4.154932974201012e-28 0 0 -3.3169763214660324e-30 219.375 219.375 4.5892948830897052e-28 0 0 -4.0121992799297138e-29
d 0 0 -4.1548535498252016e-28 0 0 -3.3175159409740169e-30 219.6875 219.6875 4.5892158773288925e-28 0 0 -4.0121586343074445e-29
d 0 0 -4.1547741465894139e-28 0 0 -3.3180553622883624e-30 220 220 4.5891369364486265e-28 0 0 -4.0121185358681002e-29
d 0 0 -4.1546947645629453e-28 0 0 -3.3185945559688468e-30 220.3125 220.3125 4.5890580574026627e-28 0 0 -4.0120789518047212e-29
d 0 0 -4.1546154038168104e-28 0 0 -3.3191334903539462e-30 220.625 220.625 4.588979237372543e-28 0 0 -4.012039851548505e-29
d 0 0 -4.1545360644238543e-28 0 0 -3.3196721312628941e-30 220.9375 220.9375 4.5889004738390403e-28 0 0 -4.0120012074806352e-29
d 0 0 -4.1544567464588691e-28 0 0 -3.320210443940162e-30 221.25 221.25 4.588821764653473e-28 0 0 -4.0119629956429846e-29
d 0 0 -4.1543774499987214e-28 0 0 -3.3207483911271533e-30 221.5625 221.5625 4.5887431081080857e-28 0 0 -4.01192519643966e-29
d 0 0 -4.1542981751224784e-28 0 0 -3.3212859344659661e-30 221.875 221.875 4.5886645030047694e-28 0 0 -4.01188779532206e-29
d 0 0 -4.1542189219115455e-28 0 0 -3.3218230357794127e-30 222.1875 222.1875 4.5885859487214661e-28 0 0 -4.0118507834510395e-29
d 0 0 -4.1541396904498141e-28 0 0 -3.3223596542501793e-30 222.5 222.5 4.5885074452757286e-28 0 0 -4.011814158330758e-29
d 0 0 -4.1540604808238094e-28 0 0 -3.3228957501220762e-30 222.8125 222.8125 4.5884289933849956e-28 0 0 -4.0117779244099285e-29
d 0 0 -4.1539812931228623e-28 0 0 -3.3234312820631696e-30 223.125 223.125 4.5883505945232743e-28 0 0 -4.0117420936472741e-29
d 0 0 -4.153902127439278e-28 0 0 -3.3239662095655666e-30 223.4375 223.4375 4.5882722509740105e-28 0 0 -4.0117066860391053e-29
d 0 0 -4.1538229838685297e-28 0 0 -3.3245004911173211e-30 223.75 223.75 4.5881939658790409e-28 0 0 -4.0116717301079285e-29
d 0 0 -4.1537438625094589e-28 0 0 -3.3250340861372325e-30 224.0625 224.0625 4.5881157432836115e-28 0 0 -4.0116372633518921e-29
d 0 0 -4.1536647634645007e-28 0 0 -3.3255669534780948e-30 224.375 224.375 4.588037588177507e-28 0 0 -4.0116033326555701e-29
d 0 0 -4.1535856868399215e-28 0 0 -3.3260990538969906e-30 224.6875 224.6875 4.5879595065324042e-28 0 0 -4.0115699946631137e-29
d 0 0 -4.1535066327460818e-28 0 0 -3.3266303465100586e-30 225 225 4.5878815053355736e-28 0 0 -4.0115373161150904e-29
d 0 0 -4.1534276012977257e-28 0 0 -3.3271721893084378e-30 225.3125 225.3125 4.5878035926268487e-28 0 0 -4.0115053741503737e-29
d 0 0 -4.1533485926142986e-28 0 0 -3.32770241516458e-30 225.625 225.625 4.5877257774987581e-28 0 0 -4.0114742565742318e-29
d 0 0 -4.1532696068202985e-28 0 0 -3.3282317286067904e-30 225.9375 225.9375 4.5876480701593776e-28 0 0 -4.0114440620933173e-29
d 0 0 -4.1531906440456654e-28 0 0 -3.3287600922678128e-30 226.25 226.25 4.5875704819266824e-28 0 0 -4.0114149005174928e-29
d 0 0 -4.153111704426221e-28 0 0 -3.3292874701190006e-30 226.5625 226.5625 4.5874930252516529e-28 0 0 -4.0113868929274548e-29
d 0 0 -4.1530327881041522e-28 0 0 -3.3298138268448985e-30 226.875 226.875 4.5874157137313995e-28 0 0 -4.0113601718058658e-29
d 0 0 -4.1529538952285601e-28 0 0 -3.3303391290068733e-30 227.1875 227.1875 4.5873385621182824e-28 0 0 -4.0113348811281926e-29
d 0 0 -4.1528750259560787e-28 0 0 -3.32884666964034e-30 227.5 227.5 4.5872615851288887e-28 0 0 -4.0113111764077559e-29
d 0 0 -4.1527961804515789e-28 0 0 -3.3284200617443177e-30 227.8125 227.8125 4.5871848016862577e-28 0 0 -4.0112892246875256e-29
d 0 0 -4.1527173588889553e-28 0 0 -3.328896292258119e-30 228.125 228.125 4.5871082298631586e-28 0 0 -4.0112692044691506e-29
d 0 0 -4.1526385614520366e-28 0 0 -3.3293722172579851e-30 228.4375 228.4375 4.5870318885160653e-28 0 0 -4.0112513055673758e-29
d 0 0 -4.152559788335621e-28 0 0 -3.3298478337172838e-30 228.75 228.75 4.5869557981214469e-28 0 0 -4.0112357288757184e-29
d 0 0 -4.1524810397466583e-28 0 0 -3.3275668159696546e-30 229.0625 229.0625 4.5868799787700473e-28 0 0 -4.0112226860268675e-29
d 0 0 -4.1524023159056184e-28 0 0 -3.3279901262953869e-30 229.375 229.375 4.586804455959801e-28 0 0 -4.0112123989289081e-29
d 0 0 -4.1523236170480585e-28 0 0 -3.328413024928261e-30 229.6875 229.6875 4.5867292518233854e-28 0 0 -4.0112050991563685e-29
d 0 0 -4.1522449434264471e-28 0 0 -3.3322338790884439e-30 230 230 4.5866543926651081e-28 0 0 -4.0112010271730305e-29
d 0 0 -4.1509899219886799e-28 0 0 -3.3356293632125639e-30 235 235 4.5855242754393375e-28 0 0 -4.0117805981849361e-29
d 0 0 -4.1497484624727583e-28 0 0 -3.3422195815841236e-30 240 240 4.5845559409728326e-28 0 0 -4.0138528268364368e-29
d 0 0 -4.1485790096325035e-28 0 0 -3.3486845135628113e-30 245 245 4.5836852290415784e-28 0 0 -4.0161937423535393e-29
d 0 0 -4.1485014986030607e-28 0 0 -3.3517744301398105e-30 245.3125 245.3125 4.5836237160946205e-28 0 0 -4.0163138575737798e-29
d 0 0 -4.1484239785119781e-28 0 0 -3.352217548581449e-30 245.625 245.625 4.5835617362785823e-28 0 0 -4.0164294779487749e-29
d 0 0 -4.1483464537116394e-28 0 0 -3.3526596668100303e-30 245.9375 245.9375 4.583499287198082e-28 0 0 -4.0165405222136024e-29
d 0 0 -4.1482689276975691e-28 0 0 -3.3531007832688122e-30 246.25 246.25 4.5834363663901193e-28 0 0 -4.0166469314398407e-29
d 0 0 -4.1481914033193158e-28 0 0 -3.3535408966193828e-30 246.5625 246.5625 4.5833729729208978e-28 0 0 -4.0167486684107233e-29
d 0 0 -4.1481138829303409e-28 0 0 -3.3539800055722491e-30 246.875 246.875 4.5833091074920738e-28 0 0 -4.0168457171848779e-29
d 0 0 -4.1480363684968917e-28 0 0 -3.3544181083426642e-30 247.1875 247.1875 4.5832447725188131e-28 0 0 -4.0169380827884833e-29
d 0 0 -4.1479588616786167e-28 0 0 -3.3518288884088434e-30 247.5 247.5 4.5831799705216837e-28 0 0 -4.0170257909705715e-29
d 0 0 -4.1478813638892875e-28 0 0 -3.3522213586324182e-30 247.8125 247.8125 4.5831147107942295e-28 0 0 -4.0171088879557278e-29
d 0 0 -4.1478038763432196e-28 0 0 -3.3526130988952664e-30 248.125 248.125 4.5830489995085279e-28 0 0 -4.017187440132741e-29
d 0 0 -4.1476489360491083e-28 0 0 -3.3534199135709081e-30 248.75 248.75 4.5829162625573961e-28 0 0 -4.0173312737018996e-29
d 0 0 -4.1475714850196049e-28 0 0 -3.3537839037682137e-30 249.0625 249.0625 4.5828492614073395e-28 0 0 -4.0173967839942853e-29
d 0 0 -4.147494047710869e-28 0 0 -3.3537609175181321e-30 249.375 249.375 4.5827818575905353e-28 0 0 -4.0174582055067188e-29
d 0 0 -4.147416624750797e-28 0 0 -3.354098722056614e-30 249.6875 249.6875 4.5827140675481855e-28 0 0 -4.0175156954108055e-29
d 0 0 -4.1473392166989866e-28 0 0 -3.354430337292897e-30 250 250 4.5826459089446721e-28 0 0 -4.0175694256317401e-29
d 0 0 -4.1472618240565481e-28 0 0 -3.3547553084270199e-30 250.3125 250.3125 4.5825774007692251e-28 0 0 -4.0176195812412211e-29
d 0 0 -4.1471844472742542e-28 0 0 -3.3550731466357705e-30 250.625 250.625 4.5825085631003699e-28 0 0 -4.0176663586794166e-29
d 0 0 -4.1471070867593502e-28 0 0 -3.3553833320139557e-30 250.9375 250.9375 4.5824394169204575e-28 0 0 -4.0177099638334156e-29
d 0 0 -4.1470297428812984e-28 0 0 -3.3556853060819557e-30 251.25 251.25 4.5823699839177907e-28 0 0 -4.0177506100024615e-29
d 0 0 -4.1469524159766381e-28 0 0 -3.3569034255833169e-30 251.5625 251.5625 4.5823002863914613e-28 0 0 -4.0177885157814164e-29
d 0 0 -4.1468751063531421e-28 0 0 -3.3572865999769172e-30 251.875 251.875 4.5822303465963919e-28 0 0 -4.0178239028934304e-29
d 0 0 -4.1467978142933712e-28 0 0 -3.3576690186538045e-30 252.1875 252.1875 4.5821601871843359e-28 0 0 -4.0178569940017367e-29
d 0 0 -4.14672054005775e-28 0 0 -3.3580506814235051e-30 252.5 252.5 4.5820898305556039e-28 0 0 -4.0178880105280077e-29
d 0 0 -4.1466432838872255e-28 0 0 -3.3584315882900177e-30 252.8125 252.8125 4.5820192987538252e-28 0 0 -4.0179171705029384e-29
d 0 0 -4.1465660460055912e-28 0 0 -3.3588117394415395e-30 253.125 253.125 4.5819486132587538e-28 0 0 -4.0179446864722681e-29
d 0 0 -4.1464888266215191e-28 0 0 -3.3591911352406873e-30 253.4375 253.4375 4.5818777947864767e-28 0 0 -4.0179707634796583e-29
d 0 0 -4.1464116259303416e-28 0 0 -3.3595697762160498e-30 253.75 253.75 4.5818068630990592e-28 0 0 -4.0179955971463848e-29
d 0 0 -4.146334444115632e-28 0 0 -3.3599476630506135e-30 254.0625 254.0625 4.5817358368255719e-28 0 0 -4.0180193718668366e-29
d 0 0 -4.146257281350597e-28 0 0 -3.3603248102432591e-30 254.375 254.375 4.5816647332963713e-28 0 0 -4.018042259138307e-29
d 0 0 -4.1461801377993163e-28 0 0 -3.3607011933119635e-30 254.6875 254.6875 4.5815935683924602e-28 0 0 -4.0180644160434463e-29
d 0 0 -4.1461030136178466e-28 0 0 -3.3610768253646828e-30 255 255 4.5815223564118998e-28 0 0 -4.0180859839037585e-29
d 0 0 -4.1448717692447183e-28 0 0 -3.3669816512889839e-30 260 260 4.5803812208018881e-28 0 0 -4.0183963478276396e-29
d 0 0 -4.1447182402696379e-28 0 0 -3.3677068543140002e-30 260.625 260.625 4.5802380506878782e-28 0 0 -4.0184274187492066e-29
d 0 0 -4.1446415082422179e-28 0 0 -3.3680683152472401e-30 260.9375 260.9375 4.5801663413938118e-28 0 0 -4.0184414956164006e-29
d 0 0 -4.1445647980065333e-28 0 0 -3.3684345525608251e-30 261.25 261.25 4.5800945351301195e-28 0 0 -4.0184544568083362e-29
d 0 0 -4.1444881096775741e-28 0 0 -3.368794886640263e-30 261.5625 261.5625 4.5800226217255116e-28 0 0 -4.0184661993100298e-29
d 0 0 -4.1444114433716126e-28 0 0 -3.3691545189289303e-30 261.875 261.875 4.5799505915580558e-28 0 0 -4.0184766254930275e-29
d 0 0 -4.1443347992064592e-28 0 0 -3.369513444600786e-30 262.1875 262.1875 4.5798784356718271e-28 0 0 -4.0184856444018727e-29
d 0 0 -4.1442581773017333e-28 0 0 -3.3698716505687233e-30 262.5 262.5 4.5798061458866128e-28 0 0 -4.0184931728183765e-29
d 0 0 -4.1441815777791571e-28 0 0 -3.3702291086351082e-30 262.8125 262.8125 4.5797337148817563e-28 0 0 -4.0184991360973131e-29
d 0 0 -4.1441050007628764e-28 0 0 -3.3705858605789566e-30 263.125 263.125 4.5796611362573206e-28 0 0 -4.0185034687744923e-29
d 0 0 -4.1439519147600282e-28 0 0 -3.3712897597560163e-30 263.75 263.75 4.5795155153631635e-28 0 0 -4.0185070284934515e-29
d 0 0 -4.1437989203489533e-28 0 0 -3.3719978745484227e-30 264.375 264.375 4.5793692514124272e-28 0 0 -4.0185035216058787e-29
d 0 0 -4.1436460186504143e-28 0 0 -3.3727032242958329e-30 265 265 4.5792223278613346e-28 0 0 -4.0184927696780114e-29
d 0 0 -4.1424263172265223e-28 0 0 -3.3782480320352996e-30 270 270 4.5780249829644322e-28 0 0 -4.0181618553081051e-29
d 0 0 -4.1422743243523208e-28 0 0 -3.3789291225706544e-30 270.625 270.625 4.5778730797542856e-28 0 0 -4.0180946370214366e-29
d 0 0 -4.1421224462799565e-28 0 0 -3.3796077257936974e-30 271.25 271.25 4.577720823579672e-28 0 0 -4.0180230001810546e-29
d 0 0 -4.142046551829437e-28 0 0 -3.3909248853986474e-30 271.5625 271.5625 4.5776445848815655e-28 0 0 -4.0179856543172814e-29
d 0 0 -4.1419706880701904e-28 0 0 -3.391247746309511e-30 271.875 271.875 4.5775682682779512e-28 0 0 -4.0179473586966577e-29
d 0 0 -4.1418190561048907e-28 0 0 -3.3809570961472621e-30 272.5 272.5 4.5774154398173245e-28 0 0 -4.0178681219273482e-29
d 0 0 -4.1416675586086088e-28 0 0 -3.381606695087744e-30 273.125 273.125 4.5772624086196969e-28 0 0 -4.0177856942754094e-29
d 0 0 -4.1415162064443052e-28 0 0 -3.3822966079330099e-30 273.75 273.75 4.5771092186186773e-28 0 0 -4.0177004757409532e-29
d 0 0 -4.1413650143704384e-28 0 0 -3.3829623336423811e-30 274.375 274.375 4.5769559244540049e-28 0 0 -4.0176128630802957e-29
d 0 0 -4.1412894845272065e-28 0 0 -3.3831925639409777e-30 274.6875 274.6875 4.576879256849981e-28 0 0 -4.0175682824187226e-29
d 0 0 -4.1412140031070955e-28 0 0 -3.3836265821006032e-30 275 275 4.5768025866215434e-28 0 0 -4.0175232513110192e-29
d 0 0 -4.1410632028872184e-28 0 0 -3.3842867803561796e-30 275.625 275.625 4.5766492751473338e-28 0 0 -4.0174320353670114e-29
d 0 0 -4.1409126598654453e-28 0 0 -3.3849453835255544e-30 276.25 276.25 4.5764960762083214e-28 0 0 -4.017339611796917e-29
d 0 0 -4.1407624482464721e-28 0 0 -3.3856011658678775e-30 276.875 276.875 4.5763431044824149e-28 0 0 -4.0172463805157013e-29
d 0 0 -4.1406126938497876e-28 0 0 -3.3862558356686207e-30 277.5 277.5 4.5761905270150465e-28 0 0 -4.0171527467769199e-29
d 0 0 -4.1404636167392604e-28 0 0 -3.3869075975313549e-30 278.125 278.125 4.5760386062666348e-28 0 0 -4.0170591234590217e-29
d 0 0 -4.1403155745808962e-28 0 0 -3.3875575300709502e-30 278.75 278.75 4.575887743734284e-28 0 0 -4.0169659312345664e-29
d 0 0 -4.1401689915650957e-28 0 0 -3.3882054736462813e-30 279.375 279.375 4.5757384075508716e-28 0 0 -4.0168735864743396e-29
d 0 0 -4.1400964029441923e-28 0 0 -3.3885295846474251e-30 279.6875 279.6875 4.5756644811554833e-28 0 0 -4.0168278583487827e-29
d 0 0 -4.1400245300268574e-28 0 0 -3.3888528414238808e-30 280 280 4.5755913050725663e-28 0 0 -4.0167825003802448e-29
d 0 0 -4.139193235938102e-28 0 0 -3.4129996677289461e-30 285 285 4.5766057000276169e-28 0 0 -4.0328246730502492e-29
d 0 0 -4.1383818882629932e-28 0 0 -3.4182344763425195e-30 290 290 4.5757980073985219e-28 0 0 -4.0323377430605754e-29
d 0 0 -4.137575074512405e-28 0 0 -3.42329265114189e-30 295 295 4.5750041303211708e-28 0 0 -4.0319612929714327e-29
d 0 0 -4.1371945172986792e-28 0 0 -3.4257017749787729e-30 297.5 297.5 4.5746293147718406e-28 0 0 -4.0317777968115876e-29
d 0 0 -4.1368200944597344e-28 0 0 -3.4280638745396678e-30 300 300 4.5742584009583756e-28 0 0 -4.0315767844319623e-29
d 0 0 -4.136016896913064e-28 0 0 -3.4328449532868386e-30 305 305 4.5734533239846472e-28 0 0 -4.0310796078308652e-29
d 0 0 -4.1356151987191898e-28 0 0 -3.4351935412445685e-30 307.5 307.5 4.5730460726156572e-28 0 0 -4.0307893819173248e-29
d 0 0 -4.1352139041766653e-28 0 0 -3.4375108318285277e-30 310 310 4.5726368129133239e-28 0 0 -4.0304780024368419e-29
d 0 0 -4.1348131118700203e-28 0 0 -3.4397996641926918e-30 312.5 312.5 4.5722262142558628e-28 0 0 -4.0301510918200689e-29
d 0 0 -4.1344128781551215e-28 0 0 -3.4420598790404545e-30 315 315 4.571814847833458e-28 0 0 -4.0298137095913992e-29
d 0 0 -4.1336142335995407e-28 0 0 -3.4465005928434235e-30 320 320 4.5709916966199896e-28 0 0 -4.0291245709133131e-29
d 0 0 -4.1332158834730658e-28 0 0 -3.4486822999079011e-30 322.5 322.5 4.5705807136992815e-28 0 0 -4.028780072113942e-29
d 0 0 -4.1328182239749884e-28 0 0 -3.4508392105216352e-30 325 325 4.5701705900586149e-28 0 0 -4.0284397466560533e-29
d 0 0 -4.1327189216221313e-28 0 0 -3.4513746443017874e-30 325.625 325.625 4.5700682295016156e-28 0 0 -4.028355625467496e-29
d 0 0 -4.1326196657868534e-28 0 0 -3.4519078851481692e-30 326.25 326.25 4.5699659460101289e-28 0 0 -4.0282719609713838e-29
d 0 0 -4.1325204573717155e-28 0 0 -3.4524301531018183e-30 326.875 326.875 4.5698637438210241e-28 0 0 -4.0281887858831233e-29
d 0 0 -4.1324212973952002e-28 0 0 -3.4529717791334599e-30 327.5 327.5 4.5697616270740084e-28 0 0 -4.0281061307666175e-29
d 0 0 -4.1320251680969792e-28 0 0 -3.4550802384854492e-30 330 330 4.5693540947638935e-28 0 0 -4.0277812437530413e-29
d 0 0 -4.1316299545891454e-28 0 0 -3.4571648476597805e-30 332.5 332.5 4.568948257708688e-28 0 0 -4.0274665464291005e-29
d 0 0 -4.1315806279402389e-28 0 0 -3.4574110152564658e-30 332.8125 332.8125 4.5688976627999513e-28 0 0 -4.0274279778205471e-29
d 0 0 -4.1315313202855829e-28 0 0 -3.4576649976852926e-30 333.125 333.125 4.5688471005730391e-28 0 0 -4.0273895853437031e-29
d 0 0 -4.131482032638244e-28 0 0 -3.4579180904144202e-30 333.4375 333.4375 4.5687965721322884e-28 0 0 -4.0273513705078069e-29
d 0 0 -4.1314327661969965e-28 0 0 -3.4581708767754014e-30 333.75 333.75 4.568746078759321e-28 0 0 -4.0273133348786441e-29
d 0 0 -4.1313835223985752e-28 0 0 -3.4584243643177656e-30 334.0625 334.0625 4.5686956219659438e-28 0 0 -4.0272754801488651e-29
d 0 0 -4.131334302991121e-28 0 0 -3.4586801245645459e-30 334.375 334.375 4.568645203570435e-28 0 0 -4.0272378082393786e-29
d 0 0 -4.1312359465916674e-28 0 0 -3.4592242638262781e-30 335 335 4.5685444914956884e-28 0 0 -4.0271630226940979e-29
d 0 0 -4.1308449616009544e-28 0 0 -3.4612407938039299e-30 337.5 337.5 4.568144691845123e-28 0 0 -4.0268731415067772e-29
d 0 0 -4.1307972221592962e-28 0 0 -3.4614783030014766e-30 337.8125 337.8125 4.5680959529252859e-28 0 0 -4.0268392796761717e-29
d 0 0 -4.1307499340405427e-28 0 0 -3.4617113861771665e-30 338.125 338.125 4.5680476946897794e-28 0 0 -4.0268062215175968e-29
d 0 0 -4.130702758459059e-28 0 0 -3.4619436257568618e-30 338.4375 338.4375 4.5679995626178265e-28 0 0 -4.0267733771880568e-29
d 0 0 -4.1306553532386115e-28 0 0 -3.4621793151174508e-30 338.75 338.75 4.5679511991809234e-28 0 0 -4.0267401626608031e-29
d 0 0 -4.1306074881987692e-28 0 0 -3.4624213511512201e-30 339.0625 339.0625 4.5679023643355375e-28 0 0 -4.0267061962528538e-29
d 0 0 -4.1305594116858709e-28 0 0 -3.4626667951321495e-30 339.375 339.375 4.5678533170507404e-28 0 0 -4.0266718816365635e-29
d 0 0 -4.1305113067317669e-28 0 0 -3.4629134995173192e-30 339.6875 339.6875 4.5678042478904116e-28 0 0 -4.026637509735683e-29
d 0 0 -4.1304632458224673e-28 0 0 -3.4631606248183049e-30 340 340 4.5677552321937777e-28 0 0 -4.0266031946625285e-29
d 0 0 -4.130415256177719e-28 0 0 -3.4634078190985893e-30 340.3125 340.3125 4.5677062982624707e-28 0 0 -4.0265689835700674e-29
d 0 0 -4.1303673478728346e-28 0 0 -3.4636549138722416e-30 340.625 340.625 4.5676574565763924e-28 0 0 -4.0265348979025243e-29
d 0 0 -4.1303195296077701e-28 0 0 -3.4639018456912924e-30 340.9375 340.9375 4.5676087159945175e-28 0 0 -4.0265009495945391e-29
d 0 0 -4.1302718193686077e-28 0 0 -3.4641485555341414e-30 341.25 341.25 4.5675600946181228e-28 0 0 -4.0264671487502006e-29
d 0 0 -4.1302242538383424e-28 0 0 -3.4643949368639464e-30 341.5625 341.5625 4.5675116293195017e-28 0 0 -4.02643350830897e-29
d 0 0 -4.1301769068264825e-28 0 0 -3.4646408096394305e-30 341.875 341.875 4.5674633943255603e-28 0 0 -4.0264000501876889e-29
d 0 0 -4.130129942044237e-28 0 0 -3.4648858190391375e-30 342.1875 342.1875 4.5674155543826112e-28 0 0 -4.0263668206417829e-29
d 0 0 -4.1300837699836438e-28 0 0 -3.4651291357708938e-30 342.5 342.5 4.567368522767782e-28 0 0 -4.0263339346473718e-29
d 0 0 -4.1300392059306558e-28 0 0 -3.4653729304117465e-30 342.8125 342.8125 4.5673231205436973e-28 0 0 -4.0263016209920405e-29
d 0 0 -4.129997129648916e-28 0 0 -3.4656075905993002e-30 343.125 343.125 4.5672802378787546e-28 0 0 -4.0262701666950297e-29
d 0 0 -4.1299597541193542e-28 0 0 -3.465832763246794e-30 343.4375 343.4375 4.5672423603581202e-28 0 0 -4.0262426679621374e-29
d 0 0 -4.1299238608354628e-28 0 0 -3.4661170949158357e-30 343.75 343.75 4.5672223028109012e-28 0 0 -4.0263726419484183e-29
d 0 0 -4.1299083387455838e-28 0 0 -3.471529737280854e-30 344.0625 344.0625 4.5685739818866078e-28 0 0 -4.0395034574630864e-29
d 0 0 -4.1298858303689376e-28 0 0 -3.4746750576126031e-30 344.375 344.375 4.5693209848719161e-28 0 0 -4.0468840390822174e-29
d 0 0 -4.1298542805806271e-28 0 0 -3.4749642528811304e-30 344.6875 344.6875 4.5693055056413053e-28 0 0 -4.0470158654546701e-29
d 0 0 -4.1298225601884714e-28 0 0 -3.4752835376428433e-30 345 345 4.5692764043260962e-28 0 0 -4.0470188847474033e-29
d 0 0 -4.1297907975987663e-28 0 0 -3.4753971705858537e-30 345.3125 345.3125 4.5692443681446144e-28 0 0 -4.0469943592761542e-29
d 0 0 -4.1297590283537042e-28 0 0 -3.4756240636515998e-30 345.625 345.625 4.5692122658688964e-28 0 0 -4.04696930266919e-29
d 0 0 -4.1297272541782373e-28 0 0 -3.4758408707036731e-30 345.9375 345.9375 4.5691801267888854e-28 0 0 -4.0469439783444596e-29
d 0 0 -4.1296954763323909e-28 0 0 -3.476057171643825e-30 346.25 346.25 4.5691479583448898e-28 0 0 -4.0469184457034169e-29
d 0 0 -4.1296636959028316e-28 0 0 -3.4762730780043599e-30 346.5625 346.5625 4.5691157663780273e-28 0 0 -4.0468927504807327e-29
d 0 0 -4.1296319138490881e-28 0 0 -3.4764886049637154e-30 346.875 346.875 4.5690835556193048e-28 0 0 -4.0468669289921306e-29
d 0 0 -4.1296001310397573e-28 0 0 -3.476703763959494e-30 347.1875 347.1875 4.5690513299728539e-28 0 0 -4.0468410105129086e-29
d 0 0 -4.1295683482832624e-28 0 0 -3.4769185633369334e-30 347.5 347.5 4.5690190927222105e-28 0 0 -4.0468150189740799e-29
d 0 0 -4.1293141905317226e-28 0 0 -3.4786244011231407e-30 350 350 4.5687610684578779e-28 0 0 -4.0466063241574284e-29
d 0 0 -4.1290621704066736e-28 0 0 -3.4802474202112397e-30 352.5 352.5 4.5685051592852492e-28 0 0 -4.0464023942047104e-29
d 0 0 -4.1288115284347099e-28 0 0 -3.4818880599468321e-30 355 355 4.5682507630660863e-28 0 0 -4.0462035403877349e-29
d 0 0 -4.1283039571719206e-28 0 0 -3.4851461888666061e-30 360 360 4.5677360110640691e-28 0 0 -4.0458059201499548e-29
d 0 0 -4.1282722437427772e-28 0 0 -3.4853472945435463e-30 360.3125 360.3125 4.5677038884482864e-28 0 0 -4.0457816841781694e-29
d 0 0 -4.1282405329836189e-28 0 0 -3.4855474944826503e-30 360.625 360.625 4.5676717742262923e-28 0 0 -4.0457575319711348e-29
d 0 0 -4.1282088250039552e-28 0 0 -3.4857497155768556e-30 360.9375 360.9375 4.5676396686910016e-28 0 0 -4.0457334653115597e-29
d 0 0 -4.1281771199032841e-28 0 0 -3.4859501704510264e-30 361.25 361.25 4.5676075721283357e-28 0 0 -4.0457094860022215e-29
d 0 0 -4.128145417772634e-28 0 0 -3.4861480572337274e-30 361.5625 361.5625 4.5675754848189535e-28 0 0 -4.0456855958697313e-29
d 0 0 -4.128113718695836e-28 0 0 -3.4863504632122533e-30 361.875 361.875 4.5675434070396671e-28 0 0 -4.04566179676762e-29
d 0 0 -4.1280820227505755e-28 0 0 -3.4865507256097697e-30 362.1875 362.1875 4.5675113390646244e-28 0 0 -4.0456380905788517e-29
d 0 0 -4.1280503300092582e-28 0 0 -3.4867503234447992e-30 362.5 362.5 4.5674792811662764e-28 0 0 -4.0456144792178646e-29
d 0 0 -4.1279235923852148e-28 0 0 -3.4875461227001237e-30 363.75 363.75 4.5673511557714654e-28 0 0 -4.0455210215238304e-29
d 0 0 -4.1278919166109341e-28 0 0 -3.4877425129526072e-30 364.0625 364.0625 4.5673191523340849e-28 0 0 -4.0454979142155364e-29
d 0 0 -4.1278602443987415e-28 0 0 -3.4879424813155757e-30 364.375 364.375 4.5672871606099157e-28 0 0 -4.0454749139516502e-29
d 0 0 -4.1278285757997395e-28 0 0 -3.4881402290157019e-30 364.6875 364.6875 4.5672551808762695e-28 0 0 -4.0454520228956388e-29
d 0 0 -4.1277969108634499e-28 0 0 -3.4883378218257336e-30 365 365 4.5672232134125694e-28 0 0 -4.0454292432476224e-29
d 0 0 -4.1277652496380615e-28 0 0 -3.4885338573199375e-30 365.3125 365.3125 4.5671912585005467e-28 0 0 -4.0454065772440539e-29
d 0 0 -4.1277335921706561e-28 0 0 -3.4887317543306949e-30 365.625 365.625 4.5671593164243964e-28 0 0 -4.0453840271572166e-29
d 0 0 -4.1277019385074159e-28 0 0 -3.488928545889686e-30 365.9375 365.9375 4.5671273874709116e-28 0 0 -4.0453615952945952e-29
d 0 0 -4.1276702886938174e-28 0 0 -3.4891251094343137e-30 366.25 366.25 4.5670954719295741e-28 0 0 -4.0453392839980703e-29
d 0 0 -4.127543728830432e-28 0 0 -3.4899091696290192e-30 367.5 367.5 4.5669679497732505e-28 0 0 -4.0452512924584718e-29
d 0 0 -4.1275120989345527e-28 0 0 -3.4901044771751022e-30 367.8125 367.8125 4.5669361057332851e-28 0 0 -4.0452296202517687e-29
d 0 0 -4.1274804731558506e-28 0 0 -3.4902995391473462e-30 368.125 368.125 4.5669042769017666e-28 0 0 -4.0452080833232861e-29
d 0 0 -4.1274488515394991e-28 0 0 -3.4904943622704923e-30 368.4375 368.4375 4.5668724635881036e-28 0 0 -4.0451866842222717e-29
d 0 0 -4.1274172341312519e-28 0 0 -3.4906889420727104e-30 368.75 368.75 4.5668406661045322e-28 0 0 -4.0451654255213587e-29
d 0 0 -4.1273856209775943e-28 0 0 -3.4908832806946052e-30 369.0625 369.0625 4.5668088847660823e-28 0 0 -4.0451443098146701e-29
d 0 0 -4.1273540121259104e-28 0 0 -3.4910773792871542e-30 369.375 369.375 4.5667771198905414e-28 0 0 -4.0451233397158186e-29
d 0 0 -4.1273224076246489e-28 0 0 -3.4912712388146609e-30 369.6875 369.6875 4.5667453717984155e-28 0 0 -4.0451025178558155e-29
d 0 0 -4.1272908075234995e-28 0 0 -3.4914648601253208e-30 370 370 4.5667136408128883e-28 0 0 -4.0450818468808746e-29
d 0 0 -4.1267858532699797e-28 0 0 -3.4945311094043088e-30 375 375 4.5662085455276625e-28 0 0 -4.0447738116350282e-29
d 0 0 -4.1262824209184895e-28 0 0 -3.4975404914398234e-30 380 380 4.5657093938354584e-28 0 0 -4.0445157022195622e-29
d 0 0 -4.1257826782056453e-28 0 0 -3.5004935251968934e-30 385 385 4.565219232895163e-28 0 0 -4.0443161943765824e-29
d 0 0 -4.125295199038109e-28 0 0 -3.5033706320667835e-30 390 390 4.5647469895435447e-28 0 0 -4.0441808367750593e-29
d 0 0 -4.1251372900862524e-28 0 0 -3.5074364799235447e-30 392.5 392.5 4.5670695417457739e-28 0 0 -4.0685788685659e-29
d 0 0 -4.1249828225678402e-28 0 0 -3.5085161105091872e-30 395 395 4.5669256922414922e-28 0 0 -4.0685770856862789e-29
d 0 0 -4.1248284276525023e-28 0 0 -3.5095851319035166e-30 397.5 397.5 4.5667836372809006e-28 0 0 -4.0685935830942696e-29
d 0 0 -4.1246741190805265e-28 0 0 -3.5106444249478771e-30 400 400 4.5666460941105889e-28 0 0 -4.0686553078063542e-29
d 0 0 -4.1245199098466492e-28 0 0 -3.5116944162871252e-30 402.5 402.5 4.566517083618696e-28 0 0 -4.068802297894282e-29
d 0 0 -4.1243658158091043e-28 0 0 -3.5127353135284039e-30 405 405 4.5664035180961858e-28 0 0 -4.0691034927735166e-29
d 0 0 -4.1240580876802079e-28 0 0 -3.5147906204508746e-30 410 410 4.5662746756842026e-28 0 0 -4.0706868175751644e-29
d 0 0 -4.1237518199979858e-28 0 0 -3.5168085423605241e-30 415 415 4.566397512216554e-28 0 0 -4.0747760678232568e-29
d 0 0 -4.123451063152757e-28 0 0 -3.5187935405254738e-30 420 420 4.5667380584591774e-28 0 0 -4.080993052531604e-29
d 0 0 -4.1232239022721424e-28 0 0 -3.5211002726233762e-30 425 425 4.5694621887706964e-28 0 0 -4.1102728326677987e-29
d 0 0 -4.1231251908776961e-28 0 0 -3.521790850770391e-30 427.5 427.5 4.56948810251748e-28 0 0 -4.1114500313169291e-29
d 0 0 -4.1230272837254165e-28 0 0 -3.5224717705716607e-30 430 430 4.5694557652526048e-28 0 0 -4.1120376382139366e-29
d 0 0 -4.1228357248388973e-28 0 0 -3.5237867019400154e-30 435 435 4.5693196029474447e-28 0 0 -4.1124592790825658e-29
d 0 0 -4.1226738138886525e-28 0 0 -3.5250720937881815e-30 440 440 4.5707538983133963e-28 0 0 -4.128293634856431e-29
d 0 0 -4.1225128700659073e-28 0 0 -3.5262017942131365e-30 445 445 4.5706303547059153e-28 0 0 -4.128554649887914e-29
d 0 0 -4.1223520028572511e-28 0 0 -3.5273190927723408e-30 450 450 4.5704983452918768e-28 0 0 -4.1287314989225954e-29
d 0 0 -4.1221912156800676e-28 0 0 -3.5284247554155293e-30 455 455 4.5703692460051969e-28 0 0 -4.1289378206961865e-29
d 0 0 -4.1220305163943201e-28 0 0 -3.5295001385730015e-30 460 460 4.5702197451597122e-28 0 0 -4.1289403482445967e-29
d 0 0 -4.1218699060505602e-28 0 0 -3.5306021175899359e-30 465 465 4.5700718571144787e-28 0 0 -4.1289591392390083e-29
d 0 0 -4.1217093881781639e-28 0 0 -3.5316779455735179e-30 470 470 4.5699234437455884e-28 0 0 -4.1289727235978685e-29
d 0 0 -4.121548965665502e-28 0 0 -3.5327432586048274e-30 475 475 4.5697745777451276e-28 0 0 -4.1289817511487292e-29
d 0 0 -4.1213886410870419e-28 0 0 -3.533799757428436e-30 480 480 4.5696254473486223e-28 0 0 -4.1289880356912412e-29
d 0 0 -4.1212284167849637e-28 0 0 -3.534847858510211e-30 485 485 4.569476174925951e-28 0 0 -4.128992739197006e-29
d 0 0 -4.121068294912545e-28 0 0 -3.5358878989496317e-30 490 490 4.5693268215120131e-28 0 0 -4.1289964159378725e-29
d 0 0 -4.1209082774658664e-28 0 0 -3.5369194882833132e-30 495 495 4.5691774098137171e-28 0 0 -4.128999241637852e-29
d 0 0 -4.1207483663097712e-28 0 0 -3.5379442028017449e-30 500 500 4.5690279411196081e-28 0 0 -4.1290011818188808e-29
d 0 0 -4.1205885631989902e-28 0 0 -3.5389614434803347e-30 505 505 4.5688784050377359e-28 0 0 -4.1290020885766694e-29
d 0 0 -4.1204288697923737e-28 0 0 -3.5399721316428611e-30 510 510 4.5687287838474126e-28 0 0 -4.1290017437283804e-29
d 0 0 -4.1202692876662619e-28 0 0 -3.5409761723515149e-30 515 515 4.5685790541404304e-28 0 0 -4.1289998748396161e-29
d 0 0 -4.1201098183238834e-28 0 0 -3.541973731673246e-30 520 520 4.5684291878775425e-28 0 0 -4.128996165551974e-29
d 0 0 -4.1199504632054036e-28 0 0 -3.5429649644004783e-30 525 525 4.5682791541412842e-28 0 0 -4.1289902728405223e-29
d 0 0 -4.119791223697942e-28 0 0 -3.5439498509949642e-30 530 530 4.5681289212355147e-28 0 0 -4.1289818477362482e-29
d 0 0 -4.1196321011448313e-28 0 0 -3.5449289105456801e-30 535 535 4.5679784584586806e-28 0 0 -4.1289705528071866e-29
d 0 0 -4.1194730968537409e-28 0 0 -3.5459018160894553e-30 540 540 4.56782773729955e-28 0 0 -4.1289560738988211e-29
d 0 0 -4.1193142121036747e-28 0 0 -3.5468693606022728e-30 545 545 4.5676767321725804e-28 0 0 -4.128938127304954e-29
d 0 0 -4.1191554481510507e-28 0 0 -3.5478313437341473e-30 550 550 4.5675254208834087e-28 0 0 -4.1289164642680381e-29
d 0 0 -4.1189968062350248e-28 0 0 -3.5487879335453142e-30 555 555 4.5673737849471978e-28 0 0 -4.1288908740316589e-29
d 0 0 -4.118838287582191e-28 0 0 -3.5497392404336181e-30 560 560 4.5672218098163469e-28 0 0 -4.1288611860061711e-29
d 0 0 -4.1186798934107777e-28 0 0 -3.5506853882419833e-30 565 565 4.5670694850457448e-28 0 0 -4.1288272713260252e-29
d 0 0 -4.1185216249344681e-28 0 0 -3.5516264951469392e-30 570 570 4.5669168044190739e-28 0 0 -4.1287890440300593e-29
d 0 0 -4.1183634833659912e-28 0 0 -3.5525626482477481e-30 575 575 4.5667637660599843e-28 0 0 -4.1287464620987367e-29
d 0 0 -4.1182054699205915e-28 0 0 -3.5534939998112309e-30 580 580 4.5666103725489815e-28 0 0 -4.1286995285533061e-29
d 0 0 -4.1180475858194812e-28 0 0 -3.5544206318484505e-30 585 585 4.566456631060913e-28 0 0 -4.1286482927630633e-29
d 0 0 -4.1178898322933124e-28 0 0 -3.5553426435876638e-30 590 590 4.5663025535321304e-28 0 0 -4.1285928520501143e-29
d 0 0 -4.1177322105856947e-28 0 0 -3.5562601287305259e-30 595 595 4.5661481568634412e-28 0 0 -4.1285333536524699e-29
d 0 0 -4.1175747219567483e-28 0 0 -3.5571731767679849e-30 600 600 4.5659934631659316e-28 0 0 -4.1284699971164984e-29
d 0 0 -4.1174173676866815e-28 0 0 -3.5580818733257765e-30 605 605 4.5658385000615252e-28 0 0 -4.1284030372378679e-29
d 0 0 -4.117260149079388e-28 0 0 -3.558986300555188e-30 610 610 4.5656833010582108e-28 0 0 -4.1283327877507593e-29
d 0 0 -4.117103067466061e-28 0 0 -3.5598860308608664e-30 615 615 4.5655279060308263e-28 0 0 -4.1282596260742749e-29
d 0 0 -4.1169461242088352e-28 0 0 -3.5607820215128221e-30 620 620 4.565372361852104e-28 0 0 -4.128183999563048e-29
d 0 0 -4.1167893207044666e-28 0 0 -3.5616739414122255e-30 625 625 4.5652167232361223e-28 0 0 -4.1281064338829143e-29
d 0 0 -4.1166326583880894e-28 0 0 -3.562561856399405e-30 630 630 4.5650610538786415e-28 0 0 -4.1280275443558441e-29
d 0 0 -4.1164761387370595e-28 0 0 -3.563445830106837e-30 635 635 4.5649054280080993e-28 0 0 -4.1279480514110409e-29
d 0 0 -4.1163197632749728e-28 0 0 -3.5643259241758829e-30 640 640 4.5647499325011506e-28 0 0 -4.1278688016758295e-29
d 0 0 -4.1161635335760204e-28 0 0 -3.56520219899782e-30 645 645 4.5645946697674502e-28 0 0 -4.1277907967438687e-29
d 0 0 -4.1160074512680601e-28 0 0 -3.5660747134578378e-30 650 650 4.5644397616248036e-28 0 0 -4.127715231945496e-29
d 0 0 -4.1158515180383612e-28 0 0 -3.5669435262999879e-30 655 655 4.5642853545901289e-28 0 0 -4.1276435490905715e-29
d 0 0 -4.1156957356376337e-28 0 0 -3.5678086963210666e-30 660 660 4.5641316268355288e-28 0 0 -4.1275775059940409e-29
d 0 0 -4.1155401058846831e-28 0 0 -3.5686702828496211e-30 665 665 4.5639787971964428e-28 0 0 -4.1275192664816238e-29
d 0 0 -4.1153846306712321e-28 0 0 -3.5695283461671951e-30 670 670 4.5638271363043797e-28 0 0 -4.1274715116369552e-29
d 0 0 -4.1152293119670226e-28 0 0 -3.5703829478856392e-30 675 675 4.5636769792763894e-28 0 0 -4.1274375666103671e-29
d 0 0 -4.1150741518255217e-28 0 0 -3.5712341512248275e-30 680 680 4.563528738009321e-28 0 0 -4.1274215234669703e-29
d 0 0 -4.1149191523908819e-28 0 0 -3.5720820212623125e-30 685 685 4.5633829087286998e-28 0 0 -4.1274283165666729e-29
d 0 0 -4.1147643159072648e-28 0 0 -3.5729266251247539e-30 690 690 4.5632400672546736e-28 0 0 -4.1274636750913563e-29
d 0 0 -4.1146096447319416e-28 0 0 -3.5737680320759139e-30 695 695 4.5631008421761034e-28 0 0 -4.1275338546177889e-29
d 0 0 -4.1144551413531941e-28 0 0 -3.57460631356261e-30 700 700 4.5629658587836713e-28 0 0 -4.1276450762360922e-29
d 0 0 -4.1143008084123726e-28 0 0 -3.575441543076136e-30 705 705 4.5628356587374813e-28 0 0 -4.1278027229736474e-29
d 0 0 -4.1141466487266601e-28 0 0 -3.5762737894674088e-30 710 710 4.5627106200649179e-28 0 0 -4.1280105395095257e-29
d 0 0 -4.1139926653074789e-28 0 0 -3.5771031429795346e-30 715 715 4.5625909142196174e-28 0 0 -4.1282702025292723e-29
d 0 0 -4.1138388613712514e-28 0 0 -3.5779296781218927e-30 720 720 4.5624765242931029e-28 0 0 -4.1285815026606921e-29
d 0 0 -4.1136852403437009e-28 0 0 -3.5787534789723182e-30 725 725 4.5623673166307876e-28 0 0 -4.1289430604952654e-29
d 0 0 -4.113531805862313e-28 0 0 -3.579574634190562e-30 730 730 4.5622631335799892e-28 0 0 -4.129353253929084e-29
d 0 0 -4.1133785617818818e-28 0 0 -3.5803932400366152e-30 735 735 4.5621638722311467e-28 0 0 -4.1298110053882364e-29
d 0 0 -4.1132255121857228e-28 0 0 -3.5812093808975961e-30 740 740 4.5620695304293903e-28 0 0 -4.1303162416800579e-29
d 0 0 -4.1130726614008582e-28 0 0 -3.5820232029663092e-30 745 745 4.5619802314727648e-28 0 0 -4.1308701406339212e-29
d 0 0 -4.1129200140125923e-28 0 0 -3.5828348182663156e-30 750 750 4.5618962592522767e-28 0 0 -4.1314754821018002e-29
d 0 0 -4.1127675748762882e-28 0 0 -3.5836443660798968e-30 755 755 4.5618181177595316e-28 0 0 -4.1321372425666079e-29
d 0 0 -4.1126153491293987e-28 0 0 -3.5844520732651629e-30 760 760 4.5617465896435651e-28 0 0 -4.1328631801107933e-29
d 0 0 -4.1124633422081895e-28 0 0 -3.5852580088934127e-30 765 765 4.5616827560738675e-28 0 0 -4.1336640322278181e-29
d 0 0 -4.1123115598696045e-28 0 0 -3.5860624564471804e-30 770 770 4.5616279668218061e-28 0 0 -4.1345532155285395e-29
d 0 0 -4.1121600082140023e-28 0 0 -3.5868656910598618e-30 775 775 4.5615837816524188e-28 0 0 -4.1355462382147347e-29
d 0 0 -4.1120086937032773e-28 0 0 -3.5876680529685854e-30 780 780 4.5615519131590651e-28 0 0 -4.1366601265969494e-29
d 0 0 -4.1118576231707023e-28 0 0 -3.588469969200225e-30 785 785 4.5615341898322336e-28 0 0 -4.1379130535110999e-29
d 0 0 -4.1117068038220035e-28 0 0 -3.5892719811073613e-30 790 790 4.5615325430494982e-28 0 0 -4.1393242054592452e-29
d 0 0 -4.1115562432305673e-28 0 0 -3.5900747771220549e-30 795 795 4.5615490127198375e-28 0 0 -4.1409138358315539e-29
d 0 0 -4.1114059493340198e-28 0 0 -3.5908792292142122e-30 800 800 4.5615857639365777e-28 0 0 -4.1427034279277898e-29
d 0 0 -4.1112559304453532e-28 0 0 -3.591686420036297e-30 805 805 4.5616451079675784e-28 0 0 -4.1447159014849776e-29
d 0 0 -4.1111061952990577e-28 0 0 -3.5924976719749607e-30 810 810 4.5617295225974574e-28 0 0 -4.1469758135991486e-29
d 0 0 -4.1109567531594426e-28 0 0 -3.5933145359989737e-30 815 815 4.5618416681555756e-28 0 0 -4.149509518427422e-29
d 0 0 -4.1108076140199676e-28 0 0 -3.5941387481492177e-30 820 820 4.5619843965809221e-28 0 0 -4.152345260347264e-29
d 0 0 -4.1106587889137044e-28 0 0 -3.5949721339901294e-30 825 825 4.5621607522634478e-28 0 0 -4.1555131887982179e-29
d 0 0 -4.1105102903352328e-28 0 0 -3.5958164643665585e-30 830 830 4.5623739660228451e-28 0 0 -4.1590453082372794e-29
d 0 0 -4.1103621327771751e-28 0 0 -3.5966732826875715e-30 835 835 4.5626274482057406e-28 0 0 -4.1629754210139564e-29
d 0 0 -4.1102143315330895e-28 0 0 -3.5975433420970253e-30 840 840 4.5629247579181316e-28 0 0 -4.1673388880253502e-29
d 0 0 -4.1100669096387289e-28 0 0 -3.5984256323773287e-30 845 845 4.563269682232888e-28 0 0 -4.1721734472498236e-29
d 0 0 -4.1099198942819158e-28 0 0 -3.5993204333953999e-30 850 850 4.5636663375184416e-28 0 0 -4.1775199615816662e-29
d 0 0 -4.1097733097323979e-28 0 0 -3.6002274191195083e-30 855 855 4.5641191235708828e-28 0 0 -4.1834222153820536e-29
d 0 0 -4.1096271833894462e-28 0 0 -3.601146034048351e-30 860 860 4.5646329294070508e-28 0 0 -4.1899288770052187e-29
d 0 0 -4.1094815453927529e-28 0 0 -3.6020756835159108e-30 865 865 4.565213265179499e-28 0 0 -4.1970948022126622e-29
d 0 0 -4.1093364284909234e-28 0 0 -3.6030159064176271e-30 870 870 4.5658663875430844e-28 0 0 -4.2049822718154062e-29
d 0 0 -4.109191868057267e-28 0 0 -3.6039665028597154e-30 875 875 4.5665994083360262e-28 0 0 -4.2136620654278487e-29
d 0 0 -4.1090479022419305e-28 0 0 -3.6049276130476137e-30 880 880 4.5674203914777871e-28 0 0 -4.2232144209345617e-29
d 0 0 -4.1089045722371963e-28 0 0 -3.6060877719716346e-30 885 885 4.5683384529059455e-28 0 0 -4.2337300271780865e-29
d 0 0 -4.1087619226227929e-28 0 0 -3.6070835829429386e-30 890 890 4.5693638817298624e-28 0 0 -4.2453112303878908e-29
d 0 0 -4.108620001757931e-28 0 0 -3.6080935286558058e-30 895 895 4.5705082996152819e-28 0 0 -4.258073623243871e-29
d 0 0 -4.1084788621922959e-28 0 0 -3.6091194398323129e-30 900 900 4.5717848733793925e-28 0 0 -4.2721481653492198e-29
d 0 0 -4.1083385610748477e-28 0 0 -3.610163602391517e-30 905 905 4.5732085956610745e-28 0 0 -4.2876839830115934e-29
d 0 0 -4.1081991605451468e-28 0 0 -3.6112288078889641e-30 910 910 4.5747966516901292e-28 0 0 -4.3048520279782153e-29
d 0 0 -4.1080607280976086e-28 0 0 -3.6123184329321088e-30 915 915 4.5765688971856933e-28 0 0 -4.3238498448358119e-29
d 0 0 -4.1079233369174528e-28 0 0 -3.6134365557276177e-30 920 920 4.5785484839952708e-28 0 0 -4.3449078123862429e-29
d 0 0 -4.1077870662029916e-28 0 0 -3.6145881212671191e-30 925 925 4.5807626878739391e-28 0 0 -4.3682974017073923e-29
d 0 0 -4.1076520015198411e-28 0 0 -3.615779171622968e-30 930 930 4.5832440200528255e-28 0 0 -4.3943422652300166e-29
d 0 0 -4.1075182352899136e-28 0 0 -3.6170171688950112e-30 935 935 4.5860317469000197e-28 0 0 -4.4234333962130099e-29
d 0 0 -4.10738586761856e-28 0 0 -3.6183114501335724e-30 940 940 4.5891740106904538e-28 0 0 -4.4560502826455477e-29
d 0 0 -4.1072550078328183e-28 0 0 -3.6196738811365942e-30 945 945 4.5927308587060253e-28 0 0 -4.4927911174938037e-29
d 0 0 -4.1071257773841152e-28 0 0 -3.621119816604057e-30 950 950 4.5967786841982769e-28 0 0 -4.5344170832847149e-29
d 0 0 -4.1069983152347971e-28 0 0 -3.6226695503445415e-30 955 955 4.60141693302043e-28 0 0 -4.5819192195400091e-29
d 0 0 -4.106872787651559e-28 0 0 -3.6243505802958502e-30 960 960 4.6067785818131913e-28 0 0 -4.636622880196033e-29
d 0 0 -4.1067494058131556e-28 0 0 -3.626201290764399e-30 965 965 4.6130471687741235e-28 0 0 -4.7003574970948789e-29
d 0 0 -4.1066284576348859e-28 0 0 -3.6282772452843888e-30 970 970 4.620485800640816e-28 0 0 -4.7757457042980601e-29
d 0 0 -4.1065103668531234e-28 0 0 -3.6306624130282601e-30 975 975 4.6294894316466234e-28 0 0 -4.8667244053410669e-29
d 0 0 -4.1063958086109025e-28 0 0 -3.6334911945650741e-30 980 980 4.6406859255477183e-28 0 0 -4.979552048676004e-29
d 0 0 -4.1062859547365413e-28 0 0 -3.6369946310061447e-30 985 985 4.6551497523738162e-28 0 0 -5.1249385134162172e-29
d 0 0 -4.106183058486185e-28 0 0 -3.6416105093613836e-30 990 990 4.6749112792650726e-28 0 0 -5.3231211571353632e-29
d 0 0 -4.1060921006585375e-28 0 0 -3.6482924792745175e-30 995 995 4.7043938917927634e-28 0 0 -5.6181886639936223e-29
d 0 0 -4.1060267573871101e-28 0 0 -3.6596241898197648e-30 1000 1000 4.7556672367293972e-28 0 0 -6.1304423744409561e-29
d 0 0 -4.1060429977748414e-28 0 0 -3.6860287642249511e-30 1005 1005 4.8785251200934394e-28 0 0 -7.3562183467698316e-29
d 0 0 -4.1068278843635753e-28 0 0 -3.8522276968071207e-30 1010 1010 5.6817418724731746e-28 0 0 -1.5363917111467328e-28
d 0 0 -4.1093443708028114e-28 0 0 -4.3070416465190027e-30 1011.25 1011.25 7.8961769282884583e-28 0 0 -3.7437621410204574e-28
d 0 0 -4.1134435512915523e-28 0 0 -5.0326171056868489e-30 1011.5625 1011.5625 1.1433984300430258e-27 0 0 -7.2702145780836304e-28
d 0 0 -4.1240322013370072e-28 0 0 -6.8935559007642971e-30 1011.71875 1011.71875 2.051505868574976e-27 0 0 -1.6322090925450944e-27
d 0 0 -4.1668918545401664e-28 0 0 -1.4386993170048925e-29 1011.796875 1011.796875 5.7078666169651945e-27 0 0 -5.2767904384186183e-27
d 0 0 -4.3418563854946732e-28 0 0 -4.4810657143604533e-29 1011.8359375 1011.8359375 2.0518164253907359e-26 0 0 -2.0039167959487117e-26
d 0 0 -5.2819654832204243e-28 0 0 -2.0703776295918566e-28 1011.875 1011.875 9.9136349806826158e-26 0 0 -9.8401115495762663e-26
d 0 0 -6.9878098714681844e-26 0 0 -1.1855689424321037e-25 1012.03125 1012.03125 5.6954227141136704e-23 0 0 -5.676579214817897e-23
d 0 0 -5.1541326763137893e-23 0 0 -8.7562075398412931e-23 1012.1875 1012.1875 4.1865123454743482e-20 0 0 -4.1726020052581929e-20
d 0 0 -7.4481357603003208e-21 0 0 -1.2610971932523606e-20 1012.265625 1012.265625 6.0080408512280994e-18 0 0 -5.9879817435352734e-18
d 0 0 -6.6282668415731044e-21 0 0 -1.1223681083487155e-20 1012.26806640625 1012.26806640625 5.3475540519574092e-18 0 0 -5.3297021040323477e-18
d 0 0 -5.5989219818430857e-21 0 0 -9.4817709077991406e-21 1012.2705078125 1012.2705078125 4.5181538860003467e-18 0 0 -4.5030731931107033e-18
Q 2 13 "Source Voltage"
Q 3 13 "Gate Voltage"
Q 4 13 "Drain Voltage"
Q 5 13 "Substrate Voltage"
Q 20 13 "Source Current"
Q 21 13 "Gate Current"
Q 22 13 "Drain Current"
Q 23 13 "Substrate Current"
Q 92 21 Contact
Q 601 13 "Source Int. Voltage"
Q 602 13 "Gate Int. Voltage"
Q 603 13 "Drain Int. Voltage"
Q 604 13 "Substrate Int. Voltage"
EOF 827267312
