v VICTORYDEVICE
# silvaco.file ASCII version=1.14.29 format=1 contents=SDB,Tables=1

Copyright "###################################################################"
Copyright "#                    Copyright Silvaco Inc. (c)                   #"
Copyright "#                            1992-2014                            #"
Copyright "#                                                                 #"
Copyright "# This file format and the following Key are copyright Silvaco    #"
Copyright "# International. You may not use, this format or key without      #"
Copyright "# reproducing this message in full and obtaining                  #"
Copyright "# express written permission from Silvaco Inc.                    #"
Copyright "#                                                                 #"
Copyright "# To obtain such permission please contact: Silvaco Inc.          #"
Copyright "#                                           support@silvaco.com   #"
Copyright "#                                                                 #"
Copyright "# KEY=SVC86hn7562asdx                       PROD=345              #"
Copyright "###################################################################"
#This file was created by VICTORYDEVICE version 1.24.0.R
#victoryd 1.24.0.R (Wed Jun 26 14:38:19 PDT 2024)
#libSDB 1.12.65 (Thu Dec  7 08:14:05 PST 2023)
a VICTORYDEVICE
j 1 9
k 4
r 1 92
x 3 43 42 46
w source 1 1
r 2 92
x 3 43 42 46
w gate 1 2
r 3 92
x 3 43 42 46
w drain 1 3
r 4 92
x 3 43 42 46
w substrate 1 4
y 1 15
z 300
f 4 source gate drain substrate
p 12 2 601 20 3 602 21 4 603 22 5 604 23
d 0 0 -1.7087546492571697e-16 0 0 -5.1915097448227599e-35 0.01 0.01 1.7082528090964965e-16 0 0 0
d 0 0 -7.3927962965394883e-16 0 0 -3.9994339715865079e-35 0.1 0.1 7.3927963572948465e-16 0 0 0
d 0 0 -8.5894459451578472e-16 0 0 8.2361097492159416e-35 0.5 0.5 8.5894459451617491e-16 0 0 0
d 0 0 -8.7690653077655519e-16 0 0 -1.5311586082475114e-36 1 1 8.7690653077655528e-16 0 0 0
d 0 0 -8.9046579513265132e-16 0 0 -1.9247530969725606e-36 2 2 8.9046579513265152e-16 0 0 0
d 0 0 -9.0870354373598146e-16 0 0 4.1982986724006561e-36 4 4 9.0870354373634492e-16 0 0 0
d 0 0 -9.2178068202746348e-16 0 0 1.0636455080053541e-34 6 6 9.217806820269947e-16 0 0 0
d 0 0 -9.3306058094845882e-16 0 0 2.3084135014203647e-34 8 8 9.3306058094836061e-16 0 0 0
d 0 0 -9.4080189064826408e-16 0 0 1.9385870300555516e-31 10 10 9.4080189064807771e-16 0 0 0
d 0 0 -9.462012584612099e-16 0 0 5.0989562804927118e-33 12 12 9.4620125846122508e-16 0 0 0
d 0 0 -9.5150570803323757e-16 0 0 5.3254555664836085e-33 14 14 9.5150570803281868e-16 0 0 0
d 0 0 -9.5715229184339317e-16 0 0 1.0081271021382922e-31 16 16 9.5715229184949737e-16 0 0 0
d 0 0 -9.6349213384288779e-16 0 0 1.4506789174895778e-33 18 18 9.6349213384397977e-16 0 0 0
d 0 0 -9.6956090885569785e-16 0 0 3.3918125022955141e-32 20 20 9.6956090885868842e-16 0 0 0
d 0 0 -9.7528850526411575e-16 0 0 5.3218713590167868e-31 22 22 9.7528850529646812e-16 0 0 0
d 0 0 -9.7959615248620922e-16 0 0 6.6243705190767589e-30 24 24 9.7959615269689839e-16 0 0 0
d 0 0 -9.8337685188215506e-16 0 0 1.9902463918907223e-30 26 26 9.8337685198650518e-16 0 0 0
d 0 0 -9.8710568268830935e-16 0 0 4.6239716553011851e-34 28 28 9.8710568267121651e-16 0 0 0
d 0 0 -9.9076126981134995e-16 0 0 8.6216923994218016e-33 30 30 9.907612697976993e-16 0 0 0
d 0 0 -9.9432420268817921e-16 0 0 2.1698363862750194e-31 32 32 9.9432420265327211e-16 0 0 0
d 0 0 -9.9781762507703142e-16 0 0 6.9120910622237512e-31 34 34 9.978176250018161e-16 0 0 0
d 0 0 -1.0012405484511814e-15 0 0 5.9782486819036868e-32 36 36 1.0012405484337478e-15 0 0 0
d 0 0 -1.0045794414577613e-15 0 0 1.8327719616858898e-31 38 38 1.0045794414337436e-15 0 0 0
d 0 0 -1.0078394860679537e-15 0 0 -5.6333692105304742e-32 40 40 1.0078394860535722e-15 0 0 0
d 0 0 -1.0110105025974998e-15 0 0 -1.4726706506984573e-31 42 42 1.0110105025891799e-15 0 0 0
d 0 0 -1.0140466819868282e-15 0 0 -2.0635696241046983e-31 44 44 1.014046681994721e-15 0 0 0
d 0 0 -1.0166666586777745e-15 0 0 1.3452970929707135e-30 46 46 1.0166666587615438e-15 0 0 0
d 0 0 -1.0189773449585498e-15 0 0 1.4710395938099373e-30 48 48 1.0189773451430892e-15 0 0 0
d 0 0 -1.0211703304055853e-15 0 0 8.2980464398635063e-30 50 50 1.0211703307111448e-15 0 0 0
d 0 0 -1.0233372856640792e-15 0 0 -1.9518821945716026e-31 52 52 1.023337285876065e-15 0 0 0
d 0 0 -1.0254760947769572e-15 0 0 -4.2602335884966791e-30 54 54 1.0254760952889621e-15 0 0 0
d 0 0 -1.0275869070697091e-15 0 0 -7.8931290583786907e-30 56 56 1.0275869067142858e-15 0 0 0
d 0 0 -1.0296733500019536e-15 0 0 -7.8009505263850487e-30 58 58 1.0296733497434905e-15 0 0 0
d 0 0 -1.0317375317992209e-15 0 0 -1.6015303620536597e-29 60 60 1.0317375318156426e-15 0 0 0
d 0 0 -1.0337802857028176e-15 0 0 -2.6138744345959705e-29 62 62 1.0337802854648331e-15 0 0 0
d 0 0 -1.0358021998726019e-15 0 0 -4.07737879085394e-29 64 64 1.0358021994687887e-15 0 0 0
d 0 0 -1.0378038840666102e-15 0 0 -6.7131634788059568e-29 66 66 1.0378038857113109e-15 0 0 0
d 0 0 -1.0397872900848037e-15 0 0 -1.2558245320838139e-28 68 68 1.0397872900774109e-15 0 0 0
d 0 0 -1.0417548993971641e-15 0 0 -1.9073002588724126e-28 70 70 1.0417548996176203e-15 0 0 0
d 0 0 -1.0437078472066557e-15 0 0 -2.9306267678127108e-28 72 72 1.0437078468250486e-15 0 0 0
d 0 0 -1.0456451007926449e-15 0 0 -4.4531704406677561e-28 74 74 1.0456450996092889e-15 0 0 0
d 0 0 -1.0475674804094175e-15 0 0 -6.5937220366602719e-28 76 76 1.0475674790539215e-15 0 0 0
d 0 0 -1.0494755865489432e-15 0 0 -9.7038804724716794e-28 78 78 1.0494755848340993e-15 0 0 0
d 0 0 -1.051368270787998e-15 0 0 -1.4166790770021036e-27 80 80 1.0513682688142633e-15 0 0 0
d 0 0 -1.0532084912231571e-15 0 0 -2.00921544005305e-27 82 82 1.0532084865665859e-15 0 0 0
d 0 0 -1.0549506860777686e-15 0 0 -2.7904016321689551e-27 84 84 1.0549506832113579e-15 0 0 0
d 0 0 -1.0565935703307572e-15 0 0 -3.728565700538332e-27 86 86 1.0565935631767573e-15 0 0 0
d 0 0 -1.0580746907591771e-15 0 0 -4.6689612411318997e-27 88 88 1.0580746939146445e-15 0 0 0
d 0 0 -1.0595464464026701e-15 0 0 -5.8184362370255618e-27 90 90 1.059546448480238e-15 0 0 0
d 0 0 -1.0610094707761803e-15 0 0 -7.1743520939878792e-27 92 92 1.0610094756829941e-15 0 0 0
d 0 0 -1.0624641419502874e-15 0 0 -8.9566124090544963e-27 94 94 1.0624641445012391e-15 0 0 0
d 0 0 -1.0639110481272055e-15 0 0 -1.1027585151476332e-26 96 96 1.0639110525571569e-15 0 0 0
d 0 0 -1.0653506152612732e-15 0 0 -1.3653147893496765e-26 98 98 1.065350617471343e-15 0 0 0
d 0 0 -1.0667829740688012e-15 0 0 -1.6753583847579326e-26 100 100 1.0667829784879907e-15 0 0 0
d 0 0 -1.070331760243762e-15 0 0 -2.7710748148378228e-26 105 105 1.0703317519002492e-15 0 0 0
d 0 0 -1.0738346509010406e-15 0 0 -4.5139942783521329e-26 110 110 1.0738346443996367e-15 0 0 0
d 0 0 -1.0772900929083347e-15 0 0 -7.2172883069441407e-26 115 115 1.0772900853530417e-15 0 0 0
d 0 0 -1.0806887350193908e-15 0 0 -1.1346514795283985e-25 120 120 1.0806887243789835e-15 0 0 0
d 0 0 -1.0840307177299303e-15 0 0 -1.7556841832645608e-25 125 125 1.0840307097474437e-15 0 0 0
d 0 0 -1.0873713528040924e-15 0 0 -2.6942424416127401e-25 130 130 1.0873713398133416e-15 0 0 0
d 0 0 -1.0906611807712289e-15 0 0 -4.0795076084188767e-25 135 135 1.0906611649079348e-15 0 0 0
d 0 0 -1.0939068145517227e-15 0 0 -6.104624692587245e-25 140 140 1.0939067953107527e-15 0 0 0
d 0 0 -1.0971105337193264e-15 0 0 -9.0373656503619368e-25 145 145 1.0971105131420244e-15 0 0 0
d 0 0 -1.1002773476012784e-15 0 0 -1.3238655914839259e-24 150 150 1.1002773312737864e-15 0 0 0
d 0 0 -1.1033068357271479e-15 0 0 -1.876819711525873e-24 155 155 1.1033068563205853e-15 0 0 0
d 0 0 -1.1060406519804945e-15 0 0 -2.4999016029545767e-24 160 160 1.1060406681137478e-15 0 0 0
d 0 0 -1.1084515407829354e-15 0 0 -3.1373897208844592e-24 165 165 1.1084515230741006e-15 0 0 0
d 0 0 -1.1108252714133522e-15 0 0 -3.9261294753433773e-24 170 170 1.1108252664348321e-15 0 0 0
d 0 0 -1.1131673252938136e-15 0 0 -4.9026603616633921e-24 175 175 1.1131673217459628e-15 0 0 0
d 0 0 -1.1154806282435186e-15 0 0 -6.1113166992979336e-24 180 180 1.1154806116321657e-15 0 0 0
d 0 0 -1.1177675384586702e-15 0 0 -7.6069160104361725e-24 185 185 1.117767534257594e-15 0 0 0
d 0 0 -1.1200301508563507e-15 0 0 -9.4566064517740243e-24 190 190 1.1200301484943359e-15 0 0 0
d 0 0 -1.1222704015021735e-15 0 0 -1.1743463916119673e-23 195 195 1.1222704022109189e-15 0 0 0
d 0 0 -1.1244901208242096e-15 0 0 -1.4569724422976771e-23 200 200 1.1244901258265279e-15 0 0 0
d 0 0 -1.1266910579563367e-15 0 0 -1.8061150425502592e-23 205 205 1.1266910601019068e-15 0 0 0
d 0 0 -1.1288749357970233e-15 0 0 -2.2372255093991197e-23 210 210 1.1288749498753799e-15 0 0 0
d 0 0 -1.1310435522271629e-15 0 0 -2.7690322340761281e-23 215 215 1.1310435745340866e-15 0 0 0
d 0 0 -1.1331988961182525e-15 0 0 -3.4257094211697829e-23 220 220 1.1331989366704689e-15 0 0 0
d 0 0 -1.135343146878994e-15 0 0 -4.2351936937892028e-23 225 225 1.1353431963641827e-15 0 0 0
d 0 0 -1.1374705592235493e-15 0 0 -5.227231321466694e-23 230 230 1.1374706190134466e-15 0 0 0
d 0 0 -1.139536720409727e-15 0 0 -6.3985643838211162e-23 235 235 1.139536790745867e-15 0 0 0
d 0 0 -1.1415662446649854e-15 0 0 -7.7937668232809841e-23 240 240 1.1415663291820274e-15 0 0 0
d 0 0 -1.1435695609670958e-15 0 0 -9.4580791134961709e-23 245 245 1.1435696629266347e-15 0 0 0
d 0 0 -1.1455500243283682e-15 0 0 -1.1437784071076703e-22 250 250 1.145550146414416e-15 0 0 0
d 0 0 -1.1475103330619698e-15 0 0 -1.3784646858585481e-22 255 255 1.1475104825279753e-15 0 0 0
d 0 0 -1.1494509370916262e-15 0 0 -1.6555094328482898e-22 260 260 1.1494510912571121e-15 0 0 0
d 0 0 -1.1513292079094031e-15 0 0 -1.9697348928468323e-22 265 265 1.1513294112154625e-15 0 0 0
d 0 0 -1.153225193223112e-15 0 0 -2.3456258235007935e-22 270 270 1.1532254351110442e-15 0 0 0
d 0 0 -1.1550430029383329e-15 0 0 -2.7606623856194135e-22 275 275 1.1550432848344334e-15 0 0 0
d 0 0 -1.1568545418649094e-15 0 0 -3.2404375862173975e-22 280 280 1.1568548702217332e-15 0 0 0
d 0 0 -1.1586702144572222e-15 0 0 -3.7959418358686074e-22 285 285 1.1586706002636441e-15 0 0 0
d 0 0 -1.1604973397535373e-15 0 0 -4.4378239073956941e-22 290 290 1.1604977877193891e-15 0 0 0
d 0 0 -1.1623453549606975e-15 0 0 -5.1754801219738368e-22 295 295 1.1623458741825314e-15 0 0 0
d 0 0 -1.1644009413980885e-15 0 0 -6.0299935792057516e-22 300 300 1.1644015378747684e-15 0 0 0
d 0 0 -1.1665982057150135e-15 0 0 -7.005453119724978e-22 305 305 1.1665989032376051e-15 0 0 0
d 0 0 -1.1687520672491341e-15 0 0 -8.1054106811320822e-22 310 310 1.1687528736588081e-15 0 0 0
d 0 0 -1.170880923772383e-15 0 0 -9.3511942066053851e-22 315 315 1.1708818676733398e-15 0 0 0
d 0 0 -1.1729012050756014e-15 0 0 -1.0680660904020395e-21 320 320 1.1729022800743434e-15 0 0 0
d 0 0 -1.1748247272629268e-15 0 0 -1.2088491694742083e-21 325 325 1.1748259282087641e-15 0 0 0
d 0 0 -1.1766259031278007e-15 0 0 -1.352997704691184e-21 330 330 1.1766272506647651e-15 0 0 0
d 0 0 -1.1784128440417589e-15 0 0 -1.5109632554535478e-21 335 335 1.1784143497923657e-15 0 0 0
d 0 0 -1.180190203958073e-15 0 0 -1.6841916404736459e-21 340 340 1.1801918834311781e-15 0 0 0
d 0 0 -1.1819604517662354e-15 0 0 -1.8740533220498123e-21 345 345 1.1819623209837996e-15 0 0 0
d 0 0 -1.1837253882685525e-15 0 0 -2.0819695035084098e-21 350 350 1.1837274657825692e-15 0 0 0
d 0 0 -1.1854864839721822e-15 0 0 -2.3094401624833261e-21 355 355 1.1854887892656469e-15 0 0 0
d 0 0 -1.1872449946682751e-15 0 0 -2.5580549717111733e-21 360 360 1.1872475430979887e-15 0 0 0
d 0 0 -1.1890020013315432e-15 0 0 -2.8294994298590168e-21 365 365 1.189004824944767e-15 0 0 0
d 0 0 -1.1907584026953562e-15 0 0 -3.1255594085344612e-21 370 370 1.1907615223000608e-15 0 0 0
d 0 0 -1.1925148450378013e-15 0 0 -3.4481247902618656e-21 375 375 1.1925182874207656e-15 0 0 0
d 0 0 -1.1942714937548571e-15 0 0 -3.7991897895739381e-21 380 380 1.1942752877882078e-15 0 0 0
d 0 0 -1.1960272181130516e-15 0 0 -4.1808360160178115e-21 385 385 1.1960313945134939e-15 0 0 0
d 0 0 -1.1977746385464525e-15 0 0 -4.595081928655846e-21 390 390 1.1977792230176277e-15 0 0 0
d 0 0 -1.1997115286732618e-15 0 0 -5.0504710943744283e-21 395 395 1.1997165734192895e-15 0 0 0
d 0 0 -1.2016694885619249e-15 0 0 -5.5456593218715921e-21 400 400 1.2016750226281269e-15 0 0 0
d 0 0 -1.2036257767481441e-15 0 0 -6.0829091549542839e-21 405 405 1.2036318486997776e-15 0 0 0
d 0 0 -1.2055874922357549e-15 0 0 -6.6656132251615107e-21 410 410 1.2055941474138386e-15 0 0 0
d 0 0 -1.2075633375855838e-15 0 0 -7.2975245867686582e-21 415 415 1.2075706251562188e-15 0 0 0
d 0 0 -1.2095940249289079e-15 0 0 -7.9843936148202256e-21 420 420 1.2096019996858695e-15 0 0 0
d 0 0 -1.2116346879305959e-15 0 0 -8.7264027919798213e-21 425 425 1.2116434442840492e-15 0 0 0
d 0 0 -1.2136180245515219e-15 0 0 -9.492373476759139e-21 430 430 1.2136275324269067e-15 0 0 0
d 0 0 -1.2156861753601325e-15 0 0 -1.0350000287897682e-20 435 435 1.2156965158937787e-15 0 0 0
d 0 0 -1.2176208307399816e-15 0 0 -1.1192453307389756e-20 440 440 1.2176320130771905e-15 0 0 0
d 0 0 -1.2195594620585668e-15 0 0 -1.2085051214130888e-20 445 445 1.2195715419592654e-15 0 0 0
d 0 0 -1.2215201654190151e-15 0 0 -1.3039149854958478e-20 450 450 1.2215331975768662e-15 0 0 0
d 0 0 -1.223507236843473e-15 0 0 -1.4059604949865282e-20 455 455 1.2235212896330532e-15 0 0 0
d 0 0 -1.2255238740704057e-15 0 0 -1.5150931575416864e-20 460 460 1.2255390195175579e-15 0 0 0
d 0 0 -1.2275730523446256e-15 0 0 -1.6317717564669023e-20 465 465 1.2275893646251313e-15 0 0 0
d 0 0 -1.2296577774984423e-15 0 0 -1.756475154726711e-20 470 470 1.2296753254199743e-15 0 0 0
d 0 0 -1.231781196622232e-15 0 0 -1.889709063132135e-20 475 475 1.2318000833436254e-15 0 0 0
d 0 0 -1.233946667568782e-15 0 0 -2.0320115905673283e-20 480 480 1.2339669778265606e-15 0 0 0
d 0 0 -1.2361578155589255e-15 0 0 -2.1839589540067097e-20 485 485 1.2361796452923619e-15 0 0 0
d 0 0 -1.2384185651626406e-15 0 0 -2.3461701502889823e-20 490 490 1.23844201804574e-15 0 0 0
d 0 0 -1.240733091539775e-15 0 0 -2.5193054306672092e-20 495 495 1.2407582743336693e-15 0 0 0
d 0 0 -1.2431056128046772e-15 0 0 -2.7040500694965373e-20 500 500 1.2431326233737866e-15 0 0 0
d 0 0 -1.2455390679081011e-15 0 0 -2.9009951997583479e-20 505 505 1.2455680501802186e-15 0 0 0
d 0 0 -1.2479607110915107e-15 0 0 -3.1037978021040586e-20 510 510 1.2479917823262097e-15 0 0 0
d 0 0 -1.2505182333111622e-15 0 0 -3.3260720010284127e-20 515 515 1.2505514843162318e-15 0 0 0
d 0 0 -1.253035842177212e-15 0 0 -3.551609229052964e-20 520 520 1.2530713243376069e-15 0 0 0
d 0 0 -1.255586788955063e-15 0 0 -3.7871300542770623e-20 525 525 1.255624635739792e-15 0 0 0
d 0 0 -1.258219947878175e-15 0 0 -4.037634737629449e-20 530 530 1.2582602993287149e-15 0 0 0
d 0 0 -1.2609450136711289e-15 0 0 -4.3044856289721344e-20 535 535 1.2609880332702156e-15 0 0 0
d 0 0 -1.2637707542504037e-15 0 0 -4.5890064520321006e-20 540 540 1.2638166148360817e-15 0 0 0
d 0 0 -1.266706150698473e-15 0 0 -4.8925914618378805e-20 545 545 1.2667550526338888e-15 0 0 0
d 0 0 -1.269760720499237e-15 0 0 -5.2167400388078811e-20 550 550 1.2698128798221506e-15 0 0 0
d 0 0 -1.2729446644362726e-15 0 0 -5.5630756490969277e-20 555 555 1.2730002657224218e-15 0 0 0
d 0 0 -1.2762689673021712e-15 0 0 -5.9333613160707956e-20 560 560 1.2763282620832997e-15 0 0 0
d 0 0 -1.2797454895459981e-15 0 0 -6.3295151702116577e-20 565 565 1.2798087470915336e-15 0 0 0
d 0 0 -1.2833870531370879e-15 0 0 -6.7536261563588453e-20 570 570 1.2834545514593932e-15 0 0 0
d 0 0 -1.2872074539662447e-15 0 0 -7.2079632827835625e-20 575 575 1.2872794276029091e-15 0 0 0
d 0 0 -1.2912213187924021e-15 0 0 -7.6949646668549241e-20 580 580 1.2912981670716594e-15 0 0 0
d 0 0 -1.2954435705537381e-15 0 0 -8.2171759363541074e-20 585 585 1.2955256448622765e-15 0 0 0
d 0 0 -1.2998809000741202e-15 0 0 -8.7761554200169288e-20 590 590 1.299968772298857e-15 0 0 0
d 0 0 -1.3044379985316929e-15 0 0 -9.3601515734076651e-20 595 595 1.3045314624369774e-15 0 0 0
d 0 0 -1.3093099541604337e-15 0 0 -9.9950976169620716e-20 600 600 1.3094098075625647e-15 0 0 0
d 0 0 -1.3142328577621873e-15 0 0 -1.0646730272488431e-19 605 605 1.3143392886654955e-15 0 0 0
d 0 0 -1.3194180171068875e-15 0 0 -1.1343479913724028e-19 610 610 1.31953133101972e-15 0 0 0
d 0 0 -1.3248320162852831e-15 0 0 -1.2081121684597667e-19 615 615 1.3249527921213066e-15 0 0 0
d 0 0 -1.3301178277195236e-15 0 0 -1.2807805762848637e-19 620 620 1.330245833759463e-15 0 0 0
d 0 0 -1.3351356552173969e-15 0 0 -1.3501998751396989e-19 625 625 1.3352706203383397e-15 0 0 0
d 0 0 -1.3402973825131469e-15 0 0 -1.4223932939618294e-19 630 630 1.3404395567227111e-15 0 0 0
d 0 0 -1.3456416984966269e-15 0 0 -1.49797826658235e-19 635 635 1.3457914600497226e-15 0 0 0
d 0 0 -1.3511800046058717e-15 0 0 -1.5771807661629052e-19 640 640 1.3513376905673277e-15 0 0 0
d 0 0 -1.3569231670884229e-15 0 0 -1.6602282762053563e-19 645 645 1.3570891566783918e-15 0 0 0
d 0 0 -1.3628819885669711e-15 0 0 -1.7473576857084668e-19 650 650 1.3630566935515844e-15 0 0 0
d 0 0 -1.3690673932598482e-15 0 0 -1.8388192538108575e-19 655 655 1.3692512337526503e-15 0 0 0
d 0 0 -1.375490427122414e-15 0 0 -1.9348780944508896e-19 660 660 1.3756838604061655e-15 0 0 0
d 0 0 -1.3821619387075863e-15 0 0 -2.0358109604517812e-19 665 665 1.3823654813949678e-15 0 0 0
d 0 0 -1.389091567149543e-15 0 0 -2.1418921155652953e-19 670 670 1.3893057077945383e-15 0 0 0
d 0 0 -1.3962752301716137e-15 0 0 -2.2531976725083368e-19 675 675 1.3965004871514905e-15 0 0 0
d 0 0 -1.4034988472799073e-15 0 0 -2.3664733845087623e-19 680 680 1.4037354291264683e-15 0 0 0
d 0 0 -1.4111757820414215e-15 0 0 -2.4884108006072323e-19 685 685 1.4114245974895244e-15 0 0 0
d 0 0 -1.4186839046789706e-15 0 0 -2.6091617199435375e-19 690 690 1.4189448102618139e-15 0 0 0
d 0 0 -1.426442020965437e-15 0 0 -2.7355686111417948e-19 695 695 1.4267155600575131e-15 0 0 0
d 0 0 -1.4344840893507959e-15 0 0 -2.8683958447804012e-19 700 700 1.4347708991352977e-15 0 0 0
d 0 0 -1.4428270424853193e-15 0 0 -3.0081689830087442e-19 705 705 1.4431276046408096e-15 0 0 0
d 0 0 -1.4514843463355047e-15 0 0 -3.1553934678303852e-19 710 710 1.4517999028703728e-15 0 0 0
d 0 0 -1.4604682091247008e-15 0 0 -3.3105931221705825e-19 715 715 1.4607992919207918e-15 0 0 0
d 0 0 -1.4697901279349952e-15 0 0 -3.4743219351667786e-19 720 720 1.4701375896026302e-15 0 0 0
d 0 0 -1.4794610291809829e-15 0 0 -3.6471691529240937e-19 725 725 1.4798257820011106e-15 0 0 0
d 0 0 -1.4894913163852439e-15 0 0 -3.8297622846565372e-19 730 730 1.4898743215378811e-15 0 0 0
d 0 0 -1.4998909069023206e-15 0 0 -4.022769314780325e-19 735 735 1.500293217181624e-15 0 0 0
d 0 0 -1.5106693032551433e-15 0 0 -4.2269007417725449e-19 740 740 1.5110920309113186e-15 0 0 0
d 0 0 -1.5218357115362083e-15 0 0 -4.4429117365111307e-19 745 745 1.5222800723258788e-15 0 0 0
d 0 0 -1.5333992523316411e-15 0 0 -4.6716025786194788e-19 750 750 1.5338664946947663e-15 0 0 0
d 0 0 -1.5453683200656269e-15 0 0 -4.9138078633714667e-19 755 755 1.5458599616940905e-15 0 0 0
d 0 0 -1.5577484797813317e-15 0 0 -5.1703533262511417e-19 760 760 1.5582658260456812e-15 0 0 0
d 0 0 -1.5705217769274613e-15 0 0 -5.4415901437761173e-19 765 765 1.5710661703059216e-15 0 0 0
d 0 0 -1.5767153530994686e-15 0 0 -5.5755195946361284e-19 767.5 767.5 1.5772730956257577e-15 0 0 0
d 0 0 -1.5833111808871706e-15 0 0 -5.719920736047639e-19 770 770 1.5838834768434626e-15 0 0 0
d 0 0 -1.5966174652941804e-15 0 0 -6.0167886998530892e-19 775 775 1.5972197418714798e-15 0 0 0
d 0 0 -1.6096071962860453e-15 0 0 -6.3137956513022223e-19 780 780 1.6102388557607788e-15 0 0 0
d 0 0 -1.6229460819530936e-15 0 0 -6.6262713957028239e-19 785 785 1.6236090342742988e-15 0 0 0
d 0 0 -1.636668775104714e-15 0 0 -6.9556869837696068e-19 790 790 1.6373644946207017e-15 0 0 0
d 0 0 -1.650762765130271e-15 0 0 -7.3024202125130244e-19 795 795 1.6514931554542099e-15 0 0 0
d 0 0 -1.6650541364324392e-15 0 0 -7.6626564200419836e-19 800 800 1.6658204380983282e-15 0 0 0
d 0 0 -1.6785912355856005e-15 0 0 -8.0116876436246421e-19 805 805 1.6793924229656167e-15 0 0 0
d 0 0 -1.6902192753940416e-15 0 0 -8.317178310671194e-19 810 810 1.6910510074460032e-15 0 0 0
d 0 0 -1.7016678491531597e-15 0 0 -8.6235726882975313e-19 815 815 1.7025301633016121e-15 0 0 0
d 0 0 -1.7131181404942555e-15 0 0 -8.935622725739918e-19 820 820 1.7140116338005525e-15 0 0 0
d 0 0 -1.7244451456520114e-15 0 0 -9.2496615706401653e-19 825 825 1.7253698362960889e-15 0 0 0
d 0 0 -1.7353932650849786e-15 0 0 -9.5578623996184255e-19 830 830 1.7363487208107241e-15 0 0 0
d 0 0 -1.7461607587792788e-15 0 0 -9.8657069754688489e-19 835 835 1.7471468357718627e-15 0 0 0
d 0 0 -1.7569074552387307e-15 0 0 -1.0177888874813038e-18 840 840 1.7579244089672684e-15 0 0 0
d 0 0 -1.7676556298572412e-15 0 0 -1.0495097671976505e-18 845 845 1.7687033908577085e-15 0 0 0
d 0 0 -1.7784157427884634e-15 0 0 -1.0817695486298622e-18 850 850 1.7794956925063793e-15 0 0 0
d 0 0 -1.7891970109935783e-15 0 0 -1.1146027373924351e-18 855 855 1.7903091086123225e-15 0 0 0
d 0 0 -1.8000070138057494e-15 0 0 -1.1480407977615518e-18 860 860 1.8011548300458794e-15 0 0 0
d 0 0 -1.8108473398349036e-15 0 0 -1.1820980872557991e-18 865 865 1.8120293144274764e-15 0 0 0
d 0 0 -1.8213546915741099e-15 0 0 -1.2156126797130211e-18 870 870 1.8225718374093074e-15 0 0 0
d 0 0 -1.8322003305442044e-15 0 0 -1.2507392695597435e-18 875 875 1.8334496190512152e-15 0 0 0
d 0 0 -1.8427471761775397e-15 0 0 -1.285416114303396e-18 880 880 1.8440323243294782e-15 0 0 0
d 0 0 -1.8528267796569027e-15 0 0 -1.3190370219411027e-18 885 885 1.8541446745116854e-15 0 0 0
d 0 0 -1.8629137433249902e-15 0 0 -1.3531633827204866e-18 890 890 1.8642653389663645e-15 0 0 0
d 0 0 -1.8730345516618625e-15 0 0 -1.3878939619160026e-18 895 895 1.8744208675863073e-15 0 0 0
d 0 0 -1.8831983236101508e-15 0 0 -1.4232719903748639e-18 900 900 1.8846212799236509e-15 0 0 0
d 0 0 -1.8934094284270719e-15 0 0 -1.4593260662990577e-18 905 905 1.8948682731201349e-15 0 0 0
d 0 0 -1.9036707083932354e-15 0 0 -1.496080160177584e-18 910 910 1.9051663234907083e-15 0 0 0
d 0 0 -1.9139842348254862e-15 0 0 -1.5335571666876352e-18 915 915 1.9155175805010257e-15 0 0 0
d 0 0 -1.924351945694741e-15 0 0 -1.5717806861608796e-18 920 920 1.9259235525080761e-15 0 0 0
d 0 0 -1.9347760444424715e-15 0 0 -1.6107760772485078e-18 925 925 1.9363864984288724e-15 0 0 0
d 0 0 -1.9452590316589545e-15 0 0 -1.6505709742196859e-18 930 930 1.9469093089684173e-15 0 0 0
d 0 0 -1.955803699995048e-15 0 0 -1.6911954137762714e-18 935 935 1.9574946218952294e-15 0 0 0
d 0 0 -1.9664130423396129e-15 0 0 -1.7326815890914383e-18 940 940 1.968145469713499e-15 0 0 0
d 0 0 -1.97709009002325e-15 0 0 -1.7750633138133823e-18 945 945 1.9788649257202192e-15 0 0 0
d 0 0 -1.987837725966568e-15 0 0 -1.8183753291437742e-18 950 950 1.989655657369711e-15 0 0 0
d 0 0 -1.9986585164207305e-15 0 0 -1.8626525962888738e-18 955 955 2.0005207754773396e-15 0 0 0
d 0 0 -2.0095545710620151e-15 0 0 -1.9079296828303596e-18 960 960 2.0114621585770615e-15 0 0 0
d 0 0 -2.0205278220862639e-15 0 0 -1.9542404378072688e-18 965 965 2.022481438430094e-15 0 0 0
d 0 0 -2.0315789907879801e-15 0 0 -2.0016173841591943e-18 970 970 2.03358006725215e-15 0 0 0
d 0 0 -2.0427084783515196e-15 0 0 -2.0500918777765299e-18 975 975 2.0447581137525731e-15 0 0 0
d 0 0 -2.0539162402019259e-15 0 0 -2.0996942954184804e-18 980 980 2.0560157992499004e-15 0 0 0
d 0 0 -2.0652016440444207e-15 0 0 -2.1504531302680545e-18 985 985 2.0673517825539104e-15 0 0 0
d 0 0 -2.0765630201798293e-15 0 0 -2.2023926281307546e-18 990 990 2.0787647732779456e-15 0 0 0
d 0 0 -2.0879958557675908e-15 0 0 -2.2555238895635515e-18 995 995 2.0902507988674023e-15 0 0 0
d 0 0 -2.0994705000498991e-15 0 0 -2.3097372761159714e-18 1000 1000 2.1017798097469433e-15 0 0 0
d 0 0 -2.1105328448059673e-15 0 0 -2.3628542541012077e-18 1005 1005 2.112896715061473e-15 0 0 0
d 0 0 -2.1220357702444996e-15 0 0 -2.4189984046888112e-18 1010 1010 2.124453683015266e-15 0 0 0
d 0 0 -2.1325088550703658e-15 0 0 -2.4709206451151047e-18 1015 1015 2.1349790188127687e-15 0 0 0
d 0 0 -2.1429026288960528e-15 0 0 -2.5232293669807801e-18 1020 1020 2.1454252331646456e-15 0 0 0
d 0 0 -2.1533098442222288e-15 0 0 -2.5763961647274598e-18 1025 1025 2.1558856751585117e-15 0 0 0
d 0 0 -2.1637481990081408e-15 0 0 -2.6305275971042373e-18 1030 1030 2.1663782136325734e-15 0 0 0
d 0 0 -2.1742252963579861e-15 0 0 -2.685681939878076e-18 1035 1035 2.1769098656807666e-15 0 0 0
d 0 0 -2.1847459151693667e-15 0 0 -2.7419045170143209e-18 1040 1040 2.1874867320614298e-15 0 0 0
d 0 0 -2.1953139229642859e-15 0 0 -2.7992371393351968e-18 1045 1045 2.1981122359813033e-15 0 0 0
d 0 0 -2.2059329119976394e-15 0 0 -2.8577211548827599e-18 1050 1050 2.2087897777248058e-15 0 0 0
d 0 0 -2.2166063870699318e-15 0 0 -2.917398391045773e-18 1055 1055 2.2195229959363969e-15 0 0 0
d 0 0 -2.227337800115225e-15 0 0 -2.9783112756253943e-18 1060 1060 2.2303153849251268e-15 0 0 0
d 0 0 -2.238130516810552e-15 0 0 -3.0405026166624807e-18 1065 1065 2.2411703630330763e-15 0 0 0
d 0 0 -2.2489877547524269e-15 0 0 -3.1040152609054987e-18 1070 1070 2.2520911739454015e-15 0 0 0
d 0 0 -2.2599125043202666e-15 0 0 -3.1688917512790166e-18 1075 1075 2.2630808550876313e-15 0 0 0
d 0 0 -2.2709073628024151e-15 0 0 -3.2351739451377623e-18 1080 1080 2.2741420445074561e-15 0 0 0
d 0 0 -2.2819744753129887e-15 0 0 -3.3029027345733136e-18 1085 1085 2.2852769147955447e-15 0 0 0
d 0 0 -2.2931153952158538e-15 0 0 -3.372117872024078e-18 1090 1090 2.2964864408608301e-15 0 0 0
d 0 0 -2.3043307359011761e-15 0 0 -3.4428577037541394e-18 1095 1095 2.3077726191416029e-15 0 0 0
d 0 0 -2.3156288369196918e-15 0 0 -3.5151656833343854e-18 1100 1100 2.3191431143562018e-15 0 0 0
d 0 0 -2.3270649719984851e-15 0 0 -3.589118931004812e-18 1105 1105 2.3306532837867855e-15 0 0 0
d 0 0 -2.3386540392936965e-15 0 0 -3.6647593640970266e-18 1110 1110 2.3423169440439396e-15 0 0 0
d 0 0 -2.3503943119771185e-15 0 0 -3.7420942635657625e-18 1115 1115 2.3541347134719616e-15 0 0 0
d 0 0 -2.3622354522702209e-15 0 0 -3.8208469659683417e-18 1120 1120 2.366055068849682e-15 0 0 0
d 0 0 -2.3736360144528429e-15 0 0 -3.8974276683780733e-18 1125 1125 2.3775298657824335e-15 0 0 0
d 0 0 -2.3853092959368211e-15 0 0 -3.9766803663306258e-18 1130 1130 2.3892843493947122e-15 0 0 0
d 0 0 -2.3958292258898425e-15 0 0 -4.0489679431352698e-18 1135 1135 2.3998768224592877e-15 0 0 0
d 0 0 -2.4062973548386241e-15 0 0 -4.1217388533650377e-18 1140 1140 2.4104177815635545e-15 0 0 0
d 0 0 -2.4167497601069002e-15 0 0 -4.1952231874000465e-18 1145 1145 2.4209437888167843e-15 0 0 0
d 0 0 -2.4271497001301168e-15 0 0 -4.2691383171680033e-18 1150 1150 2.4314176827001332e-15 0 0 0
d 0 0 -2.4373981652926864e-15 0 0 -4.3427303215659523e-18 1155 1155 2.441739788995441e-15 0 0 0
d 0 0 -2.4475412562509375e-15 0 0 -4.4161781077425404e-18 1160 1160 2.4519563856633322e-15 0 0 0
d 0 0 -2.4576742491350294e-15 0 0 -4.4900806127556948e-18 1165 1165 2.4621633479362968e-15 0 0 0
d 0 0 -2.4678283227522876e-15 0 0 -4.5646627402390559e-18 1170 1170 2.472392088307106e-15 0 0 0
d 0 0 -2.4780106875655781e-15 0 0 -4.6399872610791181e-18 1175 1175 2.4826498527305563e-15 0 0 0
d 0 0 -2.4882226625663936e-15 0 0 -4.7160861511968149e-18 1180 1180 2.4929364766032372e-15 0 0 0
d 0 0 -2.4984644297178473e-15 0 0 -4.7929845018703311e-18 1185 1185 2.5032548905034231e-15 0 0 0
d 0 0 -2.508735192086802e-15 0 0 -4.8707039923421745e-18 1190 1190 2.5136040585345257e-15 0 0 0
d 0 0 -2.5190262554333072e-15 0 0 -4.9492567063283069e-18 1195 1195 2.523973842952082e-15 0 0 0
d 0 0 -2.5293386137801746e-15 0 0 -5.028665072969996e-18 1200 1200 2.534365754067283e-15 0 0 0
d 0 0 -2.5396835778566507e-15 0 0 -5.1089570657556862e-18 1205 1205 2.5447912332895392e-15 0 0 0
d 0 0 -2.5500692202025733e-15 0 0 -5.1901482080052013e-18 1210 1210 2.5552555675731093e-15 0 0 0
d 0 0 -2.5604981504904238e-15 0 0 -5.2722195765883321e-18 1215 1215 2.5657667935404141e-15 0 0 0
d 0 0 -2.5708189627093972e-15 0 0 -5.353957006687655e-18 1220 1220 2.5761667752782537e-15 0 0 0
d 0 0 -2.5807884812302997e-15 0 0 -5.4333939965536953e-18 1225 1225 2.5862166957417476e-15 0 0 0
d 0 0 -2.5906365344797861e-15 0 0 -5.5123295947113041e-18 1230 1230 2.5961470072310706e-15 0 0 0
d 0 0 -2.5995738676551404e-15 0 0 -5.5843686992607951e-18 1235 1235 2.6051550902616608e-15 0 0 0
d 0 0 -2.6084631404074514e-15 0 0 -5.6564094142860905e-18 1240 1240 2.6141170313857049e-15 0 0 0
d 0 0 -2.6173502214199301e-15 0 0 -5.7288253171222218e-18 1245 1245 2.6230767958470526e-15 0 0 0
d 0 0 -2.6262468287018602e-15 0 0 -5.8017248985723684e-18 1250 1250 2.6320464110232272e-15 0 0 0
d 0 0 -2.6351573353092805e-15 0 0 -5.8751537372849057e-18 1255 1255 2.6410274404328258e-15 0 0 0
d 0 0 -2.6440807684879651e-15 0 0 -5.9491346249563003e-18 1260 1260 2.6500257356070136e-15 0 0 0
d 0 0 -2.6530181780582195e-15 0 0 -6.023683140980284e-18 1265 1265 2.6590376731438083e-15 0 0 0
d 0 0 -2.6619701529447339e-15 0 0 -6.0988022113437313e-18 1270 1270 2.6680645885077088e-15 0 0 0
d 0 0 -2.6709321425834514e-15 0 0 -6.1744516919763367e-18 1275 1275 2.6771025017118045e-15 0 0 0
d 0 0 -2.6798145087578687e-15 0 0 -6.249865831553916e-18 1280 1280 2.6860631223124991e-15 0 0 0
d 0 0 -2.6882772591305799e-15 0 0 -6.3221203438688766e-18 1285 1285 2.6945880562957551e-15 0 0 0
d 0 0 -2.6969102836390818e-15 0 0 -6.3962276529454805e-18 1290 1290 2.7032974784602642e-15 0 0 0
d 0 0 -2.7050179488771641e-15 0 0 -6.4661922048588382e-18 1295 1295 2.711469010158496e-15 0 0 0
d 0 0 -2.7131188021899927e-15 0 0 -6.5364504244442631e-18 1300 1300 2.7196381504360998e-15 0 0 0
d 0 0 -2.7212255237349364e-15 0 0 -6.607110407258407e-18 1305 1305 2.7276915894847469e-15 0 0 0
d 0 0 -2.7293413690166648e-15 0 0 -6.6781999372009755e-18 1310 1310 2.7359357214921143e-15 0 0 0
d 0 0 -2.7374677743036014e-15 0 0 -6.7497306904697231e-18 1315 1315 2.744175007764743e-15 0 0 0
d 0 0 -2.7456058978563577e-15 0 0 -6.8217125836170024e-18 1320 1320 2.7524059198466542e-15 0 0 0
d 0 0 -2.7537564229224704e-15 0 0 -6.8941511592396271e-18 1325 1325 2.7597415135590658e-15 0 0 0
d 0 0 -2.7619189715925985e-15 0 0 -6.9670446847641807e-18 1330 1330 2.7685266340449307e-15 0 0 0
d 0 0 -2.7700925098206236e-15 0 0 -7.0403823496128944e-18 1335 1335 2.7763718995901815e-15 0 0 0
d 0 0 -2.7782762251291761e-15 0 0 -7.1141432961221986e-18 1340 1340 2.7817785967779093e-15 0 0 0
d 0 0 -2.7864698026300872e-15 0 0 -7.1883119550534721e-18 1345 1345 2.7913060140393093e-15 0 0 0
d 0 0 -2.7946755987840919e-15 0 0 -7.2629075613069788e-18 1350 1350 2.8008416633213135e-15 0 0 0
d 0 0 -2.8028965833637972e-15 0 0 -7.337956206544567e-18 1355 1355 2.8088083609625258e-15 0 0 0
d 0 0 -2.8111337012190927e-15 0 0 -7.4134659989018651e-18 1360 1360 2.8170581822418035e-15 0 0 0
d 0 0 -2.8193873116238464e-15 0 0 -7.4894398791597737e-18 1365 1365 2.8243132572597431e-15 0 0 0
d 0 0 -2.8276581232813662e-15 0 0 -7.5658842288392325e-18 1370 1370 2.8306878087115604e-15 0 0 0
d 0 0 -2.8359468449764005e-15 0 0 -7.6428057529842398e-18 1375 1375 2.835482159044135e-15 0 0 0
d 0 0 -2.8442557728065937e-15 0 0 -7.7202266941858434e-18 1380 1380 2.8402920119697603e-15 0 0 0
d 0 0 -2.8484191707737286e-15 0 0 -7.7591374050285811e-18 1382.5 1382.5 2.8452465850699223e-15 0 0 0
d 0 0 -2.8525893000503567e-15 0 0 -7.7981889866594714e-18 1385 1385 2.8492674309713898e-15 0 0 0
d 0 0 -2.8609481281866628e-15 0 0 -7.8767011285991281e-18 1390 1390 2.858874216554724e-15 0 0 0
d 0 0 -2.8693286085546797e-15 0 0 -7.9557321519387223e-18 1395 1395 2.8690150760549389e-15 0 0 0
d 0 0 -2.8777332340618887e-15 0 0 -8.0353073245780401e-18 1400 1400 2.8831123523802016e-15 0 0 0
d 0 0 -2.8811023137461421e-15 0 0 -8.067294792585737e-18 1402 1402 2.883559750660876e-15 0 0 0
d 0 0 -2.8844756003530309e-15 0 0 -8.0993732103174135e-18 1404 1404 2.8873431687724136e-15 0 0 0
d 0 0 -2.8878531238843696e-15 0 0 -8.1315430514194522e-18 1406 1406 2.8911150559377127e-15 0 0 0
d 0 0 -2.8912349111005574e-15 0 0 -8.1638047570449917e-18 1408 1408 2.8948756259865485e-15 0 0 0
d 0 0 -2.8946209904706379e-15 0 0 -8.1961587853849915e-18 1410 1410 2.8986268685024766e-15 0 0 0
d 0 0 -2.8980113970335454e-15 0 0 -8.2286056579152521e-18 1412 1412 2.9023719363390136e-15 0 0 0
d 0 0 -2.9014061758295648e-15 0 0 -8.2611459924371726e-18 1414 1414 2.9061135159038969e-15 0 0 0
d 0 0 -2.904805377381659e-15 0 0 -8.2937804601097361e-18 1416 1416 2.9098496464140196e-15 0 0 0
d 0 0 -2.9082090380676865e-15 0 0 -8.3265095967243175e-18 1418 1418 2.9135713526067245e-15 0 0 0
d 0 0 -2.9116171612290487e-15 0 0 -8.3593336193144844e-18 1420 1420 2.917271125048933e-15 0 0 0
d 0 0 -2.9150297306881013e-15 0 0 -8.3922525539277646e-18 1422 1422 2.9209509051657488e-15 0 0 0
d 0 0 -2.9184467321182569e-15 0 0 -8.425266440586865e-18 1424 1424 2.9246131146676421e-15 0 0 0
d 0 0 -2.9218681351351211e-15 0 0 -8.4583752268693916e-18 1426 1426 2.9183341776664874e-15 0 0 0
d 0 0 -2.9252939290368986e-15 0 0 -8.4915788435110474e-18 1428 1428 2.9228059831887097e-15 0 0 0
d 0 0 -2.9287241257209834e-15 0 0 -8.5248776408244946e-18 1430 1430 2.9272484819675199e-15 0 0 0
d 0 0 -2.9321587856004325e-15 0 0 -8.5582724566116692e-18 1432 1432 2.9316911079161773e-15 0 0 0
d 0 0 -2.9355977951339283e-15 0 0 -8.591764163799582e-18 1434 1434 2.9364452892185484e-15 0 0 0
d 0 0 -2.9390411540364418e-15 0 0 -8.6253535816552549e-18 1436 1436 2.9407679717196401e-15 0 0 0
d 0 0 -2.942488905190814e-15 0 0 -8.659041204897844e-18 1438 1438 2.9450679483434417e-15 0 0 0
d 0 0 -2.9459410541952646e-15 0 0 -8.6928277277691775e-18 1440 1440 2.949287548787626e-15 0 0 0
d 0 0 -2.9493976025045685e-15 0 0 -8.7267161159144447e-18 1442 1442 2.9534063263444804e-15 0 0 0
d 0 0 -2.9528584395364104e-15 0 0 -8.7607057988034113e-18 1444 1444 2.9574222438539072e-15 0 0 0
d 0 0 -2.9563234830108309e-15 0 0 -8.794796084548632e-18 1446 1446 2.9613568919803164e-15 0 0 0
d 0 0 -2.9597928229112693e-15 0 0 -8.8289866660566868e-18 1448 1448 2.9652454660631994e-15 0 0 0
d 0 0 -2.9632667590579643e-15 0 0 -8.8632779936849246e-18 1450 1450 2.9691132309009388e-15 0 0 0
d 0 0 -2.9667453516459875e-15 0 0 -8.8976706585639938e-18 1452 1452 2.9729668031610537e-15 0 0 0
d 0 0 -2.9702286592901431e-15 0 0 -8.9321653103083836e-18 1454 1454 2.9768022308826783e-15 0 0 0
d 0 0 -2.9737167161261434e-15 0 0 -8.9667624652922569e-18 1456 1456 2.9735098038390371e-15 0 0 0
d 0 0 -2.9772095727864017e-15 0 0 -9.0014624875098267e-18 1458 1458 2.9781983525454215e-15 0 0 0
d 0 0 -2.9807072314180398e-15 0 0 -9.0362655828590661e-18 1460 1460 2.9826573093467612e-15 0 0 0
d 0 0 -2.9842096953084246e-15 0 0 -9.0711718615675203e-18 1462 1462 2.9869581513377411e-15 0 0 0
d 0 0 -2.9877169607701836e-15 0 0 -9.1061813646665228e-18 1464 1464 2.9911308625716408e-15 0 0 0
d 0 0 -2.9912290157924708e-15 0 0 -9.1412940490149686e-18 1466 1466 2.9951802056992126e-15 0 0 0
d 0 0 -2.99474578731499e-15 0 0 -9.1765092588542312e-18 1468 1468 2.9991186088232333e-15 0 0 0
d 0 0 -2.9982672924270475e-15 0 0 -9.2118272401819789e-18 1470 1470 3.0029582713990587e-15 0 0 0
d 0 0 -3.0017935469401931e-15 0 0 -9.2472482276771942e-18 1472 1472 3.0067120595235165e-15 0 0 0
d 0 0 -3.0053245329421306e-15 0 0 -9.282772117823517e-18 1474 1474 3.0103937313777985e-15 0 0 0
d 0 0 -3.0088602320108937e-15 0 0 -9.3183988018286744e-18 1476 1476 3.0140153192828719e-15 0 0 0
d 0 0 -3.0124006256366018e-15 0 0 -9.3541281701565596e-18 1478 1478 3.0175889056473846e-15 0 0 0
d 0 0 -3.0159456956145905e-15 0 0 -9.3899601168607725e-18 1480 1480 3.021126373423987e-15 0 0 0
d 0 0 -3.0194954240935443e-15 0 0 -9.4258945404979515e-18 1482 1482 3.024638776259506e-15 0 0 0
d 0 0 -3.0230497929018096e-15 0 0 -9.4619313377538403e-18 1484 1484 3.0281348575835598e-15 0 0 0
d 0 0 -3.0266087798215604e-15 0 0 -9.498070365983658e-18 1486 1486 3.0316185144655014e-15 0 0 0
d 0 0 -3.0301723176664059e-15 0 0 -9.5343110264221189e-18 1488 1488 3.0350887317146219e-15 0 0 0
d 0 0 -3.0337403988060849e-15 0 0 -9.5706533278310348e-18 1490 1490 3.0385490670923981e-15 0 0 0
d 0 0 -3.0373130183791365e-15 0 0 -9.607096670212303e-18 1492 1492 3.0419987778253061e-15 0 0 0
d 0 0 -3.0408901470704384e-15 0 0 -9.6436404547367832e-18 1494 1494 3.0454406518053558e-15 0 0 0
d 0 0 -3.0444717471565998e-15 0 0 -9.6802854364357139e-18 1496 1496 3.0488749776492289e-15 0 0 0
d 0 0 -3.048057767215921e-15 0 0 -9.7170311894426124e-18 1498 1498 3.0523008007406305e-15 0 0 0
d 0 0 -3.0516481997148001e-15 0 0 -9.7538777416622192e-18 1500 1500 3.0557184634141393e-15 0 0 0
d 0 0 -3.0552430208527391e-15 0 0 -9.7908249589086211e-18 1502 1502 3.059134120814043e-15 0 0 0
d 0 0 -3.058842207293308e-15 0 0 -9.8278727162854043e-18 1504 1504 3.0625628007611661e-15 0 0 0
d 0 0 -3.062445772657425e-15 0 0 -9.8650209856205325e-18 1506 1506 3.0660204438895686e-15 0 0 0
d 0 0 -3.0660536942881267e-15 0 0 -9.9022697636738829e-18 1508 1508 3.0695181066391218e-15 0 0 0
d 0 0 -3.0696659433680854e-15 0 0 -9.9396190707711745e-18 1510 1510 3.0730609516844414e-15 0 0 0
d 0 0 -3.0732825075233653e-15 0 0 -9.9770689153308091e-18 1512 1512 3.0766503534004961e-15 0 0 0
d 0 0 -3.0769033694277593e-15 0 0 -1.0014619259243599e-17 1514 1514 3.0802855365230437e-15 0 0 0
d 0 0 -3.0805285094402561e-15 0 0 -1.0052270044666754e-17 1516 1516 3.0839638191435584e-15 0 0 0
d 0 0 -3.0841578931589406e-15 0 0 -1.0090021063968273e-17 1518 1518 3.0876791401092323e-15 0 0 0
d 0 0 -3.0877914693221103e-15 0 0 -1.0127871936369528e-17 1520 1520 3.0914204995768475e-15 0 0 0
d 0 0 -3.0914291876326627e-15 0 0 -1.0165822292417954e-17 1522 1522 3.0951721013726406e-15 0 0 0
d 0 0 -3.0950709959214395e-15 0 0 -1.020387174401316e-17 1524 1524 3.0989166638955305e-15 0 0 0
d 0 0 -3.0987168446548573e-15 0 0 -1.0242019931090588e-17 1526 1526 3.102641921394183e-15 0 0 0
d 0 0 -3.1023667220022873e-15 0 0 -1.0280266889293482e-17 1528 1528 3.1063459950156731e-15 0 0 0
d 0 0 -3.1060205567223624e-15 0 0 -1.0318612032327748e-17 1530 1530 3.1100393005009137e-15 0 0 0
d 0 0 -3.1096783091436449e-15 0 0 -1.0357055105285461e-17 1532 1532 3.1137379982380626e-15 0 0 0
d 0 0 -3.113339948431486e-15 0 0 -1.0395595949650091e-17 1534 1534 3.1174580630328451e-15 0 0 0
d 0 0 -3.1170054558916212e-15 0 0 -1.0434234531139095e-17 1536 1536 3.1212092465148944e-15 0 0 0
d 0 0 -3.1206748176103638e-15 0 0 -1.0472970866043038e-17 1538 1538 3.1249936677808972e-15 0 0 0
d 0 0 -3.1243479838667922e-15 0 0 -1.051180459236089e-17 1540 1540 3.1288089834749621e-15 0 0 0
d 0 0 -3.1280249356639465e-15 0 0 -1.0550735671916376e-17 1542 1542 3.132650231830086e-15 0 0 0
d 0 0 -3.1317056236239285e-15 0 0 -1.0589763743976948e-17 1544 1544 3.1365123852618152e-15 0 0 0
d 0 0 -3.1353900095826372e-15 0 0 -1.0628888564842581e-17 1546 1546 3.1403907707638363e-15 0 0 0
d 0 0 -3.1390780533718495e-15 0 0 -1.0668109867852281e-17 1548 1548 3.1442817263757694e-15 0 0 0
d 0 0 -3.142769712823771e-15 0 0 -1.0707427363137349e-17 1550 1550 3.1481823555377134e-15 0 0 0
d 0 0 -3.1464649440923806e-15 0 0 -1.0746840740775865e-17 1552 1552 3.1520904121368927e-15 0 0 0
d 0 0 -3.1501637019021519e-15 0 0 -1.078634967321793e-17 1554 1554 3.1560041384985777e-15 0 0 0
d 0 0 -3.1538659397385238e-15 0 0 -1.0825953817125898e-17 1556 1556 3.1599221343441161e-15 0 0 0
d 0 0 -3.1575716099946597e-15 0 0 -1.0865652814777568e-17 1558 1558 3.1638432610155136e-15 0 0 0
d 0 0 -3.1612806640870215e-15 0 0 -1.0905446295160538e-17 1560 1560 3.1677665749594995e-15 0 0 0
d 0 0 -3.1649930495288734e-15 0 0 -1.0945333716286516e-17 1562 1562 3.1716914887436209e-15 0 0 0
d 0 0 -3.1687086993587188e-15 0 0 -1.0985313804401349e-17 1564 1564 3.1756174259317818e-15 0 0 0
d 0 0 -3.1724275604646495e-15 0 0 -1.1025386037064391e-17 1566 1566 3.1795433825092381e-15 0 0 0
d 0 0 -3.1761495816874191e-15 0 0 -1.1065550019063746e-17 1568 1568 3.1834689096190707e-15 0 0 0
d 0 0 -3.1798747112297234e-15 0 0 -1.1105805344373968e-17 1570 1570 3.1873935954846648e-15 0 0 0
d 0 0 -3.1836028967222882e-15 0 0 -1.1146151596715576e-17 1572 1572 3.1912091182857991e-15 0 0 0
d 0 0 -3.1873340767456822e-15 0 0 -1.1186588340558029e-17 1574 1574 3.1951572564275307e-15 0 0 0
d 0 0 -3.1910680401055803e-15 0 0 -1.122711496311943e-17 1576 1576 3.1990809094406587e-15 0 0 0
d 0 0 -3.1948046784708445e-15 0 0 -1.126773095730746e-17 1578 1578 3.2030023045776275e-15 0 0 0
d 0 0 -3.1985439440084971e-15 0 0 -1.1308435875840404e-17 1580 1580 3.2069213123251843e-15 0 0 0
d 0 0 -3.2022857882788568e-15 0 0 -1.1349229263322944e-17 1582 1582 3.2108378318248928e-15 0 0 0
d 0 0 -3.2060301622842553e-15 0 0 -1.1390110656669621e-17 1584 1584 3.2147517970315019e-15 0 0 0
d 0 0 -3.2097770165158972e-15 0 0 -1.1431079585511102e-17 1586 1586 3.2186582069464149e-15 0 0 0
d 0 0 -3.2135263632624398e-15 0 0 -1.1472135651373986e-17 1588 1588 3.2225693966142953e-15 0 0 0
d 0 0 -3.2172784107992411e-15 0 0 -1.1513278698870054e-17 1590 1590 3.226476096534154e-15 0 0 0
d 0 0 -3.2210331384291275e-15 0 0 -1.1554508278637405e-17 1592 1592 3.2303806082596834e-15 0 0 0
d 0 0 -3.2247904970974143e-15 0 0 -1.1595823900173073e-17 1594 1594 3.2342829870006033e-15 0 0 0
d 0 0 -3.2285504195451506e-15 0 0 -1.1637225058662762e-17 1596 1596 3.2364689539623427e-15 0 0 0
d 0 0 -3.232312892606266e-15 0 0 -1.1678711271061527e-17 1598 1598 3.2414630130096328e-15 0 0 0
d 0 0 -3.2360778482180822e-15 0 0 -1.1720282023809899e-17 1600 1600 3.2454379548171315e-15 0 0 0
d 0 0 -3.2398452367419181e-15 0 0 -1.1761936807040094e-17 1602 1602 3.2494045681565408e-15 0 0 0
d 0 0 -3.2436150083807491e-15 0 0 -1.1803675107556038e-17 1604 1604 3.2533635365614597e-15 0 0 0
d 0 0 -3.2473871133169481e-15 0 0 -1.1845496408837975e-17 1606 1606 3.2573154975371043e-15 0 0 0
d 0 0 -3.25116150175622e-15 0 0 -1.1887400191477943e-17 1608 1608 3.2612610447126549e-15 0 0 0
d 0 0 -3.2549381239819832e-15 0 0 -1.1929385933618026e-17 1610 1610 3.2652535918690068e-15 0 0 0
d 0 0 -3.2587169017119536e-15 0 0 -1.1971453094433875e-17 1612 1612 3.258388479770914e-15 0 0 0
d 0 0 -3.2624978431959726e-15 0 0 -1.2013601182255521e-17 1614 1614 3.2630224892554986e-15 0 0 0
d 0 0 -3.2662808700205586e-15 0 0 -1.2055829652808575e-17 1616 1616 3.2676111352659432e-15 0 0 0
d 0 0 -3.2700659330151394e-15 0 0 -1.2098137977266839e-17 1618 1618 3.2721567930682785e-15 0 0 0
d 0 0 -3.2738529831293666e-15 0 0 -1.2140525624754114e-17 1620 1620 3.2766613397137149e-15 0 0 0
d 0 0 -3.2776419713612964e-15 0 0 -1.2182992061494425e-17 1622 1622 3.2811260908590431e-15 0 0 0
d 0 0 -3.2814328486509694e-15 0 0 -1.2225536749559129e-17 1624 1624 3.2855518650726501e-15 0 0 0
d 0 0 -3.2852255657574445e-15 0 0 -1.2268159145410958e-17 1626 1626 3.2899391786657989e-15 0 0 0
d 0 0 -3.2890200731568757e-15 0 0 -1.2310858698667512e-17 1628 1628 3.294288577322354e-15 0 0 0
d 0 0 -3.2928163210129463e-15 0 0 -1.2353634851667726e-17 1630 1630 3.2986010441749219e-15 0 0 0
d 0 0 -3.296614259265973e-15 0 0 -1.2396487040376133e-17 1632 1632 3.3028783549562088e-15 0 0 0
d 0 0 -3.3004138378557952e-15 0 0 -1.2439414696811783e-17 1634 1634 3.3071232292927714e-15 0 0 0
d 0 0 -3.3042150070441725e-15 0 0 -1.2482417252628352e-17 1636 1636 3.3113391881592803e-15 0 0 0
d 0 0 -3.3080177177592225e-15 0 0 -1.2525494142973645e-17 1638 1638 3.3155301519212017e-15 0 0 0
d 0 0 -3.3118219218732483e-15 0 0 -1.2568644809616743e-17 1640 1640 3.3196999295729429e-15 0 0 0
d 0 0 -3.3156275723537202e-15 0 0 -1.2611868702643031e-17 1642 1642 3.3238517853721702e-15 0 0 0
d 0 0 -3.3194346232780322e-15 0 0 -1.2655165280591062e-17 1644 1644 3.3279882085826092e-15 0 0 0
d 0 0 -3.3232430297473746e-15 0 0 -1.2698534009417914e-17 1646 1646 3.3321109049698303e-15 0 0 0
d 0 0 -3.3270527477545546e-15 0 0 -1.2741974360909398e-17 1648 1648 3.3362209434172553e-15 0 0 0
d 0 0 -3.3308637340544318e-15 0 0 -1.2785485811088995e-17 1650 1650 3.3403189631032309e-15 0 0 0
d 0 0 -3.3346759460660756e-15 0 0 -1.282906783896105e-17 1652 1652 3.3444053667128185e-15 0 0 0
d 0 0 -3.3384893418158932e-15 0 0 -1.2872719925698628e-17 1654 1654 3.3484804628822282e-15 0 0 0
d 0 0 -3.3423038799178551e-15 0 0 -1.2916441554235764e-17 1656 1656 3.3525445524339824e-15 0 0 0
d 0 0 -3.3461195195813453e-15 0 0 -1.2960232209158409e-17 1658 1658 3.3565979695758509e-15 0 0 0
d 0 0 -3.3499362206121356e-15 0 0 -1.3004091376498678e-17 1660 1660 3.3606410936033876e-15 0 0 0
d 0 0 -3.35375394343545e-15 0 0 -1.3048018543764419e-17 1662 1662 3.364674344400795e-15 0 0 0
d 0 0 -3.357572649313253e-15 0 0 -1.3092013202192587e-17 1664 1664 3.3686981715256503e-15 0 0 0
d 0 0 -3.361392299138115e-15 0 0 -1.3136074832546849e-17 1666 1666 3.3727130409887249e-15 0 0 0
d 0 0 -3.3652128048596064e-15 0 0 -1.3180202876391596e-17 1668 1668 3.3669116428158601e-15 0 0 0
d 0 0 -3.3690342312989733e-15 0 0 -1.3224396927581603e-17 1670 1670 3.3717387516824731e-15 0 0 0
d 0 0 -3.3728565131377475e-15 0 0 -1.3268656469257875e-17 1672 1672 3.3797259469444512e-15 0 0 0
d 0 0 -3.376679642425795e-15 0 0 -1.3312981032451386e-17 1674 1674 3.3836156335235395e-15 0 0 0
d 0 0 -3.3805035391669129e-15 0 0 -1.3357370078796678e-17 1676 1676 3.3880831000493309e-15 0 0 0
d 0 0 -3.3843281693308178e-15 0 0 -1.3401823114816255e-17 1678 1678 3.3925101582122195e-15 0 0 0
d 0 0 -3.3881534915418434e-15 0 0 -1.3446339541319016e-17 1680 1680 3.3968992212625567e-15 0 0 0
d 0 0 -3.3919794472863126e-15 0 0 -1.3490918549094699e-17 1682 1682 3.4012518400062508e-15 0 0 0
d 0 0 -3.3958060395069033e-15 0 0 -1.3535560036360408e-17 1684 1684 3.4055701083588575e-15 0 0 0
d 0 0 -3.3996332416236278e-15 0 0 -1.3580263547300242e-17 1686 1686 3.4098558470361653e-15 0 0 0
d 0 0 -3.4034609173781112e-15 0 0 -1.3625028515142423e-17 1688 1688 3.4037396487426792e-15 0 0 0
d 0 0 -3.4072892569941141e-15 0 0 -1.3669854612705044e-17 1690 1690 3.4095442247120979e-15 0 0 0
d 0 0 -3.4111181245129526e-15 0 0 -1.3714741273352992e-17 1692 1692 3.4151634486367275e-15 0 0 0
d 0 0 -3.414947494670522e-15 0 0 -1.3759688009967592e-17 1694 1694 3.4206047061249949e-15 0 0 0
d 0 0 -3.4187773432590179e-15 0 0 -1.3804694334428666e-17 1696 1696 3.4258750054241473e-15 0 0 0
d 0 0 -3.4226073864572524e-15 0 0 -1.3849759558702256e-17 1698 1698 3.426906242695868e-15 0 0 0
d 0 0 -3.4264381279384604e-15 0 0 -1.3894883588877164e-17 1700 1700 3.4315340671410399e-15 0 0 0
d 0 0 -3.4302692695621303e-15 0 0 -1.3940065587134133e-17 1702 1702 3.4352195650763609e-15 0 0 0
d 0 0 -3.4341007029606583e-15 0 0 -1.39853040058685e-17 1704 1704 3.4379794187482509e-15 0 0 0
d 0 0 -3.4379324891618958e-15 0 0 -1.4030599284243106e-17 1706 1706 3.4398385448788225e-15 0 0 0
d 0 0 -3.4417646279224848e-15 0 0 -1.4075951119690323e-17 1708 1708 3.4408118985864244e-15 0 0 0
d 0 0 -3.4455973360472625e-15 0 0 -1.4121359174073162e-17 1710 1710 3.4584626524953478e-15 0 0 0
d 0 0 -3.4494301232481246e-15 0 0 -1.4166822523644247e-17 1712 1712 3.462556778531239e-15 0 0 0
d 0 0 -3.4532632127340083e-15 0 0 -1.4212340812972015e-17 1714 1714 3.4665210709896347e-15 0 0 0
d 0 0 -3.4570965921544465e-15 0 0 -1.4257913510047611e-17 1716 1716 3.4703590239386725e-15 0 0 0
d 0 0 -3.4609302486123329e-15 0 0 -1.4303540051952801e-17 1718 1718 3.4740697684125146e-15 0 0 0
d 0 0 -3.4647641513199311e-15 0 0 -1.4349219634264933e-17 1720 1720 3.4776549830091911e-15 0 0 0
d 0 0 -3.4685982332354033e-15 0 0 -1.4394950989004381e-17 1722 1722 3.4811199890060558e-15 0 0 0
d 0 0 -3.4724325514689626e-15 0 0 -1.4440734306069396e-17 1724 1724 3.4844593098907143e-15 0 0 0
d 0 0 -3.4762671018791847e-15 0 0 -1.4486569010248917e-17 1726 1726 3.4876826466999197e-15 0 0 0
d 0 0 -3.480101866782075e-15 0 0 -1.45324543313726e-17 1728 1728 3.4907799873329389e-15 0 0 0
d 0 0 -3.4839368050379858e-15 0 0 -1.4578389179228209e-17 1730 1730 3.4937558866181487e-15 0 0 0
d 0 0 -3.4877719462133043e-15 0 0 -1.4624373276985198e-17 1732 1732 3.4966101174669832e-15 0 0 0
d 0 0 -3.4916072812415504e-15 0 0 -1.4670405842777669e-17 1734 1734 3.4993411872181597e-15 0 0 0
d 0 0 -3.4954428112190671e-15 0 0 -1.4716486174557019e-17 1736 1736 3.5019475885576618e-15 0 0 0
d 0 0 -3.4992785320905498e-15 0 0 -1.4762613462435886e-17 1738 1738 3.5044278650607703e-15 0 0 0
d 0 0 -3.5031145039423452e-15 0 0 -1.4808786903109755e-17 1740 1740 3.5172383405149529e-15 0 0 0
d 0 0 -3.5069505920487556e-15 0 0 -1.4855005466130756e-17 1742 1742 3.5209747263367682e-15 0 0 0
d 0 0 -3.5107868586056278e-15 0 0 -1.4901268247476756e-17 1744 1744 3.524694038588276e-15 0 0 0
d 0 0 -3.5146232995437636e-15 0 0 -1.4947574222700899e-17 1746 1746 3.5283958531265223e-15 0 0 0
d 0 0 -3.5184599103775997e-15 0 0 -1.4993922299821203e-17 1748 1748 3.5320796817273968e-15 0 0 0
d 0 0 -3.5222966809992441e-15 0 0 -1.5040311251688171e-17 1750 1750 3.5357449883293551e-15 0 0 0
d 0 0 -3.5261336061385189e-15 0 0 -1.5086739839349565e-17 1752 1752 3.5393911334065297e-15 0 0 0
d 0 0 -3.5299706804684713e-15 0 0 -1.5133206748061826e-17 1754 1754 3.5430174871398666e-15 0 0 0
d 0 0 -3.5338078929095408e-15 0 0 -1.5179710512764544e-17 1756 1756 3.5466233225187834e-15 0 0 0
d 0 0 -3.5376452259798909e-15 0 0 -1.5226249504750304e-17 1758 1758 3.5502078734721667e-15 0 0 0
d 0 0 -3.5414826620401805e-15 0 0 -1.5272822002892789e-17 1760 1760 3.5537702832680126e-15 0 0 0
d 0 0 -3.5453201780961088e-15 0 0 -1.5319426124273519e-17 1762 1762 3.5573096958540873e-15 0 0 0
d 0 0 -3.5491577425770045e-15 0 0 -1.5366059778444746e-17 1764 1764 3.5608251754932156e-15 0 0 0
d 0 0 -3.5529953153261743e-15 0 0 -1.5412720660828192e-17 1766 1766 3.5643157485639831e-15 0 0 0
d 0 0 -3.5568328458248031e-15 0 0 -1.5459406224035357e-17 1768 1768 3.5677804026217111e-15 0 0 0
d 0 0 -3.5606702712509388e-15 0 0 -1.550611364674193e-17 1770 1770 3.5712180931265406e-15 0 0 0
d 0 0 -3.5645075144096958e-15 0 0 -1.5552839800539064e-17 1772 1772 3.5746277515369297e-15 0 0 0
d 0 0 -3.5683444815975466e-15 0 0 -1.559958121551234e-17 1774 1774 3.578008294792406e-15 0 0 0
d 0 0 -3.5721810604934942e-15 0 0 -1.5646334045667116e-17 1776 1776 3.5813586360838331e-15 0 0 0
d 0 0 -3.5760171182055258e-15 0 0 -1.569309403575515e-17 1778 1778 3.5846776966318883e-15 0 0 0
d 0 0 -3.579852499642442e-15 0 0 -1.5739856491567928e-17 1780 1780 3.5879644179295297e-15 0 0 0
d 0 0 -3.5836870264290249e-15 0 0 -1.5786616256345843e-17 1782 1782 3.5912177735172882e-15 0 0 0
d 0 0 -3.5875204966351906e-15 0 0 -1.5833367696592967e-17 1784 1784 3.5944367788191327e-15 0 0 0
d 0 0 -3.5913526856429151e-15 0 0 -1.5880104701230985e-17 1786 1786 3.5976204968764644e-15 0 0 0
d 0 0 -3.595183335176818e-15 0 0 -1.5926820681516537e-17 1788 1788 3.6099702109331685e-15 0 0 0
d 0 0 -3.5990120976425339e-15 0 0 -1.5973508515212571e-17 1790 1790 3.6137484294604518e-15 0 0 0
d 0 0 -3.6028387089307001e-15 0 0 -1.602016086161614e-17 1792 1792 3.6175187600739532e-15 0 0 0
d 0 0 -3.6066628992126841e-15 0 0 -1.6066770094645994e-17 1794 1794 3.6213029848720201e-15 0 0 0
d 0 0 -3.6104844904007668e-15 0 0 -1.6113329432549939e-17 1796 1796 3.6250745088590282e-15 0 0 0
d 0 0 -3.6143040427050155e-15 0 0 -1.6159840764490038e-17 1798 1798 3.6288196856385929e-15 0 0 0
d 0 0 -3.6181210572141475e-15 0 0 -1.6206292840403195e-17 1800 1800 3.6325585539325602e-15 0 0 0
d 0 0 -3.6200282706471248e-15 0 0 -1.6229490791890298e-17 1801 1801 3.6323501771829327e-15 0 0 0
d 0 0 -3.6219344251749205e-15 0 0 -1.625266669230933e-17 1802 1802 3.6341599248587883e-15 0 0 0
d 0 0 -3.6238393906123125e-15 0 0 -1.6275818218080281e-17 1803 1803 3.6359666981143333e-15 0 0 0
d 0 0 -3.6257431731884139e-15 0 0 -1.6298944682015515e-17 1804 1804 3.6377688935686523e-15 0 0 0
d 0 0 -3.6276457911066863e-15 0 0 -1.6322045519711602e-17 1805 1805 3.6395673176471251e-15 0 0 0
d 0 0 -3.6295472655627573e-15 0 0 -1.634512017986547e-17 1806 1806 3.6413619016510379e-15 0 0 0
d 0 0 -3.6314476221037783e-15 0 0 -1.6368168139953932e-17 1807 1807 3.6431525703083211e-15 0 0 0
d 0 0 -3.6333468912153707e-15 0 0 -1.6391188912489854e-17 1808 1808 3.6449392436253607e-15 0 0 0
d 0 0 -3.6352451084388476e-15 0 0 -1.6414182045532629e-17 1809 1809 3.6467218392795403e-15 0 0 0
d 0 0 -3.6371423141580371e-15 0 0 -1.6437147119143099e-17 1810 1810 3.6485002750950703e-15 0 0 0
d 0 0 -3.6390385531375936e-15 0 0 -1.6460083738777835e-17 1811 1811 3.6502744714541878e-15 0 0 0
d 0 0 -3.6409338738745486e-15 0 0 -1.6482991526374287e-17 1812 1812 3.6520443535295042e-15 0 0 0
d 0 0 -3.6428283278182146e-15 0 0 -1.6505870109798348e-17 1813 1813 3.6538098532240644e-15 0 0 0
d 0 0 -3.644721968510948e-15 0 0 -1.6528719111294273e-17 1814 1814 3.6555709107178581e-15 0 0 0
d 0 0 -3.6466148506995897e-15 0 0 -1.6551538135543973e-17 1815 1815 3.6573274755478342e-15 0 0 0
d 0 0 -3.6485070294629438e-15 0 0 -1.6574326757887927e-17 1816 1816 3.6590795071879463e-15 0 0 0
d 0 0 -3.6503985593682121e-15 0 0 -1.6597084513056488e-17 1817 1817 3.6608269750046493e-15 0 0 0
d 0 0 -3.6522894937017402e-15 0 0 -1.6619810884852886e-17 1818 1818 3.6625698580065571e-15 0 0 0
d 0 0 -3.6541798839901545e-15 0 0 -1.6642505297970393e-17 1819 1819 3.6643081446027881e-15 0 0 0
d 0 0 -3.6560697794169658e-15 0 0 -1.6665167110151981e-17 1820 1820 3.6660418308233818e-15 0 0 0
d 0 0 -3.6579592264297584e-15 0 0 -1.6687795606119489e-17 1821 1821 3.6677709196395196e-15 0 0 0
d 0 0 -3.6598482684733932e-15 0 0 -1.6710389992933272e-17 1822 1822 3.6694954196676547e-15 0 0 0
d 0 0 -3.6617369458321196e-15 0 0 -1.6732949396628173e-17 1823 1823 3.6712153439904787e-15 0 0 0
d 0 0 -3.6636252955674979e-15 0 0 -1.6755472859962875e-17 1824 1824 3.6729307090660961e-15 0 0 0
d 0 0 -3.665513351536978e-15 0 0 -1.6777959341094237e-17 1825 1825 3.6746415337720013e-15 0 0 0
d 0 0 -3.6674011444772867e-15 0 0 -1.6800407712980113e-17 1826 1826 3.6763478386115522e-15 0 0 0
d 0 0 -3.6692887021372809e-15 0 0 -1.6822816763319864e-17 1827 1827 3.6780496450942483e-15 0 0 0
d 0 0 -3.67117604944612e-15 0 0 -1.6845185194856745e-17 1828 1828 3.6797469752881721e-15 0 0 0
d 0 0 -3.6730632087043733e-15 0 0 -1.6867511625887404e-17 1829 1829 3.6814398515335678e-15 0 0 0
d 0 0 -3.6749501997876136e-15 0 0 -1.6889794590847389e-17 1830 1830 3.6831282963005152e-15 0 0 0
d 0 0 -3.6768370403540295e-15 0 0 -1.6912032540865686e-17 1831 1831 3.6848123321704817e-15 0 0 0
d 0 0 -3.6787237460494896e-15 0 0 -1.693422384420399e-17 1832 1832 3.6864919819205553e-15 0 0 0
d 0 0 -3.6806103307051632e-15 0 0 -1.6956366786517037e-17 1833 1833 3.6881672686897421e-15 0 0 0
d 0 0 -3.6824968065242749e-15 0 0 -1.6978459570887654e-17 1834 1834 3.6898382162083838e-15 0 0 0
d 0 0 -3.6843831842557803e-15 0 0 -1.7000500317604924e-17 1835 1835 3.6915048490739318e-15 0 0 0
d 0 0 -3.686269463397683e-15 0 0 -1.7022487062842335e-17 1836 1836 3.7019404418486138e-15 0 0 0
d 0 0 -3.6881556717656746e-15 0 0 -1.7044417760944804e-17 1837 1837 3.7038112951176336e-15 0 0 0
d 0 0 -3.6900418070817652e-15 0 0 -1.706629027906212e-17 1838 1838 3.7056812924512185e-15 0 0 0
d 0 0 -3.6919278757241408e-15 0 0 -1.708810239841917e-17 1839 1839 3.7075504479090697e-15 0 0 0
d 0 0 -3.693813883268205e-15 0 0 -1.7109851812045727e-17 1840 1840 3.7094187667988195e-15 0 0 0
d 0 0 -3.6956998345761787e-15 0 0 -1.7131536122828366e-17 1841 1841 3.7112862544404392e-15 0 0 0
d 0 0 -3.6975857338752147e-15 0 0 -1.7153152841282269e-17 1842 1842 3.7131529162880665e-15 0 0 0
d 0 0 -3.6994715848250897e-15 0 0 -1.7174699383048099e-17 1843 1843 3.7150187580423616e-15 0 0 0
d 0 0 -3.7013573905765101e-15 0 0 -1.7196173066118479e-17 1844 1844 3.7168837857541414e-15 0 0 0
d 0 0 -3.7032431538210813e-15 0 0 -1.7217571107797479e-17 1845 1845 3.7187480059200503e-15 0 0 0
d 0 0 -3.7051288768338631e-15 0 0 -1.7238890621395294e-17 1846 1846 3.7206114255710336e-15 0 0 0
d 0 0 -3.7070145615094335e-15 0 0 -1.7260128612658593e-17 1847 1847 3.722474052354312e-15 0 0 0
d 0 0 -3.708900209392252e-15 0 0 -1.7281281975935502e-17 1848 1848 3.7243358946095589e-15 0 0 0
d 0 0 -3.7107858217020759e-15 0 0 -1.7302347490072381e-17 1849 1849 3.7261969614398931e-15 0 0 0
d 0 0 -3.7126713993550835e-15 0 0 -1.732332181403776e-17 1850 1850 3.7280572627782685e-15 0 0 0
d 0 0 -3.7145569429813025e-15 0 0 -1.7344201482267007e-17 1851 1851 3.7299168094497784e-15 0 0 0
d 0 0 -3.716442452938871e-15 0 0 -1.7364982899719447e-17 1852 1852 3.7317756132303413e-15 0 0 0
d 0 0 -3.7183279293255912e-15 0 0 -1.7385662336637786e-17 1853 1853 3.7336336869021882e-15 0 0 0
d 0 0 -3.7202133719881968e-15 0 0 -1.7406235922997817e-17 1854 1854 3.7354910443065243e-15 0 0 0
d 0 0 -3.7220987805296922e-15 0 0 -1.7426699642634423e-17 1855 1855 3.7373477003936971e-15 0 0 0
d 0 0 -3.7239841543150907e-15 0 0 -1.7447049327027957e-17 1856 1856 3.7392036712711758e-15 0 0 0
d 0 0 -3.7258694924758321e-15 0 0 -1.7467280648732963e-17 1857 1857 3.7410589742496105e-15 0 0 0
d 0 0 -3.7277547939131333e-15 0 0 -1.7487389114429108e-17 1858 1858 3.7429136278872294e-15 0 0 0
d 0 0 -3.7296400573005105e-15 0 0 -1.7507370057571961e-17 1859 1859 3.7447676520327919e-15 0 0 0
d 0 0 -3.731525281085655e-15 0 0 -1.7527218630618758e-17 1860 1860 3.7466210678673531e-15 0 0 0
d 0 0 -3.7334104634918754e-15 0 0 -1.7546929796801924e-17 1861 1861 3.7484738979450229e-15 0 0 0
d 0 0 -3.7352956025192602e-15 0 0 -1.7566498321420221e-17 1862 1862 3.7503261662329827e-15 0 0 0
d 0 0 -3.7371806959457271e-15 0 0 -1.7585918762614571e-17 1863 1863 3.752177898150954e-15 0 0 0
d 0 0 -3.7390657413281146e-15 0 0 -1.7605185461592343e-17 1864 1864 3.7540291206104026e-15 0 0 0
d 0 0 -3.7409507360034674e-15 0 0 -1.7624292532260431e-17 1865 1865 3.7558798620537148e-15 0 0 0
d 0 0 -3.7428356770906501e-15 0 0 -1.7643233850223643e-17 1866 1866 3.7577301524936702e-15 0 0 0
d 0 0 -3.7447205614924488e-15 0 0 -1.7662003041100745e-17 1867 1867 3.7595800235535204e-15 0 0 0
d 0 0 -3.7466053858983102e-15 0 0 -1.7680593468105889e-17 1868 1868 3.7614295085080749e-15 0 0 0
d 0 0 -3.748490146787862e-15 0 0 -1.7698998218838125e-17 1869 1869 3.7632786423262082e-15 0 0 0
d 0 0 -3.7503748404353985e-15 0 0 -1.7717210091215982e-17 1870 1870 3.7651274617152914e-15 0 0 0
d 0 0 -3.7522594629154856e-15 0 0 -1.7735221578487964e-17 1871 1871 3.7669760051681183e-15 0 0 0
d 0 0 -3.754144010109897e-15 0 0 -1.7753024853242822e-17 1872 1872 3.7688243130129781e-15 0 0 0
d 0 0 -3.7560284777160653e-15 0 0 -1.777061175033573e-17 1873 1873 3.7706724274676403e-15 0 0 0
d 0 0 -3.7579128612572919e-15 0 0 -1.7787973748637883e-17 1874 1874 3.7725203926981243e-15 0 0 0
d 0 0 -3.7597971560949545e-15 0 0 -1.7805101951507401e-17 1875 1875 3.7743682548832771e-15 0 0 0
d 0 0 -3.7616813574429963e-15 0 0 -1.782198706586851e-17 1876 1876 3.7762160622863252e-15 0 0 0
d 0 0 -3.7635654603849962e-15 0 0 -1.7838619379773958e-17 1877 1877 3.7780638653347703e-15 0 0 0
d 0 0 -3.7654494598941741e-15 0 0 -1.7854988738311764e-17 1878 1878 3.7799117167102181e-15 0 0 0
d 0 0 -3.7673333508567185e-15 0 0 -1.7871084517702137e-17 1879 1879 3.7817596714499526e-15 0 0 0
d 0 0 -3.7692171280988601e-15 0 0 -1.7886895597412811e-17 1880 1880 3.7836077870624149e-15 0 0 0
d 0 0 -3.7711007864182046e-15 0 0 -1.7902410330101375e-17 1881 1881 3.7854561236590466e-15 0 0 0
d 0 0 -3.7729843206198656e-15 0 0 -1.7917616509170683e-17 1882 1882 3.7873047441053944e-15 0 0 0
d 0 0 -3.7748677255580372e-15 0 0 -1.793250133369799e-17 1883 1883 3.7891537141948442e-15 0 0 0
d 0 0 -3.776750996183724e-15 0 0 -1.7947051370469259e-17 1884 1884 3.7910031028489235e-15 0 0 0
d 0 0 -3.7786341275994478e-15 0 0 -1.7961252512816921e-17 1885 1885 3.7928529823487785e-15 0 0 0
d 0 0 -3.7805171151218749e-15 0 0 -1.7975089935921218e-17 1886 1886 3.794703428603239e-15 0 0 0
d 0 0 -3.7823999543534189e-15 0 0 -1.7988548048191464e-17 1887 1887 3.7965545214598231e-15 0 0 0
d 0 0 -3.7842826412640647e-15 0 0 -1.8001610438293186e-17 1888 1888 3.7984063450661838e-15 0 0 0
d 0 0 -3.786165172284825e-15 0 0 -1.8014259817328835e-17 1889 1889 3.8002589882908557e-15 0 0 0
d 0 0 -3.7880475444144531e-15 0 0 -1.8026477955612301e-17 1890 1890 3.8021125452137775e-15 0 0 0
d 0 0 -3.7899297553490722e-15 0 0 -1.803824561340851e-17 1891 1891 3.8039548137715974e-15 0 0 0
d 0 0 -3.7918118035924221e-15 0 0 -1.8049542464856282e-17 1892 1892 3.8058109547851648e-15 0 0 0
d 0 0 -3.7936936886536239e-15 0 0 -1.8060347014355998e-17 1893 1893 3.8076678266608522e-15 0 0 0
d 0 0 -3.7955754112089925e-15 0 0 -1.8070636504328823e-17 1894 1894 3.8095260619237329e-15 0 0 0
d 0 0 -3.7974569733112134e-15 0 0 -1.8080386813307069e-17 1895 1895 3.8113857921487693e-15 0 0 0
d 0 0 -3.7993383786294278e-15 0 0 -1.8089572343068943e-17 1896 1896 3.8132471594716438e-15 0 0 0
d 0 0 -3.8012196327228756e-15 0 0 -1.8098165893317036e-17 1897 1897 3.8151103181049499e-15 0 0 0
d 0 0 -3.8031007433552917e-15 0 0 -1.8106138522168209e-17 1898 1898 3.8169754361263703e-15 0 0 0
d 0 0 -3.8049817208567261e-15 0 0 -1.8113459390425124e-17 1899 1899 3.8188426975994796e-15 0 0 0
d 0 0 -3.8068625785407351e-15 0 0 -1.8120095587246261e-17 1900 1900 3.8207123050956471e-15 0 0 0
d 0 0 -3.8087433331864094e-15 0 0 -1.8126011934405018e-17 1901 1901 3.8225844827012829e-15 0 0 0
d 0 0 -3.8106240055966223e-15 0 0 -1.8131170765811431e-17 1902 1902 3.8244594796145183e-15 0 0 0
d 0 0 -3.8125046212461804e-15 0 0 -1.8135531678339957e-17 1903 1903 3.8263375744604596e-15 0 0 0
d 0 0 -3.8143852110364434e-15 0 0 -1.813905124923456e-17 1904 1904 3.8282190804858128e-15 0 0 0
d 0 0 -3.8162658121765713e-15 0 0 -1.8141682714410597e-17 1905 1905 3.8301043518340192e-15 0 0 0
d 0 0 -3.8181464692160338e-15 0 0 -1.814337560079282e-17 1906 1906 3.8319937911533354e-15 0 0 0
d 0 0 -3.8200272352586655e-15 0 0 -1.814407530435597e-17 1907 1907 3.8338878588559214e-15 0 0 0
d 0 0 -3.8219081733957434e-15 0 0 -1.8143722603683738e-17 1908 1908 3.8357870844299507e-15 0 0 0
d 0 0 -3.823789358404707e-15 0 0 -1.814225309651943e-17 1909 1909 3.8376920803141992e-15 0 0 0
d 0 0 -3.8256708787719727e-15 0 0 -1.8139596543793913e-17 1910 1910 3.8396035589818382e-15 0 0 0
d 0 0 -3.8275528391135979e-15 0 0 -1.8135676101773799e-17 1911 1911 3.8415223540546706e-15 0 0 0
d 0 0 -3.8294353630876625e-15 0 0 -1.8130407417987046e-17 1912 1912 3.8434494464886025e-15 0 0 0
d 0 0 -3.8313185969186852e-15 0 0 -1.8123697560052054e-17 1913 1913 3.8453859971422479e-15 0 0 0
d 0 0 -3.8332027136900834e-15 0 0 -1.8115443737894208e-17 1914 1914 3.847333387364162e-15 0 0 0
d 0 0 -3.8350879186084211e-15 0 0 -1.8105531768269665e-17 1915 1915 3.8492932695941398e-15 0 0 0
d 0 0 -3.8369744555083448e-15 0 0 -1.8093834214858076e-17 1916 1916 3.8512676303163407e-15 0 0 0
d 0 0 -3.8388626149581941e-15 0 0 -1.8080208115708438e-17 1917 1917 3.853258867884324e-15 0 0 0
d 0 0 -3.8407527444530735e-15 0 0 -1.8064492179941085e-17 1918 1918 3.8552698874169555e-15 0 0 0
d 0 0 -3.8426452613634596e-15 0 0 -1.8046503293391016e-17 1919 1919 3.8573042133567907e-15 0 0 0
d 0 0 -3.844540669570155e-15 0 0 -1.8026032112206447e-17 1920 1920 3.8593661156113886e-15 0 0 0
d 0 0 -3.8464395811044876e-15 0 0 -1.8002837434573979e-17 1921 1921 3.8614607334194841e-15 0 0 0
d 0 0 -3.8483427446979681e-15 0 0 -1.7976638907906703e-17 1922 1922 3.8635941528537668e-15 0 0 0
d 0 0 -3.8502510840491177e-15 0 0 -1.7947107425537688e-17 1923 1923 3.8657733270547814e-15 0 0 0
d 0 0 -3.852165750046727e-15 0 0 -1.7913852247569503e-17 1924 1924 3.8680055686753404e-15 0 0 0
d 0 0 -3.8540881935254547e-15 0 0 -1.7876403363591154e-17 1925 1925 3.8702969531516409e-15 0 0 0
d 0 0 -3.8560202690751346e-15 0 0 -1.7834186749329632e-17 1926 1926 3.872647977097417e-15 0 0 0
d 0 0 -3.8579643873543862e-15 0 0 -1.7786488661513856e-17 1927 1927 3.875042153545262e-15 0 0 0
d 0 0 -3.859923746101264e-15 0 0 -1.7732402364970478e-17 1928 1928 3.8774156107772731e-15 0 0 0
d 0 0 -3.8619025508769501e-15 0 0 -1.7670745227474012e-17 1929 1929 3.8732160597034311e-15 0 0 0
d 0 0 -3.863907641825999e-15 0 0 -1.7599924531038259e-17 1930 1930 3.8798113920248481e-15 0 0 0
d 0 0 -3.8659485161725304e-15 0 0 -1.7517701612079301e-17 1931 1931 3.8829752280127007e-15 0 0 0
d 0 0 -3.8680401866233302e-15 0 0 -1.7420750371655596e-17 1932 1932 3.8804215834089651e-15 0 0 0
d 0 0 -3.8702058046792943e-15 0 0 -1.7303724865130479e-17 1933 1933 3.8841818527992639e-15 0 0 0
d 0 0 -3.8724903342391625e-15 0 0 -1.7156949747045793e-17 1934 1934 3.8890175308142455e-15 0 0 0
d 0 0 -3.8750004635942719e-15 0 0 -1.6958896283662871e-17 1935 1935 3.8911082127348961e-15 0 0 0
d 0 0 -3.8781350889600159e-15 0 0 -1.6630677074927561e-17 1936 1936 3.8887417856769656e-15 0 0 0
d 0 0 -3.8792855692558083e-15 0 0 -1.6476768553515257e-17 1936.25 1936.25 3.8896597108538278e-15 0 0 0
d 0 0 -3.8801677022806495e-15 0 0 -1.634151438286599e-17 1936.375 1936.375 3.8887440128687868e-15 0 0 0
d 0 0 -3.8805501365027961e-15 0 0 -1.627726021217491e-17 1936.40625 1936.40625 3.8892809376482019e-15 0 0 0
d 0 0 -3.8806185941443886e-15 0 0 -1.626535859100164e-17 1936.41015625 1936.41015625 3.8883091916603672e-15 0 0 0
d 0 0 -3.8806569776597045e-15 0 0 -1.6258630886790485e-17 1936.412109375 1936.412109375 3.8897475038071226e-15 0 0 0
d 0 0 -3.8806775608297186e-15 0 0 -1.6255005800523275e-17 1936.4130859375 1936.4130859375 3.8886173990119329e-15 0 0 0
d 0 0 -3.8806992885646229e-15 0 0 -1.6251166307614393e-17 1936.4140625 1936.4140625 3.8869772934875395e-15 0 0 0
d 0 0 -3.8807106610913581e-15 0 0 -1.6249152912213249e-17 1936.41455078125 1936.41455078125 3.8894478124886358e-15 0 0 0
d 0 0 -3.8807223988148943e-15 0 0 -1.6247069442589719e-17 1936.4150390625 1936.4150390625 3.8882517425427619e-15 0 0 0
d 0 0 -3.8807345631606306e-15 0 0 -1.6244907140918917e-17 1936.41552734375 1936.41552734375 3.8890394231590644e-15 0 0 0
d 0 0 -3.8807471959253902e-15 0 0 -1.6242656951730774e-17 1936.416015625 1936.416015625 3.8892919412353145e-15 0 0 0
d 0 0 -3.8807536989302722e-15 0 0 -1.6241495767034442e-17 1936.416259765625 1936.416259765625 3.8871014269070367e-15 0 0 0
d 0 0 -3.8807603516869147e-15 0 0 -1.6240307692325225e-17 1936.41650390625 1936.41650390625 3.8871494056027617e-15 0 0 0
d 0 0 -3.8807671555881714e-15 0 0 -1.6239091260303611e-17 1936.416748046875 1936.416748046875 3.8870251291780468e-15 0 0 0
d 0 0 -3.8807741301962215e-15 0 0 -1.6237843956376465e-17 1936.4169921875 1936.4169921875 3.8889577917616751e-15 0 0 0
d 0 0 -3.8807812715681668e-15 0 0 -1.6236564211130102e-17 1936.417236328125 1936.417236328125 3.8884855307045122e-15 0 0 0
d 0 0 -3.8807849140303628e-15 0 0 -1.6235911105948581e-17 1936.4173583984375 1936.4173583984375 3.888606962404069e-15 0 0 0
d 0 0 -3.8807886006000494e-15 0 0 -1.6235249006453909e-17 1936.41748046875 1936.41748046875 3.8873212592642515e-15 0 0 0
d 0 0 -3.8807923468264481e-15 0 0 -1.6234576840241207e-17 1936.4176025390625 1936.4176025390625 3.8881178704650833e-15 0 0 0
d 0 0 -3.8807961467036975e-15 0 0 -1.6233894590684567e-17 1936.417724609375 1936.417724609375 3.8887858458940048e-15 0 0 0
d 0 0 -3.8807999948744357e-15 0 0 -1.6233202194636733e-17 1936.4178466796875 1936.4178466796875 3.887399797554155e-15 0 0 0
d 0 0 -3.8808039099195484e-15 0 0 -1.6232498341282325e-17 1936.41796875 1936.41796875 3.8879752534785711e-15 0 0 0
d 0 0 -3.8808078866786349e-15 0 0 -1.6231782898385882e-17 1936.4180908203125 1936.4180908203125 3.8884430242372661e-15 0 0 0
d 0 0 -3.8808119282606095e-15 0 0 -1.6231055280554935e-17 1936.418212890625 1936.418212890625 3.8888047371650031e-15 0 0 0
d 0 0 -3.8808160303819157e-15 0 0 -1.6230315255231397e-17 1936.4183349609375 1936.4183349609375 3.8872045062464623e-15 0 0 0
d 0 0 -3.8808181122903434e-15 0 0 -1.6229940007723416e-17 1936.4183959960938 1936.4183959960938 3.8873867100304059e-15 0 0 0
d 0 0 -3.8808202167841665e-15 0 0 -1.6229561072860026e-17 1936.41845703125 1936.41845703125 3.8885337178694068e-15 0 0 0
d 0 0 -3.8808223326289896e-15 0 0 -1.6229178978006348e-17 1936.4185180664062 1936.4185180664062 3.8878095009117998e-15 0 0 0
d 0 0 -3.8808244755118593e-15 0 0 -1.6228792814760881e-17 1936.4185791015625 1936.4185791015625 3.8888396834953042e-15 0 0 0
d 0 0 -3.880826631100275e-15 0 0 -1.622840327365312e-17 1936.4186401367188 1936.4186401367188 3.8881083308956903e-15 0 0 0
d 0 0 -3.8808288072182041e-15 0 0 -1.6228009857204631e-17 1936.418701171875 1936.418701171875 3.8872838288205942e-15 0 0 0
d 0 0 -3.8808310123523708e-15 0 0 -1.6227612020471805e-17 1936.4187622070312 1936.4187622070312 3.8882820331769107e-15 0 0 0
d 0 0 -3.8808332319391595e-15 0 0 -1.6227210465819136e-17 1936.4188232421875 1936.4188232421875 3.8874543498272589e-15 0 0 0
d 0 0 -3.8808354816914426e-15 0 0 -1.6226804244121677e-17 1936.4188842773438 1936.4188842773438 3.8883672681112645e-15 0 0 0
d 0 0 -3.880837747432581e-15 0 0 -1.6226394035259024e-17 1936.4189453125 1936.4189453125 3.8875078685334085e-15 0 0 0
d 0 0 -3.8808400447513386e-15 0 0 -1.6225978878307718e-17 1936.4190063476562 1936.4190063476562 3.8883447026768073e-15 0 0 0
d 0 0 -3.8808423597119858e-15 0 0 -1.6225559437395803e-17 1936.4190673828125 1936.4190673828125 3.8874408027509928e-15 0 0 0
d 0 0 -3.8808447078758533e-15 0 0 -1.6225134732425726e-17 1936.4191284179688 1936.4191284179688 3.8882082883959985e-15 0 0 0
d 0 0 -3.8808470754761743e-15 0 0 -1.6224705414371219e-17 1936.419189453125 1936.419189453125 3.8872445728683902e-15 0 0 0
d 0 0 -3.8808482729824877e-15 0 0 -1.6224488624899505e-17 1936.4192199707031 1936.4192199707031 3.8875346324419815e-15 0 0 0
d 0 0 -3.8808494744858039e-15 0 0 -1.6224270683886146e-17 1936.4192504882812 1936.4192504882812 3.8870965999731214e-15 0 0 0
d 0 0 -3.880850690495238e-15 0 0 -1.6224050976898271e-17 1936.4192810058594 1936.4192810058594 3.8883367828367385e-15 0 0 0
d 0 0 -3.8808519066837909e-15 0 0 -1.6223830301710431e-17 1936.4193115234375 1936.4193115234375 3.8879387141997314e-15 0 0 0
d 0 0 -3.8808531301661004e-15 0 0 -1.622360823607028e-17 1936.4193420410156 1936.4193420410156 3.8874861074480495e-15 0 0 0
d 0 0 -3.880854368427543e-15 0 0 -1.6223384330827218e-17 1936.4193725585938 1936.4193725585938 3.8886333484815102e-15 0 0 0
d 0 0 -3.8808556074890405e-15 0 0 -1.6223159369709498e-17 1936.4194030761719 1936.4194030761719 3.8882291622472318e-15 0 0 0
d 0 0 -3.8808568542896847e-15 0 0 -1.6222932935061732e-17 1936.41943359375 1936.41943359375 3.8877711747922876e-15 0 0 0
d 0 0 -3.8808581091117166e-15 0 0 -1.6222704990231691e-17 1936.4194641113281 1936.4194641113281 3.887285087231993e-15 0 0 0
d 0 0 -3.880859379328396e-15 0 0 -1.6222475084317132e-17 1936.4194946289062 1936.4194946289062 3.8883963149572876e-15 0 0 0
d 0 0 -3.8808606509892785e-15 0 0 -1.6222244007500089e-17 1936.4195251464844 1936.4195251464844 3.8879565317862817e-15 0 0 0
d 0 0 -3.8808619310427804e-15 0 0 -1.6222011333651288e-17 1936.4195556640625 1936.4195556640625 3.8874589101932477e-15 0 0 0
d 0 0 -3.8808632268844222e-15 0 0 -1.6221776603980959e-17 1936.4195861816406 1936.4195861816406 3.8885018136820079e-15 0 0 0
d 0 0 -3.8808645248287269e-15 0 0 -1.6221540599302497e-17 1936.4196166992188 1936.4196166992188 3.8880452210495966e-15 0 0 0
d 0 0 -3.8808658317232566e-15 0 0 -1.6221302892870965e-17 1936.4196472167969 1936.4196472167969 3.8875295165376394e-15 0 0 0
d 0 0 -3.880867154894452e-15 0 0 -1.6221063022741777e-17 1936.419677734375 1936.419677734375 3.8885144048739832e-15 0 0 0
d 0 0 -3.8808684808529162e-15 0 0 -1.6220821764296026e-17 1936.4197082519531 1936.4197082519531 3.8880351832413877e-15 0 0 0
d 0 0 -3.8808698163803665e-15 0 0 -1.62205786876025e-17 1936.4197387695312 1936.4197387695312 3.8874945244815657e-15 0 0 0
d 0 0 -3.8808711687745985e-15 0 0 -1.6220333324527276e-17 1936.4197692871094 1936.4197692871094 3.8884301434237651e-15 0 0 0
d 0 0 -3.8808725246764698e-15 0 0 -1.6220086448861522e-17 1936.4197998046875 1936.4197998046875 3.8879213359351363e-15 0 0 0
d 0 0 -3.8808738908375482e-15 0 0 -1.6219837624716133e-17 1936.4198303222656 1936.4198303222656 3.8873475645347622e-15 0 0 0
d 0 0 -3.8808752745689066e-15 0 0 -1.6219586374449497e-17 1936.4198608398438 1936.4198608398438 3.8882412153928212e-15 0 0 0
d 0 0 -3.8808766625752615e-15 0 0 -1.6219333474226487e-17 1936.4198913574219 1936.4198913574219 3.8876943277343953e-15 0 0 0
d 0 0 -3.8808780616150551e-15 0 0 -1.6219078479154504e-17 1936.419921875 1936.419921875 3.8870775171436014e-15 0 0 0
Q 2 13 "Source Voltage"
Q 3 13 "Gate Voltage"
Q 4 13 "Drain Voltage"
Q 5 13 "Substrate Voltage"
Q 20 13 "Source Current"
Q 21 13 "Gate Current"
Q 22 13 "Drain Current"
Q 23 13 "Substrate Current"
Q 92 21 Contact
Q 601 13 "Source Int. Voltage"
Q 602 13 "Gate Int. Voltage"
Q 603 13 "Drain Int. Voltage"
Q 604 13 "Substrate Int. Voltage"
EOF 674208768
