v VICTORYDEVICE
# silvaco.file ASCII version=1.14.29 format=1 contents=SDB,Tables=1

Copyright "###################################################################"
Copyright "#                    Copyright Silvaco Inc. (c)                   #"
Copyright "#                            1992-2014                            #"
Copyright "#                                                                 #"
Copyright "# This file format and the following Key are copyright Silvaco    #"
Copyright "# International. You may not use, this format or key without      #"
Copyright "# reproducing this message in full and obtaining                  #"
Copyright "# express written permission from Silvaco Inc.                    #"
Copyright "#                                                                 #"
Copyright "# To obtain such permission please contact: Silvaco Inc.          #"
Copyright "#                                           support@silvaco.com   #"
Copyright "#                                                                 #"
Copyright "# KEY=SVC86hn7562asdx                       PROD=345              #"
Copyright "###################################################################"
#This file was created by VICTORYDEVICE version 1.24.0.R
#victoryd 1.24.0.R (Wed Jun 26 14:38:19 PDT 2024)
#libSDB 1.12.65 (Thu Dec  7 08:14:05 PST 2023)
a VICTORYDEVICE
j 1 9
k 4
r 1 92
x 3 43 42 46
w source 1 1
r 2 92
x 3 43 42 46
w gate 1 2
r 3 92
x 3 43 42 46
w drain 1 3
r 4 92
x 3 43 42 46
w substrate 1 4
y 1 15
z 300
f 4 source gate drain substrate
p 12 2 601 20 3 602 21 4 603 22 5 604 23
d 0 0 -1.7083603585382065e-16 0 0 -5.1916856862071578e-35 0.01 0.01 1.7078585183378487e-16 0 0 0
d 0 0 -7.3906141981311546e-16 0 0 -3.9363379445536243e-35 0.1 0.1 7.3906142451644716e-16 0 0 0
d 0 0 -8.5846234463302449e-16 0 0 8.0157532480987394e-35 0.5 0.5 8.5846234463339605e-16 0 0 0
d 0 0 -8.7623973952397921e-16 0 0 -1.5312059099932497e-36 1 1 8.762397395239793e-16 0 0 0
d 0 0 -8.8947507926320836e-16 0 0 -1.9282215788600609e-36 2 2 8.8947507926320856e-16 0 0 0
d 0 0 -9.0707629085622274e-16 0 0 3.3275243959116682e-36 4 4 9.0707629085659548e-16 0 0 0
d 0 0 -9.1949818951461663e-16 0 0 1.1210127209721451e-34 6 6 9.1949818951393032e-16 0 0 0
d 0 0 -9.3014452696876089e-16 0 0 2.1645809664604866e-34 8 8 9.301445269686256e-16 0 0 0
d 0 0 -9.3725776745042737e-16 0 0 2.0930634536270872e-31 10 10 9.3725776745042106e-16 0 0 0
d 0 0 -9.420496977706247e-16 0 0 2.5656771404658659e-33 12 12 9.4204969777079253e-16 0 0 0
d 0 0 -9.4673669890828798e-16 0 0 7.0091951074238892e-33 14 14 9.4673669890780756e-16 0 0 0
d 0 0 -9.5172905780535125e-16 0 0 3.4536414530020446e-30 16 16 9.5172905785144538e-16 0 0 0
d 0 0 -9.5748517917554193e-16 0 0 3.1325747238503765e-34 18 18 9.5748517917683132e-16 0 0 0
d 0 0 -9.6297775495592213e-16 0 0 2.5895215614412226e-32 20 20 9.6297775496023188e-16 0 0 0
d 0 0 -9.6810141063346501e-16 0 0 9.234943073978051e-32 22 22 9.6810141065662123e-16 0 0 0
d 0 0 -9.718392924171173e-16 0 0 3.2728093421484031e-31 24 24 9.7183929249803372e-16 0 0 0
d 0 0 -9.7506500322917332e-16 0 0 2.5659951616777324e-30 26 26 9.7506500342702871e-16 0 0 0
d 0 0 -9.7823619330575554e-16 0 0 9.9000557271724183e-33 28 28 9.7823619329641976e-16 0 0 0
d 0 0 -9.8133649459661788e-16 0 0 -1.2922920043323581e-34 30 30 9.8133649458862514e-16 0 0 0
d 0 0 -9.8435330323941245e-16 0 0 8.1474052446944098e-32 32 32 9.8435330321424542e-16 0 0 0
d 0 0 -9.8729628490642706e-16 0 0 2.6216950822609118e-31 34 34 9.872962848543155e-16 0 0 0
d 0 0 -9.9016370801567524e-16 0 0 1.0662670039577249e-30 36 36 9.901637079412259e-16 0 0 0
d 0 0 -9.9295386514456802e-16 0 0 6.9162466141886588e-32 38 38 9.9295386512130786e-16 0 0 0
d 0 0 -9.9566790098196681e-16 0 0 5.3051552417115921e-31 40 40 9.9566790088771903e-16 0 0 0
d 0 0 -9.9830319301468568e-16 0 0 -1.3315101886128331e-31 42 42 9.983031929998898e-16 0 0 0
d 0 0 -1.0007145710933809e-15 0 0 6.3251825247960849e-30 44 44 1.0007145711227579e-15 0 0 0
d 0 0 -1.002788054257984e-15 0 0 4.6775887398340168e-30 46 46 1.0027880541255931e-15 0 0 0
d 0 0 -1.004539752263962e-15 0 0 3.7118243128811714e-29 48 48 1.0045397523694717e-15 0 0 0
d 0 0 -1.0062615432553176e-15 0 0 1.1684640476973173e-30 50 50 1.0062615443008967e-15 0 0 0
d 0 0 -1.0079524222944164e-15 0 0 -2.3683027261160478e-30 52 52 1.0079524233883865e-15 0 0 0
d 0 0 -1.0096137009722559e-15 0 0 -3.819135398115259e-30 54 54 1.009613701115157e-15 0 0 0
d 0 0 -1.0112484185767844e-15 0 0 -6.1191107701668599e-30 56 56 1.0112484187193945e-15 0 0 0
d 0 0 -1.0128575229798317e-15 0 0 -9.8112908654254655e-30 58 58 1.0128575231269091e-15 0 0 0
d 0 0 -1.0144412461688632e-15 0 0 -1.5667093363544934e-29 60 60 1.0144412475088048e-15 0 0 0
d 0 0 -1.0159997132360054e-15 0 0 -2.5070359253399559e-29 62 62 1.0159997128433748e-15 0 0 0
d 0 0 -1.0175330002974489e-15 0 0 -3.9150585415337386e-29 64 64 1.0175330000800698e-15 0 0 0
d 0 0 -1.0190436591658652e-15 0 0 -6.059148778759735e-29 66 66 1.0190436589452555e-15 0 0 0
d 0 0 -1.0205349670547566e-15 0 0 -9.2883823101571729e-29 68 68 1.0205349668216685e-15 0 0 0
d 0 0 -1.0220093253883595e-15 0 0 -1.4120757960263306e-28 70 70 1.0220093265246263e-15 0 0 0
d 0 0 -1.0234663104498366e-15 0 0 -2.1192273943067971e-28 72 72 1.023466309856092e-15 0 0 0
d 0 0 -1.024905201101495e-15 0 0 -3.1621346142162531e-28 74 74 1.0249052003519832e-15 0 0 0
d 0 0 -1.0263267671321593e-15 0 0 -4.6758643775176018e-28 76 76 1.026326766072786e-15 0 0 0
d 0 0 -1.027719553186844e-15 0 0 -6.761257194012529e-28 78 78 1.0277195664673461e-15 0 0 0
d 0 0 -1.0289800282049255e-15 0 0 -9.4180639293145076e-28 80 80 1.0289800278479819e-15 0 0 0
d 0 0 -1.030164730755055e-15 0 0 -1.2593516540885049e-27 82 82 1.0301647298485991e-15 0 0 0
d 0 0 -1.0311514365209624e-15 0 0 -1.5721338963532787e-27 84 84 1.0311514362822168e-15 0 0 0
d 0 0 -1.0321318386681337e-15 0 0 -1.9435312108120084e-27 86 86 1.0321318378616006e-15 0 0 0
d 0 0 -1.0331083457523505e-15 0 0 -2.4121884845581816e-27 88 88 1.0331083454253201e-15 0 0 0
d 0 0 -1.0340817717808891e-15 0 0 -2.9755568438862636e-27 90 90 1.0340817714151162e-15 0 0 0
d 0 0 -1.0350514953377226e-15 0 0 -3.6616507423763346e-27 92 92 1.0350514949574215e-15 0 0 0
d 0 0 -1.0360174918211228e-15 0 0 -4.4951225805013786e-27 94 94 1.0360174914334309e-15 0 0 0
d 0 0 -1.0369800368767432e-15 0 0 -5.5053487600829307e-27 96 96 1.0369800364914632e-15 0 0 0
d 0 0 -1.0379387593639733e-15 0 0 -6.7252102388134443e-27 98 98 1.0379387586379846e-15 0 0 0
d 0 0 -1.0388936821165826e-15 0 0 -8.1969072732314324e-27 100 100 1.0388936812766877e-15 0 0 0
d 0 0 -1.041266807633357e-15 0 0 -1.3298247161300033e-26 105 105 1.0412668064951078e-15 0 0 0
d 0 0 -1.0436198230422163e-15 0 0 -2.1259473362959608e-26 110 110 1.0436198214772178e-15 0 0 0
d 0 0 -1.0459487561926431e-15 0 0 -3.3494591354180025e-26 115 115 1.0459487553918321e-15 0 0 0
d 0 0 -1.0482537194122704e-15 0 0 -5.1988024482127779e-26 120 120 1.0482537181408802e-15 0 0 0
d 0 0 -1.0505368454232376e-15 0 0 -7.9584863955799983e-26 125 125 1.0505368436035897e-15 0 0 0
d 0 0 -1.0528021916808775e-15 0 0 -1.2024384660446062e-25 130 130 1.0528021892916907e-15 0 0 0
d 0 0 -1.055048885046005e-15 0 0 -1.7925416709021146e-25 135 135 1.0550488853724412e-15 0 0 0
d 0 0 -1.0571269940484675e-15 0 0 -2.5450670787352107e-25 140 140 1.0571270082555402e-15 0 0 0
d 0 0 -1.0587338544985906e-15 0 0 -3.2346016045608609e-25 145 145 1.0587338632302194e-15 0 0 0
d 0 0 -1.060168127446612e-15 0 0 -3.9442375690652531e-25 150 150 1.0601681151780733e-15 0 0 0
d 0 0 -1.0615985860142369e-15 0 0 -4.7877999344187428e-25 155 155 1.0615985772364844e-15 0 0 0
d 0 0 -1.0630292751549674e-15 0 0 -5.7980880247413259e-25 160 160 1.0630292671605665e-15 0 0 0
d 0 0 -1.0644618842364986e-15 0 0 -7.0073260010435795e-25 165 165 1.0644618747798688e-15 0 0 0
d 0 0 -1.0658945321456869e-15 0 0 -8.449242788544927e-25 170 170 1.0658945229394815e-15 0 0 0
d 0 0 -1.0673106063646318e-15 0 0 -1.0127907416301273e-24 175 175 1.0673105901065965e-15 0 0 0
d 0 0 -1.068715199561714e-15 0 0 -1.2100920143541317e-24 180 180 1.0687151834411957e-15 0 0 0
d 0 0 -1.0701118419941209e-15 0 0 -1.4405621449931659e-24 185 185 1.0701118291063425e-15 0 0 0
d 0 0 -1.071500280382839e-15 0 0 -1.7092617947533386e-24 190 190 1.0715002701674881e-15 0 0 0
d 0 0 -1.0728800859686017e-15 0 0 -2.021325210862055e-24 195 195 1.0728800948562932e-15 0 0 0
d 0 0 -1.0742514740269018e-15 0 0 -2.3822006421061235e-24 200 200 1.074251482033708e-15 0 0 0
d 0 0 -1.0756157397050105e-15 0 0 -2.8000507018424729e-24 205 205 1.0756157356053998e-15 0 0 0
d 0 0 -1.0769755594966332e-15 0 0 -3.2802128380101309e-24 210 210 1.0769755443714617e-15 0 0 0
d 0 0 -1.0783278150725753e-15 0 0 -3.8306772517954236e-24 215 215 1.0783277917109964e-15 0 0 0
d 0 0 -1.0796344559889996e-15 0 0 -4.438969830443981e-24 220 220 1.0796344505639891e-15 0 0 0
d 0 0 -1.0809268143567709e-15 0 0 -5.1242448700099091e-24 225 225 1.0809268345535173e-15 0 0 0
d 0 0 -1.0821256548820228e-15 0 0 -5.8299258314273757e-24 230 230 1.0821256438788666e-15 0 0 0
d 0 0 -1.0833106364919872e-15 0 0 -6.6164022733881592e-24 235 235 1.083310633088063e-15 0 0 0
d 0 0 -1.0844936657651934e-15 0 0 -7.4995796982708695e-24 240 240 1.0844936635125388e-15 0 0 0
d 0 0 -1.0856765313166597e-15 0 0 -8.494093295092073e-24 245 245 1.0856765313228116e-15 0 0 0
d 0 0 -1.0868616174213214e-15 0 0 -9.6131453112522681e-24 250 250 1.086861610837037e-15 0 0 0
d 0 0 -1.0880497040965597e-15 0 0 -1.0873133421562545e-23 255 255 1.0880497006895962e-15 0 0 0
d 0 0 -1.0892380090688216e-15 0 0 -1.2284771896545637e-23 260 260 1.0892380007814993e-15 0 0 0
d 0 0 -1.0903326768875667e-15 0 0 -1.3706180079942234e-23 265 265 1.0903326578354466e-15 0 0 0
d 0 0 -1.0911721031491597e-15 0 0 -1.4820793201096646e-23 270 270 1.0911720681772589e-15 0 0 0
d 0 0 -1.0919881792028945e-15 0 0 -1.5978785546515901e-23 275 275 1.091988233306826e-15 0 0 0
d 0 0 -1.0927989988153073e-15 0 0 -1.721192478693174e-23 280 280 1.0927990569245795e-15 0 0 0
d 0 0 -1.0936060133073954e-15 0 0 -1.853195429475271e-23 285 285 1.0936060736267016e-15 0 0 0
d 0 0 -1.0944103786994791e-15 0 0 -1.995325763978547e-23 290 290 1.0944104170604604e-15 0 0 0
d 0 0 -1.0952128693585738e-15 0 0 -2.1472493630149121e-23 295 295 1.0952129111516188e-15 0 0 0
d 0 0 -1.0960140255446393e-15 0 0 -2.3103379217327296e-23 300 300 1.0960140717090933e-15 0 0 0
d 0 0 -1.096814195993831e-15 0 0 -2.485477289449102e-23 305 305 1.0968142475540873e-15 0 0 0
d 0 0 -1.0976135636198479e-15 0 0 -2.6741002502631506e-23 310 310 1.0976136052618524e-15 0 0 0
d 0 0 -1.0984121661525367e-15 0 0 -2.8763856960578415e-23 315 315 1.0984122117885784e-15 0 0 0
d 0 0 -1.0992099188628055e-15 0 0 -3.0936069123856697e-23 320 320 1.0992099726174693e-15 0 0 0
d 0 0 -1.1000066357959671e-15 0 0 -3.3271204732652881e-23 325 325 1.1000066836288656e-15 0 0 0
d 0 0 -1.1008020510085359e-15 0 0 -3.5774997814824746e-23 330 330 1.1008021054562094e-15 0 0 0
d 0 0 -1.1015958418568468e-15 0 0 -3.846019421412225e-23 335 335 1.1015959043274875e-15 0 0 0
d 0 0 -1.1023876525879627e-15 0 0 -4.1337938693048432e-23 340 340 1.102387722889757e-15 0 0 0
d 0 0 -1.1031771224739781e-15 0 0 -4.4419419204819225e-23 345 345 1.1031771997774026e-15 0 0 0
d 0 0 -1.1039639196237733e-15 0 0 -4.771740281377788e-23 350 350 1.1039639992518155e-15 0 0 0
d 0 0 -1.1047477811747171e-15 0 0 -5.1242625767266967e-23 355 355 1.1047478687321233e-15 0 0 0
d 0 0 -1.1055285050565885e-15 0 0 -5.5009322502081707e-23 360 360 1.1055285995820545e-15 0 0 0
d 0 0 -1.1063053953620273e-15 0 0 -5.9015478960265533e-23 365 365 1.1063055434835147e-15 0 0 0
d 0 0 -1.1070294580478949e-15 0 0 -6.297809456265782e-23 370 370 1.1070293888400543e-15 0 0 0
d 0 0 -1.1077854182070784e-15 0 0 -6.7445404623120284e-23 375 375 1.1077855903745447e-15 0 0 0
d 0 0 -1.1083995890849668e-15 0 0 -7.1222476175329268e-23 380 380 1.1083997087527554e-15 0 0 0
d 0 0 -1.108990164586464e-15 0 0 -7.5003285043416449e-23 385 385 1.1089903102589559e-15 0 0 0
d 0 0 -1.1095769868991593e-15 0 0 -7.8961229405648034e-23 390 390 1.1095771393329097e-15 0 0 0
d 0 0 -1.1101614776226856e-15 0 0 -8.3109197672839066e-23 395 395 1.1101616365751219e-15 0 0 0
d 0 0 -1.1107442069992485e-15 0 0 -8.7459370377817797e-23 400 400 1.1107443779799645e-15 0 0 0
d 0 0 -1.1113255015952632e-15 0 0 -9.2024098939394619e-23 405 405 1.1113256842660835e-15 0 0 0
d 0 0 -1.1119055755151549e-15 0 0 -9.6816822380163762e-23 410 410 1.1119057648692165e-15 0 0 0
d 0 0 -1.112484603518665e-15 0 0 -1.0184894566219948e-22 415 415 1.1124847979617369e-15 0 0 0
d 0 0 -1.1130627085958628e-15 0 0 -1.0713318763888815e-22 420 420 1.1130629042484996e-15 0 0 0
d 0 0 -1.1136399425105766e-15 0 0 -1.1268162418905666e-22 425 425 1.1136401364230142e-15 0 0 0
d 0 0 -1.1142163254225652e-15 0 0 -1.1850361570944951e-22 430 430 1.1142165301573586e-15 0 0 0
d 0 0 -1.1147918264014676e-15 0 0 -1.2461066141639368e-22 435 435 1.1147920555937434e-15 0 0 0
d 0 0 -1.1153660781508857e-15 0 0 -1.3101919295276169e-22 440 440 1.1153663148312446e-15 0 0 0
d 0 0 -1.1159189932975737e-15 0 0 -1.3748054860411209e-22 445 445 1.1159189786882497e-15 0 0 0
d 0 0 -1.1164659290650262e-15 0 0 -1.4407829313614747e-22 450 450 1.1164657661115101e-15 0 0 0
d 0 0 -1.1169476241210174e-15 0 0 -1.5027769418776945e-22 455 455 1.1169479409395954e-15 0 0 0
d 0 0 -1.1173978393971675e-15 0 0 -1.5619047180692356e-22 460 460 1.1173981245153851e-15 0 0 0
d 0 0 -1.1178450146457073e-15 0 0 -1.62277976628274e-22 465 465 1.1178453046310271e-15 0 0 0
d 0 0 -1.1182902191326088e-15 0 0 -1.6856916778771757e-22 470 470 1.1182905111524838e-15 0 0 0
d 0 0 -1.1187337653911804e-15 0 0 -1.7507495217296358e-22 475 475 1.1187340574643979e-15 0 0 0
d 0 0 -1.1191757177192522e-15 0 0 -1.8180149994248665e-22 480 480 1.1191760149782236e-15 0 0 0
d 0 0 -1.1196161308727775e-15 0 0 -1.8872764436181513e-22 485 485 1.1196165288297817e-15 0 0 0
d 0 0 -1.1200550735795765e-15 0 0 -1.9592585467879318e-22 490 490 1.1200554592442485e-15 0 0 0
d 0 0 -1.1204926178864323e-15 0 0 -2.0335732304258342e-22 495 495 1.1204930180708373e-15 0 0 0
d 0 0 -1.1209288305561608e-15 0 0 -2.1104624133632861e-22 500 500 1.1209292403845417e-15 0 0 0
d 0 0 -1.1213636514633264e-15 0 0 -2.1899420655972574e-22 505 505 1.121364069310856e-15 0 0 0
d 0 0 -1.1217960750745711e-15 0 0 -2.2707440089627129e-22 510 510 1.1217959005619484e-15 0 0 0
d 0 0 -1.12219777760076e-15 0 0 -2.3482215342166003e-22 515 515 1.1221984753517857e-15 0 0 0
d 0 0 -1.1225999571510067e-15 0 0 -2.4312336403588521e-22 520 520 1.1226005758523684e-15 0 0 0
d 0 0 -1.1229450417753204e-15 0 0 -2.5033221375116155e-22 525 525 1.122945526105943e-15 0 0 0
d 0 0 -1.1232863974376542e-15 0 0 -2.5760112167471229e-22 530 530 1.1232868738348427e-15 0 0 0
d 0 0 -1.1236260990412242e-15 0 0 -2.6503448195268044e-22 535 535 1.1236265785231535e-15 0 0 0
d 0 0 -1.1239646664746893e-15 0 0 -2.726506077101025e-22 540 540 1.1239651495651356e-15 0 0 0
d 0 0 -1.1243023197625177e-15 0 0 -2.803882711559805e-22 545 545 1.1243028960765226e-15 0 0 0
d 0 0 -1.1246391971032854e-15 0 0 -2.883817200805842e-22 550 550 1.1246397957508137e-15 0 0 0
d 0 0 -1.1249753873100155e-15 0 0 -2.9656917522401336e-22 555 555 1.1249760683709477e-15 0 0 0
d 0 0 -1.12531090201707e-15 0 0 -3.0498031647850482e-22 560 560 1.125311596418612e-15 0 0 0
d 0 0 -1.125645505841846e-15 0 0 -3.1360877520869891e-22 565 565 1.1256461984942396e-15 0 0 0
d 0 0 -1.1259638452412433e-15 0 0 -3.2202972279899357e-22 570 570 1.125963562528966e-15 0 0 0
d 0 0 -1.1262854744403504e-15 0 0 -3.296866232618019e-22 575 575 1.1262844288072804e-15 0 0 0
d 0 0 -1.1265690428780697e-15 0 0 -3.3875005637905342e-22 580 580 1.126567091958785e-15 0 0 0
d 0 0 -1.1268351186253853e-15 0 0 -3.4617323178851543e-22 585 585 1.1268358576935154e-15 0 0 0
d 0 0 -1.1270996787377322e-15 0 0 -3.5381152890765043e-22 590 590 1.1271004192733513e-15 0 0 0
d 0 0 -1.1273639020367098e-15 0 0 -3.6124911577881003e-22 595 595 1.1273649756164375e-15 0 0 0
d 0 0 -1.12762847501156e-15 0 0 -3.6927189334371547e-22 600 600 1.1276295182285876e-15 0 0 0
d 0 0 -1.1278938951287744e-15 0 0 -3.7750962639540298e-22 605 605 1.1278949156655345e-15 0 0 0
d 0 0 -1.1281596570347577e-15 0 0 -3.8582061829693033e-22 610 610 1.1281607004971749e-15 0 0 0
d 0 0 -1.1284248046516414e-15 0 0 -3.9441772281605296e-22 615 615 1.1284241045962038e-15 0 0 0
d 0 0 -1.1286704016626874e-15 0 0 -4.0139908569021434e-22 620 620 1.1286714267208985e-15 0 0 0
d 0 0 -1.1289186745740562e-15 0 0 -4.1112836567946763e-22 625 625 1.1289034047023534e-15 0 0 0
d 0 0 -1.1291308961284733e-15 0 0 -4.1774007799341023e-22 630 630 1.1291317967305813e-15 0 0 0
d 0 0 -1.1293401143688441e-15 0 0 -4.2523407846391282e-22 635 635 1.1293409883323091e-15 0 0 0
d 0 0 -1.1295481373379265e-15 0 0 -4.3145587433861483e-22 640 640 1.1295482554064997e-15 0 0 0
d 0 0 -1.1297553491778211e-15 0 0 -4.3894811843014958e-22 645 645 1.1297554093466988e-15 0 0 0
d 0 0 -1.1299617373395978e-15 0 0 -4.462250011884046e-22 650 650 1.1299614206900463e-15 0 0 0
d 0 0 -1.130160174963427e-15 0 0 -4.5442748205256816e-22 655 655 1.1301574430304925e-15 0 0 0
d 0 0 -1.1303539465746366e-15 0 0 -4.5963793981707575e-22 660 660 1.1303483892899242e-15 0 0 0
d 0 0 -1.130524752862527e-15 0 0 -4.6743293674199067e-22 665 665 1.1305219583645e-15 0 0 0
d 0 0 -1.1306829626212478e-15 0 0 -4.7350012072421029e-22 670 670 1.1306798081817254e-15 0 0 0
d 0 0 -1.1308394866646319e-15 0 0 -4.7950746372155768e-22 675 675 1.1308357597187469e-15 0 0 0
d 0 0 -1.1309939724353891e-15 0 0 -4.8395252755246983e-22 680 680 1.1309731479785979e-15 0 0 0
d 0 0 -1.1311376676453146e-15 0 0 -4.8706125684007281e-22 685 685 1.1310951014977495e-15 0 0 0
d 0 0 -1.1312827350693724e-15 0 0 -4.9602820052618416e-22 690 690 1.1312268770697314e-15 0 0 0
d 0 0 -1.1314174374074045e-15 0 0 -5.0009796040662097e-22 695 695 1.1312688353620337e-15 0 0 0
d 0 0 -1.1315514816915027e-15 0 0 -5.055109798604004e-22 700 700 1.1313361151225058e-15 0 0 0
d 0 0 -1.131685091491743e-15 0 0 -5.1323586684811746e-22 705 705 1.1315397956165284e-15 0 0 0
d 0 0 -1.1318184261513766e-15 0 0 -5.1915742340894458e-22 710 710 1.1311782562259956e-15 0 0 0
d 0 0 -1.1319514503111839e-15 0 0 -5.245654095999042e-22 715 715 1.1308801691323208e-15 0 0 0
d 0 0 -1.1320841527561527e-15 0 0 -5.2635948464191979e-22 720 720 1.1296813552361958e-15 0 0 0
d 0 0 -1.1322164980038061e-15 0 0 -5.3502141067928264e-22 725 725 1.1309727150881884e-15 0 0 0
d 0 0 -1.1323490473642052e-15 0 0 -5.410389969296588e-22 730 730 1.1294063968690296e-15 0 0 0
d 0 0 -1.1324820583688353e-15 0 0 -5.4619853129304661e-22 735 735 1.1300875586804645e-15 0 0 0
d 0 0 -1.1326156045267585e-15 0 0 -5.5257062893766866e-22 740 740 1.1311447957739426e-15 0 0 0
d 0 0 -1.1327498339197435e-15 0 0 -5.5828341745293552e-22 745 745 1.1239733450584637e-15 0 0 0
d 0 0 -1.1328850034265872e-15 0 0 -5.6149436629166967e-22 750 750 1.1277529263509283e-15 0 0 0
d 0 0 -1.1329529697949274e-15 0 0 -5.6438489794277379e-22 752.5 752.5 1.1258485409475697e-15 0 0 0
d 0 0 -1.1330212647407365e-15 0 0 -5.6759444609825484e-22 755 755 1.1267702356527283e-15 0 0 0
d 0 0 -1.1331590155660032e-15 0 0 -5.7535325133784148e-22 760 760 1.125964964220332e-15 0 0 0
d 0 0 -1.1332986845307512e-15 0 0 -5.8158081341106741e-22 765 765 1.130217990158483e-15 0 0 0
d 0 0 -1.1334405918194389e-15 0 0 -5.8585098624493527e-22 770 770 1.1225215181931749e-15 0 0 0
d 0 0 -1.1335856944591303e-15 0 0 -5.8661513234823682e-22 775 775 1.1280827072124197e-15 0 0 0
d 0 0 -1.1337346720679759e-15 0 0 -5.9814593289955367e-22 780 780 1.1298879118141037e-15 0 0 0
d 0 0 -1.1338886751901559e-15 0 0 -6.0438698479286528e-22 785 785 1.1302216573267428e-15 0 0 0
d 0 0 -1.1340440042923198e-15 0 0 -6.1063872000172107e-22 790 790 1.1308360964857453e-15 0 0 0
d 0 0 -1.134198180400761e-15 0 0 -6.1247024776508018e-22 795 795 1.1209428147379184e-15 0 0 0
d 0 0 -1.1343514845971872e-15 0 0 -6.191396322676754e-22 800 800 1.1223594771443565e-15 0 0 0
d 0 0 -1.134504072797829e-15 0 0 -6.2587329371019472e-22 805 805 1.123835452934376e-15 0 0 0
d 0 0 -1.1346560701400783e-15 0 0 -6.326176853467558e-22 810 810 1.1254040196032345e-15 0 0 0
d 0 0 -1.1348075609144535e-15 0 0 -6.3939987164172569e-22 815 815 1.1267775499725681e-15 0 0 0
d 0 0 -1.134958586873621e-15 0 0 -6.46255809781365e-22 820 820 1.1277017464140023e-15 0 0 0
d 0 0 -1.1351091791721037e-15 0 0 -6.531345271795874e-22 825 825 1.128447787181341e-15 0 0 0
d 0 0 -1.1352593880913123e-15 0 0 -6.6001848553285634e-22 830 830 1.1293926213925414e-15 0 0 0
d 0 0 -1.1354092554195848e-15 0 0 -6.6699739549214554e-22 835 835 1.1303492155689946e-15 0 0 0
d 0 0 -1.1355588116884146e-15 0 0 -6.7394792046734641e-22 840 840 1.1311251601486133e-15 0 0 0
d 0 0 -1.1357080824147143e-15 0 0 -6.8093613789867783e-22 845 845 1.1318396649109847e-15 0 0 0
d 0 0 -1.1358570906120322e-15 0 0 -6.8796353211485062e-22 850 850 1.1325042961316484e-15 0 0 0
d 0 0 -1.1360058532466106e-15 0 0 -6.8755195544915702e-22 855 855 1.1220459440061277e-15 0 0 0
d 0 0 -1.1361543976392812e-15 0 0 -6.9549155702246966e-22 860 860 1.1242149238005637e-15 0 0 0
d 0 0 -1.1363027329922491e-15 0 0 -7.0329077525490833e-22 865 865 1.1258956151216471e-15 0 0 0
d 0 0 -1.1364508713355729e-15 0 0 -7.1110579302690179e-22 870 870 1.1272440199894831e-15 0 0 0
d 0 0 -1.1365988259472082e-15 0 0 -7.1888318880118788e-22 875 875 1.1284529662800719e-15 0 0 0
d 0 0 -1.1367466134730763e-15 0 0 -7.2666286927888114e-22 880 880 1.1298243495526032e-15 0 0 0
d 0 0 -1.1368942503484943e-15 0 0 -7.3449495586065072e-22 885 885 1.1310116277302416e-15 0 0 0
d 0 0 -1.1370417464926656e-15 0 0 -7.423124320912521e-22 890 890 1.1319518566949192e-15 0 0 0
d 0 0 -1.1371891040820284e-15 0 0 -7.5014213412257092e-22 895 895 1.1326238399212067e-15 0 0 0
d 0 0 -1.1373363249612613e-15 0 0 -7.5799187782870661e-22 900 900 1.1331512348756762e-15 0 0 0
d 0 0 -1.1374834092760778e-15 0 0 -7.5329241893625025e-22 905 905 1.118574263859028e-15 0 0 0
d 0 0 -1.1376303862523686e-15 0 0 -7.6250331183218811e-22 910 910 1.1206349887684883e-15 0 0 0
d 0 0 -1.137777257552209e-15 0 0 -7.7162259823426326e-22 915 915 1.122629765896744e-15 0 0 0
d 0 0 -1.1379240308573055e-15 0 0 -7.8066962976494743e-22 920 920 1.1244794966312547e-15 0 0 0
d 0 0 -1.1380707128301839e-15 0 0 -7.8965182628571086e-22 925 925 1.1261423075658012e-15 0 0 0
d 0 0 -1.1382173096478431e-15 0 0 -7.9859160279799913e-22 930 930 1.1277832635544337e-15 0 0 0
d 0 0 -1.1383638269204098e-15 0 0 -8.0750407692234909e-22 935 935 1.1291213198579459e-15 0 0 0
d 0 0 -1.1385102697684206e-15 0 0 -8.163732677763701e-22 940 940 1.1303006360743457e-15 0 0 0
d 0 0 -1.1386566429548719e-15 0 0 -8.2522791191373814e-22 945 945 1.131471563177464e-15 0 0 0
d 0 0 -1.1388029508859458e-15 0 0 -8.3409044511848768e-22 950 950 1.132414324941944e-15 0 0 0
d 0 0 -1.138949197597663e-15 0 0 -8.4295145558406885e-22 955 955 1.1332713500355864e-15 0 0 0
d 0 0 -1.139095386851761e-15 0 0 -8.5181828676078689e-22 960 960 1.1340405404007554e-15 0 0 0
d 0 0 -1.1392415221708236e-15 0 0 -8.6070536507833947e-22 965 965 1.1347389805059905e-15 0 0 0
d 0 0 -1.1393876068424898e-15 0 0 -8.6961945665072295e-22 970 970 1.1353756835136708e-15 0 0 0
d 0 0 -1.1395336439523361e-15 0 0 -8.7856675853216532e-22 975 975 1.1359588939357653e-15 0 0 0
d 0 0 -1.1396796364356313e-15 0 0 -8.8755294856835178e-22 980 980 1.1364962694750224e-15 0 0 0
d 0 0 -1.1398255684548984e-15 0 0 -8.8621223976451605e-22 985 985 1.1255121262660729e-15 0 0 0
d 0 0 -1.1399714802004417e-15 0 0 -8.9641952676441154e-22 990 990 1.1272512715145464e-15 0 0 0
d 0 0 -1.1401173550048645e-15 0 0 -9.0616466990770362e-22 995 995 1.1275400347465224e-15 0 0 0
d 0 0 -1.1402631957574494e-15 0 0 -9.1589237837967503e-22 1000 1000 1.1286590637537791e-15 0 0 0
d 0 0 -1.1404090054107685e-15 0 0 -9.260274718355088e-22 1005 1005 1.130037744715105e-15 0 0 0
d 0 0 -1.1405547848939304e-15 0 0 -9.3613200498664067e-22 1010 1010 1.1311880216556659e-15 0 0 0
d 0 0 -1.1407005357173985e-15 0 0 -9.4621895638211993e-22 1015 1015 1.1321687540714159e-15 0 0 0
d 0 0 -1.140846259634453e-15 0 0 -9.5629984403979418e-22 1020 1020 1.133125649590744e-15 0 0 0
d 0 0 -1.1409919587554562e-15 0 0 -9.6639007991592073e-22 1025 1025 1.1339655183701175e-15 0 0 0
d 0 0 -1.141137635319001e-15 0 0 -9.7649034800028623e-22 1030 1030 1.1347607018425375e-15 0 0 0
d 0 0 -1.1412832916063605e-15 0 0 -9.8661409842931361e-22 1035 1035 1.1355119925034986e-15 0 0 0
d 0 0 -1.1414289298330799e-15 0 0 -9.9676928773492727e-22 1040 1040 1.1362165789327848e-15 0 0 0
d 0 0 -1.1415745521783969e-15 0 0 -1.006963420226391e-21 1045 1045 1.1368694120987741e-15 0 0 0
d 0 0 -1.1417201608157383e-15 0 0 -1.0172024812931751e-21 1050 1050 1.1374737805635457e-15 0 0 0
d 0 0 -1.1418657579568508e-15 0 0 -1.0274926902922383e-21 1055 1055 1.1380221412685135e-15 0 0 0
d 0 0 -1.1420113458727254e-15 0 0 -1.0378383522063214e-21 1060 1060 1.1385366067909085e-15 0 0 0
d 0 0 -1.1421569269629034e-15 0 0 -1.0482476659274125e-21 1065 1065 1.1390211163907824e-15 0 0 0
d 0 0 -1.1423025037152595e-15 0 0 -1.0587217783704837e-21 1070 1070 1.1394697187780809e-15 0 0 0
d 0 0 -1.1424480790303829e-15 0 0 -1.0692667055505945e-21 1075 1075 1.1398903850797525e-15 0 0 0
d 0 0 -1.142593615936244e-15 0 0 -1.0735770858295302e-21 1080 1080 1.1306622674627905e-15 0 0 0
d 0 0 -1.142739197696198e-15 0 0 -1.0849706301572335e-21 1085 1085 1.1320002804262328e-15 0 0 0
d 0 0 -1.1428847878147984e-15 0 0 -1.0963727786653595e-21 1090 1090 1.1331693554251948e-15 0 0 0
d 0 0 -1.1430303900762863e-15 0 0 -1.1077847860093527e-21 1095 1095 1.134233163564122e-15 0 0 0
d 0 0 -1.1431760087076456e-15 0 0 -1.1192214749231576e-21 1100 1100 1.1352087294996598e-15 0 0 0
d 0 0 -1.143321648565499e-15 0 0 -1.1306919255410948e-21 1105 1105 1.13610478660499e-15 0 0 0
d 0 0 -1.1434673156615692e-15 0 0 -1.1422043014591161e-21 1110 1110 1.136928954804756e-15 0 0 0
d 0 0 -1.1436130158165329e-15 0 0 -1.1537429601672267e-21 1115 1115 1.1376452363996788e-15 0 0 0
d 0 0 -1.1437587562364329e-15 0 0 -1.1653450343594521e-21 1120 1120 1.1383141162467321e-15 0 0 0
d 0 0 -1.1439045457871655e-15 0 0 -1.1770290611009596e-21 1125 1125 1.1389700086915677e-15 0 0 0
d 0 0 -1.1440503938798515e-15 0 0 -1.1887800377709737e-21 1130 1130 1.1395790680769944e-15 0 0 0
d 0 0 -1.144196311738368e-15 0 0 -1.2006029188856267e-21 1135 1135 1.1401435591185816e-15 0 0 0
d 0 0 -1.1443423122876242e-15 0 0 -1.2125020672628631e-21 1140 1140 1.1406687665645079e-15 0 0 0
d 0 0 -1.1444884109071901e-15 0 0 -1.2244815586613125e-21 1145 1145 1.1411585575332772e-15 0 0 0
d 0 0 -1.1446346256692495e-15 0 0 -1.2365450196596459e-21 1150 1150 1.1416285278640239e-15 0 0 0
d 0 0 -1.1447809779120856e-15 0 0 -1.2486960076414155e-21 1155 1155 1.1420569049541153e-15 0 0 0
d 0 0 -1.1449274927894292e-15 0 0 -1.2609369061050671e-21 1160 1160 1.1424586024934656e-15 0 0 0
d 0 0 -1.1450742001190359e-15 0 0 -1.2732706221245769e-21 1165 1165 1.142836654141125e-15 0 0 0
d 0 0 -1.1452210436250301e-15 0 0 -1.2816629780128323e-21 1170 1170 1.1345031840001802e-15 0 0 0
d 0 0 -1.1453682482967525e-15 0 0 -1.2946355141076994e-21 1175 1175 1.13563554053023e-15 0 0 0
d 0 0 -1.1455157730419166e-15 0 0 -1.3076585951957903e-21 1180 1180 1.1366794202797416e-15 0 0 0
d 0 0 -1.1456636779405466e-15 0 0 -1.3207378347507492e-21 1185 1185 1.1376408837519514e-15 0 0 0
d 0 0 -1.1458120352109028e-15 0 0 -1.3338792493996459e-21 1190 1190 1.1385283805091412e-15 0 0 0
d 0 0 -1.1459609318957442e-15 0 0 -1.3470880077353902e-21 1195 1195 1.1393496315946945e-15 0 0 0
d 0 0 -1.1461104731337008e-15 0 0 -1.3603684664272365e-21 1200 1200 1.1401114429975881e-15 0 0 0
d 0 0 -1.1462607861065006e-15 0 0 -1.3737241886570737e-21 1205 1205 1.1408197245822819e-15 0 0 0
d 0 0 -1.1464120248152449e-15 0 0 -1.3871579468746964e-21 1210 1210 1.14147965791319e-15 0 0 0
d 0 0 -1.1465643758539921e-15 0 0 -1.4006717114990093e-21 1215 1215 1.1420965420401049e-15 0 0 0
d 0 0 -1.1467180653757962e-15 0 0 -1.4142666454852007e-21 1220 1220 1.142673301527362e-15 0 0 0
d 0 0 -1.1468733673395037e-15 0 0 -1.4279430153468588e-21 1225 1225 1.1432145162189458e-15 0 0 0
d 0 0 -1.147030613248824e-15 0 0 -1.4417002306691582e-21 1230 1230 1.1437239095884586e-15 0 0 0
d 0 0 -1.1471902033826365e-15 0 0 -1.4555367375552895e-21 1235 1235 1.1442049393153899e-15 0 0 0
d 0 0 -1.1473526195441369e-15 0 0 -1.4694499719793151e-21 1240 1240 1.1446608671980126e-15 0 0 0
d 0 0 -1.1475184392234491e-15 0 0 -1.4834362916051464e-21 1245 1245 1.145094789695534e-15 0 0 0
d 0 0 -1.1476883509927381e-15 0 0 -1.4974909005991815e-21 1250 1250 1.1455096704633611e-15 0 0 0
d 0 0 -1.1478631708953217e-15 0 0 -1.5116077678994777e-21 1255 1255 1.1459083746082008e-15 0 0 0
d 0 0 -1.1480436305600705e-15 0 0 -1.523193171583722e-21 1260 1260 1.1384013811383502e-15 0 0 0
d 0 0 -1.1482313151945239e-15 0 0 -1.5377104995972424e-21 1265 1265 1.1395779976452234e-15 0 0 0
d 0 0 -1.1484273021625199e-15 0 0 -1.552234021145302e-21 1270 1270 1.1406836924045598e-15 0 0 0
d 0 0 -1.1486331059328057e-15 0 0 -1.566753505706086e-21 1275 1275 1.1417216204519022e-15 0 0 0
d 0 0 -1.1488504759368426e-15 0 0 -1.581258367045616e-21 1280 1280 1.1426998056412075e-15 0 0 0
d 0 0 -1.1490814320820539e-15 0 0 -1.5957358404787857e-21 1285 1285 1.143625934928894e-15 0 0 0
d 0 0 -1.1493283106952517e-15 0 0 -1.6101709080152958e-21 1290 1290 1.1445074734420535e-15 0 0 0
d 0 0 -1.1495938238363297e-15 0 0 -1.6245462214841538e-21 1295 1295 1.1453517861520785e-15 0 0 0
d 0 0 -1.1498811308024252e-15 0 0 -1.6388420135131285e-21 1300 1300 1.1461664273500195e-15 0 0 0
d 0 0 -1.1501939022246883e-15 0 0 -1.6530356903089259e-21 1305 1305 1.1469655399813679e-15 0 0 0
d 0 0 -1.1505364630098625e-15 0 0 -1.6671208268561052e-21 1310 1310 1.1477576230469608e-15 0 0 0
d 0 0 -1.150913949227428e-15 0 0 -1.681029606072063e-21 1315 1315 1.1485281337628522e-15 0 0 0
d 0 0 -1.151332493891881e-15 0 0 -1.6947514110288196e-21 1320 1320 1.1493017410397714e-15 0 0 0
d 0 0 -1.1517994322760743e-15 0 0 -1.7082524963160699e-21 1325 1325 1.1500884879365686e-15 0 0 0
d 0 0 -1.1523236000634168e-15 0 0 -1.7200020637682966e-21 1330 1330 1.1426413025255034e-15 0 0 0
d 0 0 -1.1529156968335178e-15 0 0 -1.7333121578855426e-21 1335 1335 1.1446881083499815e-15 0 0 0
d 0 0 -1.1535885290819051e-15 0 0 -1.7462390993255982e-21 1340 1340 1.1466838689223831e-15 0 0 0
d 0 0 -1.1543576879263335e-15 0 0 -1.7587315606637684e-21 1345 1345 1.1486454770426641e-15 0 0 0
d 0 0 -1.1552420654752118e-15 0 0 -1.7707331284468482e-21 1350 1350 1.1506008021069389e-15 0 0 0
d 0 0 -1.1562645280790483e-15 0 0 -1.7821775234870878e-21 1355 1355 1.1525796665639869e-15 0 0 0
d 0 0 -1.1574527062187824e-15 0 0 -1.7929853980245923e-21 1360 1360 1.1546146059172902e-15 0 0 0
d 0 0 -1.1588398834820564e-15 0 0 -1.8030597342998033e-21 1365 1365 1.1567411687337502e-15 0 0 0
d 0 0 -1.1604660856195303e-15 0 0 -1.8122033920712479e-21 1370 1370 1.1590128659247646e-15 0 0 0
d 0 0 -1.1623787452175631e-15 0 0 -1.8203324676985822e-21 1375 1375 1.1614243825026826e-15 0 0 0
d 0 0 -1.1646344523482746e-15 0 0 -1.8272176623019743e-21 1380 1380 1.1640905776456092e-15 0 0 0
d 0 0 -1.1673014627775944e-15 0 0 -1.8325884412566662e-21 1385 1385 1.1670562478354763e-15 0 0 0
d 0 0 -1.1704665209322363e-15 0 0 -1.836172390105921e-21 1390 1390 1.1704022198227061e-15 0 0 0
d 0 0 -1.1742226849696913e-15 0 0 -1.8373486486190583e-21 1395 1395 1.1742079898166016e-15 0 0 0
d 0 0 -1.1786711635788287e-15 0 0 -1.845252443404391e-21 1400 1400 1.1785086178162139e-15 0 0 0
d 0 0 -1.1806721003587145e-15 0 0 -1.8463592814327604e-21 1402 1402 1.1806563017466933e-15 0 0 0
d 0 0 -1.1828119883161435e-15 0 0 -1.8462653175044884e-21 1404 1404 1.1827862483382559e-15 0 0 0
d 0 0 -1.1851002934418575e-15 0 0 -1.8457652876389438e-21 1406 1406 1.1850625877005918e-15 0 0 0
d 0 0 -1.1875469793996982e-15 0 0 -1.8448173014125836e-21 1408 1408 1.1874957775738881e-15 0 0 0
d 0 0 -1.1901626179843221e-15 0 0 -1.8433692919447071e-21 1410 1410 1.1900969167970688e-15 0 0 0
d 0 0 -1.1929584295208246e-15 0 0 -1.8413566870528358e-21 1412 1412 1.1928778587576795e-15 0 0 0
d 0 0 -1.1959463278206541e-15 0 0 -1.8386978212690814e-21 1414 1414 1.1958512674788832e-15 0 0 0
d 0 0 -1.1991389603814318e-15 0 0 -1.8352873793969998e-21 1416 1416 1.1990306576682652e-15 0 0 0
d 0 0 -1.2025497684424746e-15 0 0 -1.8309866925712624e-21 1418 1418 1.2024304304335039e-15 0 0 0
d 0 0 -1.2061930524356227e-15 0 0 -1.8256095382927288e-21 1420 1420 1.2060659187000519e-15 0 0 0
d 0 0 -1.2100840517166741e-15 0 0 -1.8189007379010795e-21 1422 1422 1.2099534186833663e-15 0 0 0
d 0 0 -1.2142390423000586e-15 0 0 -1.8105037185383305e-21 1424 1424 1.2141101976351884e-15 0 0 0
d 0 0 -1.2186754577868304e-15 0 0 -1.7999105193129036e-21 1426 1426 1.2185545109831944e-15 0 0 0
d 0 0 -1.2234097272495908e-15 0 0 -1.8161380524090639e-21 1428 1428 1.2233030726146464e-15 0 0 0
d 0 0 -1.2284664141825372e-15 0 0 -1.808661323190748e-21 1430 1430 1.2283619553361111e-15 0 0 0
d 0 0 -1.233865384547844e-15 0 0 -1.7996464499252835e-21 1432 1432 1.2337659879715332e-15 0 0 0
d 0 0 -1.2396305582289072e-15 0 0 -1.7886066933166941e-21 1434 1434 1.2395397635205583e-15 0 0 0
d 0 0 -1.2457881614354819e-15 0 0 -1.7747769686483393e-21 1436 1436 1.2457097034108759e-15 0 0 0
d 0 0 -1.2523671403861977e-15 0 0 -1.7569712812011128e-21 1438 1438 1.2523043544560886e-15 0 0 0
d 0 0 -1.2593994774844417e-15 0 0 -1.7332834356890932e-21 1440 1440 1.2593548859446761e-15 0 0 0
d 0 0 -1.2669199548102268e-15 0 0 -1.7004383105259847e-21 1442 1442 1.2668945461654573e-15 0 0 0
d 0 0 -1.274967804015849e-15 0 0 -1.6534711895836122e-21 1444 1444 1.2749589309889384e-15 0 0 0
d 0 0 -1.283583996669712e-15 0 0 -1.7206929975607351e-21 1446 1446 1.283572507243241e-15 0 0 0
d 0 0 -1.2928185773148364e-15 0 0 -1.6904809911484515e-21 1448 1448 1.29281269945593e-15 0 0 0
d 0 0 -1.3027195233190462e-15 0 0 -1.645015898130085e-21 1450 1450 1.3027178868617705e-15 0 0 0
d 0 0 -1.3135582042090373e-15 0 0 -1.5488526946662455e-21 1452 1452 1.3135558514462739e-15 0 0 0
d 0 0 -1.3253216776270406e-15 0 0 -1.4112062748900758e-21 1454 1454 1.3253170507873464e-15 0 0 0
d 0 0 -1.3380431456729151e-15 0 0 -1.1494479539546226e-21 1456 1456 1.3380136978979907e-15 0 0 0
d 0 0 -1.3518387490679616e-15 0 0 -1.4710108204856809e-21 1458 1458 1.3518362937732651e-15 0 0 0
d 0 0 -1.3668609209652227e-15 0 0 -1.2395457217827354e-21 1460 1460 1.3668462549249608e-15 0 0 0
d 0 0 -1.3832871701081431e-15 0 0 -7.2550645957681574e-22 1462 1462 1.3832406872465818e-15 0 0 0
d 0 0 -1.401347370443956e-15 0 0 5.198915515334652e-22 1464 1464 1.4012284113967019e-15 0 0 0
d 0 0 -1.4213426075984897e-15 0 0 -5.319461503545783e-22 1466 1466 1.4213111771431511e-15 0 0 0
d 0 0 -1.4436864538241685e-15 0 0 1.3870792244403785e-21 1468 1468 1.4436095918730448e-15 0 0 0
d 0 0 -1.4689582849130658e-15 0 0 7.3377294994247226e-21 1470 1470 1.4687833260780133e-15 0 0 0
d 0 0 -1.4980409533691275e-15 0 0 4.0261003101032347e-21 1472 1472 1.4979814717212281e-15 0 0 0
d 0 0 -1.532415861720388e-15 0 0 1.2827452055680894e-20 1474 1474 1.5322869286124659e-15 0 0 0
d 0 0 -1.5750967306047513e-15 0 0 1.9829099977102698e-20 1476 1476 1.5748465932345811e-15 0 0 0
d 0 0 -1.633178693165873e-15 0 0 5.5548792455142619e-21 1478 1478 1.6330310136293712e-15 0 0 0
d 0 0 -1.6750172979717649e-15 0 0 -1.6282411950600391e-21 1479 1479 1.674939372887444e-15 0 0 0
d 0 0 -1.6884002616985208e-15 0 0 -1.6014027543066753e-21 1479.25 1479.25 1.6882229837739304e-15 0 0 0
d 0 0 -1.9010189430110995e-15 0 0 -2.1739356042001041e-21 1479.5 1479.5 1.9007790315221425e-15 0 0 0
d 0 0 -1.8797527929128856e-15 0 0 -2.118228144287554e-21 1479.75 1479.75 1.8795633975358781e-15 0 0 0
d 0 0 -1.8668113595633598e-15 0 0 -2.0787468345596905e-21 1479.875 1479.875 1.86664474831172e-15 0 0 0
d 0 0 -1.8509016543583609e-15 0 0 -1.9654331410907595e-21 1480 1480 1.8506575593281209e-15 0 0 0
d 0 0 -1.8461262611835633e-15 0 0 -1.9848277554265178e-21 1480.03125 1480.03125 1.8459388269518695e-15 0 0 0
d 0 0 -1.843553884732049e-15 0 0 -1.9409419686493808e-21 1480.046875 1480.046875 1.8433131925684623e-15 0 0 0
d 0 0 -1.8408278784084155e-15 0 0 -1.9235362942881709e-21 1480.0625 1480.0625 1.8405751852551934e-15 0 0 0
d 0 0 -1.8379161610026264e-15 0 0 -1.9360604072789646e-21 1480.078125 1480.078125 1.8376988868345568e-15 0 0 0
d 0 0 -1.8363773971639868e-15 0 0 -1.941843506406116e-21 1480.0859375 1480.0859375 1.836177611515641e-15 0 0 0
d 0 0 -1.8347744471837851e-15 0 0 -1.90513700274835e-21 1480.09375 1480.09375 1.8345257461808907e-15 0 0 0
d 0 0 -1.8339457025763082e-15 0 0 -1.9094007993119871e-21 1480.09765625 1480.09765625 1.8337081573698434e-15 0 0 0
d 0 0 -1.8330972260326977e-15 0 0 -1.9117195950036502e-21 1480.1015625 1480.1015625 1.8328678952466067e-15 0 0 0
d 0 0 -1.8322275242341378e-15 0 0 -1.9104023328948221e-21 1480.10546875 1480.10546875 1.8320007858535716e-15 0 0 0
d 0 0 -1.8313348818855693e-15 0 0 -1.9053286993409962e-21 1480.109375 1480.109375 1.8311049008230304e-15 0 0 0
d 0 0 -1.8304173414311952e-15 0 0 -1.8960578884625471e-21 1480.11328125 1480.11328125 1.8301775600444524e-15 0 0 0
d 0 0 -1.8299485699981974e-15 0 0 -1.8872687782568571e-21 1480.115234375 1480.115234375 1.8296973256973296e-15 0 0 0
d 0 0 -1.8294723928164718e-15 0 0 -1.9046355540929969e-21 1480.1171875 1480.1171875 1.8292512605913188e-15 0 0 0
d 0 0 -1.8289887983609596e-15 0 0 -1.9182880825527789e-21 1480.119140625 1480.119140625 1.8287919713921189e-15 0 0 0
d 0 0 -1.8284978789284453e-15 0 0 -1.8905062844376785e-21 1480.12109375 1480.12109375 1.8282594430648204e-15 0 0 0
d 0 0 -1.8279982767624119e-15 0 0 -1.9024859403869105e-21 1480.123046875 1480.123046875 1.8277815784058541e-15 0 0 0
d 0 0 -1.8274900526778893e-15 0 0 -1.9115964879672814e-21 1480.125 1480.125 1.8272906022896448e-15 0 0 0
Q 2 13 "Source Voltage"
Q 3 13 "Gate Voltage"
Q 4 13 "Drain Voltage"
Q 5 13 "Substrate Voltage"
Q 20 13 "Source Current"
Q 21 13 "Gate Current"
Q 22 13 "Drain Current"
Q 23 13 "Substrate Current"
Q 92 21 Contact
Q 601 13 "Source Int. Voltage"
Q 602 13 "Gate Int. Voltage"
Q 603 13 "Drain Int. Voltage"
Q 604 13 "Substrate Int. Voltage"
EOF 909494048
